Microchip MPLAB XC8 Compiler V1.32 ()

Linker command line:

--edf=C:\Program Files (x86)\Microchip\xc8\v1.32\dat\en_msgs.txt -cs \
  -h+dist/default/production\2.Switch_2Key_Dimmer.X.production.sym \
  --cmf=dist/default/production\2.Switch_2Key_Dimmer.X.production.cmf -z \
  -Q16F1518 -oC:\Users\taianluo\AppData\Local\Temp\s6j4.6 \
  -Mdist/default/production/2.Switch_2Key_Dimmer.X.production.map -E1 \
  -ver=XC8 -ASTACK=021B5h-0231fh -pstack=STACK -ACONST=00h-0FFhx64 \
  -ACODE=00h-07FFhx8 -ASTRCODE=00h-03FFFh -AENTRY=00h-0FFhx64 \
  -ASTRING=00h-0FFhx64 -ACOMMON=070h-07Fh -ABANK0=020h-06Fh \
  -ABANK1=0A0h-0EFh -ABANK2=0120h-016Fh -ABANK3=01A0h-01EFh \
  -ABANK4=0220h-026Fh -ABANK5=02A0h-02EFh -ABANK6=0320h-036Fh \
  -ABANK7=03A0h-03EFh -ABANK8=0420h-046Fh -ABANK9=04A0h-04EFh \
  -ABANK10=0520h-056Fh -ABANK11=05A0h-05EFh -ABANK12=0620h-064Fh \
  -ABIGRAM=02000h-023EFh \
  -ARAM=020h-06Fh,0A0h-0EFh,0120h-016Fh,01A0h-01EFh,0220h-026Fh,02A0h-02EFh,0320h-036Fh,03A0h-03EFh,0420h-046Fh,04A0h-04EFh,0520h-056Fh,05A0h-05EFh,0620h-064Fh \
  -AABS1=020h-07Fh,0A0h-0EFh,0120h-016Fh,01A0h-01EFh,0220h-026Fh,02A0h-02EFh,0320h-036Fh,03A0h-03EFh,0420h-046Fh,04A0h-04EFh,0520h-056Fh,05A0h-05EFh,0620h-064Fh \
  -ASFR0=00h-01Fh -ASFR1=080h-09Fh -ASFR2=0100h-011Fh -ASFR3=0180h-019Fh \
  -ASFR4=0200h-021Fh -ASFR5=0280h-029Fh -ASFR6=0300h-031Fh \
  -ASFR7=0380h-039Fh -ASFR8=0400h-041Fh -ASFR9=0480h-049Fh \
  -ASFR10=0500h-051Fh -ASFR11=0580h-059Fh -ASFR12=0600h-061Fh \
  -ASFR13=0680h-06EFh -ASFR14=0700h-076Fh -ASFR15=0780h-07EFh \
  -ASFR16=0800h-086Fh -ASFR17=0880h-08EFh -ASFR18=0900h-096Fh \
  -ASFR19=0980h-09EFh -ASFR20=0A00h-0A6Fh -ASFR21=0A80h-0AEFh \
  -ASFR22=0B00h-0B6Fh -ASFR23=0B80h-0BEFh -ASFR24=0C00h-0C6Fh \
  -ASFR25=0C80h-0CEFh -ASFR26=0D00h-0D6Fh -ASFR27=0D80h-0DEFh \
  -ASFR28=0E00h-0E6Fh -ASFR29=0E80h-0EEFh -ASFR30=0F00h-0F6Fh \
  -ASFR31=0F80h-0FEFh -preset_vec=00h,intentry=04h,init,end_init \
  -ppowerup=CODE -pcinit=CODE -pfunctab=CODE -ACONFIG=08007h-08008h \
  -pconfig=CONFIG -DCONFIG=2 -AIDLOC=08000h-08003h -pidloc=IDLOC -DIDLOC=2 \
  -DCODE=2 -DSTRCODE=2 -DSTRING=2 -DCONST=2 -DENTRY=2 -k \
  C:\Users\taianluo\AppData\Local\Temp\s6j4.obj \
  dist/default/production\2.Switch_2Key_Dimmer.X.production.obj 

Object code version is 3.11

Machine type is 16F1518



                Name                               Link     Load   Length Selector   Space Scale
C:\Users\taianluo\AppData\Local\Temp\s6j4.obj
                end_init                             16       16        2        8       0
                reset_vec                             0        0        2        0       0
                config                             8007     8007        2    1000E       0
dist/default/production\2.Switch_2Key_Dimmer.X.production.obj
                cinit                                18       18       3C        8       0
                intentry                              4        4       12        8       0
                text141                            1A21     1A21        B     3442       0
                text140                            1A06     1A06        9     340C       0
                text139                            1BEC     1BEC       14     37D8       0
                text138                            1DB9     1DB9       1F     3B72       0
                text137                            1A2C     1A2C        B     3458       0
                text136                            1AED     1AED       10     35DA       0
                text135                            1B90     1B90       12     3720       0
                text134                            1C3D     1C3D       16     387A       0
                text133                              54       54      1CB        8       0
                text132                            1FCD     1FCD       33     3F9A       0
                text130                            196E     196E        3     32DC       0
                text129                            13B5     13B5       4A     276A       0
                text128                            1CC5     1CC5       19     398A       0
                text127                            1AFD     1AFD       10     35FA       0
                text126                            1980     1980        4     3300       0
                text125                            1984     1984        4     3308       0
                text124                             801      801       26     1002       0
                text123                            1A4D     1A4D        C     349A       0
                text122                            1CDE     1CDE       19     39BC       0
                text121                            1DD8     1DD8       1F     3BB0       0
                text120                            1EC0     1EC0       2A     3D80       0
                text119                            1F6C     1F6C       30     3ED8       0
                text118                            1988     1988        4     3310       0
                text117                            1C28     1C28       15     3850       0
                text116                            1C00     1C00       14     3800       0
                text115                            1A37     1A37        B     346E       0
                text114                            19BE     19BE        8     337C       0
                text113                            144B     144B       54     2896       0
                text112                            14F6     14F6       59     29EC       0
                text111                            1BC6     1BC6       13     378C       0
                text110                            1B0D     1B0D       10     361A       0
                text109                            1B1D     1B1D       10     363A       0
                text108                            1C53     1C53       16     38A6       0
                text107                            1AC0     1AC0        F     3580       0
                text106                            15AA     15AA       61     2B54       0
                text105                            1E36     1E36       22     3C6C       0
                text104                             DEC      DEC       A9     1BD8       0
                text103                             C4C      C4C       87     1898       0
                text102                            12E1     12E1       46     25C2       0
                text101                             827      827       6C     104E       0
                text100                            1C14     1C14       14     3828       0
                text99                             1ACF     1ACF        F     359E       0
                text98                              6BA      6BA       B9        8       0
                text97                              B4C      B4C       7A     1698       0
                text96                             19C6     19C6        8     338C       0
                text95                             19B0     19B0        7     3360       0
                text94                             1F3F     1F3F       2D     3E7E       0
                text93                             1C7F     1C7F       17     38FE       0
                text92                             1B5D     1B5D       11     36BA       0
                text91                             19CE     19CE        8     339C       0
                text90                             1D10     1D10       1B     3A20       0
                text89                             1CAD     1CAD       18     395A       0
                text88                             1E58     1E58       22     3CB0       0
                text87                             160B     160B       62     2C16       0
                text86                             1AA4     1AA4        E     3548       0
                text85                             1E7A     1E7A       23     3CF4       0
                text84                              CD3      CD3       8A     19A6       0
                text83                             1DF7     1DF7       1F     3BEE       0
                text82                             1259     1259       44     24B2       0
                text81                              974      974       73     12E8       0
                text80                             1A42     1A42        B     3484       0
                text79                             1066     1066       1A     20CC       0
                text78                             1A0F     1A0F        9     341E       0
                text77                             1F9C     1F9C       31     3F38       0
                text76                              5D2      5D2       E8        8       0
                text75                             1A59     1A59        C     34B2       0
                text74                             16D0     16D0       65     2DA0       0
                text73                             1216     1216       43     242C       0
                text72                             1BA2     1BA2       12     3744       0
                text71                             1A65     1A65        C     34CA       0
                text70                             1327     1327       47     264E       0
                text69                             1A71     1A71        C     34E2       0
                text68                             1D46     1D46       1C     3A8C       0
                text67                             1994     1994        5     3328       0
                text66                             10EB     10EB       37     21D6       0
                text65                             1D9B     1D9B       1E     3B36       0
                text64                             198C     198C        4     3318       0
                text63                             1B2D     1B2D       10     365A       0
                text62                             149F     149F       57     293E       0
                text61                             1F14     1F14       2B     3E28       0
                text60                             166D     166D       63     2CDA       0
                text59                             1AB2     1AB2        E     3564       0
                text58                             1D62     1D62       1C     3AC4       0
                text57                             1122     1122       38     2244       0
                text56                              21F      21F      16E        8       0
                text55                             19B7     19B7        7     336E       0
                text54                             1990     1990        4     3320       0
                text53                             199E     199E        6     333C       0
                text52                             1A7D     1A7D        D     34FA       0
                text51                             1CF7     1CF7       19     39EE       0
                text50                             1A8A     1A8A        D     3514       0
                text49                             1C96     1C96       17     392C       0
                text48                             19D6     19D6        8     33AC       0
                text47                             1971     1971        3     32E2       0
                text46                             1D7E     1D7E       1D     3AFC       0
                text45                             1D2B     1D2B       1B     3A56       0
                text44                              F49      F49       B7     1E92       0
                text43                             129D     129D       44     253A       0
                text42                             1ADE     1ADE        F     35BC       0
                text41                             1B6E     1B6E       11     36DC       0
                text40                              4DC      4DC       F6        8       0
                text39                              E95      E95       B4     1D2A       0
                text38                             154F     154F       5B     2A9E       0
                text37                             1E9D     1E9D       23     3D3A       0
                text36                             1080     1080       35     2100       0
                text35                             1198     1198       3F     2330       0
                text34                             1BB4     1BB4       12     3768       0
                text33                             1EEA     1EEA       2A     3DD4       0
                text32                             179A     179A       66     2F34       0
                text31                              D5D      D5D       8F     1ABA       0
                text30                              773      773       8B        8       0
                text29                             115A     115A       3E     22B4       0
                text28                             136E     136E       47     26DC       0
                text27                              9E7      9E7       76     13CE       0
                text26                             1974     1974        3     32E8       0
                text25                             1999     1999        5     3332       0
                text24                             19DE     19DE        8     33BC       0
                text23                             1A97     1A97        D     352E       0
                text22                             1B3D     1B3D       10     367A       0
                text21                             1B4D     1B4D       10     369A       0
                text20                             13FF     13FF       4C     27FE       0
                text19                              893      893       6F     1126       0
                text18                              902      902       72     1204       0
                text17                             19E6     19E6        8     33CC       0
                text16                              38D      38D      14F        8       0
                text15                             19EE     19EE        8     33DC       0
                text14                             1977     1977        3     32EE       0
                text13                             197A     197A        3     32F4       0
                text12                             19F6     19F6        8     33EC       0
                text11                             11D7     11D7       3F     23AE       0
                text10                              BC6      BC6       86     178C       0
                text9                              197D     197D        3     32FA       0
                text8                              1C69     1C69       16     38D2       0
                text7                               AD3      AD3       79     15A6       0
                text6                              10B5     10B5       36     216A       0
                text5                              1BD9     1BD9       13     37B2       0
                text4                              1A18     1A18        9     3430       0
                text3                              19FE     19FE        8     33FC       0
                text2                               A5D      A5D       76     14BA       0
                text1                              1B7F     1B7F       11     36FE       0
                maintext                           1735     1735       65     2E6A       0
                cstackBANK0                          20       20       4E       20       1
                cstackCOMMON                         70       70        8       70       1
                inittext                           19A4     19A4        6     3348       0
                clrtext                            19AA     19AA        6     3354       0
                bssBANK5                            2A0      2A0       25      2A0       1
                dataBANK4                           220      220       20      220       1
                bssBANK4                            240      240       14      220       1
                bssBANK3                            1A0      1A0       42      1A0       1
                bssBANK2                            120      120       4E      120       1
                bssBANK1                             A0       A0       4E       A0       1
                bssBANK0                             6F       6F        1       20       1
                bssCOMMON                            78       78        3       70       1
                bitbssCOMMON                        3E8       7D        2       70       1     8
                nvBANK1                              EE       EE        1       A0       1
                nvBANK0                              6E       6E        1       20       1
                nvCOMMON                             7B       7B        2       70       1
                stringtext                         1000     1000       66       20       0
                idataBANK4                         1E16     1E16       20     3C2C       0

TOTAL           Name                               Link     Load   Length     Space
        CLASS   STACK          

        CLASS   CONST          

        CLASS   CODE           
                end_init                             16       16        2         0
                cinit                                18       18       3C         0
                intentry                              4        4       12         0
                reset_vec                             0        0        2         0
                text141                            1A21     1A21        B         0
                text140                            1A06     1A06        9         0
                text139                            1BEC     1BEC       14         0
                text138                            1DB9     1DB9       1F         0
                text137                            1A2C     1A2C        B         0
                text136                            1AED     1AED       10         0
                text135                            1B90     1B90       12         0
                text134                            1C3D     1C3D       16         0
                text133                              54       54      1CB         0
                text132                            1FCD     1FCD       33         0
                text130                            196E     196E        3         0
                text129                            13B5     13B5       4A         0
                text128                            1CC5     1CC5       19         0
                text127                            1AFD     1AFD       10         0
                text126                            1980     1980        4         0
                text125                            1984     1984        4         0
                text124                             801      801       26         0
                text123                            1A4D     1A4D        C         0
                text122                            1CDE     1CDE       19         0
                text121                            1DD8     1DD8       1F         0
                text120                            1EC0     1EC0       2A         0
                text119                            1F6C     1F6C       30         0
                text118                            1988     1988        4         0
                text117                            1C28     1C28       15         0
                text116                            1C00     1C00       14         0
                text115                            1A37     1A37        B         0
                text114                            19BE     19BE        8         0
                text113                            144B     144B       54         0
                text112                            14F6     14F6       59         0
                text111                            1BC6     1BC6       13         0
                text110                            1B0D     1B0D       10         0
                text109                            1B1D     1B1D       10         0
                text108                            1C53     1C53       16         0
                text107                            1AC0     1AC0        F         0
                text106                            15AA     15AA       61         0
                text105                            1E36     1E36       22         0
                text104                             DEC      DEC       A9         0
                text103                             C4C      C4C       87         0
                text102                            12E1     12E1       46         0
                text101                             827      827       6C         0
                text100                            1C14     1C14       14         0
                text99                             1ACF     1ACF        F         0
                text98                              6BA      6BA       B9         0
                text97                              B4C      B4C       7A         0
                text96                             19C6     19C6        8         0
                text95                             19B0     19B0        7         0
                text94                             1F3F     1F3F       2D         0
                text93                             1C7F     1C7F       17         0
                text92                             1B5D     1B5D       11         0
                text91                             19CE     19CE        8         0
                text90                             1D10     1D10       1B         0
                text89                             1CAD     1CAD       18         0
                text88                             1E58     1E58       22         0
                text87                             160B     160B       62         0
                text86                             1AA4     1AA4        E         0
                text85                             1E7A     1E7A       23         0
                text84                              CD3      CD3       8A         0
                text83                             1DF7     1DF7       1F         0
                text82                             1259     1259       44         0
                text81                              974      974       73         0
                text80                             1A42     1A42        B         0
                text79                             1066     1066       1A         0
                text78                             1A0F     1A0F        9         0
                text77                             1F9C     1F9C       31         0
                text76                              5D2      5D2       E8         0
                text75                             1A59     1A59        C         0
                text74                             16D0     16D0       65         0
                text73                             1216     1216       43         0
                text72                             1BA2     1BA2       12         0
                text71                             1A65     1A65        C         0
                text70                             1327     1327       47         0
                text69                             1A71     1A71        C         0
                text68                             1D46     1D46       1C         0
                text67                             1994     1994        5         0
                text66                             10EB     10EB       37         0
                text65                             1D9B     1D9B       1E         0
                text64                             198C     198C        4         0
                text63                             1B2D     1B2D       10         0
                text62                             149F     149F       57         0
                text61                             1F14     1F14       2B         0
                text60                             166D     166D       63         0
                text59                             1AB2     1AB2        E         0
                text58                             1D62     1D62       1C         0
                text57                             1122     1122       38         0
                text56                              21F      21F      16E         0
                text55                             19B7     19B7        7         0
                text54                             1990     1990        4         0
                text53                             199E     199E        6         0
                text52                             1A7D     1A7D        D         0
                text51                             1CF7     1CF7       19         0
                text50                             1A8A     1A8A        D         0
                text49                             1C96     1C96       17         0
                text48                             19D6     19D6        8         0
                text47                             1971     1971        3         0
                text46                             1D7E     1D7E       1D         0
                text45                             1D2B     1D2B       1B         0
                text44                              F49      F49       B7         0
                text43                             129D     129D       44         0
                text42                             1ADE     1ADE        F         0
                text41                             1B6E     1B6E       11         0
                text40                              4DC      4DC       F6         0
                text39                              E95      E95       B4         0
                text38                             154F     154F       5B         0
                text37                             1E9D     1E9D       23         0
                text36                             1080     1080       35         0
                text35                             1198     1198       3F         0
                text34                             1BB4     1BB4       12         0
                text33                             1EEA     1EEA       2A         0
                text32                             179A     179A       66         0
                text31                              D5D      D5D       8F         0
                text30                              773      773       8B         0
                text29                             115A     115A       3E         0
                text28                             136E     136E       47         0
                text27                              9E7      9E7       76         0
                text26                             1974     1974        3         0
                text25                             1999     1999        5         0
                text24                             19DE     19DE        8         0
                text23                             1A97     1A97        D         0
                text22                             1B3D     1B3D       10         0
                text21                             1B4D     1B4D       10         0
                text20                             13FF     13FF       4C         0
                text19                              893      893       6F         0
                text18                              902      902       72         0
                text17                             19E6     19E6        8         0
                text16                              38D      38D      14F         0
                text15                             19EE     19EE        8         0
                text14                             1977     1977        3         0
                text13                             197A     197A        3         0
                text12                             19F6     19F6        8         0
                text11                             11D7     11D7       3F         0
                text10                              BC6      BC6       86         0
                text9                              197D     197D        3         0
                text8                              1C69     1C69       16         0
                text7                               AD3      AD3       79         0
                text6                              10B5     10B5       36         0
                text5                              1BD9     1BD9       13         0
                text4                              1A18     1A18        9         0
                text3                              19FE     19FE        8         0
                text2                               A5D      A5D       76         0
                text1                              1B7F     1B7F       11         0
                maintext                           1735     1735       65         0
                inittext                           19A4     19A4        6         0
                clrtext                            19AA     19AA        6         0
                idataBANK4                         1E16     1E16       20         0

        CLASS   STRCODE        
                stringtext                         1000     1000       66         0

        CLASS   ENTRY          

        CLASS   STRING         

        CLASS   COMMON         
                cstackCOMMON                         70       70        8         1
                bssCOMMON                            78       78        3         1
                bitbssCOMMON                        3E8       7D        2         1
                nvCOMMON                             7B       7B        2         1

        CLASS   BANK0          
                cstackBANK0                          20       20       4E         1
                bssBANK0                             6F       6F        1         1
                nvBANK0                              6E       6E        1         1

        CLASS   BANK1          
                bssBANK1                             A0       A0       4E         1
                nvBANK1                              EE       EE        1         1

        CLASS   BANK2          
                bssBANK2                            120      120       4E         1

        CLASS   BANK3          
                bssBANK3                            1A0      1A0       42         1

        CLASS   BANK4          
                dataBANK4                           220      220       20         1
                bssBANK4                            240      240       14         1

        CLASS   BANK5          
                bssBANK5                            2A0      2A0       25         1

        CLASS   BANK6          

        CLASS   BANK7          

        CLASS   BANK8          

        CLASS   BANK9          

        CLASS   BANK10         

        CLASS   BANK11         

        CLASS   BANK12         

        CLASS   BIGRAM         

        CLASS   RAM            

        CLASS   ABS1           
                abs_s1                               7E       7E        2         1

        CLASS   SFR0           

        CLASS   SFR1           

        CLASS   SFR2           

        CLASS   SFR3           

        CLASS   SFR4           

        CLASS   SFR5           

        CLASS   SFR6           

        CLASS   SFR7           

        CLASS   SFR8           

        CLASS   SFR9           

        CLASS   SFR10          

        CLASS   SFR11          

        CLASS   SFR12          

        CLASS   SFR13          

        CLASS   SFR14          

        CLASS   SFR15          

        CLASS   SFR16          

        CLASS   SFR17          

        CLASS   SFR18          

        CLASS   SFR19          

        CLASS   SFR20          

        CLASS   SFR21          

        CLASS   SFR22          

        CLASS   SFR23          

        CLASS   SFR24          

        CLASS   SFR25          

        CLASS   SFR26          

        CLASS   SFR27          

        CLASS   SFR28          

        CLASS   SFR29          

        CLASS   SFR30          

        CLASS   SFR31          

        CLASS   CONFIG         
                config                             8007     8007        2         0

        CLASS   IDLOC          

        CLASS   BANK31         

        CLASS   BANK30         

        CLASS   BANK29         

        CLASS   BANK28         

        CLASS   BANK27         

        CLASS   BANK26         

        CLASS   BANK25         

        CLASS   BANK24         

        CLASS   BANK23         

        CLASS   BANK22         

        CLASS   BANK21         

        CLASS   BANK20         

        CLASS   BANK19         

        CLASS   BANK18         

        CLASS   BANK17         

        CLASS   BANK16         

        CLASS   BANK15         

        CLASS   BANK14         

        CLASS   BANK13         

        CLASS   EEDATA         



SEGMENTS        Name                           Load    Length   Top    Selector   Space  Class     Delta

                reset_vec                      000000  000002  000002         0       0  CODE        2
                intentry                       000004  0007FA  0007FE         8       0  CODE        2
                cstackBANK0                    000020  000050  000070        20       1  BANK0       1
                cstackCOMMON                   000070  00000E  00007E        70       1  COMMON      1
                bssBANK1                       0000A0  00004F  0000EF        A0       1  BANK1       1
                bssBANK2                       000120  00004E  00016E       120       1  BANK2       1
                bssBANK3                       0001A0  000042  0001E2       1A0       1  BANK3       1
                dataBANK4                      000220  000034  000254       220       1  BANK4       1
                bssBANK5                       0002A0  000025  0002C5       2A0       1  BANK5       1
                text124                        000801  000026  000827      1002       0  CODE        2
                text101                        000827  00006C  000893      104E       0  CODE        2
                text19                         000893  00006F  000902      1126       0  CODE        2
                text18                         000902  000072  000974      1204       0  CODE        2
                text81                         000974  000073  0009E7      12E8       0  CODE        2
                text27                         0009E7  000076  000A5D      13CE       0  CODE        2
                text2                          000A5D  000076  000AD3      14BA       0  CODE        2
                text7                          000AD3  000079  000B4C      15A6       0  CODE        2
                text97                         000B4C  00007A  000BC6      1698       0  CODE        2
                text10                         000BC6  000086  000C4C      178C       0  CODE        2
                text103                        000C4C  000087  000CD3      1898       0  CODE        2
                text84                         000CD3  00008A  000D5D      19A6       0  CODE        2
                text31                         000D5D  00008F  000DEC      1ABA       0  CODE        2
                text104                        000DEC  0000A9  000E95      1BD8       0  CODE        2
                text39                         000E95  0000B4  000F49      1D2A       0  CODE        2
                text44                         000F49  0000B7  001000      1E92       0  CODE        2
                stringtext                     001000  000066  001066        20       0  STRCODE     2
                text79                         001066  00001A  001080      20CC       0  CODE        2
                text36                         001080  000035  0010B5      2100       0  CODE        2
                text6                          0010B5  000036  0010EB      216A       0  CODE        2
                text66                         0010EB  000037  001122      21D6       0  CODE        2
                text57                         001122  000038  00115A      2244       0  CODE        2
                text29                         00115A  00003E  001198      22B4       0  CODE        2
                text35                         001198  00003F  0011D7      2330       0  CODE        2
                text11                         0011D7  00003F  001216      23AE       0  CODE        2
                text73                         001216  000043  001259      242C       0  CODE        2
                text82                         001259  000044  00129D      24B2       0  CODE        2
                text43                         00129D  000044  0012E1      253A       0  CODE        2
                text102                        0012E1  000046  001327      25C2       0  CODE        2
                text70                         001327  000047  00136E      264E       0  CODE        2
                text28                         00136E  000047  0013B5      26DC       0  CODE        2
                text129                        0013B5  00004A  0013FF      276A       0  CODE        2
                text20                         0013FF  00004C  00144B      27FE       0  CODE        2
                text113                        00144B  000054  00149F      2896       0  CODE        2
                text62                         00149F  000057  0014F6      293E       0  CODE        2
                text112                        0014F6  000059  00154F      29EC       0  CODE        2
                text38                         00154F  00005B  0015AA      2A9E       0  CODE        2
                text106                        0015AA  000061  00160B      2B54       0  CODE        2
                text87                         00160B  000062  00166D      2C16       0  CODE        2
                text60                         00166D  000063  0016D0      2CDA       0  CODE        2
                text74                         0016D0  000065  001735      2DA0       0  CODE        2
                maintext                       001735  000065  00179A      2E6A       0  CODE        2
                text32                         00179A  000066  001800      2F34       0  CODE        2
                text130                        00196E  000003  001971      32DC       0  CODE        2
                text47                         001971  000003  001974      32E2       0  CODE        2
                text26                         001974  000003  001977      32E8       0  CODE        2
                text14                         001977  000003  00197A      32EE       0  CODE        2
                text13                         00197A  000003  00197D      32F4       0  CODE        2
                text9                          00197D  000003  001980      32FA       0  CODE        2
                text126                        001980  000004  001984      3300       0  CODE        2
                text125                        001984  000004  001988      3308       0  CODE        2
                text118                        001988  000004  00198C      3310       0  CODE        2
                text64                         00198C  000004  001990      3318       0  CODE        2
                text54                         001990  000004  001994      3320       0  CODE        2
                text67                         001994  000005  001999      3328       0  CODE        2
                text25                         001999  000005  00199E      3332       0  CODE        2
                text53                         00199E  000006  0019A4      333C       0  CODE        2
                inittext                       0019A4  000006  0019AA      3348       0  CODE        2
                clrtext                        0019AA  000006  0019B0      3354       0  CODE        2
                text95                         0019B0  000007  0019B7      3360       0  CODE        2
                text55                         0019B7  000007  0019BE      336E       0  CODE        2
                text114                        0019BE  000008  0019C6      337C       0  CODE        2
                text96                         0019C6  000008  0019CE      338C       0  CODE        2
                text91                         0019CE  000008  0019D6      339C       0  CODE        2
                text48                         0019D6  000008  0019DE      33AC       0  CODE        2
                text24                         0019DE  000008  0019E6      33BC       0  CODE        2
                text17                         0019E6  000008  0019EE      33CC       0  CODE        2
                text15                         0019EE  000008  0019F6      33DC       0  CODE        2
                text12                         0019F6  000008  0019FE      33EC       0  CODE        2
                text3                          0019FE  000008  001A06      33FC       0  CODE        2
                text140                        001A06  000009  001A0F      340C       0  CODE        2
                text78                         001A0F  000009  001A18      341E       0  CODE        2
                text4                          001A18  000009  001A21      3430       0  CODE        2
                text141                        001A21  00000B  001A2C      3442       0  CODE        2
                text137                        001A2C  00000B  001A37      3458       0  CODE        2
                text115                        001A37  00000B  001A42      346E       0  CODE        2
                text80                         001A42  00000B  001A4D      3484       0  CODE        2
                text123                        001A4D  00000C  001A59      349A       0  CODE        2
                text75                         001A59  00000C  001A65      34B2       0  CODE        2
                text71                         001A65  00000C  001A71      34CA       0  CODE        2
                text69                         001A71  00000C  001A7D      34E2       0  CODE        2
                text52                         001A7D  00000D  001A8A      34FA       0  CODE        2
                text50                         001A8A  00000D  001A97      3514       0  CODE        2
                text23                         001A97  00000D  001AA4      352E       0  CODE        2
                text86                         001AA4  00000E  001AB2      3548       0  CODE        2
                text59                         001AB2  00000E  001AC0      3564       0  CODE        2
                text107                        001AC0  00000F  001ACF      3580       0  CODE        2
                text99                         001ACF  00000F  001ADE      359E       0  CODE        2
                text42                         001ADE  00000F  001AED      35BC       0  CODE        2
                text136                        001AED  000010  001AFD      35DA       0  CODE        2
                text127                        001AFD  000010  001B0D      35FA       0  CODE        2
                text110                        001B0D  000010  001B1D      361A       0  CODE        2
                text109                        001B1D  000010  001B2D      363A       0  CODE        2
                text63                         001B2D  000010  001B3D      365A       0  CODE        2
                text22                         001B3D  000010  001B4D      367A       0  CODE        2
                text21                         001B4D  000010  001B5D      369A       0  CODE        2
                text92                         001B5D  000011  001B6E      36BA       0  CODE        2
                text41                         001B6E  000011  001B7F      36DC       0  CODE        2
                text1                          001B7F  000011  001B90      36FE       0  CODE        2
                text135                        001B90  000012  001BA2      3720       0  CODE        2
                text72                         001BA2  000012  001BB4      3744       0  CODE        2
                text34                         001BB4  000012  001BC6      3768       0  CODE        2
                text111                        001BC6  000013  001BD9      378C       0  CODE        2
                text5                          001BD9  000013  001BEC      37B2       0  CODE        2
                text139                        001BEC  000014  001C00      37D8       0  CODE        2
                text116                        001C00  000014  001C14      3800       0  CODE        2
                text100                        001C14  000014  001C28      3828       0  CODE        2
                text117                        001C28  000015  001C3D      3850       0  CODE        2
                text134                        001C3D  000016  001C53      387A       0  CODE        2
                text108                        001C53  000016  001C69      38A6       0  CODE        2
                text8                          001C69  000016  001C7F      38D2       0  CODE        2
                text93                         001C7F  000017  001C96      38FE       0  CODE        2
                text49                         001C96  000017  001CAD      392C       0  CODE        2
                text89                         001CAD  000018  001CC5      395A       0  CODE        2
                text128                        001CC5  000019  001CDE      398A       0  CODE        2
                text122                        001CDE  000019  001CF7      39BC       0  CODE        2
                text51                         001CF7  000019  001D10      39EE       0  CODE        2
                text90                         001D10  00001B  001D2B      3A20       0  CODE        2
                text45                         001D2B  00001B  001D46      3A56       0  CODE        2
                text68                         001D46  00001C  001D62      3A8C       0  CODE        2
                text58                         001D62  00001C  001D7E      3AC4       0  CODE        2
                text46                         001D7E  00001D  001D9B      3AFC       0  CODE        2
                text65                         001D9B  00001E  001DB9      3B36       0  CODE        2
                text138                        001DB9  00001F  001DD8      3B72       0  CODE        2
                text121                        001DD8  00001F  001DF7      3BB0       0  CODE        2
                text83                         001DF7  00001F  001E16      3BEE       0  CODE        2
                idataBANK4                     001E16  000020  001E36      3C2C       0  CODE        2
                text105                        001E36  000022  001E58      3C6C       0  CODE        2
                text88                         001E58  000022  001E7A      3CB0       0  CODE        2
                text85                         001E7A  000023  001E9D      3CF4       0  CODE        2
                text37                         001E9D  000023  001EC0      3D3A       0  CODE        2
                text120                        001EC0  00002A  001EEA      3D80       0  CODE        2
                text33                         001EEA  00002A  001F14      3DD4       0  CODE        2
                text61                         001F14  00002B  001F3F      3E28       0  CODE        2
                text94                         001F3F  00002D  001F6C      3E7E       0  CODE        2
                text119                        001F6C  000030  001F9C      3ED8       0  CODE        2
                text77                         001F9C  000031  001FCD      3F38       0  CODE        2
                text132                        001FCD  000033  002000      3F9A       0  CODE        2
                config                         008007  000002  008009     1000E       0  CONFIG      2


UNUSED ADDRESS RANGES

        Name                Unused          Largest block    Delta
        BANK1            000EF-000EF               1           1
        BANK10           00520-0056F              50           1
        BANK11           005A0-005EF              50           1
        BANK12           00620-0064F              30           1
        BANK2            0016E-0016F               2           1
        BANK3            001E2-001EF               E           1
        BANK4            00254-0026F              1C           1
        BANK5            002C5-002EF              2B           1
        BANK6            00320-0036F              50           1
        BANK7            003A0-003EF              50           1
        BANK8            00420-0046F              50           1
        BANK9            004A0-004EF              50           1
        BIGRAM           02000-023EF             3F0           1
        CODE             00002-00003               2           2
                         007FE-00800               2
                         01800-0196D             16E
                         02000-03FFF             800
        CONST            00002-00003               2           2
                         007FE-00800               2
                         01800-0196D             100
                         02000-03FFF             100
        ENTRY            00002-00003               2           2
                         007FE-00800               2
                         01800-0196D             100
                         02000-03FFF             100
        IDLOC            08000-08003               4           2
        RAM              000EF-000EF               1           1
                         0016E-0016F               2
                         001E2-001EF               E
                         00254-0026F              1C
                         002C5-002EF              2B
                         00320-0036F              50
                         003A0-003EF              50
                         00420-0046F              50
                         004A0-004EF              50
                         00520-0056F              50
                         005A0-005EF              50
                         00620-0064F              30
        SFR0             00000-0001F              20           1
        SFR1             00080-0009F              20           1
        SFR10            00500-0051F              20           1
        SFR11            00580-0059F              20           1
        SFR12            00600-0061F              20           1
        SFR13            00680-006EF              70           1
        SFR14            00700-0076F              70           1
        SFR15            00780-007EF              70           1
        SFR16            00800-0086F              70           1
        SFR17            00880-008EF              70           1
        SFR18            00900-0096F              70           1
        SFR19            00980-009EF              70           1
        SFR2             00100-0011F              20           1
        SFR20            00A00-00A6F              70           1
        SFR21            00A80-00AEF              70           1
        SFR22            00B00-00B6F              70           1
        SFR23            00B80-00BEF              70           1
        SFR24            00C00-00C6F              70           1
        SFR25            00C80-00CEF              70           1
        SFR26            00D00-00D6F              70           1
        SFR27            00D80-00DEF              70           1
        SFR28            00E00-00E6F              70           1
        SFR29            00E80-00EEF              70           1
        SFR3             00180-0019F              20           1
        SFR30            00F00-00F6F              70           1
        SFR31            00F80-00FEF              70           1
        SFR4             00200-0021F              20           1
        SFR5             00280-0029F              20           1
        SFR6             00300-0031F              20           1
        SFR7             00380-0039F              20           1
        SFR8             00400-0041F              20           1
        SFR9             00480-0049F              20           1
        STACK            021B5-0231F             16B           1
        STRCODE          00002-00003               2           2
                         007FE-00800               3
                         01800-0196D             16E
                         02000-03FFF            2000
        STRING           00002-00003               2           2
                         007FE-00800               2
                         01800-0196D             100
                         02000-03FFF             100

                                  Symbol Table

?___awdiv                                cstackBANK0  00020
?___awtoft                               cstackBANK0  00028
?___ftadd                                cstackBANK0  0003E
?___ftdiv                                cstackBANK0  0002E
?___ftmul                                cstackBANK0  0002E
?___ftpack                               cstackBANK0  00020
?___fttol                                cstackBANK0  0004B
?___lwdiv                                cstackBANK0  00020
?___wmul                                 cstackBANK0  00020
?_getAD                                  cstackBANK0  00020
?_getBuz_GO                              cstackBANK0  00020
CC2500_InitPATable@loop_d                cstackBANK0  00027
CC2500_InitPATable@temp                  cstackBANK0  00026
CC2500_InitSetREG@loop_c                 cstackBANK0  00028
CC2500_InitSetREG@temp1                  cstackBANK0  00026
CC2500_InitSetREG@temp2                  cstackBANK0  00027
CC2500_ReadByte@loop_b                   cstackBANK0  00021
CC2500_ReadStatus@status_addr            cstackBANK0  00023
CC2500_RxData@loop_f                     cstackBANK0  0002F
CC2500_TxData@loop_e                     cstackBANK0  00025
CC2500_WriteByte@loop_a                  cstackBANK0  00021
CC2500_WriteCommand@command              cstackBANK0  00023
CC2500_WriteREG@value                    cstackBANK0  00022
CC2500_WriteREG@w_addr                   cstackBANK0  00024
DelayOffPointSelect@sw                   cstackBANK0  00021
DelayTime_1us@count                      cstackBANK0  00020
DelayTime_1us@i                          cstackBANK0  00022
DelayTime_1us@j                          cstackBANK0  00024
DelayTimejudge@i                         cstackBANK0  00026
DelayTimejudge@j                         cstackBANK0  00027
DelayTimejudge@k                         cstackBANK0  00028
DelayTimejudge@value                     cstackBANK0  00029
DimmerIntrIOCPointSelect@lights          cstackCOMMON 00071
DimmerIntrPointSelect@lights             cstackCOMMON 00071
DimmerLightsPointSelect@lights           cstackBANK0  00021
DimmerLights_Exceptions@status           cstackBANK0  0002D
DlyOff_Initialization@sw                 cstackBANK0  00022
DlyOff_Main@sw                           cstackBANK0  00064
Flash_Memory_Initialization@i            cstackBANK0  0005E
Flash_Memory_Modify@i                    cstackBANK0  00026
Flash_Memory_Read@address                cstackBANK0  00022
Flash_Memory_Read@i                      cstackBANK0  00021
Flash_Memory_Read@ret                    cstackBANK0  00023
Flash_Memory_Write@i                     cstackBANK0  00021
LedPointSelect@led                       cstackBANK0  00020
Load_Main@i                              cstackBANK0  00033
RfSWPointSelect@sw                       cstackBANK0  00021
SwPointSelect@sw                         cstackBANK0  00021
Sw_DimmerAdjFunc@Idle                    cstackBANK0  00024
Sw_DimmerAdjFunc@sw                      cstackBANK0  00025
Sw_DimmerOffFunc@sw                      cstackBANK0  00064
Sw_DimmerOnFunc@Idle                     cstackBANK0  00062
Sw_DimmerOnFunc@sw                       cstackBANK0  00063
_ADCON0                                  (abs)        0009D
_ADCON1                                  (abs)        0009E
_ADC_Set                                 text55       019B7
_ADRESH                                  (abs)        0009C
_ADRESL                                  (abs)        0009B
_ANSELA                                  (abs)        0018C
_ANSELB                                  (abs)        0018D
_ANSELC                                  (abs)        0018E
_Buz1                                    bssBANK1     000B5
_Buzzer_Initialization                   text130      0196E
_Buzzer_Main                             text129      013B5
_CC2500_ClearRXFIFO                      text126      01980
_CC2500_ClearTXFIFO                      text125      01984
_CC2500_FrequencyCabr                    text123      01A4D
_CC2500_InitPATable                      text121      01DD8
_CC2500_InitSetREG                       text120      01EC0
_CC2500_PowerOnInitial                   text117      01C28
_CC2500_PowerRST                         text119      01F6C
_CC2500_ReadByte                         text46       01D7E
_CC2500_ReadStatus                       text45       01D2B
_CC2500_RxData                           text44       00F49
_CC2500_SIDLEMode                        text118      01988
_CC2500_TxData                           text43       0129D
_CC2500_WriteByte                        text128      01CC5
_CC2500_WriteCommand                     text127      01AFD
_CC2500_WriteREG                         text122      01CDE
_CC2500_patable_vaule                    stringtext   0105E
_CC2500_registers_address                stringtext   01000
_CC2500_rfSettings                       stringtext   0102F
_CFGS                                    (abs)        00CAE
_CRC                                     bssBANK1     000CA
_DelayOff                                bssCOMMON    00078
_DelayOffPointSelect                     text116      01C00
_DelayOff_Initialization                 text114      019BE
_DelayOff_Main                           text96       019C6
_DelayTime_1us                           text124      00801
_DelayTimejudge                          text33       01EEA
_Dimmer                                  bssBANK1     000CB
_Dimmer1                                 bssBANK1     000E9
_DimmerIntrIOCPointSelect                text139      01BEC
_DimmerIntrPointSelect                   text135      01B90
_DimmerLights                            bssCOMMON    00079
_DimmerLights1                           bssBANK3     001A0
_DimmerLights11                          bssBANK1     000CC
_DimmerLights2                           bssBANK3     001AF
_DimmerLights22                          bssBANK1     000CD
_DimmerLightsIntr                        bssCOMMON    0007A
_DimmerLightsIntrIOC                     bssBANK1     000CE
_DimmerLightsPointSelect                 text111      01BC6
_DimmerLights_Close                      text89       01CAD
_DimmerLights_Exceptions                 text60       0166D
_DimmerLights_Initialization             text93       01C7F
_DimmerLights_Main                       text80       01A42
_Dimmer_Initialization                   text95       019B0
_DlyOff_Initialization                   text115      01A37
_DlyOff_Main                             text97       00B4C
_DlySw1                                  bssBANK3     001D8
_DlySw2                                  bssBANK3     001DD
_FREE                                    (abs)        00CAC
_FVRCON                                  (abs)        00117
_Flash_Memory_Erasing                    text75       01A59
_Flash_Memory_Initialization             text76       005D2
_Flash_Memory_Main                       text73       01216
_Flash_Memory_Modify                     text74       016D0
_Flash_Memory_Read                       text79       01066
_Flash_Memory_Unlock                     text78       01A0F
_Flash_Memory_Write                      text77       01F9C
_Fosc_Set                                text54       01990
_GIE                                     (abs)        0005F
_GO_nDONE                                (abs)        004E9
_INTE                                    (abs)        0005C
_INTF                                    (abs)        00059
_INT_ISR                                 text140      01A06
_INT_Set                                 text53       0199E
_IOCBF                                   (abs)        00396
_IOCBF2                                  (abs)        01CB2
_IOCBN                                   (abs)        00395
_IOCBP                                   (abs)        00394
_IOCIE                                   (abs)        0005B
_IOCIF                                   (abs)        00058
_IOC_ISR                                 text136      01AED
_IOC_Set                                 text52       01A7D
_IO_Set                                  text51       01CF7
_ISR                                     intentry     00004
_LATA                                    (abs)        0010C
_LATB                                    (abs)        0010D
_LATC                                    (abs)        0010E
_LED                                     bssBANK1     000C6
_LED_Initialization                      text71       01A65
_LED_Main                                text69       01A71
_LWLO                                    (abs)        00CAD
_LedPointSelect                          text88       01E58
_Load1                                   bssBANK2     00120
_Load_Initialization                     text67       01994
_Load_Main                               text56       0021F
_Mcu_Initialization                      text49       01C96
_Memory                                  nvCOMMON     0007C
_OPTION_REG                              (abs)        00095
_OSCCON                                  (abs)        00099
_PEIE                                    (abs)        0005E
_PMADRH                                  (abs)        00192
_PMADRL                                  (abs)        00191
_PMCON2                                  (abs)        00196
_PMDATH                                  (abs)        00194
_PMDATL                                  (abs)        00193
_PORTA                                   (abs)        0000C
_PORTB                                   (abs)        0000D
_PORTC                                   (abs)        0000E
_RA0                                     (abs)        00060
_RA3                                     (abs)        00063
_RA4                                     (abs)        00064
_RA6                                     (abs)        00066
_RA7                                     (abs)        00067
_RB0                                     (abs)        00068
_RB1                                     (abs)        00069
_RB3                                     (abs)        0006B
_RB4                                     (abs)        0006C
_RB5                                     (abs)        0006D
_RC0                                     (abs)        00070
_RC1                                     (abs)        00071
_RC2                                     (abs)        00072
_RC4                                     (abs)        00074
_RC5                                     (abs)        00075
_RC7                                     (abs)        00077
_RD                                      (abs)        00CA8
_RF1                                     bssBANK1     000C1
_RFSW                                    bssBANK1     000CF
_RFSW1                                   bssBANK1     000EC
_RFSW2                                   bssBANK1     000ED
_RF_Count                                bssBANK1     000C8
_RF_Data                                 bssBANK1     000A0
_RF_Initialization                       text47       01971
_RF_Main                                 text26       01974
_RF_RxDisable                            text42       01ADE
_RSSI                                    bssBANK1     000D0
_Receive_OK                              bitbssCOMMON 003E8
_RfSWPointSelect                         text108      01C53
_Rx_Length                               bssBANK1     000D1
_SPI0Buffer                              bssBANK1     000D2
_Sw                                      bssBANK0     0006F
_Sw1                                     bssBANK3     001BE
_Sw2                                     bssBANK3     001C7
_SwPointSelect                           text100      01C14
_Sw_DimmerAdjFunc                        text20       013FF
_Sw_DimmerOffFunc                        text19       00893
_Sw_DimmerOnFunc                         text18       00902
_Switch_Initialization                   text23       01A97
_Switch_Main                             text15       019EE
_TMR0                                    (abs)        00015
_TMR0IE                                  (abs)        0005D
_TMR0IF                                  (abs)        0005A
_TMR0_ISR                                text132      01FCD
_TMR0_Set                                text50       01A8A
_TRISA                                   (abs)        0008C
_TRISB                                   (abs)        0008D
_TRISC                                   (abs)        0008E
_Temp1                                   bssBANK1     000D7
_Temp_Initialization                     text13       0197A
_Temp_Main                               text9        0197D
_Timer0                                  nvBANK1      000EE
_TouchPower                              text25       01999
_Transceive_OK                           bitbssCOMMON 003E9
_Tx_Length                               bssBANK1     000D3
_VarErrLED                               bssBANK1     000E5
_VarLED1                                 bssBANK2     00166
_VarLED2                                 bssBANK2     0016A
_VarMemory                               bssBANK5     002A0
_VarTimer0                               bssBANK3     001D0
_WPUB0                                   (abs)        01068
_WPUB1                                   (abs)        01069
_WPUB2                                   (abs)        0106A
_WR                                      (abs)        00CA9
_WREN                                    (abs)        00CAA
__CFG_BOREN$OFF                          (abs)        00000
__CFG_FOSC$INTOSC                        (abs)        00000
__CFG_VCAPEN$OFF                         (abs)        00000
__CFG_WDTE$OFF                           (abs)        00000
__CFG_WRT$HALF                           (abs)        00000
__Habs1                                  abs1         00000
__Hbank0                                 bank0        00000
__Hbank1                                 bank1        00000
__Hbank10                                bank10       00000
__Hbank11                                bank11       00000
__Hbank12                                bank12       00000
__Hbank13                                bank13       00000
__Hbank14                                bank14       00000
__Hbank15                                bank15       00000
__Hbank16                                bank16       00000
__Hbank17                                bank17       00000
__Hbank18                                bank18       00000
__Hbank19                                bank19       00000
__Hbank2                                 bank2        00000
__Hbank20                                bank20       00000
__Hbank21                                bank21       00000
__Hbank22                                bank22       00000
__Hbank23                                bank23       00000
__Hbank24                                bank24       00000
__Hbank25                                bank25       00000
__Hbank26                                bank26       00000
__Hbank27                                bank27       00000
__Hbank28                                bank28       00000
__Hbank29                                bank29       00000
__Hbank3                                 bank3        00000
__Hbank30                                bank30       00000
__Hbank31                                bank31       00000
__Hbank4                                 bank4        00000
__Hbank5                                 bank5        00000
__Hbank6                                 bank6        00000
__Hbank7                                 bank7        00000
__Hbank8                                 bank8        00000
__Hbank9                                 bank9        00000
__Hbigram                                bigram       00000
__HbitbssCOMMON                          bitbssCOMMON 00000
__HbssBANK0                              bssBANK0     00000
__HbssBANK1                              bssBANK1     00000
__HbssBANK2                              bssBANK2     00000
__HbssBANK3                              bssBANK3     00000
__HbssBANK4                              bssBANK4     00000
__HbssBANK5                              bssBANK5     00000
__HbssCOMMON                             bssCOMMON    00000
__Hcinit                                 cinit        00054
__Hclrtext                               clrtext      00000
__Hcode                                  code         00000
__Hcommon                                common       00000
__Hconfig                                config       08009
__HcstackBANK0                           cstackBANK0  00000
__HcstackCOMMON                          cstackCOMMON 00000
__HdataBANK4                             dataBANK4    00000
__Heeprom_data                           eeprom_data  00000
__Hend_init                              end_init     00018
__Hfunctab                               functab      00000
__HidataBANK4                            idataBANK4   00000
__Hidloc                                 idloc        00000
__Hinit                                  init         00016
__Hinittext                              inittext     00000
__Hintentry                              intentry     00016
__Hmaintext                              maintext     00000
__HnvBANK0                               nvBANK0      00000
__HnvBANK1                               nvBANK1      00000
__HnvCOMMON                              nvCOMMON     00000
__Hpowerup                               powerup      00000
__Hram                                   ram          00000
__Hreset_vec                             reset_vec    00002
__Hsfr0                                  sfr0         00000
__Hsfr1                                  sfr1         00000
__Hsfr10                                 sfr10        00000
__Hsfr11                                 sfr11        00000
__Hsfr12                                 sfr12        00000
__Hsfr13                                 sfr13        00000
__Hsfr14                                 sfr14        00000
__Hsfr15                                 sfr15        00000
__Hsfr16                                 sfr16        00000
__Hsfr17                                 sfr17        00000
__Hsfr18                                 sfr18        00000
__Hsfr19                                 sfr19        00000
__Hsfr2                                  sfr2         00000
__Hsfr20                                 sfr20        00000
__Hsfr21                                 sfr21        00000
__Hsfr22                                 sfr22        00000
__Hsfr23                                 sfr23        00000
__Hsfr24                                 sfr24        00000
__Hsfr25                                 sfr25        00000
__Hsfr26                                 sfr26        00000
__Hsfr27                                 sfr27        00000
__Hsfr28                                 sfr28        00000
__Hsfr29                                 sfr29        00000
__Hsfr3                                  sfr3         00000
__Hsfr30                                 sfr30        00000
__Hsfr31                                 sfr31        00000
__Hsfr4                                  sfr4         00000
__Hsfr5                                  sfr5         00000
__Hsfr6                                  sfr6         00000
__Hsfr7                                  sfr7         00000
__Hsfr8                                  sfr8         00000
__Hsfr9                                  sfr9         00000
__Hspace_0                               (abs)        08009
__Hspace_1                               (abs)        003EA
__Hspace_2                               (abs)        00000
__Hspace_3                               (abs)        00000
__Hstack                                 stack        00000
__Hstrings                               strings      00000
__Hstringtext                            stringtext   00000
__Htext                                  text         00000
__Labs1                                  abs1         00000
__Lbank0                                 bank0        00000
__Lbank1                                 bank1        00000
__Lbank10                                bank10       00000
__Lbank11                                bank11       00000
__Lbank12                                bank12       00000
__Lbank13                                bank13       00000
__Lbank14                                bank14       00000
__Lbank15                                bank15       00000
__Lbank16                                bank16       00000
__Lbank17                                bank17       00000
__Lbank18                                bank18       00000
__Lbank19                                bank19       00000
__Lbank2                                 bank2        00000
__Lbank20                                bank20       00000
__Lbank21                                bank21       00000
__Lbank22                                bank22       00000
__Lbank23                                bank23       00000
__Lbank24                                bank24       00000
__Lbank25                                bank25       00000
__Lbank26                                bank26       00000
__Lbank27                                bank27       00000
__Lbank28                                bank28       00000
__Lbank29                                bank29       00000
__Lbank3                                 bank3        00000
__Lbank30                                bank30       00000
__Lbank31                                bank31       00000
__Lbank4                                 bank4        00000
__Lbank5                                 bank5        00000
__Lbank6                                 bank6        00000
__Lbank7                                 bank7        00000
__Lbank8                                 bank8        00000
__Lbank9                                 bank9        00000
__Lbigram                                bigram       00000
__LbitbssCOMMON                          bitbssCOMMON 00000
__LbssBANK0                              bssBANK0     00000
__LbssBANK1                              bssBANK1     00000
__LbssBANK2                              bssBANK2     00000
__LbssBANK3                              bssBANK3     00000
__LbssBANK4                              bssBANK4     00000
__LbssBANK5                              bssBANK5     00000
__LbssCOMMON                             bssCOMMON    00000
__Lcinit                                 cinit        00018
__Lclrtext                               clrtext      00000
__Lcode                                  code         00000
__Lcommon                                common       00000
__Lconfig                                config       08007
__LcstackBANK0                           cstackBANK0  00000
__LcstackCOMMON                          cstackCOMMON 00000
__LdataBANK4                             dataBANK4    00000
__Leeprom_data                           eeprom_data  00000
__Lend_init                              end_init     00016
__Lfunctab                               functab      00000
__LidataBANK4                            idataBANK4   00000
__Lidloc                                 idloc        00000
__Linit                                  init         00016
__Linittext                              inittext     00000
__Lintentry                              intentry     00004
__Lmaintext                              maintext     00000
__LnvBANK0                               nvBANK0      00000
__LnvBANK1                               nvBANK1      00000
__LnvCOMMON                              nvCOMMON     00000
__Lpowerup                               powerup      00000
__Lram                                   ram          00000
__Lreset_vec                             reset_vec    00000
__Lsfr0                                  sfr0         00000
__Lsfr1                                  sfr1         00000
__Lsfr10                                 sfr10        00000
__Lsfr11                                 sfr11        00000
__Lsfr12                                 sfr12        00000
__Lsfr13                                 sfr13        00000
__Lsfr14                                 sfr14        00000
__Lsfr15                                 sfr15        00000
__Lsfr16                                 sfr16        00000
__Lsfr17                                 sfr17        00000
__Lsfr18                                 sfr18        00000
__Lsfr19                                 sfr19        00000
__Lsfr2                                  sfr2         00000
__Lsfr20                                 sfr20        00000
__Lsfr21                                 sfr21        00000
__Lsfr22                                 sfr22        00000
__Lsfr23                                 sfr23        00000
__Lsfr24                                 sfr24        00000
__Lsfr25                                 sfr25        00000
__Lsfr26                                 sfr26        00000
__Lsfr27                                 sfr27        00000
__Lsfr28                                 sfr28        00000
__Lsfr29                                 sfr29        00000
__Lsfr3                                  sfr3         00000
__Lsfr30                                 sfr30        00000
__Lsfr31                                 sfr31        00000
__Lsfr4                                  sfr4         00000
__Lsfr5                                  sfr5         00000
[...]
 Hardware stack levels used:    1
 Hardware stack levels required when called:    1
 This function calls:
		_DimmerIntrPointSelect
		i1_setLoad_StatusOff
 This function is called by:
		_TMR0_ISR
 This function uses a non-reentrant model


 *************** function i1_setLoad_StatusOff *****************
 Defined at:
		line 284 in file "../src/OverLoad_B1.c"
 Parameters:    Size  Location     Type
  lights          1    wreg     unsigned char 
  command         1    0[COMMON] unsigned char 
 Auto vars:     Size  Location     Type
  lights          1    1[COMMON] unsigned char 
 Return value:  Size  Location     Type
		None               void
 Registers used:
		wreg, status,2, status,0
 Tracked objects:
		On entry : 
		On exit  : 
		Unchanged: 
 Data sizes:     COMMON   BANK0   BANK1   BANK2   BANK3   BANK4   BANK5   BANK6   BANK7   BANK8   BANK9  BANK10  BANK11  BANK12
      Params:         1       0       0       0       0       0       0       0       0       0       0       0       0       0
      Locals:         1       0       0       0       0       0       0       0       0       0       0       0       0       0
      Temps:          0       0       0       0       0       0       0       0       0       0       0       0       0       0
      Totals:         2       0       0       0       0       0       0       0       0       0       0       0       0       0
Total ram usage:        2 bytes
 Hardware stack levels used:    1
 This function calls:
		Nothing
 This function is called by:
		_setDimmerLights_IntrControl
 This function uses a non-reentrant model


 *************** function _DimmerIntrPointSelect *****************
 Defined at:
		line 65 in file "../src/Dimmer_B1.c"
 Parameters:    Size  Location     Type
  lights          1    wreg     unsigned char 
 Auto vars:     Size  Location     Type
  lights          1    1[COMMON] unsigned char 
 Return value:  Size  Location     Type
		None               void
 Registers used:
		wreg
 Tracked objects:
		On entry : 
		On exit  : 
		Unchanged: 
 Data sizes:     COMMON   BANK0   BANK1   BANK2   BANK3   BANK4   BANK5   BANK6   BANK7   BANK8   BANK9  BANK10  BANK11  BANK12
      Params:         0       0       0       0       0       0       0       0       0       0       0       0       0       0
      Locals:         1       0       0       0       0       0       0       0       0       0       0       0       0       0
      Temps:          1       0       0       0       0       0       0       0       0       0       0       0       0       0
      Totals:         2       0       0       0       0       0       0       0       0       0       0       0       0       0
Total ram usage:        2 bytes
 Hardware stack levels used:    1
 This function calls:
		Nothing
 This function is called by:
		_setDimmerLights_IntrControl
 This function uses a non-reentrant model


 *************** function _IOC_ISR *****************
 Defined at:
		line 297 in file "../src/MCU_B1.c"
 Parameters:    Size  Location     Type
		None
 Auto vars:     Size  Location     Type
		None
 Return value:  Size  Location     Type
		None               void
 Registers used:
		wreg, fsr1l, fsr1h, status,2, status,0, pclath, cstack
 Tracked objects:
		On entry : 
		On exit  : 
		Unchanged: 
 Data sizes:     COMMON   BANK0   BANK1   BANK2   BANK3   BANK4   BANK5   BANK6   BANK7   BANK8   BANK9  BANK10  BANK11  BANK12
      Params:         0       0       0       0       0       0       0       0       0       0       0       0       0       0
      Locals:         0       0       0       0       0       0       0       0       0       0       0       0       0       0
      Temps:          0       0       0       0       0       0       0       0       0       0       0       0       0       0
      Totals:         0       0       0       0       0       0       0       0       0       0       0       0       0       0
Total ram usage:        0 bytes
 Hardware stack levels used:    1
 Hardware stack levels required when called:    3
 This function calls:
		_setDimmerReClock
 This function is called by:
		_ISR
 This function uses a non-reentrant model


 *************** function _setDimmerReClock *****************
 Defined at:
		line 175 in file "../src/MCU_B1.c"
 Parameters:    Size  Location     Type
		None
 Auto vars:     Size  Location     Type
		None
 Return value:  Size  Location     Type
		None               void
 Registers used:
		wreg, fsr1l, fsr1h, status,2, status,0, pclath, cstack
 Tracked objects:
		On entry : 
		On exit  : 
		Unchanged: 
 Data sizes:     COMMON   BANK0   BANK1   BANK2   BANK3   BANK4   BANK5   BANK6   BANK7   BANK8   BANK9  BANK10  BANK11  BANK12
      Params:         0       0       0       0       0       0       0       0       0       0       0       0       0       0
      Locals:         0       0       0       0       0       0       0       0       0       0       0       0       0       0
      Temps:          0       0       0       0       0       0       0       0       0       0       0       0       0       0
      Totals:         0       0       0       0       0       0       0       0       0       0       0       0       0       0
Total ram usage:        0 bytes
 Hardware stack levels used:    1
 Hardware stack levels required when called:    2
 This function calls:
		_setDimmerLights_IntrIOC_GO
 This function is called by:
		_IOC_ISR
 This function uses a non-reentrant model


 *************** function _setDimmerLights_IntrIOC_GO *****************
 Defined at:
		line 28 in file "../src/Dimmer_B1.c"
 Parameters:    Size  Location     Type
  lights          1    wreg     unsigned char 
 Auto vars:     Size  Location     Type
  lights          1    2[COMMON] unsigned char 
 Return value:  Size  Location     Type
		None               void
 Registers used:
		wreg, fsr1l, fsr1h, status,2, status,0, pclath, cstack
 Tracked objects:
		On entry : 
		On exit  : 
		Unchanged: 
 Data sizes:     COMMON   BANK0   BANK1   BANK2   BANK3   BANK4   BANK5   BANK6   BANK7   BANK8   BANK9  BANK10  BANK11  BANK12
      Params:         0       0       0       0       0       0       0       0       0       0       0       0       0       0
      Locals:         1       0       0       0       0       0       0       0       0       0       0       0       0       0
      Temps:          0       0       0       0       0       0       0       0       0       0       0       0       0       0
      Totals:         1       0       0       0       0       0       0       0       0       0       0       0       0       0
Total ram usage:        1 bytes
 Hardware stack levels used:    1
 Hardware stack levels required when called:    1
 This function calls:
		_DimmerIntrIOCPointSelect
 This function is called by:
		_setDimmerReClock
 This function uses a non-reentrant model


 *************** function _DimmerIntrIOCPointSelect *****************
 Defined at:
		line 8 in file "../src/Dimmer_B1.c"
 Parameters:    Size  Location     Type
  lights          1    wreg     unsigned char 
 Auto vars:     Size  Location     Type
  lights          1    1[COMMON] unsigned char 
 Return value:  Size  Location     Type
		None               void
 Registers used:
		wreg
 Tracked objects:
		On entry : 
		On exit  : 
		Unchanged: 
 Data sizes:     COMMON   BANK0   BANK1   BANK2   BANK3   BANK4   BANK5   BANK6   BANK7   BANK8   BANK9  BANK10  BANK11  BANK12
      Params:         0       0       0       0       0       0       0       0       0       0       0       0       0       0
      Locals:         1       0       0       0       0       0       0       0       0       0       0       0       0       0
      Temps:          1       0       0       0       0       0       0       0       0       0       0       0       0       0
      Totals:         2       0       0       0       0       0       0       0       0       0       0       0       0       0
Total ram usage:        2 bytes
 Hardware stack levels used:    1
 This function calls:
		Nothing
 This function is called by:
		_setDimmerLights_IntrIOC_GO
 This function uses a non-reentrant model


 *************** function _INT_ISR *****************
 Defined at:
		line 250 in file "../src/MCU_B1.c"
 Parameters:    Size  Location     Type
		None
 Auto vars:     Size  Location     Type
		None
 Return value:  Size  Location     Type
		None               void
 Registers used:
		wreg, status,2, status,0, pclath, cstack
 Tracked objects:
		On entry : 
		On exit  : 
		Unchanged: 
 Data sizes:     COMMON   BANK0   BANK1   BANK2   BANK3   BANK4   BANK5   BANK6   BANK7   BANK8   BANK9  BANK10  BANK11  BANK12
      Params:         0       0       0       0       0       0       0       0       0       0       0       0       0       0
      Locals:         0       0       0       0       0       0       0       0       0       0       0       0       0       0
      Temps:          0       0       0       0       0       0       0       0       0       0       0       0       0       0
      Totals:         0       0       0       0       0       0       0       0       0       0       0       0       0       0
Total ram usage:        0 bytes
 Hardware stack levels used:    1
 Hardware stack levels required when called:    1
 This function calls:
		_setRF_ReceiveGO
 This function is called by:
		_ISR
 This function uses a non-reentrant model


 *************** function _setRF_ReceiveGO *****************
 Defined at:
		line 28 in file "../src/RF_Control_B1.c"
 Parameters:    Size  Location     Type
  command         1    wreg     unsigned char 
 Auto vars:     Size  Location     Type
  command         1    0[COMMON] unsigned char 
 Return value:  Size  Location     Type
		None               void
 Registers used:
		wreg
 Tracked objects:
		On entry : 
		On exit  : 
		Unchanged: 
 Data sizes:     COMMON   BANK0   BANK1   BANK2   BANK3   BANK4   BANK5   BANK6   BANK7   BANK8   BANK9  BANK10  BANK11  BANK12
      Params:         0       0       0       0       0       0       0       0       0       0       0       0       0       0
      Locals:         1       0       0       0       0       0       0       0       0       0       0       0       0       0
      Temps:          0       0       0       0       0       0       0       0       0       0       0       0       0       0
      Totals:         1       0       0       0       0       0       0       0       0       0       0       0       0       0
Total ram usage:        1 bytes
 Hardware stack levels used:    1
 This function calls:
		Nothing
 This function is called by:
		_INT_ISR
 This function uses a non-reentrant model



MODULE INFORMATION

Module		Function		Class		Link	Load	Size
C:\Program Files (x86)\Microchip\xc8\v1.32\sources\common\float.c
		___ftpack      		CODE           	15AA	0000	97

C:\Program Files (x86)\Microchip\xc8\v1.32\sources\common\float.c estimated size: 97

../src/OverLoad_B1.c
		_setLoad_Except		CODE           	1122	0000	56
		_getLoad_AD    		CODE           	0AD3	0000	121
		_getLoad_Safe  		CODE           	19F6	0000	8
		_setLoad_GO    		CODE           	19CE	0000	8
		_setLoad_Status		CODE           	1E7A	0000	35
		_setLoad_Count 		CODE           	1AA4	0000	14
		_setLoad_Status		CODE           	1DF7	0000	31
		_setLoad_Enable		CODE           	1A18	0000	9
		_Load_Initializ		CODE           	1994	0000	5
		_Load_Main     		CODE           	021F	0000	366
		_setLoad_AH_AL_		CODE           	1D46	0000	28

../src/OverLoad_B1.c estimated size: 681

C:\Program Files (x86)\Microchip\xc8\v1.32\sources\common\awtoft.c
		___awtoft      		CODE           	1E36	0000	34

C:\Program Files (x86)\Microchip\xc8\v1.32\sources\common\awtoft.c estimated size: 34

../src/MCU_B1.c
		_Fosc_Set      		CODE           	1990	0000	4
		_IO_Set        		CODE           	1CF7	0000	25
		_ADC_Set       		CODE           	19B7	0000	7
		_IOC_ISR       		CODE           	1AED	0000	16
		_INT_Set       		CODE           	199E	0000	6
		_ISR           		CODE           	0004	0000	18
		_Flash_Memory_W		CODE           	1F9C	0000	49
		_Flash_Memory_M		CODE           	16D0	0000	101
		_setMemory_GO  		CODE           	1D10	0000	27
		_IOC_Set       		CODE           	1A7D	0000	13
		_Mcu_Initializa		CODE           	1C96	0000	23
		_Flash_Memory_I		CODE           	05D2	0000	232
		_getAD         		CODE           	1C69	0000	22
		_TMR0_Set      		CODE           	1A8A	0000	13
		_Flash_Memory_U		CODE           	1A0F	0000	9
		_INT_ISR       		CODE           	1A06	0000	9
		_TMR0_ISR      		CODE           	1FCD	0000	51
		_Flash_Memory_R		CODE           	1066	0000	26
		_Flash_Memory_E		CODE           	1A59	0000	12
		_setDimmerReClo		CODE           	1A2C	0000	11
		_Flash_Memory_M		CODE           	1216	0000	67

../src/MCU_B1.c estimated size: 741

C:\Program Files (x86)\Microchip\xc8\v1.32\sources\common\ftmul.c
		___ftmul       		CODE           	0E95	0000	180

C:\Program Files (x86)\Microchip\xc8\v1.32\sources\common\ftmul.c estimated size: 180

../src/Buzzer_B1.c
		_Buzzer_Main   		CODE           	13B5	0000	74
		_setBuz        		CODE           	14F6	0000	89
		_getBuz_GO     		CODE           	1B6E	0000	17
		_Buzzer_Initial		CODE           	196E	0000	3

../src/Buzzer_B1.c estimated size: 183

../src/LED_B1.c
		_setLED        		CODE           	160B	0000	98
		_LED_Main      		CODE           	1A71	0000	12
		_setLED_Initial		CODE           	1BA2	0000	18
		_LedPointSelect		CODE           	1E58	0000	34
		_setLED_Main   		CODE           	1327	0000	71
		_LED_Initializa		CODE           	1A65	0000	12

../src/LED_B1.c estimated size: 245

../src/OverTemperature_B1.c
		_Temp_Initializ		CODE           	197A	0000	3
		_Temp_Main     		CODE           	197D	0000	3
		_setOverTemp_Ex		CODE           	11D7	0000	63
		_setTemp_Initia		CODE           	1977	0000	3
		_getTemp_AD    		CODE           	10B5	0000	54
		_getTemp_Safe  		CODE           	198C	0000	4
		_setTemp_Main  		CODE           	0BC6	0000	134
		_setTemp_Enable		CODE           	19FE	0000	8

../src/OverTemperature_B1.c estimated size: 272

../src/CC2500_B1.c
		_DelayTime_1us 		CODE           	0801	0000	38
		_CC2500_Frequen		CODE           	1A4D	0000	12
		_CC2500_SIDLEMo		CODE           	1988	0000	4
		_CC2500_PowerOn		CODE           	1C28	0000	21
		_CC2500_WriteBy		CODE           	1CC5	0000	25
		_CC2500_RxData 		CODE           	0F49	0000	183
		_CC2500_TxData 		CODE           	129D	0000	68
		_CC2500_ClearRX		CODE           	1980	0000	4
		_CC2500_ClearTX		CODE           	1984	0000	4
		_CC2500_InitPAT		CODE           	1DD8	0000	31
		_CC2500_WriteRE		CODE           	1CDE	0000	25
		_CC2500_ReadSta		CODE           	1D2B	0000	27
		_CC2500_PowerRS		CODE           	1F6C	0000	48
		_CC2500_ReadByt		CODE           	1D7E	0000	29
		_CC2500_InitSet		CODE           	1EC0	0000	42
		_CC2500_WriteCo		CODE           	1AFD	0000	16

../src/CC2500_B1.c estimated size: 577

C:\Program Files (x86)\Microchip\xc8\v1.32\sources\common\fttol.c
		___fttol       		CODE           	0C4C	0000	135

C:\Program Files (x86)\Microchip\xc8\v1.32\sources\common\fttol.c estimated size: 135

C:\Program Files (x86)\Microchip\xc8\v1.32\sources\common\lwdiv.c
		___lwdiv       		CODE           	10EB	0000	55

C:\Program Files (x86)\Microchip\xc8\v1.32\sources\common\lwdiv.c estimated size: 55

../src/RF_Control_B1.c
		_RF_Initializat		CODE           	1971	0000	3
		_setRF_ReceiveG		CODE           	1A21	0000	11
		_getRxData     		CODE           	136E	0000	71
		_setRF_Main    		CODE           	09E7	0000	118
		_setRFSW_Status		CODE           	1AC0	0000	15
		_setRF_DimmerVa		CODE           	1080	0000	53
		_setRF_Initiali		CODE           	19D6	0000	8
		_setTxData     		CODE           	06BA	0000	185
		_setRFSW_Contro		CODE           	0D5D	0000	143
		_setRF_Learn   		CODE           	19E6	0000	8
		_RF_Main       		CODE           	1974	0000	3
		_setRFSW_AdjCon		CODE           	1198	0000	63
		_setRF_Enable  		CODE           	1AB2	0000	14
		_setRF_DimmerLi		CODE           	0827	0000	108
		_setControl_Lig		CODE           	0773	0000	139
		_setLog_Code   		CODE           	115A	0000	62
		_RF_RxDisable  		CODE           	1ADE	0000	15
		_RfSWPointSelec		CODE           	1C53	0000	22

../src/RF_Control_B1.c estimated size: 1041

C:\Program Files (x86)\Microchip\xc8\v1.32\sources\common\awdiv.c
		___awdiv       		CODE           	144B	0000	84

C:\Program Files (x86)\Microchip\xc8\v1.32\sources\common\awdiv.c estimated size: 84

../src/Main_B1.c
		_my_Main       		CODE           	0A5D	0000	118
		_main          		CODE           	1735	0000	101
		_myMain_Initial		CODE           	1BD9	0000	19
		_my_TestPointCl		CODE           	1B7F	0000	17

../src/Main_B1.c estimated size: 255

C:\Program Files (x86)\Microchip\xc8\v1.32\sources\common\ftadd.c
		___ftadd       		CODE           	04DC	0000	246

C:\Program Files (x86)\Microchip\xc8\v1.32\sources\common\ftadd.c estimated size: 246

C:\Program Files (x86)\Microchip\xc8\v1.32\sources\common\Umul16.c
		___wmul        		CODE           	1D9B	0000	30

C:\Program Files (x86)\Microchip\xc8\v1.32\sources\common\Umul16.c estimated size: 30

C:\Program Files (x86)\Microchip\xc8\v1.32\sources\common\Umul8.c
		___bmul        		CODE           	1BB4	0000	18

C:\Program Files (x86)\Microchip\xc8\v1.32\sources\common\Umul8.c estimated size: 18

shared
		_CC2500_patable		STRCODE        	105E	0000	8
		i1_setLoad_Stat		CODE           	1C3D	0000	22
		_CC2500_rfSetti		STRCODE        	102F	0000	47
		__initializatio		CODE           	0018	0000	56
		_CC2500_registe		STRCODE        	1000	0000	47

shared estimated size: 180

../src/Switch_B1.c
		_Sw_DimmerAdjFu		CODE           	13FF	0000	76
		_Sw_DimmerOffFu		CODE           	0893	0000	111
		_Switch_Main   		CODE           	19EE	0000	8
		_setSw_Enable  		CODE           	1D62	0000	28
		_SwPointSelect 		CODE           	1C14	0000	20
		_Sw_DimmerOnFun		CODE           	0902	0000	114
		_TouchPower    		CODE           	1999	0000	5
		_setSw_Main    		CODE           	038D	0000	335
		_setSw_Initiali		CODE           	19DE	0000	8
		_Switch_Initial		CODE           	1A97	0000	13
		_setSw_Status  		CODE           	1ACF	0000	15

../src/Switch_B1.c estimated size: 733

../src/Dimmer_B1.c
		_DimmerLightsPo		CODE           	1BC6	0000	19
		_DimmerIntrPoin		CODE           	1B90	0000	18
		_getDimmerLight		CODE           	1B5D	0000	17
		_DimmerLights_M		CODE           	1A42	0000	11
		_setDimmerLight		CODE           	1B2D	0000	16
		_setDimmerLight		CODE           	0054	0000	459
		_DimmerIntrIOCP		CODE           	1BEC	0000	20
		_setDimmerLight		CODE           	1259	0000	68
		_setDimmerLight		CODE           	0CD3	0000	138
		_setDimmerLight		CODE           	1E9D	0000	35
		_getPercentValu		CODE           	154F	0000	91
		_DimmerLights_C		CODE           	1CAD	0000	24
		_setDimmerLight		CODE           	1B3D	0000	16
		_setDimmerLight		CODE           	1B1D	0000	16
		_setDimmerLight		CODE           	1B4D	0000	16
		_setPercentValu		CODE           	12E1	0000	70
		_setDimmerLight		CODE           	1F3F	0000	45
		_DimmerLights_E		CODE           	166D	0000	99
		_setDimmerLight		CODE           	1F14	0000	43
		_setDimmerLight		CODE           	1B0D	0000	16
		_setDimmerLight		CODE           	1DB9	0000	31
		_Dimmer_Initial		CODE           	19B0	0000	7
		_DimmerLights_I		CODE           	1C7F	0000	23
		_setDimmerLight		CODE           	0974	0000	115
		_setDimmerLight		CODE           	149F	0000	87

../src/Dimmer_B1.c estimated size: 1500

../src/DelayOff_B1.c
		_DelayOff_Initi		CODE           	19BE	0000	8
		_DlyOff_Main   		CODE           	0B4C	0000	122
		_DelayTimejudge		CODE           	1EEA	0000	42
		_DelayOff_Main 		CODE           	19C6	0000	8
		_DelayOffPointS		CODE           	1C00	0000	20
		_setDelayOff_GO		CODE           	179A	0000	102
		_DlyOff_Initial		CODE           	1A37	0000	11

../src/DelayOff_B1.c estimated size: 313

C:\Program Files (x86)\Microchip\xc8\v1.32\sources\pic\ftdiv.c
		___ftdiv       		CODE           	0DEC	0000	169

C:\Program Files (x86)\Microchip\xc8\v1.32\sources\pic\ftdiv.c estimated size: 169

