Microchip MPLAB XC8 Compiler V1.32 ()

Linker command line:

--edf=C:\Program Files (x86)\Microchip\xc8\v1.32\dat\en_msgs.txt -cs \
  -h+dist/default/production\2.Switch_2Key_Dimmer.X.production.sym \
  --cmf=dist/default/production\2.Switch_2Key_Dimmer.X.production.cmf -z \
  -Q16F1518 -oC:\Users\taianluo\AppData\Local\Temp\s57s.6 \
  -Mdist/default/production/2.Switch_2Key_Dimmer.X.production.map -E1 \
  -ver=XC8 -ASTACK=02165h-0231fh -pstack=STACK -ACONST=00h-0FFhx64 \
  -ACODE=00h-07FFhx8 -ASTRCODE=00h-03FFFh -AENTRY=00h-0FFhx64 \
  -ASTRING=00h-0FFhx64 -ACOMMON=070h-07Fh -ABANK0=020h-06Fh \
  -ABANK1=0A0h-0EFh -ABANK2=0120h-016Fh -ABANK3=01A0h-01EFh \
  -ABANK4=0220h-026Fh -ABANK5=02A0h-02EFh -ABANK6=0320h-036Fh \
  -ABANK7=03A0h-03EFh -ABANK8=0420h-046Fh -ABANK9=04A0h-04EFh \
  -ABANK10=0520h-056Fh -ABANK11=05A0h-05EFh -ABANK12=0620h-064Fh \
  -ABIGRAM=02000h-023EFh \
  -ARAM=020h-06Fh,0A0h-0EFh,0120h-016Fh,01A0h-01EFh,0220h-026Fh,02A0h-02EFh,0320h-036Fh,03A0h-03EFh,0420h-046Fh,04A0h-04EFh,0520h-056Fh,05A0h-05EFh,0620h-064Fh \
  -AABS1=020h-07Fh,0A0h-0EFh,0120h-016Fh,01A0h-01EFh,0220h-026Fh,02A0h-02EFh,0320h-036Fh,03A0h-03EFh,0420h-046Fh,04A0h-04EFh,0520h-056Fh,05A0h-05EFh,0620h-064Fh \
  -ASFR0=00h-01Fh -ASFR1=080h-09Fh -ASFR2=0100h-011Fh -ASFR3=0180h-019Fh \
  -ASFR4=0200h-021Fh -ASFR5=0280h-029Fh -ASFR6=0300h-031Fh \
  -ASFR7=0380h-039Fh -ASFR8=0400h-041Fh -ASFR9=0480h-049Fh \
  -ASFR10=0500h-051Fh -ASFR11=0580h-059Fh -ASFR12=0600h-061Fh \
  -ASFR13=0680h-06EFh -ASFR14=0700h-076Fh -ASFR15=0780h-07EFh \
  -ASFR16=0800h-086Fh -ASFR17=0880h-08EFh -ASFR18=0900h-096Fh \
  -ASFR19=0980h-09EFh -ASFR20=0A00h-0A6Fh -ASFR21=0A80h-0AEFh \
  -ASFR22=0B00h-0B6Fh -ASFR23=0B80h-0BEFh -ASFR24=0C00h-0C6Fh \
  -ASFR25=0C80h-0CEFh -ASFR26=0D00h-0D6Fh -ASFR27=0D80h-0DEFh \
  -ASFR28=0E00h-0E6Fh -ASFR29=0E80h-0EEFh -ASFR30=0F00h-0F6Fh \
  -ASFR31=0F80h-0FEFh -preset_vec=00h,intentry=04h,init,end_init \
  -ppowerup=CODE -pcinit=CODE -pfunctab=CODE -ACONFIG=08007h-08008h \
  -pconfig=CONFIG -DCONFIG=2 -AIDLOC=08000h-08003h -pidloc=IDLOC -DIDLOC=2 \
  -DCODE=2 -DSTRCODE=2 -DSTRING=2 -DCONST=2 -DENTRY=2 -k \
  C:\Users\taianluo\AppData\Local\Temp\s57s.obj \
  dist/default/production\2.Switch_2Key_Dimmer.X.production.obj 

Object code version is 3.11

Machine type is 16F1518



                Name                               Link     Load   Length Selector   Space Scale
C:\Users\taianluo\AppData\Local\Temp\s57s.obj
                end_init                             16       16        2        8       0
                reset_vec                             0        0        2        0       0
                config                             8007     8007        2    1000E       0
dist/default/production\2.Switch_2Key_Dimmer.X.production.obj
                cinit                                18       18       34        8       0
                intentry                              4        4       12        8       0
                text119                            1E3B     1E3B        B     3C76       0
                text118                            1EAE     1EAE        D     3D5C       0
                text117                            1EBB     1EBB        D     3D76       0
                text116                            1F6D     1F6D       11     3EDA       0
                text115                            1FC4     1FC4       14     3F88       0
                text114                            12AD     12AD       25     255A       0
                text113                            1E46     1E46        B     3C8C       0
                text112                            1F7E     1F7E       11     3EFC       0
                text111                            1F0D     1F0D       10     3E1A       0
                text110                             800      800       12     1000       0
                text109                              4C       4C      1CB        8       0
                text108                            1434     1434       35     2868       0
                text106                            1E51     1E51        B     3CA2       0
                text105                             F5E      F5E       A2     1EBC       0
                text104                            10FA     10FA       19     21F4       0
                text103                            1F1D     1F1D       10     3E3A       0
                text102                            1DCB     1DCB        4     3B96       0
                text101                            1DCF     1DCF        4     3B9E       0
                text100                            12D2     12D2       26     25A4       0
                text99                             1E72     1E72        C     3CE4       0
                text98                             1113     1113       19     2226       0
                text97                             11E9     11E9       1F     23D2       0
                text96                             12F8     12F8       2A     25F0       0
                text95                             13D3     13D3       30     27A6       0
                text94                             1DD3     1DD3        4     3BA6       0
                text93                             1089     1089       15     2112       0
                text92                             10B4     10B4       17     2168       0
                text91                             1E5C     1E5C        B     3CB8       0
                text90                             1E09     1E09        8     3C12       0
                text89                             1751     1751       54     2EA2       0
                text88                              BBC      BBC       77     1778       0
                text87                             1FB1     1FB1       13     3F62       0
                text86                             1F2D     1F2D       10     3E5A       0
                text85                             1F3D     1F3D       10     3E7A       0
                text84                             109E     109E       16     213C       0
                text83                             1EEF     1EEF        F     3DDE       0
                text82                              92B      92B       61     1256       0
                text81                             1247     1247       22     248E       0
                text80                              6BF      6BF       A9        8       0
                text79                              DA6      DA6       87     1B4C       0
                text78                             162A     162A       46     2C54       0
                text77                              98C      98C       6C     1318       0
                text76                             1FD8     1FD8       14     3FB0       0
                text75                             1EFE     1EFE        F     3DFC       0
                text74                             1E7E     1E7E        C     3CFC       0
                text73                              EBD      EBD       A1     1D7A       0
                text72                              C33      C33       79     1866       0
                text71                             1E11     1E11        8     3C22       0
                text70                             1DF4     1DF4        7     3BE8       0
                text69                             1379     1379       2D     26F2       0
                text68                             10CB     10CB       17     2196       0
                text67                             1F8F     1F8F       11     3F1E       0
                text66                             1208     1208       1F     2410       0
                text65                             1FEC     1FEC       14     3FD8       0
                text64                             1269     1269       22     24D2       0
                text63                              86F      86F       5E     10DE       0
                text62                              D27      D27       7F     1A4E       0
                text61                             149E     149E       3E     293C       0
                text60                              CAC      CAC       7B     1958       0
                text59                             1E67     1E67        B     3CCE       0
                text58                             112C     112C       19     2258       0
                text57                             1E29     1E29        9     3C52       0
                text56                             1403     1403       31     2806       0
                text55                              467      467       F6        8       0
                text54                             1E8A     1E8A        C     3D14       0
                text53                              9F8      9F8       6D     13F0       0
                text52                             15A0     15A0       45     2B40       0
                text51                             1FA0     1FA0       11     3F40       0
                text50                             1E96     1E96        C     3D2C       0
                text49                             14DC     14DC       40     29B8       0
                text48                             1EA2     1EA2        C     3D44       0
                text47                             1DFB     1DFB        7     3BF6       0
                text46                             1DD7     1DD7        4     3BAE       0
                text45                             1DE8     1DE8        6     3BD0       0
                text44                             1EC8     1EC8        D     3D90       0
                text43                             1145     1145       19     228A       0
                text42                             1ED5     1ED5        D     3DAA       0
                text41                             10E2     10E2       18     21C4       0
                text40                             115E     115E       1B     22BC       0
                text39                             1E02     1E02        7     3C04       0
                text38                             1DDB     1DDB        4     3BB6       0
                text37                             11CC     11CC       1D     2398       0
                text36                             1179     1179       1B     22F2       0
                text35                              8CD      8CD       5E     119A       0
                text34                             155C     155C       44     2AB8       0
                text33                             1E32     1E32        9     3C64       0
                text32                             1322     1322       2B     2644       0
                text31                              371      371       F6        8       0
                text30                              55D      55D       B4        8       0
                text29                             17A5     17A5       5B     2F4A       0
                text28                             128B     128B       22     2516       0
                text27                             1469     1469       35     28D2       0
                text26                             151C     151C       40     2A38       0
                text25                             134D     134D       2C     269A       0
                text24                              812      812       5D     1024       0
                text23                              E2D      E2D       90     1C5A       0
                text22                              768      768       92        8       0
                text21                             1670     1670       47     2CE0       0
                text20                             16B7     16B7       4D     2D6E       0
                text19                              611      611       AE        8       0
                text18                             1DDF     1DDF        4     3BBE       0
                text17                             1DE3     1DE3        5     3BC6       0
                text16                             1E19     1E19        8     3C32       0
                text15                             1EE2     1EE2        D     3DC4       0
                text14                             1F4D     1F4D       10     3E9A       0
                text13                             1F5D     1F5D       10     3EBA       0
                text12                             15E5     15E5       45     2BCA       0
                text11                              A65      A65       71     14CA       0
                text10                              AD6      AD6       72     15AC       0
                text9                              1066     1066        F     20CC       0
                text8                               217      217      15A        8       0
                text7                              1E21     1E21        8     3C42       0
                text6                                 2        2        2        0       0
                text5                              1194     1194       1C     2328       0
                text4                              1075     1075       14     20EA       0
                text3                              13A6     13A6       2D     274C       0
                text2                              11B0     11B0       1C     2360       0
                text1                               B48      B48       74     1690       0
                maintext                           1704     1704       4D     2E08       0
                cstackBANK0                          20       20       50       20       1
                cstackCOMMON                         70       70        8       70       1
                inittext                           1DEE     1DEE        6     3BDC       0
                clrtext                             7FA      7FA        6        8       0
                bssBANK4                            220      220       25      220       1
                dataBANK3                           1A0      1A0       20      1A0       1
                bssBANK3                            1C0      1C0       10      1A0       1
                bssBANK2                            120      120       44      120       1
                bssBANK1                             A0       A0       49       A0       1
                bssCOMMON                            78       78        4       70       1
                bitbssCOMMON                        3E0       7C        2       70       1     8
                nvBANK1                              E9       E9        4       A0       1
                nvCOMMON                             7D       7D        1       70       1
                stringtext                         1000     1000       66       20       0
                idataBANK3                         1227     1227       20     244E       0

TOTAL           Name                               Link     Load   Length     Space
        CLASS   STACK          

        CLASS   CONST          

        CLASS   CODE           
                end_init                             16       16        2         0
                cinit                                18       18       34         0
                intentry                              4        4       12         0
                reset_vec                             0        0        2         0
                text119                            1E3B     1E3B        B         0
                text118                            1EAE     1EAE        D         0
                text117                            1EBB     1EBB        D         0
                text116                            1F6D     1F6D       11         0
                text115                            1FC4     1FC4       14         0
                text114                            12AD     12AD       25         0
                text113                            1E46     1E46        B         0
                text112                            1F7E     1F7E       11         0
                text111                            1F0D     1F0D       10         0
                text110                             800      800       12         0
                text109                              4C       4C      1CB         0
                text108                            1434     1434       35         0
                text106                            1E51     1E51        B         0
                text105                             F5E      F5E       A2         0
                text104                            10FA     10FA       19         0
                text103                            1F1D     1F1D       10         0
                text102                            1DCB     1DCB        4         0
                text101                            1DCF     1DCF        4         0
                text100                            12D2     12D2       26         0
                text99                             1E72     1E72        C         0
                text98                             1113     1113       19         0
                text97                             11E9     11E9       1F         0
                text96                             12F8     12F8       2A         0
                text95                             13D3     13D3       30         0
                text94                             1DD3     1DD3        4         0
                text93                             1089     1089       15         0
                text92                             10B4     10B4       17         0
                text91                             1E5C     1E5C        B         0
                text90                             1E09     1E09        8         0
                text89                             1751     1751       54         0
                text88                              BBC      BBC       77         0
                text87                             1FB1     1FB1       13         0
                text86                             1F2D     1F2D       10         0
                text85                             1F3D     1F3D       10         0
                text84                             109E     109E       16         0
                text83                             1EEF     1EEF        F         0
                text82                              92B      92B       61         0
                text81                             1247     1247       22         0
                text80                              6BF      6BF       A9         0
                text79                              DA6      DA6       87         0
                text78                             162A     162A       46         0
                text77                              98C      98C       6C         0
                text76                             1FD8     1FD8       14         0
                text75                             1EFE     1EFE        F         0
                text74                             1E7E     1E7E        C         0
                text73                              EBD      EBD       A1         0
                text72                              C33      C33       79         0
                text71                             1E11     1E11        8         0
                text70                             1DF4     1DF4        7         0
                text69                             1379     1379       2D         0
                text68                             10CB     10CB       17         0
                text67                             1F8F     1F8F       11         0
                text66                             1208     1208       1F         0
                text65                             1FEC     1FEC       14         0
                text64                             1269     1269       22         0
                text63                              86F      86F       5E         0
                text62                              D27      D27       7F         0
                text61                             149E     149E       3E         0
                text60                              CAC      CAC       7B         0
                text59                             1E67     1E67        B         0
                text58                             112C     112C       19         0
                text57                             1E29     1E29        9         0
                text56                             1403     1403       31         0
                text55                              467      467       F6         0
                text54                             1E8A     1E8A        C         0
                text53                              9F8      9F8       6D         0
                text52                             15A0     15A0       45         0
                text51                             1FA0     1FA0       11         0
                text50                             1E96     1E96        C         0
                text49                             14DC     14DC       40         0
                text48                             1EA2     1EA2        C         0
                text47                             1DFB     1DFB        7         0
                text46                             1DD7     1DD7        4         0
                text45                             1DE8     1DE8        6         0
                text44                             1EC8     1EC8        D         0
                text43                             1145     1145       19         0
                text42                             1ED5     1ED5        D         0
                text41                             10E2     10E2       18         0
                text40                             115E     115E       1B         0
                text39                             1E02     1E02        7         0
                text38                             1DDB     1DDB        4         0
                text37                             11CC     11CC       1D         0
                text36                             1179     1179       1B         0
                text35                              8CD      8CD       5E         0
                text34                             155C     155C       44         0
                text33                             1E32     1E32        9         0
                text32                             1322     1322       2B         0
                text31                              371      371       F6         0
                text30                              55D      55D       B4         0
                text29                             17A5     17A5       5B         0
                text28                             128B     128B       22         0
                text27                             1469     1469       35         0
                text26                             151C     151C       40         0
                text25                             134D     134D       2C         0
                text24                              812      812       5D         0
                text23                              E2D      E2D       90         0
                text22                              768      768       92         0
                text21                             1670     1670       47         0
                text20                             16B7     16B7       4D         0
                text19                              611      611       AE         0
                text18                             1DDF     1DDF        4         0
                text17                             1DE3     1DE3        5         0
                text16                             1E19     1E19        8         0
                text15                             1EE2     1EE2        D         0
                text14                             1F4D     1F4D       10         0
                text13                             1F5D     1F5D       10         0
                text12                             15E5     15E5       45         0
                text11                              A65      A65       71         0
                text10                              AD6      AD6       72         0
                text9                              1066     1066        F         0
                text8                               217      217      15A         0
                text7                              1E21     1E21        8         0
                text6                                 2        2        2         0
                text5                              1194     1194       1C         0
                text4                              1075     1075       14         0
                text3                              13A6     13A6       2D         0
                text2                              11B0     11B0       1C         0
                text1                               B48      B48       74         0
                maintext                           1704     1704       4D         0
                inittext                           1DEE     1DEE        6         0
                clrtext                             7FA      7FA        6         0
                idataBANK3                         1227     1227       20         0

        CLASS   STRCODE        
                stringtext                         1000     1000       66         0

        CLASS   ENTRY          

        CLASS   STRING         

        CLASS   COMMON         
                cstackCOMMON                         70       70        8         1
                bssCOMMON                            78       78        4         1
                bitbssCOMMON                        3E0       7C        2         1
                nvCOMMON                             7D       7D        1         1

        CLASS   BANK0          
                cstackBANK0                          20       20       50         1

        CLASS   BANK1          
                bssBANK1                             A0       A0       49         1
                nvBANK1                              E9       E9        4         1

        CLASS   BANK2          
                bssBANK2                            120      120       44         1

        CLASS   BANK3          
                dataBANK3                           1A0      1A0       20         1
                bssBANK3                            1C0      1C0       10         1

        CLASS   BANK4          
                bssBANK4                            220      220       25         1

        CLASS   BANK5          

        CLASS   BANK6          

        CLASS   BANK7          

        CLASS   BANK8          

        CLASS   BANK9          

        CLASS   BANK10         

        CLASS   BANK11         

        CLASS   BANK12         

        CLASS   BIGRAM         

        CLASS   RAM            

        CLASS   ABS1           
                abs_s1                               7E       7E        2         1

        CLASS   SFR0           

        CLASS   SFR1           

        CLASS   SFR2           

        CLASS   SFR3           

        CLASS   SFR4           

        CLASS   SFR5           

        CLASS   SFR6           

        CLASS   SFR7           

        CLASS   SFR8           

        CLASS   SFR9           

        CLASS   SFR10          

        CLASS   SFR11          

        CLASS   SFR12          

        CLASS   SFR13          

        CLASS   SFR14          

        CLASS   SFR15          

        CLASS   SFR16          

        CLASS   SFR17          

        CLASS   SFR18          

        CLASS   SFR19          

        CLASS   SFR20          

        CLASS   SFR21          

        CLASS   SFR22          

        CLASS   SFR23          

        CLASS   SFR24          

        CLASS   SFR25          

        CLASS   SFR26          

        CLASS   SFR27          

        CLASS   SFR28          

        CLASS   SFR29          

        CLASS   SFR30          

        CLASS   SFR31          

        CLASS   CONFIG         
                config                             8007     8007        2         0

        CLASS   IDLOC          

        CLASS   BANK31         

        CLASS   BANK30         

        CLASS   BANK29         

        CLASS   BANK28         

        CLASS   BANK27         

        CLASS   BANK26         

        CLASS   BANK25         

        CLASS   BANK24         

        CLASS   BANK23         

        CLASS   BANK22         

        CLASS   BANK21         

        CLASS   BANK20         

        CLASS   BANK19         

        CLASS   BANK18         

        CLASS   BANK17         

        CLASS   BANK16         

        CLASS   BANK15         

        CLASS   BANK14         

        CLASS   BANK13         

        CLASS   EEDATA         



SEGMENTS        Name                           Load    Length   Top    Selector   Space  Class     Delta

                reset_vec                      000000  000004  000004         0       0  CODE        2
                intentry                       000004  0007FC  000800         8       0  CODE        2
                cstackBANK0                    000020  000050  000070        20       1  BANK0       1
                cstackCOMMON                   000070  00000E  00007E        70       1  COMMON      1
                bssBANK1                       0000A0  00004D  0000ED        A0       1  BANK1       1
                bssBANK2                       000120  000044  000164       120       1  BANK2       1
                dataBANK3                      0001A0  000030  0001D0       1A0       1  BANK3       1
                bssBANK4                       000220  000025  000245       220       1  BANK4       1
                text110                        000800  000012  000812      1000       0  CODE        2
                text24                         000812  00005D  00086F      1024       0  CODE        2
                text63                         00086F  00005E  0008CD      10DE       0  CODE        2
                text35                         0008CD  00005E  00092B      119A       0  CODE        2
                text82                         00092B  000061  00098C      1256       0  CODE        2
                text77                         00098C  00006C  0009F8      1318       0  CODE        2
                text53                         0009F8  00006D  000A65      13F0       0  CODE        2
                text11                         000A65  000071  000AD6      14CA       0  CODE        2
                text10                         000AD6  000072  000B48      15AC       0  CODE        2
                text1                          000B48  000074  000BBC      1690       0  CODE        2
                text88                         000BBC  000077  000C33      1778       0  CODE        2
                text72                         000C33  000079  000CAC      1866       0  CODE        2
                text60                         000CAC  00007B  000D27      1958       0  CODE        2
                text62                         000D27  00007F  000DA6      1A4E       0  CODE        2
                text79                         000DA6  000087  000E2D      1B4C       0  CODE        2
                text23                         000E2D  000090  000EBD      1C5A       0  CODE        2
                text73                         000EBD  0000A1  000F5E      1D7A       0  CODE        2
                text105                        000F5E  0000A2  001000      1EBC       0  CODE        2
                stringtext                     001000  000066  001066        20       0  STRCODE     2
                text9                          001066  00000F  001075      20CC       0  CODE        2
                text4                          001075  000014  001089      20EA       0  CODE        2
                text93                         001089  000015  00109E      2112       0  CODE        2
                text84                         00109E  000016  0010B4      213C       0  CODE        2
                text92                         0010B4  000017  0010CB      2168       0  CODE        2
                text68                         0010CB  000017  0010E2      2196       0  CODE        2
                text41                         0010E2  000018  0010FA      21C4       0  CODE        2
                text104                        0010FA  000019  001113      21F4       0  CODE        2
                text98                         001113  000019  00112C      2226       0  CODE        2
                text58                         00112C  000019  001145      2258       0  CODE        2
                text43                         001145  000019  00115E      228A       0  CODE        2
                text40                         00115E  00001B  001179      22BC       0  CODE        2
                text36                         001179  00001B  001194      22F2       0  CODE        2
                text5                          001194  00001C  0011B0      2328       0  CODE        2
                text2                          0011B0  00001C  0011CC      2360       0  CODE        2
                text37                         0011CC  00001D  0011E9      2398       0  CODE        2
                text97                         0011E9  00001F  001208      23D2       0  CODE        2
                text66                         001208  00001F  001227      2410       0  CODE        2
                idataBANK3                     001227  000020  001247      244E       0  CODE        2
                text81                         001247  000022  001269      248E       0  CODE        2
                text64                         001269  000022  00128B      24D2       0  CODE        2
                text28                         00128B  000022  0012AD      2516       0  CODE        2
                text114                        0012AD  000025  0012D2      255A       0  CODE        2
                text100                        0012D2  000026  0012F8      25A4       0  CODE        2
                text96                         0012F8  00002A  001322      25F0       0  CODE        2
                text32                         001322  00002B  00134D      2644       0  CODE        2
                text25                         00134D  00002C  001379      269A       0  CODE        2
                text69                         001379  00002D  0013A6      26F2       0  CODE        2
                text3                          0013A6  00002D  0013D3      274C       0  CODE        2
                text95                         0013D3  000030  001403      27A6       0  CODE        2
                text56                         001403  000031  001434      2806       0  CODE        2
                text108                        001434  000035  001469      2868       0  CODE        2
                text27                         001469  000035  00149E      28D2       0  CODE        2
                text61                         00149E  00003E  0014DC      293C       0  CODE        2
                text49                         0014DC  000040  00151C      29B8       0  CODE        2
                text26                         00151C  000040  00155C      2A38       0  CODE        2
                text34                         00155C  000044  0015A0      2AB8       0  CODE        2
                text52                         0015A0  000045  0015E5      2B40       0  CODE        2
                text12                         0015E5  000045  00162A      2BCA       0  CODE        2
                text78                         00162A  000046  001670      2C54       0  CODE        2
                text21                         001670  000047  0016B7      2CE0       0  CODE        2
                text20                         0016B7  00004D  001704      2D6E       0  CODE        2
                maintext                       001704  00004D  001751      2E08       0  CODE        2
                text89                         001751  000054  0017A5      2EA2       0  CODE        2
                text29                         0017A5  00005B  001800      2F4A       0  CODE        2
                text102                        001DCB  000004  001DCF      3B96       0  CODE        2
                text101                        001DCF  000004  001DD3      3B9E       0  CODE        2
                text94                         001DD3  000004  001DD7      3BA6       0  CODE        2
                text46                         001DD7  000004  001DDB      3BAE       0  CODE        2
                text38                         001DDB  000004  001DDF      3BB6       0  CODE        2
                text18                         001DDF  000004  001DE3      3BBE       0  CODE        2
                text17                         001DE3  000005  001DE8      3BC6       0  CODE        2
                text45                         001DE8  000006  001DEE      3BD0       0  CODE        2
                inittext                       001DEE  000006  001DF4      3BDC       0  CODE        2
                text70                         001DF4  000007  001DFB      3BE8       0  CODE        2
                text47                         001DFB  000007  001E02      3BF6       0  CODE        2
                text39                         001E02  000007  001E09      3C04       0  CODE        2
                text90                         001E09  000008  001E11      3C12       0  CODE        2
                text71                         001E11  000008  001E19      3C22       0  CODE        2
                text16                         001E19  000008  001E21      3C32       0  CODE        2
                text7                          001E21  000008  001E29      3C42       0  CODE        2
                text57                         001E29  000009  001E32      3C52       0  CODE        2
                text33                         001E32  000009  001E3B      3C64       0  CODE        2
                text119                        001E3B  00000B  001E46      3C76       0  CODE        2
                text113                        001E46  00000B  001E51      3C8C       0  CODE        2
                text106                        001E51  00000B  001E5C      3CA2       0  CODE        2
                text91                         001E5C  00000B  001E67      3CB8       0  CODE        2
                text59                         001E67  00000B  001E72      3CCE       0  CODE        2
                text99                         001E72  00000C  001E7E      3CE4       0  CODE        2
                text74                         001E7E  00000C  001E8A      3CFC       0  CODE        2
                text54                         001E8A  00000C  001E96      3D14       0  CODE        2
                text50                         001E96  00000C  001EA2      3D2C       0  CODE        2
                text48                         001EA2  00000C  001EAE      3D44       0  CODE        2
                text118                        001EAE  00000D  001EBB      3D5C       0  CODE        2
                text117                        001EBB  00000D  001EC8      3D76       0  CODE        2
                text44                         001EC8  00000D  001ED5      3D90       0  CODE        2
                text42                         001ED5  00000D  001EE2      3DAA       0  CODE        2
                text15                         001EE2  00000D  001EEF      3DC4       0  CODE        2
                text83                         001EEF  00000F  001EFE      3DDE       0  CODE        2
                text75                         001EFE  00000F  001F0D      3DFC       0  CODE        2
                text111                        001F0D  000010  001F1D      3E1A       0  CODE        2
                text103                        001F1D  000010  001F2D      3E3A       0  CODE        2
                text86                         001F2D  000010  001F3D      3E5A       0  CODE        2
                text85                         001F3D  000010  001F4D      3E7A       0  CODE        2
                text14                         001F4D  000010  001F5D      3E9A       0  CODE        2
                text13                         001F5D  000010  001F6D      3EBA       0  CODE        2
                text116                        001F6D  000011  001F7E      3EDA       0  CODE        2
                text112                        001F7E  000011  001F8F      3EFC       0  CODE        2
                text67                         001F8F  000011  001FA0      3F1E       0  CODE        2
                text51                         001FA0  000011  001FB1      3F40       0  CODE        2
                text87                         001FB1  000013  001FC4      3F62       0  CODE        2
                text115                        001FC4  000014  001FD8      3F88       0  CODE        2
                text76                         001FD8  000014  001FEC      3FB0       0  CODE        2
                text65                         001FEC  000014  002000      3FD8       0  CODE        2
                config                         008007  000002  008009     1000E       0  CONFIG      2


UNUSED ADDRESS RANGES

        Name                Unused          Largest block    Delta
        BANK1            000ED-000EF               3           1
        BANK10           00520-0056F              50           1
        BANK11           005A0-005EF              50           1
        BANK12           00620-0064F              30           1
        BANK2            00164-0016F               C           1
        BANK3            001D0-001EF              20           1
        BANK4            00245-0026F              2B           1
        BANK5            002A0-002EF              50           1
        BANK6            00320-0036F              50           1
        BANK7            003A0-003EF              50           1
        BANK8            00420-0046F              50           1
        BANK9            004A0-004EF              50           1
        BIGRAM           02000-023EF             3F0           1
        CODE             01800-01DCA             5CB           2
                         02000-03FFF             800
        CONST            01800-01DCA             100           2
                         02000-03FFF             100
        ENTRY            01800-01DCA             100           2
                         02000-03FFF             100
        IDLOC            08000-08003               4           2
        RAM              000ED-000EF               3           1
                         00164-0016F               C
                         001D0-001EF              20
                         00245-0026F              2B
                         002A0-002EF              50
                         00320-0036F              50
                         003A0-003EF              50
                         00420-0046F              50
                         004A0-004EF              50
                         00520-0056F              50
                         005A0-005EF              50
                         00620-0064F              30
        SFR0             00000-0001F              20           1
        SFR1             00080-0009F              20           1
        SFR10            00500-0051F              20           1
        SFR11            00580-0059F              20           1
        SFR12            00600-0061F              20           1
        SFR13            00680-006EF              70           1
        SFR14            00700-0076F              70           1
        SFR15            00780-007EF              70           1
        SFR16            00800-0086F              70           1
        SFR17            00880-008EF              70           1
        SFR18            00900-0096F              70           1
        SFR19            00980-009EF              70           1
        SFR2             00100-0011F              20           1
        SFR20            00A00-00A6F              70           1
        SFR21            00A80-00AEF              70           1
        SFR22            00B00-00B6F              70           1
        SFR23            00B80-00BEF              70           1
        SFR24            00C00-00C6F              70           1
        SFR25            00C80-00CEF              70           1
        SFR26            00D00-00D6F              70           1
        SFR27            00D80-00DEF              70           1
        SFR28            00E00-00E6F              70           1
        SFR29            00E80-00EEF              70           1
        SFR3             00180-0019F              20           1
        SFR30            00F00-00F6F              70           1
        SFR31            00F80-00FEF              70           1
        SFR4             00200-0021F              20           1
        SFR5             00280-0029F              20           1
        SFR6             00300-0031F              20           1
        SFR7             00380-0039F              20           1
        SFR8             00400-0041F              20           1
        SFR9             00480-0049F              20           1
        STACK            02165-0231F             1BB           1
        STRCODE          01800-01DCA             5CB           2
                         02000-03FFF            2000
        STRING           01800-01DCA             100           2
                         02000-03FFF             100

                                  Symbol Table

?___awdiv                                cstackBANK0  00020
?___awtoft                               cstackBANK0  00028
?___ftadd                                cstackBANK0  0003E
?___ftdiv                                cstackBANK0  0002E
?___ftmul                                cstackBANK0  0002E
?___ftpack                               cstackBANK0  00020
?___fttol                                cstackBANK0  0004B
CC2500_InitPATable@loop_d                cstackBANK0  00027
CC2500_InitPATable@temp                  cstackBANK0  00026
CC2500_InitSetREG@loop_c                 cstackBANK0  00028
CC2500_InitSetREG@temp1                  cstackBANK0  00026
CC2500_InitSetREG@temp2                  cstackBANK0  00027
CC2500_ReadByte@loop_b                   cstackBANK0  00021
CC2500_ReadStatus@status_addr            cstackBANK0  00023
CC2500_RxData@loop_f                     cstackBANK0  00025
CC2500_TxData@loop_e                     cstackBANK0  00025
CC2500_WriteByte@loop_a                  cstackBANK0  00021
CC2500_WriteCommand@command              cstackBANK0  00023
CC2500_WriteREG@value                    cstackBANK0  00022
CC2500_WriteREG@w_addr                   cstackBANK0  00024
DelayOffPointSelect@sw                   cstackBANK0  00021
DelayTime_1us@count                      cstackBANK0  00020
DelayTime_1us@i                          cstackBANK0  00022
DelayTime_1us@j                          cstackBANK0  00024
DelayTimejudge@i                         cstackBANK0  00022
DelayTimejudge@value                     cstackBANK0  00021
DimmerIntrIOCPointSelect@lights          cstackCOMMON 00071
DimmerIntrPointSelect@lights             cstackCOMMON 00071
DimmerLightsPointSelect@lights           cstackBANK0  00021
DlyOff_Initialization@sw                 cstackBANK0  00022
DlyOff_Main@sw                           cstackBANK0  00064
Flash_Memory_Initialization@i            cstackBANK0  0005E
Flash_Memory_Modify@i                    cstackBANK0  00026
Flash_Memory_Read@address                cstackBANK0  00022
Flash_Memory_Read@i                      cstackBANK0  00021
Flash_Memory_Read@ret                    cstackBANK0  00023
Flash_Memory_Write@i                     cstackBANK0  00021
LedPointSelect@led                       cstackBANK0  00021
RF_RxDisable@rf                          cstackBANK0  00024
RfPointSelect@rf                         cstackBANK0  00021
RfSWPointSelect@sw                       cstackBANK0  00021
SwPointSelect@sw                         cstackBANK0  00021
Sw_DimmerAdjFunc@Idle                    cstackBANK0  00024
Sw_DimmerAdjFunc@sw                      cstackBANK0  00025
Sw_DimmerOffFunc@sw                      cstackBANK0  00064
Sw_DimmerOnFunc@Idle                     cstackBANK0  00062
Sw_DimmerOnFunc@sw                       cstackBANK0  00063
_ADCON0                                  (abs)        0009D
_ADCON1                                  (abs)        0009E
_ADC_Set                                 text47       01DFB
_ADRESH                                  (abs)        0009C
_ADRESL                                  (abs)        0009B
_ANSELA                                  (abs)        0018C
_ANSELB                                  (abs)        0018D
_ANSELC                                  (abs)        0018E
_Buz                                     bssCOMMON    00078
_Buz1                                    bssBANK2     0013E
_Buz_Counter                             text111      01F0D
_Buzzer_Initialization                   text106      01E51
_Buzzer_Main                             text105      00F5E
_CC2500_ClearRXFIFO                      text102      01DCB
_CC2500_ClearTXFIFO                      text101      01DCF
_CC2500_FrequencyCabr                    text99       01E72
_CC2500_InitPATable                      text97       011E9
_CC2500_InitSetREG                       text96       012F8
_CC2500_PowerOnInitial                   text93       01089
_CC2500_PowerRST                         text95       013D3
_CC2500_ReadByte                         text37       011CC
_CC2500_ReadStatus                       text36       01179
_CC2500_RxData                           text35       008CD
_CC2500_SIDLEMode                        text94       01DD3
_CC2500_TxData                           text34       0155C
_CC2500_WriteByte                        text104      010FA
_CC2500_WriteCommand                     text103      01F1D
_CC2500_WriteREG                         text98       01113
_CC2500_patable_vaule                    stringtext   0105E
_CC2500_registers_address                stringtext   01000
_CC2500_rfSettings                       stringtext   0102F
_CFGS                                    (abs)        00CAE
_CRC                                     bssBANK1     000B7
_DelayOff                                bssBANK1     000B8
_DelayOffPointSelect                     text92       010B4
_DelayOff_Initialization                 text90       01E09
_DelayOff_Main                           text71       01E11
_DelayTime_1us                           text100      012D2
_DelayTimejudge                          text25       0134D
_Dimmer                                  bssBANK1     000B9
_Dimmer1                                 bssBANK1     000E2
_DimmerIntrIOCPointSelect                text115      01FC4
_DimmerIntrPointSelect                   text110      00800
_DimmerLights                            bssCOMMON    00079
_DimmerLights1                           bssBANK2     00120
_DimmerLights11                          bssBANK1     000BA
_DimmerLights2                           bssBANK2     0012F
_DimmerLights22                          bssBANK1     000BB
_DimmerLightsIntr                        bssCOMMON    0007A
_DimmerLightsIntrIOC                     bssBANK1     000BC
_DimmerLightsPointSelect                 text87       01FB1
_DimmerLights_Close                      text65       01FEC
_DimmerLights_Initialization             text68       010CB
_DimmerLights_Main                       text59       01E67
_Dimmer_Initialization                   text70       01DF4
_DlyOff_Initialization                   text91       01E5C
_DlyOff_Main                             text72       00C33
_DlySw1                                  bssBANK1     000C7
_DlySw2                                  bssBANK1     000CC
_FREE                                    (abs)        00CAC
_FVRCON                                  (abs)        00117
_Flash_Memory_Erasing                    text54       01E8A
_Flash_Memory_Initialization             text55       00467
_Flash_Memory_Main                       text52       015A0
_Flash_Memory_Modify                     text53       009F8
_Flash_Memory_Read                       text58       0112C
_Flash_Memory_Unlock                     text57       01E29
_Flash_Memory_Write                      text56       01403
_Fosc_Set                                text46       01DD7
_GIE                                     (abs)        0005F
_GO_nDONE                                (abs)        004E9
_INTE                                    (abs)        0005C
_INTF                                    (abs)        00059
_INT_ISR                                 text116      01F6D
_INT_Set                                 text45       01DE8
_IOCBF                                   (abs)        00396
_IOCBF2                                  (abs)        01CB2
_IOCBN                                   (abs)        00395
_IOCBP                                   (abs)        00394
_IOCIE                                   (abs)        0005B
_IOCIF                                   (abs)        00058
_IOC_ISR                                 text112      01F7E
_IOC_Set                                 text44       01EC8
_IO_Set                                  text43       01145
_ISR                                     intentry     00004
_LATA                                    (abs)        0010C
_LATB                                    (abs)        0010D
_LATC                                    (abs)        0010E
_LED                                     bssBANK1     000BD
_LED_Initialization                      text50       01E96
_LED_Main                                text48       01EA2
_LWLO                                    (abs)        00CAD
_LedPointSelect                          text64       01269
_Mcu_Initialization                      text40       0115E
_Memory                                  nvBANK1      000EC
_OPTION_REG                              (abs)        00095
_OSCCON                                  (abs)        00099
_PEIE                                    (abs)        0005E
_PMADRH                                  (abs)        00192
_PMADRL                                  (abs)        00191
_PMCON2                                  (abs)        00196
_PMDATH                                  (abs)        00194
_PMDATL                                  (abs)        00193
_PORTA                                   (abs)        0000C
_PORTB                                   (abs)        0000D
_PORTC                                   (abs)        0000E
_RA0                                     (abs)        00060
_RA3                                     (abs)        00063
_RA4                                     (abs)        00064
_RA6                                     (abs)        00066
_RA7                                     (abs)        00067
_RB0                                     (abs)        00068
_RB1                                     (abs)        00069
_RB3                                     (abs)        0006B
_RB4                                     (abs)        0006C
_RB5                                     (abs)        0006D
_RC0                                     (abs)        00070
_RC1                                     (abs)        00071
_RC2                                     (abs)        00072
_RC4                                     (abs)        00074
_RC5                                     (abs)        00075
_RC7                                     (abs)        00077
_RD                                      (abs)        00CA8
_RF                                      bssBANK1     000BE
_RF1                                     bssBANK1     000D1
_RFSW                                    bssBANK1     000BF
_RFSW1                                   bssBANK1     000E7
_RFSW2                                   bssBANK1     000E8
_RF_Count                                bssBANK1     000B5
_RF_Data                                 bssBANK1     000A0
_RF_Initialization                       text38       01DDB
_RF_Main                                 text18       01DDF
_RF_RxDisable                            text32       01322
_RSSI                                    bssBANK1     000C0
_Receive_OK                              bitbssCOMMON 003E0
_RfPointSelect                           text74       01E7E
_RfSWPointSelect                         text84       0109E
_Rx_Length                               bssBANK1     000C1
_SPI0Buffer                              bssBANK1     000C2
_Sw                                      bssCOMMON    0007B
_Sw1                                     bssBANK2     0014A
_Sw2                                     bssBANK2     00153
_SwPointSelect                           text76       01FD8
_Sw_DimmerAdjFunc                        text12       015E5
_Sw_DimmerOffFunc                        text11       00A65
_Sw_DimmerOnFunc                         text10       00AD6
_Switch_Initialization                   text15       01EE2
_Switch_Main                             text7        01E21
_TMR0                                    (abs)        00015
_TMR0IE                                  (abs)        0005D
_TMR0IF                                  (abs)        0005A
_TMR0_ISR                                text108      01434
_TMR0_Set                                text42       01ED5
_TRISA                                   (abs)        0008C
_TRISB                                   (abs)        0008D
_TRISC                                   (abs)        0008E
_Timer0                                  nvBANK1      000E9
_TouchPower                              text17       01DE3
_Transceive_OK                           bitbssCOMMON 003E1
_Tx_Length                               bssBANK1     000C3
_VarErrLED                               bssBANK1     000D6
_VarLED1                                 bssBANK1     000DA
_VarLED2                                 bssBANK1     000DE
_VarMemory                               bssBANK4     00220
_VarTimer0                               bssBANK2     0015C
_WDT                                     nvBANK1      000EA
_WDTCON                                  (abs)        00097
_WDT_Clearing                            text6        00002
_WDT_Main                                text5        01194
_WDT_Set                                 text41       010E2
_WPUB0                                   (abs)        01068
_WPUB1                                   (abs)        01069
_WPUB2                                   (abs)        0106A
_WR                                      (abs)        00CA9
_WREN                                    (abs)        00CAA
__CFG_BOREN$OFF                          (abs)        00000
__CFG_FOSC$INTOSC                        (abs)        00000
__CFG_VCAPEN$OFF                         (abs)        00000
__CFG_WRT$HALF                           (abs)        00000
__Habs1                                  abs1         00000
__Hbank0                                 bank0        00000
__Hbank1                                 bank1        00000
__Hbank10                                bank10       00000
__Hbank11                                bank11       00000
__Hbank12                                bank12       00000
__Hbank13                                bank13       00000
__Hbank14                                bank14       00000
__Hbank15                                bank15       00000
__Hbank16                                bank16       00000
__Hbank17                                bank17       00000
__Hbank18                                bank18       00000
__Hbank19                                bank19       00000
__Hbank2                                 bank2        00000
__Hbank20                                bank20       00000
__Hbank21                                bank21       00000
__Hbank22                                bank22       00000
__Hbank23                                bank23       00000
__Hbank24                                bank24       00000
__Hbank25                                bank25       00000
__Hbank26                                bank26       00000
__Hbank27                                bank27       00000
__Hbank28                                bank28       00000
__Hbank29                                bank29       00000
__Hbank3                                 bank3        00000
__Hbank30                                bank30       00000
__Hbank31                                bank31       00000
__Hbank4                                 bank4        00000
__Hbank5                                 bank5        00000
__Hbank6                                 bank6        00000
__Hbank7                                 bank7        00000
__Hbank8                                 bank8        00000
__Hbank9                                 bank9        00000
__Hbigram                                bigram       00000
__HbitbssCOMMON                          bitbssCOMMON 00000
__HbssBANK1                              bssBANK1     00000
__HbssBANK2                              bssBANK2     00000
__HbssBANK3                              bssBANK3     00000
__HbssBANK4                              bssBANK4     00000
__HbssCOMMON                             bssCOMMON    00000
__Hcinit                                 cinit        0004C
__Hclrtext                               clrtext      00000
__Hcode                                  code         00000
__Hcommon                                common       00000
__Hconfig                                config       08009
__HcstackBANK0                           cstackBANK0  00000
__HcstackCOMMON                          cstackCOMMON 00000
__HdataBANK3                             dataBANK3    00000
__Heeprom_data                           eeprom_data  00000
__Hend_init                              end_init     00018
__Hfunctab                               functab      00000
__HidataBANK3                            idataBANK3   00000
__Hidloc                                 idloc        00000
__Hinit                                  init         00016
__Hinittext                              inittext     00000
__Hintentry                              intentry     00016
__Hmaintext                              maintext     00000
__HnvBANK1                               nvBANK1      00000
__HnvCOMMON                              nvCOMMON     00000
__Hpowerup                               powerup      00000
__Hram                                   ram          00000
__Hreset_vec                             reset_vec    00002
__Hsfr0                                  sfr0         00000
__Hsfr1                                  sfr1         00000
__Hsfr10                                 sfr10        00000
__Hsfr11                                 sfr11        00000
__Hsfr12                                 sfr12        00000
__Hsfr13                                 sfr13        00000
__Hsfr14                                 sfr14        00000
__Hsfr15                                 sfr15        00000
__Hsfr16                                 sfr16        00000
__Hsfr17                                 sfr17        00000
__Hsfr18                                 sfr18        00000
__Hsfr19                                 sfr19        00000
__Hsfr2                                  sfr2         00000
__Hsfr20                                 sfr20        00000
__Hsfr21                                 sfr21        00000
__Hsfr22                                 sfr22        00000
__Hsfr23                                 sfr23        00000
__Hsfr24                                 sfr24        00000
__Hsfr25                                 sfr25        00000
__Hsfr26                                 sfr26        00000
__Hsfr27                                 sfr27        00000
__Hsfr28                                 sfr28        00000
__Hsfr29                                 sfr29        00000
__Hsfr3                                  sfr3         00000
__Hsfr30                                 sfr30        00000
__Hsfr31                                 sfr31        00000
__Hsfr4                                  sfr4         00000
__Hsfr5                                  sfr5         00000
__Hsfr6                                  sfr6         00000
__Hsfr7                                  sfr7         00000
__Hsfr8                                  sfr8         00000
__Hsfr9                                  sfr9         00000
__Hspace_0                               (abs)        08009
__Hspace_1                               (abs)        003E2
__Hspace_2                               (abs)        00000
__Hspace_3                               (abs)        00000
__Hstack                                 stack        00000
__Hstrings                               strings      00000
__Hstringtext                            stringtext   00000
__Htext                                  text         00000
__Labs1                                  abs1         00000
__Lbank0                                 bank0        00000
__Lbank1                                 bank1        00000
__Lbank10                                bank10       00000
__Lbank11                                bank11       00000
__Lbank12                                bank12       00000
__Lbank13                                bank13       00000
__Lbank14                                bank14       00000
__Lbank15                                bank15       00000
__Lbank16                                bank16       00000
__Lbank17                                bank17       00000
__Lbank18                                bank18       00000
__Lbank19                                bank19       00000
__Lbank2                                 bank2        00000
__Lbank20                                bank20       00000
__Lbank21                                bank21       00000
__Lbank22                                bank22       00000
__Lbank23                                bank23       00000
__Lbank24                                bank24       00000
__Lbank25                                bank25       00000
__Lbank26                                bank26       00000
__Lbank27                                bank27       00000
__Lbank28                                bank28       00000
__Lbank29                                bank29       00000
__Lbank3                                 bank3        00000
__Lbank30                                bank30       00000
__Lbank31                                bank31       00000
__Lbank4                                 bank4        00000
__Lbank5                                 bank5        00000
__Lbank6                                 bank6        00000
__Lbank7                                 bank7        00000
__Lbank8                                 bank8        00000
__Lbank9                                 bank9        00000
__Lbigram                                bigram       00000
__LbitbssCOMMON                          bitbssCOMMON 00000
__LbssBANK1                              bssBANK1     00000
__LbssBANK2                              bssBANK2     00000
__LbssBANK3                              bssBANK3     00000
__LbssBANK4                              bssBANK4     00000
__LbssCOMMON                             bssCOMMON    00000
__Lcinit                                 cinit        00018
__Lclrtext                               clrtext      00000
__Lcode                                  code         00000
__Lcommon                                common       00000
__Lconfig                                config       08007
__LcstackBANK0                           cstackBANK0  00000
__LcstackCOMMON                          cstackCOMMON 00000
__LdataBANK3                             dataBANK3    00000
__Leeprom_data                           eeprom_data  00000
__Lend_init                              end_init     00016
__Lfunctab                               functab      00000
__LidataBANK3                            idataBANK3   00000
__Lidloc                                 idloc        00000
__Linit                                  init         00016
__Linittext                              inittext     00000
__Lintentry                              intentry     00004
__Lmaintext                              maintext     00000
__LnvBANK1                               nvBANK1      00000
__LnvCOMMON                              nvCOMMON     00000
__Lpowerup                               powerup      00000
__Lram                                   ram          00000
__Lreset_vec                             reset_vec    00000
__Lsfr0                                  sfr0         00000
__Lsfr1                                  sfr1         00000
__Lsfr10                                 sfr10        00000
__Lsfr11                                 sfr11        00000
__Lsfr12                                 sfr12        00000
__Lsfr13                                 sfr13        00000
__Lsfr14                                 sfr14        00000
__Lsfr15                                 sfr15        00000
__Lsfr16                                 sfr16        00000
__Lsfr17                                 sfr17        00000
__Lsfr18                                 sfr18        00000
__Lsfr19                                 sfr19        00000
__Lsfr2                                  sfr2         00000
__Lsfr20                                 sfr20        00000
__Lsfr21                                 sfr21        00000
__Lsfr22                                 sfr22        00000
__Lsfr23                                 sfr23        00000
__Lsfr24                                 sfr24        00000
__Lsfr25                                 sfr25        00000
__Lsfr26                                 sfr26        00000
__Lsfr27                                 sfr27        00000
__Lsfr28                                 sfr28        00000
__Lsfr29                                 sfr29        00000
__Lsfr3                                  sfr3         00000
__Lsfr30                                 sfr30        00000
__Lsfr31                                 sfr31        00000
__Lsfr4                                  sfr4         00000
__Lsfr5                                  sfr5         00000
__Lsfr6                                  sfr6         00000
__Lsfr7                                  sfr7         00000
__Lsfr8                                  sfr8         00000
__Lsfr9                                  sfr9         00000
__Lspace_0                               (abs)        00000
__Lspace_1                               (abs)        00000
__Lspace_2                               (abs)        00000
__Lspace_3                               (abs)        00000
__Lstack                                 stack        00000
__Lstrings                               strings      00000
__Lstringtext                            stringtext   00000
__Ltext                                  text         00000
__S0                                     (abs)        08009
__S1                                     (abs)        00245
__S2                                     (abs)        00000
__WDT                                    bssBANK1     000E5
___awdiv                                 text89       01751
___awdiv@counter                         cstackBANK0  00025
___awdiv@dividend                        cstackBANK0  00022
___awdiv@divisor                         cstackBANK0  00020
___awdiv@quotient                        cstackBANK0  00027
___awdiv@sign                            cstackBANK0  00026
___awtoft                                text81       01247
___awtoft@c                              cstackBANK0  00028
___awtoft@sign                           cstackBANK0  0002D
___ftadd                                 text31       00371
___ftadd@exp1                            cstackBANK0  0004A
___ftadd@exp2                            cstackBANK0  00049
___ftadd@f1                              cstackBANK0  0003E
___ftadd@f2                              cstackBANK0  00041
___ftadd@sign                            cstackBANK0  00048
___ftdiv                                 text80       006BF
___ftdiv@cntr                            cstackBANK0  00038
___ftdiv@exp                             cstackBANK0  0003C
___ftdiv@f1                              cstackBANK0  00031
___ftdiv@f2                              cstackBANK0  0002E
___ftdiv@f3                              cstackBANK0  00039
___ftdiv@sign                            cstackBANK0  0003D
___ftmul                                 text30       0055D
___ftmul@cntr                            cstackBANK0  0003C
___ftmul@exp                             cstackBANK0  00038
___ftmul@f1                              cstackBANK0  0002E
___ftmul@f2                              cstackBANK0  00031
___ftmul@f3_as_product                   cstackBANK0  00039
___ftmul@sign                            cstackBANK0  0003D
___ftpack                                text82       0092B
___ftpack@arg                            cstackBANK0  00020
___ftpack@exp                            cstackBANK0  00023
___ftpack@sign                           cstackBANK0  00024
___fttol                                 text79       00DA6
___fttol@exp1                            cstackBANK0  00058
___fttol@f1                              cstackBANK0  0004B
___fttol@lval                            cstackBANK0  00054
___fttol@sign1                           cstackBANK0  00053
___int_sp                                stack        00000
___latbits                               (abs)        00003
___sp                                    stack        00000
__end_of_ADC_Set                         text47       01E02
__end_of_Buz_Counter                     text111      01F1D
__end_of_Buzzer_Initialization           text106      01E5C
__end_of_Buzzer_Main                     text105      01000
__end_of_CC2500_ClearRXFIFO              text102      01DCF
__end_of_CC2500_ClearTXFIFO              text101      01DD3
__end_of_CC2500_FrequencyCabr            text99       01E7E
__end_of_CC2500_InitPATable              text97       01208
__end_of_CC2500_InitSetREG               text96       01322
__end_of_CC2500_PowerOnInitial           text93       0109E
__end_of_CC2500_PowerRST                 text95       01403
__end_of_CC2500_ReadByte                 text37       011E9
__end_of_CC2500_ReadStatus               text36       01194
__end_of_CC2500_RxData                   text35       0092B
__end_of_CC2500_SIDLEMode                text94       01DD7
__end_of_CC2500_TxData                   text34       015A0
__end_of_CC2500_WriteByte                text104      01113
__end_of_CC2500_WriteCommand             text103      01F2D
__end_of_CC2500_WriteREG                 text98       0112C
__end_of_CC2500_patable_vaule            stringtext   01066
__end_of_CC2500_registers_address        stringtext   0102F
__end_of_CC2500_rfSettings               stringtext   0105E
__end_of_DelayOffPointSelect             text92       010CB
__end_of_DelayOff_Initialization         text90       01E11
__end_of_DelayOff_Main                   text71       01E19
__end_of_DelayTime_1us                   text100      012F8
__end_of_DelayTimejudge                  text25       01379
__end_of_DimmerIntrIOCPointSelect        text115      01FD8
__end_of_DimmerIntrPointSelect           text110      00812
__end_of_DimmerLightsPointSelect         text87       01FC4
__end_of_DimmerLights_Close              text65       02000
__end_of_DimmerLights_Initialization     text68       010E2
__end_of_DimmerLights_Main               text59       01E72
__end_of_Dimmer_Initialization           text70       01DFB
__end_of_DlyOff_Initialization           text91       01E67
__end_of_DlyOff_Main                     text72       00CAC
__end_of_Flash_Memory_Erasing            text54       01E96
__end_of_Flash_Memory_Initialization     text55       0055D
__end_of_Flash_Memory_Main               text52       015E5
__end_of_Flash_Memory_Modify             text53       00A65
__end_of_Flash_Memory_Read               text58       01145
__end_of_Flash_Memory_Unlock             text57       01E32
__end_of_Flash_Memory_Write              text56       01434
__end_of_Fosc_Set                        text46       01DDB
__end_of_INT_ISR                         text116      01F7E
__end_of_INT_Set                         text45       01DEE
__end_of_IOC_ISR                         text112      01F8F
__end_of_IOC_Set                         text44       01ED5
__end_of_IO_Set                          text43       0115E
__end_of_ISR                             intentry     00016
__end_of_LED_Initialization              text50       01EA2
__end_of_LED_Main                        text48       01EAE
__end_of_LedPointSelect                  text64       0128B
__end_of_Mcu_Initialization              text40       01179
__end_of_RF_Initialization               text38       01DDF
__end_of_RF_Main                         text18       01DE3
__end_of_RF_RxDisable                    text32       0134D
__end_of_RfPointSelect                   text74       01E8A
__end_of_RfSWPointSelect                 text84       010B4
__end_of_SwPointSelect                   text76       01FEC
__end_of_Sw_DimmerAdjFunc                text12       0162A
__end_of_Sw_DimmerOffFunc                text11       00AD6
__end_of_Sw_DimmerOnFunc                 text10       00B48
__end_of_Switch_Initialization           text15       01EEF
__end_of_Switch_Main                     text7        01E29
__end_of_TMR0_ISR                        text108      01469
__end_of_TMR0_Set                        text42       01EE2
__end_of_TouchPower                      text17       01DE8
__end_of_WDT_Clearing                    text6        00004
__end_of_WDT_Main                        text5        011B0
__end_of_WDT_Set                         text41       010FA
__end_of___awdiv                         text89       017A5
__end_of___awtoft                        text81       01269
__end_of___ftadd                         text31       00467
__end_of___ftdiv                         text80       00768
__end_of___ftmul                         text30       00611
__end_of___ftpack                        text82       0098C
__end_of___fttol                         text79       00E2D
__end_of__initialization                 cinit        00048
__end_of_getDimmerLights_StatusFlag      text67       01FA0
[...]
      Totals:         2       0       0       0       0       0       0       0       0       0       0       0       0       0
Total ram usage:        2 bytes
 Hardware stack levels used:    1
 This function calls:
		Nothing
 This function is called by:
		_setDimmerLights_IntrControl
 This function uses a non-reentrant model


 *************** function _Buz_Counter *****************
 Defined at:
		line 23 in file "../src/Buzzer_B1.c"
 Parameters:    Size  Location     Type
		None
 Auto vars:     Size  Location     Type
		None
 Return value:  Size  Location     Type
		None               void
 Registers used:
		wreg, fsr1l, fsr1h, status,2, status,0
 Tracked objects:
		On entry : 
		On exit  : 
		Unchanged: 
 Data sizes:     COMMON   BANK0   BANK1   BANK2   BANK3   BANK4   BANK5   BANK6   BANK7   BANK8   BANK9  BANK10  BANK11  BANK12
      Params:         0       0       0       0       0       0       0       0       0       0       0       0       0       0
      Locals:         0       0       0       0       0       0       0       0       0       0       0       0       0       0
      Temps:          0       0       0       0       0       0       0       0       0       0       0       0       0       0
      Totals:         0       0       0       0       0       0       0       0       0       0       0       0       0       0
Total ram usage:        0 bytes
 Hardware stack levels used:    1
 This function calls:
		Nothing
 This function is called by:
		_TMR0_ISR
 This function uses a non-reentrant model


 *************** function _IOC_ISR *****************
 Defined at:
		line 298 in file "../src/MCU_B1.c"
 Parameters:    Size  Location     Type
		None
 Auto vars:     Size  Location     Type
		None
 Return value:  Size  Location     Type
		None               void
 Registers used:
		wreg, fsr1l, fsr1h, status,2, status,0, pclath, cstack
 Tracked objects:
		On entry : 
		On exit  : 
		Unchanged: 
 Data sizes:     COMMON   BANK0   BANK1   BANK2   BANK3   BANK4   BANK5   BANK6   BANK7   BANK8   BANK9  BANK10  BANK11  BANK12
      Params:         0       0       0       0       0       0       0       0       0       0       0       0       0       0
      Locals:         0       0       0       0       0       0       0       0       0       0       0       0       0       0
      Temps:          0       0       0       0       0       0       0       0       0       0       0       0       0       0
      Totals:         0       0       0       0       0       0       0       0       0       0       0       0       0       0
Total ram usage:        0 bytes
 Hardware stack levels used:    1
 Hardware stack levels required when called:    3
 This function calls:
		_setDimmerReClock
 This function is called by:
		_ISR
 This function uses a non-reentrant model


 *************** function _setDimmerReClock *****************
 Defined at:
		line 175 in file "../src/MCU_B1.c"
 Parameters:    Size  Location     Type
		None
 Auto vars:     Size  Location     Type
		None
 Return value:  Size  Location     Type
		None               void
 Registers used:
		wreg, fsr1l, fsr1h, status,2, status,0, pclath, cstack
 Tracked objects:
		On entry : 
		On exit  : 
		Unchanged: 
 Data sizes:     COMMON   BANK0   BANK1   BANK2   BANK3   BANK4   BANK5   BANK6   BANK7   BANK8   BANK9  BANK10  BANK11  BANK12
      Params:         0       0       0       0       0       0       0       0       0       0       0       0       0       0
      Locals:         0       0       0       0       0       0       0       0       0       0       0       0       0       0
      Temps:          0       0       0       0       0       0       0       0       0       0       0       0       0       0
      Totals:         0       0       0       0       0       0       0       0       0       0       0       0       0       0
Total ram usage:        0 bytes
 Hardware stack levels used:    1
 Hardware stack levels required when called:    2
 This function calls:
		_setDimmerLights_IntrIOC_GO
 This function is called by:
		_IOC_ISR
 This function uses a non-reentrant model


 *************** function _setDimmerLights_IntrIOC_GO *****************
 Defined at:
		line 28 in file "../src/Dimmer_B1.c"
 Parameters:    Size  Location     Type
  lights          1    wreg     unsigned char 
 Auto vars:     Size  Location     Type
  lights          1    2[COMMON] unsigned char 
 Return value:  Size  Location     Type
		None               void
 Registers used:
		wreg, fsr1l, fsr1h, status,2, status,0, pclath, cstack
 Tracked objects:
		On entry : 
		On exit  : 
		Unchanged: 
 Data sizes:     COMMON   BANK0   BANK1   BANK2   BANK3   BANK4   BANK5   BANK6   BANK7   BANK8   BANK9  BANK10  BANK11  BANK12
      Params:         0       0       0       0       0       0       0       0       0       0       0       0       0       0
      Locals:         1       0       0       0       0       0       0       0       0       0       0       0       0       0
      Temps:          0       0       0       0       0       0       0       0       0       0       0       0       0       0
      Totals:         1       0       0       0       0       0       0       0       0       0       0       0       0       0
Total ram usage:        1 bytes
 Hardware stack levels used:    1
 Hardware stack levels required when called:    1
 This function calls:
		_DimmerIntrIOCPointSelect
 This function is called by:
		_setDimmerReClock
 This function uses a non-reentrant model


 *************** function _DimmerIntrIOCPointSelect *****************
 Defined at:
		line 8 in file "../src/Dimmer_B1.c"
 Parameters:    Size  Location     Type
  lights          1    wreg     unsigned char 
 Auto vars:     Size  Location     Type
  lights          1    1[COMMON] unsigned char 
 Return value:  Size  Location     Type
		None               void
 Registers used:
		wreg
 Tracked objects:
		On entry : 
		On exit  : 
		Unchanged: 
 Data sizes:     COMMON   BANK0   BANK1   BANK2   BANK3   BANK4   BANK5   BANK6   BANK7   BANK8   BANK9  BANK10  BANK11  BANK12
      Params:         0       0       0       0       0       0       0       0       0       0       0       0       0       0
      Locals:         1       0       0       0       0       0       0       0       0       0       0       0       0       0
      Temps:          1       0       0       0       0       0       0       0       0       0       0       0       0       0
      Totals:         2       0       0       0       0       0       0       0       0       0       0       0       0       0
Total ram usage:        2 bytes
 Hardware stack levels used:    1
 This function calls:
		Nothing
 This function is called by:
		_setDimmerLights_IntrIOC_GO
 This function uses a non-reentrant model


 *************** function _INT_ISR *****************
 Defined at:
		line 250 in file "../src/MCU_B1.c"
 Parameters:    Size  Location     Type
		None
 Auto vars:     Size  Location     Type
		None
 Return value:  Size  Location     Type
		None               void
 Registers used:
		wreg, fsr1l, fsr1h, status,2, status,0, pclath, cstack
 Tracked objects:
		On entry : 
		On exit  : 
		Unchanged: 
 Data sizes:     COMMON   BANK0   BANK1   BANK2   BANK3   BANK4   BANK5   BANK6   BANK7   BANK8   BANK9  BANK10  BANK11  BANK12
      Params:         0       0       0       0       0       0       0       0       0       0       0       0       0       0
      Locals:         0       0       0       0       0       0       0       0       0       0       0       0       0       0
      Temps:          0       0       0       0       0       0       0       0       0       0       0       0       0       0
      Totals:         0       0       0       0       0       0       0       0       0       0       0       0       0       0
Total ram usage:        0 bytes
 Hardware stack levels used:    1
 Hardware stack levels required when called:    2
 This function calls:
		_setRF_ReceiveGO
		_setRF_RxStatus
 This function is called by:
		_ISR
 This function uses a non-reentrant model


 *************** function _setRF_RxStatus *****************
 Defined at:
		line 42 in file "../src/RF_Control_B1.c"
 Parameters:    Size  Location     Type
  rf              1    wreg     unsigned char 
  command         1    2[COMMON] unsigned char 
 Auto vars:     Size  Location     Type
  rf              1    3[COMMON] unsigned char 
 Return value:  Size  Location     Type
		None               void
 Registers used:
		wreg, fsr1l, fsr1h, status,2, status,0, pclath, cstack
 Tracked objects:
		On entry : 
		On exit  : 
		Unchanged: 
 Data sizes:     COMMON   BANK0   BANK1   BANK2   BANK3   BANK4   BANK5   BANK6   BANK7   BANK8   BANK9  BANK10  BANK11  BANK12
      Params:         1       0       0       0       0       0       0       0       0       0       0       0       0       0
      Locals:         1       0       0       0       0       0       0       0       0       0       0       0       0       0
      Temps:          0       0       0       0       0       0       0       0       0       0       0       0       0       0
      Totals:         2       0       0       0       0       0       0       0       0       0       0       0       0       0
Total ram usage:        2 bytes
 Hardware stack levels used:    1
 Hardware stack levels required when called:    1
 This function calls:
		i1_RfPointSelect
 This function is called by:
		_INT_ISR
 This function uses a non-reentrant model


 *************** function _setRF_ReceiveGO *****************
 Defined at:
		line 36 in file "../src/RF_Control_B1.c"
 Parameters:    Size  Location     Type
  rf              1    wreg     unsigned char 
  command         1    2[COMMON] unsigned char 
 Auto vars:     Size  Location     Type
  rf              1    3[COMMON] unsigned char 
 Return value:  Size  Location     Type
		None               void
 Registers used:
		wreg, fsr1l, fsr1h, status,2, status,0, pclath, cstack
 Tracked objects:
		On entry : 
		On exit  : 
		Unchanged: 
 Data sizes:     COMMON   BANK0   BANK1   BANK2   BANK3   BANK4   BANK5   BANK6   BANK7   BANK8   BANK9  BANK10  BANK11  BANK12
      Params:         1       0       0       0       0       0       0       0       0       0       0       0       0       0
      Locals:         1       0       0       0       0       0       0       0       0       0       0       0       0       0
      Temps:          0       0       0       0       0       0       0       0       0       0       0       0       0       0
      Totals:         2       0       0       0       0       0       0       0       0       0       0       0       0       0
Total ram usage:        2 bytes
 Hardware stack levels used:    1
 Hardware stack levels required when called:    1
 This function calls:
		i1_RfPointSelect
 This function is called by:
		_INT_ISR
 This function uses a non-reentrant model


 *************** function i1_RfPointSelect *****************
 Defined at:
		line 7 in file "../src/RF_Control_B1.c"
 Parameters:    Size  Location     Type
  rf              1    wreg     unsigned char 
 Auto vars:     Size  Location     Type
  rf              1    1[COMMON] unsigned char 
 Return value:  Size  Location     Type
		None               void
 Registers used:
		wreg
 Tracked objects:
		On entry : 
		On exit  : 
		Unchanged: 
 Data sizes:     COMMON   BANK0   BANK1   BANK2   BANK3   BANK4   BANK5   BANK6   BANK7   BANK8   BANK9  BANK10  BANK11  BANK12
      Params:         0       0       0       0       0       0       0       0       0       0       0       0       0       0
      Locals:         1       0       0       0       0       0       0       0       0       0       0       0       0       0
      Temps:          1       0       0       0       0       0       0       0       0       0       0       0       0       0
      Totals:         2       0       0       0       0       0       0       0       0       0       0       0       0       0
Total ram usage:        2 bytes
 Hardware stack levels used:    1
 This function calls:
		Nothing
 This function is called by:
		_setRF_ReceiveGO
		_setRF_RxStatus
 This function uses a non-reentrant model



MODULE INFORMATION

Module		Function		Class		Link	Load	Size
C:\Program Files (x86)\Microchip\xc8\v1.32\sources\common\float.c
		___ftpack      		CODE           	092B	0000	97

C:\Program Files (x86)\Microchip\xc8\v1.32\sources\common\float.c estimated size: 97

C:\Program Files (x86)\Microchip\xc8\v1.32\sources\common\awtoft.c
		___awtoft      		CODE           	1247	0000	34

C:\Program Files (x86)\Microchip\xc8\v1.32\sources\common\awtoft.c estimated size: 34

../src/MCU_B1.c
		_Fosc_Set      		CODE           	1DD7	0000	4
		_IO_Set        		CODE           	1145	0000	25
		_WDT_Set       		CODE           	10E2	0000	24
		_WDT_Main      		CODE           	1194	0000	28
		_ADC_Set       		CODE           	1DFB	0000	7
		_IOC_ISR       		CODE           	1F7E	0000	17
		_INT_Set       		CODE           	1DE8	0000	6
		_ISR           		CODE           	0004	0000	18
		_Flash_Memory_W		CODE           	1403	0000	49
		_Flash_Memory_M		CODE           	09F8	0000	109
		_setMemory_GO  		CODE           	1208	0000	31
		_setINT_GO     		CODE           	1E32	0000	9
		_IOC_Set       		CODE           	1EC8	0000	13
		_WDT_Clearing  		CODE           	0002	0000	2
		_Mcu_Initializa		CODE           	115E	0000	27
		_Flash_Memory_I		CODE           	0467	0000	246
		_TMR0_Set      		CODE           	1ED5	0000	13
		_Flash_Memory_U		CODE           	1E29	0000	9
		_INT_ISR       		CODE           	1F6D	0000	17
		_TMR0_ISR      		CODE           	1434	0000	53
		_Flash_Memory_R		CODE           	112C	0000	25
		_Flash_Memory_E		CODE           	1E8A	0000	12
		_setDimmerReClo		CODE           	1E46	0000	11
		_Flash_Memory_M		CODE           	15A0	0000	69

../src/MCU_B1.c estimated size: 824

C:\Program Files (x86)\Microchip\xc8\v1.32\sources\common\ftmul.c
		___ftmul       		CODE           	055D	0000	180

C:\Program Files (x86)\Microchip\xc8\v1.32\sources\common\ftmul.c estimated size: 180

../src/Buzzer_B1.c
		_Buzzer_Main   		CODE           	0F5E	0000	162
		_setBuz        		CODE           	0BBC	0000	119
		_Buzzer_Initial		CODE           	1E51	0000	11
		_Buz_Counter   		CODE           	1F0D	0000	16

../src/Buzzer_B1.c estimated size: 308

../src/LED_B1.c
		_setLED        		CODE           	086F	0000	94
		_LED_Main      		CODE           	1EA2	0000	12
		_setLED_Initial		CODE           	1FA0	0000	17
		_LedPointSelect		CODE           	1269	0000	34
		_setLED_Main   		CODE           	14DC	0000	64
		_LED_Initializa		CODE           	1E96	0000	12

../src/LED_B1.c estimated size: 233

../src/CC2500_B1.c
		_DelayTime_1us 		CODE           	12D2	0000	38
		_CC2500_Frequen		CODE           	1E72	0000	12
		_CC2500_SIDLEMo		CODE           	1DD3	0000	4
		_CC2500_PowerOn		CODE           	1089	0000	21
		_CC2500_WriteBy		CODE           	10FA	0000	25
		_CC2500_RxData 		CODE           	08CD	0000	94
		_CC2500_TxData 		CODE           	155C	0000	68
		_CC2500_ClearRX		CODE           	1DCB	0000	4
		_CC2500_ClearTX		CODE           	1DCF	0000	4
		_CC2500_InitPAT		CODE           	11E9	0000	31
		_CC2500_WriteRE		CODE           	1113	0000	25
		_CC2500_ReadSta		CODE           	1179	0000	27
		_CC2500_PowerRS		CODE           	13D3	0000	48
		_CC2500_ReadByt		CODE           	11CC	0000	29
		_CC2500_InitSet		CODE           	12F8	0000	42
		_CC2500_WriteCo		CODE           	1F1D	0000	16

../src/CC2500_B1.c estimated size: 488

C:\Program Files (x86)\Microchip\xc8\v1.32\sources\common\fttol.c
		___fttol       		CODE           	0DA6	0000	135

C:\Program Files (x86)\Microchip\xc8\v1.32\sources\common\fttol.c estimated size: 135

../src/RF_Control_B1.c
		_RF_Initializat		CODE           	1DDB	0000	4
		_setRF_ReceiveG		CODE           	1EAE	0000	13
		_getRxData     		CODE           	16B7	0000	77
		_setRF_Main    		CODE           	0611	0000	174
		_setRFSW_Status		CODE           	1EEF	0000	15
		_setRF_DimmerVa		CODE           	1469	0000	53
		_setRF_Initiali		CODE           	1E02	0000	7
		_setTxData     		CODE           	0EBD	0000	161
		_setRFSW_Contro		CODE           	0E2D	0000	144
		_setRF_Learn   		CODE           	1066	0000	15
		_RF_Main       		CODE           	1DDF	0000	4
		_setRFSW_AdjCon		CODE           	151C	0000	64
		_setRF_Enable  		CODE           	13A6	0000	45
		_setRF_DimmerLi		CODE           	098C	0000	108
		_setControl_Lig		CODE           	0768	0000	146
		_setLog_Code   		CODE           	1670	0000	71
		_RF_RxDisable  		CODE           	1322	0000	43
		_setRF_RxStatus		CODE           	1EBB	0000	13
		_RfSWPointSelec		CODE           	109E	0000	22
		_RfPointSelect 		CODE           	1E7E	0000	12

../src/RF_Control_B1.c estimated size: 1191

C:\Program Files (x86)\Microchip\xc8\v1.32\sources\common\awdiv.c
		___awdiv       		CODE           	1751	0000	84

C:\Program Files (x86)\Microchip\xc8\v1.32\sources\common\awdiv.c estimated size: 84

../src/Main_B1.c
		_my_Main       		CODE           	0B48	0000	116
		_main          		CODE           	1704	0000	77
		_myMain_Initial		CODE           	1075	0000	20

../src/Main_B1.c estimated size: 213

C:\Program Files (x86)\Microchip\xc8\v1.32\sources\common\ftadd.c
		___ftadd       		CODE           	0371	0000	246

C:\Program Files (x86)\Microchip\xc8\v1.32\sources\common\ftadd.c estimated size: 246

shared
		_CC2500_patable		STRCODE        	105E	0000	8
		_CC2500_rfSetti		STRCODE        	102F	0000	47
		__initializatio		CODE           	0018	0000	48
		i1_RfPointSelec		CODE           	1E3B	0000	11
		_CC2500_registe		STRCODE        	1000	0000	47

shared estimated size: 161

../src/Switch_B1.c
		_Sw_DimmerAdjFu		CODE           	15E5	0000	69
		_Sw_DimmerOffFu		CODE           	0A65	0000	113
		_Switch_Main   		CODE           	1E21	0000	8
		_setSw_Enable  		CODE           	11B0	0000	28
		_SwPointSelect 		CODE           	1FD8	0000	20
		_Sw_DimmerOnFun		CODE           	0AD6	0000	114
		_TouchPower    		CODE           	1DE3	0000	5
		_setSw_Main    		CODE           	0217	0000	346
		_setSw_Initiali		CODE           	1E19	0000	8
		_Switch_Initial		CODE           	1EE2	0000	13
		_setSw_Status  		CODE           	1EFE	0000	15

../src/Switch_B1.c estimated size: 739

../src/Dimmer_B1.c
		_DimmerLightsPo		CODE           	1FB1	0000	19
		_DimmerIntrPoin		CODE           	0800	0000	18
		_getDimmerLight		CODE           	1F8F	0000	17
		_DimmerLights_M		CODE           	1E67	0000	11
		_setDimmerLight		CODE           	004C	0000	459
		_DimmerIntrIOCP		CODE           	1FC4	0000	20
		_setDimmerLight		CODE           	149E	0000	62
		_setDimmerLight		CODE           	0D27	0000	127
		_setDimmerLight		CODE           	128B	0000	34
		_getPercentValu		CODE           	17A5	0000	91
		_DimmerLights_C		CODE           	1FEC	0000	20
		_setDimmerLight		CODE           	1F4D	0000	16
		_setDimmerLight		CODE           	1F3D	0000	16
		_setDimmerLight		CODE           	1F5D	0000	16
		_setPercentValu		CODE           	162A	0000	70
		_setDimmerLight		CODE           	1379	0000	45
		_setDimmerLight		CODE           	1F2D	0000	16
		_setDimmerLight		CODE           	12AD	0000	37
		_Dimmer_Initial		CODE           	1DF4	0000	7
		_DimmerLights_I		CODE           	10CB	0000	23
		_setDimmerLight		CODE           	0CAC	0000	123

../src/Dimmer_B1.c estimated size: 1247

../src/DelayOff_B1.c
		_DelayOff_Initi		CODE           	1E09	0000	8
		_DlyOff_Main   		CODE           	0C33	0000	121
		_DelayTimejudge		CODE           	134D	0000	44
		_DelayOff_Main 		CODE           	1E11	0000	8
		_DelayOffPointS		CODE           	10B4	0000	23
		_setDelayOff_GO		CODE           	0812	0000	93
		_DlyOff_Initial		CODE           	1E5C	0000	11

../src/DelayOff_B1.c estimated size: 308

C:\Program Files (x86)\Microchip\xc8\v1.32\sources\pic\ftdiv.c
		___ftdiv       		CODE           	06BF	0000	169

C:\Program Files (x86)\Microchip\xc8\v1.32\sources\pic\ftdiv.c estimated size: 169

