Microchip MPLAB XC8 Compiler V1.32 ()

Linker command line:

--edf=C:\Program Files (x86)\Microchip\xc8\v1.32\dat\en_msgs.txt -cs \
  -h+dist/default/production\2.Switch_2Key_Dimmer.X.production.sym \
  --cmf=dist/default/production\2.Switch_2Key_Dimmer.X.production.cmf -z \
  -Q16F1518 -oC:\Users\taianluo\AppData\Local\Temp\s5oo.6 \
  -Mdist/default/production/2.Switch_2Key_Dimmer.X.production.map -E1 \
  -ver=XC8 -ASTACK=02115h-0231fh -pstack=STACK -ACONST=00h-0FFhx64 \
  -ACODE=00h-07FFhx8 -ASTRCODE=00h-03FFFh -AENTRY=00h-0FFhx64 \
  -ASTRING=00h-0FFhx64 -ACOMMON=070h-07Fh -ABANK0=020h-06Fh \
  -ABANK1=0A0h-0EFh -ABANK2=0120h-016Fh -ABANK3=01A0h-01EFh \
  -ABANK4=0220h-026Fh -ABANK5=02A0h-02EFh -ABANK6=0320h-036Fh \
  -ABANK7=03A0h-03EFh -ABANK8=0420h-046Fh -ABANK9=04A0h-04EFh \
  -ABANK10=0520h-056Fh -ABANK11=05A0h-05EFh -ABANK12=0620h-064Fh \
  -ABIGRAM=02000h-023EFh \
  -ARAM=020h-06Fh,0A0h-0EFh,0120h-016Fh,01A0h-01EFh,0220h-026Fh,02A0h-02EFh,0320h-036Fh,03A0h-03EFh,0420h-046Fh,04A0h-04EFh,0520h-056Fh,05A0h-05EFh,0620h-064Fh \
  -AABS1=020h-07Fh,0A0h-0EFh,0120h-016Fh,01A0h-01EFh,0220h-026Fh,02A0h-02EFh,0320h-036Fh,03A0h-03EFh,0420h-046Fh,04A0h-04EFh,0520h-056Fh,05A0h-05EFh,0620h-064Fh \
  -ASFR0=00h-01Fh -ASFR1=080h-09Fh -ASFR2=0100h-011Fh -ASFR3=0180h-019Fh \
  -ASFR4=0200h-021Fh -ASFR5=0280h-029Fh -ASFR6=0300h-031Fh \
  -ASFR7=0380h-039Fh -ASFR8=0400h-041Fh -ASFR9=0480h-049Fh \
  -ASFR10=0500h-051Fh -ASFR11=0580h-059Fh -ASFR12=0600h-061Fh \
  -ASFR13=0680h-06EFh -ASFR14=0700h-076Fh -ASFR15=0780h-07EFh \
  -ASFR16=0800h-086Fh -ASFR17=0880h-08EFh -ASFR18=0900h-096Fh \
  -ASFR19=0980h-09EFh -ASFR20=0A00h-0A6Fh -ASFR21=0A80h-0AEFh \
  -ASFR22=0B00h-0B6Fh -ASFR23=0B80h-0BEFh -ASFR24=0C00h-0C6Fh \
  -ASFR25=0C80h-0CEFh -ASFR26=0D00h-0D6Fh -ASFR27=0D80h-0DEFh \
  -ASFR28=0E00h-0E6Fh -ASFR29=0E80h-0EEFh -ASFR30=0F00h-0F6Fh \
  -ASFR31=0F80h-0FEFh -preset_vec=00h,intentry=04h,init,end_init \
  -ppowerup=CODE -pcinit=CODE -pfunctab=CODE -ACONFIG=08007h-08008h \
  -pconfig=CONFIG -DCONFIG=2 -AIDLOC=08000h-08003h -pidloc=IDLOC -DIDLOC=2 \
  -DCODE=2 -DSTRCODE=2 -DSTRING=2 -DCONST=2 -DENTRY=2 -k \
  C:\Users\taianluo\AppData\Local\Temp\s5oo.obj \
  dist/default/production\2.Switch_2Key_Dimmer.X.production.obj 

Object code version is 3.11

Machine type is 16F1518



                Name                               Link     Load   Length Selector   Space Scale
C:\Users\taianluo\AppData\Local\Temp\s5oo.obj
                end_init                             16       16        2        8       0
                reset_vec                             0        0        2        0       0
                config                             8007     8007        2    1000E       0
dist/default/production\2.Switch_2Key_Dimmer.X.production.obj
                cinit                                18       18       33        8       0
                intentry                              4        4       12        8       0
                text85                             1614     1614        7     2C28       0
                text84                             1753     1753       12     2EA6       0
                text83                              84A      84A       1A     1094       0
                text82                             1655     1655        B     2CAA       0
                text81                             1731     1731       11     2E62       0
                text80                             1765     1765       12     2ECA       0
                text79                               4B       4B      18A        8       0
                text78                              9BB      9BB       30     1376       0
                text76                             164B     164B        A     2C96       0
                text75                              594      594       9D        8       0
                text74                             17AF     17AF       14     2F5E       0
                text73                             1660     1660        B     2CC0       0
                text72                             1622     1622        8     2C44       0
                text71                              C33      C33       54     1866       0
                text70                              6B8      6B8       74        8       0
                text69                             1789     1789       13     2F12       0
                text68                             16E5     16E5        F     2DCA       0
                text67                             16F4     16F4        F     2DE8       0
                text66                             17C3     17C3       14     2F86       0
                text65                             16D7     16D7        E     2DAE       0
                text64                              79D      79D       62        8       0
                text63                             162A     162A        8     2C54       0
                text62                             15FC     15FC        6     2BF8       0
                text61                              939      939       28     1272       0
                text60                             17EB     17EB       15     2FD6       0
                text59                             1742     1742       11     2E84       0
                text58                              898      898       1B     1130       0
                text57                             17D7     17D7       14     2FAE       0
                text56                              8B3      8B3       1D     1166       0
                text55                              D36      D36       5B     1A6C       0
                text54                              F91      F91       6F     1F22       0
                text53                              98D      98D       2E     131A       0
                text52                              EBB      EBB       6A     1D76       0
                text51                             166B     166B        B     2CD6       0
                text50                              864      864       1A     10C8       0
                text49                             1642     1642        9     2C84       0
                text48                              9EB      9EB       31     13D6       0
                text47                              D91      D91       61     1B22       0
                text46                              8F0      8F0       22     11E0       0
                text45                              4EB      4EB       A9        8       0
                text44                              631      631       87        8       0
                text43                              B57      B57       46     16AE       0
                text42                              402      402       E9        8       0
                text41                             168C     168C        C     2D18       0
                text40                              E56      E56       65     1CAC       0
                text39                              B12      B12       45     1624       0
                text38                             1721     1721       10     2E42       0
                text37                             1698     1698        C     2D30       0
                text36                              A54      A54       3D     14A8       0
                text35                             16A4     16A4        C     2D48       0
                text34                             161B     161B        7     2C36       0
                text33                              800      800        4     1000       0
                text32                             1602     1602        6     2C04       0
                text31                             16B0     16B0        D     2D60       0
                text30                              831      831       19     1062       0
                text29                             16BD     16BD        D     2D7A       0
                text28                              81A      81A       17     1034       0
                text27                             15F7     15F7        5     2BEE       0
                text26                             1632     1632        8     2C64       0
                text25                             16CA     16CA        D     2D94       0
                text24                             1703     1703        F     2E06       0
                text23                             1712     1712        F     2E24       0
                text22                              AD1      AD1       41     15A2       0
                text21                              961      961       2C     12C2       0
                text20                              CDD      CDD       59     19BA       0
                text19                              B9D      B9D       4A     173A       0
                text18                              BE7      BE7       4C     17CE       0
                text17                              1D5      1D5      120        8       0
                text16                             163A     163A        8     2C74       0
                text15                             1676     1676        B     2CEC       0
                text14                             15F1     15F1        3     2BE2       0
                text13                              A91      A91       40     1522       0
                text12                              912      912       27     1224       0
                text11                              DF2      DF2       64     1BE4       0
                text10                              87E      87E       1A     10FC       0
                text9                               A1C      A1C       38     1438       0
                text8                               2F5      2F5      10D        8       0
                text7                              15F4     15F4        3     2BE8       0
                text6                               804      804       16     1008       0
                text5                               F25      F25       6C     1E4A       0
                text4                              179C     179C       13     2F38       0
                text3                              1681     1681        B     2D02       0
                text2                               72C      72C       71        8       0
                text1                              1777     1777       12     2EEE       0
                maintext                            C87      C87       56     190E       0
                cstackBANK0                          20       20       36       20       1
                cstackCOMMON                         70       70        8       70       1
                inittext                           1608     1608        6     2C10       0
                clrtext                            160E     160E        6     2C1C       0
                bssBANK3                            1A0      1A0       25      1A0       1
                dataBANK2                           142      142       20      120       1
                bssBANK2                            120      120       22      120       1
                bssBANK1                             A0       A0       4E       A0       1
                bssBANK0                             56       56       16       20       1
                bssCOMMON                            78       78        4       70       1
                nvBANK0                              6C       6C        3       20       1
                nvCOMMON                             7C       7C        1       70       1
                idataBANK2                          8D0      8D0       20     11A0       0

TOTAL           Name                               Link     Load   Length     Space
        CLASS   STACK          

        CLASS   CONST          

        CLASS   CODE           
                end_init                             16       16        2         0
                cinit                                18       18       33         0
                intentry                              4        4       12         0
                reset_vec                             0        0        2         0
                text85                             1614     1614        7         0
                text84                             1753     1753       12         0
                text83                              84A      84A       1A         0
                text82                             1655     1655        B         0
                text81                             1731     1731       11         0
                text80                             1765     1765       12         0
                text79                               4B       4B      18A         0
                text78                              9BB      9BB       30         0
                text76                             164B     164B        A         0
                text75                              594      594       9D         0
                text74                             17AF     17AF       14         0
                text73                             1660     1660        B         0
                text72                             1622     1622        8         0
                text71                              C33      C33       54         0
                text70                              6B8      6B8       74         0
                text69                             1789     1789       13         0
                text68                             16E5     16E5        F         0
                text67                             16F4     16F4        F         0
                text66                             17C3     17C3       14         0
                text65                             16D7     16D7        E         0
                text64                              79D      79D       62         0
                text63                             162A     162A        8         0
                text62                             15FC     15FC        6         0
                text61                              939      939       28         0
                text60                             17EB     17EB       15         0
                text59                             1742     1742       11         0
                text58                              898      898       1B         0
                text57                             17D7     17D7       14         0
                text56                              8B3      8B3       1D         0
                text55                              D36      D36       5B         0
                text54                              F91      F91       6F         0
                text53                              98D      98D       2E         0
                text52                              EBB      EBB       6A         0
                text51                             166B     166B        B         0
                text50                              864      864       1A         0
                text49                             1642     1642        9         0
                text48                              9EB      9EB       31         0
                text47                              D91      D91       61         0
                text46                              8F0      8F0       22         0
                text45                              4EB      4EB       A9         0
                text44                              631      631       87         0
                text43                              B57      B57       46         0
                text42                              402      402       E9         0
                text41                             168C     168C        C         0
                text40                              E56      E56       65         0
                text39                              B12      B12       45         0
                text38                             1721     1721       10         0
                text37                             1698     1698        C         0
                text36                              A54      A54       3D         0
                text35                             16A4     16A4        C         0
                text34                             161B     161B        7         0
                text33                              800      800        4         0
                text32                             1602     1602        6         0
                text31                             16B0     16B0        D         0
                text30                              831      831       19         0
                text29                             16BD     16BD        D         0
                text28                              81A      81A       17         0
                text27                             15F7     15F7        5         0
                text26                             1632     1632        8         0
                text25                             16CA     16CA        D         0
                text24                             1703     1703        F         0
                text23                             1712     1712        F         0
                text22                              AD1      AD1       41         0
                text21                              961      961       2C         0
                text20                              CDD      CDD       59         0
                text19                              B9D      B9D       4A         0
                text18                              BE7      BE7       4C         0
                text17                              1D5      1D5      120         0
                text16                             163A     163A        8         0
                text15                             1676     1676        B         0
                text14                             15F1     15F1        3         0
                text13                              A91      A91       40         0
                text12                              912      912       27         0
                text11                              DF2      DF2       64         0
                text10                              87E      87E       1A         0
                text9                               A1C      A1C       38         0
                text8                               2F5      2F5      10D         0
                text7                              15F4     15F4        3         0
                text6                               804      804       16         0
                text5                               F25      F25       6C         0
                text4                              179C     179C       13         0
                text3                              1681     1681        B         0
                text2                               72C      72C       71         0
                text1                              1777     1777       12         0
                maintext                            C87      C87       56         0
                inittext                           1608     1608        6         0
                clrtext                            160E     160E        6         0
                idataBANK2                          8D0      8D0       20         0

        CLASS   STRCODE        

        CLASS   ENTRY          

        CLASS   STRING         

        CLASS   COMMON         
                cstackCOMMON                         70       70        8         1
                bssCOMMON                            78       78        4         1
                nvCOMMON                             7C       7C        1         1

        CLASS   BANK0          
                cstackBANK0                          20       20       36         1
                bssBANK0                             56       56       16         1
                nvBANK0                              6C       6C        3         1

        CLASS   BANK1          
                bssBANK1                             A0       A0       4E         1

        CLASS   BANK2          
                dataBANK2                           142      142       20         1
                bssBANK2                            120      120       22         1

        CLASS   BANK3          
                bssBANK3                            1A0      1A0       25         1

        CLASS   BANK4          

        CLASS   BANK5          

        CLASS   BANK6          

        CLASS   BANK7          

        CLASS   BANK8          

        CLASS   BANK9          

        CLASS   BANK10         

        CLASS   BANK11         

        CLASS   BANK12         

        CLASS   BIGRAM         

        CLASS   RAM            

        CLASS   ABS1           
                abs_s1                               7E       7E        2         1

        CLASS   SFR0           

        CLASS   SFR1           

        CLASS   SFR2           

        CLASS   SFR3           

        CLASS   SFR4           

        CLASS   SFR5           

        CLASS   SFR6           

        CLASS   SFR7           

        CLASS   SFR8           

        CLASS   SFR9           

        CLASS   SFR10          

        CLASS   SFR11          

        CLASS   SFR12          

        CLASS   SFR13          

        CLASS   SFR14          

        CLASS   SFR15          

        CLASS   SFR16          

        CLASS   SFR17          

        CLASS   SFR18          

        CLASS   SFR19          

        CLASS   SFR20          

        CLASS   SFR21          

        CLASS   SFR22          

        CLASS   SFR23          

        CLASS   SFR24          

        CLASS   SFR25          

        CLASS   SFR26          

        CLASS   SFR27          

        CLASS   SFR28          

        CLASS   SFR29          

        CLASS   SFR30          

        CLASS   SFR31          

        CLASS   CONFIG         
                config                             8007     8007        2         0

        CLASS   IDLOC          

        CLASS   BANK31         

        CLASS   BANK30         

        CLASS   BANK29         

        CLASS   BANK28         

        CLASS   BANK27         

        CLASS   BANK26         

        CLASS   BANK25         

        CLASS   BANK24         

        CLASS   BANK23         

        CLASS   BANK22         

        CLASS   BANK21         

        CLASS   BANK20         

        CLASS   BANK19         

        CLASS   BANK18         

        CLASS   BANK17         

        CLASS   BANK16         

        CLASS   BANK15         

        CLASS   BANK14         

        CLASS   BANK13         

        CLASS   EEDATA         



SEGMENTS        Name                           Load    Length   Top    Selector   Space  Class     Delta

                reset_vec                      000000  000002  000002         0       0  CODE        2
                intentry                       000004  0007FB  0007FF         8       0  CODE        2
                cstackBANK0                    000020  00004F  00006F        20       1  BANK0       1
                cstackCOMMON                   000070  00000D  00007D        70       1  COMMON      1
                bssBANK1                       0000A0  00004E  0000EE        A0       1  BANK1       1
                bssBANK2                       000120  000042  000162       120       1  BANK2       1
                bssBANK3                       0001A0  000025  0001C5       1A0       1  BANK3       1
                text33                         000800  000004  000804      1000       0  CODE        2
                text6                          000804  000016  00081A      1008       0  CODE        2
                text28                         00081A  000017  000831      1034       0  CODE        2
                text30                         000831  000019  00084A      1062       0  CODE        2
                text83                         00084A  00001A  000864      1094       0  CODE        2
                text50                         000864  00001A  00087E      10C8       0  CODE        2
                text10                         00087E  00001A  000898      10FC       0  CODE        2
                text58                         000898  00001B  0008B3      1130       0  CODE        2
                text56                         0008B3  00001D  0008D0      1166       0  CODE        2
                idataBANK2                     0008D0  000020  0008F0      11A0       0  CODE        2
                text46                         0008F0  000022  000912      11E0       0  CODE        2
                text12                         000912  000027  000939      1224       0  CODE        2
                text61                         000939  000028  000961      1272       0  CODE        2
                text21                         000961  00002C  00098D      12C2       0  CODE        2
                text53                         00098D  00002E  0009BB      131A       0  CODE        2
                text78                         0009BB  000030  0009EB      1376       0  CODE        2
                text48                         0009EB  000031  000A1C      13D6       0  CODE        2
                text9                          000A1C  000038  000A54      1438       0  CODE        2
                text36                         000A54  00003D  000A91      14A8       0  CODE        2
                text13                         000A91  000040  000AD1      1522       0  CODE        2
                text22                         000AD1  000041  000B12      15A2       0  CODE        2
                text39                         000B12  000045  000B57      1624       0  CODE        2
                text43                         000B57  000046  000B9D      16AE       0  CODE        2
                text19                         000B9D  00004A  000BE7      173A       0  CODE        2
                text18                         000BE7  00004C  000C33      17CE       0  CODE        2
                text71                         000C33  000054  000C87      1866       0  CODE        2
                maintext                       000C87  000056  000CDD      190E       0  CODE        2
                text20                         000CDD  000059  000D36      19BA       0  CODE        2
                text55                         000D36  00005B  000D91      1A6C       0  CODE        2
                text47                         000D91  000061  000DF2      1B22       0  CODE        2
                text11                         000DF2  000064  000E56      1BE4       0  CODE        2
                text40                         000E56  000065  000EBB      1CAC       0  CODE        2
                text52                         000EBB  00006A  000F25      1D76       0  CODE        2
                text5                          000F25  00006C  000F91      1E4A       0  CODE        2
                text54                         000F91  00006F  001000      1F22       0  CODE        2
                text14                         0015F1  000003  0015F4      2BE2       0  CODE        2
                text7                          0015F4  000003  0015F7      2BE8       0  CODE        2
                text27                         0015F7  000005  0015FC      2BEE       0  CODE        2
                text62                         0015FC  000006  001602      2BF8       0  CODE        2
                text32                         001602  000006  001608      2C04       0  CODE        2
                inittext                       001608  000006  00160E      2C10       0  CODE        2
                clrtext                        00160E  000006  001614      2C1C       0  CODE        2
                text85                         001614  000007  00161B      2C28       0  CODE        2
                text34                         00161B  000007  001622      2C36       0  CODE        2
                text72                         001622  000008  00162A      2C44       0  CODE        2
                text63                         00162A  000008  001632      2C54       0  CODE        2
                text26                         001632  000008  00163A      2C64       0  CODE        2
                text16                         00163A  000008  001642      2C74       0  CODE        2
                text49                         001642  000009  00164B      2C84       0  CODE        2
                text76                         00164B  00000A  001655      2C96       0  CODE        2
                text82                         001655  00000B  001660      2CAA       0  CODE        2
                text73                         001660  00000B  00166B      2CC0       0  CODE        2
                text51                         00166B  00000B  001676      2CD6       0  CODE        2
                text15                         001676  00000B  001681      2CEC       0  CODE        2
                text3                          001681  00000B  00168C      2D02       0  CODE        2
                text41                         00168C  00000C  001698      2D18       0  CODE        2
                text37                         001698  00000C  0016A4      2D30       0  CODE        2
                text35                         0016A4  00000C  0016B0      2D48       0  CODE        2
                text31                         0016B0  00000D  0016BD      2D60       0  CODE        2
                text29                         0016BD  00000D  0016CA      2D7A       0  CODE        2
                text25                         0016CA  00000D  0016D7      2D94       0  CODE        2
                text65                         0016D7  00000E  0016E5      2DAE       0  CODE        2
                text68                         0016E5  00000F  0016F4      2DCA       0  CODE        2
                text67                         0016F4  00000F  001703      2DE8       0  CODE        2
                text24                         001703  00000F  001712      2E06       0  CODE        2
                text23                         001712  00000F  001721      2E24       0  CODE        2
                text38                         001721  000010  001731      2E42       0  CODE        2
                text81                         001731  000011  001742      2E62       0  CODE        2
                text59                         001742  000011  001753      2E84       0  CODE        2
                text84                         001753  000012  001765      2EA6       0  CODE        2
                text80                         001765  000012  001777      2ECA       0  CODE        2
                text1                          001777  000012  001789      2EEE       0  CODE        2
                text69                         001789  000013  00179C      2F12       0  CODE        2
                text4                          00179C  000013  0017AF      2F38       0  CODE        2
                text74                         0017AF  000014  0017C3      2F5E       0  CODE        2
                text66                         0017C3  000014  0017D7      2F86       0  CODE        2
                text57                         0017D7  000014  0017EB      2FAE       0  CODE        2
                text60                         0017EB  000015  001800      2FD6       0  CODE        2
                config                         008007  000002  008009     1000E       0  CONFIG      2


UNUSED ADDRESS RANGES

        Name                Unused          Largest block    Delta
        BANK0            0006F-0006F               1           1
        BANK1            000EE-000EF               2           1
        BANK10           00520-0056F              50           1
        BANK11           005A0-005EF              50           1
        BANK12           00620-0064F              30           1
        BANK2            00162-0016F               E           1
        BANK3            001C5-001EF              2B           1
        BANK4            00220-0026F              50           1
        BANK5            002A0-002EF              50           1
        BANK6            00320-0036F              50           1
        BANK7            003A0-003EF              50           1
        BANK8            00420-0046F              50           1
        BANK9            004A0-004EF              50           1
        BIGRAM           02000-023EF             3F0           1
        CODE             00002-00003               2           2
                         007FF-007FF               1
                         01000-015F0             5F1
                         01800-03FFF             800
        COMMON           0007D-0007D               1           1
        CONST            00002-00003               2           2
                         007FF-007FF               1
                         01000-015F0             100
                         01800-03FFF             100
        ENTRY            00002-00003               2           2
                         007FF-007FF               1
                         01000-015F0             100
                         01800-03FFF             100
        IDLOC            08000-08003               4           2
        RAM              0006F-0006F               1           1
                         000EE-000EF               2
                         00162-0016F               E
                         001C5-001EF              2B
                         00220-0026F              50
                         002A0-002EF              50
                         00320-0036F              50
                         003A0-003EF              50
                         00420-0046F              50
                         004A0-004EF              50
                         00520-0056F              50
                         005A0-005EF              50
                         00620-0064F              30
        SFR0             00000-0001F              20           1
        SFR1             00080-0009F              20           1
        SFR10            00500-0051F              20           1
        SFR11            00580-0059F              20           1
        SFR12            00600-0061F              20           1
        SFR13            00680-006EF              70           1
        SFR14            00700-0076F              70           1
        SFR15            00780-007EF              70           1
        SFR16            00800-0086F              70           1
        SFR17            00880-008EF              70           1
        SFR18            00900-0096F              70           1
        SFR19            00980-009EF              70           1
        SFR2             00100-0011F              20           1
        SFR20            00A00-00A6F              70           1
        SFR21            00A80-00AEF              70           1
        SFR22            00B00-00B6F              70           1
        SFR23            00B80-00BEF              70           1
        SFR24            00C00-00C6F              70           1
        SFR25            00C80-00CEF              70           1
        SFR26            00D00-00D6F              70           1
        SFR27            00D80-00DEF              70           1
        SFR28            00E00-00E6F              70           1
        SFR29            00E80-00EEF              70           1
        SFR3             00180-0019F              20           1
        SFR30            00F00-00F6F              70           1
        SFR31            00F80-00FEF              70           1
        SFR4             00200-0021F              20           1
        SFR5             00280-0029F              20           1
        SFR6             00300-0031F              20           1
        SFR7             00380-0039F              20           1
        SFR8             00400-0041F              20           1
        SFR9             00480-0049F              20           1
        STACK            02115-0231F             20B           1
        STRCODE          00002-00003               2           2
                         007FF-007FF               1
                         01000-015F0             5F1
                         01800-03FFF            2800
        STRING           00002-00003               2           2
                         007FF-007FF               1
                         01000-015F0             100
                         01800-03FFF             100

                                  Symbol Table

?___awdiv                                cstackBANK0  00020
?___awtoft                               cstackBANK0  00028
?___ftdiv                                cstackBANK0  0002E
?___ftpack                               cstackBANK0  00020
?___fttol                                cstackBANK0  0003E
?_getAD                                  cstackBANK0  00020
DelayOffPointSelect@sw                   cstackBANK0  00021
DelayTimejudge@i                         cstackBANK0  00022
DelayTimejudge@value                     cstackBANK0  00021
DimmerIntrIOCPointSelect@lights          cstackCOMMON 00071
DimmerIntrPointSelect@lights             cstackCOMMON 00071
DimmerLightsPointSelect@lights           cstackBANK0  00021
DimmerLights_Exceptions@status           cstackBANK0  0002D
DlyOff_Initialization@sw                 cstackBANK0  00022
DlyOff_Main@sw                           cstackBANK0  0002F
Flash_Memory_Initialization@i            cstackBANK0  00051
Flash_Memory_Modify@i                    cstackBANK0  00026
Flash_Memory_Read@address                cstackBANK0  00022
Flash_Memory_Read@i                      cstackBANK0  00021
Flash_Memory_Read@ret                    cstackBANK0  00023
Flash_Memory_Write@i                     cstackBANK0  00021
LedPointSelect@led                       cstackBANK0  00021
SwPointSelect@sw                         cstackBANK0  00021
Sw_DimmerAdjFunc@Idle                    cstackBANK0  00024
Sw_DimmerAdjFunc@sw                      cstackBANK0  00025
Sw_DimmerOffFunc@sw                      cstackBANK0  0002A
Sw_DimmerOnFunc@Idle                     cstackBANK0  0002D
Sw_DimmerOnFunc@sw                       cstackBANK0  0002E
_ADCON0                                  (abs)        0009D
_ADCON1                                  (abs)        0009E
_ADC_Set                                 text34       0161B
_ADRESH                                  (abs)        0009C
_ADRESL                                  (abs)        0009B
_ANSELA                                  (abs)        0018C
_ANSELB                                  (abs)        0018D
_ANSELC                                  (abs)        0018E
_Buz                                     bssBANK0     00056
_Buz1                                    bssBANK1     000BE
_Buzzer_Initialization                   text76       0164B
_Buzzer_Main                             text75       00594
_CFGS                                    (abs)        00CAE
_DelayOff                                bssBANK0     00057
_DelayOffPointSelect                     text74       017AF
_DelayOff_Initialization                 text72       01622
_DelayOff_Main                           text63       0162A
_DelayTimejudge                          text21       00961
_Dimmer                                  bssBANK0     00058
_Dimmer1                                 bssBANK0     00069
_DimmerIntrIOCPointSelect                text84       01753
_DimmerIntrPointSelect                   text80       01765
_DimmerLights                            bssBANK0     00059
_DimmerLights1                           bssBANK1     000A0
_DimmerLights11                          bssCOMMON    00078
_DimmerLights2                           bssBANK1     000AF
_DimmerLights22                          bssCOMMON    00079
_DimmerLightsIntr                        bssCOMMON    0007A
_DimmerLightsIntrIOC                     bssCOMMON    0007B
_DimmerLightsPointSelect                 text69       01789
_DimmerLights_Close                      text57       017D7
_DimmerLights_Exceptions                 text11       00DF2
_DimmerLights_Initialization             text60       017EB
_DimmerLights_Main                       text51       0166B
_Dimmer_Initialization                   text62       015FC
_DlyOff_Initialization                   text73       01660
_DlyOff_Main                             text64       0079D
_DlySw1                                  bssBANK1     000E4
_DlySw2                                  bssBANK1     000E9
_FREE                                    (abs)        00CAC
_FVRCON                                  (abs)        00117
_Flash_Memory_Erasing                    text41       0168C
_Flash_Memory_Initialization             text42       00402
_Flash_Memory_Main                       text39       00B12
_Flash_Memory_Modify                     text40       00E56
_Flash_Memory_Read                       text50       00864
_Flash_Memory_Unlock                     text49       01642
_Flash_Memory_Write                      text48       009EB
_Fosc_Set                                text33       00800
_GIE                                     (abs)        0005F
_GO_nDONE                                (abs)        004E9
_INTE                                    (abs)        0005C
_INTF                                    (abs)        00059
_INT_ISR                                 text85       01614
_INT_Set                                 text32       01602
_IOCBF                                   (abs)        00396
_IOCBF2                                  (abs)        01CB2
_IOCBN                                   (abs)        00395
_IOCBP                                   (abs)        00394
_IOCIE                                   (abs)        0005B
_IOCIF                                   (abs)        00058
_IOC_ISR                                 text81       01731
_IOC_Set                                 text31       016B0
_IO_Set                                  text30       00831
_ISR                                     intentry     00004
_LATA                                    (abs)        0010C
_LATB                                    (abs)        0010D
_LATC                                    (abs)        0010E
_LED                                     bssBANK0     0005A
_LED_Initialization                      text37       01698
_LED_Main                                text35       016A4
_LWLO                                    (abs)        00CAD
_LedPointSelect                          text56       008B3
_Mcu_Initialization                      text28       0081A
_Memory                                  nvBANK0      0006E
_OPTION_REG                              (abs)        00095
_OSCCON                                  (abs)        00099
_PEIE                                    (abs)        0005E
_PMADRH                                  (abs)        00192
_PMADRL                                  (abs)        00191
_PMCON2                                  (abs)        00196
_PMDATH                                  (abs)        00194
_PMDATL                                  (abs)        00193
_PORTA                                   (abs)        0000C
_PORTB                                   (abs)        0000D
_PORTC                                   (abs)        0000E
_RA0                                     (abs)        00060
_RA3                                     (abs)        00063
_RA4                                     (abs)        00064
_RA6                                     (abs)        00066
_RA7                                     (abs)        00067
_RB1                                     (abs)        00069
_RB3                                     (abs)        0006B
_RB4                                     (abs)        0006C
_RB5                                     (abs)        0006D
_RC5                                     (abs)        00075
_RC7                                     (abs)        00077
_RD                                      (abs)        00CA8
_Sw                                      bssBANK0     0005B
_Sw1                                     bssBANK1     000CA
_Sw2                                     bssBANK1     000D3
_SwPointSelect                           text66       017C3
_Sw_DimmerAdjFunc                        text22       00AD1
_Sw_DimmerOffFunc                        text19       00B9D
_Sw_DimmerOnFunc                         text18       00BE7
_Switch_Initialization                   text25       016CA
_Switch_Main                             text16       0163A
_TMR0                                    (abs)        00015
_TMR0IE                                  (abs)        0005D
_TMR0IF                                  (abs)        0005A
_TMR0_ISR                                text78       009BB
_TMR0_Set                                text29       016BD
_TRISA                                   (abs)        0008C
_TRISB                                   (abs)        0008D
_TRISC                                   (abs)        0008E
_Temp                                    bssBANK0     0005C
_Temp1                                   bssBANK2     00134
_Temp_Initialization                     text14       015F1
_Temp_Main                               text7        015F4
_Timer0                                  nvCOMMON     0007C
_TouchPower                              text27       015F7
_VarErrLED                               bssBANK0     0005D
_VarLED1                                 bssBANK0     00061
_VarLED2                                 bssBANK0     00065
_VarMemory                               bssBANK3     001A0
_VarTimer0                               bssBANK1     000DC
_WPUB0                                   (abs)        01068
_WPUB1                                   (abs)        01069
_WPUB2                                   (abs)        0106A
_WR                                      (abs)        00CA9
_WREN                                    (abs)        00CAA
__CFG_BOREN$OFF                          (abs)        00000
__CFG_FOSC$INTOSC                        (abs)        00000
__CFG_VCAPEN$OFF                         (abs)        00000
__CFG_WDTE$OFF                           (abs)        00000
__CFG_WRT$HALF                           (abs)        00000
__Habs1                                  abs1         00000
__Hbank0                                 bank0        00000
__Hbank1                                 bank1        00000
__Hbank10                                bank10       00000
__Hbank11                                bank11       00000
__Hbank12                                bank12       00000
__Hbank13                                bank13       00000
__Hbank14                                bank14       00000
__Hbank15                                bank15       00000
__Hbank16                                bank16       00000
__Hbank17                                bank17       00000
__Hbank18                                bank18       00000
__Hbank19                                bank19       00000
__Hbank2                                 bank2        00000
__Hbank20                                bank20       00000
__Hbank21                                bank21       00000
__Hbank22                                bank22       00000
__Hbank23                                bank23       00000
__Hbank24                                bank24       00000
__Hbank25                                bank25       00000
__Hbank26                                bank26       00000
__Hbank27                                bank27       00000
__Hbank28                                bank28       00000
__Hbank29                                bank29       00000
__Hbank3                                 bank3        00000
__Hbank30                                bank30       00000
__Hbank31                                bank31       00000
__Hbank4                                 bank4        00000
__Hbank5                                 bank5        00000
__Hbank6                                 bank6        00000
__Hbank7                                 bank7        00000
__Hbank8                                 bank8        00000
__Hbank9                                 bank9        00000
__Hbigram                                bigram       00000
__HbssBANK0                              bssBANK0     00000
__HbssBANK1                              bssBANK1     00000
__HbssBANK2                              bssBANK2     00000
__HbssBANK3                              bssBANK3     00000
__HbssCOMMON                             bssCOMMON    00000
__Hcinit                                 cinit        0004B
__Hclrtext                               clrtext      00000
__Hcode                                  code         00000
__Hcommon                                common       00000
__Hconfig                                config       08009
__HcstackBANK0                           cstackBANK0  00000
__HcstackCOMMON                          cstackCOMMON 00000
__HdataBANK2                             dataBANK2    00000
__Heeprom_data                           eeprom_data  00000
__Hend_init                              end_init     00018
__Hfunctab                               functab      00000
__HidataBANK2                            idataBANK2   00000
__Hidloc                                 idloc        00000
__Hinit                                  init         00016
__Hinittext                              inittext     00000
__Hintentry                              intentry     00016
__Hmaintext                              maintext     00000
__HnvBANK0                               nvBANK0      00000
__HnvCOMMON                              nvCOMMON     00000
__Hpowerup                               powerup      00000
__Hram                                   ram          00000
__Hreset_vec                             reset_vec    00002
__Hsfr0                                  sfr0         00000
__Hsfr1                                  sfr1         00000
__Hsfr10                                 sfr10        00000
__Hsfr11                                 sfr11        00000
__Hsfr12                                 sfr12        00000
__Hsfr13                                 sfr13        00000
__Hsfr14                                 sfr14        00000
__Hsfr15                                 sfr15        00000
__Hsfr16                                 sfr16        00000
__Hsfr17                                 sfr17        00000
__Hsfr18                                 sfr18        00000
__Hsfr19                                 sfr19        00000
__Hsfr2                                  sfr2         00000
__Hsfr20                                 sfr20        00000
__Hsfr21                                 sfr21        00000
__Hsfr22                                 sfr22        00000
__Hsfr23                                 sfr23        00000
__Hsfr24                                 sfr24        00000
__Hsfr25                                 sfr25        00000
__Hsfr26                                 sfr26        00000
__Hsfr27                                 sfr27        00000
__Hsfr28                                 sfr28        00000
__Hsfr29                                 sfr29        00000
__Hsfr3                                  sfr3         00000
__Hsfr30                                 sfr30        00000
__Hsfr31                                 sfr31        00000
__Hsfr4                                  sfr4         00000
__Hsfr5                                  sfr5         00000
__Hsfr6                                  sfr6         00000
__Hsfr7                                  sfr7         00000
__Hsfr8                                  sfr8         00000
__Hsfr9                                  sfr9         00000
__Hspace_0                               (abs)        08009
__Hspace_1                               (abs)        001C5
__Hspace_2                               (abs)        00000
__Hspace_3                               (abs)        00000
__Hstack                                 stack        00000
__Hstrings                               strings      00000
__Htext                                  text         00000
__Labs1                                  abs1         00000
__Lbank0                                 bank0        00000
__Lbank1                                 bank1        00000
__Lbank10                                bank10       00000
__Lbank11                                bank11       00000
__Lbank12                                bank12       00000
__Lbank13                                bank13       00000
__Lbank14                                bank14       00000
__Lbank15                                bank15       00000
__Lbank16                                bank16       00000
__Lbank17                                bank17       00000
__Lbank18                                bank18       00000
__Lbank19                                bank19       00000
__Lbank2                                 bank2        00000
__Lbank20                                bank20       00000
__Lbank21                                bank21       00000
__Lbank22                                bank22       00000
__Lbank23                                bank23       00000
__Lbank24                                bank24       00000
__Lbank25                                bank25       00000
__Lbank26                                bank26       00000
__Lbank27                                bank27       00000
__Lbank28                                bank28       00000
__Lbank29                                bank29       00000
__Lbank3                                 bank3        00000
__Lbank30                                bank30       00000
__Lbank31                                bank31       00000
__Lbank4                                 bank4        00000
__Lbank5                                 bank5        00000
__Lbank6                                 bank6        00000
__Lbank7                                 bank7        00000
__Lbank8                                 bank8        00000
__Lbank9                                 bank9        00000
__Lbigram                                bigram       00000
__LbssBANK0                              bssBANK0     00000
__LbssBANK1                              bssBANK1     00000
__LbssBANK2                              bssBANK2     00000
__LbssBANK3                              bssBANK3     00000
__LbssCOMMON                             bssCOMMON    00000
__Lcinit                                 cinit        00018
__Lclrtext                               clrtext      00000
__Lcode                                  code         00000
__Lcommon                                common       00000
__Lconfig                                config       08007
__LcstackBANK0                           cstackBANK0  00000
__LcstackCOMMON                          cstackCOMMON 00000
__LdataBANK2                             dataBANK2    00000
__Leeprom_data                           eeprom_data  00000
__Lend_init                              end_init     00016
__Lfunctab                               functab      00000
__LidataBANK2                            idataBANK2   00000
__Lidloc                                 idloc        00000
__Linit                                  init         00016
__Linittext                              inittext     00000
__Lintentry                              intentry     00004
__Lmaintext                              maintext     00000
__LnvBANK0                               nvBANK0      00000
__LnvCOMMON                              nvCOMMON     00000
__Lpowerup                               powerup      00000
__Lram                                   ram          00000
__Lreset_vec                             reset_vec    00000
__Lsfr0                                  sfr0         00000
__Lsfr1                                  sfr1         00000
__Lsfr10                                 sfr10        00000
__Lsfr11                                 sfr11        00000
__Lsfr12                                 sfr12        00000
__Lsfr13                                 sfr13        00000
__Lsfr14                                 sfr14        00000
__Lsfr15                                 sfr15        00000
__Lsfr16                                 sfr16        00000
__Lsfr17                                 sfr17        00000
__Lsfr18                                 sfr18        00000
__Lsfr19                                 sfr19        00000
__Lsfr2                                  sfr2         00000
__Lsfr20                                 sfr20        00000
__Lsfr21                                 sfr21        00000
__Lsfr22                                 sfr22        00000
__Lsfr23                                 sfr23        00000
__Lsfr24                                 sfr24        00000
__Lsfr25                                 sfr25        00000
__Lsfr26                                 sfr26        00000
__Lsfr27                                 sfr27        00000
__Lsfr28                                 sfr28        00000
__Lsfr29                                 sfr29        00000
__Lsfr3                                  sfr3         00000
__Lsfr30                                 sfr30        00000
__Lsfr31                                 sfr31        00000
__Lsfr4                                  sfr4         00000
__Lsfr5                                  sfr5         00000
__Lsfr6                                  sfr6         00000
__Lsfr7                                  sfr7         00000
__Lsfr8                                  sfr8         00000
__Lsfr9                                  sfr9         00000
__Lspace_0                               (abs)        00000
__Lspace_1                               (abs)        00000
__Lspace_2                               (abs)        00000
__Lspace_3                               (abs)        00000
__Lstack                                 stack        00000
__Lstrings                               strings      00000
__Ltext                                  text         00000
__S0                                     (abs)        08009
__S1                                     (abs)        001C5
__S2                                     (abs)        00000
___awdiv                                 text71       00C33
___awdiv@counter                         cstackBANK0  00025
___awdiv@dividend                        cstackBANK0  00022
___awdiv@divisor                         cstackBANK0  00020
___awdiv@quotient                        cstackBANK0  00027
___awdiv@sign                            cstackBANK0  00026
___awtoft                                text46       008F0
___awtoft@c                              cstackBANK0  00028
___awtoft@sign                           cstackBANK0  0002D
___ftdiv                                 text45       004EB
___ftdiv@cntr                            cstackBANK0  00038
___ftdiv@exp                             cstackBANK0  0003C
___ftdiv@f1                              cstackBANK0  00031
___ftdiv@f2                              cstackBANK0  0002E
___ftdiv@f3                              cstackBANK0  00039
___ftdiv@sign                            cstackBANK0  0003D
___ftpack                                text47       00D91
___ftpack@arg                            cstackBANK0  00020
___ftpack@exp                            cstackBANK0  00023
___ftpack@sign                           cstackBANK0  00024
___fttol                                 text44       00631
___fttol@exp1                            cstackBANK0  0004B
___fttol@f1                              cstackBANK0  0003E
___fttol@lval                            cstackBANK0  00047
___fttol@sign1                           cstackBANK0  00046
___int_sp                                stack        00000
___latbits                               (abs)        00003
___sp                                    stack        00000
__end_of_ADC_Set                         text34       01622
__end_of_Buzzer_Initialization           text76       01655
__end_of_Buzzer_Main                     text75       00631
__end_of_DelayOffPointSelect             text74       017C3
__end_of_DelayOff_Initialization         text72       0162A
__end_of_DelayOff_Main                   text63       01632
__end_of_DelayTimejudge                  text21       0098D
__end_of_DimmerIntrIOCPointSelect        text84       01765
__end_of_DimmerIntrPointSelect           text80       01777
__end_of_DimmerLightsPointSelect         text69       0179C
__end_of_DimmerLights_Close              text57       017EB
__end_of_DimmerLights_Exceptions         text11       00E56
__end_of_DimmerLights_Initialization     text60       01800
__end_of_DimmerLights_Main               text51       01676
__end_of_Dimmer_Initialization           text62       01602
__end_of_DlyOff_Initialization           text73       0166B
__end_of_DlyOff_Main                     text64       007FF
__end_of_Flash_Memory_Erasing            text41       01698
__end_of_Flash_Memory_Initialization     text42       004EB
__end_of_Flash_Memory_Main               text39       00B57
__end_of_Flash_Memory_Modify             text40       00EBB
__end_of_Flash_Memory_Read               text50       0087E
__end_of_Flash_Memory_Unlock             text49       0164B
__end_of_Flash_Memory_Write              text48       00A1C
__end_of_Fosc_Set                        text33       00804
__end_of_INT_ISR                         text85       0161B
__end_of_INT_Set                         text32       01608
__end_of_IOC_ISR                         text81       01742
__end_of_IOC_Set                         text31       016BD
__end_of_IO_Set                          text30       0084A
__end_of_ISR                             intentry     00016
__end_of_LED_Initialization              text37       016A4
__end_of_LED_Main                        text35       016B0
__end_of_LedPointSelect                  text56       008D0
__end_of_Mcu_Initialization              text28       00831
__end_of_SwPointSelect                   text66       017D7
__end_of_Sw_DimmerAdjFunc                text22       00B12
__end_of_Sw_DimmerOffFunc                text19       00BE7
__end_of_Sw_DimmerOnFunc                 text18       00C33
__end_of_Switch_Initialization           text25       016D7
__end_of_Switch_Main                     text16       01642
__end_of_TMR0_ISR                        text78       009EB
__end_of_TMR0_Set                        text29       016CA
__end_of_Temp_Initialization             text14       015F4
__end_of_Temp_Main                       text7        015F7
__end_of_TouchPower                      text27       015FC
__end_of___awdiv                         text71       00C87
__end_of___awtoft                        text46       00912
__end_of___ftdiv                         text45       00594
__end_of___ftpack                        text47       00DF2
__end_of___fttol                         text44       006B8
__end_of__initialization                 cinit        00047
__end_of_getAD                           text6        0081A
__end_of_getDimmerLights_StatusFlag      text59       01753
__end_of_getTemp_AD                      text5        00F91
__end_of_main                            maintext     00CDD
__end_of_myMain_Initialization           text4        017AF
__end_of_my_Main                         text2        0079D
__end_of_my_TestPointCleared             text1        01789
__end_of_setBuz                          text70       0072C
__end_of_setDelayOff_GO                  text20       00D36
__end_of_setDimmerLights                 text54       01000
__end_of_setDimmerLights_Adj             text53       009BB
__end_of_setDimmerLights_AdjGo           text24       01712
__end_of_setDimmerLights_ERROR           text13       00AD1
__end_of_setDimmerLights_Initialization  text61       00961
__end_of_setDimmerLights_IntrControl     text79       001D5
__end_of_setDimmerLights_IntrIOC_GO      text83       00864
__end_of_setDimmerLights_Main            text52       00F25
__end_of_setDimmerLights_Switch          text68       016F4
__end_of_setDimmerLights_Trigger         text67       01703
__end_of_setDimmerLights_TriggerAdj      text23       01721
__end_of_setDimmerLights_TriggerERROR    text12       00939
__end_of_setDimmerReClock                text82       01660
__end_of_setLED                          text55       00D91
__end_of_setLED_Initialization           text38       01731
__end_of_setLED_Main                     text36       00A91
__end_of_setMemory_GO                    text58       008B3
__end_of_setOverTemp_Exceptions          text9        00A54
__end_of_setPercentValue                 text43       00B9D
__end_of_setSw_Enable                    text10       00898
__end_of_setSw_Initialization            text26       0163A
__end_of_setSw_Main                      text17       002F5
__end_of_setSw_Status                    text65       016E5
__end_of_setTemp_Enable                  text3        0168C
__end_of_setTemp_Initialization          text15       01681
__end_of_setTemp_Main                    text8        00402
__initialization                         cinit        00018
__myMain                                 bssBANK2     00120
__pbssBANK0                              bssBANK0     00056
__pbssBANK1                              bssBANK1     000A0
__pbssBANK2                              bssBANK2     00120
__pbssBANK3                              bssBANK3     001A0
__pbssCOMMON                             bssCOMMON    00078
__pcstackBANK0                           cstackBANK0  00020
__pcstackCOMMON                          cstackCOMMON 00070
__pdataBANK2                             dataBANK2    00142
__pidataBANK2                            idataBANK2   008D0
__pintentry                              intentry     00004
__pmaintext                              maintext     00C87
__pnvBANK0                               nvBANK0      0006C
__pnvCOMMON                              nvCOMMON     0007C
__product                                dataBANK2    00142
__ptext1                                 text1        01777
__ptext10                                text10       0087E
__ptext11                                text11       00DF2
__ptext12                                text12       00912
__ptext13                                text13       00A91
__ptext14                                text14       015F1
__ptext15                                text15       01676
__ptext16                                text16       0163A
__ptext17                                text17       001D5
__ptext18                                text18       00BE7
__ptext19                                text19       00B9D
__ptext2                                 text2        0072C
__ptext20                                text20       00CDD
__ptext21                                text21       00961
__ptext22                                text22       00AD1
__ptext23                                text23       01712
__ptext24                                text24       01703
__ptext25                                text25       016CA
__ptext26                                text26       01632
__ptext27                                text27       015F7
__ptext28                                text28       0081A
__ptext29                                text29       016BD
__ptext3                                 text3        01681
__ptext30                                text30       00831
__ptext31                                text31       016B0
__ptext32                                text32       01602
__ptext33                                text33       00800
__ptext34                                text34       0161B
__ptext35                                text35       016A4
__ptext36                                text36       00A54
__ptext37                                text37       01698
__ptext38                                text38       01721
__ptext39                                text39       00B12
__ptext4                                 text4        0179C
__ptext40                                text40       00E56
__ptext41                                text41       0168C
__ptext42                                text42       00402
__ptext43                                text43       00B57
__ptext44                                text44       00631
__ptext45                                text45       004EB
__ptext46                                text46       008F0
__ptext47                                text47       00D91
__ptext48                                text48       009EB
__ptext49                                text49       01642
__ptext5                                 text5        00F25
__ptext50                                text50       00864
__ptext51                                text51       0166B
__ptext52                                text52       00EBB
__ptext53                                text53       0098D
__ptext54                                text54       00F91
__ptext55                                text55       00D36
__ptext56                                text56       008B3
__ptext57                                text57       017D7
__ptext58                                text58       00898
__ptext59                                text59       01742
__ptext6                                 text6        00804
__ptext60                                text60       017EB
__ptext61                                text61       00939
__ptext62                                text62       015FC
__ptext63                                text63       0162A
__ptext64                                text64       0079D
__ptext65                                text65       016D7
__ptext66                                text66       017C3
__ptext67                                text67       016F4
__ptext68                                text68       016E5
__ptext69                                text69       01789
__ptext7                                 text7        015F4
__ptext70                                text70       006B8
__ptext71                                text71       00C33
__ptext72                                text72       01622
__ptext73                                text73       01660
__ptext74                                text74       017AF
__ptext75                                text75       00594
__ptext76                                text76       0164B
__ptext78                                text78       009BB
__ptext79                                text79       0004B
__ptext8                                 text8        002F5
__ptext80                                text80       01765
__ptext81                                text81       01731
__ptext82                                text82       01655
__ptext83                                text83       0084A
__ptext84                                text84       01753
__ptext85                                text85       01614
__ptext9                                 text9        00A1C
__size_of_ADC_Set                        (abs)        00000
__size_of_Buzzer_Initialization          (abs)        00000
__size_of_Buzzer_Main                    (abs)        00000
__size_of_DelayOffPointSelect            (abs)        00000
__size_of_DelayOff_Initialization        (abs)        00000
__size_of_DelayOff_Main                  (abs)        00000
__size_of_DelayTimejudge                 (abs)        00000
__size_of_DimmerIntrIOCPointSelect       (abs)        00000
__size_of_DimmerIntrPointSelect          (abs)        00000
__size_of_DimmerLightsPointSelect        (abs)        00000
__size_of_DimmerLights_Close             (abs)        00000
__size_of_DimmerLights_Exceptions        (abs)        00000
__size_of_DimmerLights_Initialization    (abs)        00000
__size_of_DimmerLights_Main              (abs)        00000
__size_of_Dimmer_Initialization          (abs)        00000
__size_of_DlyOff_Initialization          (abs)        00000
__size_of_DlyOff_Main                    (abs)        00000
__size_of_Flash_Memory_Erasing           (abs)        00000
__size_of_Flash_Memory_Initialization    (abs)        00000
__size_of_Flash_Memory_Main              (abs)        00000
__size_of_Flash_Memory_Modify            (abs)        00000
__size_of_Flash_Memory_Read              (abs)        00000
__size_of_Flash_Memory_Unlock            (abs)        00000
__size_of_Flash_Memory_Write             (abs)        00000
__size_of_Fosc_Set                       (abs)        00000
__size_of_INT_ISR                        (abs)        00000
__size_of_INT_Set                        (abs)        00000
__size_of_IOC_ISR                        (abs)        00000
__size_of_IOC_Set                        (abs)        00000
__size_of_IO_Set                         (abs)        00000
__size_of_ISR                            (abs)        00000
__size_of_LED_Initialization             (abs)        00000
__size_of_LED_Main                       (abs)        00000
__size_of_LedPointSelect                 (abs)        00000
__size_of_Mcu_Initialization             (abs)        00000
__size_of_SwPointSelect                  (abs)        00000
__size_of_Sw_DimmerAdjFunc               (abs)        00000
__size_of_Sw_DimmerOffFunc               (abs)        00000
__size_of_Sw_DimmerOnFunc                (abs)        00000
__size_of_Switch_Initialization          (abs)        00000
__size_of_Switch_Main                    (abs)        00000
__size_of_TMR0_ISR                       (abs)        00000
__size_of_TMR0_Set                       (abs)        00000
__size_of_Temp_Initialization            (abs)        00000
__size_of_Temp_Main                      (abs)        00000
__size_of_TouchPower                     (abs)        00000
__size_of___awdiv                        (abs)        00000
__size_of___awtoft                       (abs)        00000
__size_of___ftdiv                        (abs)        00000
__size_of___ftpack                       (abs)        00000
__size_of___fttol                        (abs)        00000
__size_of_getAD                          (abs)        00000
__size_of_getDimmerLights_StatusFlag     (abs)        00000
__size_of_getTemp_AD                     (abs)        00000
__size_of_main                           (abs)        00000
__size_of_myMain_Initialization          (abs)        00000
__size_of_my_Main                        (abs)        00000
__size_of_my_TestPointCleared            (abs)        00000
__size_of_setBuz                         (abs)        00000
__size_of_setDelayOff_GO                 (abs)        00000
__size_of_setDimmerLights                (abs)        00000
__size_of_setDimmerLights_Adj            (abs)        00000
__size_of_setDimmerLights_AdjGo          (abs)        00000
__size_of_setDimmerLights_ERROR          (abs)        00000
__size_of_setDimmerLights_Initialization (abs)        00000
__size_of_setDimmerLights_IntrControl    (abs)        00000
__size_of_setDimmerLights_IntrIOC_GO     (abs)        00000
__size_of_setDimmerLights_Main           (abs)        00000
__size_of_setDimmerLights_Switch         (abs)        00000
__size_of_setDimmerLights_Trigger        (abs)        00000
__size_of_setDimmerLights_TriggerAdj     (abs)        00000
__size_of_setDimmerLights_TriggerERROR   (abs)        00000
__size_of_setDimmerReClock               (abs)        00000
__size_of_setLED                         (abs)        00000
__size_of_setLED_Initialization          (abs)        00000
__size_of_setLED_Main                    (abs)        00000
__size_of_setMemory_GO                   (abs)        00000
__size_of_setOverTemp_Exceptions         (abs)        00000
__size_of_setPercentValue                (abs)        00000
__size_of_setSw_Enable                   (abs)        00000
__size_of_setSw_Initialization           (abs)        00000
__size_of_setSw_Main                     (abs)        00000
__size_of_setSw_Status                   (abs)        00000
__size_of_setTemp_Enable                 (abs)        00000
__size_of_setTemp_Initialization         (abs)        00000
__size_of_setTemp_Main                   (abs)        00000
_getAD                                   text6        00804
_getDimmerLights_StatusFlag              text59       01742
_getDimmerLights_StatusFlag$1654         cstackBANK0  00022
_getTemp_AD                              text5        00F25
_main                                    maintext     00C87
_myMain                                  nvBANK0      0006C
_myMain_Initialization                   text4        0179C
_my_Main                                 text2        0072C
_my_TestPointCleared                     text1        01777
_product                                 nvBANK0      0006D
_setBuz                                  text70       006B8
_setDelayOff_GO                          text20       00CDD
_setDimmerLights                         text54       00F91
_setDimmerLights_Adj                     text53       0098D
_setDimmerLights_AdjGo                   text24       01703
_setDimmerLights_ERROR                   text13       00A91
_setDimmerLights_Initialization          text61       00939
_setDimmerLights_IntrControl             text79       0004B
_setDimmerLights_IntrIOC_GO              text83       0084A
_setDimmerLights_Main                    text52       00EBB
_setDimmerLights_Switch                  text68       016E5
_setDimmerLights_Trigger                 text67       016F4
_setDimmerLights_TriggerAdj              text23       01712
_setDimmerLights_TriggerERROR            text12       00912
_setDimmerReClock                        text82       01655
_setLED                                  text55       00D36
_setLED_Initialization                   text38       01721
_setLED_Main                             text36       00A54
_setMemory_GO                            text58       00898
_setOverTemp_Exceptions                  text9        00A1C
_setPercentValue                         text43       00B57
_setSw_Enable                            text10       0087E
_setSw_Initialization                    text26       01632
_setSw_Main                              text17       001D5
_setSw_Main$4404                         cstackBANK0  00031
_setSw_Main$4405                         cstackBANK0  00032
_setSw_Status                            text65       016D7
_setTemp_Enable                          text3        01681
_setTemp_Initialization                  text15       01676
_setTemp_Main                            text8        002F5
btemp                                    (abs)        0007E
clear_ram0                               clrtext      0160E
[...]
 Hardware stack levels required when called:    5
 This function calls:
		Nothing
 This function is called by:
		_DlyOff_Initialization
		_DlyOff_Main
		_setDelayOff_GO
 This function uses a non-reentrant model


 *************** function _Buzzer_Main *****************
 Defined at:
		line 55 in file "../src/Buzzer_B1.c"
 Parameters:    Size  Location     Type
		None
 Auto vars:     Size  Location     Type
		None
 Return value:  Size  Location     Type
		None               void
 Registers used:
		wreg, fsr0l, fsr0h, fsr1l, fsr1h, status,2, status,0
 Tracked objects:
		On entry : 
		On exit  : 
		Unchanged: 
 Data sizes:     COMMON   BANK0   BANK1   BANK2   BANK3   BANK4   BANK5   BANK6   BANK7   BANK8   BANK9  BANK10  BANK11  BANK12
      Params:         0       0       0       0       0       0       0       0       0       0       0       0       0       0
      Locals:         0       0       0       0       0       0       0       0       0       0       0       0       0       0
      Temps:          0       4       0       0       0       0       0       0       0       0       0       0       0       0
      Totals:         0       4       0       0       0       0       0       0       0       0       0       0       0       0
Total ram usage:        4 bytes
 Hardware stack levels used:    1
 Hardware stack levels required when called:    5
 This function calls:
		Nothing
 This function is called by:
		_main
 This function uses a non-reentrant model


 *************** function _Buzzer_Initialization *****************
 Defined at:
		line 11 in file "../src/Buzzer_B1.c"
 Parameters:    Size  Location     Type
		None
 Auto vars:     Size  Location     Type
		None
 Return value:  Size  Location     Type
		None               void
 Registers used:
		wreg, fsr1l, fsr1h
 Tracked objects:
		On entry : 
		On exit  : 
		Unchanged: 
 Data sizes:     COMMON   BANK0   BANK1   BANK2   BANK3   BANK4   BANK5   BANK6   BANK7   BANK8   BANK9  BANK10  BANK11  BANK12
      Params:         0       0       0       0       0       0       0       0       0       0       0       0       0       0
      Locals:         0       0       0       0       0       0       0       0       0       0       0       0       0       0
      Temps:          0       1       0       0       0       0       0       0       0       0       0       0       0       0
      Totals:         0       1       0       0       0       0       0       0       0       0       0       0       0       0
Total ram usage:        1 bytes
 Hardware stack levels used:    1
 Hardware stack levels required when called:    5
 This function calls:
		Nothing
 This function is called by:
		_main
 This function uses a non-reentrant model


 *************** function _ISR *****************
 Defined at:
		line 109 in file "../src/MCU_B1.c"
 Parameters:    Size  Location     Type
		None
 Auto vars:     Size  Location     Type
		None
 Return value:  Size  Location     Type
		None               void
 Registers used:
		wreg, fsr0l, fsr0h, fsr1l, fsr1h, status,2, status,0, pclath, cstack
 Tracked objects:
		On entry : 
		On exit  : 
		Unchanged: 
 Data sizes:     COMMON   BANK0   BANK1   BANK2   BANK3   BANK4   BANK5   BANK6   BANK7   BANK8   BANK9  BANK10  BANK11  BANK12
      Params:         0       0       0       0       0       0       0       0       0       0       0       0       0       0
      Locals:         0       0       0       0       0       0       0       0       0       0       0       0       0       0
      Temps:          1       0       0       0       0       0       0       0       0       0       0       0       0       0
      Totals:         1       0       0       0       0       0       0       0       0       0       0       0       0       0
Total ram usage:        1 bytes
 Hardware stack levels used:    1
 Hardware stack levels required when called:    4
 This function calls:
		_INT_ISR
		_IOC_ISR
		_TMR0_ISR
 This function is called by:
		Interrupt level 1
 This function uses a non-reentrant model


 *************** function _TMR0_ISR *****************
 Defined at:
		line 137 in file "../src/MCU_B1.c"
 Parameters:    Size  Location     Type
		None
 Auto vars:     Size  Location     Type
		None
 Return value:  Size  Location     Type
		None               void
 Registers used:
		wreg, fsr0l, fsr0h, fsr1l, fsr1h, status,2, status,0, pclath, cstack
 Tracked objects:
		On entry : 
		On exit  : 
		Unchanged: 
 Data sizes:     COMMON   BANK0   BANK1   BANK2   BANK3   BANK4   BANK5   BANK6   BANK7   BANK8   BANK9  BANK10  BANK11  BANK12
      Params:         0       0       0       0       0       0       0       0       0       0       0       0       0       0
      Locals:         0       0       0       0       0       0       0       0       0       0       0       0       0       0
      Temps:          0       0       0       0       0       0       0       0       0       0       0       0       0       0
      Totals:         0       0       0       0       0       0       0       0       0       0       0       0       0       0
Total ram usage:        0 bytes
 Hardware stack levels used:    1
 Hardware stack levels required when called:    2
 This function calls:
		_setDimmerLights_IntrControl
 This function is called by:
		_ISR
 This function uses a non-reentrant model


 *************** function _setDimmerLights_IntrControl *****************
 Defined at:
		line 87 in file "../src/Dimmer_B1.c"
 Parameters:    Size  Location     Type
  lights          1    wreg     unsigned char 
 Auto vars:     Size  Location     Type
  lights          1    6[COMMON] unsigned char 
 Return value:  Size  Location     Type
		None               void
 Registers used:
		wreg, fsr0l, fsr0h, fsr1l, fsr1h, status,2, status,0, pclath, cstack
 Tracked objects:
		On entry : 
		On exit  : 
		Unchanged: 
 Data sizes:     COMMON   BANK0   BANK1   BANK2   BANK3   BANK4   BANK5   BANK6   BANK7   BANK8   BANK9  BANK10  BANK11  BANK12
      Params:         0       0       0       0       0       0       0       0       0       0       0       0       0       0
      Locals:         1       0       0       0       0       0       0       0       0       0       0       0       0       0
      Temps:          4       0       0       0       0       0       0       0       0       0       0       0       0       0
      Totals:         5       0       0       0       0       0       0       0       0       0       0       0       0       0
Total ram usage:        5 bytes
 Hardware stack levels used:    1
 Hardware stack levels required when called:    1
 This function calls:
		_DimmerIntrPointSelect
 This function is called by:
		_TMR0_ISR
 This function uses a non-reentrant model


 *************** function _DimmerIntrPointSelect *****************
 Defined at:
		line 65 in file "../src/Dimmer_B1.c"
 Parameters:    Size  Location     Type
  lights          1    wreg     unsigned char 
 Auto vars:     Size  Location     Type
  lights          1    1[COMMON] unsigned char 
 Return value:  Size  Location     Type
		None               void
 Registers used:
		wreg
 Tracked objects:
		On entry : 
		On exit  : 
		Unchanged: 
 Data sizes:     COMMON   BANK0   BANK1   BANK2   BANK3   BANK4   BANK5   BANK6   BANK7   BANK8   BANK9  BANK10  BANK11  BANK12
      Params:         0       0       0       0       0       0       0       0       0       0       0       0       0       0
      Locals:         1       0       0       0       0       0       0       0       0       0       0       0       0       0
      Temps:          1       0       0       0       0       0       0       0       0       0       0       0       0       0
      Totals:         2       0       0       0       0       0       0       0       0       0       0       0       0       0
Total ram usage:        2 bytes
 Hardware stack levels used:    1
 This function calls:
		Nothing
 This function is called by:
		_setDimmerLights_IntrControl
 This function uses a non-reentrant model


 *************** function _IOC_ISR *****************
 Defined at:
		line 297 in file "../src/MCU_B1.c"
 Parameters:    Size  Location     Type
		None
 Auto vars:     Size  Location     Type
		None
 Return value:  Size  Location     Type
		None               void
 Registers used:
		wreg, fsr1l, fsr1h, status,2, status,0, pclath, cstack
 Tracked objects:
		On entry : 
		On exit  : 
		Unchanged: 
 Data sizes:     COMMON   BANK0   BANK1   BANK2   BANK3   BANK4   BANK5   BANK6   BANK7   BANK8   BANK9  BANK10  BANK11  BANK12
      Params:         0       0       0       0       0       0       0       0       0       0       0       0       0       0
      Locals:         0       0       0       0       0       0       0       0       0       0       0       0       0       0
      Temps:          0       0       0       0       0       0       0       0       0       0       0       0       0       0
      Totals:         0       0       0       0       0       0       0       0       0       0       0       0       0       0
Total ram usage:        0 bytes
 Hardware stack levels used:    1
 Hardware stack levels required when called:    3
 This function calls:
		_setDimmerReClock
 This function is called by:
		_ISR
 This function uses a non-reentrant model


 *************** function _setDimmerReClock *****************
 Defined at:
		line 175 in file "../src/MCU_B1.c"
 Parameters:    Size  Location     Type
		None
 Auto vars:     Size  Location     Type
		None
 Return value:  Size  Location     Type
		None               void
 Registers used:
		wreg, fsr1l, fsr1h, status,2, status,0, pclath, cstack
 Tracked objects:
		On entry : 
		On exit  : 
		Unchanged: 
 Data sizes:     COMMON   BANK0   BANK1   BANK2   BANK3   BANK4   BANK5   BANK6   BANK7   BANK8   BANK9  BANK10  BANK11  BANK12
      Params:         0       0       0       0       0       0       0       0       0       0       0       0       0       0
      Locals:         0       0       0       0       0       0       0       0       0       0       0       0       0       0
      Temps:          0       0       0       0       0       0       0       0       0       0       0       0       0       0
      Totals:         0       0       0       0       0       0       0       0       0       0       0       0       0       0
Total ram usage:        0 bytes
 Hardware stack levels used:    1
 Hardware stack levels required when called:    2
 This function calls:
		_setDimmerLights_IntrIOC_GO
 This function is called by:
		_IOC_ISR
 This function uses a non-reentrant model


 *************** function _setDimmerLights_IntrIOC_GO *****************
 Defined at:
		line 28 in file "../src/Dimmer_B1.c"
 Parameters:    Size  Location     Type
  lights          1    wreg     unsigned char 
 Auto vars:     Size  Location     Type
  lights          1    2[COMMON] unsigned char 
 Return value:  Size  Location     Type
		None               void
 Registers used:
		wreg, fsr1l, fsr1h, status,2, status,0, pclath, cstack
 Tracked objects:
		On entry : 
		On exit  : 
		Unchanged: 
 Data sizes:     COMMON   BANK0   BANK1   BANK2   BANK3   BANK4   BANK5   BANK6   BANK7   BANK8   BANK9  BANK10  BANK11  BANK12
      Params:         0       0       0       0       0       0       0       0       0       0       0       0       0       0
      Locals:         1       0       0       0       0       0       0       0       0       0       0       0       0       0
      Temps:          0       0       0       0       0       0       0       0       0       0       0       0       0       0
      Totals:         1       0       0       0       0       0       0       0       0       0       0       0       0       0
Total ram usage:        1 bytes
 Hardware stack levels used:    1
 Hardware stack levels required when called:    1
 This function calls:
		_DimmerIntrIOCPointSelect
 This function is called by:
		_setDimmerReClock
 This function uses a non-reentrant model


 *************** function _DimmerIntrIOCPointSelect *****************
 Defined at:
		line 8 in file "../src/Dimmer_B1.c"
 Parameters:    Size  Location     Type
  lights          1    wreg     unsigned char 
 Auto vars:     Size  Location     Type
  lights          1    1[COMMON] unsigned char 
 Return value:  Size  Location     Type
		None               void
 Registers used:
		wreg
 Tracked objects:
		On entry : 
		On exit  : 
		Unchanged: 
 Data sizes:     COMMON   BANK0   BANK1   BANK2   BANK3   BANK4   BANK5   BANK6   BANK7   BANK8   BANK9  BANK10  BANK11  BANK12
      Params:         0       0       0       0       0       0       0       0       0       0       0       0       0       0
      Locals:         1       0       0       0       0       0       0       0       0       0       0       0       0       0
      Temps:          1       0       0       0       0       0       0       0       0       0       0       0       0       0
      Totals:         2       0       0       0       0       0       0       0       0       0       0       0       0       0
Total ram usage:        2 bytes
 Hardware stack levels used:    1
 This function calls:
		Nothing
 This function is called by:
		_setDimmerLights_IntrIOC_GO
 This function uses a non-reentrant model


 *************** function _INT_ISR *****************
 Defined at:
		line 250 in file "../src/MCU_B1.c"
 Parameters:    Size  Location     Type
		None
 Auto vars:     Size  Location     Type
		None
 Return value:  Size  Location     Type
		None               void
 Registers used:
		None
 Tracked objects:
		On entry : 
		On exit  : 
		Unchanged: 
 Data sizes:     COMMON   BANK0   BANK1   BANK2   BANK3   BANK4   BANK5   BANK6   BANK7   BANK8   BANK9  BANK10  BANK11  BANK12
      Params:         0       0       0       0       0       0       0       0       0       0       0       0       0       0
      Locals:         0       0       0       0       0       0       0       0       0       0       0       0       0       0
      Temps:          0       0       0       0       0       0       0       0       0       0       0       0       0       0
      Totals:         0       0       0       0       0       0       0       0       0       0       0       0       0       0
Total ram usage:        0 bytes
 Hardware stack levels used:    1
 This function calls:
		Nothing
 This function is called by:
		_ISR
 This function uses a non-reentrant model



MODULE INFORMATION

Module		Function		Class		Link	Load	Size
C:\Program Files (x86)\Microchip\xc8\v1.32\sources\common\float.c
		___ftpack      		CODE           	0D91	0000	97

C:\Program Files (x86)\Microchip\xc8\v1.32\sources\common\float.c estimated size: 97

C:\Program Files (x86)\Microchip\xc8\v1.32\sources\common\awtoft.c
		___awtoft      		CODE           	08F0	0000	34

C:\Program Files (x86)\Microchip\xc8\v1.32\sources\common\awtoft.c estimated size: 34

../src/MCU_B1.c
		_Fosc_Set      		CODE           	0800	0000	4
		_IO_Set        		CODE           	0831	0000	25
		_ADC_Set       		CODE           	161B	0000	7
		_IOC_ISR       		CODE           	1731	0000	17
		_INT_Set       		CODE           	1602	0000	6
		_ISR           		CODE           	0004	0000	18
		_Flash_Memory_W		CODE           	09EB	0000	49
		_Flash_Memory_M		CODE           	0E56	0000	101
		_setMemory_GO  		CODE           	0898	0000	27
		_IOC_Set       		CODE           	16B0	0000	13
		_Mcu_Initializa		CODE           	081A	0000	23
		_Flash_Memory_I		CODE           	0402	0000	233
		_getAD         		CODE           	0804	0000	22
		_TMR0_Set      		CODE           	16BD	0000	13
		_Flash_Memory_U		CODE           	1642	0000	9
		_INT_ISR       		CODE           	1614	0000	7
		_TMR0_ISR      		CODE           	09BB	0000	48
		_Flash_Memory_R		CODE           	0864	0000	26
		_Flash_Memory_E		CODE           	168C	0000	12
		_setDimmerReClo		CODE           	1655	0000	11
		_Flash_Memory_M		CODE           	0B12	0000	69

../src/MCU_B1.c estimated size: 740

../src/Buzzer_B1.c
		_Buzzer_Main   		CODE           	0594	0000	157
		_setBuz        		CODE           	06B8	0000	116
		_Buzzer_Initial		CODE           	164B	0000	10

../src/Buzzer_B1.c estimated size: 283

../src/LED_B1.c
		_setLED        		CODE           	0D36	0000	91
		_LED_Main      		CODE           	16A4	0000	12
		_setLED_Initial		CODE           	1721	0000	16
		_LedPointSelect		CODE           	08B3	0000	29
		_setLED_Main   		CODE           	0A54	0000	61
		_LED_Initializa		CODE           	1698	0000	12

../src/LED_B1.c estimated size: 221

../src/OverTemperature_B1.c
		_Temp_Initializ		CODE           	15F1	0000	3
		_Temp_Main     		CODE           	15F4	0000	3
		_setOverTemp_Ex		CODE           	0A1C	0000	56
		_setTemp_Initia		CODE           	1676	0000	11
		_getTemp_AD    		CODE           	0F25	0000	108
		_setTemp_Main  		CODE           	02F5	0000	269
		_setTemp_Enable		CODE           	1681	0000	11

../src/OverTemperature_B1.c estimated size: 461

C:\Program Files (x86)\Microchip\xc8\v1.32\sources\common\fttol.c
		___fttol       		CODE           	0631	0000	135

C:\Program Files (x86)\Microchip\xc8\v1.32\sources\common\fttol.c estimated size: 135

C:\Program Files (x86)\Microchip\xc8\v1.32\sources\common\awdiv.c
		___awdiv       		CODE           	0C33	0000	84

C:\Program Files (x86)\Microchip\xc8\v1.32\sources\common\awdiv.c estimated size: 84

../src/Main_B1.c
		_my_Main       		CODE           	072C	0000	113
		_main          		CODE           	0C87	0000	86
		_myMain_Initial		CODE           	179C	0000	19
		_my_TestPointCl		CODE           	1777	0000	18

../src/Main_B1.c estimated size: 236

shared
		__initializatio		CODE           	0018	0000	47

shared estimated size: 47

../src/Switch_B1.c
		_Sw_DimmerAdjFu		CODE           	0AD1	0000	65
		_Sw_DimmerOffFu		CODE           	0B9D	0000	74
		_Switch_Main   		CODE           	163A	0000	8
		_setSw_Enable  		CODE           	087E	0000	26
		_SwPointSelect 		CODE           	17C3	0000	20
		_Sw_DimmerOnFun		CODE           	0BE7	0000	76
		_TouchPower    		CODE           	15F7	0000	5
		_setSw_Main    		CODE           	01D5	0000	288
		_setSw_Initiali		CODE           	1632	0000	8
		_Switch_Initial		CODE           	16CA	0000	13
		_setSw_Status  		CODE           	16D7	0000	14

../src/Switch_B1.c estimated size: 597

../src/Dimmer_B1.c
		_DimmerLightsPo		CODE           	1789	0000	19
		_DimmerIntrPoin		CODE           	1765	0000	18
		_getDimmerLight		CODE           	1742	0000	17
		_DimmerLights_M		CODE           	166B	0000	11
		_setDimmerLight		CODE           	004B	0000	394
		_DimmerIntrIOCP		CODE           	1753	0000	18
		_setDimmerLight		CODE           	098D	0000	46
		_setDimmerLight		CODE           	0F91	0000	111
		_DimmerLights_C		CODE           	17D7	0000	20
		_setDimmerLight		CODE           	1703	0000	15
		_setDimmerLight		CODE           	16F4	0000	15
		_setDimmerLight		CODE           	1712	0000	15
		_setPercentValu		CODE           	0B57	0000	70
		_setDimmerLight		CODE           	0939	0000	40
		_DimmerLights_E		CODE           	0DF2	0000	100
		_setDimmerLight		CODE           	0912	0000	39
		_setDimmerLight		CODE           	16E5	0000	15
		_setDimmerLight		CODE           	084A	0000	26
		_Dimmer_Initial		CODE           	15FC	0000	6
		_DimmerLights_I		CODE           	17EB	0000	21
		_setDimmerLight		CODE           	0EBB	0000	106
		_setDimmerLight		CODE           	0A91	0000	64

../src/Dimmer_B1.c estimated size: 1186

../src/DelayOff_B1.c
		_DelayOff_Initi		CODE           	1622	0000	8
		_DlyOff_Main   		CODE           	079D	0000	98
		_DelayTimejudge		CODE           	0961	0000	44
		_DelayOff_Main 		CODE           	162A	0000	8
		_DelayOffPointS		CODE           	17AF	0000	20
		_setDelayOff_GO		CODE           	0CDD	0000	89
		_DlyOff_Initial		CODE           	1660	0000	11

../src/DelayOff_B1.c estimated size: 278

C:\Program Files (x86)\Microchip\xc8\v1.32\sources\pic\ftdiv.c
		___ftdiv       		CODE           	04EB	0000	169

C:\Program Files (x86)\Microchip\xc8\v1.32\sources\pic\ftdiv.c estimated size: 169

