Microchip MPLAB XC8 Compiler V1.32 ()

Linker command line:

--edf=C:\Program Files (x86)\Microchip\xc8\v1.32\dat\en_msgs.txt -cs \
  -h+dist/default/production\2.Switch_2Key_Dimmer.X.production.sym \
  --cmf=dist/default/production\2.Switch_2Key_Dimmer.X.production.cmf -z \
  -Q16F1518 -oC:\Users\taianluo\AppData\Local\Temp\s6fc.6 \
  -Mdist/default/production/2.Switch_2Key_Dimmer.X.production.map -E1 \
  -ver=XC8 -ASTACK=021D7h-0231fh -pstack=STACK -ACONST=00h-0FFhx64 \
  -ACODE=00h-07FFhx8 -ASTRCODE=00h-03FFFh -AENTRY=00h-0FFhx64 \
  -ASTRING=00h-0FFhx64 -ACOMMON=070h-07Fh -ABANK0=020h-06Fh \
  -ABANK1=0A0h-0EFh -ABANK2=0120h-016Fh -ABANK3=01A0h-01EFh \
  -ABANK4=0220h-026Fh -ABANK5=02A0h-02EFh -ABANK6=0320h-036Fh \
  -ABANK7=03A0h-03EFh -ABANK8=0420h-046Fh -ABANK9=04A0h-04EFh \
  -ABANK10=0520h-056Fh -ABANK11=05A0h-05EFh -ABANK12=0620h-064Fh \
  -ABIGRAM=02000h-023EFh \
  -ARAM=020h-06Fh,0A0h-0EFh,0120h-016Fh,01A0h-01EFh,0220h-026Fh,02A0h-02EFh,0320h-036Fh,03A0h-03EFh,0420h-046Fh,04A0h-04EFh,0520h-056Fh,05A0h-05EFh,0620h-064Fh \
  -AABS1=020h-07Fh,0A0h-0EFh,0120h-016Fh,01A0h-01EFh,0220h-026Fh,02A0h-02EFh,0320h-036Fh,03A0h-03EFh,0420h-046Fh,04A0h-04EFh,0520h-056Fh,05A0h-05EFh,0620h-064Fh \
  -ASFR0=00h-01Fh -ASFR1=080h-09Fh -ASFR2=0100h-011Fh -ASFR3=0180h-019Fh \
  -ASFR4=0200h-021Fh -ASFR5=0280h-029Fh -ASFR6=0300h-031Fh \
  -ASFR7=0380h-039Fh -ASFR8=0400h-041Fh -ASFR9=0480h-049Fh \
  -ASFR10=0500h-051Fh -ASFR11=0580h-059Fh -ASFR12=0600h-061Fh \
  -ASFR13=0680h-06EFh -ASFR14=0700h-076Fh -ASFR15=0780h-07EFh \
  -ASFR16=0800h-086Fh -ASFR17=0880h-08EFh -ASFR18=0900h-096Fh \
  -ASFR19=0980h-09EFh -ASFR20=0A00h-0A6Fh -ASFR21=0A80h-0AEFh \
  -ASFR22=0B00h-0B6Fh -ASFR23=0B80h-0BEFh -ASFR24=0C00h-0C6Fh \
  -ASFR25=0C80h-0CEFh -ASFR26=0D00h-0D6Fh -ASFR27=0D80h-0DEFh \
  -ASFR28=0E00h-0E6Fh -ASFR29=0E80h-0EEFh -ASFR30=0F00h-0F6Fh \
  -ASFR31=0F80h-0FEFh -preset_vec=00h,intentry=04h,init,end_init \
  -ppowerup=CODE -pcinit=CODE -pfunctab=CODE -ACONFIG=08007h-08008h \
  -pconfig=CONFIG -DCONFIG=2 -AIDLOC=08000h-08003h -pidloc=IDLOC -DIDLOC=2 \
  -DCODE=2 -DSTRCODE=2 -DSTRING=2 -DCONST=2 -DENTRY=2 -k \
  C:\Users\taianluo\AppData\Local\Temp\s6fc.obj \
  dist/default/production\2.Switch_2Key_Dimmer.X.production.obj 

Object code version is 3.11

Machine type is 16F1518



                Name                               Link     Load   Length Selector   Space Scale
C:\Users\taianluo\AppData\Local\Temp\s6fc.obj
                end_init                             16       16        2        8       0
                reset_vec                             0        0        2        0       0
                config                             8007     8007        2    1000E       0
dist/default/production\2.Switch_2Key_Dimmer.X.production.obj
                cinit                                18       18       3C        8       0
                intentry                              4        4       12        8       0
                text144                            2613     2613        E     4C26       0
                text143                            18D4     18D4       1B     31A8       0
                text142                            257E     257E        C     4AFC       0
                text141                            2725     2725       14     4E4A       0
                text140                            1998     1998       1F     3330       0
                text139                            2547     2547        B     4A8E       0
                text138                            26CD     26CD       11     4D9A       0
                text137                            2700     2700       12     4E00       0
                text136                            1BBB     1BBB       30     3776       0
                text135                             2F9      2F9      1CB        8       0
                text134                            1C7E     1C7E       33     38FC       0
                text132                            258A     258A        C     4B14       0
                text131                             C6B      C6B       C7     18D6       0
                text130                            186F     186F       19     30DE       0
                text129                            265D     265D       10     4CBA       0
                text128                            24E1     24E1        4     49C2       0
                text127                            24E5     24E5        4     49CA       0
                text126                            1ABE     1ABE       26     357C       0
                text125                            2596     2596        C     4B2C       0
                text124                            1888     1888       19     3110       0
                text123                            19B7     19B7       1F     336E       0
                text122                            1B0D     1B0D       2A     361A       0
                text121                            1BEB     1BEB       30     37D6       0
                text120                            24E9     24E9        4     49D2       0
                text119                            2761     2761       15     4EC2       0
                text118                            27A2     27A2       17     4F44       0
                text117                            2552     2552        B     4AA4       0
                text116                            251F     251F        8     4A3E       0
                text115                            105F     105F       54     20BE       0
                text114                             937      937       96     126E       0
                text113                            2712     2712       13     4E24       0
                text112                            266D     266D       10     4CDA       0
                text111                            267D     267D       10     4CFA       0
                text110                            2776     2776       16     4EEC       0
                text109                            2621     2621        F     4C42       0
                text108                            1220     1220       61     2440       0
                text107                            1A36     1A36       22     346C       0
                text106                             B04      B04       A9     1608       0
                text105                            16EF     16EF       87     2DDE       0
                text104                            1EE1     1EE1       46     3DC2       0
                text103                            1350     1350       6C     26A0       0
                text102                            2739     2739       14     4E72       0
                text101                            2630     2630        F     4C60       0
                text100                            263F     263F        F     4C7E       0
                text99                              A63      A63       A1     14C6       0
                text98                             1581     1581       79     2B02       0
                text97                             2527     2527        8     4A4E       0
                text96                             250A     250A        7     4A14       0
                text95                             1B8E     1B8E       2D     371C       0
                text94                             27B9     27B9       17     4F72       0
                text93                             26DE     26DE       11     4DBC       0
                text92                             255D     255D        B     4ABA       0
                text91                             19D6     19D6       1F     33AC       0
                text90                             27D0     27D0       18     4FA0       0
                text89                             1A58     1A58       22     34B0       0
                text88                             11C2     11C2       5E     2384       0
                text87                              800      800       15     1000       0
                text86                             1C4C     1C4C       32     3898       0
                text85                             1776     1776       8A     2EEC       0
                text84                             1C1B     1C1B       31     3836       0
                text83                             1E57     1E57       45     3CAE       0
                text82                             149B     149B       73     2936       0
                text81                             2568     2568        B     4AD0       0
                text80                             18BA     18BA       1A     3174       0
                text79                             1866     1866        9     30CC       0
                text78                             1CB1     1CB1       33     3962       0
                text77                              F08      F08       F8     1E10       0
                text76                             25A2     25A2        C     4B44       0
                text75                             13BC     13BC       6E     2778       0
                text74                             1E9C     1E9C       45     3D38       0
                text73                             26EF     26EF       11     4DDE       0
                text72                             25AE     25AE        C     4B5C       0
                text71                             1D50     1D50       40     3AA0       0
                text70                             25BA     25BA        C     4B74       0
                text69                             1A7A     1A7A       22     34F4       0
                text68                             25D2     25D2        D     4BA4       0
                text67                             1D19     1D19       37     3A32       0
                text66                             197A     197A       1E     32F4       0
                text65                             252F     252F        8     4A5E       0
                text64                             268D     268D       10     4D1A       0
                text63                             10B3     10B3       57     2166       0
                text62                             1B37     1B37       2B     366E       0
                text61                             1281     1281       64     2502       0
                text60                             1AE4     1AE4       29     35C8       0
                text59                             1925     1925       1C     324A       0
                text58                             1DD0     1DD0       43     3BA0       0
                text57                               54       54      2A5        8       0
                text56                             2511     2511        7     4A22       0
                text55                             24ED     24ED        4     49DA       0
                text54                             24FE     24FE        6     49FC       0
                text53                             25DF     25DF        D     4BBE       0
                text52                             18A1     18A1       19     3142       0
                text51                             25EC     25EC        D     4BD8       0
                text50                             27E8     27E8       18     4FD0       0
                text49                             18EF     18EF       1B     31DE       0
                text48                             2518     2518        7     4A30       0
                text47                             24F1     24F1        4     49E2       0
                text46                             195D     195D       1D     32BA       0
                text45                             190A     190A       1B     3214       0
                text44                              BAD      BAD       BE     175A       0
                text43                             1E13     1E13       44     3C26       0
                text42                             1A15     1A15       21     342A       0
                text41                              E12      E12       F6     1C24       0
                text40                              746      746       B4        8       0
                text39                             110A     110A       5B     2214       0
                text38                             1A9C     1A9C       22     3538       0
                text37                             1CE4     1CE4       35     39C8       0
                text36                             1D90     1D90       40     3B20       0
                text35                             1B62     1B62       2C     36C4       0
                text34                             1165     1165       5D     22CA       0
                text33                              815      815       90     102A       0
                text32                              8A5      8A5       92     114A       0
                text31                             1F6D     1F6D       47     3EDA       0
                text30                             1012     1012       4D     2024       0
                text29                              D32      D32       E0     1A64       0
                text28                             24F5     24F5        4     49EA       0
                text27                             24F9     24F9        5     49F2       0
                text26                             2537     2537        8     4A6E       0
                text25                             25F9     25F9        D     4BF2       0
                text24                             269D     269D       10     4D3A       0
                text23                             26AD     26AD       10     4D5A       0
                text22                             1FB4     1FB4       4C     3F68       0
                text21                             142A     142A       71     2854       0
                text20                             150E     150E       73     2A1C       0
                text19                             264E     264E        F     4C9C       0
                text18                              4C4      4C4      155        8       0
                text17                             253F     253F        8     4A7E       0
                text16                             25C6     25C6        C     4B8C       0
                text15                             24DB     24DB        3     49B6       0
                text14                             2573     2573        B     4AE6       0
                text13                             1F27     1F27       46     3E4E       0
                text12                              619      619      12D        8       0
                text11                             24DE     24DE        3     49BC       0
                text10                                2        2        2        0       0
                text9                              1941     1941       1C     3282       0
                text8                              278C     278C       16     4F18       0
                text7                               9CD      9CD       96     139A       0
                text6                              15FA     15FA       79     2BF4       0
                text5                              274D     274D       14     4E9A       0
                text4                              26BD     26BD       10     4D7A       0
                text3                              2606     2606        D     4C0C       0
                text2                              1673     1673       7C     2CE6       0
                text1                              1000     1000       12     1E10       0
                maintext                           12E5     12E5       6B     25CA       0
                cstackBANK0                          20       20       50       20       1
                cstackCOMMON                         70       70        8       70       1
                inittext                           2504     2504        6     4A08       0
                clrtext                             7FA      7FA        6        8       0
                bssBANK5                            2A0      2A0       47      2A0       1
                bssBANK4                            220      220       25      220       1
                dataBANK3                           1C2      1C2       20      1A0       1
                bssBANK3                            1A0      1A0       22      1A0       1
                bssBANK2                            120      120       44      120       1
                bssBANK1                             A0       A0       4B       A0       1
                bssCOMMON                            78       78        4       70       1
                bitbssCOMMON                        3E0       7C        2       70       1     8
                nvBANK1                              EB       EB        4       A0       1
                nvCOMMON                             7D       7D        1       70       1
                stringtext                         1800     1800       66       30       0
                idataBANK3                         19F5     19F5       20     33EA       0

TOTAL           Name                               Link     Load   Length     Space
        CLASS   STACK          

        CLASS   CONST          

        CLASS   CODE           
                end_init                             16       16        2         0
                cinit                                18       18       3C         0
                intentry                              4        4       12         0
                reset_vec                             0        0        2         0
                text144                            2613     2613        E         0
                text143                            18D4     18D4       1B         0
                text142                            257E     257E        C         0
                text141                            2725     2725       14         0
                text140                            1998     1998       1F         0
                text139                            2547     2547        B         0
                text138                            26CD     26CD       11         0
                text137                            2700     2700       12         0
                text136                            1BBB     1BBB       30         0
                text135                             2F9      2F9      1CB         0
                text134                            1C7E     1C7E       33         0
                text132                            258A     258A        C         0
                text131                             C6B      C6B       C7         0
                text130                            186F     186F       19         0
                text129                            265D     265D       10         0
                text128                            24E1     24E1        4         0
                text127                            24E5     24E5        4         0
                text126                            1ABE     1ABE       26         0
                text125                            2596     2596        C         0
                text124                            1888     1888       19         0
                text123                            19B7     19B7       1F         0
                text122                            1B0D     1B0D       2A         0
                text121                            1BEB     1BEB       30         0
                text120                            24E9     24E9        4         0
                text119                            2761     2761       15         0
                text118                            27A2     27A2       17         0
                text117                            2552     2552        B         0
                text116                            251F     251F        8         0
                text115                            105F     105F       54         0
                text114                             937      937       96         0
                text113                            2712     2712       13         0
                text112                            266D     266D       10         0
                text111                            267D     267D       10         0
                text110                            2776     2776       16         0
                text109                            2621     2621        F         0
                text108                            1220     1220       61         0
                text107                            1A36     1A36       22         0
                text106                             B04      B04       A9         0
                text105                            16EF     16EF       87         0
                text104                            1EE1     1EE1       46         0
                text103                            1350     1350       6C         0
                text102                            2739     2739       14         0
                text101                            2630     2630        F         0
                text100                            263F     263F        F         0
                text99                              A63      A63       A1         0
                text98                             1581     1581       79         0
                text97                             2527     2527        8         0
                text96                             250A     250A        7         0
                text95                             1B8E     1B8E       2D         0
                text94                             27B9     27B9       17         0
                text93                             26DE     26DE       11         0
                text92                             255D     255D        B         0
                text91                             19D6     19D6       1F         0
                text90                             27D0     27D0       18         0
                text89                             1A58     1A58       22         0
                text88                             11C2     11C2       5E         0
                text87                              800      800       15         0
                text86                             1C4C     1C4C       32         0
                text85                             1776     1776       8A         0
                text84                             1C1B     1C1B       31         0
                text83                             1E57     1E57       45         0
                text82                             149B     149B       73         0
                text81                             2568     2568        B         0
                text80                             18BA     18BA       1A         0
                text79                             1866     1866        9         0
                text78                             1CB1     1CB1       33         0
                text77                              F08      F08       F8         0
                text76                             25A2     25A2        C         0
                text75                             13BC     13BC       6E         0
                text74                             1E9C     1E9C       45         0
                text73                             26EF     26EF       11         0
                text72                             25AE     25AE        C         0
                text71                             1D50     1D50       40         0
                text70                             25BA     25BA        C         0
                text69                             1A7A     1A7A       22         0
                text68                             25D2     25D2        D         0
                text67                             1D19     1D19       37         0
                text66                             197A     197A       1E         0
                text65                             252F     252F        8         0
                text64                             268D     268D       10         0
                text63                             10B3     10B3       57         0
                text62                             1B37     1B37       2B         0
                text61                             1281     1281       64         0
                text60                             1AE4     1AE4       29         0
                text59                             1925     1925       1C         0
                text58                             1DD0     1DD0       43         0
                text57                               54       54      2A5         0
                text56                             2511     2511        7         0
                text55                             24ED     24ED        4         0
                text54                             24FE     24FE        6         0
                text53                             25DF     25DF        D         0
                text52                             18A1     18A1       19         0
                text51                             25EC     25EC        D         0
                text50                             27E8     27E8       18         0
                text49                             18EF     18EF       1B         0
                text48                             2518     2518        7         0
                text47                             24F1     24F1        4         0
                text46                             195D     195D       1D         0
                text45                             190A     190A       1B         0
                text44                              BAD      BAD       BE         0
                text43                             1E13     1E13       44         0
                text42                             1A15     1A15       21         0
                text41                              E12      E12       F6         0
                text40                              746      746       B4         0
                text39                             110A     110A       5B         0
                text38                             1A9C     1A9C       22         0
                text37                             1CE4     1CE4       35         0
                text36                             1D90     1D90       40         0
                text35                             1B62     1B62       2C         0
                text34                             1165     1165       5D         0
                text33                              815      815       90         0
                text32                              8A5      8A5       92         0
                text31                             1F6D     1F6D       47         0
                text30                             1012     1012       4D         0
                text29                              D32      D32       E0         0
                text28                             24F5     24F5        4         0
                text27                             24F9     24F9        5         0
                text26                             2537     2537        8         0
                text25                             25F9     25F9        D         0
                text24                             269D     269D       10         0
                text23                             26AD     26AD       10         0
                text22                             1FB4     1FB4       4C         0
                text21                             142A     142A       71         0
                text20                             150E     150E       73         0
                text19                             264E     264E        F         0
                text18                              4C4      4C4      155         0
                text17                             253F     253F        8         0
                text16                             25C6     25C6        C         0
                text15                             24DB     24DB        3         0
                text14                             2573     2573        B         0
                text13                             1F27     1F27       46         0
                text12                              619      619      12D         0
                text11                             24DE     24DE        3         0
                text10                                2        2        2         0
                text9                              1941     1941       1C         0
                text8                              278C     278C       16         0
                text7                               9CD      9CD       96         0
                text6                              15FA     15FA       79         0
                text5                              274D     274D       14         0
                text4                              26BD     26BD       10         0
                text3                              2606     2606        D         0
                text2                              1673     1673       7C         0
                text1                              1000     1000       12         0
                maintext                           12E5     12E5       6B         0
                inittext                           2504     2504        6         0
                clrtext                             7FA      7FA        6         0
                idataBANK3                         19F5     19F5       20         0

        CLASS   STRCODE        
                stringtext                         1800     1800       66         0

        CLASS   ENTRY          

        CLASS   STRING         

        CLASS   COMMON         
                cstackCOMMON                         70       70        8         1
                bssCOMMON                            78       78        4         1
                bitbssCOMMON                        3E0       7C        2         1
                nvCOMMON                             7D       7D        1         1

        CLASS   BANK0          
                cstackBANK0                          20       20       50         1

        CLASS   BANK1          
                bssBANK1                             A0       A0       4B         1
                nvBANK1                              EB       EB        4         1

        CLASS   BANK2          
                bssBANK2                            120      120       44         1

        CLASS   BANK3          
                dataBANK3                           1C2      1C2       20         1
                bssBANK3                            1A0      1A0       22         1

        CLASS   BANK4          
                bssBANK4                            220      220       25         1

        CLASS   BANK5          
                bssBANK5                            2A0      2A0       47         1

        CLASS   BANK6          

        CLASS   BANK7          

        CLASS   BANK8          

        CLASS   BANK9          

        CLASS   BANK10         

        CLASS   BANK11         

        CLASS   BANK12         

        CLASS   BIGRAM         

        CLASS   RAM            

        CLASS   ABS1           
                abs_s1                               7E       7E        2         1

        CLASS   SFR0           

        CLASS   SFR1           

        CLASS   SFR2           

        CLASS   SFR3           

        CLASS   SFR4           

        CLASS   SFR5           

        CLASS   SFR6           

        CLASS   SFR7           

        CLASS   SFR8           

        CLASS   SFR9           

        CLASS   SFR10          

        CLASS   SFR11          

        CLASS   SFR12          

        CLASS   SFR13          

        CLASS   SFR14          

        CLASS   SFR15          

        CLASS   SFR16          

        CLASS   SFR17          

        CLASS   SFR18          

        CLASS   SFR19          

        CLASS   SFR20          

        CLASS   SFR21          

        CLASS   SFR22          

        CLASS   SFR23          

        CLASS   SFR24          

        CLASS   SFR25          

        CLASS   SFR26          

        CLASS   SFR27          

        CLASS   SFR28          

        CLASS   SFR29          

        CLASS   SFR30          

        CLASS   SFR31          

        CLASS   CONFIG         
                config                             8007     8007        2         0

        CLASS   IDLOC          

        CLASS   BANK31         

        CLASS   BANK30         

        CLASS   BANK29         

        CLASS   BANK28         

        CLASS   BANK27         

        CLASS   BANK26         

        CLASS   BANK25         

        CLASS   BANK24         

        CLASS   BANK23         

        CLASS   BANK22         

        CLASS   BANK21         

        CLASS   BANK20         

        CLASS   BANK19         

        CLASS   BANK18         

        CLASS   BANK17         

        CLASS   BANK16         

        CLASS   BANK15         

        CLASS   BANK14         

        CLASS   BANK13         

        CLASS   EEDATA         



SEGMENTS        Name                           Load    Length   Top    Selector   Space  Class     Delta

                reset_vec                      000000  000004  000004         0       0  CODE        2
                intentry                       000004  0007FC  000800         8       0  CODE        2
                cstackBANK0                    000020  000050  000070        20       1  BANK0       1
                cstackCOMMON                   000070  00000E  00007E        70       1  COMMON      1
                bssBANK1                       0000A0  00004F  0000EF        A0       1  BANK1       1
                bssBANK2                       000120  000044  000164       120       1  BANK2       1
                bssBANK3                       0001A0  000042  0001E2       1A0       1  BANK3       1
                bssBANK4                       000220  000025  000245       220       1  BANK4       1
                bssBANK5                       0002A0  000047  0002E7       2A0       1  BANK5       1
                text87                         000800  000015  000815      1000       0  CODE        2
                text33                         000815  000090  0008A5      102A       0  CODE        2
                text32                         0008A5  000092  000937      114A       0  CODE        2
                text114                        000937  000096  0009CD      126E       0  CODE        2
                text7                          0009CD  000096  000A63      139A       0  CODE        2
                text99                         000A63  0000A1  000B04      14C6       0  CODE        2
                text106                        000B04  0000A9  000BAD      1608       0  CODE        2
                text44                         000BAD  0000BE  000C6B      175A       0  CODE        2
                text131                        000C6B  0000C7  000D32      18D6       0  CODE        2
                text29                         000D32  0000E0  000E12      1A64       0  CODE        2
                text41                         000E12  0000F6  000F08      1C24       0  CODE        2
                text77                         000F08  00010A  001012      1E10       0  CODE        2
                text30                         001012  00004D  00105F      2024       0  CODE        2
                text115                        00105F  000054  0010B3      20BE       0  CODE        2
                text63                         0010B3  000057  00110A      2166       0  CODE        2
                text39                         00110A  00005B  001165      2214       0  CODE        2
                text34                         001165  00005D  0011C2      22CA       0  CODE        2
                text88                         0011C2  00005E  001220      2384       0  CODE        2
                text108                        001220  000061  001281      2440       0  CODE        2
                text61                         001281  000064  0012E5      2502       0  CODE        2
                maintext                       0012E5  00006B  001350      25CA       0  CODE        2
                text103                        001350  00006C  0013BC      26A0       0  CODE        2
                text75                         0013BC  00006E  00142A      2778       0  CODE        2
                text21                         00142A  000071  00149B      2854       0  CODE        2
                text82                         00149B  000073  00150E      2936       0  CODE        2
                text20                         00150E  000073  001581      2A1C       0  CODE        2
                text98                         001581  000079  0015FA      2B02       0  CODE        2
                text6                          0015FA  000079  001673      2BF4       0  CODE        2
                text2                          001673  00007C  0016EF      2CE6       0  CODE        2
                text105                        0016EF  000087  001776      2DDE       0  CODE        2
                text85                         001776  00008A  001800      2EEC       0  CODE        2
                stringtext                     001800  000066  001866        30       0  STRCODE     2
                text79                         001866  000009  00186F      30CC       0  CODE        2
                text130                        00186F  000019  001888      30DE       0  CODE        2
                text124                        001888  000019  0018A1      3110       0  CODE        2
                text52                         0018A1  000019  0018BA      3142       0  CODE        2
                text80                         0018BA  00001A  0018D4      3174       0  CODE        2
                text143                        0018D4  00001B  0018EF      31A8       0  CODE        2
                text49                         0018EF  00001B  00190A      31DE       0  CODE        2
                text45                         00190A  00001B  001925      3214       0  CODE        2
                text59                         001925  00001C  001941      324A       0  CODE        2
                text9                          001941  00001C  00195D      3282       0  CODE        2
                text46                         00195D  00001D  00197A      32BA       0  CODE        2
                text66                         00197A  00001E  001998      32F4       0  CODE        2
                text140                        001998  00001F  0019B7      3330       0  CODE        2
                text123                        0019B7  00001F  0019D6      336E       0  CODE        2
                text91                         0019D6  00001F  0019F5      33AC       0  CODE        2
                idataBANK3                     0019F5  000020  001A15      33EA       0  CODE        2
                text42                         001A15  000021  001A36      342A       0  CODE        2
                text107                        001A36  000022  001A58      346C       0  CODE        2
                text89                         001A58  000022  001A7A      34B0       0  CODE        2
                text69                         001A7A  000022  001A9C      34F4       0  CODE        2
                text38                         001A9C  000022  001ABE      3538       0  CODE        2
                text126                        001ABE  000026  001AE4      357C       0  CODE        2
                text60                         001AE4  000029  001B0D      35C8       0  CODE        2
                text122                        001B0D  00002A  001B37      361A       0  CODE        2
                text62                         001B37  00002B  001B62      366E       0  CODE        2
                text35                         001B62  00002C  001B8E      36C4       0  CODE        2
                text95                         001B8E  00002D  001BBB      371C       0  CODE        2
                text136                        001BBB  000030  001BEB      3776       0  CODE        2
                text121                        001BEB  000030  001C1B      37D6       0  CODE        2
                text84                         001C1B  000031  001C4C      3836       0  CODE        2
                text86                         001C4C  000032  001C7E      3898       0  CODE        2
                text134                        001C7E  000033  001CB1      38FC       0  CODE        2
                text78                         001CB1  000033  001CE4      3962       0  CODE        2
                text37                         001CE4  000035  001D19      39C8       0  CODE        2
                text67                         001D19  000037  001D50      3A32       0  CODE        2
                text71                         001D50  000040  001D90      3AA0       0  CODE        2
                text36                         001D90  000040  001DD0      3B20       0  CODE        2
                text58                         001DD0  000043  001E13      3BA0       0  CODE        2
                text43                         001E13  000044  001E57      3C26       0  CODE        2
                text83                         001E57  000045  001E9C      3CAE       0  CODE        2
                text74                         001E9C  000045  001EE1      3D38       0  CODE        2
                text104                        001EE1  000046  001F27      3DC2       0  CODE        2
                text13                         001F27  000046  001F6D      3E4E       0  CODE        2
                text31                         001F6D  000047  001FB4      3EDA       0  CODE        2
                text22                         001FB4  00004C  002000      3F68       0  CODE        2
                text15                         0024DB  000003  0024DE      49B6       0  CODE        2
                text11                         0024DE  000003  0024E1      49BC       0  CODE        2
                text128                        0024E1  000004  0024E5      49C2       0  CODE        2
                text127                        0024E5  000004  0024E9      49CA       0  CODE        2
                text120                        0024E9  000004  0024ED      49D2       0  CODE        2
                text55                         0024ED  000004  0024F1      49DA       0  CODE        2
                text47                         0024F1  000004  0024F5      49E2       0  CODE        2
                text28                         0024F5  000004  0024F9      49EA       0  CODE        2
                text27                         0024F9  000005  0024FE      49F2       0  CODE        2
                text54                         0024FE  000006  002504      49FC       0  CODE        2
                inittext                       002504  000006  00250A      4A08       0  CODE        2
                text96                         00250A  000007  002511      4A14       0  CODE        2
                text56                         002511  000007  002518      4A22       0  CODE        2
                text48                         002518  000007  00251F      4A30       0  CODE        2
                text116                        00251F  000008  002527      4A3E       0  CODE        2
                text97                         002527  000008  00252F      4A4E       0  CODE        2
                text65                         00252F  000008  002537      4A5E       0  CODE        2
                text26                         002537  000008  00253F      4A6E       0  CODE        2
                text17                         00253F  000008  002547      4A7E       0  CODE        2
                text139                        002547  00000B  002552      4A8E       0  CODE        2
                text117                        002552  00000B  00255D      4AA4       0  CODE        2
                text92                         00255D  00000B  002568      4ABA       0  CODE        2
                text81                         002568  00000B  002573      4AD0       0  CODE        2
                text14                         002573  00000B  00257E      4AE6       0  CODE        2
                text142                        00257E  00000C  00258A      4AFC       0  CODE        2
                text132                        00258A  00000C  002596      4B14       0  CODE        2
                text125                        002596  00000C  0025A2      4B2C       0  CODE        2
                text76                         0025A2  00000C  0025AE      4B44       0  CODE        2
                text72                         0025AE  00000C  0025BA      4B5C       0  CODE        2
                text70                         0025BA  00000C  0025C6      4B74       0  CODE        2
                text16                         0025C6  00000C  0025D2      4B8C       0  CODE        2
                text68                         0025D2  00000D  0025DF      4BA4       0  CODE        2
                text53                         0025DF  00000D  0025EC      4BBE       0  CODE        2
                text51                         0025EC  00000D  0025F9      4BD8       0  CODE        2
                text25                         0025F9  00000D  002606      4BF2       0  CODE        2
                text3                          002606  00000D  002613      4C0C       0  CODE        2
                text144                        002613  00000E  002621      4C26       0  CODE        2
                text109                        002621  00000F  002630      4C42       0  CODE        2
                text101                        002630  00000F  00263F      4C60       0  CODE        2
                text100                        00263F  00000F  00264E      4C7E       0  CODE        2
                text19                         00264E  00000F  00265D      4C9C       0  CODE        2
                text129                        00265D  000010  00266D      4CBA       0  CODE        2
                text112                        00266D  000010  00267D      4CDA       0  CODE        2
                text111                        00267D  000010  00268D      4CFA       0  CODE        2
                text64                         00268D  000010  00269D      4D1A       0  CODE        2
                text24                         00269D  000010  0026AD      4D3A       0  CODE        2
                text23                         0026AD  000010  0026BD      4D5A       0  CODE        2
                text4                          0026BD  000010  0026CD      4D7A       0  CODE        2
                text138                        0026CD  000011  0026DE      4D9A       0  CODE        2
                text93                         0026DE  000011  0026EF      4DBC       0  CODE        2
                text73                         0026EF  000011  002700      4DDE       0  CODE        2
                text137                        002700  000012  002712      4E00       0  CODE        2
                text113                        002712  000013  002725      4E24       0  CODE        2
                text141                        002725  000014  002739      4E4A       0  CODE        2
                text102                        002739  000014  00274D      4E72       0  CODE        2
                text5                          00274D  000014  002761      4E9A       0  CODE        2
                text119                        002761  000015  002776      4EC2       0  CODE        2
                text110                        002776  000016  00278C      4EEC       0  CODE        2
                text8                          00278C  000016  0027A2      4F18       0  CODE        2
                text118                        0027A2  000017  0027B9      4F44       0  CODE        2
                text94                         0027B9  000017  0027D0      4F72       0  CODE        2
                text90                         0027D0  000018  0027E8      4FA0       0  CODE        2
                text50                         0027E8  000018  002800      4FD0       0  CODE        2
                config                         008007  000002  008009     1000E       0  CONFIG      2


UNUSED ADDRESS RANGES

        Name                Unused          Largest block    Delta
        BANK1            000EF-000EF               1           1
        BANK10           00520-0056F              50           1
        BANK11           005A0-005EF              50           1
        BANK12           00620-0064F              30           1
        BANK2            00164-0016F               C           1
        BANK3            001E2-001EF               E           1
        BANK4            00245-0026F              2B           1
        BANK5            002E7-002EF               9           1
        BANK6            00320-0036F              50           1
        BANK7            003A0-003EF              50           1
        BANK8            00420-0046F              50           1
        BANK9            004A0-004EF              50           1
        BIGRAM           02000-023EF             3F0           1
        CODE             02000-024DA             4DB           2
                         02800-03FFF             800
        CONST            02000-024DA             100           2
                         02800-03FFF             100
        ENTRY            02000-024DA             100           2
                         02800-03FFF             100
        IDLOC            08000-08003               4           2
        RAM              000EF-000EF               1           1
                         00164-0016F               C
                         001E2-001EF               E
                         00245-0026F              2B
                         002E7-002EF               9
                         00320-0036F              50
                         003A0-003EF              50
                         00420-0046F              50
                         004A0-004EF              50
                         00520-0056F              50
                         005A0-005EF              50
                         00620-0064F              30
        SFR0             00000-0001F              20           1
        SFR1             00080-0009F              20           1
        SFR10            00500-0051F              20           1
        SFR11            00580-0059F              20           1
        SFR12            00600-0061F              20           1
        SFR13            00680-006EF              70           1
        SFR14            00700-0076F              70           1
        SFR15            00780-007EF              70           1
        SFR16            00800-0086F              70           1
        SFR17            00880-008EF              70           1
        SFR18            00900-0096F              70           1
        SFR19            00980-009EF              70           1
        SFR2             00100-0011F              20           1
        SFR20            00A00-00A6F              70           1
        SFR21            00A80-00AEF              70           1
        SFR22            00B00-00B6F              70           1
        SFR23            00B80-00BEF              70           1
        SFR24            00C00-00C6F              70           1
        SFR25            00C80-00CEF              70           1
        SFR26            00D00-00D6F              70           1
        SFR27            00D80-00DEF              70           1
        SFR28            00E00-00E6F              70           1
        SFR29            00E80-00EEF              70           1
        SFR3             00180-0019F              20           1
        SFR30            00F00-00F6F              70           1
        SFR31            00F80-00FEF              70           1
        SFR4             00200-0021F              20           1
        SFR5             00280-0029F              20           1
        SFR6             00300-0031F              20           1
        SFR7             00380-0039F              20           1
        SFR8             00400-0041F              20           1
        SFR9             00480-0049F              20           1
        STACK            021D7-0231F             149           1
        STRCODE          02000-024DA             4DB           2
                         02800-03FFF            1800
        STRING           02000-024DA             100           2
                         02800-03FFF             100

                                  Symbol Table

?___awdiv                                cstackBANK0  00020
?___awtoft                               cstackBANK0  00028
?___ftadd                                cstackBANK0  0003E
?___ftdiv                                cstackBANK0  0002E
?___ftmul                                cstackBANK0  0002E
?___ftpack                               cstackBANK0  00020
?___fttol                                cstackBANK0  0004B
?___lwdiv                                cstackBANK0  00020
?___wmul                                 cstackBANK0  00020
?_getAD                                  cstackBANK0  00020
CC2500_InitPATable@loop_d                cstackBANK0  00027
CC2500_InitPATable@temp                  cstackBANK0  00026
CC2500_InitSetREG@loop_c                 cstackBANK0  00028
CC2500_InitSetREG@temp1                  cstackBANK0  00026
CC2500_InitSetREG@temp2                  cstackBANK0  00027
CC2500_ReadByte@loop_b                   cstackBANK0  00021
CC2500_ReadStatus@status_addr            cstackBANK0  00023
CC2500_RxData@loop_f                     cstackBANK0  0002F
CC2500_TxData@loop_e                     cstackBANK0  00025
CC2500_WriteByte@loop_a                  cstackBANK0  00021
CC2500_WriteCommand@command              cstackBANK0  00023
CC2500_WriteREG@value                    cstackBANK0  00022
CC2500_WriteREG@w_addr                   cstackBANK0  00024
DelayOffPointSelect@sw                   cstackBANK0  00021
DelayTime_1us@count                      cstackBANK0  00020
DelayTime_1us@i                          cstackBANK0  00022
DelayTime_1us@j                          cstackBANK0  00024
DelayTimejudge@i                         cstackBANK0  00022
DelayTimejudge@value                     cstackBANK0  00021
DimmerIntrIOCPointSelect@lights          cstackCOMMON 00071
DimmerIntrPointSelect@lights             cstackCOMMON 00071
DimmerLightsPointSelect@lights           cstackBANK0  00021
DimmerLights_Exceptions@status           cstackBANK0  0002D
DlyOff_Initialization@sw                 cstackBANK0  00022
DlyOff_Main@sw                           cstackBANK0  00064
Flash_Memory_Initialization@i            cstackBANK0  0005E
Flash_Memory_Modify@i                    cstackBANK0  00026
Flash_Memory_Read@address                cstackBANK0  00022
Flash_Memory_Read@i                      cstackBANK0  00021
Flash_Memory_Read@ret                    cstackBANK0  00023
Flash_Memory_Write@i                     cstackBANK0  00021
LedPointSelect@led                       cstackBANK0  00021
Load_Main@i                              cstackBANK0  00034
RF_RxDisable@rf                          cstackBANK0  00024
RfPointSelect@rf                         cstackBANK0  00021
RfSWPointSelect@sw                       cstackBANK0  00021
SwPointSelect@sw                         cstackBANK0  00021
Sw_DimmerAdjFunc@Idle                    cstackBANK0  00024
Sw_DimmerAdjFunc@sw                      cstackBANK0  00025
Sw_DimmerOffFunc@sw                      cstackBANK0  00064
Sw_DimmerOnFunc@Idle                     cstackBANK0  00062
Sw_DimmerOnFunc@sw                       cstackBANK0  00063
_ADCON0                                  (abs)        0009D
_ADCON1                                  (abs)        0009E
_ADC_Set                                 text56       02511
_ADRESH                                  (abs)        0009C
_ADRESL                                  (abs)        0009B
_ANSELA                                  (abs)        0018C
_ANSELB                                  (abs)        0018D
_ANSELC                                  (abs)        0018E
_Buz                                     bssBANK1     000B7
_Buz1                                    bssBANK2     0013E
_Buzzer_Initialization                   text132      0258A
_Buzzer_Main                             text131      00C6B
_CC2500_ClearRXFIFO                      text128      024E1
_CC2500_ClearTXFIFO                      text127      024E5
_CC2500_FrequencyCabr                    text125      02596
_CC2500_InitPATable                      text123      019B7
_CC2500_InitSetREG                       text122      01B0D
_CC2500_PowerOnInitial                   text119      02761
_CC2500_PowerRST                         text121      01BEB
_CC2500_ReadByte                         text46       0195D
_CC2500_ReadStatus                       text45       0190A
_CC2500_RxData                           text44       00BAD
_CC2500_SIDLEMode                        text120      024E9
_CC2500_TxData                           text43       01E13
_CC2500_WriteByte                        text130      0186F
_CC2500_WriteCommand                     text129      0265D
_CC2500_WriteREG                         text124      01888
_CC2500_patable_vaule                    stringtext   0185E
_CC2500_registers_address                stringtext   01800
_CC2500_rfSettings                       stringtext   0182F
_CFGS                                    (abs)        00CAE
_CRC                                     bssBANK1     000B8
_DelayOff                                bssBANK1     000B9
_DelayOffPointSelect                     text118      027A2
_DelayOff_Initialization                 text116      0251F
_DelayOff_Main                           text97       02527
_DelayTime_1us                           text126      01ABE
_DelayTimejudge                          text35       01B62
_Dimmer                                  bssBANK1     000BA
_Dimmer1                                 bssBANK1     000E4
_DimmerIntrIOCPointSelect                text141      02725
_DimmerIntrPointSelect                   text137      02700
_DimmerLights                            bssCOMMON    00078
_DimmerLights1                           bssBANK2     00120
_DimmerLights11                          bssBANK1     000BB
_DimmerLights2                           bssBANK2     0012F
_DimmerLights22                          bssBANK1     000BC
_DimmerLightsIntr                        bssCOMMON    00079
_DimmerLightsIntrIOC                     bssBANK1     000BD
_DimmerLightsPointSelect                 text113      02712
_DimmerLights_Close                      text90       027D0
_DimmerLights_Exceptions                 text61       01281
_DimmerLights_Initialization             text94       027B9
_DimmerLights_Main                       text81       02568
_Dimmer_Initialization                   text96       0250A
_DlyOff_Initialization                   text117      02552
_DlyOff_Main                             text98       01581
_DlySw1                                  bssBANK1     000C9
_DlySw2                                  bssBANK1     000CE
_FREE                                    (abs)        00CAC
_FVRCON                                  (abs)        00117
_Flash_Memory_Erasing                    text76       025A2
_Flash_Memory_Initialization             text77       00F08
_Flash_Memory_Main                       text74       01E9C
_Flash_Memory_Modify                     text75       013BC
_Flash_Memory_Read                       text80       018BA
_Flash_Memory_Unlock                     text79       01866
_Flash_Memory_Write                      text78       01CB1
_Fosc_Set                                text55       024ED
_GIE                                     (abs)        0005F
_GO_nDONE                                (abs)        004E9
_INTE                                    (abs)        0005C
_INTF                                    (abs)        00059
_INT_ISR                                 text142      0257E
_INT_Set                                 text54       024FE
_IOCBF                                   (abs)        00396
_IOCBF2                                  (abs)        01CB2
_IOCBN                                   (abs)        00395
_IOCBP                                   (abs)        00394
_IOCIE                                   (abs)        0005B
_IOCIF                                   (abs)        00058
_IOC_ISR                                 text138      026CD
_IOC_Set                                 text53       025DF
_IO_Set                                  text52       018A1
_ISR                                     intentry     00004
_LATA                                    (abs)        0010C
_LATB                                    (abs)        0010D
_LATC                                    (abs)        0010E
_LED                                     bssBANK1     000BE
_LED_Initialization                      text72       025AE
_LED_Main                                text70       025BA
_LWLO                                    (abs)        00CAD
_LedPointSelect                          text89       01A58
_Load                                    bssCOMMON    0007B
_Load1                                   bssBANK5     002A0
_Load_Initialization                     text68       025D2
_Load_Main                               text57       00054
_Mcu_Initialization                      text49       018EF
_Memory                                  nvBANK1      000EE
_OPTION_REG                              (abs)        00095
_OSCCON                                  (abs)        00099
_PEIE                                    (abs)        0005E
_PMADRH                                  (abs)        00192
_PMADRL                                  (abs)        00191
_PMCON2                                  (abs)        00196
_PMDATH                                  (abs)        00194
_PMDATL                                  (abs)        00193
_PORTA                                   (abs)        0000C
_PORTB                                   (abs)        0000D
_PORTC                                   (abs)        0000E
_RA0                                     (abs)        00060
_RA3                                     (abs)        00063
_RA4                                     (abs)        00064
_RA6                                     (abs)        00066
_RA7                                     (abs)        00067
_RB0                                     (abs)        00068
_RB1                                     (abs)        00069
_RB3                                     (abs)        0006B
_RB4                                     (abs)        0006C
_RB5                                     (abs)        0006D
_RC0                                     (abs)        00070
_RC1                                     (abs)        00071
_RC2                                     (abs)        00072
_RC4                                     (abs)        00074
_RC5                                     (abs)        00075
_RC7                                     (abs)        00077
_RD                                      (abs)        00CA8
_RF                                      bssBANK1     000BF
_RF1                                     bssBANK1     000D3
_RFSW                                    bssBANK1     000C0
_RFSW1                                   bssBANK1     000E9
_RFSW2                                   bssBANK1     000EA
_RF_Count                                bssBANK1     000B5
_RF_Data                                 bssBANK1     000A0
_RF_Initialization                       text47       024F1
_RF_Main                                 text28       024F5
_RF_RxDisable                            text42       01A15
_RSSI                                    bssBANK1     000C1
_Receive_OK                              bitbssCOMMON 003E0
_RfPointSelect                           text100      0263F
_RfSWPointSelect                         text110      02776
_Rx_Length                               bssBANK1     000C2
_SPI0Buffer                              bssBANK1     000C3
_Sw                                      bssCOMMON    0007A
_Sw1                                     bssBANK2     0014A
_Sw2                                     bssBANK2     00153
_SwPointSelect                           text102      02739
_Sw_DimmerAdjFunc                        text22       01FB4
_Sw_DimmerOffFunc                        text21       0142A
_Sw_DimmerOnFunc                         text20       0150E
_Switch_Initialization                   text25       025F9
_Switch_Main                             text17       0253F
_TMR0                                    (abs)        00015
_TMR0IE                                  (abs)        0005D
_TMR0IF                                  (abs)        0005A
_TMR0_ISR                                text134      01C7E
_TMR0_Set                                text51       025EC
_TRISA                                   (abs)        0008C
_TRISB                                   (abs)        0008D
_TRISC                                   (abs)        0008E
_Temp                                    bssBANK1     000C4
_Temp1                                   bssBANK3     001B4
_Temp_Initialization                     text15       024DB
_Temp_Main                               text11       024DE
_Timer0                                  nvBANK1      000EB
_TouchPower                              text27       024F9
_Transceive_OK                           bitbssCOMMON 003E1
_Tx_Length                               bssBANK1     000C5
_VarErrLED                               bssBANK1     000D8
_VarLED1                                 bssBANK1     000DC
_VarLED2                                 bssBANK1     000E0
_VarMemory                               bssBANK4     00220
_VarTimer0                               bssBANK2     0015C
_WDT                                     nvBANK1      000EC
_WDTCON                                  (abs)        00097
_WDT_Clearing                            text10       00002
_WDT_Main                                text9        01941
_WDT_Set                                 text50       027E8
_WPUB0                                   (abs)        01068
_WPUB1                                   (abs)        01069
_WPUB2                                   (abs)        0106A
_WR                                      (abs)        00CA9
_WREN                                    (abs)        00CAA
__CFG_BOREN$OFF                          (abs)        00000
__CFG_FOSC$INTOSC                        (abs)        00000
__CFG_VCAPEN$OFF                         (abs)        00000
__CFG_WDTE$SWDTEN                        (abs)        00000
__CFG_WRT$HALF                           (abs)        00000
__Habs1                                  abs1         00000
__Hbank0                                 bank0        00000
__Hbank1                                 bank1        00000
__Hbank10                                bank10       00000
__Hbank11                                bank11       00000
__Hbank12                                bank12       00000
__Hbank13                                bank13       00000
__Hbank14                                bank14       00000
__Hbank15                                bank15       00000
__Hbank16                                bank16       00000
__Hbank17                                bank17       00000
__Hbank18                                bank18       00000
__Hbank19                                bank19       00000
__Hbank2                                 bank2        00000
__Hbank20                                bank20       00000
__Hbank21                                bank21       00000
__Hbank22                                bank22       00000
__Hbank23                                bank23       00000
__Hbank24                                bank24       00000
__Hbank25                                bank25       00000
__Hbank26                                bank26       00000
__Hbank27                                bank27       00000
__Hbank28                                bank28       00000
__Hbank29                                bank29       00000
__Hbank3                                 bank3        00000
__Hbank30                                bank30       00000
__Hbank31                                bank31       00000
__Hbank4                                 bank4        00000
__Hbank5                                 bank5        00000
__Hbank6                                 bank6        00000
__Hbank7                                 bank7        00000
__Hbank8                                 bank8        00000
__Hbank9                                 bank9        00000
__Hbigram                                bigram       00000
__HbitbssCOMMON                          bitbssCOMMON 00000
__HbssBANK1                              bssBANK1     00000
__HbssBANK2                              bssBANK2     00000
__HbssBANK3                              bssBANK3     00000
__HbssBANK4                              bssBANK4     00000
__HbssBANK5                              bssBANK5     00000
__HbssCOMMON                             bssCOMMON    00000
__Hcinit                                 cinit        00054
__Hclrtext                               clrtext      00000
__Hcode                                  code         00000
__Hcommon                                common       00000
__Hconfig                                config       08009
__HcstackBANK0                           cstackBANK0  00000
__HcstackCOMMON                          cstackCOMMON 00000
__HdataBANK3                             dataBANK3    00000
__Heeprom_data                           eeprom_data  00000
__Hend_init                              end_init     00018
__Hfunctab                               functab      00000
__HidataBANK3                            idataBANK3   00000
__Hidloc                                 idloc        00000
__Hinit                                  init         00016
__Hinittext                              inittext     00000
__Hintentry                              intentry     00016
__Hmaintext                              maintext     00000
__HnvBANK1                               nvBANK1      00000
__HnvCOMMON                              nvCOMMON     00000
__Hpowerup                               powerup      00000
__Hram                                   ram          00000
__Hreset_vec                             reset_vec    00002
__Hsfr0                                  sfr0         00000
__Hsfr1                                  sfr1         00000
__Hsfr10                                 sfr10        00000
__Hsfr11                                 sfr11        00000
__Hsfr12                                 sfr12        00000
__Hsfr13                                 sfr13        00000
__Hsfr14                                 sfr14        00000
__Hsfr15                                 sfr15        00000
__Hsfr16                                 sfr16        00000
__Hsfr17                                 sfr17        00000
__Hsfr18                                 sfr18        00000
__Hsfr19                                 sfr19        00000
__Hsfr2                                  sfr2         00000
__Hsfr20                                 sfr20        00000
__Hsfr21                                 sfr21        00000
__Hsfr22                                 sfr22        00000
__Hsfr23                                 sfr23        00000
__Hsfr24                                 sfr24        00000
__Hsfr25                                 sfr25        00000
__Hsfr26                                 sfr26        00000
__Hsfr27                                 sfr27        00000
__Hsfr28                                 sfr28        00000
__Hsfr29                                 sfr29        00000
__Hsfr3                                  sfr3         00000
__Hsfr30                                 sfr30        00000
__Hsfr31                                 sfr31        00000
__Hsfr4                                  sfr4         00000
__Hsfr5                                  sfr5         00000
__Hsfr6                                  sfr6         00000
__Hsfr7                                  sfr7         00000
__Hsfr8                                  sfr8         00000
__Hsfr9                                  sfr9         00000
__Hspace_0                               (abs)        08009
__Hspace_1                               (abs)        003E2
__Hspace_2                               (abs)        00000
__Hspace_3                               (abs)        00000
__Hstack                                 stack        00000
__Hstrings                               strings      00000
__Hstringtext                            stringtext   00000
__Htext                                  text         00000
__Labs1                                  abs1         00000
__Lbank0                                 bank0        00000
__Lbank1                                 bank1        00000
__Lbank10                                bank10       00000
__Lbank11                                bank11       00000
__Lbank12                                bank12       00000
__Lbank13                                bank13       00000
__Lbank14                                bank14       00000
__Lbank15                                bank15       00000
__Lbank16                                bank16       00000
__Lbank17                                bank17       00000
__Lbank18                                bank18       00000
__Lbank19                                bank19       00000
__Lbank2                                 bank2        00000
__Lbank20                                bank20       00000
__Lbank21                                bank21       00000
__Lbank22                                bank22       00000
__Lbank23                                bank23       00000
__Lbank24                                bank24       00000
__Lbank25                                bank25       00000
__Lbank26                                bank26       00000
__Lbank27                                bank27       00000
__Lbank28                                bank28       00000
__Lbank29                                bank29       00000
__Lbank3                                 bank3        00000
__Lbank30                                bank30       00000
__Lbank31                                bank31       00000
__Lbank4                                 bank4        00000
__Lbank5                                 bank5        00000
__Lbank6                                 bank6        00000
__Lbank7                                 bank7        00000
__Lbank8                                 bank8        00000
__Lbank9                                 bank9        00000
__Lbigram                                bigram       00000
__LbitbssCOMMON                          bitbssCOMMON 00000
__LbssBANK1                              bssBANK1     00000
__LbssBANK2                              bssBANK2     00000
__LbssBANK3                              bssBANK3     00000
__LbssBANK4                              bssBANK4     00000
__LbssBANK5                              bssBANK5     00000
__LbssCOMMON                             bssCOMMON    00000
__Lcinit                                 cinit        00018
__Lclrtext                               clrtext      00000
__Lcode                                  code         00000
__Lcommon                                common       00000
__Lconfig                                config       08007
__LcstackBANK0                           cstackBANK0  00000
__LcstackCOMMON                          cstackCOMMON 00000
__LdataBANK3                             dataBANK3    00000
__Leeprom_data                           eeprom_data  00000
__Lend_init                              end_init     00016
__Lfunctab                               functab      00000
__LidataBANK3                            idataBANK3   00000
__Lidloc                                 idloc        00000
__Linit                                  init         00016
__Linittext                              inittext     00000
__Lintentry                              intentry     00004
__Lmaintext                              maintext     00000
__LnvBANK1                               nvBANK1      00000
__LnvCOMMON                              nvCOMMON     00000
__Lpowerup                               powerup      00000
__Lram                                   ram          00000
__Lreset_vec                             reset_vec    00000
__Lsfr0                                  sfr0         00000
__Lsfr1                                  sfr1         00000
__Lsfr10                                 sfr10        00000
__Lsfr11                                 sfr11        00000
__Lsfr12                                 sfr12        00000
__Lsfr13                                 sfr13        00000
__Lsfr14                                 sfr14        00000
__Lsfr15                                 sfr15        00000
__Lsfr16                                 sfr16        00000
__Lsfr17                                 sfr17        00000
__Lsfr18                                 sfr18        00000
__Lsfr19                                 sfr19        00000
__Lsfr2                                  sfr2         00000
__Lsfr20                                 sfr20        00000
__Lsfr21                                 sfr21        00000
__Lsfr22                                 sfr22        00000
__Lsfr23                                 sfr23        00000
__Lsfr24                                 sfr24        00000
__Lsfr25                                 sfr25        00000
__Lsfr26                                 sfr26        00000
__Lsfr27                                 sfr27        00000
__Lsfr28                                 sfr28        00000
__Lsfr29                                 sfr29        00000
__Lsfr3                                  sfr3         00000
__Lsfr30                                 sfr30        00000
[...]
 Hardware stack levels used:    1
 This function calls:
		Nothing
 This function is called by:
		_setDimmerLights_IntrControl
 This function uses a non-reentrant model


 *************** function _DimmerIntrPointSelect *****************
 Defined at:
		line 65 in file "../src/Dimmer_B1.c"
 Parameters:    Size  Location     Type
  lights          1    wreg     unsigned char 
 Auto vars:     Size  Location     Type
  lights          1    1[COMMON] unsigned char 
 Return value:  Size  Location     Type
		None               void
 Registers used:
		wreg
 Tracked objects:
		On entry : 
		On exit  : 
		Unchanged: 
 Data sizes:     COMMON   BANK0   BANK1   BANK2   BANK3   BANK4   BANK5   BANK6   BANK7   BANK8   BANK9  BANK10  BANK11  BANK12
      Params:         0       0       0       0       0       0       0       0       0       0       0       0       0       0
      Locals:         1       0       0       0       0       0       0       0       0       0       0       0       0       0
      Temps:          1       0       0       0       0       0       0       0       0       0       0       0       0       0
      Totals:         2       0       0       0       0       0       0       0       0       0       0       0       0       0
Total ram usage:        2 bytes
 Hardware stack levels used:    1
 This function calls:
		Nothing
 This function is called by:
		_setDimmerLights_IntrControl
 This function uses a non-reentrant model


 *************** function _IOC_ISR *****************
 Defined at:
		line 297 in file "../src/MCU_B1.c"
 Parameters:    Size  Location     Type
		None
 Auto vars:     Size  Location     Type
		None
 Return value:  Size  Location     Type
		None               void
 Registers used:
		wreg, fsr1l, fsr1h, status,2, status,0, pclath, cstack
 Tracked objects:
		On entry : 
		On exit  : 
		Unchanged: 
 Data sizes:     COMMON   BANK0   BANK1   BANK2   BANK3   BANK4   BANK5   BANK6   BANK7   BANK8   BANK9  BANK10  BANK11  BANK12
      Params:         0       0       0       0       0       0       0       0       0       0       0       0       0       0
      Locals:         0       0       0       0       0       0       0       0       0       0       0       0       0       0
      Temps:          0       0       0       0       0       0       0       0       0       0       0       0       0       0
      Totals:         0       0       0       0       0       0       0       0       0       0       0       0       0       0
Total ram usage:        0 bytes
 Hardware stack levels used:    1
 Hardware stack levels required when called:    3
 This function calls:
		_setDimmerReClock
 This function is called by:
		_ISR
 This function uses a non-reentrant model


 *************** function _setDimmerReClock *****************
 Defined at:
		line 175 in file "../src/MCU_B1.c"
 Parameters:    Size  Location     Type
		None
 Auto vars:     Size  Location     Type
		None
 Return value:  Size  Location     Type
		None               void
 Registers used:
		wreg, fsr1l, fsr1h, status,2, status,0, pclath, cstack
 Tracked objects:
		On entry : 
		On exit  : 
		Unchanged: 
 Data sizes:     COMMON   BANK0   BANK1   BANK2   BANK3   BANK4   BANK5   BANK6   BANK7   BANK8   BANK9  BANK10  BANK11  BANK12
      Params:         0       0       0       0       0       0       0       0       0       0       0       0       0       0
      Locals:         0       0       0       0       0       0       0       0       0       0       0       0       0       0
      Temps:          0       0       0       0       0       0       0       0       0       0       0       0       0       0
      Totals:         0       0       0       0       0       0       0       0       0       0       0       0       0       0
Total ram usage:        0 bytes
 Hardware stack levels used:    1
 Hardware stack levels required when called:    2
 This function calls:
		_setDimmerLights_IntrIOC_GO
 This function is called by:
		_IOC_ISR
 This function uses a non-reentrant model


 *************** function _setDimmerLights_IntrIOC_GO *****************
 Defined at:
		line 28 in file "../src/Dimmer_B1.c"
 Parameters:    Size  Location     Type
  lights          1    wreg     unsigned char 
 Auto vars:     Size  Location     Type
  lights          1    2[COMMON] unsigned char 
 Return value:  Size  Location     Type
		None               void
 Registers used:
		wreg, fsr1l, fsr1h, status,2, status,0, pclath, cstack
 Tracked objects:
		On entry : 
		On exit  : 
		Unchanged: 
 Data sizes:     COMMON   BANK0   BANK1   BANK2   BANK3   BANK4   BANK5   BANK6   BANK7   BANK8   BANK9  BANK10  BANK11  BANK12
      Params:         0       0       0       0       0       0       0       0       0       0       0       0       0       0
      Locals:         1       0       0       0       0       0       0       0       0       0       0       0       0       0
      Temps:          0       0       0       0       0       0       0       0       0       0       0       0       0       0
      Totals:         1       0       0       0       0       0       0       0       0       0       0       0       0       0
Total ram usage:        1 bytes
 Hardware stack levels used:    1
 Hardware stack levels required when called:    1
 This function calls:
		_DimmerIntrIOCPointSelect
 This function is called by:
		_setDimmerReClock
 This function uses a non-reentrant model


 *************** function _DimmerIntrIOCPointSelect *****************
 Defined at:
		line 8 in file "../src/Dimmer_B1.c"
 Parameters:    Size  Location     Type
  lights          1    wreg     unsigned char 
 Auto vars:     Size  Location     Type
  lights          1    1[COMMON] unsigned char 
 Return value:  Size  Location     Type
		None               void
 Registers used:
		wreg
 Tracked objects:
		On entry : 
		On exit  : 
		Unchanged: 
 Data sizes:     COMMON   BANK0   BANK1   BANK2   BANK3   BANK4   BANK5   BANK6   BANK7   BANK8   BANK9  BANK10  BANK11  BANK12
      Params:         0       0       0       0       0       0       0       0       0       0       0       0       0       0
      Locals:         1       0       0       0       0       0       0       0       0       0       0       0       0       0
      Temps:          1       0       0       0       0       0       0       0       0       0       0       0       0       0
      Totals:         2       0       0       0       0       0       0       0       0       0       0       0       0       0
Total ram usage:        2 bytes
 Hardware stack levels used:    1
 This function calls:
		Nothing
 This function is called by:
		_setDimmerLights_IntrIOC_GO
 This function uses a non-reentrant model


 *************** function _INT_ISR *****************
 Defined at:
		line 250 in file "../src/MCU_B1.c"
 Parameters:    Size  Location     Type
		None
 Auto vars:     Size  Location     Type
		None
 Return value:  Size  Location     Type
		None               void
 Registers used:
		wreg, fsr1l, fsr1h, status,2, status,0, pclath, cstack
 Tracked objects:
		On entry : 
		On exit  : 
		Unchanged: 
 Data sizes:     COMMON   BANK0   BANK1   BANK2   BANK3   BANK4   BANK5   BANK6   BANK7   BANK8   BANK9  BANK10  BANK11  BANK12
      Params:         0       0       0       0       0       0       0       0       0       0       0       0       0       0
      Locals:         0       0       0       0       0       0       0       0       0       0       0       0       0       0
      Temps:          0       0       0       0       0       0       0       0       0       0       0       0       0       0
      Totals:         0       0       0       0       0       0       0       0       0       0       0       0       0       0
Total ram usage:        0 bytes
 Hardware stack levels used:    1
 Hardware stack levels required when called:    2
 This function calls:
		_setRF_ReceiveGO
 This function is called by:
		_ISR
 This function uses a non-reentrant model


 *************** function _setRF_ReceiveGO *****************
 Defined at:
		line 39 in file "../src/RF_Control_B1.c"
 Parameters:    Size  Location     Type
  rf              1    wreg     unsigned char 
  command         1    2[COMMON] unsigned char 
 Auto vars:     Size  Location     Type
  rf              1    3[COMMON] unsigned char 
 Return value:  Size  Location     Type
		None               void
 Registers used:
		wreg, fsr1l, fsr1h, status,2, status,0, pclath, cstack
 Tracked objects:
		On entry : 
		On exit  : 
		Unchanged: 
 Data sizes:     COMMON   BANK0   BANK1   BANK2   BANK3   BANK4   BANK5   BANK6   BANK7   BANK8   BANK9  BANK10  BANK11  BANK12
      Params:         1       0       0       0       0       0       0       0       0       0       0       0       0       0
      Locals:         1       0       0       0       0       0       0       0       0       0       0       0       0       0
      Temps:          0       0       0       0       0       0       0       0       0       0       0       0       0       0
      Totals:         2       0       0       0       0       0       0       0       0       0       0       0       0       0
Total ram usage:        2 bytes
 Hardware stack levels used:    1
 Hardware stack levels required when called:    1
 This function calls:
		i1_RfPointSelect
 This function is called by:
		_INT_ISR
 This function uses a non-reentrant model


 *************** function i1_RfPointSelect *****************
 Defined at:
		line 7 in file "../src/RF_Control_B1.c"
 Parameters:    Size  Location     Type
  rf              1    wreg     unsigned char 
 Auto vars:     Size  Location     Type
  rf              1    1[COMMON] unsigned char 
 Return value:  Size  Location     Type
		None               void
 Registers used:
		wreg
 Tracked objects:
		On entry : 
		On exit  : 
		Unchanged: 
 Data sizes:     COMMON   BANK0   BANK1   BANK2   BANK3   BANK4   BANK5   BANK6   BANK7   BANK8   BANK9  BANK10  BANK11  BANK12
      Params:         0       0       0       0       0       0       0       0       0       0       0       0       0       0
      Locals:         1       0       0       0       0       0       0       0       0       0       0       0       0       0
      Temps:          1       0       0       0       0       0       0       0       0       0       0       0       0       0
      Totals:         2       0       0       0       0       0       0       0       0       0       0       0       0       0
Total ram usage:        2 bytes
 Hardware stack levels used:    1
 This function calls:
		Nothing
 This function is called by:
		_setRF_ReceiveGO
 This function uses a non-reentrant model



MODULE INFORMATION

Module		Function		Class		Link	Load	Size
C:\Program Files (x86)\Microchip\xc8\v1.32\sources\common\float.c
		___ftpack      		CODE           	1220	0000	97

C:\Program Files (x86)\Microchip\xc8\v1.32\sources\common\float.c estimated size: 97

../src/OverLoad_B1.c
		_setLoad_Except		CODE           	1DD0	0000	67
		_getLoad_AD    		CODE           	09CD	0000	150
		_getLoad_Safe  		CODE           	2573	0000	11
		_setLoad_GO    		CODE           	255D	0000	11
		_setLoad_Status		CODE           	1C4C	0000	50
		_setLoad_Count 		CODE           	0800	0000	21
		_setLoad_Status		CODE           	1C1B	0000	49
		_setLoad_Enable		CODE           	26BD	0000	16
		_Load_Initializ		CODE           	25D2	0000	13
		_Load_Main     		CODE           	0054	0000	677
		_setLoad_AH_AL_		CODE           	1A7A	0000	34

../src/OverLoad_B1.c estimated size: 1099

C:\Program Files (x86)\Microchip\xc8\v1.32\sources\common\awtoft.c
		___awtoft      		CODE           	1A36	0000	34

C:\Program Files (x86)\Microchip\xc8\v1.32\sources\common\awtoft.c estimated size: 34

../src/MCU_B1.c
		_Fosc_Set      		CODE           	24ED	0000	4
		_IO_Set        		CODE           	18A1	0000	25
		_WDT_Set       		CODE           	27E8	0000	24
		_WDT_Main      		CODE           	1941	0000	28
		_ADC_Set       		CODE           	2511	0000	7
		_IOC_ISR       		CODE           	26CD	0000	17
		_INT_Set       		CODE           	24FE	0000	6
		_ISR           		CODE           	0004	0000	18
		_Flash_Memory_W		CODE           	1CB1	0000	51
		_Flash_Memory_M		CODE           	13BC	0000	110
		_setMemory_GO  		CODE           	19D6	0000	31
		_IOC_Set       		CODE           	25DF	0000	13
		_WDT_Clearing  		CODE           	0002	0000	2
		_Mcu_Initializa		CODE           	18EF	0000	27
		_Flash_Memory_I		CODE           	0F08	0000	248
		_getAD         		CODE           	278C	0000	22
		_TMR0_Set      		CODE           	25EC	0000	13
		_Flash_Memory_U		CODE           	1866	0000	9
		_INT_ISR       		CODE           	257E	0000	12
		_TMR0_ISR      		CODE           	1C7E	0000	51
		_Flash_Memory_R		CODE           	18BA	0000	26
		_Flash_Memory_E		CODE           	25A2	0000	12
		_setDimmerReClo		CODE           	2547	0000	11
		_Flash_Memory_M		CODE           	1E9C	0000	69

../src/MCU_B1.c estimated size: 836

C:\Program Files (x86)\Microchip\xc8\v1.32\sources\common\ftmul.c
		___ftmul       		CODE           	0746	0000	180

C:\Program Files (x86)\Microchip\xc8\v1.32\sources\common\ftmul.c estimated size: 180

../src/Buzzer_B1.c
		_Buzzer_Main   		CODE           	0C6B	0000	199
		_setBuz        		CODE           	0937	0000	150
		_Buzzer_Initial		CODE           	258A	0000	12

../src/Buzzer_B1.c estimated size: 361

../src/LED_B1.c
		_setLED        		CODE           	11C2	0000	94
		_LED_Main      		CODE           	25BA	0000	12
		_setLED_Initial		CODE           	26EF	0000	17
		_LedPointSelect		CODE           	1A58	0000	34
		_setLED_Main   		CODE           	1D50	0000	64
		_LED_Initializa		CODE           	25AE	0000	12

../src/LED_B1.c estimated size: 233

../src/OverTemperature_B1.c
		_Temp_Initializ		CODE           	24DB	0000	3
		_Temp_Main     		CODE           	24DE	0000	3
		_setOverTemp_Ex		CODE           	1F27	0000	70
		_setTemp_Initia		CODE           	25C6	0000	12
		_getTemp_AD    		CODE           	15FA	0000	121
		_getTemp_Safe  		CODE           	252F	0000	8
		_setTemp_Main  		CODE           	0619	0000	301
		_setTemp_Enable		CODE           	2606	0000	13

../src/OverTemperature_B1.c estimated size: 531

../src/CC2500_B1.c
		_DelayTime_1us 		CODE           	1ABE	0000	38
		_CC2500_Frequen		CODE           	2596	0000	12
		_CC2500_SIDLEMo		CODE           	24E9	0000	4
		_CC2500_PowerOn		CODE           	2761	0000	21
		_CC2500_WriteBy		CODE           	186F	0000	25
		_CC2500_RxData 		CODE           	0BAD	0000	190
		_CC2500_TxData 		CODE           	1E13	0000	68
		_CC2500_ClearRX		CODE           	24E1	0000	4
		_CC2500_ClearTX		CODE           	24E5	0000	4
		_CC2500_InitPAT		CODE           	19B7	0000	31
		_CC2500_WriteRE		CODE           	1888	0000	25
		_CC2500_ReadSta		CODE           	190A	0000	27
		_CC2500_PowerRS		CODE           	1BEB	0000	48
		_CC2500_ReadByt		CODE           	195D	0000	29
		_CC2500_InitSet		CODE           	1B0D	0000	42
		_CC2500_WriteCo		CODE           	265D	0000	16

../src/CC2500_B1.c estimated size: 584

C:\Program Files (x86)\Microchip\xc8\v1.32\sources\common\fttol.c
		___fttol       		CODE           	16EF	0000	135

C:\Program Files (x86)\Microchip\xc8\v1.32\sources\common\fttol.c estimated size: 135

C:\Program Files (x86)\Microchip\xc8\v1.32\sources\common\lwdiv.c
		___lwdiv       		CODE           	1D19	0000	55

C:\Program Files (x86)\Microchip\xc8\v1.32\sources\common\lwdiv.c estimated size: 55

../src/RF_Control_B1.c
		_RF_Initializat		CODE           	24F1	0000	4
		_setRF_ReceiveG		CODE           	18D4	0000	27
		_getRxData     		CODE           	1012	0000	77
		_setRF_Main    		CODE           	0D32	0000	224
		_setRFSW_Status		CODE           	2621	0000	15
		_setRF_DimmerVa		CODE           	1CE4	0000	53
		_setRF_Initiali		CODE           	2518	0000	7
		_setTxData     		CODE           	0A63	0000	161
		_setRFSW_Contro		CODE           	0815	0000	144
		_setRF_Learn   		CODE           	264E	0000	15
		_RF_Main       		CODE           	24F5	0000	4
		_setRFSW_AdjCon		CODE           	1D90	0000	64
		_setRF_Enable  		CODE           	1AE4	0000	41
		_setRF_DimmerLi		CODE           	1350	0000	108
		_setControl_Lig		CODE           	08A5	0000	146
		_setLog_Code   		CODE           	1F6D	0000	71
		_RF_RxDisable  		CODE           	1A15	0000	33
		_RfSWPointSelec		CODE           	2776	0000	22
		_RfPointSelect 		CODE           	263F	0000	15

../src/RF_Control_B1.c estimated size: 1231

C:\Program Files (x86)\Microchip\xc8\v1.32\sources\common\awdiv.c
		___awdiv       		CODE           	105F	0000	84

C:\Program Files (x86)\Microchip\xc8\v1.32\sources\common\awdiv.c estimated size: 84

../src/Main_B1.c
		_my_Main       		CODE           	1673	0000	124
		_main          		CODE           	12E5	0000	107
		_myMain_Initial		CODE           	274D	0000	20
		_my_TestPointCl		CODE           	1000	0000	18

../src/Main_B1.c estimated size: 269

C:\Program Files (x86)\Microchip\xc8\v1.32\sources\common\ftadd.c
		___ftadd       		CODE           	0E12	0000	246

C:\Program Files (x86)\Microchip\xc8\v1.32\sources\common\ftadd.c estimated size: 246

C:\Program Files (x86)\Microchip\xc8\v1.32\sources\common\Umul16.c
		___wmul        		CODE           	197A	0000	30

C:\Program Files (x86)\Microchip\xc8\v1.32\sources\common\Umul16.c estimated size: 30

shared
		_CC2500_patable		STRCODE        	185E	0000	8
		i1_setLoad_Stat		CODE           	1BBB	0000	48
		_CC2500_rfSetti		STRCODE        	182F	0000	47
		__initializatio		CODE           	0018	0000	56
		i1_RfPointSelec		CODE           	2613	0000	14
		_CC2500_registe		STRCODE        	1800	0000	47

shared estimated size: 220

../src/Switch_B1.c
		_Sw_DimmerAdjFu		CODE           	1FB4	0000	76
		_Sw_DimmerOffFu		CODE           	142A	0000	113
		_Switch_Main   		CODE           	253F	0000	8
		_setSw_Enable  		CODE           	1925	0000	28
		_SwPointSelect 		CODE           	2739	0000	20
		_Sw_DimmerOnFun		CODE           	150E	0000	115
		_TouchPower    		CODE           	24F9	0000	5
		_setSw_Main    		CODE           	04C4	0000	341
		_setSw_Initiali		CODE           	2537	0000	8
		_Switch_Initial		CODE           	25F9	0000	13
		_setSw_Status  		CODE           	2630	0000	15

../src/Switch_B1.c estimated size: 742

../src/Dimmer_B1.c
		_DimmerLightsPo		CODE           	2712	0000	19
		_DimmerIntrPoin		CODE           	2700	0000	18
		_getDimmerLight		CODE           	26DE	0000	17
		_DimmerLights_M		CODE           	2568	0000	11
		_setDimmerLight		CODE           	268D	0000	16
		_setDimmerLight		CODE           	02F9	0000	459
		_DimmerIntrIOCP		CODE           	2725	0000	20
		_setDimmerLight		CODE           	1E57	0000	69
		_setDimmerLight		CODE           	1776	0000	138
		_setDimmerLight		CODE           	1A9C	0000	34
		_getPercentValu		CODE           	110A	0000	91
		_DimmerLights_C		CODE           	27D0	0000	24
		_setDimmerLight		CODE           	269D	0000	16
		_setDimmerLight		CODE           	267D	0000	16
		_setDimmerLight		CODE           	26AD	0000	16
		_setPercentValu		CODE           	1EE1	0000	70
		_setDimmerLight		CODE           	1B8E	0000	45
		_DimmerLights_E		CODE           	1281	0000	100
		_setDimmerLight		CODE           	1B37	0000	43
		_setDimmerLight		CODE           	266D	0000	16
		_setDimmerLight		CODE           	1998	0000	31
		_Dimmer_Initial		CODE           	250A	0000	7
		_DimmerLights_I		CODE           	27B9	0000	23
		_setDimmerLight		CODE           	149B	0000	115
		_setDimmerLight		CODE           	10B3	0000	87

../src/Dimmer_B1.c estimated size: 1501

../src/DelayOff_B1.c
		_DelayOff_Initi		CODE           	251F	0000	8
		_DlyOff_Main   		CODE           	1581	0000	121
		_DelayTimejudge		CODE           	1B62	0000	44
		_DelayOff_Main 		CODE           	2527	0000	8
		_DelayOffPointS		CODE           	27A2	0000	23
		_setDelayOff_GO		CODE           	1165	0000	93
		_DlyOff_Initial		CODE           	2552	0000	11

../src/DelayOff_B1.c estimated size: 308

C:\Program Files (x86)\Microchip\xc8\v1.32\sources\pic\ftdiv.c
		___ftdiv       		CODE           	0B04	0000	169

C:\Program Files (x86)\Microchip\xc8\v1.32\sources\pic\ftdiv.c estimated size: 169

