Microchip MPLAB XC8 Compiler V1.32 ()

Linker command line:

--edf=C:\Program Files (x86)\Microchip\xc8\v1.32\dat\en_msgs.txt -cs \
  -h+dist/default/production\2.Switch_2Key_Dimmer.X.production.sym \
  --cmf=dist/default/production\2.Switch_2Key_Dimmer.X.production.cmf -z \
  -Q16F1518 -oC:\Users\taianluo\AppData\Local\Temp\s6fc.6 \
  -Mdist/default/production/2.Switch_2Key_Dimmer.X.production.map -E1 \
  -ver=XC8 -ASTACK=02165h-0231fh -pstack=STACK -ACONST=00h-0FFhx64 \
  -ACODE=00h-07FFhx8 -ASTRCODE=00h-03FFFh -AENTRY=00h-0FFhx64 \
  -ASTRING=00h-0FFhx64 -ACOMMON=070h-07Fh -ABANK0=020h-06Fh \
  -ABANK1=0A0h-0EFh -ABANK2=0120h-016Fh -ABANK3=01A0h-01EFh \
  -ABANK4=0220h-026Fh -ABANK5=02A0h-02EFh -ABANK6=0320h-036Fh \
  -ABANK7=03A0h-03EFh -ABANK8=0420h-046Fh -ABANK9=04A0h-04EFh \
  -ABANK10=0520h-056Fh -ABANK11=05A0h-05EFh -ABANK12=0620h-064Fh \
  -ABIGRAM=02000h-023EFh \
  -ARAM=020h-06Fh,0A0h-0EFh,0120h-016Fh,01A0h-01EFh,0220h-026Fh,02A0h-02EFh,0320h-036Fh,03A0h-03EFh,0420h-046Fh,04A0h-04EFh,0520h-056Fh,05A0h-05EFh,0620h-064Fh \
  -AABS1=020h-07Fh,0A0h-0EFh,0120h-016Fh,01A0h-01EFh,0220h-026Fh,02A0h-02EFh,0320h-036Fh,03A0h-03EFh,0420h-046Fh,04A0h-04EFh,0520h-056Fh,05A0h-05EFh,0620h-064Fh \
  -ASFR0=00h-01Fh -ASFR1=080h-09Fh -ASFR2=0100h-011Fh -ASFR3=0180h-019Fh \
  -ASFR4=0200h-021Fh -ASFR5=0280h-029Fh -ASFR6=0300h-031Fh \
  -ASFR7=0380h-039Fh -ASFR8=0400h-041Fh -ASFR9=0480h-049Fh \
  -ASFR10=0500h-051Fh -ASFR11=0580h-059Fh -ASFR12=0600h-061Fh \
  -ASFR13=0680h-06EFh -ASFR14=0700h-076Fh -ASFR15=0780h-07EFh \
  -ASFR16=0800h-086Fh -ASFR17=0880h-08EFh -ASFR18=0900h-096Fh \
  -ASFR19=0980h-09EFh -ASFR20=0A00h-0A6Fh -ASFR21=0A80h-0AEFh \
  -ASFR22=0B00h-0B6Fh -ASFR23=0B80h-0BEFh -ASFR24=0C00h-0C6Fh \
  -ASFR25=0C80h-0CEFh -ASFR26=0D00h-0D6Fh -ASFR27=0D80h-0DEFh \
  -ASFR28=0E00h-0E6Fh -ASFR29=0E80h-0EEFh -ASFR30=0F00h-0F6Fh \
  -ASFR31=0F80h-0FEFh -preset_vec=00h,intentry=04h,init,end_init \
  -ppowerup=CODE -pcinit=CODE -pfunctab=CODE -ACONFIG=08007h-08008h \
  -pconfig=CONFIG -DCONFIG=2 -AIDLOC=08000h-08003h -pidloc=IDLOC -DIDLOC=2 \
  -DCODE=2 -DSTRCODE=2 -DSTRING=2 -DCONST=2 -DENTRY=2 -k \
  C:\Users\taianluo\AppData\Local\Temp\s6fc.obj \
  dist/default/production\2.Switch_2Key_Dimmer.X.production.obj 

Object code version is 3.11

Machine type is 16F1518



                Name                               Link     Load   Length Selector   Space Scale
C:\Users\taianluo\AppData\Local\Temp\s6fc.obj
                end_init                             16       16        2        8       0
                reset_vec                             0        0        2        0       0
                config                             8007     8007        2    1000E       0
dist/default/production\2.Switch_2Key_Dimmer.X.production.obj
                cinit                                18       18       34        8       0
                intentry                              4        4       12        8       0
                text118                            1EAE     1EAE        B     3D5C       0
                text117                            1F21     1F21        D     3E42       0
                text116                            1F2E     1F2E        D     3E5C       0
                text115                            1FEF     1FEF       11     3FDE       0
                text114                            10A0     10A0       12     2140       0
                text113                            106D     106D       11     20DA       0
                text112                            1EB9     1EB9        B     3D72       0
                text111                            107E     107E       11     20FC       0
                text110                            1F8F     1F8F       10     3F1E       0
                text109                              4C       4C      182        8       0
                text108                            1474     1474       35     28E8       0
                text106                            1EC4     1EC4        B     3D88       0
                text105                             717      717       A2        8       0
                text104                            1172     1172       19     22E4       0
                text103                            1F9F     1F9F       10     3F3E       0
                text102                            1E3F     1E3F        4     3C7E       0
                text101                            1E43     1E43        4     3C86       0
                text100                            133F     133F       26     267E       0
                text99                             1EE5     1EE5        C     3DCA       0
                text98                             118B     118B       19     2316       0
                text97                             127B     127B       1F     24F6       0
                text96                             1365     1365       2A     26CA       0
                text95                             1413     1413       30     2826       0
                text94                             1E47     1E47        4     3C8E       0
                text93                             1101     1101       15     2202       0
                text92                             112C     112C       17     2258       0
                text91                             1ECF     1ECF        B     3D9E       0
                text90                             1E7C     1E7C        8     3CF8       0
                text89                             16FD     16FD       54     2DFA       0
                text88                              BD8      BD8       77     17B0       0
                text87                             10B2     10B2       13     2164       0
                text86                             1FAF     1FAF       10     3F5E       0
                text85                             1FBF     1FBF       10     3F7E       0
                text84                             1116     1116       16     222C       0
                text83                             1F62     1F62        F     3EC4       0
                text82                              948      948       61     1290       0
                text81                             12D9     12D9       22     25B2       0
                text80                              5C8      5C8       A9        8       0
                text79                              DC7      DC7       87     1B8E       0
                text78                             166A     166A       46     2CD4       0
                text77                              9A9      9A9       6B     1352       0
                text76                             10C5     10C5       14     218A       0
                text75                             1F71     1F71        F     3EE2       0
                text74                             1EF1     1EF1        C     3DE2       0
                text73                              671      671       A6        8       0
                text72                              C4F      C4F       79     189E       0
                text71                             1E84     1E84        8     3D08       0
                text70                             1E6E     1E6E        7     3CDC       0
                text69                             13E6     13E6       2D     27CC       0
                text68                             1143     1143       17     2286       0
                text67                             11D6     11D6       1A     23AC       0
                text66                             129A     129A       1F     2534       0
                text65                             10D9     10D9       14     21B2       0
                text64                             12FB     12FB       22     25F6       0
                text63                              88C      88C       5E     1118       0
                text62                              CC8      CC8       7F     1990       0
                text61                             14DE     14DE       3E     29BC       0
                text60                              D47      D47       80     1A8E       0
                text59                             1EDA     1EDA        B     3DB4       0
                text58                             11A4     11A4       19     2348       0
                text57                             1E9C     1E9C        9     3D38       0
                text56                             1443     1443       31     2886       0
                text55                              41E      41E       F6        8       0
                text54                             1EFD     1EFD        C     3DFA       0
                text53                              A14      A14       6D     1428       0
                text52                             15E0     15E0       45     2BC0       0
                text51                             108F     108F       11     211E       0
                text50                             1F09     1F09        C     3E12       0
                text49                             151C     151C       40     2A38       0
                text48                             1F15     1F15        C     3E2A       0
                text47                             1E75     1E75        7     3CEA       0
                text46                             1E4B     1E4B        4     3C96       0
                text45                             1E5C     1E5C        6     3CB8       0
                text44                             1F3B     1F3B        D     3E76       0
                text43                             11BD     11BD       19     237A       0
                text42                             1F48     1F48        D     3E90       0
                text41                             115A     115A       18     22B4       0
                text40                             11F0     11F0       1B     23E0       0
                text39                             1066     1066        7     20CC       0
                text38                             1E4F     1E4F        4     3C9E       0
                text37                             125E     125E       1D     24BC       0
                text36                             120B     120B       1B     2416       0
                text35                              8EA      8EA       5E     11D4       0
                text34                             159C     159C       44     2B38       0
                text33                             1EA5     1EA5        9     3D4A       0
                text32                             138F     138F       2B     271E       0
                text31                              328      328       F6        8       0
                text30                              514      514       B4        8       0
                text29                             17A5     17A5       5B     2F4A       0
                text28                             131D     131D       22     263A       0
                text27                             14A9     14A9       35     2952       0
                text26                             155C     155C       40     2AB8       0
                text25                             13BA     13BA       2C     2774       0
                text24                              82F      82F       5D     105E       0
                text23                              E4E      E4E       90     1C9C       0
                text22                              F6E      F6E       92     1EDC       0
                text21                              7B9      7B9       47        8       0
                text20                             16B0     16B0       4D     2D60       0
                text19                              EDE      EDE       90     1DBC       0
                text18                             1E53     1E53        4     3CA6       0
                text17                             1E57     1E57        5     3CAE       0
                text16                             1E8C     1E8C        8     3D18       0
                text15                             1F55     1F55        D     3EAA       0
                text14                             1FCF     1FCF       10     3F9E       0
                text13                             1FDF     1FDF       10     3FBE       0
                text12                             1625     1625       45     2C4A       0
                text11                              A81      A81       71     1502       0
                text10                              AF2      AF2       72     15E4       0
                text9                              1F80     1F80        F     3F00       0
                text8                               1CE      1CE      15A        8       0
                text7                              1E94     1E94        8     3D28       0
                text6                                 2        2        2        0       0
                text5                              1226     1226       1C     244C       0
                text4                              10ED     10ED       14     21DA       0
                text3                               802      802       2D     1004       0
                text2                              1242     1242       1C     2484       0
                text1                               B64      B64       74     16C8       0
                maintext                           1751     1751       54     2EA2       0
                cstackBANK0                          20       20       50       20       1
                cstackCOMMON                         70       70        8       70       1
                inittext                           1E62     1E62        6     3CC4       0
                clrtext                            1E68     1E68        6     3CD0       0
                bssBANK4                            220      220       25      220       1
                dataBANK3                           1A0      1A0       20      1A0       1
                bssBANK3                            1C0      1C0       10      1A0       1
                bssBANK2                            120      120       42      120       1
                bssBANK1                             A0       A0       47       A0       1
                bssCOMMON                            78       78        4       70       1
                bitbssCOMMON                        3E0       7C        2       70       1     8
                nvBANK1                              E7       E7        4       A0       1
                nvCOMMON                             7D       7D        1       70       1
                stringtext                         1000     1000       66       20       0
                idataBANK3                         12B9     12B9       20     2572       0

TOTAL           Name                               Link     Load   Length     Space
        CLASS   STACK          

        CLASS   CONST          

        CLASS   CODE           
                end_init                             16       16        2         0
                cinit                                18       18       34         0
                intentry                              4        4       12         0
                reset_vec                             0        0        2         0
                text118                            1EAE     1EAE        B         0
                text117                            1F21     1F21        D         0
                text116                            1F2E     1F2E        D         0
                text115                            1FEF     1FEF       11         0
                text114                            10A0     10A0       12         0
                text113                            106D     106D       11         0
                text112                            1EB9     1EB9        B         0
                text111                            107E     107E       11         0
                text110                            1F8F     1F8F       10         0
                text109                              4C       4C      182         0
                text108                            1474     1474       35         0
                text106                            1EC4     1EC4        B         0
                text105                             717      717       A2         0
                text104                            1172     1172       19         0
                text103                            1F9F     1F9F       10         0
                text102                            1E3F     1E3F        4         0
                text101                            1E43     1E43        4         0
                text100                            133F     133F       26         0
                text99                             1EE5     1EE5        C         0
                text98                             118B     118B       19         0
                text97                             127B     127B       1F         0
                text96                             1365     1365       2A         0
                text95                             1413     1413       30         0
                text94                             1E47     1E47        4         0
                text93                             1101     1101       15         0
                text92                             112C     112C       17         0
                text91                             1ECF     1ECF        B         0
                text90                             1E7C     1E7C        8         0
                text89                             16FD     16FD       54         0
                text88                              BD8      BD8       77         0
                text87                             10B2     10B2       13         0
                text86                             1FAF     1FAF       10         0
                text85                             1FBF     1FBF       10         0
                text84                             1116     1116       16         0
                text83                             1F62     1F62        F         0
                text82                              948      948       61         0
                text81                             12D9     12D9       22         0
                text80                              5C8      5C8       A9         0
                text79                              DC7      DC7       87         0
                text78                             166A     166A       46         0
                text77                              9A9      9A9       6B         0
                text76                             10C5     10C5       14         0
                text75                             1F71     1F71        F         0
                text74                             1EF1     1EF1        C         0
                text73                              671      671       A6         0
                text72                              C4F      C4F       79         0
                text71                             1E84     1E84        8         0
                text70                             1E6E     1E6E        7         0
                text69                             13E6     13E6       2D         0
                text68                             1143     1143       17         0
                text67                             11D6     11D6       1A         0
                text66                             129A     129A       1F         0
                text65                             10D9     10D9       14         0
                text64                             12FB     12FB       22         0
                text63                              88C      88C       5E         0
                text62                              CC8      CC8       7F         0
                text61                             14DE     14DE       3E         0
                text60                              D47      D47       80         0
                text59                             1EDA     1EDA        B         0
                text58                             11A4     11A4       19         0
                text57                             1E9C     1E9C        9         0
                text56                             1443     1443       31         0
                text55                              41E      41E       F6         0
                text54                             1EFD     1EFD        C         0
                text53                              A14      A14       6D         0
                text52                             15E0     15E0       45         0
                text51                             108F     108F       11         0
                text50                             1F09     1F09        C         0
                text49                             151C     151C       40         0
                text48                             1F15     1F15        C         0
                text47                             1E75     1E75        7         0
                text46                             1E4B     1E4B        4         0
                text45                             1E5C     1E5C        6         0
                text44                             1F3B     1F3B        D         0
                text43                             11BD     11BD       19         0
                text42                             1F48     1F48        D         0
                text41                             115A     115A       18         0
                text40                             11F0     11F0       1B         0
                text39                             1066     1066        7         0
                text38                             1E4F     1E4F        4         0
                text37                             125E     125E       1D         0
                text36                             120B     120B       1B         0
                text35                              8EA      8EA       5E         0
                text34                             159C     159C       44         0
                text33                             1EA5     1EA5        9         0
                text32                             138F     138F       2B         0
                text31                              328      328       F6         0
                text30                              514      514       B4         0
                text29                             17A5     17A5       5B         0
                text28                             131D     131D       22         0
                text27                             14A9     14A9       35         0
                text26                             155C     155C       40         0
                text25                             13BA     13BA       2C         0
                text24                              82F      82F       5D         0
                text23                              E4E      E4E       90         0
                text22                              F6E      F6E       92         0
                text21                              7B9      7B9       47         0
                text20                             16B0     16B0       4D         0
                text19                              EDE      EDE       90         0
                text18                             1E53     1E53        4         0
                text17                             1E57     1E57        5         0
                text16                             1E8C     1E8C        8         0
                text15                             1F55     1F55        D         0
                text14                             1FCF     1FCF       10         0
                text13                             1FDF     1FDF       10         0
                text12                             1625     1625       45         0
                text11                              A81      A81       71         0
                text10                              AF2      AF2       72         0
                text9                              1F80     1F80        F         0
                text8                               1CE      1CE      15A         0
                text7                              1E94     1E94        8         0
                text6                                 2        2        2         0
                text5                              1226     1226       1C         0
                text4                              10ED     10ED       14         0
                text3                               802      802       2D         0
                text2                              1242     1242       1C         0
                text1                               B64      B64       74         0
                maintext                           1751     1751       54         0
                inittext                           1E62     1E62        6         0
                clrtext                            1E68     1E68        6         0
                idataBANK3                         12B9     12B9       20         0

        CLASS   STRCODE        
                stringtext                         1000     1000       66         0

        CLASS   ENTRY          

        CLASS   STRING         

        CLASS   COMMON         
                cstackCOMMON                         70       70        8         1
                bssCOMMON                            78       78        4         1
                bitbssCOMMON                        3E0       7C        2         1
                nvCOMMON                             7D       7D        1         1

        CLASS   BANK0          
                cstackBANK0                          20       20       50         1

        CLASS   BANK1          
                bssBANK1                             A0       A0       47         1
                nvBANK1                              E7       E7        4         1

        CLASS   BANK2          
                bssBANK2                            120      120       42         1

        CLASS   BANK3          
                dataBANK3                           1A0      1A0       20         1
                bssBANK3                            1C0      1C0       10         1

        CLASS   BANK4          
                bssBANK4                            220      220       25         1

        CLASS   BANK5          

        CLASS   BANK6          

        CLASS   BANK7          

        CLASS   BANK8          

        CLASS   BANK9          

        CLASS   BANK10         

        CLASS   BANK11         

        CLASS   BANK12         

        CLASS   BIGRAM         

        CLASS   RAM            

        CLASS   ABS1           
                abs_s1                               7E       7E        2         1

        CLASS   SFR0           

        CLASS   SFR1           

        CLASS   SFR2           

        CLASS   SFR3           

        CLASS   SFR4           

        CLASS   SFR5           

        CLASS   SFR6           

        CLASS   SFR7           

        CLASS   SFR8           

        CLASS   SFR9           

        CLASS   SFR10          

        CLASS   SFR11          

        CLASS   SFR12          

        CLASS   SFR13          

        CLASS   SFR14          

        CLASS   SFR15          

        CLASS   SFR16          

        CLASS   SFR17          

        CLASS   SFR18          

        CLASS   SFR19          

        CLASS   SFR20          

        CLASS   SFR21          

        CLASS   SFR22          

        CLASS   SFR23          

        CLASS   SFR24          

        CLASS   SFR25          

        CLASS   SFR26          

        CLASS   SFR27          

        CLASS   SFR28          

        CLASS   SFR29          

        CLASS   SFR30          

        CLASS   SFR31          

        CLASS   CONFIG         
                config                             8007     8007        2         0

        CLASS   IDLOC          

        CLASS   BANK31         

        CLASS   BANK30         

        CLASS   BANK29         

        CLASS   BANK28         

        CLASS   BANK27         

        CLASS   BANK26         

        CLASS   BANK25         

        CLASS   BANK24         

        CLASS   BANK23         

        CLASS   BANK22         

        CLASS   BANK21         

        CLASS   BANK20         

        CLASS   BANK19         

        CLASS   BANK18         

        CLASS   BANK17         

        CLASS   BANK16         

        CLASS   BANK15         

        CLASS   BANK14         

        CLASS   BANK13         

        CLASS   EEDATA         



SEGMENTS        Name                           Load    Length   Top    Selector   Space  Class     Delta

                reset_vec                      000000  000004  000004         0       0  CODE        2
                intentry                       000004  0007FC  000800         8       0  CODE        2
                cstackBANK0                    000020  000050  000070        20       1  BANK0       1
                cstackCOMMON                   000070  00000E  00007E        70       1  COMMON      1
                bssBANK1                       0000A0  00004B  0000EB        A0       1  BANK1       1
                bssBANK2                       000120  000042  000162       120       1  BANK2       1
                dataBANK3                      0001A0  000030  0001D0       1A0       1  BANK3       1
                bssBANK4                       000220  000025  000245       220       1  BANK4       1
                text3                          000802  00002D  00082F      1004       0  CODE        2
                text24                         00082F  00005D  00088C      105E       0  CODE        2
                text63                         00088C  00005E  0008EA      1118       0  CODE        2
                text35                         0008EA  00005E  000948      11D4       0  CODE        2
                text82                         000948  000061  0009A9      1290       0  CODE        2
                text77                         0009A9  00006B  000A14      1352       0  CODE        2
                text53                         000A14  00006D  000A81      1428       0  CODE        2
                text11                         000A81  000071  000AF2      1502       0  CODE        2
                text10                         000AF2  000072  000B64      15E4       0  CODE        2
                text1                          000B64  000074  000BD8      16C8       0  CODE        2
                text88                         000BD8  000077  000C4F      17B0       0  CODE        2
                text72                         000C4F  000079  000CC8      189E       0  CODE        2
                text62                         000CC8  00007F  000D47      1990       0  CODE        2
                text60                         000D47  000080  000DC7      1A8E       0  CODE        2
                text79                         000DC7  000087  000E4E      1B8E       0  CODE        2
                text23                         000E4E  000090  000EDE      1C9C       0  CODE        2
                text19                         000EDE  000090  000F6E      1DBC       0  CODE        2
                text22                         000F6E  000092  001000      1EDC       0  CODE        2
                stringtext                     001000  000066  001066        20       0  STRCODE     2
                text39                         001066  000007  00106D      20CC       0  CODE        2
                text113                        00106D  000011  00107E      20DA       0  CODE        2
                text111                        00107E  000011  00108F      20FC       0  CODE        2
                text51                         00108F  000011  0010A0      211E       0  CODE        2
                text114                        0010A0  000012  0010B2      2140       0  CODE        2
                text87                         0010B2  000013  0010C5      2164       0  CODE        2
                text76                         0010C5  000014  0010D9      218A       0  CODE        2
                text65                         0010D9  000014  0010ED      21B2       0  CODE        2
                text4                          0010ED  000014  001101      21DA       0  CODE        2
                text93                         001101  000015  001116      2202       0  CODE        2
                text84                         001116  000016  00112C      222C       0  CODE        2
                text92                         00112C  000017  001143      2258       0  CODE        2
                text68                         001143  000017  00115A      2286       0  CODE        2
                text41                         00115A  000018  001172      22B4       0  CODE        2
                text104                        001172  000019  00118B      22E4       0  CODE        2
                text98                         00118B  000019  0011A4      2316       0  CODE        2
                text58                         0011A4  000019  0011BD      2348       0  CODE        2
                text43                         0011BD  000019  0011D6      237A       0  CODE        2
                text67                         0011D6  00001A  0011F0      23AC       0  CODE        2
                text40                         0011F0  00001B  00120B      23E0       0  CODE        2
                text36                         00120B  00001B  001226      2416       0  CODE        2
                text5                          001226  00001C  001242      244C       0  CODE        2
                text2                          001242  00001C  00125E      2484       0  CODE        2
                text37                         00125E  00001D  00127B      24BC       0  CODE        2
                text97                         00127B  00001F  00129A      24F6       0  CODE        2
                text66                         00129A  00001F  0012B9      2534       0  CODE        2
                idataBANK3                     0012B9  000020  0012D9      2572       0  CODE        2
                text81                         0012D9  000022  0012FB      25B2       0  CODE        2
                text64                         0012FB  000022  00131D      25F6       0  CODE        2
                text28                         00131D  000022  00133F      263A       0  CODE        2
                text100                        00133F  000026  001365      267E       0  CODE        2
                text96                         001365  00002A  00138F      26CA       0  CODE        2
                text32                         00138F  00002B  0013BA      271E       0  CODE        2
                text25                         0013BA  00002C  0013E6      2774       0  CODE        2
                text69                         0013E6  00002D  001413      27CC       0  CODE        2
                text95                         001413  000030  001443      2826       0  CODE        2
                text56                         001443  000031  001474      2886       0  CODE        2
                text108                        001474  000035  0014A9      28E8       0  CODE        2
                text27                         0014A9  000035  0014DE      2952       0  CODE        2
                text61                         0014DE  00003E  00151C      29BC       0  CODE        2
                text49                         00151C  000040  00155C      2A38       0  CODE        2
                text26                         00155C  000040  00159C      2AB8       0  CODE        2
                text34                         00159C  000044  0015E0      2B38       0  CODE        2
                text52                         0015E0  000045  001625      2BC0       0  CODE        2
                text12                         001625  000045  00166A      2C4A       0  CODE        2
                text78                         00166A  000046  0016B0      2CD4       0  CODE        2
                text20                         0016B0  00004D  0016FD      2D60       0  CODE        2
                text89                         0016FD  000054  001751      2DFA       0  CODE        2
                maintext                       001751  000054  0017A5      2EA2       0  CODE        2
                text29                         0017A5  00005B  001800      2F4A       0  CODE        2
                text102                        001E3F  000004  001E43      3C7E       0  CODE        2
                text101                        001E43  000004  001E47      3C86       0  CODE        2
                text94                         001E47  000004  001E4B      3C8E       0  CODE        2
                text46                         001E4B  000004  001E4F      3C96       0  CODE        2
                text38                         001E4F  000004  001E53      3C9E       0  CODE        2
                text18                         001E53  000004  001E57      3CA6       0  CODE        2
                text17                         001E57  000005  001E5C      3CAE       0  CODE        2
                text45                         001E5C  000006  001E62      3CB8       0  CODE        2
                inittext                       001E62  000006  001E68      3CC4       0  CODE        2
                clrtext                        001E68  000006  001E6E      3CD0       0  CODE        2
                text70                         001E6E  000007  001E75      3CDC       0  CODE        2
                text47                         001E75  000007  001E7C      3CEA       0  CODE        2
                text90                         001E7C  000008  001E84      3CF8       0  CODE        2
                text71                         001E84  000008  001E8C      3D08       0  CODE        2
                text16                         001E8C  000008  001E94      3D18       0  CODE        2
                text7                          001E94  000008  001E9C      3D28       0  CODE        2
                text57                         001E9C  000009  001EA5      3D38       0  CODE        2
                text33                         001EA5  000009  001EAE      3D4A       0  CODE        2
                text118                        001EAE  00000B  001EB9      3D5C       0  CODE        2
                text112                        001EB9  00000B  001EC4      3D72       0  CODE        2
                text106                        001EC4  00000B  001ECF      3D88       0  CODE        2
                text91                         001ECF  00000B  001EDA      3D9E       0  CODE        2
                text59                         001EDA  00000B  001EE5      3DB4       0  CODE        2
                text99                         001EE5  00000C  001EF1      3DCA       0  CODE        2
                text74                         001EF1  00000C  001EFD      3DE2       0  CODE        2
                text54                         001EFD  00000C  001F09      3DFA       0  CODE        2
                text50                         001F09  00000C  001F15      3E12       0  CODE        2
                text48                         001F15  00000C  001F21      3E2A       0  CODE        2
                text117                        001F21  00000D  001F2E      3E42       0  CODE        2
                text116                        001F2E  00000D  001F3B      3E5C       0  CODE        2
                text44                         001F3B  00000D  001F48      3E76       0  CODE        2
                text42                         001F48  00000D  001F55      3E90       0  CODE        2
                text15                         001F55  00000D  001F62      3EAA       0  CODE        2
                text83                         001F62  00000F  001F71      3EC4       0  CODE        2
                text75                         001F71  00000F  001F80      3EE2       0  CODE        2
                text9                          001F80  00000F  001F8F      3F00       0  CODE        2
                text110                        001F8F  000010  001F9F      3F1E       0  CODE        2
                text103                        001F9F  000010  001FAF      3F3E       0  CODE        2
                text86                         001FAF  000010  001FBF      3F5E       0  CODE        2
                text85                         001FBF  000010  001FCF      3F7E       0  CODE        2
                text14                         001FCF  000010  001FDF      3F9E       0  CODE        2
                text13                         001FDF  000010  001FEF      3FBE       0  CODE        2
                text115                        001FEF  000011  002000      3FDE       0  CODE        2
                config                         008007  000002  008009     1000E       0  CONFIG      2


UNUSED ADDRESS RANGES

        Name                Unused          Largest block    Delta
        BANK1            000EB-000EF               5           1
        BANK10           00520-0056F              50           1
        BANK11           005A0-005EF              50           1
        BANK12           00620-0064F              30           1
        BANK2            00162-0016F               E           1
        BANK3            001D0-001EF              20           1
        BANK4            00245-0026F              2B           1
        BANK5            002A0-002EF              50           1
        BANK6            00320-0036F              50           1
        BANK7            003A0-003EF              50           1
        BANK8            00420-0046F              50           1
        BANK9            004A0-004EF              50           1
        BIGRAM           02000-023EF             3F0           1
        CODE             00800-00801               2           2
                         01800-01E3E             63F
                         02000-03FFF             800
        CONST            00800-00801               2           2
                         01800-01E3E             100
                         02000-03FFF             100
        ENTRY            00800-00801               2           2
                         01800-01E3E             100
                         02000-03FFF             100
        IDLOC            08000-08003               4           2
        RAM              000EB-000EF               5           1
                         00162-0016F               E
                         001D0-001EF              20
                         00245-0026F              2B
                         002A0-002EF              50
                         00320-0036F              50
                         003A0-003EF              50
                         00420-0046F              50
                         004A0-004EF              50
                         00520-0056F              50
                         005A0-005EF              50
                         00620-0064F              30
        SFR0             00000-0001F              20           1
        SFR1             00080-0009F              20           1
        SFR10            00500-0051F              20           1
        SFR11            00580-0059F              20           1
        SFR12            00600-0061F              20           1
        SFR13            00680-006EF              70           1
        SFR14            00700-0076F              70           1
        SFR15            00780-007EF              70           1
        SFR16            00800-0086F              70           1
        SFR17            00880-008EF              70           1
        SFR18            00900-0096F              70           1
        SFR19            00980-009EF              70           1
        SFR2             00100-0011F              20           1
        SFR20            00A00-00A6F              70           1
        SFR21            00A80-00AEF              70           1
        SFR22            00B00-00B6F              70           1
        SFR23            00B80-00BEF              70           1
        SFR24            00C00-00C6F              70           1
        SFR25            00C80-00CEF              70           1
        SFR26            00D00-00D6F              70           1
        SFR27            00D80-00DEF              70           1
        SFR28            00E00-00E6F              70           1
        SFR29            00E80-00EEF              70           1
        SFR3             00180-0019F              20           1
        SFR30            00F00-00F6F              70           1
        SFR31            00F80-00FEF              70           1
        SFR4             00200-0021F              20           1
        SFR5             00280-0029F              20           1
        SFR6             00300-0031F              20           1
        SFR7             00380-0039F              20           1
        SFR8             00400-0041F              20           1
        SFR9             00480-0049F              20           1
        STACK            02165-0231F             1BB           1
        STRCODE          00800-00801               2           2
                         01800-01E3E             63F
                         02000-03FFF            2000
        STRING           00800-00801               2           2
                         01800-01E3E             100
                         02000-03FFF             100

                                  Symbol Table

?___awdiv                                cstackBANK0  00020
?___awtoft                               cstackBANK0  00028
?___ftadd                                cstackBANK0  0003E
?___ftdiv                                cstackBANK0  0002E
?___ftmul                                cstackBANK0  0002E
?___ftpack                               cstackBANK0  00020
?___fttol                                cstackBANK0  0004B
CC2500_InitPATable@loop_d                cstackBANK0  00027
CC2500_InitPATable@temp                  cstackBANK0  00026
CC2500_InitSetREG@loop_c                 cstackBANK0  00028
CC2500_InitSetREG@temp1                  cstackBANK0  00026
CC2500_InitSetREG@temp2                  cstackBANK0  00027
CC2500_ReadByte@loop_b                   cstackBANK0  00021
CC2500_ReadStatus@status_addr            cstackBANK0  00023
CC2500_RxData@loop_f                     cstackBANK0  00025
CC2500_TxData@loop_e                     cstackBANK0  00025
CC2500_WriteByte@loop_a                  cstackBANK0  00021
CC2500_WriteCommand@command              cstackBANK0  00023
CC2500_WriteREG@value                    cstackBANK0  00022
CC2500_WriteREG@w_addr                   cstackBANK0  00024
DelayOffPointSelect@sw                   cstackBANK0  00021
DelayTime_1us@count                      cstackBANK0  00020
DelayTime_1us@i                          cstackBANK0  00022
DelayTime_1us@j                          cstackBANK0  00024
DelayTimejudge@i                         cstackBANK0  00022
DelayTimejudge@value                     cstackBANK0  00021
DimmerIntrPointSelect@lights             cstackCOMMON 00071
DimmerLightsPointSelect@lights           cstackBANK0  00021
DlyOff_Initialization@sw                 cstackBANK0  00022
DlyOff_Main@sw                           cstackBANK0  00064
Flash_Memory_Initialization@i            cstackBANK0  0005E
Flash_Memory_Modify@i                    cstackBANK0  00026
Flash_Memory_Read@address                cstackBANK0  00022
Flash_Memory_Read@i                      cstackBANK0  00021
Flash_Memory_Read@ret                    cstackBANK0  00023
Flash_Memory_Write@i                     cstackBANK0  00021
LedPointSelect@led                       cstackBANK0  00021
RF_RxDisable@rf                          cstackBANK0  00024
RfPointSelect@rf                         cstackBANK0  00021
RfSWPointSelect@sw                       cstackBANK0  00021
SwPointSelect@sw                         cstackBANK0  00021
Sw_DimmerAdjFunc@Idle                    cstackBANK0  00024
Sw_DimmerAdjFunc@sw                      cstackBANK0  00025
Sw_DimmerOffFunc@sw                      cstackBANK0  00064
Sw_DimmerOnFunc@Idle                     cstackBANK0  00062
Sw_DimmerOnFunc@sw                       cstackBANK0  00063
_ADCON0                                  (abs)        0009D
_ADCON1                                  (abs)        0009E
_ADC_Set                                 text47       01E75
_ADRESH                                  (abs)        0009C
_ADRESL                                  (abs)        0009B
_ANSELA                                  (abs)        0018C
_ANSELB                                  (abs)        0018D
_ANSELC                                  (abs)        0018E
_Buz                                     bssCOMMON    00078
_Buz1                                    bssBANK2     0013C
_Buz_Counter                             text110      01F8F
_Buzzer_Initialization                   text106      01EC4
_Buzzer_Main                             text105      00717
_CC2500_ClearRXFIFO                      text102      01E3F
_CC2500_ClearTXFIFO                      text101      01E43
_CC2500_FrequencyCabr                    text99       01EE5
_CC2500_InitPATable                      text97       0127B
_CC2500_InitSetREG                       text96       01365
_CC2500_PowerOnInitial                   text93       01101
_CC2500_PowerRST                         text95       01413
_CC2500_ReadByte                         text37       0125E
_CC2500_ReadStatus                       text36       0120B
_CC2500_RxData                           text35       008EA
_CC2500_SIDLEMode                        text94       01E47
_CC2500_TxData                           text34       0159C
_CC2500_WriteByte                        text104      01172
_CC2500_WriteCommand                     text103      01F9F
_CC2500_WriteREG                         text98       0118B
_CC2500_patable_vaule                    stringtext   0105E
_CC2500_registers_address                stringtext   01000
_CC2500_rfSettings                       stringtext   0102F
_CFGS                                    (abs)        00CAE
_CRC                                     bssBANK1     000B7
_DelayOff                                bssBANK1     000B8
_DelayOffPointSelect                     text92       0112C
_DelayOff_Initialization                 text90       01E7C
_DelayOff_Main                           text71       01E84
_DelayTime_1us                           text100      0133F
_DelayTimejudge                          text25       013BA
_Dimmer                                  bssBANK1     000B9
_Dimmer1                                 bssBANK1     000E0
_DimmerIntrPointSelect                   text114      010A0
_DimmerLights                            bssCOMMON    00079
_DimmerLights1                           bssBANK2     00120
_DimmerLights11                          bssBANK1     000BA
_DimmerLights2                           bssBANK2     0012E
_DimmerLights22                          bssBANK1     000BB
_DimmerLightsIntr                        bssCOMMON    0007A
_DimmerLightsPointSelect                 text87       010B2
_DimmerLights_Close                      text65       010D9
_DimmerLights_Initialization             text68       01143
_DimmerLights_Main                       text59       01EDA
_Dimmer_Initialization                   text70       01E6E
_DlyOff_Initialization                   text91       01ECF
_DlyOff_Main                             text72       00C4F
_DlySw1                                  bssBANK1     000C6
_DlySw2                                  bssBANK1     000CB
_FREE                                    (abs)        00CAC
_FVRCON                                  (abs)        00117
_Flash_Memory_Erasing                    text54       01EFD
_Flash_Memory_Initialization             text55       0041E
_Flash_Memory_Main                       text52       015E0
_Flash_Memory_Modify                     text53       00A14
_Flash_Memory_Read                       text58       011A4
_Flash_Memory_Unlock                     text57       01E9C
_Flash_Memory_Write                      text56       01443
_Fosc_Set                                text46       01E4B
_GIE                                     (abs)        0005F
_GO_nDONE                                (abs)        004E9
_INTE                                    (abs)        0005C
_INTF                                    (abs)        00059
_INT_ISR                                 text115      01FEF
_INT_Set                                 text45       01E5C
_IOCBF                                   (abs)        00396
_IOCBF2                                  (abs)        01CB2
_IOCBN                                   (abs)        00395
_IOCBP                                   (abs)        00394
_IOCIE                                   (abs)        0005B
_IOCIF                                   (abs)        00058
_IOC_ISR                                 text111      0107E
_IOC_Set                                 text44       01F3B
_IO_Set                                  text43       011BD
_ISR                                     intentry     00004
_LATA                                    (abs)        0010C
_LATB                                    (abs)        0010D
_LATC                                    (abs)        0010E
_LED                                     bssBANK1     000BC
_LED_Initialization                      text50       01F09
_LED_Main                                text48       01F15
_LWLO                                    (abs)        00CAD
_LedPointSelect                          text64       012FB
_Mcu_Initialization                      text40       011F0
_Memory                                  nvBANK1      000EA
_OPTION_REG                              (abs)        00095
_OSCCON                                  (abs)        00099
_PEIE                                    (abs)        0005E
_PMADRH                                  (abs)        00192
_PMADRL                                  (abs)        00191
_PMCON2                                  (abs)        00196
_PMDATH                                  (abs)        00194
_PMDATL                                  (abs)        00193
_PORTA                                   (abs)        0000C
_PORTB                                   (abs)        0000D
_PORTC                                   (abs)        0000E
_RA0                                     (abs)        00060
_RA3                                     (abs)        00063
_RA4                                     (abs)        00064
_RA6                                     (abs)        00066
_RA7                                     (abs)        00067
_RB0                                     (abs)        00068
_RB1                                     (abs)        00069
_RB3                                     (abs)        0006B
_RB4                                     (abs)        0006C
_RB5                                     (abs)        0006D
_RC0                                     (abs)        00070
_RC1                                     (abs)        00071
_RC2                                     (abs)        00072
_RC4                                     (abs)        00074
_RC5                                     (abs)        00075
_RC7                                     (abs)        00077
_RD                                      (abs)        00CA8
_RF                                      bssBANK1     000BD
_RF1                                     bssBANK1     000D0
_RFSW                                    bssBANK1     000BE
_RFSW1                                   bssBANK1     000E5
_RFSW2                                   bssBANK1     000E6
_RF_Count                                bssBANK1     000B5
_RF_Data                                 bssBANK1     000A0
_RF_Initialization                       text38       01E4F
_RF_Main                                 text18       01E53
_RF_RxDisable                            text32       0138F
_RSSI                                    bssBANK1     000BF
_Receive_OK                              bitbssCOMMON 003E0
_RfPointSelect                           text74       01EF1
_RfSWPointSelect                         text84       01116
_Rx_Length                               bssBANK1     000C0
_SPI0Buffer                              bssBANK1     000C1
_Sw                                      bssCOMMON    0007B
_Sw1                                     bssBANK2     00148
_Sw2                                     bssBANK2     00151
_SwPointSelect                           text76       010C5
_Sw_DimmerAdjFunc                        text12       01625
_Sw_DimmerOffFunc                        text11       00A81
_Sw_DimmerOnFunc                         text10       00AF2
_Switch_Initialization                   text15       01F55
_Switch_Main                             text7        01E94
_TMR0                                    (abs)        00015
_TMR0IE                                  (abs)        0005D
_TMR0IF                                  (abs)        0005A
_TMR0_ISR                                text108      01474
_TMR0_Set                                text42       01F48
_TRISA                                   (abs)        0008C
_TRISB                                   (abs)        0008D
_TRISC                                   (abs)        0008E
_Timer0                                  nvBANK1      000E7
_TouchPower                              text17       01E57
_Transceive_OK                           bitbssCOMMON 003E1
_Tx_Length                               bssBANK1     000C2
_VarErrLED                               bssBANK1     000D4
_VarLED1                                 bssBANK1     000D8
_VarLED2                                 bssBANK1     000DC
_VarMemory                               bssBANK4     00220
_VarTimer0                               bssBANK2     0015A
_WDT                                     nvBANK1      000E8
_WDTCON                                  (abs)        00097
_WDT_Clearing                            text6        00002
_WDT_Main                                text5        01226
_WDT_Set                                 text41       0115A
_WPUB0                                   (abs)        01068
_WPUB1                                   (abs)        01069
_WPUB2                                   (abs)        0106A
_WR                                      (abs)        00CA9
_WREN                                    (abs)        00CAA
__CFG_BOREN$OFF                          (abs)        00000
__CFG_FOSC$INTOSC                        (abs)        00000
__CFG_VCAPEN$OFF                         (abs)        00000
__CFG_WRT$HALF                           (abs)        00000
__Habs1                                  abs1         00000
__Hbank0                                 bank0        00000
__Hbank1                                 bank1        00000
__Hbank10                                bank10       00000
__Hbank11                                bank11       00000
__Hbank12                                bank12       00000
__Hbank13                                bank13       00000
__Hbank14                                bank14       00000
__Hbank15                                bank15       00000
__Hbank16                                bank16       00000
__Hbank17                                bank17       00000
__Hbank18                                bank18       00000
__Hbank19                                bank19       00000
__Hbank2                                 bank2        00000
__Hbank20                                bank20       00000
__Hbank21                                bank21       00000
__Hbank22                                bank22       00000
__Hbank23                                bank23       00000
__Hbank24                                bank24       00000
__Hbank25                                bank25       00000
__Hbank26                                bank26       00000
__Hbank27                                bank27       00000
__Hbank28                                bank28       00000
__Hbank29                                bank29       00000
__Hbank3                                 bank3        00000
__Hbank30                                bank30       00000
__Hbank31                                bank31       00000
__Hbank4                                 bank4        00000
__Hbank5                                 bank5        00000
__Hbank6                                 bank6        00000
__Hbank7                                 bank7        00000
__Hbank8                                 bank8        00000
__Hbank9                                 bank9        00000
__Hbigram                                bigram       00000
__HbitbssCOMMON                          bitbssCOMMON 00000
__HbssBANK1                              bssBANK1     00000
__HbssBANK2                              bssBANK2     00000
__HbssBANK3                              bssBANK3     00000
__HbssBANK4                              bssBANK4     00000
__HbssCOMMON                             bssCOMMON    00000
__Hcinit                                 cinit        0004C
__Hclrtext                               clrtext      00000
__Hcode                                  code         00000
__Hcommon                                common       00000
__Hconfig                                config       08009
__HcstackBANK0                           cstackBANK0  00000
__HcstackCOMMON                          cstackCOMMON 00000
__HdataBANK3                             dataBANK3    00000
__Heeprom_data                           eeprom_data  00000
__Hend_init                              end_init     00018
__Hfunctab                               functab      00000
__HidataBANK3                            idataBANK3   00000
__Hidloc                                 idloc        00000
__Hinit                                  init         00016
__Hinittext                              inittext     00000
__Hintentry                              intentry     00016
__Hmaintext                              maintext     00000
__HnvBANK1                               nvBANK1      00000
__HnvCOMMON                              nvCOMMON     00000
__Hpowerup                               powerup      00000
__Hram                                   ram          00000
__Hreset_vec                             reset_vec    00002
__Hsfr0                                  sfr0         00000
__Hsfr1                                  sfr1         00000
__Hsfr10                                 sfr10        00000
__Hsfr11                                 sfr11        00000
__Hsfr12                                 sfr12        00000
__Hsfr13                                 sfr13        00000
__Hsfr14                                 sfr14        00000
__Hsfr15                                 sfr15        00000
__Hsfr16                                 sfr16        00000
__Hsfr17                                 sfr17        00000
__Hsfr18                                 sfr18        00000
__Hsfr19                                 sfr19        00000
__Hsfr2                                  sfr2         00000
__Hsfr20                                 sfr20        00000
__Hsfr21                                 sfr21        00000
__Hsfr22                                 sfr22        00000
__Hsfr23                                 sfr23        00000
__Hsfr24                                 sfr24        00000
__Hsfr25                                 sfr25        00000
__Hsfr26                                 sfr26        00000
__Hsfr27                                 sfr27        00000
__Hsfr28                                 sfr28        00000
__Hsfr29                                 sfr29        00000
__Hsfr3                                  sfr3         00000
__Hsfr30                                 sfr30        00000
__Hsfr31                                 sfr31        00000
__Hsfr4                                  sfr4         00000
__Hsfr5                                  sfr5         00000
__Hsfr6                                  sfr6         00000
__Hsfr7                                  sfr7         00000
__Hsfr8                                  sfr8         00000
__Hsfr9                                  sfr9         00000
__Hspace_0                               (abs)        08009
__Hspace_1                               (abs)        003E2
__Hspace_2                               (abs)        00000
__Hspace_3                               (abs)        00000
__Hstack                                 stack        00000
__Hstrings                               strings      00000
__Hstringtext                            stringtext   00000
__Htext                                  text         00000
__Labs1                                  abs1         00000
__Lbank0                                 bank0        00000
__Lbank1                                 bank1        00000
__Lbank10                                bank10       00000
__Lbank11                                bank11       00000
__Lbank12                                bank12       00000
__Lbank13                                bank13       00000
__Lbank14                                bank14       00000
__Lbank15                                bank15       00000
__Lbank16                                bank16       00000
__Lbank17                                bank17       00000
__Lbank18                                bank18       00000
__Lbank19                                bank19       00000
__Lbank2                                 bank2        00000
__Lbank20                                bank20       00000
__Lbank21                                bank21       00000
__Lbank22                                bank22       00000
__Lbank23                                bank23       00000
__Lbank24                                bank24       00000
__Lbank25                                bank25       00000
__Lbank26                                bank26       00000
__Lbank27                                bank27       00000
__Lbank28                                bank28       00000
__Lbank29                                bank29       00000
__Lbank3                                 bank3        00000
__Lbank30                                bank30       00000
__Lbank31                                bank31       00000
__Lbank4                                 bank4        00000
__Lbank5                                 bank5        00000
__Lbank6                                 bank6        00000
__Lbank7                                 bank7        00000
__Lbank8                                 bank8        00000
__Lbank9                                 bank9        00000
__Lbigram                                bigram       00000
__LbitbssCOMMON                          bitbssCOMMON 00000
__LbssBANK1                              bssBANK1     00000
__LbssBANK2                              bssBANK2     00000
__LbssBANK3                              bssBANK3     00000
__LbssBANK4                              bssBANK4     00000
__LbssCOMMON                             bssCOMMON    00000
__Lcinit                                 cinit        00018
__Lclrtext                               clrtext      00000
__Lcode                                  code         00000
__Lcommon                                common       00000
__Lconfig                                config       08007
__LcstackBANK0                           cstackBANK0  00000
__LcstackCOMMON                          cstackCOMMON 00000
__LdataBANK3                             dataBANK3    00000
__Leeprom_data                           eeprom_data  00000
__Lend_init                              end_init     00016
__Lfunctab                               functab      00000
__LidataBANK3                            idataBANK3   00000
__Lidloc                                 idloc        00000
__Linit                                  init         00016
__Linittext                              inittext     00000
__Lintentry                              intentry     00004
__Lmaintext                              maintext     00000
__LnvBANK1                               nvBANK1      00000
__LnvCOMMON                              nvCOMMON     00000
__Lpowerup                               powerup      00000
__Lram                                   ram          00000
__Lreset_vec                             reset_vec    00000
__Lsfr0                                  sfr0         00000
__Lsfr1                                  sfr1         00000
__Lsfr10                                 sfr10        00000
__Lsfr11                                 sfr11        00000
__Lsfr12                                 sfr12        00000
__Lsfr13                                 sfr13        00000
__Lsfr14                                 sfr14        00000
__Lsfr15                                 sfr15        00000
__Lsfr16                                 sfr16        00000
__Lsfr17                                 sfr17        00000
__Lsfr18                                 sfr18        00000
__Lsfr19                                 sfr19        00000
__Lsfr2                                  sfr2         00000
__Lsfr20                                 sfr20        00000
__Lsfr21                                 sfr21        00000
__Lsfr22                                 sfr22        00000
__Lsfr23                                 sfr23        00000
__Lsfr24                                 sfr24        00000
__Lsfr25                                 sfr25        00000
__Lsfr26                                 sfr26        00000
__Lsfr27                                 sfr27        00000
__Lsfr28                                 sfr28        00000
__Lsfr29                                 sfr29        00000
__Lsfr3                                  sfr3         00000
__Lsfr30                                 sfr30        00000
__Lsfr31                                 sfr31        00000
__Lsfr4                                  sfr4         00000
__Lsfr5                                  sfr5         00000
__Lsfr6                                  sfr6         00000
__Lsfr7                                  sfr7         00000
__Lsfr8                                  sfr8         00000
__Lsfr9                                  sfr9         00000
__Lspace_0                               (abs)        00000
__Lspace_1                               (abs)        00000
__Lspace_2                               (abs)        00000
__Lspace_3                               (abs)        00000
__Lstack                                 stack        00000
__Lstrings                               strings      00000
__Lstringtext                            stringtext   00000
__Ltext                                  text         00000
__S0                                     (abs)        08009
__S1                                     (abs)        00245
__S2                                     (abs)        00000
__WDT                                    bssBANK1     000E3
___awdiv                                 text89       016FD
___awdiv@counter                         cstackBANK0  00025
___awdiv@dividend                        cstackBANK0  00022
___awdiv@divisor                         cstackBANK0  00020
___awdiv@quotient                        cstackBANK0  00027
___awdiv@sign                            cstackBANK0  00026
___awtoft                                text81       012D9
___awtoft@c                              cstackBANK0  00028
___awtoft@sign                           cstackBANK0  0002D
___ftadd                                 text31       00328
___ftadd@exp1                            cstackBANK0  0004A
___ftadd@exp2                            cstackBANK0  00049
___ftadd@f1                              cstackBANK0  0003E
___ftadd@f2                              cstackBANK0  00041
___ftadd@sign                            cstackBANK0  00048
___ftdiv                                 text80       005C8
___ftdiv@cntr                            cstackBANK0  00038
___ftdiv@exp                             cstackBANK0  0003C
___ftdiv@f1                              cstackBANK0  00031
___ftdiv@f2                              cstackBANK0  0002E
___ftdiv@f3                              cstackBANK0  00039
___ftdiv@sign                            cstackBANK0  0003D
___ftmul                                 text30       00514
___ftmul@cntr                            cstackBANK0  0003C
___ftmul@exp                             cstackBANK0  00038
___ftmul@f1                              cstackBANK0  0002E
___ftmul@f2                              cstackBANK0  00031
___ftmul@f3_as_product                   cstackBANK0  00039
___ftmul@sign                            cstackBANK0  0003D
___ftpack                                text82       00948
___ftpack@arg                            cstackBANK0  00020
___ftpack@exp                            cstackBANK0  00023
___ftpack@sign                           cstackBANK0  00024
___fttol                                 text79       00DC7
___fttol@exp1                            cstackBANK0  00058
___fttol@f1                              cstackBANK0  0004B
___fttol@lval                            cstackBANK0  00054
___fttol@sign1                           cstackBANK0  00053
___int_sp                                stack        00000
___latbits                               (abs)        00003
___sp                                    stack        00000
__end_of_ADC_Set                         text47       01E7C
__end_of_Buz_Counter                     text110      01F9F
__end_of_Buzzer_Initialization           text106      01ECF
__end_of_Buzzer_Main                     text105      007B9
__end_of_CC2500_ClearRXFIFO              text102      01E43
__end_of_CC2500_ClearTXFIFO              text101      01E47
__end_of_CC2500_FrequencyCabr            text99       01EF1
__end_of_CC2500_InitPATable              text97       0129A
__end_of_CC2500_InitSetREG               text96       0138F
__end_of_CC2500_PowerOnInitial           text93       01116
__end_of_CC2500_PowerRST                 text95       01443
__end_of_CC2500_ReadByte                 text37       0127B
__end_of_CC2500_ReadStatus               text36       01226
__end_of_CC2500_RxData                   text35       00948
__end_of_CC2500_SIDLEMode                text94       01E4B
__end_of_CC2500_TxData                   text34       015E0
__end_of_CC2500_WriteByte                text104      0118B
__end_of_CC2500_WriteCommand             text103      01FAF
__end_of_CC2500_WriteREG                 text98       011A4
__end_of_CC2500_patable_vaule            stringtext   01066
__end_of_CC2500_registers_address        stringtext   0102F
__end_of_CC2500_rfSettings               stringtext   0105E
__end_of_DelayOffPointSelect             text92       01143
__end_of_DelayOff_Initialization         text90       01E84
__end_of_DelayOff_Main                   text71       01E8C
__end_of_DelayTime_1us                   text100      01365
__end_of_DelayTimejudge                  text25       013E6
__end_of_DimmerIntrPointSelect           text114      010B2
__end_of_DimmerLightsPointSelect         text87       010C5
__end_of_DimmerLights_Close              text65       010ED
__end_of_DimmerLights_Initialization     text68       0115A
__end_of_DimmerLights_Main               text59       01EE5
__end_of_Dimmer_Initialization           text70       01E75
__end_of_DlyOff_Initialization           text91       01EDA
__end_of_DlyOff_Main                     text72       00CC8
__end_of_Flash_Memory_Erasing            text54       01F09
__end_of_Flash_Memory_Initialization     text55       00514
__end_of_Flash_Memory_Main               text52       01625
__end_of_Flash_Memory_Modify             text53       00A81
__end_of_Flash_Memory_Read               text58       011BD
__end_of_Flash_Memory_Unlock             text57       01EA5
__end_of_Flash_Memory_Write              text56       01474
__end_of_Fosc_Set                        text46       01E4F
__end_of_INT_ISR                         text115      02000
__end_of_INT_Set                         text45       01E62
__end_of_IOC_ISR                         text111      0108F
__end_of_IOC_Set                         text44       01F48
__end_of_IO_Set                          text43       011D6
__end_of_ISR                             intentry     00016
__end_of_LED_Initialization              text50       01F15
__end_of_LED_Main                        text48       01F21
__end_of_LedPointSelect                  text64       0131D
__end_of_Mcu_Initialization              text40       0120B
__end_of_RF_Initialization               text38       01E53
__end_of_RF_Main                         text18       01E57
__end_of_RF_RxDisable                    text32       013BA
__end_of_RfPointSelect                   text74       01EFD
__end_of_RfSWPointSelect                 text84       0112C
__end_of_SwPointSelect                   text76       010D9
__end_of_Sw_DimmerAdjFunc                text12       0166A
__end_of_Sw_DimmerOffFunc                text11       00AF2
__end_of_Sw_DimmerOnFunc                 text10       00B64
__end_of_Switch_Initialization           text15       01F62
__end_of_Switch_Main                     text7        01E9C
__end_of_TMR0_ISR                        text108      014A9
__end_of_TMR0_Set                        text42       01F55
__end_of_TouchPower                      text17       01E5C
__end_of_WDT_Clearing                    text6        00004
__end_of_WDT_Main                        text5        01242
__end_of_WDT_Set                         text41       01172
__end_of___awdiv                         text89       01751
__end_of___awtoft                        text81       012FB
__end_of___ftadd                         text31       0041E
__end_of___ftdiv                         text80       00671
__end_of___ftmul                         text30       005C8
__end_of___ftpack                        text82       009A9
__end_of___fttol                         text79       00E4E
__end_of__initialization                 cinit        00048
__end_of_getDimmerLights_StatusFlag      text67       011F0
__end_of_getPercentValue                 text29       01800
__end_of_getRxData                       text20       016FD
__end_of_main                            maintext     017A5
__end_of_myMain_Initialization           text4        01101
[...]
      Totals:         5       0       0       0       0       0       0       0       0       0       0       0       0       0
Total ram usage:        5 bytes
 Hardware stack levels used:    1
 Hardware stack levels required when called:    1
 This function calls:
		_DimmerIntrPointSelect
 This function is called by:
		_TMR0_ISR
 This function uses a non-reentrant model


 *************** function _Buz_Counter *****************
 Defined at:
		line 23 in file "../src/Buzzer_B1.c"
 Parameters:    Size  Location     Type
		None
 Auto vars:     Size  Location     Type
		None
 Return value:  Size  Location     Type
		None               void
 Registers used:
		wreg, fsr1l, fsr1h, status,2, status,0
 Tracked objects:
		On entry : 
		On exit  : 
		Unchanged: 
 Data sizes:     COMMON   BANK0   BANK1   BANK2   BANK3   BANK4   BANK5   BANK6   BANK7   BANK8   BANK9  BANK10  BANK11  BANK12
      Params:         0       0       0       0       0       0       0       0       0       0       0       0       0       0
      Locals:         0       0       0       0       0       0       0       0       0       0       0       0       0       0
      Temps:          0       0       0       0       0       0       0       0       0       0       0       0       0       0
      Totals:         0       0       0       0       0       0       0       0       0       0       0       0       0       0
Total ram usage:        0 bytes
 Hardware stack levels used:    1
 This function calls:
		Nothing
 This function is called by:
		_TMR0_ISR
 This function uses a non-reentrant model


 *************** function _IOC_ISR *****************
 Defined at:
		line 296 in file "../src/MCU_B1.c"
 Parameters:    Size  Location     Type
		None
 Auto vars:     Size  Location     Type
		None
 Return value:  Size  Location     Type
		None               void
 Registers used:
		wreg, fsr1l, fsr1h, status,2, status,0, pclath, cstack
 Tracked objects:
		On entry : 
		On exit  : 
		Unchanged: 
 Data sizes:     COMMON   BANK0   BANK1   BANK2   BANK3   BANK4   BANK5   BANK6   BANK7   BANK8   BANK9  BANK10  BANK11  BANK12
      Params:         0       0       0       0       0       0       0       0       0       0       0       0       0       0
      Locals:         0       0       0       0       0       0       0       0       0       0       0       0       0       0
      Temps:          0       0       0       0       0       0       0       0       0       0       0       0       0       0
      Totals:         0       0       0       0       0       0       0       0       0       0       0       0       0       0
Total ram usage:        0 bytes
 Hardware stack levels used:    1
 Hardware stack levels required when called:    3
 This function calls:
		_setDimmerReClock
 This function is called by:
		_ISR
 This function uses a non-reentrant model


 *************** function _setDimmerReClock *****************
 Defined at:
		line 175 in file "../src/MCU_B1.c"
 Parameters:    Size  Location     Type
		None
 Auto vars:     Size  Location     Type
		None
 Return value:  Size  Location     Type
		None               void
 Registers used:
		wreg, fsr1l, fsr1h, status,2, status,0, pclath, cstack
 Tracked objects:
		On entry : 
		On exit  : 
		Unchanged: 
 Data sizes:     COMMON   BANK0   BANK1   BANK2   BANK3   BANK4   BANK5   BANK6   BANK7   BANK8   BANK9  BANK10  BANK11  BANK12
      Params:         0       0       0       0       0       0       0       0       0       0       0       0       0       0
      Locals:         0       0       0       0       0       0       0       0       0       0       0       0       0       0
      Temps:          0       0       0       0       0       0       0       0       0       0       0       0       0       0
      Totals:         0       0       0       0       0       0       0       0       0       0       0       0       0       0
Total ram usage:        0 bytes
 Hardware stack levels used:    1
 Hardware stack levels required when called:    2
 This function calls:
		_setDimmerLights_IntrGO
 This function is called by:
		_IOC_ISR
 This function uses a non-reentrant model


 *************** function _setDimmerLights_IntrGO *****************
 Defined at:
		line 251 in file "../src/Dimmer_B1.c"
 Parameters:    Size  Location     Type
  lights          1    wreg     unsigned char 
 Auto vars:     Size  Location     Type
  lights          1    2[COMMON] unsigned char 
 Return value:  Size  Location     Type
		None               void
 Registers used:
		wreg, fsr1l, fsr1h, status,2, status,0, pclath, cstack
 Tracked objects:
		On entry : 
		On exit  : 
		Unchanged: 
 Data sizes:     COMMON   BANK0   BANK1   BANK2   BANK3   BANK4   BANK5   BANK6   BANK7   BANK8   BANK9  BANK10  BANK11  BANK12
      Params:         0       0       0       0       0       0       0       0       0       0       0       0       0       0
      Locals:         1       0       0       0       0       0       0       0       0       0       0       0       0       0
      Temps:          0       0       0       0       0       0       0       0       0       0       0       0       0       0
      Totals:         1       0       0       0       0       0       0       0       0       0       0       0       0       0
Total ram usage:        1 bytes
 Hardware stack levels used:    1
 Hardware stack levels required when called:    1
 This function calls:
		_DimmerIntrPointSelect
 This function is called by:
		_setDimmerReClock
 This function uses a non-reentrant model


 *************** function _DimmerIntrPointSelect *****************
 Defined at:
		line 7 in file "../src/Dimmer_B1.c"
 Parameters:    Size  Location     Type
  lights          1    wreg     unsigned char 
 Auto vars:     Size  Location     Type
  lights          1    1[COMMON] unsigned char 
 Return value:  Size  Location     Type
		None               void
 Registers used:
		wreg
 Tracked objects:
		On entry : 
		On exit  : 
		Unchanged: 
 Data sizes:     COMMON   BANK0   BANK1   BANK2   BANK3   BANK4   BANK5   BANK6   BANK7   BANK8   BANK9  BANK10  BANK11  BANK12
      Params:         0       0       0       0       0       0       0       0       0       0       0       0       0       0
      Locals:         1       0       0       0       0       0       0       0       0       0       0       0       0       0
      Temps:          1       0       0       0       0       0       0       0       0       0       0       0       0       0
      Totals:         2       0       0       0       0       0       0       0       0       0       0       0       0       0
Total ram usage:        2 bytes
 Hardware stack levels used:    1
 This function calls:
		Nothing
 This function is called by:
		_setDimmerLights_IntrControl
		_setDimmerLights_IntrGO
 This function uses a non-reentrant model


 *************** function _INT_ISR *****************
 Defined at:
		line 248 in file "../src/MCU_B1.c"
 Parameters:    Size  Location     Type
		None
 Auto vars:     Size  Location     Type
		None
 Return value:  Size  Location     Type
		None               void
 Registers used:
		wreg, fsr1l, fsr1h, status,2, status,0, pclath, cstack
 Tracked objects:
		On entry : 
		On exit  : 
		Unchanged: 
 Data sizes:     COMMON   BANK0   BANK1   BANK2   BANK3   BANK4   BANK5   BANK6   BANK7   BANK8   BANK9  BANK10  BANK11  BANK12
      Params:         0       0       0       0       0       0       0       0       0       0       0       0       0       0
      Locals:         0       0       0       0       0       0       0       0       0       0       0       0       0       0
      Temps:          0       0       0       0       0       0       0       0       0       0       0       0       0       0
      Totals:         0       0       0       0       0       0       0       0       0       0       0       0       0       0
Total ram usage:        0 bytes
 Hardware stack levels used:    1
 Hardware stack levels required when called:    2
 This function calls:
		_setRF_ReceiveGO
		_setRF_RxStatus
 This function is called by:
		_ISR
 This function uses a non-reentrant model


 *************** function _setRF_RxStatus *****************
 Defined at:
		line 42 in file "../src/RF_Control_B1.c"
 Parameters:    Size  Location     Type
  rf              1    wreg     unsigned char 
  command         1    2[COMMON] unsigned char 
 Auto vars:     Size  Location     Type
  rf              1    3[COMMON] unsigned char 
 Return value:  Size  Location     Type
		None               void
 Registers used:
		wreg, fsr1l, fsr1h, status,2, status,0, pclath, cstack
 Tracked objects:
		On entry : 
		On exit  : 
		Unchanged: 
 Data sizes:     COMMON   BANK0   BANK1   BANK2   BANK3   BANK4   BANK5   BANK6   BANK7   BANK8   BANK9  BANK10  BANK11  BANK12
      Params:         1       0       0       0       0       0       0       0       0       0       0       0       0       0
      Locals:         1       0       0       0       0       0       0       0       0       0       0       0       0       0
      Temps:          0       0       0       0       0       0       0       0       0       0       0       0       0       0
      Totals:         2       0       0       0       0       0       0       0       0       0       0       0       0       0
Total ram usage:        2 bytes
 Hardware stack levels used:    1
 Hardware stack levels required when called:    1
 This function calls:
		i1_RfPointSelect
 This function is called by:
		_INT_ISR
 This function uses a non-reentrant model


 *************** function _setRF_ReceiveGO *****************
 Defined at:
		line 36 in file "../src/RF_Control_B1.c"
 Parameters:    Size  Location     Type
  rf              1    wreg     unsigned char 
  command         1    2[COMMON] unsigned char 
 Auto vars:     Size  Location     Type
  rf              1    3[COMMON] unsigned char 
 Return value:  Size  Location     Type
		None               void
 Registers used:
		wreg, fsr1l, fsr1h, status,2, status,0, pclath, cstack
 Tracked objects:
		On entry : 
		On exit  : 
		Unchanged: 
 Data sizes:     COMMON   BANK0   BANK1   BANK2   BANK3   BANK4   BANK5   BANK6   BANK7   BANK8   BANK9  BANK10  BANK11  BANK12
      Params:         1       0       0       0       0       0       0       0       0       0       0       0       0       0
      Locals:         1       0       0       0       0       0       0       0       0       0       0       0       0       0
      Temps:          0       0       0       0       0       0       0       0       0       0       0       0       0       0
      Totals:         2       0       0       0       0       0       0       0       0       0       0       0       0       0
Total ram usage:        2 bytes
 Hardware stack levels used:    1
 Hardware stack levels required when called:    1
 This function calls:
		i1_RfPointSelect
 This function is called by:
		_INT_ISR
 This function uses a non-reentrant model


 *************** function i1_RfPointSelect *****************
 Defined at:
		line 7 in file "../src/RF_Control_B1.c"
 Parameters:    Size  Location     Type
  rf              1    wreg     unsigned char 
 Auto vars:     Size  Location     Type
  rf              1    1[COMMON] unsigned char 
 Return value:  Size  Location     Type
		None               void
 Registers used:
		wreg
 Tracked objects:
		On entry : 
		On exit  : 
		Unchanged: 
 Data sizes:     COMMON   BANK0   BANK1   BANK2   BANK3   BANK4   BANK5   BANK6   BANK7   BANK8   BANK9  BANK10  BANK11  BANK12
      Params:         0       0       0       0       0       0       0       0       0       0       0       0       0       0
      Locals:         1       0       0       0       0       0       0       0       0       0       0       0       0       0
      Temps:          1       0       0       0       0       0       0       0       0       0       0       0       0       0
      Totals:         2       0       0       0       0       0       0       0       0       0       0       0       0       0
Total ram usage:        2 bytes
 Hardware stack levels used:    1
 This function calls:
		Nothing
 This function is called by:
		_setRF_ReceiveGO
		_setRF_RxStatus
 This function uses a non-reentrant model



MODULE INFORMATION

Module		Function		Class		Link	Load	Size
C:\Program Files (x86)\Microchip\xc8\v1.32\sources\common\float.c
		___ftpack      		CODE           	0948	0000	97

C:\Program Files (x86)\Microchip\xc8\v1.32\sources\common\float.c estimated size: 97

C:\Program Files (x86)\Microchip\xc8\v1.32\sources\common\awtoft.c
		___awtoft      		CODE           	12D9	0000	34

C:\Program Files (x86)\Microchip\xc8\v1.32\sources\common\awtoft.c estimated size: 34

../src/MCU_B1.c
		_Fosc_Set      		CODE           	1E4B	0000	4
		_IO_Set        		CODE           	11BD	0000	25
		_WDT_Set       		CODE           	115A	0000	24
		_WDT_Main      		CODE           	1226	0000	28
		_ADC_Set       		CODE           	1E75	0000	7
		_IOC_ISR       		CODE           	107E	0000	17
		_INT_Set       		CODE           	1E5C	0000	6
		_ISR           		CODE           	0004	0000	18
		_Flash_Memory_W		CODE           	1443	0000	49
		_Flash_Memory_M		CODE           	0A14	0000	109
		_setMemory_GO  		CODE           	129A	0000	31
		_setINT_GO     		CODE           	1EA5	0000	9
		_IOC_Set       		CODE           	1F3B	0000	13
		_WDT_Clearing  		CODE           	0002	0000	2
		_Mcu_Initializa		CODE           	11F0	0000	27
		_Flash_Memory_I		CODE           	041E	0000	246
		_TMR0_Set      		CODE           	1F48	0000	13
		_Flash_Memory_U		CODE           	1E9C	0000	9
		_INT_ISR       		CODE           	1FEF	0000	17
		_TMR0_ISR      		CODE           	1474	0000	53
		_Flash_Memory_R		CODE           	11A4	0000	25
		_Flash_Memory_E		CODE           	1EFD	0000	12
		_setDimmerReClo		CODE           	1EB9	0000	11
		_Flash_Memory_M		CODE           	15E0	0000	69

../src/MCU_B1.c estimated size: 824

C:\Program Files (x86)\Microchip\xc8\v1.32\sources\common\ftmul.c
		___ftmul       		CODE           	0514	0000	180

C:\Program Files (x86)\Microchip\xc8\v1.32\sources\common\ftmul.c estimated size: 180

../src/Buzzer_B1.c
		_Buzzer_Main   		CODE           	0717	0000	162
		_setBuz        		CODE           	0BD8	0000	119
		_Buzzer_Initial		CODE           	1EC4	0000	11
		_Buz_Counter   		CODE           	1F8F	0000	16

../src/Buzzer_B1.c estimated size: 308

../src/LED_B1.c
		_setLED        		CODE           	088C	0000	94
		_LED_Main      		CODE           	1F15	0000	12
		_setLED_Initial		CODE           	108F	0000	17
		_LedPointSelect		CODE           	12FB	0000	34
		_setLED_Main   		CODE           	151C	0000	64
		_LED_Initializa		CODE           	1F09	0000	12

../src/LED_B1.c estimated size: 233

../src/CC2500_B1.c
		_DelayTime_1us 		CODE           	133F	0000	38
		_CC2500_Frequen		CODE           	1EE5	0000	12
		_CC2500_SIDLEMo		CODE           	1E47	0000	4
		_CC2500_PowerOn		CODE           	1101	0000	21
		_CC2500_WriteBy		CODE           	1172	0000	25
		_CC2500_RxData 		CODE           	08EA	0000	94
		_CC2500_TxData 		CODE           	159C	0000	68
		_CC2500_ClearRX		CODE           	1E3F	0000	4
		_CC2500_ClearTX		CODE           	1E43	0000	4
		_CC2500_InitPAT		CODE           	127B	0000	31
		_CC2500_WriteRE		CODE           	118B	0000	25
		_CC2500_ReadSta		CODE           	120B	0000	27
		_CC2500_PowerRS		CODE           	1413	0000	48
		_CC2500_ReadByt		CODE           	125E	0000	29
		_CC2500_InitSet		CODE           	1365	0000	42
		_CC2500_WriteCo		CODE           	1F9F	0000	16

../src/CC2500_B1.c estimated size: 488

C:\Program Files (x86)\Microchip\xc8\v1.32\sources\common\fttol.c
		___fttol       		CODE           	0DC7	0000	135

C:\Program Files (x86)\Microchip\xc8\v1.32\sources\common\fttol.c estimated size: 135

../src/RF_Control_B1.c
		_RF_Initializat		CODE           	1E4F	0000	4
		_setRF_ReceiveG		CODE           	1F21	0000	13
		_getRxData     		CODE           	16B0	0000	77
		_setRF_Main    		CODE           	0EDE	0000	144
		_setRFSW_Status		CODE           	1F62	0000	15
		_setRF_DimmerVa		CODE           	14A9	0000	53
		_setRF_Initiali		CODE           	1066	0000	7
		_setTxData     		CODE           	0671	0000	166
		_setRFSW_Contro		CODE           	0E4E	0000	144
		_setRF_Learn   		CODE           	1F80	0000	15
		_RF_Main       		CODE           	1E53	0000	4
		_setRFSW_AdjCon		CODE           	155C	0000	64
		_setRF_Enable  		CODE           	0802	0000	45
		_setRF_DimmerLi		CODE           	09A9	0000	107
		_setControl_Lig		CODE           	0F6E	0000	146
		_setLog_Code   		CODE           	07B9	0000	71
		_RF_RxDisable  		CODE           	138F	0000	43
		_setRF_RxStatus		CODE           	1F2E	0000	13
		_RfSWPointSelec		CODE           	1116	0000	22
		_RfPointSelect 		CODE           	1EF1	0000	12

../src/RF_Control_B1.c estimated size: 1165

C:\Program Files (x86)\Microchip\xc8\v1.32\sources\common\awdiv.c
		___awdiv       		CODE           	16FD	0000	84

C:\Program Files (x86)\Microchip\xc8\v1.32\sources\common\awdiv.c estimated size: 84

../src/Main_B1.c
		_my_Main       		CODE           	0B64	0000	116
		_main          		CODE           	1751	0000	84
		_myMain_Initial		CODE           	10ED	0000	20

../src/Main_B1.c estimated size: 220

C:\Program Files (x86)\Microchip\xc8\v1.32\sources\common\ftadd.c
		___ftadd       		CODE           	0328	0000	246

C:\Program Files (x86)\Microchip\xc8\v1.32\sources\common\ftadd.c estimated size: 246

shared
		_CC2500_patable		STRCODE        	105E	0000	8
		_CC2500_rfSetti		STRCODE        	102F	0000	47
		__initializatio		CODE           	0018	0000	48
		i1_RfPointSelec		CODE           	1EAE	0000	11
		_CC2500_registe		STRCODE        	1000	0000	47

shared estimated size: 161

../src/Switch_B1.c
		_Sw_DimmerAdjFu		CODE           	1625	0000	69
		_Sw_DimmerOffFu		CODE           	0A81	0000	113
		_Switch_Main   		CODE           	1E94	0000	8
		_setSw_Enable  		CODE           	1242	0000	28
		_SwPointSelect 		CODE           	10C5	0000	20
		_Sw_DimmerOnFun		CODE           	0AF2	0000	114
		_TouchPower    		CODE           	1E57	0000	5
		_setSw_Main    		CODE           	01CE	0000	346
		_setSw_Initiali		CODE           	1E8C	0000	8
		_Switch_Initial		CODE           	1F55	0000	13
		_setSw_Status  		CODE           	1F71	0000	15

../src/Switch_B1.c estimated size: 739

../src/Dimmer_B1.c
		_DimmerLightsPo		CODE           	10B2	0000	19
		_DimmerIntrPoin		CODE           	10A0	0000	18
		_getDimmerLight		CODE           	11D6	0000	26
		_DimmerLights_M		CODE           	1EDA	0000	11
		_setDimmerLight		CODE           	106D	0000	17
		_setDimmerLight		CODE           	004C	0000	386
		_setDimmerLight		CODE           	14DE	0000	62
		_setDimmerLight		CODE           	0CC8	0000	127
		_setDimmerLight		CODE           	131D	0000	34
		_getPercentValu		CODE           	17A5	0000	91
		_DimmerLights_C		CODE           	10D9	0000	20
		_setDimmerLight		CODE           	1FCF	0000	16
		_setDimmerLight		CODE           	1FBF	0000	16
		_setDimmerLight		CODE           	1FDF	0000	16
		_setPercentValu		CODE           	166A	0000	70
		_setDimmerLight		CODE           	13E6	0000	45
		_setDimmerLight		CODE           	1FAF	0000	16
		_Dimmer_Initial		CODE           	1E6E	0000	7
		_DimmerLights_I		CODE           	1143	0000	23
		_setDimmerLight		CODE           	0D47	0000	128

../src/Dimmer_B1.c estimated size: 1148

../src/DelayOff_B1.c
		_DelayOff_Initi		CODE           	1E7C	0000	8
		_DlyOff_Main   		CODE           	0C4F	0000	121
		_DelayTimejudge		CODE           	13BA	0000	44
		_DelayOff_Main 		CODE           	1E84	0000	8
		_DelayOffPointS		CODE           	112C	0000	23
		_setDelayOff_GO		CODE           	082F	0000	93
		_DlyOff_Initial		CODE           	1ECF	0000	11

../src/DelayOff_B1.c estimated size: 308

C:\Program Files (x86)\Microchip\xc8\v1.32\sources\pic\ftdiv.c
		___ftdiv       		CODE           	05C8	0000	169

C:\Program Files (x86)\Microchip\xc8\v1.32\sources\pic\ftdiv.c estimated size: 169

