Microchip MPLAB XC8 Compiler V1.32 ()

Linker command line:

--edf=C:\Program Files (x86)\Microchip\xc8\v1.32\dat\en_msgs.txt -cs \
  -h+dist/default/production\2.Switch_2Key_Dimmer.X.production.sym \
  --cmf=dist/default/production\2.Switch_2Key_Dimmer.X.production.cmf -z \
  -Q16F1518 -oC:\Users\taianluo\AppData\Local\Temp\s1v4.6 \
  -Mdist/default/production/2.Switch_2Key_Dimmer.X.production.map -E1 \
  -ver=XC8 -ASTACK=021D7h-0231fh -pstack=STACK -ACONST=00h-0FFhx64 \
  -ACODE=00h-07FFhx8 -ASTRCODE=00h-03FFFh -AENTRY=00h-0FFhx64 \
  -ASTRING=00h-0FFhx64 -ACOMMON=070h-07Fh -ABANK0=020h-06Fh \
  -ABANK1=0A0h-0EFh -ABANK2=0120h-016Fh -ABANK3=01A0h-01EFh \
  -ABANK4=0220h-026Fh -ABANK5=02A0h-02EFh -ABANK6=0320h-036Fh \
  -ABANK7=03A0h-03EFh -ABANK8=0420h-046Fh -ABANK9=04A0h-04EFh \
  -ABANK10=0520h-056Fh -ABANK11=05A0h-05EFh -ABANK12=0620h-064Fh \
  -ABIGRAM=02000h-023EFh \
  -ARAM=020h-06Fh,0A0h-0EFh,0120h-016Fh,01A0h-01EFh,0220h-026Fh,02A0h-02EFh,0320h-036Fh,03A0h-03EFh,0420h-046Fh,04A0h-04EFh,0520h-056Fh,05A0h-05EFh,0620h-064Fh \
  -AABS1=020h-07Fh,0A0h-0EFh,0120h-016Fh,01A0h-01EFh,0220h-026Fh,02A0h-02EFh,0320h-036Fh,03A0h-03EFh,0420h-046Fh,04A0h-04EFh,0520h-056Fh,05A0h-05EFh,0620h-064Fh \
  -ASFR0=00h-01Fh -ASFR1=080h-09Fh -ASFR2=0100h-011Fh -ASFR3=0180h-019Fh \
  -ASFR4=0200h-021Fh -ASFR5=0280h-029Fh -ASFR6=0300h-031Fh \
  -ASFR7=0380h-039Fh -ASFR8=0400h-041Fh -ASFR9=0480h-049Fh \
  -ASFR10=0500h-051Fh -ASFR11=0580h-059Fh -ASFR12=0600h-061Fh \
  -ASFR13=0680h-06EFh -ASFR14=0700h-076Fh -ASFR15=0780h-07EFh \
  -ASFR16=0800h-086Fh -ASFR17=0880h-08EFh -ASFR18=0900h-096Fh \
  -ASFR19=0980h-09EFh -ASFR20=0A00h-0A6Fh -ASFR21=0A80h-0AEFh \
  -ASFR22=0B00h-0B6Fh -ASFR23=0B80h-0BEFh -ASFR24=0C00h-0C6Fh \
  -ASFR25=0C80h-0CEFh -ASFR26=0D00h-0D6Fh -ASFR27=0D80h-0DEFh \
  -ASFR28=0E00h-0E6Fh -ASFR29=0E80h-0EEFh -ASFR30=0F00h-0F6Fh \
  -ASFR31=0F80h-0FEFh -preset_vec=00h,intentry=04h,init,end_init \
  -ppowerup=CODE -pcinit=CODE -pfunctab=CODE -ACONFIG=08007h-08008h \
  -pconfig=CONFIG -DCONFIG=2 -AIDLOC=08000h-08003h -pidloc=IDLOC -DIDLOC=2 \
  -DCODE=2 -DSTRCODE=2 -DSTRING=2 -DCONST=2 -DENTRY=2 -k \
  C:\Users\taianluo\AppData\Local\Temp\s1v4.obj \
  dist/default/production\2.Switch_2Key_Dimmer.X.production.obj 

Object code version is 3.11

Machine type is 16F1518



                Name                               Link     Load   Length Selector   Space Scale
C:\Users\taianluo\AppData\Local\Temp\s1v4.obj
                end_init                             16       16        2        8       0
                reset_vec                             0        0        2        0       0
                config                             8007     8007        2    1000E       0
dist/default/production\2.Switch_2Key_Dimmer.X.production.obj
                cinit                                18       18       3C        8       0
                intentry                              4        4       12        8       0
                text145                            26B3     26B3        E     4D66       0
                text144                            2658     2658        D     4CB0       0
                text143                            2665     2665        D     4CCA       0
                text142                            275E     275E       11     4EBC       0
                text141                            27D8     27D8       14     4FB0       0
                text140                            1A4B     1A4B       1F     3496       0
                text139                            25D9     25D9        B     4BB2       0
                text138                            276F     276F       11     4EDE       0
                text137                            2780     2780       11     4F00       0
                text136                            27B3     27B3       12     4F66       0
                text135                            1C4C     1C4C       30     3898       0
                text134                             2F9      2F9      1CB        8       0
                text133                            1D42     1D42       35     3A84       0
                text131                            2610     2610        C     4C20       0
                text130                             C8D      C8D       B3     191A       0
                text129                            193D     193D       19     327A       0
                text128                            26EE     26EE       10     4DDC       0
                text127                            2564     2564        4     4AC8       0
                text126                            2568     2568        4     4AD0       0
                text125                            1B4F     1B4F       26     369E       0
                text124                            261C     261C        C     4C38       0
                text123                            1956     1956       19     32AC       0
                text122                            1A6A     1A6A       1F     34D4       0
                text121                            1B9E     1B9E       2A     373C       0
                text120                            1C7C     1C7C       30     38F8       0
                text119                            256C     256C        4     4AD8       0
                text118                            1889     1889       15     3112       0
                text117                            18DF     18DF       17     31BE       0
                text116                            25E4     25E4        B     4BC8       0
                text115                            25A8     25A8        8     4B50       0
                text114                            10FD     10FD       54     21FA       0
                text113                             879      879       89     10F2       0
                text112                            27C5     27C5       13     4F8A       0
                text111                            26FE     26FE       10     4DFC       0
                text110                            270E     270E       10     4E1C       0
                text109                            18B3     18B3       16     3166       0
                text108                            26C1     26C1        F     4D82       0
                text107                            131C     131C       61     2638       0
                text106                            1AE9     1AE9       22     35D2       0
                text105                             BE4      BE4       A9     17C8       0
                text104                            1779     1779       87     2EF2       0
                text103                            1F74     1F74       46     3EE8       0
                text102                            1449     1449       6C     2892       0
                text101                            27EC     27EC       14     4FD8       0
                text100                            26D0     26D0        F     4DA0       0
                text99                             26DF     26DF        F     4DBE       0
                text98                              B43      B43       A1     1686       0
                text97                             1606     1606       79     2C0C       0
                text96                             25B0     25B0        8     4B60       0
                text95                             2593     2593        7     4B26       0
                text94                             1C1F     1C1F       2D     383E       0
                text93                             18F6     18F6       17     31EC       0
                text92                             2791     2791       11     4F22       0
                text91                             25EF     25EF        B     4BDE       0
                text90                             1A89     1A89       1F     3512       0
                text89                             190D     190D       18     321A       0
                text88                             1B0B     1B0B       22     3616       0
                text87                             1260     1260       5E     24C0       0
                text86                             189E     189E       15     313C       0
                text85                             1CDD     1CDD       32     39BA       0
                text84                              902      902       89     1204       0
                text83                             1CAC     1CAC       31     3958       0
                text82                             1EEA     1EEA       45     3DD4       0
                text81                             16FB     16FB       7E     2DF6       0
                text80                             25FA     25FA        B     4BF4       0
                text79                             1988     1988       1A     3310       0
                text78                             25D0     25D0        9     4BA0       0
                text77                             1D0F     1D0F       33     3A1E       0
                text76                              F08      F08       F8     1E10       0
                text75                             2628     2628        C     4C50       0
                text74                             14B5     14B5       6E     296A       0
                text73                             1F2F     1F2F       45     3E5E       0
                text72                             27A2     27A2       11     4F44       0
                text71                             2634     2634        C     4C68       0
                text70                             1DE3     1DE3       40     3BC6       0
                text69                             2640     2640        C     4C80       0
                text68                             1B2D     1B2D       22     365A       0
                text67                             2672     2672        D     4CE4       0
                text66                             1DAC     1DAC       37     3B58       0
                text65                             1A2D     1A2D       1E     345A       0
                text64                             25B8     25B8        8     4B70       0
                text63                             271E     271E       10     4E3C       0
                text62                             1151     1151       57     22A2       0
                text61                             1BC8     1BC8       2B     3790       0
                text60                             137D     137D       64     26FA       0
                text59                             1B75     1B75       29     36EA       0
                text58                             19D8     19D8       1C     33B0       0
                text57                             1E63     1E63       43     3CC6       0
                text56                               54       54      2A5        8       0
                text55                             259A     259A        7     4B34       0
                text54                             2570     2570        4     4AE0       0
                text53                             2581     2581        6     4B02       0
                text52                             267F     267F        D     4CFE       0
                text51                             196F     196F       19     32DE       0
                text50                             268C     268C        D     4D18       0
                text49                             1925     1925       18     324A       0
                text48                             19A2     19A2       1B     3344       0
                text47                             25A1     25A1        7     4B42       0
                text46                             2574     2574        4     4AE8       0
                text45                             1A10     1A10       1D     3420       0
                text44                             19BD     19BD       1B     337A       0
                text43                             12BE     12BE       5E     257C       0
                text42                             1EA6     1EA6       44     3D4C       0
                text41                             1AC8     1AC8       21     3590       0
                text40                              E12      E12       F6     1C24       0
                text39                              74B      74B       B4        8       0
                text38                             11A8     11A8       5B     2350       0
                text37                             1000     1000       22     1E10       0
                text36                             1D77     1D77       35     3AEE       0
                text35                             1E23     1E23       40     3C46       0
                text34                             1BF3     1BF3       2C     37E6       0
                text33                             1203     1203       5D     2406       0
                text32                              98B      98B       90     1316       0
                text31                              A1B      A1B       92     1436       0
                text30                             1022     1022       47     2044       0
                text29                             10B0     10B0       4D     2160       0
                text28                              D40      D40       D2     1A80       0
                text27                             2578     2578        4     4AF0       0
                text26                             257C     257C        5     4AF8       0
                text25                             25C0     25C0        8     4B80       0
                text24                             2699     2699        D     4D32       0
                text23                             272E     272E       10     4E5C       0
                text22                             273E     273E       10     4E7C       0
                text21                             1069     1069       47     20D2       0
                text20                             1523     1523       71     2A46       0
                text19                             1594     1594       72     2B28       0
                text18                             1866     1866        F     30CC       0
                text17                              4C4      4C4      15A        8       0
                text16                             25C8     25C8        8     4B90       0
                text15                             264C     264C        C     4C98       0
                text14                             255E     255E        3     4ABC       0
                text13                             2605     2605        B     4C0A       0
                text12                             1FBA     1FBA       46     3F74       0
                text11                              61E      61E      12D        8       0
                text10                             2561     2561        3     4AC2       0
                text9                                 2        2        2        0       0
                text8                              19F4     19F4       1C     33E8       0
                text7                              18C9     18C9       16     3192       0
                text6                               AAD      AAD       96     155A       0
                text5                               800      800       79     1000       0
                text4                              1875     1875       14     30EA       0
                text3                              274E     274E       10     4E9C       0
                text2                              26A6     26A6        D     4D4C       0
                text1                              167F     167F       7C     2CFE       0
                maintext                           13E1     13E1       68     27C2       0
                cstackBANK0                          20       20       50       20       1
                cstackCOMMON                         70       70        8       70       1
                inittext                           2587     2587        6     4B0E       0
                clrtext                            258D     258D        6     4B1A       0
                bssBANK5                            2A0      2A0       47      2A0       1
                bssBANK4                            220      220       25      220       1
                dataBANK3                           1A0      1A0       20      1A0       1
                bssBANK3                            1C0      1C0       1E      1A0       1
                bssBANK2                            120      120       44      120       1
                bssBANK1                             A0       A0       4B       A0       1
                bssCOMMON                            78       78        4       70       1
                bitbssCOMMON                        3E0       7C        2       70       1     8
                nvBANK1                              EB       EB        4       A0       1
                nvCOMMON                             7D       7D        1       70       1
                stringtext                         1800     1800       66       30       0
                idataBANK3                         1AA8     1AA8       20     3550       0

TOTAL           Name                               Link     Load   Length     Space
        CLASS   STACK          

        CLASS   CONST          

        CLASS   CODE           
                end_init                             16       16        2         0
                cinit                                18       18       3C         0
                intentry                              4        4       12         0
                reset_vec                             0        0        2         0
                text145                            26B3     26B3        E         0
                text144                            2658     2658        D         0
                text143                            2665     2665        D         0
                text142                            275E     275E       11         0
                text141                            27D8     27D8       14         0
                text140                            1A4B     1A4B       1F         0
                text139                            25D9     25D9        B         0
                text138                            276F     276F       11         0
                text137                            2780     2780       11         0
                text136                            27B3     27B3       12         0
                text135                            1C4C     1C4C       30         0
                text134                             2F9      2F9      1CB         0
                text133                            1D42     1D42       35         0
                text131                            2610     2610        C         0
                text130                             C8D      C8D       B3         0
                text129                            193D     193D       19         0
                text128                            26EE     26EE       10         0
                text127                            2564     2564        4         0
                text126                            2568     2568        4         0
                text125                            1B4F     1B4F       26         0
                text124                            261C     261C        C         0
                text123                            1956     1956       19         0
                text122                            1A6A     1A6A       1F         0
                text121                            1B9E     1B9E       2A         0
                text120                            1C7C     1C7C       30         0
                text119                            256C     256C        4         0
                text118                            1889     1889       15         0
                text117                            18DF     18DF       17         0
                text116                            25E4     25E4        B         0
                text115                            25A8     25A8        8         0
                text114                            10FD     10FD       54         0
                text113                             879      879       89         0
                text112                            27C5     27C5       13         0
                text111                            26FE     26FE       10         0
                text110                            270E     270E       10         0
                text109                            18B3     18B3       16         0
                text108                            26C1     26C1        F         0
                text107                            131C     131C       61         0
                text106                            1AE9     1AE9       22         0
                text105                             BE4      BE4       A9         0
                text104                            1779     1779       87         0
                text103                            1F74     1F74       46         0
                text102                            1449     1449       6C         0
                text101                            27EC     27EC       14         0
                text100                            26D0     26D0        F         0
                text99                             26DF     26DF        F         0
                text98                              B43      B43       A1         0
                text97                             1606     1606       79         0
                text96                             25B0     25B0        8         0
                text95                             2593     2593        7         0
                text94                             1C1F     1C1F       2D         0
                text93                             18F6     18F6       17         0
                text92                             2791     2791       11         0
                text91                             25EF     25EF        B         0
                text90                             1A89     1A89       1F         0
                text89                             190D     190D       18         0
                text88                             1B0B     1B0B       22         0
                text87                             1260     1260       5E         0
                text86                             189E     189E       15         0
                text85                             1CDD     1CDD       32         0
                text84                              902      902       89         0
                text83                             1CAC     1CAC       31         0
                text82                             1EEA     1EEA       45         0
                text81                             16FB     16FB       7E         0
                text80                             25FA     25FA        B         0
                text79                             1988     1988       1A         0
                text78                             25D0     25D0        9         0
                text77                             1D0F     1D0F       33         0
                text76                              F08      F08       F8         0
                text75                             2628     2628        C         0
                text74                             14B5     14B5       6E         0
                text73                             1F2F     1F2F       45         0
                text72                             27A2     27A2       11         0
                text71                             2634     2634        C         0
                text70                             1DE3     1DE3       40         0
                text69                             2640     2640        C         0
                text68                             1B2D     1B2D       22         0
                text67                             2672     2672        D         0
                text66                             1DAC     1DAC       37         0
                text65                             1A2D     1A2D       1E         0
                text64                             25B8     25B8        8         0
                text63                             271E     271E       10         0
                text62                             1151     1151       57         0
                text61                             1BC8     1BC8       2B         0
                text60                             137D     137D       64         0
                text59                             1B75     1B75       29         0
                text58                             19D8     19D8       1C         0
                text57                             1E63     1E63       43         0
                text56                               54       54      2A5         0
                text55                             259A     259A        7         0
                text54                             2570     2570        4         0
                text53                             2581     2581        6         0
                text52                             267F     267F        D         0
                text51                             196F     196F       19         0
                text50                             268C     268C        D         0
                text49                             1925     1925       18         0
                text48                             19A2     19A2       1B         0
                text47                             25A1     25A1        7         0
                text46                             2574     2574        4         0
                text45                             1A10     1A10       1D         0
                text44                             19BD     19BD       1B         0
                text43                             12BE     12BE       5E         0
                text42                             1EA6     1EA6       44         0
                text41                             1AC8     1AC8       21         0
                text40                              E12      E12       F6         0
                text39                              74B      74B       B4         0
                text38                             11A8     11A8       5B         0
                text37                             1000     1000       22         0
                text36                             1D77     1D77       35         0
                text35                             1E23     1E23       40         0
                text34                             1BF3     1BF3       2C         0
                text33                             1203     1203       5D         0
                text32                              98B      98B       90         0
                text31                              A1B      A1B       92         0
                text30                             1022     1022       47         0
                text29                             10B0     10B0       4D         0
                text28                              D40      D40       D2         0
                text27                             2578     2578        4         0
                text26                             257C     257C        5         0
                text25                             25C0     25C0        8         0
                text24                             2699     2699        D         0
                text23                             272E     272E       10         0
                text22                             273E     273E       10         0
                text21                             1069     1069       47         0
                text20                             1523     1523       71         0
                text19                             1594     1594       72         0
                text18                             1866     1866        F         0
                text17                              4C4      4C4      15A         0
                text16                             25C8     25C8        8         0
                text15                             264C     264C        C         0
                text14                             255E     255E        3         0
                text13                             2605     2605        B         0
                text12                             1FBA     1FBA       46         0
                text11                              61E      61E      12D         0
                text10                             2561     2561        3         0
                text9                                 2        2        2         0
                text8                              19F4     19F4       1C         0
                text7                              18C9     18C9       16         0
                text6                               AAD      AAD       96         0
                text5                               800      800       79         0
                text4                              1875     1875       14         0
                text3                              274E     274E       10         0
                text2                              26A6     26A6        D         0
                text1                              167F     167F       7C         0
                maintext                           13E1     13E1       68         0
                inittext                           2587     2587        6         0
                clrtext                            258D     258D        6         0
                idataBANK3                         1AA8     1AA8       20         0

        CLASS   STRCODE        
                stringtext                         1800     1800       66         0

        CLASS   ENTRY          

        CLASS   STRING         

        CLASS   COMMON         
                cstackCOMMON                         70       70        8         1
                bssCOMMON                            78       78        4         1
                bitbssCOMMON                        3E0       7C        2         1
                nvCOMMON                             7D       7D        1         1

        CLASS   BANK0          
                cstackBANK0                          20       20       50         1

        CLASS   BANK1          
                bssBANK1                             A0       A0       4B         1
                nvBANK1                              EB       EB        4         1

        CLASS   BANK2          
                bssBANK2                            120      120       44         1

        CLASS   BANK3          
                dataBANK3                           1A0      1A0       20         1
                bssBANK3                            1C0      1C0       1E         1

        CLASS   BANK4          
                bssBANK4                            220      220       25         1

        CLASS   BANK5          
                bssBANK5                            2A0      2A0       47         1

        CLASS   BANK6          

        CLASS   BANK7          

        CLASS   BANK8          

        CLASS   BANK9          

        CLASS   BANK10         

        CLASS   BANK11         

        CLASS   BANK12         

        CLASS   BIGRAM         

        CLASS   RAM            

        CLASS   ABS1           
                abs_s1                               7E       7E        2         1

        CLASS   SFR0           

        CLASS   SFR1           

        CLASS   SFR2           

        CLASS   SFR3           

        CLASS   SFR4           

        CLASS   SFR5           

        CLASS   SFR6           

        CLASS   SFR7           

        CLASS   SFR8           

        CLASS   SFR9           

        CLASS   SFR10          

        CLASS   SFR11          

        CLASS   SFR12          

        CLASS   SFR13          

        CLASS   SFR14          

        CLASS   SFR15          

        CLASS   SFR16          

        CLASS   SFR17          

        CLASS   SFR18          

        CLASS   SFR19          

        CLASS   SFR20          

        CLASS   SFR21          

        CLASS   SFR22          

        CLASS   SFR23          

        CLASS   SFR24          

        CLASS   SFR25          

        CLASS   SFR26          

        CLASS   SFR27          

        CLASS   SFR28          

        CLASS   SFR29          

        CLASS   SFR30          

        CLASS   SFR31          

        CLASS   CONFIG         
                config                             8007     8007        2         0

        CLASS   IDLOC          

        CLASS   BANK31         

        CLASS   BANK30         

        CLASS   BANK29         

        CLASS   BANK28         

        CLASS   BANK27         

        CLASS   BANK26         

        CLASS   BANK25         

        CLASS   BANK24         

        CLASS   BANK23         

        CLASS   BANK22         

        CLASS   BANK21         

        CLASS   BANK20         

        CLASS   BANK19         

        CLASS   BANK18         

        CLASS   BANK17         

        CLASS   BANK16         

        CLASS   BANK15         

        CLASS   BANK14         

        CLASS   BANK13         

        CLASS   EEDATA         



SEGMENTS        Name                           Load    Length   Top    Selector   Space  Class     Delta

                reset_vec                      000000  000004  000004         0       0  CODE        2
                intentry                       000004  0007FB  0007FF         8       0  CODE        2
                cstackBANK0                    000020  000050  000070        20       1  BANK0       1
                cstackCOMMON                   000070  00000E  00007E        70       1  COMMON      1
                bssBANK1                       0000A0  00004F  0000EF        A0       1  BANK1       1
                bssBANK2                       000120  000044  000164       120       1  BANK2       1
                dataBANK3                      0001A0  00003E  0001DE       1A0       1  BANK3       1
                bssBANK4                       000220  000025  000245       220       1  BANK4       1
                bssBANK5                       0002A0  000047  0002E7       2A0       1  BANK5       1
                text5                          000800  000079  000879      1000       0  CODE        2
                text113                        000879  000089  000902      10F2       0  CODE        2
                text84                         000902  000089  00098B      1204       0  CODE        2
                text32                         00098B  000090  000A1B      1316       0  CODE        2
                text31                         000A1B  000092  000AAD      1436       0  CODE        2
                text6                          000AAD  000096  000B43      155A       0  CODE        2
                text98                         000B43  0000A1  000BE4      1686       0  CODE        2
                text105                        000BE4  0000A9  000C8D      17C8       0  CODE        2
                text130                        000C8D  0000B3  000D40      191A       0  CODE        2
                text28                         000D40  0000D2  000E12      1A80       0  CODE        2
                text40                         000E12  0000F6  000F08      1C24       0  CODE        2
                text76                         000F08  00011A  001022      1E10       0  CODE        2
                text30                         001022  000047  001069      2044       0  CODE        2
                text21                         001069  000047  0010B0      20D2       0  CODE        2
                text29                         0010B0  00004D  0010FD      2160       0  CODE        2
                text114                        0010FD  000054  001151      21FA       0  CODE        2
                text62                         001151  000057  0011A8      22A2       0  CODE        2
                text38                         0011A8  00005B  001203      2350       0  CODE        2
                text33                         001203  00005D  001260      2406       0  CODE        2
                text87                         001260  00005E  0012BE      24C0       0  CODE        2
                text43                         0012BE  00005E  00131C      257C       0  CODE        2
                text107                        00131C  000061  00137D      2638       0  CODE        2
                text60                         00137D  000064  0013E1      26FA       0  CODE        2
                maintext                       0013E1  000068  001449      27C2       0  CODE        2
                text102                        001449  00006C  0014B5      2892       0  CODE        2
                text74                         0014B5  00006E  001523      296A       0  CODE        2
                text20                         001523  000071  001594      2A46       0  CODE        2
                text19                         001594  000072  001606      2B28       0  CODE        2
                text97                         001606  000079  00167F      2C0C       0  CODE        2
                text1                          00167F  00007C  0016FB      2CFE       0  CODE        2
                text81                         0016FB  00007E  001779      2DF6       0  CODE        2
                text104                        001779  000087  001800      2EF2       0  CODE        2
                stringtext                     001800  000066  001866        30       0  STRCODE     2
                text18                         001866  00000F  001875      30CC       0  CODE        2
                text4                          001875  000014  001889      30EA       0  CODE        2
                text118                        001889  000015  00189E      3112       0  CODE        2
                text86                         00189E  000015  0018B3      313C       0  CODE        2
                text109                        0018B3  000016  0018C9      3166       0  CODE        2
                text7                          0018C9  000016  0018DF      3192       0  CODE        2
                text117                        0018DF  000017  0018F6      31BE       0  CODE        2
                text93                         0018F6  000017  00190D      31EC       0  CODE        2
                text89                         00190D  000018  001925      321A       0  CODE        2
                text49                         001925  000018  00193D      324A       0  CODE        2
                text129                        00193D  000019  001956      327A       0  CODE        2
                text123                        001956  000019  00196F      32AC       0  CODE        2
                text51                         00196F  000019  001988      32DE       0  CODE        2
                text79                         001988  00001A  0019A2      3310       0  CODE        2
                text48                         0019A2  00001B  0019BD      3344       0  CODE        2
                text44                         0019BD  00001B  0019D8      337A       0  CODE        2
                text58                         0019D8  00001C  0019F4      33B0       0  CODE        2
                text8                          0019F4  00001C  001A10      33E8       0  CODE        2
                text45                         001A10  00001D  001A2D      3420       0  CODE        2
                text65                         001A2D  00001E  001A4B      345A       0  CODE        2
                text140                        001A4B  00001F  001A6A      3496       0  CODE        2
                text122                        001A6A  00001F  001A89      34D4       0  CODE        2
                text90                         001A89  00001F  001AA8      3512       0  CODE        2
                idataBANK3                     001AA8  000020  001AC8      3550       0  CODE        2
                text41                         001AC8  000021  001AE9      3590       0  CODE        2
                text106                        001AE9  000022  001B0B      35D2       0  CODE        2
                text88                         001B0B  000022  001B2D      3616       0  CODE        2
                text68                         001B2D  000022  001B4F      365A       0  CODE        2
                text125                        001B4F  000026  001B75      369E       0  CODE        2
                text59                         001B75  000029  001B9E      36EA       0  CODE        2
                text121                        001B9E  00002A  001BC8      373C       0  CODE        2
                text61                         001BC8  00002B  001BF3      3790       0  CODE        2
                text34                         001BF3  00002C  001C1F      37E6       0  CODE        2
                text94                         001C1F  00002D  001C4C      383E       0  CODE        2
                text135                        001C4C  000030  001C7C      3898       0  CODE        2
                text120                        001C7C  000030  001CAC      38F8       0  CODE        2
                text83                         001CAC  000031  001CDD      3958       0  CODE        2
                text85                         001CDD  000032  001D0F      39BA       0  CODE        2
                text77                         001D0F  000033  001D42      3A1E       0  CODE        2
                text133                        001D42  000035  001D77      3A84       0  CODE        2
                text36                         001D77  000035  001DAC      3AEE       0  CODE        2
                text66                         001DAC  000037  001DE3      3B58       0  CODE        2
                text70                         001DE3  000040  001E23      3BC6       0  CODE        2
                text35                         001E23  000040  001E63      3C46       0  CODE        2
                text57                         001E63  000043  001EA6      3CC6       0  CODE        2
                text42                         001EA6  000044  001EEA      3D4C       0  CODE        2
                text82                         001EEA  000045  001F2F      3DD4       0  CODE        2
                text73                         001F2F  000045  001F74      3E5E       0  CODE        2
                text103                        001F74  000046  001FBA      3EE8       0  CODE        2
                text12                         001FBA  000046  002000      3F74       0  CODE        2
                text14                         00255E  000003  002561      4ABC       0  CODE        2
                text10                         002561  000003  002564      4AC2       0  CODE        2
                text127                        002564  000004  002568      4AC8       0  CODE        2
                text126                        002568  000004  00256C      4AD0       0  CODE        2
                text119                        00256C  000004  002570      4AD8       0  CODE        2
                text54                         002570  000004  002574      4AE0       0  CODE        2
                text46                         002574  000004  002578      4AE8       0  CODE        2
                text27                         002578  000004  00257C      4AF0       0  CODE        2
                text26                         00257C  000005  002581      4AF8       0  CODE        2
                text53                         002581  000006  002587      4B02       0  CODE        2
                inittext                       002587  000006  00258D      4B0E       0  CODE        2
                clrtext                        00258D  000006  002593      4B1A       0  CODE        2
                text95                         002593  000007  00259A      4B26       0  CODE        2
                text55                         00259A  000007  0025A1      4B34       0  CODE        2
                text47                         0025A1  000007  0025A8      4B42       0  CODE        2
                text115                        0025A8  000008  0025B0      4B50       0  CODE        2
                text96                         0025B0  000008  0025B8      4B60       0  CODE        2
                text64                         0025B8  000008  0025C0      4B70       0  CODE        2
                text25                         0025C0  000008  0025C8      4B80       0  CODE        2
                text16                         0025C8  000008  0025D0      4B90       0  CODE        2
                text78                         0025D0  000009  0025D9      4BA0       0  CODE        2
                text139                        0025D9  00000B  0025E4      4BB2       0  CODE        2
                text116                        0025E4  00000B  0025EF      4BC8       0  CODE        2
                text91                         0025EF  00000B  0025FA      4BDE       0  CODE        2
                text80                         0025FA  00000B  002605      4BF4       0  CODE        2
                text13                         002605  00000B  002610      4C0A       0  CODE        2
                text131                        002610  00000C  00261C      4C20       0  CODE        2
                text124                        00261C  00000C  002628      4C38       0  CODE        2
                text75                         002628  00000C  002634      4C50       0  CODE        2
                text71                         002634  00000C  002640      4C68       0  CODE        2
                text69                         002640  00000C  00264C      4C80       0  CODE        2
                text15                         00264C  00000C  002658      4C98       0  CODE        2
                text144                        002658  00000D  002665      4CB0       0  CODE        2
                text143                        002665  00000D  002672      4CCA       0  CODE        2
                text67                         002672  00000D  00267F      4CE4       0  CODE        2
                text52                         00267F  00000D  00268C      4CFE       0  CODE        2
                text50                         00268C  00000D  002699      4D18       0  CODE        2
                text24                         002699  00000D  0026A6      4D32       0  CODE        2
                text2                          0026A6  00000D  0026B3      4D4C       0  CODE        2
                text145                        0026B3  00000E  0026C1      4D66       0  CODE        2
                text108                        0026C1  00000F  0026D0      4D82       0  CODE        2
                text100                        0026D0  00000F  0026DF      4DA0       0  CODE        2
                text99                         0026DF  00000F  0026EE      4DBE       0  CODE        2
                text128                        0026EE  000010  0026FE      4DDC       0  CODE        2
                text111                        0026FE  000010  00270E      4DFC       0  CODE        2
                text110                        00270E  000010  00271E      4E1C       0  CODE        2
                text63                         00271E  000010  00272E      4E3C       0  CODE        2
                text23                         00272E  000010  00273E      4E5C       0  CODE        2
                text22                         00273E  000010  00274E      4E7C       0  CODE        2
                text3                          00274E  000010  00275E      4E9C       0  CODE        2
                text142                        00275E  000011  00276F      4EBC       0  CODE        2
                text138                        00276F  000011  002780      4EDE       0  CODE        2
                text137                        002780  000011  002791      4F00       0  CODE        2
                text92                         002791  000011  0027A2      4F22       0  CODE        2
                text72                         0027A2  000011  0027B3      4F44       0  CODE        2
                text136                        0027B3  000012  0027C5      4F66       0  CODE        2
                text112                        0027C5  000013  0027D8      4F8A       0  CODE        2
                text141                        0027D8  000014  0027EC      4FB0       0  CODE        2
                text101                        0027EC  000014  002800      4FD8       0  CODE        2
                config                         008007  000002  008009     1000E       0  CONFIG      2


UNUSED ADDRESS RANGES

        Name                Unused          Largest block    Delta
        BANK1            000EF-000EF               1           1
        BANK10           00520-0056F              50           1
        BANK11           005A0-005EF              50           1
        BANK12           00620-0064F              30           1
        BANK2            00164-0016F               C           1
        BANK3            001DE-001EF              12           1
        BANK4            00245-0026F              2B           1
        BANK5            002E7-002EF               9           1
        BANK6            00320-0036F              50           1
        BANK7            003A0-003EF              50           1
        BANK8            00420-0046F              50           1
        BANK9            004A0-004EF              50           1
        BIGRAM           02000-023EF             3F0           1
        CODE             007FF-007FF               1           2
                         02000-0255D             55E
                         02800-03FFF             800
        CONST            007FF-007FF               1           2
                         02000-0255D             100
                         02800-03FFF             100
        ENTRY            007FF-007FF               1           2
                         02000-0255D             100
                         02800-03FFF             100
        IDLOC            08000-08003               4           2
        RAM              000EF-000EF               1           1
                         00164-0016F               C
                         001DE-001EF              12
                         00245-0026F              2B
                         002E7-002EF               9
                         00320-0036F              50
                         003A0-003EF              50
                         00420-0046F              50
                         004A0-004EF              50
                         00520-0056F              50
                         005A0-005EF              50
                         00620-0064F              30
        SFR0             00000-0001F              20           1
        SFR1             00080-0009F              20           1
        SFR10            00500-0051F              20           1
        SFR11            00580-0059F              20           1
        SFR12            00600-0061F              20           1
        SFR13            00680-006EF              70           1
        SFR14            00700-0076F              70           1
        SFR15            00780-007EF              70           1
        SFR16            00800-0086F              70           1
        SFR17            00880-008EF              70           1
        SFR18            00900-0096F              70           1
        SFR19            00980-009EF              70           1
        SFR2             00100-0011F              20           1
        SFR20            00A00-00A6F              70           1
        SFR21            00A80-00AEF              70           1
        SFR22            00B00-00B6F              70           1
        SFR23            00B80-00BEF              70           1
        SFR24            00C00-00C6F              70           1
        SFR25            00C80-00CEF              70           1
        SFR26            00D00-00D6F              70           1
        SFR27            00D80-00DEF              70           1
        SFR28            00E00-00E6F              70           1
        SFR29            00E80-00EEF              70           1
        SFR3             00180-0019F              20           1
        SFR30            00F00-00F6F              70           1
        SFR31            00F80-00FEF              70           1
        SFR4             00200-0021F              20           1
        SFR5             00280-0029F              20           1
        SFR6             00300-0031F              20           1
        SFR7             00380-0039F              20           1
        SFR8             00400-0041F              20           1
        SFR9             00480-0049F              20           1
        STACK            021D7-0231F             149           1
        STRCODE          007FF-007FF               1           2
                         02000-0255D             55E
                         02800-03FFF            1800
        STRING           007FF-007FF               1           2
                         02000-0255D             100
                         02800-03FFF             100

                                  Symbol Table

?___awdiv                                cstackBANK0  00020
?___awtoft                               cstackBANK0  00028
?___ftadd                                cstackBANK0  0003E
?___ftdiv                                cstackBANK0  0002E
?___ftmul                                cstackBANK0  0002E
?___ftpack                               cstackBANK0  00020
?___fttol                                cstackBANK0  0004B
?___lwdiv                                cstackBANK0  00020
?___wmul                                 cstackBANK0  00020
?_getAD                                  cstackBANK0  00020
CC2500_InitPATable@loop_d                cstackBANK0  00027
CC2500_InitPATable@temp                  cstackBANK0  00026
CC2500_InitSetREG@loop_c                 cstackBANK0  00028
CC2500_InitSetREG@temp1                  cstackBANK0  00026
CC2500_InitSetREG@temp2                  cstackBANK0  00027
CC2500_ReadByte@loop_b                   cstackBANK0  00021
CC2500_ReadStatus@status_addr            cstackBANK0  00023
CC2500_RxData@loop_f                     cstackBANK0  00025
CC2500_TxData@loop_e                     cstackBANK0  00025
CC2500_WriteByte@loop_a                  cstackBANK0  00021
CC2500_WriteCommand@command              cstackBANK0  00023
CC2500_WriteREG@value                    cstackBANK0  00022
CC2500_WriteREG@w_addr                   cstackBANK0  00024
DelayOffPointSelect@sw                   cstackBANK0  00021
DelayTime_1us@count                      cstackBANK0  00020
DelayTime_1us@i                          cstackBANK0  00022
DelayTime_1us@j                          cstackBANK0  00024
DelayTimejudge@i                         cstackBANK0  00022
DelayTimejudge@value                     cstackBANK0  00021
DimmerIntrIOCPointSelect@lights          cstackCOMMON 00071
DimmerIntrPointSelect@lights             cstackCOMMON 00071
DimmerLightsPointSelect@lights           cstackBANK0  00021
DimmerLights_Exceptions@status           cstackBANK0  0002D
DlyOff_Initialization@sw                 cstackBANK0  00022
DlyOff_Main@sw                           cstackBANK0  00064
Flash_Memory_Initialization@i            cstackBANK0  0005E
Flash_Memory_Modify@i                    cstackBANK0  00026
Flash_Memory_Read@address                cstackBANK0  00022
Flash_Memory_Read@i                      cstackBANK0  00021
Flash_Memory_Read@ret                    cstackBANK0  00023
Flash_Memory_Write@i                     cstackBANK0  00021
LedPointSelect@led                       cstackBANK0  00021
Load_Main@i                              cstackBANK0  00034
RF_RxDisable@rf                          cstackBANK0  00024
RfPointSelect@rf                         cstackBANK0  00021
RfSWPointSelect@sw                       cstackBANK0  00021
SwPointSelect@sw                         cstackBANK0  00021
Sw_DimmerAdjFunc@Idle                    cstackBANK0  00024
Sw_DimmerAdjFunc@sw                      cstackBANK0  00025
Sw_DimmerOffFunc@sw                      cstackBANK0  00064
Sw_DimmerOnFunc@Idle                     cstackBANK0  00062
Sw_DimmerOnFunc@sw                       cstackBANK0  00063
_ADCON0                                  (abs)        0009D
_ADCON1                                  (abs)        0009E
_ADC_Set                                 text55       0259A
_ADRESH                                  (abs)        0009C
_ADRESL                                  (abs)        0009B
_ANSELA                                  (abs)        0018C
_ANSELB                                  (abs)        0018D
_ANSELC                                  (abs)        0018E
_Buz                                     bssBANK1     000B7
_Buz1                                    bssBANK2     0013E
_Buz_Counter                             text137      02780
_Buzzer_Initialization                   text131      02610
_Buzzer_Main                             text130      00C8D
_CC2500_ClearRXFIFO                      text127      02564
_CC2500_ClearTXFIFO                      text126      02568
_CC2500_FrequencyCabr                    text124      0261C
_CC2500_InitPATable                      text122      01A6A
_CC2500_InitSetREG                       text121      01B9E
_CC2500_PowerOnInitial                   text118      01889
_CC2500_PowerRST                         text120      01C7C
_CC2500_ReadByte                         text45       01A10
_CC2500_ReadStatus                       text44       019BD
_CC2500_RxData                           text43       012BE
_CC2500_SIDLEMode                        text119      0256C
_CC2500_TxData                           text42       01EA6
_CC2500_WriteByte                        text129      0193D
_CC2500_WriteCommand                     text128      026EE
_CC2500_WriteREG                         text123      01956
_CC2500_patable_vaule                    stringtext   0185E
_CC2500_registers_address                stringtext   01800
_CC2500_rfSettings                       stringtext   0182F
_CFGS                                    (abs)        00CAE
_CRC                                     bssBANK1     000B8
_DelayOff                                bssBANK1     000B9
_DelayOffPointSelect                     text117      018DF
_DelayOff_Initialization                 text115      025A8
_DelayOff_Main                           text96       025B0
_DelayTime_1us                           text125      01B4F
_DelayTimejudge                          text34       01BF3
_Dimmer                                  bssBANK1     000BA
_Dimmer1                                 bssBANK1     000E4
_DimmerIntrIOCPointSelect                text141      027D8
_DimmerIntrPointSelect                   text136      027B3
_DimmerLights                            bssCOMMON    00078
_DimmerLights1                           bssBANK2     00120
_DimmerLights11                          bssBANK1     000BB
_DimmerLights2                           bssBANK2     0012F
_DimmerLights22                          bssBANK1     000BC
_DimmerLightsIntr                        bssCOMMON    00079
_DimmerLightsIntrIOC                     bssBANK1     000BD
_DimmerLightsPointSelect                 text112      027C5
_DimmerLights_Close                      text89       0190D
_DimmerLights_Exceptions                 text60       0137D
_DimmerLights_Initialization             text93       018F6
_DimmerLights_Main                       text80       025FA
_Dimmer_Initialization                   text95       02593
_DlyOff_Initialization                   text116      025E4
_DlyOff_Main                             text97       01606
_DlySw1                                  bssBANK1     000C9
_DlySw2                                  bssBANK1     000CE
_FREE                                    (abs)        00CAC
_FVRCON                                  (abs)        00117
_Flash_Memory_Erasing                    text75       02628
_Flash_Memory_Initialization             text76       00F08
_Flash_Memory_Main                       text73       01F2F
_Flash_Memory_Modify                     text74       014B5
_Flash_Memory_Read                       text79       01988
_Flash_Memory_Unlock                     text78       025D0
_Flash_Memory_Write                      text77       01D0F
_Fosc_Set                                text54       02570
_GIE                                     (abs)        0005F
_GO_nDONE                                (abs)        004E9
_INTE                                    (abs)        0005C
_INTF                                    (abs)        00059
_INT_ISR                                 text142      0275E
_INT_Set                                 text53       02581
_IOCBF                                   (abs)        00396
_IOCBF2                                  (abs)        01CB2
_IOCBN                                   (abs)        00395
_IOCBP                                   (abs)        00394
_IOCIE                                   (abs)        0005B
_IOCIF                                   (abs)        00058
_IOC_ISR                                 text138      0276F
_IOC_Set                                 text52       0267F
_IO_Set                                  text51       0196F
_ISR                                     intentry     00004
_LATA                                    (abs)        0010C
_LATB                                    (abs)        0010D
_LATC                                    (abs)        0010E
_LED                                     bssBANK1     000BE
_LED_Initialization                      text71       02634
_LED_Main                                text69       02640
_LWLO                                    (abs)        00CAD
_LedPointSelect                          text88       01B0B
_Load                                    bssCOMMON    0007B
_Load1                                   bssBANK5     002A0
_Load_Initialization                     text67       02672
_Load_Main                               text56       00054
_Mcu_Initialization                      text48       019A2
_Memory                                  nvBANK1      000EE
_OPTION_REG                              (abs)        00095
_OSCCON                                  (abs)        00099
_PEIE                                    (abs)        0005E
_PMADRH                                  (abs)        00192
_PMADRL                                  (abs)        00191
_PMCON2                                  (abs)        00196
_PMDATH                                  (abs)        00194
_PMDATL                                  (abs)        00193
_PORTA                                   (abs)        0000C
_PORTB                                   (abs)        0000D
_PORTC                                   (abs)        0000E
_RA0                                     (abs)        00060
_RA3                                     (abs)        00063
_RA4                                     (abs)        00064
_RA6                                     (abs)        00066
_RA7                                     (abs)        00067
_RB0                                     (abs)        00068
_RB1                                     (abs)        00069
_RB3                                     (abs)        0006B
_RB4                                     (abs)        0006C
_RB5                                     (abs)        0006D
_RC0                                     (abs)        00070
_RC1                                     (abs)        00071
_RC2                                     (abs)        00072
_RC4                                     (abs)        00074
_RC5                                     (abs)        00075
_RC7                                     (abs)        00077
_RD                                      (abs)        00CA8
_RF                                      bssBANK1     000BF
_RF1                                     bssBANK1     000D3
_RFSW                                    bssBANK1     000C0
_RFSW1                                   bssBANK1     000E9
_RFSW2                                   bssBANK1     000EA
_RF_Count                                bssBANK1     000B5
_RF_Data                                 bssBANK1     000A0
_RF_Initialization                       text46       02574
_RF_Main                                 text27       02578
_RF_RxDisable                            text41       01AC8
_RSSI                                    bssBANK1     000C1
_Receive_OK                              bitbssCOMMON 003E0
_RfPointSelect                           text99       026DF
_RfSWPointSelect                         text109      018B3
_Rx_Length                               bssBANK1     000C2
_SPI0Buffer                              bssBANK1     000C3
_Sw                                      bssCOMMON    0007A
_Sw1                                     bssBANK2     0014A
_Sw2                                     bssBANK2     00153
_SwPointSelect                           text101      027EC
_Sw_DimmerAdjFunc                        text21       01069
_Sw_DimmerOffFunc                        text20       01523
_Sw_DimmerOnFunc                         text19       01594
_Switch_Initialization                   text24       02699
_Switch_Main                             text16       025C8
_TMR0                                    (abs)        00015
_TMR0IE                                  (abs)        0005D
_TMR0IF                                  (abs)        0005A
_TMR0_ISR                                text133      01D42
_TMR0_Set                                text50       0268C
_TRISA                                   (abs)        0008C
_TRISB                                   (abs)        0008D
_TRISC                                   (abs)        0008E
_Temp                                    bssBANK1     000C4
_Temp1                                   bssBANK3     001D0
_Temp_Initialization                     text14       0255E
_Temp_Main                               text10       02561
_Timer0                                  nvBANK1      000EB
_TouchPower                              text26       0257C
_Transceive_OK                           bitbssCOMMON 003E1
_Tx_Length                               bssBANK1     000C5
_VarErrLED                               bssBANK1     000D8
_VarLED1                                 bssBANK1     000DC
_VarLED2                                 bssBANK1     000E0
_VarMemory                               bssBANK4     00220
_VarTimer0                               bssBANK2     0015C
_WDT                                     nvBANK1      000EC
_WDTCON                                  (abs)        00097
_WDT_Clearing                            text9        00002
_WDT_Main                                text8        019F4
_WDT_Set                                 text49       01925
_WPUB0                                   (abs)        01068
_WPUB1                                   (abs)        01069
_WPUB2                                   (abs)        0106A
_WR                                      (abs)        00CA9
_WREN                                    (abs)        00CAA
__CFG_BOREN$OFF                          (abs)        00000
__CFG_FOSC$INTOSC                        (abs)        00000
__CFG_VCAPEN$OFF                         (abs)        00000
__CFG_WRT$HALF                           (abs)        00000
__Habs1                                  abs1         00000
__Hbank0                                 bank0        00000
__Hbank1                                 bank1        00000
__Hbank10                                bank10       00000
__Hbank11                                bank11       00000
__Hbank12                                bank12       00000
__Hbank13                                bank13       00000
__Hbank14                                bank14       00000
__Hbank15                                bank15       00000
__Hbank16                                bank16       00000
__Hbank17                                bank17       00000
__Hbank18                                bank18       00000
__Hbank19                                bank19       00000
__Hbank2                                 bank2        00000
__Hbank20                                bank20       00000
__Hbank21                                bank21       00000
__Hbank22                                bank22       00000
__Hbank23                                bank23       00000
__Hbank24                                bank24       00000
__Hbank25                                bank25       00000
__Hbank26                                bank26       00000
__Hbank27                                bank27       00000
__Hbank28                                bank28       00000
__Hbank29                                bank29       00000
__Hbank3                                 bank3        00000
__Hbank30                                bank30       00000
__Hbank31                                bank31       00000
__Hbank4                                 bank4        00000
__Hbank5                                 bank5        00000
__Hbank6                                 bank6        00000
__Hbank7                                 bank7        00000
__Hbank8                                 bank8        00000
__Hbank9                                 bank9        00000
__Hbigram                                bigram       00000
__HbitbssCOMMON                          bitbssCOMMON 00000
__HbssBANK1                              bssBANK1     00000
__HbssBANK2                              bssBANK2     00000
__HbssBANK3                              bssBANK3     00000
__HbssBANK4                              bssBANK4     00000
__HbssBANK5                              bssBANK5     00000
__HbssCOMMON                             bssCOMMON    00000
__Hcinit                                 cinit        00054
__Hclrtext                               clrtext      00000
__Hcode                                  code         00000
__Hcommon                                common       00000
__Hconfig                                config       08009
__HcstackBANK0                           cstackBANK0  00000
__HcstackCOMMON                          cstackCOMMON 00000
__HdataBANK3                             dataBANK3    00000
__Heeprom_data                           eeprom_data  00000
__Hend_init                              end_init     00018
__Hfunctab                               functab      00000
__HidataBANK3                            idataBANK3   00000
__Hidloc                                 idloc        00000
__Hinit                                  init         00016
__Hinittext                              inittext     00000
__Hintentry                              intentry     00016
__Hmaintext                              maintext     00000
__HnvBANK1                               nvBANK1      00000
__HnvCOMMON                              nvCOMMON     00000
__Hpowerup                               powerup      00000
__Hram                                   ram          00000
__Hreset_vec                             reset_vec    00002
__Hsfr0                                  sfr0         00000
__Hsfr1                                  sfr1         00000
__Hsfr10                                 sfr10        00000
__Hsfr11                                 sfr11        00000
__Hsfr12                                 sfr12        00000
__Hsfr13                                 sfr13        00000
__Hsfr14                                 sfr14        00000
__Hsfr15                                 sfr15        00000
__Hsfr16                                 sfr16        00000
__Hsfr17                                 sfr17        00000
__Hsfr18                                 sfr18        00000
__Hsfr19                                 sfr19        00000
__Hsfr2                                  sfr2         00000
__Hsfr20                                 sfr20        00000
__Hsfr21                                 sfr21        00000
__Hsfr22                                 sfr22        00000
__Hsfr23                                 sfr23        00000
__Hsfr24                                 sfr24        00000
__Hsfr25                                 sfr25        00000
__Hsfr26                                 sfr26        00000
__Hsfr27                                 sfr27        00000
__Hsfr28                                 sfr28        00000
__Hsfr29                                 sfr29        00000
__Hsfr3                                  sfr3         00000
__Hsfr30                                 sfr30        00000
__Hsfr31                                 sfr31        00000
__Hsfr4                                  sfr4         00000
__Hsfr5                                  sfr5         00000
__Hsfr6                                  sfr6         00000
__Hsfr7                                  sfr7         00000
__Hsfr8                                  sfr8         00000
__Hsfr9                                  sfr9         00000
__Hspace_0                               (abs)        08009
__Hspace_1                               (abs)        003E2
__Hspace_2                               (abs)        00000
__Hspace_3                               (abs)        00000
__Hstack                                 stack        00000
__Hstrings                               strings      00000
__Hstringtext                            stringtext   00000
__Htext                                  text         00000
__Labs1                                  abs1         00000
__Lbank0                                 bank0        00000
__Lbank1                                 bank1        00000
__Lbank10                                bank10       00000
__Lbank11                                bank11       00000
__Lbank12                                bank12       00000
__Lbank13                                bank13       00000
__Lbank14                                bank14       00000
__Lbank15                                bank15       00000
__Lbank16                                bank16       00000
__Lbank17                                bank17       00000
__Lbank18                                bank18       00000
__Lbank19                                bank19       00000
__Lbank2                                 bank2        00000
__Lbank20                                bank20       00000
__Lbank21                                bank21       00000
__Lbank22                                bank22       00000
__Lbank23                                bank23       00000
__Lbank24                                bank24       00000
__Lbank25                                bank25       00000
__Lbank26                                bank26       00000
__Lbank27                                bank27       00000
__Lbank28                                bank28       00000
__Lbank29                                bank29       00000
__Lbank3                                 bank3        00000
__Lbank30                                bank30       00000
__Lbank31                                bank31       00000
__Lbank4                                 bank4        00000
__Lbank5                                 bank5        00000
__Lbank6                                 bank6        00000
__Lbank7                                 bank7        00000
__Lbank8                                 bank8        00000
__Lbank9                                 bank9        00000
__Lbigram                                bigram       00000
__LbitbssCOMMON                          bitbssCOMMON 00000
__LbssBANK1                              bssBANK1     00000
__LbssBANK2                              bssBANK2     00000
__LbssBANK3                              bssBANK3     00000
__LbssBANK4                              bssBANK4     00000
__LbssBANK5                              bssBANK5     00000
__LbssCOMMON                             bssCOMMON    00000
__Lcinit                                 cinit        00018
__Lclrtext                               clrtext      00000
__Lcode                                  code         00000
__Lcommon                                common       00000
__Lconfig                                config       08007
__LcstackBANK0                           cstackBANK0  00000
__LcstackCOMMON                          cstackCOMMON 00000
__LdataBANK3                             dataBANK3    00000
__Leeprom_data                           eeprom_data  00000
__Lend_init                              end_init     00016
__Lfunctab                               functab      00000
__LidataBANK3                            idataBANK3   00000
__Lidloc                                 idloc        00000
__Linit                                  init         00016
__Linittext                              inittext     00000
__Lintentry                              intentry     00004
__Lmaintext                              maintext     00000
__LnvBANK1                               nvBANK1      00000
__LnvCOMMON                              nvCOMMON     00000
__Lpowerup                               powerup      00000
__Lram                                   ram          00000
__Lreset_vec                             reset_vec    00000
__Lsfr0                                  sfr0         00000
__Lsfr1                                  sfr1         00000
__Lsfr10                                 sfr10        00000
__Lsfr11                                 sfr11        00000
__Lsfr12                                 sfr12        00000
__Lsfr13                                 sfr13        00000
__Lsfr14                                 sfr14        00000
__Lsfr15                                 sfr15        00000
__Lsfr16                                 sfr16        00000
__Lsfr17                                 sfr17        00000
__Lsfr18                                 sfr18        00000
__Lsfr19                                 sfr19        00000
__Lsfr2                                  sfr2         00000
__Lsfr20                                 sfr20        00000
__Lsfr21                                 sfr21        00000
[...]
 Defined at:
		line 298 in file "../src/MCU_B1.c"
 Parameters:    Size  Location     Type
		None
 Auto vars:     Size  Location     Type
		None
 Return value:  Size  Location     Type
		None               void
 Registers used:
		wreg, fsr1l, fsr1h, status,2, status,0, pclath, cstack
 Tracked objects:
		On entry : 
		On exit  : 
		Unchanged: 
 Data sizes:     COMMON   BANK0   BANK1   BANK2   BANK3   BANK4   BANK5   BANK6   BANK7   BANK8   BANK9  BANK10  BANK11  BANK12
      Params:         0       0       0       0       0       0       0       0       0       0       0       0       0       0
      Locals:         0       0       0       0       0       0       0       0       0       0       0       0       0       0
      Temps:          0       0       0       0       0       0       0       0       0       0       0       0       0       0
      Totals:         0       0       0       0       0       0       0       0       0       0       0       0       0       0
Total ram usage:        0 bytes
 Hardware stack levels used:    1
 Hardware stack levels required when called:    3
 This function calls:
		_setDimmerReClock
 This function is called by:
		_ISR
 This function uses a non-reentrant model


 *************** function _setDimmerReClock *****************
 Defined at:
		line 175 in file "../src/MCU_B1.c"
 Parameters:    Size  Location     Type
		None
 Auto vars:     Size  Location     Type
		None
 Return value:  Size  Location     Type
		None               void
 Registers used:
		wreg, fsr1l, fsr1h, status,2, status,0, pclath, cstack
 Tracked objects:
		On entry : 
		On exit  : 
		Unchanged: 
 Data sizes:     COMMON   BANK0   BANK1   BANK2   BANK3   BANK4   BANK5   BANK6   BANK7   BANK8   BANK9  BANK10  BANK11  BANK12
      Params:         0       0       0       0       0       0       0       0       0       0       0       0       0       0
      Locals:         0       0       0       0       0       0       0       0       0       0       0       0       0       0
      Temps:          0       0       0       0       0       0       0       0       0       0       0       0       0       0
      Totals:         0       0       0       0       0       0       0       0       0       0       0       0       0       0
Total ram usage:        0 bytes
 Hardware stack levels used:    1
 Hardware stack levels required when called:    2
 This function calls:
		_setDimmerLights_IntrIOC_GO
 This function is called by:
		_IOC_ISR
 This function uses a non-reentrant model


 *************** function _setDimmerLights_IntrIOC_GO *****************
 Defined at:
		line 28 in file "../src/Dimmer_B1.c"
 Parameters:    Size  Location     Type
  lights          1    wreg     unsigned char 
 Auto vars:     Size  Location     Type
  lights          1    2[COMMON] unsigned char 
 Return value:  Size  Location     Type
		None               void
 Registers used:
		wreg, fsr1l, fsr1h, status,2, status,0, pclath, cstack
 Tracked objects:
		On entry : 
		On exit  : 
		Unchanged: 
 Data sizes:     COMMON   BANK0   BANK1   BANK2   BANK3   BANK4   BANK5   BANK6   BANK7   BANK8   BANK9  BANK10  BANK11  BANK12
      Params:         0       0       0       0       0       0       0       0       0       0       0       0       0       0
      Locals:         1       0       0       0       0       0       0       0       0       0       0       0       0       0
      Temps:          0       0       0       0       0       0       0       0       0       0       0       0       0       0
      Totals:         1       0       0       0       0       0       0       0       0       0       0       0       0       0
Total ram usage:        1 bytes
 Hardware stack levels used:    1
 Hardware stack levels required when called:    1
 This function calls:
		_DimmerIntrIOCPointSelect
 This function is called by:
		_setDimmerReClock
 This function uses a non-reentrant model


 *************** function _DimmerIntrIOCPointSelect *****************
 Defined at:
		line 8 in file "../src/Dimmer_B1.c"
 Parameters:    Size  Location     Type
  lights          1    wreg     unsigned char 
 Auto vars:     Size  Location     Type
  lights          1    1[COMMON] unsigned char 
 Return value:  Size  Location     Type
		None               void
 Registers used:
		wreg
 Tracked objects:
		On entry : 
		On exit  : 
		Unchanged: 
 Data sizes:     COMMON   BANK0   BANK1   BANK2   BANK3   BANK4   BANK5   BANK6   BANK7   BANK8   BANK9  BANK10  BANK11  BANK12
      Params:         0       0       0       0       0       0       0       0       0       0       0       0       0       0
      Locals:         1       0       0       0       0       0       0       0       0       0       0       0       0       0
      Temps:          1       0       0       0       0       0       0       0       0       0       0       0       0       0
      Totals:         2       0       0       0       0       0       0       0       0       0       0       0       0       0
Total ram usage:        2 bytes
 Hardware stack levels used:    1
 This function calls:
		Nothing
 This function is called by:
		_setDimmerLights_IntrIOC_GO
 This function uses a non-reentrant model


 *************** function _INT_ISR *****************
 Defined at:
		line 250 in file "../src/MCU_B1.c"
 Parameters:    Size  Location     Type
		None
 Auto vars:     Size  Location     Type
		None
 Return value:  Size  Location     Type
		None               void
 Registers used:
		wreg, fsr1l, fsr1h, status,2, status,0, pclath, cstack
 Tracked objects:
		On entry : 
		On exit  : 
		Unchanged: 
 Data sizes:     COMMON   BANK0   BANK1   BANK2   BANK3   BANK4   BANK5   BANK6   BANK7   BANK8   BANK9  BANK10  BANK11  BANK12
      Params:         0       0       0       0       0       0       0       0       0       0       0       0       0       0
      Locals:         0       0       0       0       0       0       0       0       0       0       0       0       0       0
      Temps:          0       0       0       0       0       0       0       0       0       0       0       0       0       0
      Totals:         0       0       0       0       0       0       0       0       0       0       0       0       0       0
Total ram usage:        0 bytes
 Hardware stack levels used:    1
 Hardware stack levels required when called:    2
 This function calls:
		_setRF_ReceiveGO
		_setRF_RxStatus
 This function is called by:
		_ISR
 This function uses a non-reentrant model


 *************** function _setRF_RxStatus *****************
 Defined at:
		line 45 in file "../src/RF_Control_B1.c"
 Parameters:    Size  Location     Type
  rf              1    wreg     unsigned char 
  command         1    2[COMMON] unsigned char 
 Auto vars:     Size  Location     Type
  rf              1    3[COMMON] unsigned char 
 Return value:  Size  Location     Type
		None               void
 Registers used:
		wreg, fsr1l, fsr1h, status,2, status,0, pclath, cstack
 Tracked objects:
		On entry : 
		On exit  : 
		Unchanged: 
 Data sizes:     COMMON   BANK0   BANK1   BANK2   BANK3   BANK4   BANK5   BANK6   BANK7   BANK8   BANK9  BANK10  BANK11  BANK12
      Params:         1       0       0       0       0       0       0       0       0       0       0       0       0       0
      Locals:         1       0       0       0       0       0       0       0       0       0       0       0       0       0
      Temps:          0       0       0       0       0       0       0       0       0       0       0       0       0       0
      Totals:         2       0       0       0       0       0       0       0       0       0       0       0       0       0
Total ram usage:        2 bytes
 Hardware stack levels used:    1
 Hardware stack levels required when called:    1
 This function calls:
		i1_RfPointSelect
 This function is called by:
		_INT_ISR
 This function uses a non-reentrant model


 *************** function _setRF_ReceiveGO *****************
 Defined at:
		line 39 in file "../src/RF_Control_B1.c"
 Parameters:    Size  Location     Type
  rf              1    wreg     unsigned char 
  command         1    2[COMMON] unsigned char 
 Auto vars:     Size  Location     Type
  rf              1    3[COMMON] unsigned char 
 Return value:  Size  Location     Type
		None               void
 Registers used:
		wreg, fsr1l, fsr1h, status,2, status,0, pclath, cstack
 Tracked objects:
		On entry : 
		On exit  : 
		Unchanged: 
 Data sizes:     COMMON   BANK0   BANK1   BANK2   BANK3   BANK4   BANK5   BANK6   BANK7   BANK8   BANK9  BANK10  BANK11  BANK12
      Params:         1       0       0       0       0       0       0       0       0       0       0       0       0       0
      Locals:         1       0       0       0       0       0       0       0       0       0       0       0       0       0
      Temps:          0       0       0       0       0       0       0       0       0       0       0       0       0       0
      Totals:         2       0       0       0       0       0       0       0       0       0       0       0       0       0
Total ram usage:        2 bytes
 Hardware stack levels used:    1
 Hardware stack levels required when called:    1
 This function calls:
		i1_RfPointSelect
 This function is called by:
		_INT_ISR
 This function uses a non-reentrant model


 *************** function i1_RfPointSelect *****************
 Defined at:
		line 7 in file "../src/RF_Control_B1.c"
 Parameters:    Size  Location     Type
  rf              1    wreg     unsigned char 
 Auto vars:     Size  Location     Type
  rf              1    1[COMMON] unsigned char 
 Return value:  Size  Location     Type
		None               void
 Registers used:
		wreg
 Tracked objects:
		On entry : 
		On exit  : 
		Unchanged: 
 Data sizes:     COMMON   BANK0   BANK1   BANK2   BANK3   BANK4   BANK5   BANK6   BANK7   BANK8   BANK9  BANK10  BANK11  BANK12
      Params:         0       0       0       0       0       0       0       0       0       0       0       0       0       0
      Locals:         1       0       0       0       0       0       0       0       0       0       0       0       0       0
      Temps:          1       0       0       0       0       0       0       0       0       0       0       0       0       0
      Totals:         2       0       0       0       0       0       0       0       0       0       0       0       0       0
Total ram usage:        2 bytes
 Hardware stack levels used:    1
 This function calls:
		Nothing
 This function is called by:
		_setRF_ReceiveGO
		_setRF_RxStatus
 This function uses a non-reentrant model



MODULE INFORMATION

Module		Function		Class		Link	Load	Size
C:\Program Files (x86)\Microchip\xc8\v1.32\sources\common\float.c
		___ftpack      		CODE           	131C	0000	97

C:\Program Files (x86)\Microchip\xc8\v1.32\sources\common\float.c estimated size: 97

../src/OverLoad_B1.c
		_setLoad_Except		CODE           	1E63	0000	67
		_getLoad_AD    		CODE           	0AAD	0000	150
		_getLoad_Safe  		CODE           	2605	0000	11
		_setLoad_GO    		CODE           	25EF	0000	11
		_setLoad_Status		CODE           	1CDD	0000	50
		_setLoad_Count 		CODE           	189E	0000	21
		_setLoad_Status		CODE           	1CAC	0000	49
		_setLoad_Enable		CODE           	274E	0000	16
		_Load_Initializ		CODE           	2672	0000	13
		_Load_Main     		CODE           	0054	0000	677
		_setLoad_AH_AL_		CODE           	1B2D	0000	34

../src/OverLoad_B1.c estimated size: 1099

C:\Program Files (x86)\Microchip\xc8\v1.32\sources\common\awtoft.c
		___awtoft      		CODE           	1AE9	0000	34

C:\Program Files (x86)\Microchip\xc8\v1.32\sources\common\awtoft.c estimated size: 34

../src/MCU_B1.c
		_Fosc_Set      		CODE           	2570	0000	4
		_IO_Set        		CODE           	196F	0000	25
		_WDT_Set       		CODE           	1925	0000	24
		_WDT_Main      		CODE           	19F4	0000	28
		_ADC_Set       		CODE           	259A	0000	7
		_IOC_ISR       		CODE           	276F	0000	17
		_INT_Set       		CODE           	2581	0000	6
		_ISR           		CODE           	0004	0000	18
		_Flash_Memory_W		CODE           	1D0F	0000	51
		_Flash_Memory_M		CODE           	14B5	0000	110
		_setMemory_GO  		CODE           	1A89	0000	31
		_IOC_Set       		CODE           	267F	0000	13
		_WDT_Clearing  		CODE           	0002	0000	2
		_Mcu_Initializa		CODE           	19A2	0000	27
		_Flash_Memory_I		CODE           	0F08	0000	248
		_getAD         		CODE           	18C9	0000	22
		_TMR0_Set      		CODE           	268C	0000	13
		_Flash_Memory_U		CODE           	25D0	0000	9
		_INT_ISR       		CODE           	275E	0000	17
		_TMR0_ISR      		CODE           	1D42	0000	53
		_Flash_Memory_R		CODE           	1988	0000	26
		_Flash_Memory_E		CODE           	2628	0000	12
		_setDimmerReClo		CODE           	25D9	0000	11
		_Flash_Memory_M		CODE           	1F2F	0000	69

../src/MCU_B1.c estimated size: 843

C:\Program Files (x86)\Microchip\xc8\v1.32\sources\common\ftmul.c
		___ftmul       		CODE           	074B	0000	180

C:\Program Files (x86)\Microchip\xc8\v1.32\sources\common\ftmul.c estimated size: 180

../src/Buzzer_B1.c
		_Buzzer_Main   		CODE           	0C8D	0000	179
		_setBuz        		CODE           	0879	0000	137
		_Buzzer_Initial		CODE           	2610	0000	12
		_Buz_Counter   		CODE           	2780	0000	17

../src/Buzzer_B1.c estimated size: 345

../src/LED_B1.c
		_setLED        		CODE           	1260	0000	94
		_LED_Main      		CODE           	2640	0000	12
		_setLED_Initial		CODE           	27A2	0000	17
		_LedPointSelect		CODE           	1B0B	0000	34
		_setLED_Main   		CODE           	1DE3	0000	64
		_LED_Initializa		CODE           	2634	0000	12

../src/LED_B1.c estimated size: 233

../src/OverTemperature_B1.c
		_Temp_Initializ		CODE           	255E	0000	3
		_Temp_Main     		CODE           	2561	0000	3
		_setOverTemp_Ex		CODE           	1FBA	0000	70
		_setTemp_Initia		CODE           	264C	0000	12
		_getTemp_AD    		CODE           	0800	0000	121
		_getTemp_Safe  		CODE           	25B8	0000	8
		_setTemp_Main  		CODE           	061E	0000	301
		_setTemp_Enable		CODE           	26A6	0000	13

../src/OverTemperature_B1.c estimated size: 531

../src/CC2500_B1.c
		_DelayTime_1us 		CODE           	1B4F	0000	38
		_CC2500_Frequen		CODE           	261C	0000	12
		_CC2500_SIDLEMo		CODE           	256C	0000	4
		_CC2500_PowerOn		CODE           	1889	0000	21
		_CC2500_WriteBy		CODE           	193D	0000	25
		_CC2500_RxData 		CODE           	12BE	0000	94
		_CC2500_TxData 		CODE           	1EA6	0000	68
		_CC2500_ClearRX		CODE           	2564	0000	4
		_CC2500_ClearTX		CODE           	2568	0000	4
		_CC2500_InitPAT		CODE           	1A6A	0000	31
		_CC2500_WriteRE		CODE           	1956	0000	25
		_CC2500_ReadSta		CODE           	19BD	0000	27
		_CC2500_PowerRS		CODE           	1C7C	0000	48
		_CC2500_ReadByt		CODE           	1A10	0000	29
		_CC2500_InitSet		CODE           	1B9E	0000	42
		_CC2500_WriteCo		CODE           	26EE	0000	16

../src/CC2500_B1.c estimated size: 488

C:\Program Files (x86)\Microchip\xc8\v1.32\sources\common\fttol.c
		___fttol       		CODE           	1779	0000	135

C:\Program Files (x86)\Microchip\xc8\v1.32\sources\common\fttol.c estimated size: 135

C:\Program Files (x86)\Microchip\xc8\v1.32\sources\common\lwdiv.c
		___lwdiv       		CODE           	1DAC	0000	55

C:\Program Files (x86)\Microchip\xc8\v1.32\sources\common\lwdiv.c estimated size: 55

../src/RF_Control_B1.c
		_RF_Initializat		CODE           	2574	0000	4
		_setRF_ReceiveG		CODE           	2658	0000	13
		_getRxData     		CODE           	10B0	0000	77
		_setRF_Main    		CODE           	0D40	0000	210
		_setRFSW_Status		CODE           	26C1	0000	15
		_setRF_DimmerVa		CODE           	1D77	0000	53
		_setRF_Initiali		CODE           	25A1	0000	7
		_setTxData     		CODE           	0B43	0000	161
		_setRFSW_Contro		CODE           	098B	0000	144
		_setRF_Learn   		CODE           	1866	0000	15
		_RF_Main       		CODE           	2578	0000	4
		_setRFSW_AdjCon		CODE           	1E23	0000	64
		_setRF_Enable  		CODE           	1B75	0000	41
		_setRF_DimmerLi		CODE           	1449	0000	108
		_setControl_Lig		CODE           	0A1B	0000	146
		_setLog_Code   		CODE           	1022	0000	71
		_RF_RxDisable  		CODE           	1AC8	0000	33
		_setRF_RxStatus		CODE           	2665	0000	13
		_RfSWPointSelec		CODE           	18B3	0000	22
		_RfPointSelect 		CODE           	26DF	0000	15

../src/RF_Control_B1.c estimated size: 1216

C:\Program Files (x86)\Microchip\xc8\v1.32\sources\common\awdiv.c
		___awdiv       		CODE           	10FD	0000	84

C:\Program Files (x86)\Microchip\xc8\v1.32\sources\common\awdiv.c estimated size: 84

../src/Main_B1.c
		_my_Main       		CODE           	167F	0000	124
		_main          		CODE           	13E1	0000	104
		_myMain_Initial		CODE           	1875	0000	20

../src/Main_B1.c estimated size: 248

C:\Program Files (x86)\Microchip\xc8\v1.32\sources\common\ftadd.c
		___ftadd       		CODE           	0E12	0000	246

C:\Program Files (x86)\Microchip\xc8\v1.32\sources\common\ftadd.c estimated size: 246

C:\Program Files (x86)\Microchip\xc8\v1.32\sources\common\Umul16.c
		___wmul        		CODE           	1A2D	0000	30

C:\Program Files (x86)\Microchip\xc8\v1.32\sources\common\Umul16.c estimated size: 30

shared
		_CC2500_patable		STRCODE        	185E	0000	8
		i1_setLoad_Stat		CODE           	1C4C	0000	48
		_CC2500_rfSetti		STRCODE        	182F	0000	47
		__initializatio		CODE           	0018	0000	56
		i1_RfPointSelec		CODE           	26B3	0000	14
		_CC2500_registe		STRCODE        	1800	0000	47

shared estimated size: 220

../src/Switch_B1.c
		_Sw_DimmerAdjFu		CODE           	1069	0000	71
		_Sw_DimmerOffFu		CODE           	1523	0000	113
		_Switch_Main   		CODE           	25C8	0000	8
		_setSw_Enable  		CODE           	19D8	0000	28
		_SwPointSelect 		CODE           	27EC	0000	20
		_Sw_DimmerOnFun		CODE           	1594	0000	114
		_TouchPower    		CODE           	257C	0000	5
		_setSw_Main    		CODE           	04C4	0000	346
		_setSw_Initiali		CODE           	25C0	0000	8
		_Switch_Initial		CODE           	2699	0000	13
		_setSw_Status  		CODE           	26D0	0000	15

../src/Switch_B1.c estimated size: 741

../src/Dimmer_B1.c
		_DimmerLightsPo		CODE           	27C5	0000	19
		_DimmerIntrPoin		CODE           	27B3	0000	18
		_getDimmerLight		CODE           	2791	0000	17
		_DimmerLights_M		CODE           	25FA	0000	11
		_setDimmerLight		CODE           	271E	0000	16
		_setDimmerLight		CODE           	02F9	0000	459
		_DimmerIntrIOCP		CODE           	27D8	0000	20
		_setDimmerLight		CODE           	1EEA	0000	69
		_setDimmerLight		CODE           	0902	0000	137
		_setDimmerLight		CODE           	1000	0000	34
		_getPercentValu		CODE           	11A8	0000	91
		_DimmerLights_C		CODE           	190D	0000	24
		_setDimmerLight		CODE           	272E	0000	16
		_setDimmerLight		CODE           	270E	0000	16
		_setDimmerLight		CODE           	273E	0000	16
		_setPercentValu		CODE           	1F74	0000	70
		_setDimmerLight		CODE           	1C1F	0000	45
		_DimmerLights_E		CODE           	137D	0000	100
		_setDimmerLight		CODE           	1BC8	0000	43
		_setDimmerLight		CODE           	26FE	0000	16
		_setDimmerLight		CODE           	1A4B	0000	31
		_Dimmer_Initial		CODE           	2593	0000	7
		_DimmerLights_I		CODE           	18F6	0000	23
		_setDimmerLight		CODE           	16FB	0000	126
		_setDimmerLight		CODE           	1151	0000	87

../src/Dimmer_B1.c estimated size: 1511

../src/DelayOff_B1.c
		_DelayOff_Initi		CODE           	25A8	0000	8
		_DlyOff_Main   		CODE           	1606	0000	121
		_DelayTimejudge		CODE           	1BF3	0000	44
		_DelayOff_Main 		CODE           	25B0	0000	8
		_DelayOffPointS		CODE           	18DF	0000	23
		_setDelayOff_GO		CODE           	1203	0000	93
		_DlyOff_Initial		CODE           	25E4	0000	11

../src/DelayOff_B1.c estimated size: 308

C:\Program Files (x86)\Microchip\xc8\v1.32\sources\pic\ftdiv.c
		___ftdiv       		CODE           	0BE4	0000	169

C:\Program Files (x86)\Microchip\xc8\v1.32\sources\pic\ftdiv.c estimated size: 169

