Microchip MPLAB XC8 Compiler V1.32 ()

Linker command line:

--edf=C:\Program Files (x86)\Microchip\xc8\v1.32\dat\en_msgs.txt -cs \
  -h+dist/default/production\2.Switch_2Key_Dimmer.X.production.sym \
  --cmf=dist/default/production\2.Switch_2Key_Dimmer.X.production.cmf -z \
  -Q16F1518 -oC:\Users\taianluo\AppData\Local\Temp\s20o.6 \
  -Mdist/default/production/2.Switch_2Key_Dimmer.X.production.map -E1 \
  -ver=XC8 -ASTACK=02165h-0231fh -pstack=STACK -ACONST=00h-0FFhx64 \
  -ACODE=00h-07FFhx8 -ASTRCODE=00h-03FFFh -AENTRY=00h-0FFhx64 \
  -ASTRING=00h-0FFhx64 -ACOMMON=070h-07Fh -ABANK0=020h-06Fh \
  -ABANK1=0A0h-0EFh -ABANK2=0120h-016Fh -ABANK3=01A0h-01EFh \
  -ABANK4=0220h-026Fh -ABANK5=02A0h-02EFh -ABANK6=0320h-036Fh \
  -ABANK7=03A0h-03EFh -ABANK8=0420h-046Fh -ABANK9=04A0h-04EFh \
  -ABANK10=0520h-056Fh -ABANK11=05A0h-05EFh -ABANK12=0620h-064Fh \
  -ABIGRAM=02000h-023EFh \
  -ARAM=020h-06Fh,0A0h-0EFh,0120h-016Fh,01A0h-01EFh,0220h-026Fh,02A0h-02EFh,0320h-036Fh,03A0h-03EFh,0420h-046Fh,04A0h-04EFh,0520h-056Fh,05A0h-05EFh,0620h-064Fh \
  -AABS1=020h-07Fh,0A0h-0EFh,0120h-016Fh,01A0h-01EFh,0220h-026Fh,02A0h-02EFh,0320h-036Fh,03A0h-03EFh,0420h-046Fh,04A0h-04EFh,0520h-056Fh,05A0h-05EFh,0620h-064Fh \
  -ASFR0=00h-01Fh -ASFR1=080h-09Fh -ASFR2=0100h-011Fh -ASFR3=0180h-019Fh \
  -ASFR4=0200h-021Fh -ASFR5=0280h-029Fh -ASFR6=0300h-031Fh \
  -ASFR7=0380h-039Fh -ASFR8=0400h-041Fh -ASFR9=0480h-049Fh \
  -ASFR10=0500h-051Fh -ASFR11=0580h-059Fh -ASFR12=0600h-061Fh \
  -ASFR13=0680h-06EFh -ASFR14=0700h-076Fh -ASFR15=0780h-07EFh \
  -ASFR16=0800h-086Fh -ASFR17=0880h-08EFh -ASFR18=0900h-096Fh \
  -ASFR19=0980h-09EFh -ASFR20=0A00h-0A6Fh -ASFR21=0A80h-0AEFh \
  -ASFR22=0B00h-0B6Fh -ASFR23=0B80h-0BEFh -ASFR24=0C00h-0C6Fh \
  -ASFR25=0C80h-0CEFh -ASFR26=0D00h-0D6Fh -ASFR27=0D80h-0DEFh \
  -ASFR28=0E00h-0E6Fh -ASFR29=0E80h-0EEFh -ASFR30=0F00h-0F6Fh \
  -ASFR31=0F80h-0FEFh -preset_vec=00h,intentry=04h,init,end_init \
  -ppowerup=CODE -pcinit=CODE -pfunctab=CODE -ACONFIG=08007h-08008h \
  -pconfig=CONFIG -DCONFIG=2 -AIDLOC=08000h-08003h -pidloc=IDLOC -DIDLOC=2 \
  -DCODE=2 -DSTRCODE=2 -DSTRING=2 -DCONST=2 -DENTRY=2 -k \
  C:\Users\taianluo\AppData\Local\Temp\s20o.obj \
  dist/default/production\2.Switch_2Key_Dimmer.X.production.obj 

Object code version is 3.11

Machine type is 16F1518



                Name                               Link     Load   Length Selector   Space Scale
C:\Users\taianluo\AppData\Local\Temp\s20o.obj
                end_init                             16       16        2        8       0
                reset_vec                             0        0        2        0       0
                config                             8007     8007        2    1000E       0
dist/default/production\2.Switch_2Key_Dimmer.X.production.obj
                cinit                                18       18       34        8       0
                intentry                              4        4       12        8       0
                text118                            1E9C     1E9C        B     3D38       0
                text117                            1F0F     1F0F        D     3E1E       0
                text116                            1F1C     1F1C        D     3E38       0
                text115                            1FCD     1FCD       11     3F9A       0
                text114                            1087     1087       12     210E       0
                text113                            1FDE     1FDE       11     3FBC       0
                text112                            1EA7     1EA7        B     3D4E       0
                text111                            1FEF     1FEF       11     3FDE       0
                text110                            1F7D     1F7D       10     3EFA       0
                text109                              4C       4C      182        8       0
                text108                            146B     146B       35     28D6       0
                text106                            1EB2     1EB2        B     3D64       0
                text105                             71F      71F       A2        8       0
                text104                            1159     1159       19     22B2       0
                text103                            1F8D     1F8D       10     3F1A       0
                text102                            1E26     1E26        4     3C4C       0
                text101                            1E2A     1E2A        4     3C54       0
                text100                            1309     1309       26     2612       0
                text99                             1ED3     1ED3        C     3DA6       0
                text98                             1172     1172       19     22E4       0
                text97                             1245     1245       1F     248A       0
                text96                             132F     132F       2A     265E       0
                text95                             140A     140A       30     2814       0
                text94                             1E2E     1E2E        4     3C5C       0
                text93                             10E8     10E8       15     21D0       0
                text92                             1113     1113       17     2226       0
                text91                             1EBD     1EBD        B     3D7A       0
                text90                             1E6A     1E6A        8     3CD4       0
                text89                             16FD     16FD       54     2DFA       0
                text88                              BC7      BC7       77     178E       0
                text87                             1099     1099       13     2132       0
                text86                             1F9D     1F9D       10     3F3A       0
                text85                             1FAD     1FAD       10     3F5A       0
                text84                             10FD     10FD       16     21FA       0
                text83                             1F50     1F50        F     3EA0       0
                text82                              936      936       61     126C       0
                text81                             12A3     12A3       22     2546       0
                text80                              676      676       A9        8       0
                text79                              DB6      DB6       87     1B6C       0
                text78                             1623     1623       46     2C46       0
                text77                              997      997       6C     132E       0
                text76                             10AC     10AC       14     2158       0
                text75                             1F5F     1F5F        F     3EBE       0
                text74                             1EDF     1EDF        C     3DBE       0
                text73                              F5F      F5F       A1     1EBE       0
                text72                              C3E      C3E       79     187C       0
                text71                             1E72     1E72        8     3CE4       0
                text70                             1E55     1E55        7     3CAA       0
                text69                             13B0     13B0       2D     2760       0
                text68                             112A     112A       17     2254       0
                text67                             11BD     11BD       1A     237A       0
                text66                             1264     1264       1F     24C8       0
                text65                             10C0     10C0       14     2180       0
                text64                             12C5     12C5       22     258A       0
                text63                              87A      87A       5E     10F4       0
                text62                              CB7      CB7       7F     196E       0
                text61                              7C1      7C1       3E        8       0
                text60                              D36      D36       80     1A6C       0
                text59                             1EC8     1EC8        B     3D90       0
                text58                             118B     118B       19     2316       0
                text57                             1E8A     1E8A        9     3D14       0
                text56                             143A     143A       31     2874       0
                text55                              41E      41E       F6        8       0
                text54                             1EEB     1EEB        C     3DD6       0
                text53                              A03      A03       6D     1406       0
                text52                             1599     1599       45     2B32       0
                text51                             1076     1076       11     20EC       0
                text50                             1EF7     1EF7        C     3DEE       0
                text49                             14D5     14D5       40     29AA       0
                text48                             1F03     1F03        C     3E06       0
                text47                             1E5C     1E5C        7     3CB8       0
                text46                             1E32     1E32        4     3C64       0
                text45                             1E43     1E43        6     3C86       0
                text44                             1F29     1F29        D     3E52       0
                text43                             11A4     11A4       19     2348       0
                text42                             1F36     1F36        D     3E6C       0
                text41                             1141     1141       18     2282       0
                text40                             11D7     11D7       1B     23AE       0
                text39                             1E63     1E63        7     3CC6       0
                text38                             1E36     1E36        4     3C6C       0
                text37                              800      800       1D     1000       0
                text36                             11F2     11F2       1B     23E4       0
                text35                              8D8      8D8       5E     11B0       0
                text34                             1555     1555       44     2AAA       0
                text33                             1E93     1E93        9     3D26       0
                text32                             1359     1359       2B     26B2       0
                text31                              328      328       F6        8       0
                text30                              514      514       B4        8       0
                text29                             17A5     17A5       5B     2F4A       0
                text28                             12E7     12E7       22     25CE       0
                text27                             14A0     14A0       35     2940       0
                text26                             1515     1515       40     2A2A       0
                text25                             1384     1384       2C     2708       0
                text24                              81D      81D       5D     103A       0
                text23                              E3D      E3D       90     1C7A       0
                text22                              ECD      ECD       92     1D9A       0
                text21                             1669     1669       47     2CD2       0
                text20                             16B0     16B0       4D     2D60       0
                text19                              5C8      5C8       AE        8       0
                text18                             1E3A     1E3A        4     3C74       0
                text17                             1E3E     1E3E        5     3C7C       0
                text16                             1E7A     1E7A        8     3CF4       0
                text15                             1F43     1F43        D     3E86       0
                text14                             1FBD     1FBD       10     3F7A       0
                text13                             1066     1066       10     20CC       0
                text12                             15DE     15DE       45     2BBC       0
                text11                              A70      A70       71     14E0       0
                text10                              AE1      AE1       72     15C2       0
                text9                              1F6E     1F6E        F     3EDC       0
                text8                               1CE      1CE      15A        8       0
                text7                              1E82     1E82        8     3D04       0
                text6                                 2        2        2        0       0
                text5                              120D     120D       1C     241A       0
                text4                              10D4     10D4       14     21A8       0
                text3                              13DD     13DD       2D     27BA       0
                text2                              1229     1229       1C     2452       0
                text1                               B53      B53       74     16A6       0
                maintext                           1751     1751       54     2EA2       0
                cstackBANK0                          20       20       50       20       1
                cstackCOMMON                         70       70        8       70       1
                inittext                           1E49     1E49        6     3C92       0
                clrtext                            1E4F     1E4F        6     3C9E       0
                bssBANK4                            220      220       25      220       1
                dataBANK3                           1A0      1A0       20      1A0       1
                bssBANK3                            1C0      1C0       10      1A0       1
                bssBANK2                            120      120       42      120       1
                bssBANK1                             A0       A0       48       A0       1
                bssCOMMON                            78       78        4       70       1
                bitbssCOMMON                        3E0       7C        2       70       1     8
                nvBANK1                              E8       E8        4       A0       1
                nvCOMMON                             7D       7D        1       70       1
                stringtext                         1000     1000       66       20       0
                idataBANK3                         1283     1283       20     2506       0

TOTAL           Name                               Link     Load   Length     Space
        CLASS   STACK          

        CLASS   CONST          

        CLASS   CODE           
                end_init                             16       16        2         0
                cinit                                18       18       34         0
                intentry                              4        4       12         0
                reset_vec                             0        0        2         0
                text118                            1E9C     1E9C        B         0
                text117                            1F0F     1F0F        D         0
                text116                            1F1C     1F1C        D         0
                text115                            1FCD     1FCD       11         0
                text114                            1087     1087       12         0
                text113                            1FDE     1FDE       11         0
                text112                            1EA7     1EA7        B         0
                text111                            1FEF     1FEF       11         0
                text110                            1F7D     1F7D       10         0
                text109                              4C       4C      182         0
                text108                            146B     146B       35         0
                text106                            1EB2     1EB2        B         0
                text105                             71F      71F       A2         0
                text104                            1159     1159       19         0
                text103                            1F8D     1F8D       10         0
                text102                            1E26     1E26        4         0
                text101                            1E2A     1E2A        4         0
                text100                            1309     1309       26         0
                text99                             1ED3     1ED3        C         0
                text98                             1172     1172       19         0
                text97                             1245     1245       1F         0
                text96                             132F     132F       2A         0
                text95                             140A     140A       30         0
                text94                             1E2E     1E2E        4         0
                text93                             10E8     10E8       15         0
                text92                             1113     1113       17         0
                text91                             1EBD     1EBD        B         0
                text90                             1E6A     1E6A        8         0
                text89                             16FD     16FD       54         0
                text88                              BC7      BC7       77         0
                text87                             1099     1099       13         0
                text86                             1F9D     1F9D       10         0
                text85                             1FAD     1FAD       10         0
                text84                             10FD     10FD       16         0
                text83                             1F50     1F50        F         0
                text82                              936      936       61         0
                text81                             12A3     12A3       22         0
                text80                              676      676       A9         0
                text79                              DB6      DB6       87         0
                text78                             1623     1623       46         0
                text77                              997      997       6C         0
                text76                             10AC     10AC       14         0
                text75                             1F5F     1F5F        F         0
                text74                             1EDF     1EDF        C         0
                text73                              F5F      F5F       A1         0
                text72                              C3E      C3E       79         0
                text71                             1E72     1E72        8         0
                text70                             1E55     1E55        7         0
                text69                             13B0     13B0       2D         0
                text68                             112A     112A       17         0
                text67                             11BD     11BD       1A         0
                text66                             1264     1264       1F         0
                text65                             10C0     10C0       14         0
                text64                             12C5     12C5       22         0
                text63                              87A      87A       5E         0
                text62                              CB7      CB7       7F         0
                text61                              7C1      7C1       3E         0
                text60                              D36      D36       80         0
                text59                             1EC8     1EC8        B         0
                text58                             118B     118B       19         0
                text57                             1E8A     1E8A        9         0
                text56                             143A     143A       31         0
                text55                              41E      41E       F6         0
                text54                             1EEB     1EEB        C         0
                text53                              A03      A03       6D         0
                text52                             1599     1599       45         0
                text51                             1076     1076       11         0
                text50                             1EF7     1EF7        C         0
                text49                             14D5     14D5       40         0
                text48                             1F03     1F03        C         0
                text47                             1E5C     1E5C        7         0
                text46                             1E32     1E32        4         0
                text45                             1E43     1E43        6         0
                text44                             1F29     1F29        D         0
                text43                             11A4     11A4       19         0
                text42                             1F36     1F36        D         0
                text41                             1141     1141       18         0
                text40                             11D7     11D7       1B         0
                text39                             1E63     1E63        7         0
                text38                             1E36     1E36        4         0
                text37                              800      800       1D         0
                text36                             11F2     11F2       1B         0
                text35                              8D8      8D8       5E         0
                text34                             1555     1555       44         0
                text33                             1E93     1E93        9         0
                text32                             1359     1359       2B         0
                text31                              328      328       F6         0
                text30                              514      514       B4         0
                text29                             17A5     17A5       5B         0
                text28                             12E7     12E7       22         0
                text27                             14A0     14A0       35         0
                text26                             1515     1515       40         0
                text25                             1384     1384       2C         0
                text24                              81D      81D       5D         0
                text23                              E3D      E3D       90         0
                text22                              ECD      ECD       92         0
                text21                             1669     1669       47         0
                text20                             16B0     16B0       4D         0
                text19                              5C8      5C8       AE         0
                text18                             1E3A     1E3A        4         0
                text17                             1E3E     1E3E        5         0
                text16                             1E7A     1E7A        8         0
                text15                             1F43     1F43        D         0
                text14                             1FBD     1FBD       10         0
                text13                             1066     1066       10         0
                text12                             15DE     15DE       45         0
                text11                              A70      A70       71         0
                text10                              AE1      AE1       72         0
                text9                              1F6E     1F6E        F         0
                text8                               1CE      1CE      15A         0
                text7                              1E82     1E82        8         0
                text6                                 2        2        2         0
                text5                              120D     120D       1C         0
                text4                              10D4     10D4       14         0
                text3                              13DD     13DD       2D         0
                text2                              1229     1229       1C         0
                text1                               B53      B53       74         0
                maintext                           1751     1751       54         0
                inittext                           1E49     1E49        6         0
                clrtext                            1E4F     1E4F        6         0
                idataBANK3                         1283     1283       20         0

        CLASS   STRCODE        
                stringtext                         1000     1000       66         0

        CLASS   ENTRY          

        CLASS   STRING         

        CLASS   COMMON         
                cstackCOMMON                         70       70        8         1
                bssCOMMON                            78       78        4         1
                bitbssCOMMON                        3E0       7C        2         1
                nvCOMMON                             7D       7D        1         1

        CLASS   BANK0          
                cstackBANK0                          20       20       50         1

        CLASS   BANK1          
                bssBANK1                             A0       A0       48         1
                nvBANK1                              E8       E8        4         1

        CLASS   BANK2          
                bssBANK2                            120      120       42         1

        CLASS   BANK3          
                dataBANK3                           1A0      1A0       20         1
                bssBANK3                            1C0      1C0       10         1

        CLASS   BANK4          
                bssBANK4                            220      220       25         1

        CLASS   BANK5          

        CLASS   BANK6          

        CLASS   BANK7          

        CLASS   BANK8          

        CLASS   BANK9          

        CLASS   BANK10         

        CLASS   BANK11         

        CLASS   BANK12         

        CLASS   BIGRAM         

        CLASS   RAM            

        CLASS   ABS1           
                abs_s1                               7E       7E        2         1

        CLASS   SFR0           

        CLASS   SFR1           

        CLASS   SFR2           

        CLASS   SFR3           

        CLASS   SFR4           

        CLASS   SFR5           

        CLASS   SFR6           

        CLASS   SFR7           

        CLASS   SFR8           

        CLASS   SFR9           

        CLASS   SFR10          

        CLASS   SFR11          

        CLASS   SFR12          

        CLASS   SFR13          

        CLASS   SFR14          

        CLASS   SFR15          

        CLASS   SFR16          

        CLASS   SFR17          

        CLASS   SFR18          

        CLASS   SFR19          

        CLASS   SFR20          

        CLASS   SFR21          

        CLASS   SFR22          

        CLASS   SFR23          

        CLASS   SFR24          

        CLASS   SFR25          

        CLASS   SFR26          

        CLASS   SFR27          

        CLASS   SFR28          

        CLASS   SFR29          

        CLASS   SFR30          

        CLASS   SFR31          

        CLASS   CONFIG         
                config                             8007     8007        2         0

        CLASS   IDLOC          

        CLASS   BANK31         

        CLASS   BANK30         

        CLASS   BANK29         

        CLASS   BANK28         

        CLASS   BANK27         

        CLASS   BANK26         

        CLASS   BANK25         

        CLASS   BANK24         

        CLASS   BANK23         

        CLASS   BANK22         

        CLASS   BANK21         

        CLASS   BANK20         

        CLASS   BANK19         

        CLASS   BANK18         

        CLASS   BANK17         

        CLASS   BANK16         

        CLASS   BANK15         

        CLASS   BANK14         

        CLASS   BANK13         

        CLASS   EEDATA         



SEGMENTS        Name                           Load    Length   Top    Selector   Space  Class     Delta

                reset_vec                      000000  000004  000004         0       0  CODE        2
                intentry                       000004  0007FB  0007FF         8       0  CODE        2
                cstackBANK0                    000020  000050  000070        20       1  BANK0       1
                cstackCOMMON                   000070  00000E  00007E        70       1  COMMON      1
                bssBANK1                       0000A0  00004C  0000EC        A0       1  BANK1       1
                bssBANK2                       000120  000042  000162       120       1  BANK2       1
                dataBANK3                      0001A0  000030  0001D0       1A0       1  BANK3       1
                bssBANK4                       000220  000025  000245       220       1  BANK4       1
                text37                         000800  00001D  00081D      1000       0  CODE        2
                text24                         00081D  00005D  00087A      103A       0  CODE        2
                text63                         00087A  00005E  0008D8      10F4       0  CODE        2
                text35                         0008D8  00005E  000936      11B0       0  CODE        2
                text82                         000936  000061  000997      126C       0  CODE        2
                text77                         000997  00006C  000A03      132E       0  CODE        2
                text53                         000A03  00006D  000A70      1406       0  CODE        2
                text11                         000A70  000071  000AE1      14E0       0  CODE        2
                text10                         000AE1  000072  000B53      15C2       0  CODE        2
                text1                          000B53  000074  000BC7      16A6       0  CODE        2
                text88                         000BC7  000077  000C3E      178E       0  CODE        2
                text72                         000C3E  000079  000CB7      187C       0  CODE        2
                text62                         000CB7  00007F  000D36      196E       0  CODE        2
                text60                         000D36  000080  000DB6      1A6C       0  CODE        2
                text79                         000DB6  000087  000E3D      1B6C       0  CODE        2
                text23                         000E3D  000090  000ECD      1C7A       0  CODE        2
                text22                         000ECD  000092  000F5F      1D9A       0  CODE        2
                text73                         000F5F  0000A1  001000      1EBE       0  CODE        2
                stringtext                     001000  000066  001066        20       0  STRCODE     2
                text13                         001066  000010  001076      20CC       0  CODE        2
                text51                         001076  000011  001087      20EC       0  CODE        2
                text114                        001087  000012  001099      210E       0  CODE        2
                text87                         001099  000013  0010AC      2132       0  CODE        2
                text76                         0010AC  000014  0010C0      2158       0  CODE        2
                text65                         0010C0  000014  0010D4      2180       0  CODE        2
                text4                          0010D4  000014  0010E8      21A8       0  CODE        2
                text93                         0010E8  000015  0010FD      21D0       0  CODE        2
                text84                         0010FD  000016  001113      21FA       0  CODE        2
                text92                         001113  000017  00112A      2226       0  CODE        2
                text68                         00112A  000017  001141      2254       0  CODE        2
                text41                         001141  000018  001159      2282       0  CODE        2
                text104                        001159  000019  001172      22B2       0  CODE        2
                text98                         001172  000019  00118B      22E4       0  CODE        2
                text58                         00118B  000019  0011A4      2316       0  CODE        2
                text43                         0011A4  000019  0011BD      2348       0  CODE        2
                text67                         0011BD  00001A  0011D7      237A       0  CODE        2
                text40                         0011D7  00001B  0011F2      23AE       0  CODE        2
                text36                         0011F2  00001B  00120D      23E4       0  CODE        2
                text5                          00120D  00001C  001229      241A       0  CODE        2
                text2                          001229  00001C  001245      2452       0  CODE        2
                text97                         001245  00001F  001264      248A       0  CODE        2
                text66                         001264  00001F  001283      24C8       0  CODE        2
                idataBANK3                     001283  000020  0012A3      2506       0  CODE        2
                text81                         0012A3  000022  0012C5      2546       0  CODE        2
                text64                         0012C5  000022  0012E7      258A       0  CODE        2
                text28                         0012E7  000022  001309      25CE       0  CODE        2
                text100                        001309  000026  00132F      2612       0  CODE        2
                text96                         00132F  00002A  001359      265E       0  CODE        2
                text32                         001359  00002B  001384      26B2       0  CODE        2
                text25                         001384  00002C  0013B0      2708       0  CODE        2
                text69                         0013B0  00002D  0013DD      2760       0  CODE        2
                text3                          0013DD  00002D  00140A      27BA       0  CODE        2
                text95                         00140A  000030  00143A      2814       0  CODE        2
                text56                         00143A  000031  00146B      2874       0  CODE        2
                text108                        00146B  000035  0014A0      28D6       0  CODE        2
                text27                         0014A0  000035  0014D5      2940       0  CODE        2
                text49                         0014D5  000040  001515      29AA       0  CODE        2
                text26                         001515  000040  001555      2A2A       0  CODE        2
                text34                         001555  000044  001599      2AAA       0  CODE        2
                text52                         001599  000045  0015DE      2B32       0  CODE        2
                text12                         0015DE  000045  001623      2BBC       0  CODE        2
                text78                         001623  000046  001669      2C46       0  CODE        2
                text21                         001669  000047  0016B0      2CD2       0  CODE        2
                text20                         0016B0  00004D  0016FD      2D60       0  CODE        2
                text89                         0016FD  000054  001751      2DFA       0  CODE        2
                maintext                       001751  000054  0017A5      2EA2       0  CODE        2
                text29                         0017A5  00005B  001800      2F4A       0  CODE        2
                text102                        001E26  000004  001E2A      3C4C       0  CODE        2
                text101                        001E2A  000004  001E2E      3C54       0  CODE        2
                text94                         001E2E  000004  001E32      3C5C       0  CODE        2
                text46                         001E32  000004  001E36      3C64       0  CODE        2
                text38                         001E36  000004  001E3A      3C6C       0  CODE        2
                text18                         001E3A  000004  001E3E      3C74       0  CODE        2
                text17                         001E3E  000005  001E43      3C7C       0  CODE        2
                text45                         001E43  000006  001E49      3C86       0  CODE        2
                inittext                       001E49  000006  001E4F      3C92       0  CODE        2
                clrtext                        001E4F  000006  001E55      3C9E       0  CODE        2
                text70                         001E55  000007  001E5C      3CAA       0  CODE        2
                text47                         001E5C  000007  001E63      3CB8       0  CODE        2
                text39                         001E63  000007  001E6A      3CC6       0  CODE        2
                text90                         001E6A  000008  001E72      3CD4       0  CODE        2
                text71                         001E72  000008  001E7A      3CE4       0  CODE        2
                text16                         001E7A  000008  001E82      3CF4       0  CODE        2
                text7                          001E82  000008  001E8A      3D04       0  CODE        2
                text57                         001E8A  000009  001E93      3D14       0  CODE        2
                text33                         001E93  000009  001E9C      3D26       0  CODE        2
                text118                        001E9C  00000B  001EA7      3D38       0  CODE        2
                text112                        001EA7  00000B  001EB2      3D4E       0  CODE        2
                text106                        001EB2  00000B  001EBD      3D64       0  CODE        2
                text91                         001EBD  00000B  001EC8      3D7A       0  CODE        2
                text59                         001EC8  00000B  001ED3      3D90       0  CODE        2
                text99                         001ED3  00000C  001EDF      3DA6       0  CODE        2
                text74                         001EDF  00000C  001EEB      3DBE       0  CODE        2
                text54                         001EEB  00000C  001EF7      3DD6       0  CODE        2
                text50                         001EF7  00000C  001F03      3DEE       0  CODE        2
                text48                         001F03  00000C  001F0F      3E06       0  CODE        2
                text117                        001F0F  00000D  001F1C      3E1E       0  CODE        2
                text116                        001F1C  00000D  001F29      3E38       0  CODE        2
                text44                         001F29  00000D  001F36      3E52       0  CODE        2
                text42                         001F36  00000D  001F43      3E6C       0  CODE        2
                text15                         001F43  00000D  001F50      3E86       0  CODE        2
                text83                         001F50  00000F  001F5F      3EA0       0  CODE        2
                text75                         001F5F  00000F  001F6E      3EBE       0  CODE        2
                text9                          001F6E  00000F  001F7D      3EDC       0  CODE        2
                text110                        001F7D  000010  001F8D      3EFA       0  CODE        2
                text103                        001F8D  000010  001F9D      3F1A       0  CODE        2
                text86                         001F9D  000010  001FAD      3F3A       0  CODE        2
                text85                         001FAD  000010  001FBD      3F5A       0  CODE        2
                text14                         001FBD  000010  001FCD      3F7A       0  CODE        2
                text115                        001FCD  000011  001FDE      3F9A       0  CODE        2
                text113                        001FDE  000011  001FEF      3FBC       0  CODE        2
                text111                        001FEF  000011  002000      3FDE       0  CODE        2
                config                         008007  000002  008009     1000E       0  CONFIG      2


UNUSED ADDRESS RANGES

        Name                Unused          Largest block    Delta
        BANK1            000EC-000EF               4           1
        BANK10           00520-0056F              50           1
        BANK11           005A0-005EF              50           1
        BANK12           00620-0064F              30           1
        BANK2            00162-0016F               E           1
        BANK3            001D0-001EF              20           1
        BANK4            00245-0026F              2B           1
        BANK5            002A0-002EF              50           1
        BANK6            00320-0036F              50           1
        BANK7            003A0-003EF              50           1
        BANK8            00420-0046F              50           1
        BANK9            004A0-004EF              50           1
        BIGRAM           02000-023EF             3F0           1
        CODE             007FF-007FF               1           2
                         01800-01E25             626
                         02000-03FFF             800
        CONST            007FF-007FF               1           2
                         01800-01E25             100
                         02000-03FFF             100
        ENTRY            007FF-007FF               1           2
                         01800-01E25             100
                         02000-03FFF             100
        IDLOC            08000-08003               4           2
        RAM              000EC-000EF               4           1
                         00162-0016F               E
                         001D0-001EF              20
                         00245-0026F              2B
                         002A0-002EF              50
                         00320-0036F              50
                         003A0-003EF              50
                         00420-0046F              50
                         004A0-004EF              50
                         00520-0056F              50
                         005A0-005EF              50
                         00620-0064F              30
        SFR0             00000-0001F              20           1
        SFR1             00080-0009F              20           1
        SFR10            00500-0051F              20           1
        SFR11            00580-0059F              20           1
        SFR12            00600-0061F              20           1
        SFR13            00680-006EF              70           1
        SFR14            00700-0076F              70           1
        SFR15            00780-007EF              70           1
        SFR16            00800-0086F              70           1
        SFR17            00880-008EF              70           1
        SFR18            00900-0096F              70           1
        SFR19            00980-009EF              70           1
        SFR2             00100-0011F              20           1
        SFR20            00A00-00A6F              70           1
        SFR21            00A80-00AEF              70           1
        SFR22            00B00-00B6F              70           1
        SFR23            00B80-00BEF              70           1
        SFR24            00C00-00C6F              70           1
        SFR25            00C80-00CEF              70           1
        SFR26            00D00-00D6F              70           1
        SFR27            00D80-00DEF              70           1
        SFR28            00E00-00E6F              70           1
        SFR29            00E80-00EEF              70           1
        SFR3             00180-0019F              20           1
        SFR30            00F00-00F6F              70           1
        SFR31            00F80-00FEF              70           1
        SFR4             00200-0021F              20           1
        SFR5             00280-0029F              20           1
        SFR6             00300-0031F              20           1
        SFR7             00380-0039F              20           1
        SFR8             00400-0041F              20           1
        SFR9             00480-0049F              20           1
        STACK            02165-0231F             1BB           1
        STRCODE          007FF-007FF               1           2
                         01800-01E25             626
                         02000-03FFF            2000
        STRING           007FF-007FF               1           2
                         01800-01E25             100
                         02000-03FFF             100

                                  Symbol Table

?___awdiv                                cstackBANK0  00020
?___awtoft                               cstackBANK0  00028
?___ftadd                                cstackBANK0  0003E
?___ftdiv                                cstackBANK0  0002E
?___ftmul                                cstackBANK0  0002E
?___ftpack                               cstackBANK0  00020
?___fttol                                cstackBANK0  0004B
CC2500_InitPATable@loop_d                cstackBANK0  00027
CC2500_InitPATable@temp                  cstackBANK0  00026
CC2500_InitSetREG@loop_c                 cstackBANK0  00028
CC2500_InitSetREG@temp1                  cstackBANK0  00026
CC2500_InitSetREG@temp2                  cstackBANK0  00027
CC2500_ReadByte@loop_b                   cstackBANK0  00021
CC2500_ReadStatus@status_addr            cstackBANK0  00023
CC2500_RxData@loop_f                     cstackBANK0  00025
CC2500_TxData@loop_e                     cstackBANK0  00025
CC2500_WriteByte@loop_a                  cstackBANK0  00021
CC2500_WriteCommand@command              cstackBANK0  00023
CC2500_WriteREG@value                    cstackBANK0  00022
CC2500_WriteREG@w_addr                   cstackBANK0  00024
DelayOffPointSelect@sw                   cstackBANK0  00021
DelayTime_1us@count                      cstackBANK0  00020
DelayTime_1us@i                          cstackBANK0  00022
DelayTime_1us@j                          cstackBANK0  00024
DelayTimejudge@i                         cstackBANK0  00022
DelayTimejudge@value                     cstackBANK0  00021
DimmerIntrPointSelect@lights             cstackCOMMON 00071
DimmerLightsPointSelect@lights           cstackBANK0  00021
DlyOff_Initialization@sw                 cstackBANK0  00022
DlyOff_Main@sw                           cstackBANK0  00064
Flash_Memory_Initialization@i            cstackBANK0  0005E
Flash_Memory_Modify@i                    cstackBANK0  00026
Flash_Memory_Read@address                cstackBANK0  00022
Flash_Memory_Read@i                      cstackBANK0  00021
Flash_Memory_Read@ret                    cstackBANK0  00023
Flash_Memory_Write@i                     cstackBANK0  00021
LedPointSelect@led                       cstackBANK0  00021
RF_RxDisable@rf                          cstackBANK0  00024
RfPointSelect@rf                         cstackBANK0  00021
RfSWPointSelect@sw                       cstackBANK0  00021
SwPointSelect@sw                         cstackBANK0  00021
Sw_DimmerAdjFunc@Idle                    cstackBANK0  00024
Sw_DimmerAdjFunc@sw                      cstackBANK0  00025
Sw_DimmerOffFunc@sw                      cstackBANK0  00064
Sw_DimmerOnFunc@Idle                     cstackBANK0  00062
Sw_DimmerOnFunc@sw                       cstackBANK0  00063
_ADCON0                                  (abs)        0009D
_ADCON1                                  (abs)        0009E
_ADC_Set                                 text47       01E5C
_ADRESH                                  (abs)        0009C
_ADRESL                                  (abs)        0009B
_ANSELA                                  (abs)        0018C
_ANSELB                                  (abs)        0018D
_ANSELC                                  (abs)        0018E
_Buz                                     bssCOMMON    00078
_Buz1                                    bssBANK2     0013C
_Buz_Counter                             text110      01F7D
_Buzzer_Initialization                   text106      01EB2
_Buzzer_Main                             text105      0071F
_CC2500_ClearRXFIFO                      text102      01E26
_CC2500_ClearTXFIFO                      text101      01E2A
_CC2500_FrequencyCabr                    text99       01ED3
_CC2500_InitPATable                      text97       01245
_CC2500_InitSetREG                       text96       0132F
_CC2500_PowerOnInitial                   text93       010E8
_CC2500_PowerRST                         text95       0140A
_CC2500_ReadByte                         text37       00800
_CC2500_ReadStatus                       text36       011F2
_CC2500_RxData                           text35       008D8
_CC2500_SIDLEMode                        text94       01E2E
_CC2500_TxData                           text34       01555
_CC2500_WriteByte                        text104      01159
_CC2500_WriteCommand                     text103      01F8D
_CC2500_WriteREG                         text98       01172
_CC2500_patable_vaule                    stringtext   0105E
_CC2500_registers_address                stringtext   01000
_CC2500_rfSettings                       stringtext   0102F
_CFGS                                    (abs)        00CAE
_CRC                                     bssBANK1     000B7
_DelayOff                                bssBANK1     000B8
_DelayOffPointSelect                     text92       01113
_DelayOff_Initialization                 text90       01E6A
_DelayOff_Main                           text71       01E72
_DelayTime_1us                           text100      01309
_DelayTimejudge                          text25       01384
_Dimmer                                  bssBANK1     000B9
_Dimmer1                                 bssBANK1     000E1
_DimmerIntrPointSelect                   text114      01087
_DimmerLights                            bssCOMMON    00079
_DimmerLights1                           bssBANK2     00120
_DimmerLights11                          bssBANK1     000BA
_DimmerLights2                           bssBANK2     0012E
_DimmerLights22                          bssBANK1     000BB
_DimmerLightsIntr                        bssCOMMON    0007A
_DimmerLightsPointSelect                 text87       01099
_DimmerLights_Close                      text65       010C0
_DimmerLights_Initialization             text68       0112A
_DimmerLights_Main                       text59       01EC8
_Dimmer_Initialization                   text70       01E55
_DlyOff_Initialization                   text91       01EBD
_DlyOff_Main                             text72       00C3E
_DlySw1                                  bssBANK1     000C6
_DlySw2                                  bssBANK1     000CB
_FREE                                    (abs)        00CAC
_FVRCON                                  (abs)        00117
_Flash_Memory_Erasing                    text54       01EEB
_Flash_Memory_Initialization             text55       0041E
_Flash_Memory_Main                       text52       01599
_Flash_Memory_Modify                     text53       00A03
_Flash_Memory_Read                       text58       0118B
_Flash_Memory_Unlock                     text57       01E8A
_Flash_Memory_Write                      text56       0143A
_Fosc_Set                                text46       01E32
_GIE                                     (abs)        0005F
_GO_nDONE                                (abs)        004E9
_INTE                                    (abs)        0005C
_INTF                                    (abs)        00059
_INT_ISR                                 text115      01FCD
_INT_Set                                 text45       01E43
_IOCBF                                   (abs)        00396
_IOCBF2                                  (abs)        01CB2
_IOCBN                                   (abs)        00395
_IOCBP                                   (abs)        00394
_IOCIE                                   (abs)        0005B
_IOCIF                                   (abs)        00058
_IOC_ISR                                 text111      01FEF
_IOC_Set                                 text44       01F29
_IO_Set                                  text43       011A4
_ISR                                     intentry     00004
_LATA                                    (abs)        0010C
_LATB                                    (abs)        0010D
_LATC                                    (abs)        0010E
_LED                                     bssBANK1     000BC
_LED_Initialization                      text50       01EF7
_LED_Main                                text48       01F03
_LWLO                                    (abs)        00CAD
_LedPointSelect                          text64       012C5
_Mcu_Initialization                      text40       011D7
_Memory                                  nvBANK1      000EB
_OPTION_REG                              (abs)        00095
_OSCCON                                  (abs)        00099
_PEIE                                    (abs)        0005E
_PMADRH                                  (abs)        00192
_PMADRL                                  (abs)        00191
_PMCON2                                  (abs)        00196
_PMDATH                                  (abs)        00194
_PMDATL                                  (abs)        00193
_PORTA                                   (abs)        0000C
_PORTB                                   (abs)        0000D
_PORTC                                   (abs)        0000E
_RA0                                     (abs)        00060
_RA3                                     (abs)        00063
_RA4                                     (abs)        00064
_RA6                                     (abs)        00066
_RA7                                     (abs)        00067
_RB0                                     (abs)        00068
_RB1                                     (abs)        00069
_RB3                                     (abs)        0006B
_RB4                                     (abs)        0006C
_RB5                                     (abs)        0006D
_RC0                                     (abs)        00070
_RC1                                     (abs)        00071
_RC2                                     (abs)        00072
_RC4                                     (abs)        00074
_RC5                                     (abs)        00075
_RC7                                     (abs)        00077
_RD                                      (abs)        00CA8
_RF                                      bssBANK1     000BD
_RF1                                     bssBANK1     000D0
_RFSW                                    bssBANK1     000BE
_RFSW1                                   bssBANK1     000E6
_RFSW2                                   bssBANK1     000E7
_RF_Count                                bssBANK1     000B5
_RF_Data                                 bssBANK1     000A0
_RF_Initialization                       text38       01E36
_RF_Main                                 text18       01E3A
_RF_RxDisable                            text32       01359
_RSSI                                    bssBANK1     000BF
_Receive_OK                              bitbssCOMMON 003E0
_RfPointSelect                           text74       01EDF
_RfSWPointSelect                         text84       010FD
_Rx_Length                               bssBANK1     000C0
_SPI0Buffer                              bssBANK1     000C1
_Sw                                      bssCOMMON    0007B
_Sw1                                     bssBANK2     00148
_Sw2                                     bssBANK2     00151
_SwPointSelect                           text76       010AC
_Sw_DimmerAdjFunc                        text12       015DE
_Sw_DimmerOffFunc                        text11       00A70
_Sw_DimmerOnFunc                         text10       00AE1
_Switch_Initialization                   text15       01F43
_Switch_Main                             text7        01E82
_TMR0                                    (abs)        00015
_TMR0IE                                  (abs)        0005D
_TMR0IF                                  (abs)        0005A
_TMR0_ISR                                text108      0146B
_TMR0_Set                                text42       01F36
_TRISA                                   (abs)        0008C
_TRISB                                   (abs)        0008D
_TRISC                                   (abs)        0008E
_Timer0                                  nvBANK1      000E8
_TouchPower                              text17       01E3E
_Transceive_OK                           bitbssCOMMON 003E1
_Tx_Length                               bssBANK1     000C2
_VarErrLED                               bssBANK1     000D5
_VarLED1                                 bssBANK1     000D9
_VarLED2                                 bssBANK1     000DD
_VarMemory                               bssBANK4     00220
_VarTimer0                               bssBANK2     0015A
_WDT                                     nvBANK1      000E9
_WDTCON                                  (abs)        00097
_WDT_Clearing                            text6        00002
_WDT_Main                                text5        0120D
_WDT_Set                                 text41       01141
_WPUB0                                   (abs)        01068
_WPUB1                                   (abs)        01069
_WPUB2                                   (abs)        0106A
_WR                                      (abs)        00CA9
_WREN                                    (abs)        00CAA
__CFG_BOREN$OFF                          (abs)        00000
__CFG_FOSC$INTOSC                        (abs)        00000
__CFG_VCAPEN$OFF                         (abs)        00000
__CFG_WRT$HALF                           (abs)        00000
__Habs1                                  abs1         00000
__Hbank0                                 bank0        00000
__Hbank1                                 bank1        00000
__Hbank10                                bank10       00000
__Hbank11                                bank11       00000
__Hbank12                                bank12       00000
__Hbank13                                bank13       00000
__Hbank14                                bank14       00000
__Hbank15                                bank15       00000
__Hbank16                                bank16       00000
__Hbank17                                bank17       00000
__Hbank18                                bank18       00000
__Hbank19                                bank19       00000
__Hbank2                                 bank2        00000
__Hbank20                                bank20       00000
__Hbank21                                bank21       00000
__Hbank22                                bank22       00000
__Hbank23                                bank23       00000
__Hbank24                                bank24       00000
__Hbank25                                bank25       00000
__Hbank26                                bank26       00000
__Hbank27                                bank27       00000
__Hbank28                                bank28       00000
__Hbank29                                bank29       00000
__Hbank3                                 bank3        00000
__Hbank30                                bank30       00000
__Hbank31                                bank31       00000
__Hbank4                                 bank4        00000
__Hbank5                                 bank5        00000
__Hbank6                                 bank6        00000
__Hbank7                                 bank7        00000
__Hbank8                                 bank8        00000
__Hbank9                                 bank9        00000
__Hbigram                                bigram       00000
__HbitbssCOMMON                          bitbssCOMMON 00000
__HbssBANK1                              bssBANK1     00000
__HbssBANK2                              bssBANK2     00000
__HbssBANK3                              bssBANK3     00000
__HbssBANK4                              bssBANK4     00000
__HbssCOMMON                             bssCOMMON    00000
__Hcinit                                 cinit        0004C
__Hclrtext                               clrtext      00000
__Hcode                                  code         00000
__Hcommon                                common       00000
__Hconfig                                config       08009
__HcstackBANK0                           cstackBANK0  00000
__HcstackCOMMON                          cstackCOMMON 00000
__HdataBANK3                             dataBANK3    00000
__Heeprom_data                           eeprom_data  00000
__Hend_init                              end_init     00018
__Hfunctab                               functab      00000
__HidataBANK3                            idataBANK3   00000
__Hidloc                                 idloc        00000
__Hinit                                  init         00016
__Hinittext                              inittext     00000
__Hintentry                              intentry     00016
__Hmaintext                              maintext     00000
__HnvBANK1                               nvBANK1      00000
__HnvCOMMON                              nvCOMMON     00000
__Hpowerup                               powerup      00000
__Hram                                   ram          00000
__Hreset_vec                             reset_vec    00002
__Hsfr0                                  sfr0         00000
__Hsfr1                                  sfr1         00000
__Hsfr10                                 sfr10        00000
__Hsfr11                                 sfr11        00000
__Hsfr12                                 sfr12        00000
__Hsfr13                                 sfr13        00000
__Hsfr14                                 sfr14        00000
__Hsfr15                                 sfr15        00000
__Hsfr16                                 sfr16        00000
__Hsfr17                                 sfr17        00000
__Hsfr18                                 sfr18        00000
__Hsfr19                                 sfr19        00000
__Hsfr2                                  sfr2         00000
__Hsfr20                                 sfr20        00000
__Hsfr21                                 sfr21        00000
__Hsfr22                                 sfr22        00000
__Hsfr23                                 sfr23        00000
__Hsfr24                                 sfr24        00000
__Hsfr25                                 sfr25        00000
__Hsfr26                                 sfr26        00000
__Hsfr27                                 sfr27        00000
__Hsfr28                                 sfr28        00000
__Hsfr29                                 sfr29        00000
__Hsfr3                                  sfr3         00000
__Hsfr30                                 sfr30        00000
__Hsfr31                                 sfr31        00000
__Hsfr4                                  sfr4         00000
__Hsfr5                                  sfr5         00000
__Hsfr6                                  sfr6         00000
__Hsfr7                                  sfr7         00000
__Hsfr8                                  sfr8         00000
__Hsfr9                                  sfr9         00000
__Hspace_0                               (abs)        08009
__Hspace_1                               (abs)        003E2
__Hspace_2                               (abs)        00000
__Hspace_3                               (abs)        00000
__Hstack                                 stack        00000
__Hstrings                               strings      00000
__Hstringtext                            stringtext   00000
__Htext                                  text         00000
__Labs1                                  abs1         00000
__Lbank0                                 bank0        00000
__Lbank1                                 bank1        00000
__Lbank10                                bank10       00000
__Lbank11                                bank11       00000
__Lbank12                                bank12       00000
__Lbank13                                bank13       00000
__Lbank14                                bank14       00000
__Lbank15                                bank15       00000
__Lbank16                                bank16       00000
__Lbank17                                bank17       00000
__Lbank18                                bank18       00000
__Lbank19                                bank19       00000
__Lbank2                                 bank2        00000
__Lbank20                                bank20       00000
__Lbank21                                bank21       00000
__Lbank22                                bank22       00000
__Lbank23                                bank23       00000
__Lbank24                                bank24       00000
__Lbank25                                bank25       00000
__Lbank26                                bank26       00000
__Lbank27                                bank27       00000
__Lbank28                                bank28       00000
__Lbank29                                bank29       00000
__Lbank3                                 bank3        00000
__Lbank30                                bank30       00000
__Lbank31                                bank31       00000
__Lbank4                                 bank4        00000
__Lbank5                                 bank5        00000
__Lbank6                                 bank6        00000
__Lbank7                                 bank7        00000
__Lbank8                                 bank8        00000
__Lbank9                                 bank9        00000
__Lbigram                                bigram       00000
__LbitbssCOMMON                          bitbssCOMMON 00000
__LbssBANK1                              bssBANK1     00000
__LbssBANK2                              bssBANK2     00000
__LbssBANK3                              bssBANK3     00000
__LbssBANK4                              bssBANK4     00000
__LbssCOMMON                             bssCOMMON    00000
__Lcinit                                 cinit        00018
__Lclrtext                               clrtext      00000
__Lcode                                  code         00000
__Lcommon                                common       00000
__Lconfig                                config       08007
__LcstackBANK0                           cstackBANK0  00000
__LcstackCOMMON                          cstackCOMMON 00000
__LdataBANK3                             dataBANK3    00000
__Leeprom_data                           eeprom_data  00000
__Lend_init                              end_init     00016
__Lfunctab                               functab      00000
__LidataBANK3                            idataBANK3   00000
__Lidloc                                 idloc        00000
__Linit                                  init         00016
__Linittext                              inittext     00000
__Lintentry                              intentry     00004
__Lmaintext                              maintext     00000
__LnvBANK1                               nvBANK1      00000
__LnvCOMMON                              nvCOMMON     00000
__Lpowerup                               powerup      00000
__Lram                                   ram          00000
__Lreset_vec                             reset_vec    00000
__Lsfr0                                  sfr0         00000
__Lsfr1                                  sfr1         00000
__Lsfr10                                 sfr10        00000
__Lsfr11                                 sfr11        00000
__Lsfr12                                 sfr12        00000
__Lsfr13                                 sfr13        00000
__Lsfr14                                 sfr14        00000
__Lsfr15                                 sfr15        00000
__Lsfr16                                 sfr16        00000
__Lsfr17                                 sfr17        00000
__Lsfr18                                 sfr18        00000
__Lsfr19                                 sfr19        00000
__Lsfr2                                  sfr2         00000
__Lsfr20                                 sfr20        00000
__Lsfr21                                 sfr21        00000
__Lsfr22                                 sfr22        00000
__Lsfr23                                 sfr23        00000
__Lsfr24                                 sfr24        00000
__Lsfr25                                 sfr25        00000
__Lsfr26                                 sfr26        00000
__Lsfr27                                 sfr27        00000
__Lsfr28                                 sfr28        00000
__Lsfr29                                 sfr29        00000
__Lsfr3                                  sfr3         00000
__Lsfr30                                 sfr30        00000
__Lsfr31                                 sfr31        00000
__Lsfr4                                  sfr4         00000
__Lsfr5                                  sfr5         00000
__Lsfr6                                  sfr6         00000
__Lsfr7                                  sfr7         00000
__Lsfr8                                  sfr8         00000
__Lsfr9                                  sfr9         00000
__Lspace_0                               (abs)        00000
__Lspace_1                               (abs)        00000
__Lspace_2                               (abs)        00000
__Lspace_3                               (abs)        00000
__Lstack                                 stack        00000
__Lstrings                               strings      00000
__Lstringtext                            stringtext   00000
__Ltext                                  text         00000
__S0                                     (abs)        08009
__S1                                     (abs)        00245
__S2                                     (abs)        00000
__WDT                                    bssBANK1     000E4
___awdiv                                 text89       016FD
___awdiv@counter                         cstackBANK0  00025
___awdiv@dividend                        cstackBANK0  00022
___awdiv@divisor                         cstackBANK0  00020
___awdiv@quotient                        cstackBANK0  00027
___awdiv@sign                            cstackBANK0  00026
___awtoft                                text81       012A3
___awtoft@c                              cstackBANK0  00028
___awtoft@sign                           cstackBANK0  0002D
___ftadd                                 text31       00328
___ftadd@exp1                            cstackBANK0  0004A
___ftadd@exp2                            cstackBANK0  00049
___ftadd@f1                              cstackBANK0  0003E
___ftadd@f2                              cstackBANK0  00041
___ftadd@sign                            cstackBANK0  00048
___ftdiv                                 text80       00676
___ftdiv@cntr                            cstackBANK0  00038
___ftdiv@exp                             cstackBANK0  0003C
___ftdiv@f1                              cstackBANK0  00031
___ftdiv@f2                              cstackBANK0  0002E
___ftdiv@f3                              cstackBANK0  00039
___ftdiv@sign                            cstackBANK0  0003D
___ftmul                                 text30       00514
___ftmul@cntr                            cstackBANK0  0003C
___ftmul@exp                             cstackBANK0  00038
___ftmul@f1                              cstackBANK0  0002E
___ftmul@f2                              cstackBANK0  00031
___ftmul@f3_as_product                   cstackBANK0  00039
___ftmul@sign                            cstackBANK0  0003D
___ftpack                                text82       00936
___ftpack@arg                            cstackBANK0  00020
___ftpack@exp                            cstackBANK0  00023
___ftpack@sign                           cstackBANK0  00024
___fttol                                 text79       00DB6
___fttol@exp1                            cstackBANK0  00058
___fttol@f1                              cstackBANK0  0004B
___fttol@lval                            cstackBANK0  00054
___fttol@sign1                           cstackBANK0  00053
___int_sp                                stack        00000
___latbits                               (abs)        00003
___sp                                    stack        00000
__end_of_ADC_Set                         text47       01E63
__end_of_Buz_Counter                     text110      01F8D
__end_of_Buzzer_Initialization           text106      01EBD
__end_of_Buzzer_Main                     text105      007C1
__end_of_CC2500_ClearRXFIFO              text102      01E2A
__end_of_CC2500_ClearTXFIFO              text101      01E2E
__end_of_CC2500_FrequencyCabr            text99       01EDF
__end_of_CC2500_InitPATable              text97       01264
__end_of_CC2500_InitSetREG               text96       01359
__end_of_CC2500_PowerOnInitial           text93       010FD
__end_of_CC2500_PowerRST                 text95       0143A
__end_of_CC2500_ReadByte                 text37       0081D
__end_of_CC2500_ReadStatus               text36       0120D
__end_of_CC2500_RxData                   text35       00936
__end_of_CC2500_SIDLEMode                text94       01E32
__end_of_CC2500_TxData                   text34       01599
__end_of_CC2500_WriteByte                text104      01172
__end_of_CC2500_WriteCommand             text103      01F9D
__end_of_CC2500_WriteREG                 text98       0118B
__end_of_CC2500_patable_vaule            stringtext   01066
__end_of_CC2500_registers_address        stringtext   0102F
__end_of_CC2500_rfSettings               stringtext   0105E
__end_of_DelayOffPointSelect             text92       0112A
__end_of_DelayOff_Initialization         text90       01E72
__end_of_DelayOff_Main                   text71       01E7A
__end_of_DelayTime_1us                   text100      0132F
__end_of_DelayTimejudge                  text25       013B0
__end_of_DimmerIntrPointSelect           text114      01099
__end_of_DimmerLightsPointSelect         text87       010AC
__end_of_DimmerLights_Close              text65       010D4
__end_of_DimmerLights_Initialization     text68       01141
__end_of_DimmerLights_Main               text59       01ED3
__end_of_Dimmer_Initialization           text70       01E5C
__end_of_DlyOff_Initialization           text91       01EC8
__end_of_DlyOff_Main                     text72       00CB7
__end_of_Flash_Memory_Erasing            text54       01EF7
__end_of_Flash_Memory_Initialization     text55       00514
__end_of_Flash_Memory_Main               text52       015DE
__end_of_Flash_Memory_Modify             text53       00A70
__end_of_Flash_Memory_Read               text58       011A4
__end_of_Flash_Memory_Unlock             text57       01E93
__end_of_Flash_Memory_Write              text56       0146B
__end_of_Fosc_Set                        text46       01E36
__end_of_INT_ISR                         text115      01FDE
__end_of_INT_Set                         text45       01E49
__end_of_IOC_ISR                         text111      02000
__end_of_IOC_Set                         text44       01F36
__end_of_IO_Set                          text43       011BD
__end_of_ISR                             intentry     00016
__end_of_LED_Initialization              text50       01F03
__end_of_LED_Main                        text48       01F0F
__end_of_LedPointSelect                  text64       012E7
__end_of_Mcu_Initialization              text40       011F2
__end_of_RF_Initialization               text38       01E3A
__end_of_RF_Main                         text18       01E3E
__end_of_RF_RxDisable                    text32       01384
__end_of_RfPointSelect                   text74       01EEB
__end_of_RfSWPointSelect                 text84       01113
__end_of_SwPointSelect                   text76       010C0
__end_of_Sw_DimmerAdjFunc                text12       01623
__end_of_Sw_DimmerOffFunc                text11       00AE1
__end_of_Sw_DimmerOnFunc                 text10       00B53
__end_of_Switch_Initialization           text15       01F50
__end_of_Switch_Main                     text7        01E8A
__end_of_TMR0_ISR                        text108      014A0
__end_of_TMR0_Set                        text42       01F43
__end_of_TouchPower                      text17       01E43
__end_of_WDT_Clearing                    text6        00004
__end_of_WDT_Main                        text5        01229
__end_of_WDT_Set                         text41       01159
__end_of___awdiv                         text89       01751
__end_of___awtoft                        text81       012C5
__end_of___ftadd                         text31       0041E
__end_of___ftdiv                         text80       0071F
__end_of___ftmul                         text30       005C8
__end_of___ftpack                        text82       00997
__end_of___fttol                         text79       00E3D
__end_of__initialization                 cinit        00048
__end_of_getDimmerLights_StatusFlag      text67       011D7
__end_of_getPercentValue                 text29       01800
__end_of_getRxData                       text20       016FD
__end_of_main                            maintext     017A5
__end_of_myMain_Initialization           text4        010E8
[...]
      Totals:         5       0       0       0       0       0       0       0       0       0       0       0       0       0
Total ram usage:        5 bytes
 Hardware stack levels used:    1
 Hardware stack levels required when called:    1
 This function calls:
		_DimmerIntrPointSelect
 This function is called by:
		_TMR0_ISR
 This function uses a non-reentrant model


 *************** function _Buz_Counter *****************
 Defined at:
		line 23 in file "../src/Buzzer_B1.c"
 Parameters:    Size  Location     Type
		None
 Auto vars:     Size  Location     Type
		None
 Return value:  Size  Location     Type
		None               void
 Registers used:
		wreg, fsr1l, fsr1h, status,2, status,0
 Tracked objects:
		On entry : 
		On exit  : 
		Unchanged: 
 Data sizes:     COMMON   BANK0   BANK1   BANK2   BANK3   BANK4   BANK5   BANK6   BANK7   BANK8   BANK9  BANK10  BANK11  BANK12
      Params:         0       0       0       0       0       0       0       0       0       0       0       0       0       0
      Locals:         0       0       0       0       0       0       0       0       0       0       0       0       0       0
      Temps:          0       0       0       0       0       0       0       0       0       0       0       0       0       0
      Totals:         0       0       0       0       0       0       0       0       0       0       0       0       0       0
Total ram usage:        0 bytes
 Hardware stack levels used:    1
 This function calls:
		Nothing
 This function is called by:
		_TMR0_ISR
 This function uses a non-reentrant model


 *************** function _IOC_ISR *****************
 Defined at:
		line 296 in file "../src/MCU_B1.c"
 Parameters:    Size  Location     Type
		None
 Auto vars:     Size  Location     Type
		None
 Return value:  Size  Location     Type
		None               void
 Registers used:
		wreg, fsr1l, fsr1h, status,2, status,0, pclath, cstack
 Tracked objects:
		On entry : 
		On exit  : 
		Unchanged: 
 Data sizes:     COMMON   BANK0   BANK1   BANK2   BANK3   BANK4   BANK5   BANK6   BANK7   BANK8   BANK9  BANK10  BANK11  BANK12
      Params:         0       0       0       0       0       0       0       0       0       0       0       0       0       0
      Locals:         0       0       0       0       0       0       0       0       0       0       0       0       0       0
      Temps:          0       0       0       0       0       0       0       0       0       0       0       0       0       0
      Totals:         0       0       0       0       0       0       0       0       0       0       0       0       0       0
Total ram usage:        0 bytes
 Hardware stack levels used:    1
 Hardware stack levels required when called:    3
 This function calls:
		_setDimmerReClock
 This function is called by:
		_ISR
 This function uses a non-reentrant model


 *************** function _setDimmerReClock *****************
 Defined at:
		line 175 in file "../src/MCU_B1.c"
 Parameters:    Size  Location     Type
		None
 Auto vars:     Size  Location     Type
		None
 Return value:  Size  Location     Type
		None               void
 Registers used:
		wreg, fsr1l, fsr1h, status,2, status,0, pclath, cstack
 Tracked objects:
		On entry : 
		On exit  : 
		Unchanged: 
 Data sizes:     COMMON   BANK0   BANK1   BANK2   BANK3   BANK4   BANK5   BANK6   BANK7   BANK8   BANK9  BANK10  BANK11  BANK12
      Params:         0       0       0       0       0       0       0       0       0       0       0       0       0       0
      Locals:         0       0       0       0       0       0       0       0       0       0       0       0       0       0
      Temps:          0       0       0       0       0       0       0       0       0       0       0       0       0       0
      Totals:         0       0       0       0       0       0       0       0       0       0       0       0       0       0
Total ram usage:        0 bytes
 Hardware stack levels used:    1
 Hardware stack levels required when called:    2
 This function calls:
		_setDimmerLights_IntrGO
 This function is called by:
		_IOC_ISR
 This function uses a non-reentrant model


 *************** function _setDimmerLights_IntrGO *****************
 Defined at:
		line 251 in file "../src/Dimmer_B1.c"
 Parameters:    Size  Location     Type
  lights          1    wreg     unsigned char 
 Auto vars:     Size  Location     Type
  lights          1    2[COMMON] unsigned char 
 Return value:  Size  Location     Type
		None               void
 Registers used:
		wreg, fsr1l, fsr1h, status,2, status,0, pclath, cstack
 Tracked objects:
		On entry : 
		On exit  : 
		Unchanged: 
 Data sizes:     COMMON   BANK0   BANK1   BANK2   BANK3   BANK4   BANK5   BANK6   BANK7   BANK8   BANK9  BANK10  BANK11  BANK12
      Params:         0       0       0       0       0       0       0       0       0       0       0       0       0       0
      Locals:         1       0       0       0       0       0       0       0       0       0       0       0       0       0
      Temps:          0       0       0       0       0       0       0       0       0       0       0       0       0       0
      Totals:         1       0       0       0       0       0       0       0       0       0       0       0       0       0
Total ram usage:        1 bytes
 Hardware stack levels used:    1
 Hardware stack levels required when called:    1
 This function calls:
		_DimmerIntrPointSelect
 This function is called by:
		_setDimmerReClock
 This function uses a non-reentrant model


 *************** function _DimmerIntrPointSelect *****************
 Defined at:
		line 7 in file "../src/Dimmer_B1.c"
 Parameters:    Size  Location     Type
  lights          1    wreg     unsigned char 
 Auto vars:     Size  Location     Type
  lights          1    1[COMMON] unsigned char 
 Return value:  Size  Location     Type
		None               void
 Registers used:
		wreg
 Tracked objects:
		On entry : 
		On exit  : 
		Unchanged: 
 Data sizes:     COMMON   BANK0   BANK1   BANK2   BANK3   BANK4   BANK5   BANK6   BANK7   BANK8   BANK9  BANK10  BANK11  BANK12
      Params:         0       0       0       0       0       0       0       0       0       0       0       0       0       0
      Locals:         1       0       0       0       0       0       0       0       0       0       0       0       0       0
      Temps:          1       0       0       0       0       0       0       0       0       0       0       0       0       0
      Totals:         2       0       0       0       0       0       0       0       0       0       0       0       0       0
Total ram usage:        2 bytes
 Hardware stack levels used:    1
 This function calls:
		Nothing
 This function is called by:
		_setDimmerLights_IntrControl
		_setDimmerLights_IntrGO
 This function uses a non-reentrant model


 *************** function _INT_ISR *****************
 Defined at:
		line 248 in file "../src/MCU_B1.c"
 Parameters:    Size  Location     Type
		None
 Auto vars:     Size  Location     Type
		None
 Return value:  Size  Location     Type
		None               void
 Registers used:
		wreg, fsr1l, fsr1h, status,2, status,0, pclath, cstack
 Tracked objects:
		On entry : 
		On exit  : 
		Unchanged: 
 Data sizes:     COMMON   BANK0   BANK1   BANK2   BANK3   BANK4   BANK5   BANK6   BANK7   BANK8   BANK9  BANK10  BANK11  BANK12
      Params:         0       0       0       0       0       0       0       0       0       0       0       0       0       0
      Locals:         0       0       0       0       0       0       0       0       0       0       0       0       0       0
      Temps:          0       0       0       0       0       0       0       0       0       0       0       0       0       0
      Totals:         0       0       0       0       0       0       0       0       0       0       0       0       0       0
Total ram usage:        0 bytes
 Hardware stack levels used:    1
 Hardware stack levels required when called:    2
 This function calls:
		_setRF_ReceiveGO
		_setRF_RxStatus
 This function is called by:
		_ISR
 This function uses a non-reentrant model


 *************** function _setRF_RxStatus *****************
 Defined at:
		line 42 in file "../src/RF_Control_B1.c"
 Parameters:    Size  Location     Type
  rf              1    wreg     unsigned char 
  command         1    2[COMMON] unsigned char 
 Auto vars:     Size  Location     Type
  rf              1    3[COMMON] unsigned char 
 Return value:  Size  Location     Type
		None               void
 Registers used:
		wreg, fsr1l, fsr1h, status,2, status,0, pclath, cstack
 Tracked objects:
		On entry : 
		On exit  : 
		Unchanged: 
 Data sizes:     COMMON   BANK0   BANK1   BANK2   BANK3   BANK4   BANK5   BANK6   BANK7   BANK8   BANK9  BANK10  BANK11  BANK12
      Params:         1       0       0       0       0       0       0       0       0       0       0       0       0       0
      Locals:         1       0       0       0       0       0       0       0       0       0       0       0       0       0
      Temps:          0       0       0       0       0       0       0       0       0       0       0       0       0       0
      Totals:         2       0       0       0       0       0       0       0       0       0       0       0       0       0
Total ram usage:        2 bytes
 Hardware stack levels used:    1
 Hardware stack levels required when called:    1
 This function calls:
		i1_RfPointSelect
 This function is called by:
		_INT_ISR
 This function uses a non-reentrant model


 *************** function _setRF_ReceiveGO *****************
 Defined at:
		line 36 in file "../src/RF_Control_B1.c"
 Parameters:    Size  Location     Type
  rf              1    wreg     unsigned char 
  command         1    2[COMMON] unsigned char 
 Auto vars:     Size  Location     Type
  rf              1    3[COMMON] unsigned char 
 Return value:  Size  Location     Type
		None               void
 Registers used:
		wreg, fsr1l, fsr1h, status,2, status,0, pclath, cstack
 Tracked objects:
		On entry : 
		On exit  : 
		Unchanged: 
 Data sizes:     COMMON   BANK0   BANK1   BANK2   BANK3   BANK4   BANK5   BANK6   BANK7   BANK8   BANK9  BANK10  BANK11  BANK12
      Params:         1       0       0       0       0       0       0       0       0       0       0       0       0       0
      Locals:         1       0       0       0       0       0       0       0       0       0       0       0       0       0
      Temps:          0       0       0       0       0       0       0       0       0       0       0       0       0       0
      Totals:         2       0       0       0       0       0       0       0       0       0       0       0       0       0
Total ram usage:        2 bytes
 Hardware stack levels used:    1
 Hardware stack levels required when called:    1
 This function calls:
		i1_RfPointSelect
 This function is called by:
		_INT_ISR
 This function uses a non-reentrant model


 *************** function i1_RfPointSelect *****************
 Defined at:
		line 7 in file "../src/RF_Control_B1.c"
 Parameters:    Size  Location     Type
  rf              1    wreg     unsigned char 
 Auto vars:     Size  Location     Type
  rf              1    1[COMMON] unsigned char 
 Return value:  Size  Location     Type
		None               void
 Registers used:
		wreg
 Tracked objects:
		On entry : 
		On exit  : 
		Unchanged: 
 Data sizes:     COMMON   BANK0   BANK1   BANK2   BANK3   BANK4   BANK5   BANK6   BANK7   BANK8   BANK9  BANK10  BANK11  BANK12
      Params:         0       0       0       0       0       0       0       0       0       0       0       0       0       0
      Locals:         1       0       0       0       0       0       0       0       0       0       0       0       0       0
      Temps:          1       0       0       0       0       0       0       0       0       0       0       0       0       0
      Totals:         2       0       0       0       0       0       0       0       0       0       0       0       0       0
Total ram usage:        2 bytes
 Hardware stack levels used:    1
 This function calls:
		Nothing
 This function is called by:
		_setRF_ReceiveGO
		_setRF_RxStatus
 This function uses a non-reentrant model



MODULE INFORMATION

Module		Function		Class		Link	Load	Size
C:\Program Files (x86)\Microchip\xc8\v1.32\sources\common\float.c
		___ftpack      		CODE           	0936	0000	97

C:\Program Files (x86)\Microchip\xc8\v1.32\sources\common\float.c estimated size: 97

C:\Program Files (x86)\Microchip\xc8\v1.32\sources\common\awtoft.c
		___awtoft      		CODE           	12A3	0000	34

C:\Program Files (x86)\Microchip\xc8\v1.32\sources\common\awtoft.c estimated size: 34

../src/MCU_B1.c
		_Fosc_Set      		CODE           	1E32	0000	4
		_IO_Set        		CODE           	11A4	0000	25
		_WDT_Set       		CODE           	1141	0000	24
		_WDT_Main      		CODE           	120D	0000	28
		_ADC_Set       		CODE           	1E5C	0000	7
		_IOC_ISR       		CODE           	1FEF	0000	17
		_INT_Set       		CODE           	1E43	0000	6
		_ISR           		CODE           	0004	0000	18
		_Flash_Memory_W		CODE           	143A	0000	49
		_Flash_Memory_M		CODE           	0A03	0000	109
		_setMemory_GO  		CODE           	1264	0000	31
		_setINT_GO     		CODE           	1E93	0000	9
		_IOC_Set       		CODE           	1F29	0000	13
		_WDT_Clearing  		CODE           	0002	0000	2
		_Mcu_Initializa		CODE           	11D7	0000	27
		_Flash_Memory_I		CODE           	041E	0000	246
		_TMR0_Set      		CODE           	1F36	0000	13
		_Flash_Memory_U		CODE           	1E8A	0000	9
		_INT_ISR       		CODE           	1FCD	0000	17
		_TMR0_ISR      		CODE           	146B	0000	53
		_Flash_Memory_R		CODE           	118B	0000	25
		_Flash_Memory_E		CODE           	1EEB	0000	12
		_setDimmerReClo		CODE           	1EA7	0000	11
		_Flash_Memory_M		CODE           	1599	0000	69

../src/MCU_B1.c estimated size: 824

C:\Program Files (x86)\Microchip\xc8\v1.32\sources\common\ftmul.c
		___ftmul       		CODE           	0514	0000	180

C:\Program Files (x86)\Microchip\xc8\v1.32\sources\common\ftmul.c estimated size: 180

../src/Buzzer_B1.c
		_Buzzer_Main   		CODE           	071F	0000	162
		_setBuz        		CODE           	0BC7	0000	119
		_Buzzer_Initial		CODE           	1EB2	0000	11
		_Buz_Counter   		CODE           	1F7D	0000	16

../src/Buzzer_B1.c estimated size: 308

../src/LED_B1.c
		_setLED        		CODE           	087A	0000	94
		_LED_Main      		CODE           	1F03	0000	12
		_setLED_Initial		CODE           	1076	0000	17
		_LedPointSelect		CODE           	12C5	0000	34
		_setLED_Main   		CODE           	14D5	0000	64
		_LED_Initializa		CODE           	1EF7	0000	12

../src/LED_B1.c estimated size: 233

../src/CC2500_B1.c
		_DelayTime_1us 		CODE           	1309	0000	38
		_CC2500_Frequen		CODE           	1ED3	0000	12
		_CC2500_SIDLEMo		CODE           	1E2E	0000	4
		_CC2500_PowerOn		CODE           	10E8	0000	21
		_CC2500_WriteBy		CODE           	1159	0000	25
		_CC2500_RxData 		CODE           	08D8	0000	94
		_CC2500_TxData 		CODE           	1555	0000	68
		_CC2500_ClearRX		CODE           	1E26	0000	4
		_CC2500_ClearTX		CODE           	1E2A	0000	4
		_CC2500_InitPAT		CODE           	1245	0000	31
		_CC2500_WriteRE		CODE           	1172	0000	25
		_CC2500_ReadSta		CODE           	11F2	0000	27
		_CC2500_PowerRS		CODE           	140A	0000	48
		_CC2500_ReadByt		CODE           	0800	0000	29
		_CC2500_InitSet		CODE           	132F	0000	42
		_CC2500_WriteCo		CODE           	1F8D	0000	16

../src/CC2500_B1.c estimated size: 488

C:\Program Files (x86)\Microchip\xc8\v1.32\sources\common\fttol.c
		___fttol       		CODE           	0DB6	0000	135

C:\Program Files (x86)\Microchip\xc8\v1.32\sources\common\fttol.c estimated size: 135

../src/RF_Control_B1.c
		_RF_Initializat		CODE           	1E36	0000	4
		_setRF_ReceiveG		CODE           	1F0F	0000	13
		_getRxData     		CODE           	16B0	0000	77
		_setRF_Main    		CODE           	05C8	0000	174
		_setRFSW_Status		CODE           	1F50	0000	15
		_setRF_DimmerVa		CODE           	14A0	0000	53
		_setRF_Initiali		CODE           	1E63	0000	7
		_setTxData     		CODE           	0F5F	0000	161
		_setRFSW_Contro		CODE           	0E3D	0000	144
		_setRF_Learn   		CODE           	1F6E	0000	15
		_RF_Main       		CODE           	1E3A	0000	4
		_setRFSW_AdjCon		CODE           	1515	0000	64
		_setRF_Enable  		CODE           	13DD	0000	45
		_setRF_DimmerLi		CODE           	0997	0000	108
		_setControl_Lig		CODE           	0ECD	0000	146
		_setLog_Code   		CODE           	1669	0000	71
		_RF_RxDisable  		CODE           	1359	0000	43
		_setRF_RxStatus		CODE           	1F1C	0000	13
		_RfSWPointSelec		CODE           	10FD	0000	22
		_RfPointSelect 		CODE           	1EDF	0000	12

../src/RF_Control_B1.c estimated size: 1191

C:\Program Files (x86)\Microchip\xc8\v1.32\sources\common\awdiv.c
		___awdiv       		CODE           	16FD	0000	84

C:\Program Files (x86)\Microchip\xc8\v1.32\sources\common\awdiv.c estimated size: 84

../src/Main_B1.c
		_my_Main       		CODE           	0B53	0000	116
		_main          		CODE           	1751	0000	84
		_myMain_Initial		CODE           	10D4	0000	20

../src/Main_B1.c estimated size: 220

C:\Program Files (x86)\Microchip\xc8\v1.32\sources\common\ftadd.c
		___ftadd       		CODE           	0328	0000	246

C:\Program Files (x86)\Microchip\xc8\v1.32\sources\common\ftadd.c estimated size: 246

shared
		_CC2500_patable		STRCODE        	105E	0000	8
		_CC2500_rfSetti		STRCODE        	102F	0000	47
		__initializatio		CODE           	0018	0000	48
		i1_RfPointSelec		CODE           	1E9C	0000	11
		_CC2500_registe		STRCODE        	1000	0000	47

shared estimated size: 161

../src/Switch_B1.c
		_Sw_DimmerAdjFu		CODE           	15DE	0000	69
		_Sw_DimmerOffFu		CODE           	0A70	0000	113
		_Switch_Main   		CODE           	1E82	0000	8
		_setSw_Enable  		CODE           	1229	0000	28
		_SwPointSelect 		CODE           	10AC	0000	20
		_Sw_DimmerOnFun		CODE           	0AE1	0000	114
		_TouchPower    		CODE           	1E3E	0000	5
		_setSw_Main    		CODE           	01CE	0000	346
		_setSw_Initiali		CODE           	1E7A	0000	8
		_Switch_Initial		CODE           	1F43	0000	13
		_setSw_Status  		CODE           	1F5F	0000	15

../src/Switch_B1.c estimated size: 739

../src/Dimmer_B1.c
		_DimmerLightsPo		CODE           	1099	0000	19
		_DimmerIntrPoin		CODE           	1087	0000	18
		_getDimmerLight		CODE           	11BD	0000	26
		_DimmerLights_M		CODE           	1EC8	0000	11
		_setDimmerLight		CODE           	1FDE	0000	17
		_setDimmerLight		CODE           	004C	0000	386
		_setDimmerLight		CODE           	07C1	0000	62
		_setDimmerLight		CODE           	0CB7	0000	127
		_setDimmerLight		CODE           	12E7	0000	34
		_getPercentValu		CODE           	17A5	0000	91
		_DimmerLights_C		CODE           	10C0	0000	20
		_setDimmerLight		CODE           	1FBD	0000	16
		_setDimmerLight		CODE           	1FAD	0000	16
		_setDimmerLight		CODE           	1066	0000	16
		_setPercentValu		CODE           	1623	0000	70
		_setDimmerLight		CODE           	13B0	0000	45
		_setDimmerLight		CODE           	1F9D	0000	16
		_Dimmer_Initial		CODE           	1E55	0000	7
		_DimmerLights_I		CODE           	112A	0000	23
		_setDimmerLight		CODE           	0D36	0000	128

../src/Dimmer_B1.c estimated size: 1148

../src/DelayOff_B1.c
		_DelayOff_Initi		CODE           	1E6A	0000	8
		_DlyOff_Main   		CODE           	0C3E	0000	121
		_DelayTimejudge		CODE           	1384	0000	44
		_DelayOff_Main 		CODE           	1E72	0000	8
		_DelayOffPointS		CODE           	1113	0000	23
		_setDelayOff_GO		CODE           	081D	0000	93
		_DlyOff_Initial		CODE           	1EBD	0000	11

../src/DelayOff_B1.c estimated size: 308

C:\Program Files (x86)\Microchip\xc8\v1.32\sources\pic\ftdiv.c
		___ftdiv       		CODE           	0676	0000	169

C:\Program Files (x86)\Microchip\xc8\v1.32\sources\pic\ftdiv.c estimated size: 169

