Microchip MPLAB XC8 Compiler V1.32 ()

Linker command line:

--edf=C:\Program Files (x86)\Microchip\xc8\v1.32\dat\en_msgs.txt -cs \
  -h+dist/default/production\2-1-3.PIR_Ceiling_thin.X.production.sym \
  --cmf=dist/default/production\2-1-3.PIR_Ceiling_thin.X.production.cmf -z \
  -Q16F723A -oC:\Users\taianluo\AppData\Local\Temp\s10o.6 \
  -Mdist/default/production/2-1-3.PIR_Ceiling_thin.X.production.map -E1 \
  -ver=XC8 -ASTACK=0120h-012fh -pstack=STACK -ACONST=00h-0FFhx16 \
  -ACODE=00h-07FFhx2 -ASTRCODE=00h-0FFFh -AENTRY=00h-0FFhx16 \
  -ASTRING=00h-0FFhx16 -ACOMMON=070h-07Fh -ABANK0=020h-06Fh \
  -ABANK1=0A0h-0EFh -ABANK2=0120h-012Fh \
  -ARAM=020h-06Fh,0A0h-0EFh,0120h-012Fh \
  -AABS1=020h-07Fh,0A0h-0EFh,0120h-012Fh -ASFR0=00h-01Fh -ASFR1=080h-09Fh \
  -ASFR2=0100h-011Fh -ASFR3=0180h-01EFh \
  -preset_vec=00h,intentry=04h,init,end_init -ppowerup=CODE -pcinit=CODE \
  -pfunctab=CODE -ACONFIG=02007h-02008h -pconfig=CONFIG -DCONFIG=2 \
  -AIDLOC=02000h-02003h -pidloc=IDLOC -DIDLOC=2 -DCODE=2 -DSTRCODE=2 \
  -DSTRING=2 -DCONST=2 -DENTRY=2 -k \
  C:\Users\taianluo\AppData\Local\Temp\s10o.obj \
  dist/default/production\2-1-3.PIR_Ceiling_thin.X.production.obj 

Object code version is 3.11

Machine type is 16F723A



                Name                               Link     Load   Length Selector   Space Scale
C:\Users\taianluo\AppData\Local\Temp\s10o.obj
                end_init                             11       11        2        8       0
                reset_vec                             0        0        2        0       0
                config                             2007     2007        2     400E       0
dist/default/production\2-1-3.PIR_Ceiling_thin.X.production.obj
                cinit                                13       13       13        8       0
                intentry                              4        4        D        8       0
                text67                              B53      B53       16     16A6       0
                text66                              B96      B96       18     172C       0
                text65                              A39      A39        4     1472       0
                text64                              7C3      7C3       34        8       0
                text63                              AB2      AB2        E     1564       0
                text62                              A8A      A8A        9     1514       0
                text61                              D06      D06       3E     1A0C       0
                text60                              7F7      7F7        9        8       0
                text59                              B1B      B1B       12     1636       0
                text58                              EC4      EC4       65     1D88       0
                text57                              A93      A93        A     1526       0
                text56                              C15      C15       1B     182A       0
                text55                              BC7      BC7       1A     178E       0
                text54                              AF9      AF9       11     15F2       0
                text53                              C8C      C8C       25     1918       0
                text52                              548      548       C2        8       0
                text51                              B2D      B2D       12     165A       0
                text50                              A6A      A6A        8     14D4       0
                text49                              F8F      F8F       71     1F1E       0
                text48                              A27      A27        3     144E       0
                text47                              A5C      A5C        7     14B8       0
                text46                              A3D      A3D        4     147A       0
                text45                              E67      E67       5D     1CCE       0
                text44                              6C1      6C1       83        8       0
                text43                              A72      A72        8     14E4       0
                text42                              B7F      B7F       17     16FE       0
                text41                              AC0      AC0        E     1580       0
                text40                              744      744       7F        8       0
                text39                              CD6      CD6       30     19AC       0
                text38                              C4C      C4C       1E     1898       0
                text37                              B69      B69       16     16D2       0
                text36                              A2A      A2A        3     1454       0
                text35                              D44      D44       40     1A88       0
                text34                              CB1      CB1       25     1962       0
                text33                              A4A      A4A        6     1494       0
                text32                              A50      A50        6     14A0       0
                text31                              A9D      A9D        A     153A       0
                text30                              230      230      1EA        8       0
                text29                              A63      A63        7     14C6       0
                text28                              A45      A45        5     148A       0
                text27                              BE1      BE1       1A     17C2       0
                text26                              ACE      ACE        E     159C       0
                text25                              ADC      ADC        E     15B8       0
                text24                              AEA      AEA        F     15D4       0
                text23                              AA7      AA7        B     154E       0
                text22                              A7A      A7A        8     14F4       0
                text21                               26       26      20A        8       0
                text20                              A41      A41        4     1482       0
                text19                              A2D      A2D        3     145A       0
                text18                              DC7      DC7       44     1B8E       0
                text17                              A30      A30        3     1460       0
                text16                              A25      A25        1     144A       0
                text15                              A33      A33        3     1466       0
                text14                              BAE      BAE       19     175C       0
                text13                              60A      60A       B7        8       0
                text12                              A36      A36        3     146C       0
                text11                                2        2        2        0       0
                text10                              B0A      B0A       11     1614       0
                text9                               B3F      B3F       14     167E       0
                text8                               A56      A56        6     14AC       0
                text7                               C30      C30       1C     1860       0
                text6                               C6A      C6A       22     18D4       0
                text5                               E0B      E0B       5C     1C16       0
                text4                               41A      41A      12E        8       0
                text3                               D84      D84       43     1B08       0
                text2                               A26      A26        1     144C       0
                text1                               BFB      BFB       1A     17F6       0
                maintext                            F29      F29       66     1E52       0
                cstackBANK0                          50       50       17       20       1
                cstackCOMMON                         70       70        6       70       1
                clrtext                             A82      A82        8     1504       0
                bssBANK1                             A0       A0       46       A0       1
                bssBANK0                             20       20       30       20       1
                bssCOMMON                            76       76        4       70       1

TOTAL           Name                               Link     Load   Length     Space
        CLASS   STACK          

        CLASS   CONST          

        CLASS   CODE           
                end_init                             11       11        2         0
                cinit                                13       13       13         0
                intentry                              4        4        D         0
                reset_vec                             0        0        2         0
                text67                              B53      B53       16         0
                text66                              B96      B96       18         0
                text65                              A39      A39        4         0
                text64                              7C3      7C3       34         0
                text63                              AB2      AB2        E         0
                text62                              A8A      A8A        9         0
                text61                              D06      D06       3E         0
                text60                              7F7      7F7        9         0
                text59                              B1B      B1B       12         0
                text58                              EC4      EC4       65         0
                text57                              A93      A93        A         0
                text56                              C15      C15       1B         0
                text55                              BC7      BC7       1A         0
                text54                              AF9      AF9       11         0
                text53                              C8C      C8C       25         0
                text52                              548      548       C2         0
                text51                              B2D      B2D       12         0
                text50                              A6A      A6A        8         0
                text49                              F8F      F8F       71         0
                text48                              A27      A27        3         0
                text47                              A5C      A5C        7         0
                text46                              A3D      A3D        4         0
                text45                              E67      E67       5D         0
                text44                              6C1      6C1       83         0
                text43                              A72      A72        8         0
                text42                              B7F      B7F       17         0
                text41                              AC0      AC0        E         0
                text40                              744      744       7F         0
                text39                              CD6      CD6       30         0
                text38                              C4C      C4C       1E         0
                text37                              B69      B69       16         0
                text36                              A2A      A2A        3         0
                text35                              D44      D44       40         0
                text34                              CB1      CB1       25         0
                text33                              A4A      A4A        6         0
                text32                              A50      A50        6         0
                text31                              A9D      A9D        A         0
                text30                              230      230      1EA         0
                text29                              A63      A63        7         0
                text28                              A45      A45        5         0
                text27                              BE1      BE1       1A         0
                text26                              ACE      ACE        E         0
                text25                              ADC      ADC        E         0
                text24                              AEA      AEA        F         0
                text23                              AA7      AA7        B         0
                text22                              A7A      A7A        8         0
                text21                               26       26      20A         0
                text20                              A41      A41        4         0
                text19                              A2D      A2D        3         0
                text18                              DC7      DC7       44         0
                text17                              A30      A30        3         0
                text16                              A25      A25        1         0
                text15                              A33      A33        3         0
                text14                              BAE      BAE       19         0
                text13                              60A      60A       B7         0
                text12                              A36      A36        3         0
                text11                                2        2        2         0
                text10                              B0A      B0A       11         0
                text9                               B3F      B3F       14         0
                text8                               A56      A56        6         0
                text7                               C30      C30       1C         0
                text6                               C6A      C6A       22         0
                text5                               E0B      E0B       5C         0
                text4                               41A      41A      12E         0
                text3                               D84      D84       43         0
                text2                               A26      A26        1         0
                text1                               BFB      BFB       1A         0
                maintext                            F29      F29       66         0
                clrtext                             A82      A82        8         0

        CLASS   STRCODE        

        CLASS   ENTRY          

        CLASS   STRING         

        CLASS   COMMON         
                cstackCOMMON                         70       70        6         1
                bssCOMMON                            76       76        4         1

        CLASS   BANK0          
                cstackBANK0                          50       50       17         1
                bssBANK0                             20       20       30         1

        CLASS   BANK1          
                bssBANK1                             A0       A0       46         1

        CLASS   BANK2          

        CLASS   RAM            

        CLASS   ABS1           
                abs_s1                               7E       7E        2         1

        CLASS   SFR0           

        CLASS   SFR1           

        CLASS   SFR2           

        CLASS   SFR3           

        CLASS   CONFIG         
                config                             2007     2007        2         0

        CLASS   IDLOC          

        CLASS   BANK3          

        CLASS   EEDATA         



SEGMENTS        Name                           Load    Length   Top    Selector   Space  Class     Delta

                reset_vec                      000000  000004  000004         0       0  CODE        2
                intentry                       000004  0007FC  000800         8       0  CODE        2
                bssBANK0                       000020  000047  000067        20       1  BANK0       1
                cstackCOMMON                   000070  00000A  00007A        70       1  COMMON      1
                bssBANK1                       0000A0  000046  0000E6        A0       1  BANK1       1
                text16                         000A25  000001  000A26      144A       0  CODE        2
                text2                          000A26  000001  000A27      144C       0  CODE        2
                text48                         000A27  000003  000A2A      144E       0  CODE        2
                text36                         000A2A  000003  000A2D      1454       0  CODE        2
                text19                         000A2D  000003  000A30      145A       0  CODE        2
                text17                         000A30  000003  000A33      1460       0  CODE        2
                text15                         000A33  000003  000A36      1466       0  CODE        2
                text12                         000A36  000003  000A39      146C       0  CODE        2
                text65                         000A39  000004  000A3D      1472       0  CODE        2
                text46                         000A3D  000004  000A41      147A       0  CODE        2
                text20                         000A41  000004  000A45      1482       0  CODE        2
                text28                         000A45  000005  000A4A      148A       0  CODE        2
                text33                         000A4A  000006  000A50      1494       0  CODE        2
                text32                         000A50  000006  000A56      14A0       0  CODE        2
                text8                          000A56  000006  000A5C      14AC       0  CODE        2
                text47                         000A5C  000007  000A63      14B8       0  CODE        2
                text29                         000A63  000007  000A6A      14C6       0  CODE        2
                text50                         000A6A  000008  000A72      14D4       0  CODE        2
                text43                         000A72  000008  000A7A      14E4       0  CODE        2
                text22                         000A7A  000008  000A82      14F4       0  CODE        2
                clrtext                        000A82  000008  000A8A      1504       0  CODE        2
                text62                         000A8A  000009  000A93      1514       0  CODE        2
                text57                         000A93  00000A  000A9D      1526       0  CODE        2
                text31                         000A9D  00000A  000AA7      153A       0  CODE        2
                text23                         000AA7  00000B  000AB2      154E       0  CODE        2
                text63                         000AB2  00000E  000AC0      1564       0  CODE        2
                text41                         000AC0  00000E  000ACE      1580       0  CODE        2
                text26                         000ACE  00000E  000ADC      159C       0  CODE        2
                text25                         000ADC  00000E  000AEA      15B8       0  CODE        2
                text24                         000AEA  00000F  000AF9      15D4       0  CODE        2
                text54                         000AF9  000011  000B0A      15F2       0  CODE        2
                text10                         000B0A  000011  000B1B      1614       0  CODE        2
                text59                         000B1B  000012  000B2D      1636       0  CODE        2
                text51                         000B2D  000012  000B3F      165A       0  CODE        2
                text9                          000B3F  000014  000B53      167E       0  CODE        2
                text67                         000B53  000016  000B69      16A6       0  CODE        2
                text37                         000B69  000016  000B7F      16D2       0  CODE        2
                text42                         000B7F  000017  000B96      16FE       0  CODE        2
                text66                         000B96  000018  000BAE      172C       0  CODE        2
                text14                         000BAE  000019  000BC7      175C       0  CODE        2
                text55                         000BC7  00001A  000BE1      178E       0  CODE        2
                text27                         000BE1  00001A  000BFB      17C2       0  CODE        2
                text1                          000BFB  00001A  000C15      17F6       0  CODE        2
                text56                         000C15  00001B  000C30      182A       0  CODE        2
                text7                          000C30  00001C  000C4C      1860       0  CODE        2
                text38                         000C4C  00001E  000C6A      1898       0  CODE        2
                text6                          000C6A  000022  000C8C      18D4       0  CODE        2
                text53                         000C8C  000025  000CB1      1918       0  CODE        2
                text34                         000CB1  000025  000CD6      1962       0  CODE        2
                text39                         000CD6  000030  000D06      19AC       0  CODE        2
                text61                         000D06  00003E  000D44      1A0C       0  CODE        2
                text35                         000D44  000040  000D84      1A88       0  CODE        2
                text3                          000D84  000043  000DC7      1B08       0  CODE        2
                text18                         000DC7  000044  000E0B      1B8E       0  CODE        2
                text5                          000E0B  00005C  000E67      1C16       0  CODE        2
                text45                         000E67  00005D  000EC4      1CCE       0  CODE        2
                text58                         000EC4  000065  000F29      1D88       0  CODE        2
                maintext                       000F29  000066  000F8F      1E52       0  CODE        2
                text49                         000F8F  000071  001000      1F1E       0  CODE        2
                config                         002007  000002  002009      400E       0  CONFIG      2


UNUSED ADDRESS RANGES

        Name                Unused          Largest block    Delta
        BANK0            0067-006F              9           1
        BANK1            00E6-00EF              A           1
        BANK2            0120-012F             10           1
        CODE             0800-0A24            225           2
        COMMON           007A-007D              4           1
        CONST            0800-0A24            100           2
        ENTRY            0800-0A24            100           2
        IDLOC            2000-2003              4           2
        RAM              0067-006F              9           1
                         00E6-00EF              A
                         0120-012F             10
        SFR0             0000-001F             20           1
        SFR1             0080-009F             20           1
        SFR2             0100-011F             20           1
        SFR3             0180-01EF             70           1
        STACK            0120-012F             10           1
        STRCODE          0800-0A24            225           2
        STRING           0800-0A24            100           2

                                  Symbol Table

?___awdiv                           cstackBANK0  0050
?___lwdiv                           cstackBANK0  0050
?___wmul                            cstackBANK0  0050
Exception_Main@count                cstackBANK0  0058
Exception_Main@error                cstackBANK0  005E
Exception_Main@i                    cstackBANK0  005A
Exception_Main@i_2140               cstackBANK0  005C
Exception_Main@lights               cstackBANK0  0057
Exception_Main@status               cstackBANK0  0059
LedPointSelect@led                  cstackCOMMON 0075
LightsPointSelect@lights            cstackCOMMON 0075
Lights_Control@lights               cstackBANK0  005A
Load_Main@ErrorCountValue           cstackBANK0  005C
Load_Main@LightsCount               cstackBANK0  005E
Load_Main@Load_RunStatus            cstackBANK0  005D
Load_Main@error                     cstackBANK0  0059
Load_Main@i                         cstackBANK0  005F
PIR_Main@Enable_Switch              cstackBANK0  005D
PIR_Main@LightsStatus               cstackBANK0  0061
PIR_Main@TriggerValue               cstackBANK0  0060
PIR_Main@cds                        cstackBANK0  005C
PIR_Main@error                      cstackBANK0  005B
_ADCON0                             (abs)        001F
_ADCON1                             (abs)        009F
_ADC_Set                            text29       0A63
_ADRES                              (abs)        001E
_ANSELA                             (abs)        0185
_ANSELB                             (abs)        0186
_CDS_Initialization                 text65       0A39
_CDS_Main                           text64       07C3
_Cmd                                bssBANK0     0037
_DetectSYSC_Signal                  text63       0AB2
_Exception_Main                     text52       0548
_FVRCON                             (abs)        009D
_Fosc_Set                           text28       0A45
_GIE                                (abs)        005F
_GO_nDONE                           (abs)        00F9
_IO_Set                             text27       0BE1
_ISR                                text66       0B96
_LED                                bssCOMMON    0076
_LED_Initialization                 text50       0A6A
_LED_Main                           text48       0A27
_LedPointSelect                     text59       0B1B
_Light                              bssCOMMON    0077
_Lights                             bssCOMMON    0078
_Lights1                            bssBANK0     0043
_LightsControl                      bssCOMMON    0079
_LightsPointSelect                  text57       0A93
_Lights_Control                     text44       06C1
_Lights_Initialization              text46       0A3D
_Lights_Main                        text38       0C4C
_Load                               bssBANK1     00CA
_Load_Initialization                text36       0A2A
_Load_Main                          text30       0230
_Load_Main$2389                     cstackBANK0  005A
_Mcu_Initialization                 text24       0AEA
_OSCCON                             (abs)        0090
_PEIE                               (abs)        005E
_PIRLED                             bssBANK0     002A
_PIR_Initialization                 text23       0AA7
_PIR_Main                           text21       0026
_PIR_Main$2862                      cstackBANK0  005E
_PORTA                              (abs)        0005
_PORTB                              (abs)        0006
_PORTC                              (abs)        0007
_PS0                                (abs)        0408
_PS1                                (abs)        0409
_PS2                                (abs)        040A
_PSA                                (abs)        040B
_RA5                                (abs)        002D
_RA6                                (abs)        002E
_RA7                                (abs)        002F
_RB2                                (abs)        0032
_RB3                                (abs)        0033
_SYSC                               bssBANK0     0020
_SYSC_Initialization                text19       0A2D
_SYSC_Main                          text17       0A30
_SwDetect                           bssBANK0     0038
_T1CON                              (abs)        0010
_TMR1H                              (abs)        000F
_TMR1IE                             (abs)        0460
_TMR1IF                             (abs)        0060
_TMR1L                              (abs)        000E
_TMR1_ISR                           text67       0B53
_TMR1_Set                           text26       0ACE
_TRISA                              (abs)        0085
_TRISB                              (abs)        0086
_TRISC                              (abs)        0087
_Temp                               bssBANK0     0039
_Temp_Initialization                text15       0A33
_Temp_Main                          text12       0A36
_Timeout_Counter                    text9        0B3F
_Timer1                             bssBANK0     0032
_VarLED1                            bssBANK0     0048
_VarLED2                            bssBANK0     004C
_WDT                                bssBANK0     0035
_WDT_Clearing                       text11       0002
_WDT_Main                           text10       0B0A
_WDT_Set                            text25       0ADC
_WPUB                               (abs)        0095
__CDS                               bssBANK0     002E
__CFG_BOREN$OFF                     (abs)        0000
__CFG_CP$ON                         (abs)        0000
__CFG_FOSC$INTOSCIO                 (abs)        0000
__CFG_PLLEN$ON                      (abs)        0000
__CFG_VCAPEN$DIS                    (abs)        0000
__CFG_WDTE$ON                       (abs)        0000
__Habs1                             abs1         0000
__Hbank0                            bank0        0000
__Hbank1                            bank1        0000
__Hbank2                            bank2        0000
__Hbank3                            bank3        0000
__HbssBANK0                         bssBANK0     0000
__HbssBANK1                         bssBANK1     0000
__HbssCOMMON                        bssCOMMON    0000
__Hcinit                            cinit        0026
__Hclrtext                          clrtext      0000
__Hcode                             code         0000
__Hcommon                           common       0000
__Hconfig                           config       2009
__HcstackBANK0                      cstackBANK0  0000
__HcstackCOMMON                     cstackCOMMON 0000
__Heeprom_data                      eeprom_data  0000
__Hend_init                         end_init     0013
__Hfunctab                          functab      0000
__Hidloc                            idloc        0000
__Hinit                             init         0011
__Hintentry                         intentry     0011
__Hmaintext                         maintext     0000
__Hpowerup                          powerup      0000
__Hram                              ram          0000
__Hreset_vec                        reset_vec    0002
__Hsfr0                             sfr0         0000
__Hsfr1                             sfr1         0000
__Hsfr2                             sfr2         0000
__Hsfr3                             sfr3         0000
__Hspace_0                          (abs)        2009
__Hspace_1                          (abs)        00E6
__Hspace_2                          (abs)        0000
__Hspace_3                          (abs)        0000
__Hstack                            stack        0000
__Hstrings                          strings      0000
__Htext                             text         0000
__Labs1                             abs1         0000
__Lbank0                            bank0        0000
__Lbank1                            bank1        0000
__Lbank2                            bank2        0000
__Lbank3                            bank3        0000
__LbssBANK0                         bssBANK0     0000
__LbssBANK1                         bssBANK1     0000
__LbssCOMMON                        bssCOMMON    0000
__Lcinit                            cinit        0013
__Lclrtext                          clrtext      0000
__Lcode                             code         0000
__Lcommon                           common       0000
__Lconfig                           config       2007
__LcstackBANK0                      cstackBANK0  0000
__LcstackCOMMON                     cstackCOMMON 0000
__Leeprom_data                      eeprom_data  0000
__Lend_init                         end_init     0011
__Lfunctab                          functab      0000
__Lidloc                            idloc        0000
__Linit                             init         0011
__Lintentry                         intentry     0004
__Lmaintext                         maintext     0000
__Lpowerup                          powerup      0000
__Lram                              ram          0000
__Lreset_vec                        reset_vec    0000
__Lsfr0                             sfr0         0000
__Lsfr1                             sfr1         0000
__Lsfr2                             sfr2         0000
__Lsfr3                             sfr3         0000
__Lspace_0                          (abs)        0000
__Lspace_1                          (abs)        0000
__Lspace_2                          (abs)        0000
__Lspace_3                          (abs)        0000
__Lstack                            stack        0000
__Lstrings                          strings      0000
__Ltext                             text         0000
__PIR                               bssBANK1     00A0
__S0                                (abs)        2009
__S1                                (abs)        00E6
__S2                                (abs)        0000
___awdiv                            text45       0E67
___awdiv@counter                    cstackBANK0  0054
___awdiv@dividend                   cstackBANK0  0052
___awdiv@divisor                    cstackBANK0  0050
___awdiv@quotient                   cstackBANK0  0056
___awdiv@sign                       cstackBANK0  0055
___int_sp                           stack        0000
___latbits                          (abs)        0001
___lwdiv                            text35       0D44
___lwdiv@counter                    cstackBANK0  0054
___lwdiv@dividend                   cstackBANK0  0052
___lwdiv@divisor                    cstackBANK0  0050
___lwdiv@quotient                   cstackBANK0  0055
___sp                               stack        0000
___wmul                             text34       0CB1
___wmul@multiplicand                cstackBANK0  0052
___wmul@multiplier                  cstackBANK0  0050
___wmul@product                     cstackCOMMON 0074
__end_of_ADC_Set                    text29       0A6A
__end_of_CDS_Initialization         text65       0A3D
__end_of_CDS_Main                   text64       07F7
__end_of_DetectSYSC_Signal          text63       0AC0
__end_of_Exception_Main             text52       060A
__end_of_Fosc_Set                   text28       0A4A
__end_of_IO_Set                     text27       0BFB
__end_of_ISR                        text66       0BAE
__end_of_LED_Initialization         text50       0A72
__end_of_LED_Main                   text48       0A2A
__end_of_LedPointSelect             text59       0B2D
__end_of_LightsPointSelect          text57       0A9D
__end_of_Lights_Control             text44       0744
__end_of_Lights_Initialization      text46       0A41
__end_of_Lights_Main                text38       0C6A
__end_of_Load_Initialization        text36       0A2D
__end_of_Load_Main                  text30       041A
__end_of_Mcu_Initialization         text24       0AF9
__end_of_PIR_Initialization         text23       0AB2
__end_of_PIR_Main                   text21       0230
__end_of_SYSC_Initialization        text19       0A30
__end_of_SYSC_Main                  text17       0A33
__end_of_TMR1_ISR                   text67       0B69
__end_of_TMR1_Set                   text26       0ADC
__end_of_Temp_Initialization        text15       0A36
__end_of_Temp_Main                  text12       0A39
__end_of_Timeout_Counter            text9        0B53
__end_of_WDT_Clearing               text11       0004
__end_of_WDT_Main                   text10       0B1B
__end_of_WDT_Set                    text25       0AEA
__end_of___awdiv                    text45       0EC4
__end_of___lwdiv                    text35       0D84
__end_of___wmul                     text34       0CD6
__end_of__initialization            cinit        0023
__end_of_getAD                      text7        0C4C
__end_of_getAll_Lights_Line         text62       0A93
__end_of_getCDS_AD                  text6        0C8C
__end_of_getCDS_Status              text22       0A82
__end_of_getLight_LoadGO            text33       0A50
__end_of_getLight_Load_Status       text32       0A56
__end_of_getLights_Allow_Condition  text42       0B96
__end_of_getLights_Status           text54       0B0A
__end_of_getLoad_AD                 text5        0E67
__end_of_getLoad_OK                 text43       0A7A
__end_of_getMain_All_Error_Status   text61       0D44
__end_of_getMain_All_LightsStatus   text60       0800
__end_of_getMain_Lights_Count       text31       0AA7
__end_of_getPIR_AD                  text4        0548
__end_of_getTemp_AD                 text3        0DC7
__end_of_main                       maintext     0F8F
__end_of_myMain_Initialization      text2        0A27
__end_of_my_MainTimer               text1        0C15
__end_of_setLED                     text58       0F29
__end_of_setLED_Initialization      text51       0B3F
__end_of_setLights                  text40       07C3
__end_of_setLights_Initialization   text47       0A63
__end_of_setLights_Line             text41       0ACE
__end_of_setLights_Main             text39       0D06
__end_of_setLights_SwOff            text55       0BE1
__end_of_setLights_SwOn             text53       0CB1
__end_of_setLights_Trigger          text56       0C30
__end_of_setLoad_AH_AL_Restore      text37       0B7F
__end_of_setOverTemp_ADV_Restore    text14       0BC7
__end_of_setPIRLED_Main             text49       1000
__end_of_setSYSC_Initialization     text20       0A45
__end_of_setSYSC_Main               text18       0E0B
__end_of_setTemp_Initialization     text16       0A26
__end_of_setTemp_Main               text13       06C1
__end_of_set_TimeoutCleared         text8        0A5C
__initialization                    cinit        0013
__pbssBANK0                         bssBANK0     0020
__pbssBANK1                         bssBANK1     00A0
__pbssCOMMON                        bssCOMMON    0076
__pcstackBANK0                      cstackBANK0  0050
__pcstackCOMMON                     cstackCOMMON 0070
__pintentry                         intentry     0004
__pmaintext                         maintext     0F29
__ptext0                            text0        0000
__ptext1                            text1        0BFB
__ptext10                           text10       0B0A
__ptext11                           text11       0002
__ptext12                           text12       0A36
__ptext13                           text13       060A
__ptext14                           text14       0BAE
__ptext15                           text15       0A33
__ptext16                           text16       0A25
__ptext17                           text17       0A30
__ptext18                           text18       0DC7
__ptext19                           text19       0A2D
__ptext2                            text2        0A26
__ptext20                           text20       0A41
__ptext21                           text21       0026
__ptext22                           text22       0A7A
__ptext23                           text23       0AA7
__ptext24                           text24       0AEA
__ptext25                           text25       0ADC
__ptext26                           text26       0ACE
__ptext27                           text27       0BE1
__ptext28                           text28       0A45
__ptext29                           text29       0A63
__ptext3                            text3        0D84
__ptext30                           text30       0230
__ptext31                           text31       0A9D
__ptext32                           text32       0A50
__ptext33                           text33       0A4A
__ptext34                           text34       0CB1
__ptext35                           text35       0D44
__ptext36                           text36       0A2A
__ptext37                           text37       0B69
__ptext38                           text38       0C4C
__ptext39                           text39       0CD6
__ptext4                            text4        041A
__ptext40                           text40       0744
__ptext41                           text41       0AC0
__ptext42                           text42       0B7F
__ptext43                           text43       0A72
__ptext44                           text44       06C1
__ptext45                           text45       0E67
__ptext46                           text46       0A3D
__ptext47                           text47       0A5C
__ptext48                           text48       0A27
__ptext49                           text49       0F8F
__ptext5                            text5        0E0B
__ptext50                           text50       0A6A
__ptext51                           text51       0B2D
__ptext52                           text52       0548
__ptext53                           text53       0C8C
__ptext54                           text54       0AF9
__ptext55                           text55       0BC7
__ptext56                           text56       0C15
__ptext57                           text57       0A93
__ptext58                           text58       0EC4
__ptext59                           text59       0B1B
__ptext6                            text6        0C6A
__ptext60                           text60       07F7
__ptext61                           text61       0D06
__ptext62                           text62       0A8A
__ptext63                           text63       0AB2
__ptext64                           text64       07C3
__ptext65                           text65       0A39
__ptext66                           text66       0B96
__ptext67                           text67       0B53
__ptext7                            text7        0C30
__ptext8                            text8        0A56
__ptext9                            text9        0B3F
__size_of_ADC_Set                   (abs)        0000
__size_of_CDS_Initialization        (abs)        0000
__size_of_CDS_Main                  (abs)        0000
__size_of_DetectSYSC_Signal         (abs)        0000
__size_of_Exception_Main            (abs)        0000
__size_of_Fosc_Set                  (abs)        0000
__size_of_IO_Set                    (abs)        0000
__size_of_ISR                       (abs)        0000
__size_of_LED_Initialization        (abs)        0000
__size_of_LED_Main                  (abs)        0000
__size_of_LedPointSelect            (abs)        0000
__size_of_LightsPointSelect         (abs)        0000
__size_of_Lights_Control            (abs)        0000
__size_of_Lights_Initialization     (abs)        0000
__size_of_Lights_Main               (abs)        0000
__size_of_Load_Initialization       (abs)        0000
__size_of_Load_Main                 (abs)        0000
__size_of_Mcu_Initialization        (abs)        0000
__size_of_PIR_Initialization        (abs)        0000
__size_of_PIR_Main                  (abs)        0000
__size_of_SYSC_Initialization       (abs)        0000
__size_of_SYSC_Main                 (abs)        0000
__size_of_TMR1_ISR                  (abs)        0000
__size_of_TMR1_Set                  (abs)        0000
__size_of_Temp_Initialization       (abs)        0000
__size_of_Temp_Main                 (abs)        0000
__size_of_Timeout_Counter           (abs)        0000
__size_of_WDT_Clearing              (abs)        0000
__size_of_WDT_Main                  (abs)        0000
__size_of_WDT_Set                   (abs)        0000
__size_of___awdiv                   (abs)        0000
__size_of___lwdiv                   (abs)        0000
__size_of___wmul                    (abs)        0000
__size_of_getAD                     (abs)        0000
__size_of_getAll_Lights_Line        (abs)        0000
__size_of_getCDS_AD                 (abs)        0000
__size_of_getCDS_Status             (abs)        0000
__size_of_getLight_LoadGO           (abs)        0000
__size_of_getLight_Load_Status      (abs)        0000
__size_of_getLights_Allow_Condition (abs)        0000
__size_of_getLights_Status          (abs)        0000
__size_of_getLoad_AD                (abs)        0000
__size_of_getLoad_OK                (abs)        0000
__size_of_getMain_All_Error_Status  (abs)        0000
__size_of_getMain_All_LightsStatus  (abs)        0000
__size_of_getMain_Lights_Count      (abs)        0000
__size_of_getPIR_AD                 (abs)        0000
__size_of_getTemp_AD                (abs)        0000
__size_of_main                      (abs)        0000
__size_of_myMain_Initialization     (abs)        0000
__size_of_my_MainTimer              (abs)        0000
__size_of_setLED                    (abs)        0000
__size_of_setLED_Initialization     (abs)        0000
__size_of_setLights                 (abs)        0000
__size_of_setLights_Initialization  (abs)        0000
__size_of_setLights_Line            (abs)        0000
__size_of_setLights_Main            (abs)        0000
__size_of_setLights_SwOff           (abs)        0000
__size_of_setLights_SwOn            (abs)        0000
__size_of_setLights_Trigger         (abs)        0000
__size_of_setLoad_AH_AL_Restore     (abs)        0000
__size_of_setOverTemp_ADV_Restore   (abs)        0000
__size_of_setPIRLED_Main            (abs)        0000
__size_of_setSYSC_Initialization    (abs)        0000
__size_of_setSYSC_Main              (abs)        0000
__size_of_setTemp_Initialization    (abs)        0000
__size_of_setTemp_Main              (abs)        0000
__size_of_set_TimeoutCleared        (abs)        0000
_getAD                              text7        0C30
_getAll_Lights_Line                 text62       0A8A
_getCDS_AD                          text6        0C6A
_getCDS_Status                      text22       0A7A
_getLight_LoadGO                    text33       0A4A
_getLight_Load_Status               text32       0A50
_getLights_Allow_Condition          text42       0B7F
_getLights_Allow_Condition$4230     cstackBANK0  0051
_getLights_Status                   text54       0AF9
_getLoad_AD                         text5        0E0B
_getLoad_OK                         text43       0A72
_getMain_All_Error_Status           text61       0D06
_getMain_All_Error_Status$2127      cstackBANK0  0050
_getMain_All_Error_Status$2128      cstackBANK0  0052
_getMain_All_LightsStatus           text60       07F7
_getMain_Lights_Count               text31       0A9D
_getPIR_AD                          text4        041A
_getTemp_AD                         text3        0D84
_main                               maintext     0F29
_myMain                             bssBANK0     0025
_myMain_Initialization              text2        0A26
_my_MainTimer                       text1        0BFB
_setLED                             text58       0EC4
_setLED_Initialization              text51       0B2D
_setLights                          text40       0744
_setLights_Initialization           text47       0A5C
_setLights_Line                     text41       0AC0
_setLights_Main                     text39       0CD6
_setLights_SwOff                    text55       0BC7
_setLights_SwOn                     text53       0C8C
_setLights_Trigger                  text56       0C15
_setLoad_AH_AL_Restore              text37       0B69
_setOverTemp_ADV_Restore            text14       0BAE
_setPIRLED_Main                     text49       0F8F
_setSYSC_Initialization             text20       0A41
_setSYSC_Main                       text18       0DC7
_setTemp_Initialization             text16       0A25
_setTemp_Main                       text13       060A
_set_TimeoutCleared                 text8        0A56
btemp                               (abs)        007E
clear_ram0                          clrtext      0A82
end_of_initialization               cinit        0023
getAD@adcon0                        cstackCOMMON 0075
getAD@adcon1                        cstackCOMMON 0074
getAll_Lights_Line@line             cstackCOMMON 0074
getCDS_AD@channel1                  cstackBANK0  0055
getCDS_AD@channel2                  cstackBANK0  0050
getCDS_AD@i                         cstackBANK0  0053
getCDS_AD@j                         cstackBANK0  0054
getCDS_Status@status                cstackCOMMON 0074
getLight_LoadGO@loadgo              cstackCOMMON 0074
getLight_Load_Status@loadstatus     cstackCOMMON 0074
getLights_Allow_Condition@allow     cstackBANK0  0050
getLights_Status@lights             cstackBANK0  0050
getLights_Status@status             cstackBANK0  0051
getLoad_AD@ADRES                    cstackBANK0  0055
getLoad_AD@channel                  cstackBANK0  0052
getLoad_AD@i                        cstackBANK0  0056
getLoad_AD@j                        cstackBANK0  0054
getLoad_AD@k                        cstackBANK0  0053
getLoad_OK@ok                       cstackCOMMON 0074
getMain_All_Error_Status@command    cstackBANK0  0054
getMain_All_Error_Status@status     cstackBANK0  0055
getMain_All_LightsStatus@status     cstackCOMMON 0074
getMain_Lights_Count@count          cstackCOMMON 0074
getMain_Lights_Count@status1        cstackCOMMON 0075
getPIR_AD@VRAD                      cstackBANK0  005F
getPIR_AD@VRAD1                     cstackBANK0  005E
getPIR_AD@channel1                  cstackBANK0  005D
getPIR_AD@channel2                  cstackBANK0  0058
getPIR_AD@i                         cstackBANK0  0060
getPIR_AD@j                         cstackBANK0  005C
getTemp_AD@ADRES                    cstackBANK0  0053
getTemp_AD@channel                  cstackBANK0  0052
interrupt_function                  intentry     0004
intlevel0                           functab      0000
intlevel1                           functab      0000
intlevel2                           functab      0000
intlevel3                           functab      0000
intlevel4                           functab      0000
intlevel5                           functab      0000
ltemp                               (abs)        007E
ltemp0                              (abs)        007E
ltemp1                              (abs)        0082
ltemp2                              (abs)        0086
ltemp3                              (abs)        0080
reset_vec                           reset_vec    0000
saved_w                             (abs)        007E
setLED@command                      cstackBANK0  0050
setLED@led                          cstackBANK0  0051
setLED_Initialization@led           cstackBANK0  0052
setLights@lights                    cstackBANK0  0054
setLights@status                    cstackBANK0  0052
setLights_Initialization@lights     cstackBANK0  0050
setLights_Line@lights               cstackCOMMON 0074
setLights_Main@lights               cstackBANK0  0055
setLights_SwOff@sw                  cstackBANK0  0053
setLights_SwOn@sw                   cstackBANK0  0053
setLights_Trigger@command           cstackBANK0  0050
setLights_Trigger@lights            cstackBANK0  0052
setLoad_AH_AL_Restore@i             cstackCOMMON 0075
setOverTemp_ADV_Restore@i           cstackCOMMON 0074
setPIRLED_Main@count                cstackBANK0  0053
setTemp_Main@AD                     cstackBANK0  005E
setTemp_Main@DangerValue            cstackBANK0  005D
setTemp_Main@SafeValue              cstackBANK0  005C
setTemp_Main@TempGO                 cstackBANK0  005B
setTemp_Main@error                  cstackBANK0  005A
stackhi                             (abs)        0000
stacklo                             (abs)        0000
start                               init         0011
start_initialization                cinit        0013
ttemp                               (abs)        007E
ttemp0                              (abs)        007E
ttemp1                              (abs)        0081
ttemp2                              (abs)        0084
ttemp3                              (abs)        0087
ttemp4                              (abs)        007F
wtemp                               (abs)        007E
wtemp0                              (abs)        007E
wtemp1                              (abs)        0080
wtemp2                              (abs)        0082
wtemp3                              (abs)        0084
wtemp4                              (abs)        0086
wtemp5                              (abs)        0088
wtemp6                              (abs)        007F


FUNCTION INFORMATION:

 *************** function _main *****************
 Defined at:
		line 7 in file "../src/Main_B1.c"
 Parameters:    Size  Location     Type
  argc            2   18[BANK0 ] int 
  argv            2   20[BANK0 ] PTR PTR unsigned char 
 Auto vars:     Size  Location     Type
		None
 Return value:  Size  Location     Type
                  2   18[BANK0 ] int 
 Registers used:
		wreg, fsr0l, fsr0h, status,2, status,0, btemp+1, pclath, cstack
 Tracked objects:
		On entry : 
		On exit  : 
		Unchanged: 
 Data sizes:     COMMON   BANK0   BANK1   BANK2
      Params:         0       4       0       0
      Locals:         0       0       0       0
      Temps:          0       1       0       0
      Totals:         0       5       0       0
Total ram usage:        5 bytes
 Hardware stack levels required when called:    7
 This function calls:
		_CDS_Initialization
		_CDS_Main
		_DetectSYSC_Signal
		_Exception_Main
		_LED_Initialization
		_LED_Main
		_Lights_Initialization
		_Lights_Main
		_Load_Initialization
		_Load_Main
		_Mcu_Initialization
		_PIR_Initialization
		_PIR_Main
		_SYSC_Initialization
		_SYSC_Main
		_Temp_Initialization
		_Temp_Main
		_WDT_Main
		_getCDS_AD
		_getLoad_AD
		_getPIR_AD
		_getTemp_AD
		_myMain_Initialization
		_my_MainTimer
 This function is called by:
		Startup code after reset
 This function uses a non-reentrant model


 *************** function _my_MainTimer *****************
 Defined at:
		line 185 in file "../src/Main_B1.c"
 Parameters:    Size  Location     Type
		None
 Auto vars:     Size  Location     Type
		None
 Return value:  Size  Location     Type
		None               void
 Registers used:
		wreg, status,2, status,0
 Tracked objects:
		On entry : 
		On exit  : 
		Unchanged: 
 Data sizes:     COMMON   BANK0   BANK1   BANK2
      Params:         0       0       0       0
      Locals:         0       0       0       0
      Temps:          1       0       0       0
      Totals:         1       0       0       0
Total ram usage:        1 bytes
 Hardware stack levels used:    1
 Hardware stack levels required when called:    2
 This function calls:
		Nothing
 This function is called by:
		_main
 This function uses a non-reentrant model


 *************** function _myMain_Initialization *****************
 Defined at:
		line 170 in file "../src/Main_B1.c"
 Parameters:    Size  Location     Type
		None
 Auto vars:     Size  Location     Type
		None
 Return value:  Size  Location     Type
		None               void
 Registers used:
		None
 Tracked objects:
		On entry : 
		On exit  : 
		Unchanged: 
 Data sizes:     COMMON   BANK0   BANK1   BANK2
      Params:         0       0       0       0
      Locals:         0       0       0       0
      Temps:          0       0       0       0
      Totals:         0       0       0       0
Total ram usage:        0 bytes
 Hardware stack levels used:    1
 Hardware stack levels required when called:    2
 This function calls:
		Nothing
 This function is called by:
		_main
 This function uses a non-reentrant model


 *************** function _getTemp_AD *****************
 Defined at:
		line 15 in file "../src/OverTemperature_B1.c"
 Parameters:    Size  Location     Type
  channel         1    wreg     unsigned char 
 Auto vars:     Size  Location     Type
  channel         1    2[BANK0 ] unsigned char 
  ADRES           1    3[BANK0 ] unsigned char 
 Return value:  Size  Location     Type
		None               void
 Registers used:
		wreg, status,2, status,0, pclath, cstack
 Tracked objects:
		On entry : 
		On exit  : 
		Unchanged: 
 Data sizes:     COMMON   BANK0   BANK1   BANK2
      Params:         0       0       0       0
      Locals:         0       2       0       0
      Temps:          0       2       0       0
      Totals:         0       4       0       0
Total ram usage:        4 bytes
 Hardware stack levels used:    1
 Hardware stack levels required when called:    4
 This function calls:
		_getAD
 This function is called by:
		_main
 This function uses a non-reentrant model


 *************** function _getPIR_AD *****************
 Defined at:
		line 348 in file "../src/PIR_B1.c"
 Parameters:    Size  Location     Type
  channel1        1    wreg     unsigned char 
  channel2        1    8[BANK0 ] unsigned char 
 Auto vars:     Size  Location     Type
  channel1        1   13[BANK0 ] unsigned char 
  i               1   16[BANK0 ] unsigned char 
  VRAD            1   15[BANK0 ] unsigned char 
  VRAD1           1   14[BANK0 ] unsigned char 
  j               1   12[BANK0 ] unsigned char 
 Return value:  Size  Location     Type
		None               void
 Registers used:
		wreg, fsr0l, fsr0h, status,2, status,0, pclath, cstack
 Tracked objects:
		On entry : 
		On exit  : 
		Unchanged: 
 Data sizes:     COMMON   BANK0   BANK1   BANK2
      Params:         0       1       0       0
      Locals:         0       5       0       0
      Temps:          0       3       0       0
      Totals:         0       9       0       0
Total ram usage:        9 bytes
 Hardware stack levels used:    1
 Hardware stack levels required when called:    4
 This function calls:
		___awdiv
		___lwdiv
		_getAD
 This function is called by:
		_main
 This function uses a non-reentrant model


 *************** function _getLoad_AD *****************
 Defined at:
		line 16 in file "../src/OverLoad_B1.c"
 Parameters:    Size  Location     Type
  channel         1    wreg     unsigned char 
 Auto vars:     Size  Location     Type
  channel         1    2[BANK0 ] unsigned char 
  i               1    6[BANK0 ] unsigned char 
  ADRES           1    5[BANK0 ] unsigned char 
  j               1    4[BANK0 ] unsigned char 
  k               1    3[BANK0 ] unsigned char 
 Return value:  Size  Location     Type
		None               void
 Registers used:
		wreg, fsr0l, fsr0h, status,2, status,0, pclath, cstack
 Tracked objects:
		On entry : 
		On exit  : 
		Unchanged: 
 Data sizes:     COMMON   BANK0   BANK1   BANK2
      Params:         0       0       0       0
      Locals:         0       5       0       0
      Temps:          0       2       0       0
      Totals:         0       7       0       0
Total ram usage:        7 bytes
 Hardware stack levels used:    1
 Hardware stack levels required when called:    4
 This function calls:
		_getAD
 This function is called by:
		_main
 This function uses a non-reentrant model


 *************** function _getCDS_AD *****************
 Defined at:
		line 48 in file "../src/CDS_B1.c"
 Parameters:    Size  Location     Type
  channel1        1    wreg     unsigned char 
  channel2        1    0[BANK0 ] unsigned char 
 Auto vars:     Size  Location     Type
  channel1        1    5[BANK0 ] unsigned char 
  j               1    4[BANK0 ] unsigned char 
  i               1    3[BANK0 ] unsigned char 
 Return value:  Size  Location     Type
		None               void
 Registers used:
		wreg, status,2, status,0, pclath, cstack
 Tracked objects:
		On entry : 
		On exit  : 
		Unchanged: 
 Data sizes:     COMMON   BANK0   BANK1   BANK2
      Params:         0       1       0       0
      Locals:         0       3       0       0
      Temps:          0       2       0       0
      Totals:         0       6       0       0
Total ram usage:        6 bytes
 Hardware stack levels used:    1
 Hardware stack levels required when called:    4
 This function calls:
		_getAD
 This function is called by:
		_main
 This function uses a non-reentrant model


 *************** function _getAD *****************
 Defined at:
		line 434 in file "../src/MCU_B1.c"
 Parameters:    Size  Location     Type
  adcon0          1    wreg     unsigned char 
  adcon1          1    4[COMMON] unsigned char 
 Auto vars:     Size  Location     Type
  adcon0          1    5[COMMON] unsigned char 
 Return value:  Size  Location     Type
                  1    wreg      unsigned char 
 Registers used:
		wreg, status,2, status,0, pclath, cstack
 Tracked objects:
		On entry : 
		On exit  : 
		Unchanged: 
 Data sizes:     COMMON   BANK0   BANK1   BANK2
      Params:         1       0       0       0
      Locals:         1       0       0       0
      Temps:          0       0       0       0
      Totals:         2       0       0       0
Total ram usage:        2 bytes
 Hardware stack levels used:    1
 Hardware stack levels required when called:    3
 This function calls:
		_Timeout_Counter
		_set_TimeoutCleared
 This function is called by:
		_getCDS_AD
		_getLoad_AD
		_getTemp_AD
		_getPIR_AD
 This function uses a non-reentrant model


 *************** function _set_TimeoutCleared *****************
 Defined at:
		line 281 in file "../src/Main_B1.c"
 Parameters:    Size  Location     Type
		None
 Auto vars:     Size  Location     Type
		None
 Return value:  Size  Location     Type
		None               void
 Registers used:
		status,2
 Tracked objects:
		On entry : 
		On exit  : 
		Unchanged: 
 Data sizes:     COMMON   BANK0   BANK1   BANK2
      Params:         0       0       0       0
      Locals:         0       0       0       0
      Temps:          0       0       0       0
      Totals:         0       0       0       0
Total ram usage:        0 bytes
 Hardware stack levels used:    1
 Hardware stack levels required when called:    2
 This function calls:
		Nothing
 This function is called by:
		_getAD
 This function uses a non-reentrant model


 *************** function _Timeout_Counter *****************
 Defined at:
		line 272 in file "../src/Main_B1.c"
 Parameters:    Size  Location     Type
		None
 Auto vars:     Size  Location     Type
		None
 Return value:  Size  Location     Type
		None               void
 Registers used:
		wreg, status,2
 Tracked objects:
		On entry : 
		On exit  : 
		Unchanged: 
 Data sizes:     COMMON   BANK0   BANK1   BANK2
      Params:         0       0       0       0
      Locals:         0       0       0       0
      Temps:          0       0       0       0
      Totals:         0       0       0       0
Total ram usage:        0 bytes
 Hardware stack levels used:    1
 Hardware stack levels required when called:    2
 This function calls:
		Nothing
 This function is called by:
		_getAD
 This function uses a non-reentrant model


 *************** function _WDT_Main *****************
 Defined at:
		line 1116 in file "../src/MCU_B1.c"
 Parameters:    Size  Location     Type
		None
 Auto vars:     Size  Location     Type
		None
 Return value:  Size  Location     Type
		None               void
 Registers used:
		wreg, status,2, status,0, pclath, cstack
 Tracked objects:
		On entry : 
		On exit  : 
		Unchanged: 
 Data sizes:     COMMON   BANK0   BANK1   BANK2
      Params:         0       0       0       0
      Locals:         0       0       0       0
      Temps:          1       0       0       0
      Totals:         1       0       0       0
Total ram usage:        1 bytes
 Hardware stack levels used:    1
 Hardware stack levels required when called:    3
 This function calls:
		_WDT_Clearing
 This function is called by:
		_main
 This function uses a non-reentrant model


 *************** function _WDT_Clearing *****************
 Defined at:
		line 1126 in file "../src/MCU_B1.c"
 Parameters:    Size  Location     Type
		None
 Auto vars:     Size  Location     Type
		None
 Return value:  Size  Location     Type
		None               void
 Registers used:
		None
 Tracked objects:
		On entry : 
		On exit  : 
		Unchanged: 
 Data sizes:     COMMON   BANK0   BANK1   BANK2
      Params:         0       0       0       0
      Locals:         0       0       0       0
      Temps:          0       0       0       0
      Totals:         0       0       0       0
Total ram usage:        0 bytes
 Hardware stack levels used:    1
 Hardware stack levels required when called:    2
 This function calls:
		Nothing
 This function is called by:
		_WDT_Main
 This function uses a non-reentrant model


 *************** function _Temp_Main *****************
 Defined at:
		line 65 in file "../src/OverTemperature_B1.c"
 Parameters:    Size  Location     Type
		None
 Auto vars:     Size  Location     Type
		None
 Return value:  Size  Location     Type
		None               void
 Registers used:
		wreg, fsr0l, fsr0h, status,2, status,0, btemp+1, pclath, cstack
 Tracked objects:
		On entry : 
		On exit  : 
		Unchanged: 
 Data sizes:     COMMON   BANK0   BANK1   BANK2
      Params:         0       0       0       0
      Locals:         0       0       0       0
      Temps:          0       0       0       0
      Totals:         0       0       0       0
Total ram usage:        0 bytes
 Hardware stack levels used:    1
 Hardware stack levels required when called:    4
 This function calls:
		_setTemp_Main
 This function is called by:
		_main
 This function uses a non-reentrant model


 *************** function _setTemp_Main *****************
 Defined at:
		line 72 in file "../src/OverTemperature_B1.c"
 Parameters:    Size  Location     Type
		None
 Auto vars:     Size  Location     Type
  AD              2   14[BANK0 ] int 
  DangerValue     1   13[BANK0 ] unsigned char 
  SafeValue       1   12[BANK0 ] unsigned char 
  TempGO          1   11[BANK0 ] unsigned char 
  error           1   10[BANK0 ] unsigned char 
 Return value:  Size  Location     Type
		None               void
 Registers used:
		wreg, fsr0l, fsr0h, status,2, status,0, btemp+1, pclath, cstack
 Tracked objects:
		On entry : 
		On exit  : 
		Unchanged: 
 Data sizes:     COMMON   BANK0   BANK1   BANK2
      Params:         0       0       0       0
      Locals:         0       6       0       0
      Temps:          0       2       0       0
      Totals:         0       8       0       0
Total ram usage:        8 bytes
 Hardware stack levels used:    1
 Hardware stack levels required when called:    3
 This function calls:
		___awdiv
		_getMain_All_Error_Status
		_getMain_All_LightsStatus
		_setOverTemp_ADV_Restore
 This function is called by:
		_Temp_Main
 This function uses a non-reentrant model


 *************** function _setOverTemp_ADV_Restore *****************
 Defined at:
		line 182 in file "../src/OverTemperature_B1.c"
 Parameters:    Size  Location     Type
		None
 Auto vars:     Size  Location     Type
  i               2    4[COMMON] int 
 Return value:  Size  Location     Type
		None               void
 Registers used:
		wreg, fsr0l, fsr0h, status,2, status,0, btemp+1
 Tracked objects:
		On entry : 
		On exit  : 
		Unchanged: 
 Data sizes:     COMMON   BANK0   BANK1   BANK2
      Params:         0       0       0       0
      Locals:         2       0       0       0
      Temps:          0       0       0       0
      Totals:         2       0       0       0
Total ram usage:        2 bytes
 Hardware stack levels used:    1
 Hardware stack levels required when called:    2
 This function calls:
		Nothing
 This function is called by:
		_setTemp_Main
 This function uses a non-reentrant model


 *************** function _Temp_Initialization *****************
 Defined at:
		line 8 in file "../src/OverTemperature_B1.c"
 Parameters:    Size  Location     Type
		None
 Auto vars:     Size  Location     Type
		None
 Return value:  Size  Location     Type
		None               void
 Registers used:
		status,2, status,0, pclath, cstack
 Tracked objects:
		On entry : 
		On exit  : 
		Unchanged: 
 Data sizes:     COMMON   BANK0   BANK1   BANK2
      Params:         0       0       0       0
      Locals:         0       0       0       0
      Temps:          0       0       0       0
      Totals:         0       0       0       0
Total ram usage:        0 bytes
 Hardware stack levels used:    1
 Hardware stack levels required when called:    3
 This function calls:
		_setTemp_Initialization
 This function is called by:
		_main
 This function uses a non-reentrant model


 *************** function _setTemp_Initialization *****************
 Defined at:
		line 60 in file "../src/OverTemperature_B1.c"
 Parameters:    Size  Location     Type
		None
 Auto vars:     Size  Location     Type
		None
 Return value:  Size  Location     Type
		None               void
 Registers used:
		None
 Tracked objects:
		On entry : 
		On exit  : 
		Unchanged: 
 Data sizes:     COMMON   BANK0   BANK1   BANK2
      Params:         0       0       0       0
      Locals:         0       0       0       0
      Temps:          0       0       0       0
      Totals:         0       0       0       0
Total ram usage:        0 bytes
 Hardware stack levels used:    1
 Hardware stack levels required when called:    2
 This function calls:
		Nothing
 This function is called by:
		_Temp_Initialization
 This function uses a non-reentrant model


 *************** function _SYSC_Main *****************
 Defined at:
		line 17 in file "../src/SYSC_B1.c"
 Parameters:    Size  Location     Type
		None
 Auto vars:     Size  Location     Type
		None
 Return value:  Size  Location     Type
		None               void
 Registers used:
		wreg, status,2, status,0, pclath, cstack
 Tracked objects:
		On entry : 
		On exit  : 
		Unchanged: 
 Data sizes:     COMMON   BANK0   BANK1   BANK2
      Params:         0       0       0       0
      Locals:         0       0       0       0
      Temps:          0       0       0       0
      Totals:         0       0       0       0
Total ram usage:        0 bytes
 Hardware stack levels used:    1
 Hardware stack levels required when called:    4
 This function calls:
		_setSYSC_Main
 This function is called by:
		_main
 This function uses a non-reentrant model


 *************** function _setSYSC_Main *****************
 Defined at:
		line 23 in file "../src/SYSC_B1.c"
 Parameters:    Size  Location     Type
		None
 Auto vars:     Size  Location     Type
		None
 Return value:  Size  Location     Type
		None               void
 Registers used:
		wreg, status,2, status,0, pclath, cstack
 Tracked objects:
		On entry : 
		On exit  : 
		Unchanged: 
 Data sizes:     COMMON   BANK0   BANK1   BANK2
      Params:         0       0       0       0
      Locals:         0       0       0       0
      Temps:          0       0       0       0
      Totals:         0       0       0       0
Total ram usage:        0 bytes
 Hardware stack levels used:    1
 Hardware stack levels required when called:    3
 This function calls:
		_getMain_All_Error_Status
 This function is called by:
		_SYSC_Main
 This function uses a non-reentrant model


 *************** function _SYSC_Initialization *****************
 Defined at:
		line 7 in file "../src/SYSC_B1.c"
 Parameters:    Size  Location     Type
		None
 Auto vars:     Size  Location     Type
		None
 Return value:  Size  Location     Type
		None               void
 Registers used:
		status,2, status,0, pclath, cstack
 Tracked objects:
		On entry : 
		On exit  : 
		Unchanged: 
 Data sizes:     COMMON   BANK0   BANK1   BANK2
      Params:         0       0       0       0
      Locals:         0       0       0       0
      Temps:          0       0       0       0
      Totals:         0       0       0       0
Total ram usage:        0 bytes
 Hardware stack levels used:    1
 Hardware stack levels required when called:    3
 This function calls:
		_setSYSC_Initialization
 This function is called by:
		_main
 This function uses a non-reentrant model


 *************** function _setSYSC_Initialization *****************
 Defined at:
		line 13 in file "../src/SYSC_B1.c"
 Parameters:    Size  Location     Type
		None
 Auto vars:     Size  Location     Type
		None
 Return value:  Size  Location     Type
		None               void
 Registers used:
		None
 Tracked objects:
		On entry : 
		On exit  : 
		Unchanged: 
 Data sizes:     COMMON   BANK0   BANK1   BANK2
      Params:         0       0       0       0
      Locals:         0       0       0       0
      Temps:          0       0       0       0
      Totals:         0       0       0       0
Total ram usage:        0 bytes
 Hardware stack levels used:    1
 Hardware stack levels required when called:    2
 This function calls:
		Nothing
 This function is called by:
		_SYSC_Initialization
 This function uses a non-reentrant model


 *************** function _PIR_Main *****************
 Defined at:
		line 13 in file "../src/PIR_B1.c"
 Parameters:    Size  Location     Type
		None
 Auto vars:     Size  Location     Type
  LightsStatus    1   17[BANK0 ] unsigned char 
  TriggerValue    1   16[BANK0 ] unsigned char 
  Enable_Switc    1   13[BANK0 ] unsigned char 
  cds             1   12[BANK0 ] unsigned char 
  error           1   11[BANK0 ] unsigned char 
 Return value:  Size  Location     Type
		None               void
 Registers used:
		wreg, fsr0l, fsr0h, status,2, status,0, pclath, cstack
 Tracked objects:
		On entry : 
		On exit  : 
		Unchanged: 
 Data sizes:     COMMON   BANK0   BANK1   BANK2
      Params:         0       0       0       0
      Locals:         0       7       0       0
      Temps:          0       5       0       0
      Totals:         0      12       0       0
Total ram usage:       12 bytes
 Hardware stack levels used:    1
 Hardware stack levels required when called:    5
 This function calls:
		_getCDS_Status
		_getLights_Status
		_getMain_All_Error_Status
		_setLED
		_setLights_SwOff
		_setLights_SwOn
 This function is called by:
		_main
 This function uses a non-reentrant model


 *************** function _getCDS_Status *****************
 Defined at:
		line 42 in file "../src/CDS_B1.c"
 Parameters:    Size  Location     Type
		None
 Auto vars:     Size  Location     Type
  status          1    4[COMMON] unsigned char 
 Return value:  Size  Location     Type
                  1    wreg      unsigned char 
 Registers used:
		wreg, status,2
 Tracked objects:
		On entry : 
		On exit  : 
		Unchanged: 
 Data sizes:     COMMON   BANK0   BANK1   BANK2
      Params:         0       0       0       0
      Locals:         1       0       0       0
      Temps:          0       0       0       0
      Totals:         1       0       0       0
Total ram usage:        1 bytes
 Hardware stack levels used:    1
 Hardware stack levels required when called:    2
 This function calls:
		Nothing
 This function is called by:
		_PIR_Main
 This function uses a non-reentrant model


 *************** function _PIR_Initialization *****************
 Defined at:
		line 7 in file "../src/PIR_B1.c"
 Parameters:    Size  Location     Type
		None
 Auto vars:     Size  Location     Type
		None
 Return value:  Size  Location     Type
		None               void
 Registers used:
		wreg
 Tracked objects:
		On entry : 
		On exit  : 
		Unchanged: 
 Data sizes:     COMMON   BANK0   BANK1   BANK2
      Params:         0       0       0       0
      Locals:         0       0       0       0
      Temps:          1       0       0       0
      Totals:         1       0       0       0
Total ram usage:        1 bytes
 Hardware stack levels used:    1
 Hardware stack levels required when called:    2
 This function calls:
		Nothing
 This function is called by:
		_main
 This function uses a non-reentrant model


 *************** function _Mcu_Initialization *****************
 Defined at:
		line 30 in file "../src/MCU_B1.c"
 Parameters:    Size  Location     Type
		None
 Auto vars:     Size  Location     Type
		None
 Return value:  Size  Location     Type
		None               void
 Registers used:
		wreg, status,2, status,0, pclath, cstack
 Tracked objects:
		On entry : 
		On exit  : 
		Unchanged: 
 Data sizes:     COMMON   BANK0   BANK1   BANK2
      Params:         0       0       0       0
      Locals:         0       0       0       0
      Temps:          0       0       0       0
      Totals:         0       0       0       0
Total ram usage:        0 bytes
 Hardware stack levels used:    1
 Hardware stack levels required when called:    3
 This function calls:
		_ADC_Set
		_Fosc_Set
		_IO_Set
		_TMR1_Set
		_WDT_Set
 This function is called by:
		_main
 This function uses a non-reentrant model


 *************** function _WDT_Set *****************
 Defined at:
		line 1102 in file "../src/MCU_B1.c"
 Parameters:    Size  Location     Type
		None
 Auto vars:     Size  Location     Type
		None
 Return value:  Size  Location     Type
		None               void
 Registers used:
		wreg
 Tracked objects:
		On entry : 
		On exit  : 
		Unchanged: 
 Data sizes:     COMMON   BANK0   BANK1   BANK2
      Params:         0       0       0       0
      Locals:         0       0       0       0
      Temps:          1       0       0       0
      Totals:         1       0       0       0
Total ram usage:        1 bytes
 Hardware stack levels used:    1
 Hardware stack levels required when called:    2
 This function calls:
		Nothing
 This function is called by:
		_Mcu_Initialization
 This function uses a non-reentrant model


 *************** function _TMR1_Set *****************
 Defined at:
		line 226 in file "../src/MCU_B1.c"
 Parameters:    Size  Location     Type
		None
 Auto vars:     Size  Location     Type
		None
 Return value:  Size  Location     Type
		None               void
 Registers used:
		wreg
 Tracked objects:
		On entry : 
		On exit  : 
		Unchanged: 
 Data sizes:     COMMON   BANK0   BANK1   BANK2
      Params:         0       0       0       0
      Locals:         0       0       0       0
      Temps:          0       0       0       0
      Totals:         0       0       0       0
Total ram usage:        0 bytes
 Hardware stack levels used:    1
 Hardware stack levels required when called:    2
 This function calls:
		Nothing
 This function is called by:
		_Mcu_Initialization
 This function uses a non-reentrant model


 *************** function _IO_Set *****************
 Defined at:
		line 60 in file "../src/MCU_B1.c"
 Parameters:    Size  Location     Type
		None
 Auto vars:     Size  Location     Type
		None
 Return value:  Size  Location     Type
		None               void
 Registers used:
		wreg, status,2
 Tracked objects:
		On entry : 
		On exit  : 
		Unchanged: 
 Data sizes:     COMMON   BANK0   BANK1   BANK2
      Params:         0       0       0       0
      Locals:         0       0       0       0
      Temps:          0       0       0       0
      Totals:         0       0       0       0
Total ram usage:        0 bytes
 Hardware stack levels used:    1
 Hardware stack levels required when called:    2
 This function calls:
		Nothing
 This function is called by:
		_Mcu_Initialization
 This function uses a non-reentrant model


 *************** function _Fosc_Set *****************
 Defined at:
		line 56 in file "../src/MCU_B1.c"
 Parameters:    Size  Location     Type
		None
 Auto vars:     Size  Location     Type
		None
[...]
		line 499 in file "../src/Main_B1.c"
 Parameters:    Size  Location     Type
		None
 Auto vars:     Size  Location     Type
  i               2   12[BANK0 ] int 
  i               2   10[BANK0 ] int 
  error           1   14[BANK0 ] unsigned char 
  status          1    9[BANK0 ] unsigned char 
  count           1    8[BANK0 ] unsigned char 
  lights          1    7[BANK0 ] unsigned char 
 Return value:  Size  Location     Type
		None               void
 Registers used:
		wreg, fsr0l, fsr0h, status,2, status,0, pclath, cstack
 Tracked objects:
		On entry : 
		On exit  : 
		Unchanged: 
 Data sizes:     COMMON   BANK0   BANK1   BANK2
      Params:         0       0       0       0
      Locals:         0       8       0       0
      Temps:          0       1       0       0
      Totals:         0       9       0       0
Total ram usage:        9 bytes
 Hardware stack levels used:    1
 Hardware stack levels required when called:    5
 This function calls:
		_getAll_Lights_Line
		_getLights_Status
		_getMain_All_Error_Status
		_getMain_All_LightsStatus
		_setLED
		_setLights_SwOff
		_setLights_SwOn
 This function is called by:
		_main
 This function uses a non-reentrant model


 *************** function _setLights_SwOn *****************
 Defined at:
		line 410 in file "../src/TriacRelay_B1.c"
 Parameters:    Size  Location     Type
  sw              1    wreg     unsigned char 
 Auto vars:     Size  Location     Type
  sw              1    3[BANK0 ] unsigned char 
 Return value:  Size  Location     Type
		None               void
 Registers used:
		wreg, fsr0l, fsr0h, status,2, status,0, pclath, cstack
 Tracked objects:
		On entry : 
		On exit  : 
		Unchanged: 
 Data sizes:     COMMON   BANK0   BANK1   BANK2
      Params:         0       0       0       0
      Locals:         0       1       0       0
      Temps:          0       0       0       0
      Totals:         0       1       0       0
Total ram usage:        1 bytes
 Hardware stack levels used:    1
 Hardware stack levels required when called:    4
 This function calls:
		_LightsPointSelect
		_getLights_Status
		_setLights_Trigger
 This function is called by:
		_Exception_Main
		_PIR_Main
 This function uses a non-reentrant model


 *************** function _getLights_Status *****************
 Defined at:
		line 271 in file "../src/TriacRelay_B1.c"
 Parameters:    Size  Location     Type
  lights          1    wreg     unsigned char 
 Auto vars:     Size  Location     Type
  lights          1    0[BANK0 ] unsigned char 
  status          1    1[BANK0 ] unsigned char 
 Return value:  Size  Location     Type
                  1    wreg      unsigned char 
 Registers used:
		wreg, fsr0l, fsr0h, status,2, status,0, pclath, cstack
 Tracked objects:
		On entry : 
		On exit  : 
		Unchanged: 
 Data sizes:     COMMON   BANK0   BANK1   BANK2
      Params:         0       0       0       0
      Locals:         0       2       0       0
      Temps:          0       0       0       0
      Totals:         0       2       0       0
Total ram usage:        2 bytes
 Hardware stack levels used:    1
 Hardware stack levels required when called:    3
 This function calls:
		_LightsPointSelect
 This function is called by:
		_Exception_Main
		_PIR_Main
		_setLights_SwOn
		_setLights_ErrorClose
 This function uses a non-reentrant model


 *************** function _setLights_SwOff *****************
 Defined at:
		line 438 in file "../src/TriacRelay_B1.c"
 Parameters:    Size  Location     Type
  sw              1    wreg     unsigned char 
 Auto vars:     Size  Location     Type
  sw              1    3[BANK0 ] unsigned char 
 Return value:  Size  Location     Type
		None               void
 Registers used:
		wreg, fsr0l, fsr0h, status,2, status,0, pclath, cstack
 Tracked objects:
		On entry : 
		On exit  : 
		Unchanged: 
 Data sizes:     COMMON   BANK0   BANK1   BANK2
      Params:         0       0       0       0
      Locals:         0       1       0       0
      Temps:          0       0       0       0
      Totals:         0       1       0       0
Total ram usage:        1 bytes
 Hardware stack levels used:    1
 Hardware stack levels required when called:    4
 This function calls:
		_LightsPointSelect
		_setLights_Trigger
 This function is called by:
		_Exception_Main
		_PIR_Main
 This function uses a non-reentrant model


 *************** function _setLights_Trigger *****************
 Defined at:
		line 278 in file "../src/TriacRelay_B1.c"
 Parameters:    Size  Location     Type
  lights          1    wreg     unsigned char 
  command         1    0[BANK0 ] unsigned char 
 Auto vars:     Size  Location     Type
  lights          1    2[BANK0 ] unsigned char 
 Return value:  Size  Location     Type
		None               void
 Registers used:
		wreg, fsr0l, fsr0h, status,2, status,0, pclath, cstack
 Tracked objects:
		On entry : 
		On exit  : 
		Unchanged: 
 Data sizes:     COMMON   BANK0   BANK1   BANK2
      Params:         0       1       0       0
      Locals:         0       1       0       0
      Temps:          0       1       0       0
      Totals:         0       3       0       0
Total ram usage:        3 bytes
 Hardware stack levels used:    1
 Hardware stack levels required when called:    3
 This function calls:
		_LightsPointSelect
 This function is called by:
		_setLights_SwOn
		_setLights_SwOff
		_setLights_ErrorClose
 This function uses a non-reentrant model


 *************** function _LightsPointSelect *****************
 Defined at:
		line 10 in file "../src/TriacRelay_B1.c"
 Parameters:    Size  Location     Type
  lights          1    wreg     unsigned char 
 Auto vars:     Size  Location     Type
  lights          1    5[COMMON] unsigned char 
 Return value:  Size  Location     Type
		None               void
 Registers used:
		wreg
 Tracked objects:
		On entry : 
		On exit  : 
		Unchanged: 
 Data sizes:     COMMON   BANK0   BANK1   BANK2
      Params:         0       0       0       0
      Locals:         1       0       0       0
      Temps:          1       0       0       0
      Totals:         2       0       0       0
Total ram usage:        2 bytes
 Hardware stack levels used:    1
 Hardware stack levels required when called:    2
 This function calls:
		Nothing
 This function is called by:
		_setLights_Initialization
		_setLights_Main
		_Lights_Control
		_getLights_Status
		_setLights_Trigger
		_setLights_SwOn
		_setLights_SwOff
 This function uses a non-reentrant model


 *************** function _setLED *****************
 Defined at:
		line 81 in file "../src/LED_B1.c"
 Parameters:    Size  Location     Type
  led             1    wreg     unsigned char 
  command         1    0[BANK0 ] unsigned char 
 Auto vars:     Size  Location     Type
  led             1    1[BANK0 ] unsigned char 
 Return value:  Size  Location     Type
		None               void
 Registers used:
		wreg, fsr0l, fsr0h, status,2, status,0, pclath, cstack
 Tracked objects:
		On entry : 
		On exit  : 
		Unchanged: 
 Data sizes:     COMMON   BANK0   BANK1   BANK2
      Params:         0       1       0       0
      Locals:         0       1       0       0
      Temps:          0       0       0       0
      Totals:         0       2       0       0
Total ram usage:        2 bytes
 Hardware stack levels used:    1
 Hardware stack levels required when called:    3
 This function calls:
		_LedPointSelect
 This function is called by:
		_setLED_Initialization
		_setPIRLED_Main
		_Exception_Main
		_PIR_Main
		_setLights
 This function uses a non-reentrant model


 *************** function _LedPointSelect *****************
 Defined at:
		line 7 in file "../src/LED_B1.c"
 Parameters:    Size  Location     Type
  led             1    wreg     unsigned char 
 Auto vars:     Size  Location     Type
  led             1    5[COMMON] unsigned char 
 Return value:  Size  Location     Type
		None               void
 Registers used:
		wreg
 Tracked objects:
		On entry : 
		On exit  : 
		Unchanged: 
 Data sizes:     COMMON   BANK0   BANK1   BANK2
      Params:         0       0       0       0
      Locals:         1       0       0       0
      Temps:          1       0       0       0
      Totals:         2       0       0       0
Total ram usage:        2 bytes
 Hardware stack levels used:    1
 Hardware stack levels required when called:    2
 This function calls:
		Nothing
 This function is called by:
		_setLED_Initialization
		_setLED
		_setLED_Main
 This function uses a non-reentrant model


 *************** function _getMain_All_LightsStatus *****************
 Defined at:
		line 373 in file "../src/Main_B1.c"
 Parameters:    Size  Location     Type
		None
 Auto vars:     Size  Location     Type
  status          1    4[COMMON] unsigned char 
 Return value:  Size  Location     Type
                  1    wreg      unsigned char 
 Registers used:
		wreg, status,2
 Tracked objects:
		On entry : 
		On exit  : 
		Unchanged: 
 Data sizes:     COMMON   BANK0   BANK1   BANK2
      Params:         0       0       0       0
      Locals:         1       0       0       0
      Temps:          0       0       0       0
      Totals:         1       0       0       0
Total ram usage:        1 bytes
 Hardware stack levels used:    1
 Hardware stack levels required when called:    2
 This function calls:
		Nothing
 This function is called by:
		_Exception_Main
		_Load_Main
		_setTemp_Main
		_Lights_Main
 This function uses a non-reentrant model


 *************** function _getMain_All_Error_Status *****************
 Defined at:
		line 424 in file "../src/Main_B1.c"
 Parameters:    Size  Location     Type
  command         1    wreg     unsigned char 
 Auto vars:     Size  Location     Type
  command         1    4[BANK0 ] unsigned char 
  status          1    5[BANK0 ] unsigned char 
 Return value:  Size  Location     Type
                  1    wreg      unsigned char 
 Registers used:
		wreg, status,2, status,0
 Tracked objects:
		On entry : 
		On exit  : 
		Unchanged: 
 Data sizes:     COMMON   BANK0   BANK1   BANK2
      Params:         0       0       0       0
      Locals:         0       6       0       0
      Temps:          1       0       0       0
      Totals:         1       6       0       0
Total ram usage:        7 bytes
 Hardware stack levels used:    1
 Hardware stack levels required when called:    2
 This function calls:
		Nothing
 This function is called by:
		_Exception_Main
		_Load_Main
		_setTemp_Main
		_PIR_Main
		_setSYSC_Main
		_Lights_Main
 This function uses a non-reentrant model


 *************** function _getAll_Lights_Line *****************
 Defined at:
		line 310 in file "../src/TriacRelay_B1.c"
 Parameters:    Size  Location     Type
		None
 Auto vars:     Size  Location     Type
  line            1    4[COMMON] unsigned char 
 Return value:  Size  Location     Type
                  1    wreg      unsigned char 
 Registers used:
		wreg, status,2
 Tracked objects:
		On entry : 
		On exit  : 
		Unchanged: 
 Data sizes:     COMMON   BANK0   BANK1   BANK2
      Params:         0       0       0       0
      Locals:         1       0       0       0
      Temps:          0       0       0       0
      Totals:         1       0       0       0
Total ram usage:        1 bytes
 Hardware stack levels used:    1
 Hardware stack levels required when called:    2
 This function calls:
		Nothing
 This function is called by:
		_Exception_Main
 This function uses a non-reentrant model


 *************** function _DetectSYSC_Signal *****************
 Defined at:
		line 50 in file "../src/SYSC_B1.c"
 Parameters:    Size  Location     Type
		None
 Auto vars:     Size  Location     Type
		None
 Return value:  Size  Location     Type
		None               void
 Registers used:
		status,2
 Tracked objects:
		On entry : 
		On exit  : 
		Unchanged: 
 Data sizes:     COMMON   BANK0   BANK1   BANK2
      Params:         0       0       0       0
      Locals:         0       0       0       0
      Temps:          0       0       0       0
      Totals:         0       0       0       0
Total ram usage:        0 bytes
 Hardware stack levels used:    1
 Hardware stack levels required when called:    2
 This function calls:
		Nothing
 This function is called by:
		_main
 This function uses a non-reentrant model


 *************** function _CDS_Main *****************
 Defined at:
		line 11 in file "../src/CDS_B1.c"
 Parameters:    Size  Location     Type
		None
 Auto vars:     Size  Location     Type
		None
 Return value:  Size  Location     Type
		None               void
 Registers used:
		wreg, status,2, status,0
 Tracked objects:
		On entry : 
		On exit  : 
		Unchanged: 
 Data sizes:     COMMON   BANK0   BANK1   BANK2
      Params:         0       0       0       0
      Locals:         0       0       0       0
      Temps:          0       3       0       0
      Totals:         0       3       0       0
Total ram usage:        3 bytes
 Hardware stack levels used:    1
 Hardware stack levels required when called:    2
 This function calls:
		Nothing
 This function is called by:
		_main
 This function uses a non-reentrant model


 *************** function _CDS_Initialization *****************
 Defined at:
		line 7 in file "../src/CDS_B1.c"
 Parameters:    Size  Location     Type
		None
 Auto vars:     Size  Location     Type
		None
 Return value:  Size  Location     Type
		None               void
 Registers used:
		None
 Tracked objects:
		On entry : 
		On exit  : 
		Unchanged: 
 Data sizes:     COMMON   BANK0   BANK1   BANK2
      Params:         0       0       0       0
      Locals:         0       0       0       0
      Temps:          0       0       0       0
      Totals:         0       0       0       0
Total ram usage:        0 bytes
 Hardware stack levels used:    1
 Hardware stack levels required when called:    2
 This function calls:
		Nothing
 This function is called by:
		_main
 This function uses a non-reentrant model


 *************** function _ISR *****************
 Defined at:
		line 116 in file "../src/MCU_B1.c"
 Parameters:    Size  Location     Type
		None
 Auto vars:     Size  Location     Type
		None
 Return value:  Size  Location     Type
		None               void
 Registers used:
		wreg, status,2, status,0, pclath, cstack
 Tracked objects:
		On entry : 
		On exit  : 
		Unchanged: 
 Data sizes:     COMMON   BANK0   BANK1   BANK2
      Params:         0       0       0       0
      Locals:         0       0       0       0
      Temps:          4       0       0       0
      Totals:         4       0       0       0
Total ram usage:        4 bytes
 Hardware stack levels used:    1
 Hardware stack levels required when called:    1
 This function calls:
		_TMR1_ISR
 This function is called by:
		Interrupt level 1
 This function uses a non-reentrant model


 *************** function _TMR1_ISR *****************
 Defined at:
		line 236 in file "../src/MCU_B1.c"
 Parameters:    Size  Location     Type
		None
 Auto vars:     Size  Location     Type
		None
 Return value:  Size  Location     Type
		None               void
 Registers used:
		wreg, status,2
 Tracked objects:
		On entry : 
		On exit  : 
		Unchanged: 
 Data sizes:     COMMON   BANK0   BANK1   BANK2
      Params:         0       0       0       0
      Locals:         0       0       0       0
      Temps:          0       0       0       0
      Totals:         0       0       0       0
Total ram usage:        0 bytes
 Hardware stack levels used:    1
 This function calls:
		Nothing
 This function is called by:
		_ISR
 This function uses a non-reentrant model



MODULE INFORMATION

Module		Function		Class		Link	Load	Size
../src/OverLoad_B1.c
		_getLoad_AD    		CODE           	0E0B	0000	92
		_getLoad_OK    		CODE           	0A72	0000	8
		_Load_Initializ		CODE           	0A2A	0000	3
		_Load_Main     		CODE           	0230	0000	490
		_setLoad_AH_AL_		CODE           	0B69	0000	22

../src/OverLoad_B1.c estimated size: 615

../src/MCU_B1.c
		_Fosc_Set      		CODE           	0A45	0000	5
		_IO_Set        		CODE           	0BE1	0000	26
		_WDT_Set       		CODE           	0ADC	0000	14
		_WDT_Main      		CODE           	0B0A	0000	17
		_ADC_Set       		CODE           	0A63	0000	7
		_ISR           		CODE           	0B96	0000	24
		_WDT_Clearing  		CODE           	0002	0000	2
		_Mcu_Initializa		CODE           	0AEA	0000	15
		_getAD         		CODE           	0C30	0000	28
		_TMR1_Set      		CODE           	0ACE	0000	14
		_TMR1_ISR      		CODE           	0B53	0000	22

../src/MCU_B1.c estimated size: 174

../src/LED_B1.c
		_setLED        		CODE           	0EC4	0000	101
		_LED_Main      		CODE           	0A27	0000	3
		_setLED_Initial		CODE           	0B2D	0000	18
		_LedPointSelect		CODE           	0B1B	0000	18
		_setPIRLED_Main		CODE           	0F8F	0000	113
		_LED_Initializa		CODE           	0A6A	0000	8

../src/LED_B1.c estimated size: 261

../src/SYSC_B1.c
		_setSYSC_Initia		CODE           	0A41	0000	4
		_setSYSC_Main  		CODE           	0DC7	0000	68
		_SYSC_Initializ		CODE           	0A2D	0000	3
		_SYSC_Main     		CODE           	0A30	0000	3
		_DetectSYSC_Sig		CODE           	0AB2	0000	14

../src/SYSC_B1.c estimated size: 92

../src/TriacRelay_B1.c
		_setLights     		CODE           	0744	0000	127
		_Lights_Initial		CODE           	0A3D	0000	4
		_getLights_Stat		CODE           	0AF9	0000	17
		_setLights_SwOn		CODE           	0C8C	0000	37
		_setLights_Line		CODE           	0AC0	0000	14
		_setLights_Main		CODE           	0CD6	0000	48
		_getLight_LoadG		CODE           	0A4A	0000	6
		_setLights_Trig		CODE           	0C15	0000	27
		_LightsPointSel		CODE           	0A93	0000	10
		_getAll_Lights_		CODE           	0A8A	0000	9
		_Lights_Main   		CODE           	0C4C	0000	30
		_getLight_Load_		CODE           	0A50	0000	6
		_setLights_SwOf		CODE           	0BC7	0000	26
		_setLights_Init		CODE           	0A5C	0000	7
		_getLights_Allo		CODE           	0B7F	0000	23
		_Lights_Control		CODE           	06C1	0000	131

../src/TriacRelay_B1.c estimated size: 522

../src/OverTemperature_B1.c
		_Temp_Initializ		CODE           	0A33	0000	3
		_Temp_Main     		CODE           	0A36	0000	3
		_setTemp_Initia		CODE           	0A25	0000	1
		_setOverTemp_AD		CODE           	0BAE	0000	25
		_getTemp_AD    		CODE           	0D84	0000	67
		_setTemp_Main  		CODE           	060A	0000	183

../src/OverTemperature_B1.c estimated size: 282

C:\Program Files (x86)\Microchip\xc8\v1.32\sources\common\lwdiv.c
		___lwdiv       		CODE           	0D44	0000	64

C:\Program Files (x86)\Microchip\xc8\v1.32\sources\common\lwdiv.c estimated size: 64

C:\Program Files (x86)\Microchip\xc8\v1.32\sources\common\awdiv.c
		___awdiv       		CODE           	0E67	0000	93

C:\Program Files (x86)\Microchip\xc8\v1.32\sources\common\awdiv.c estimated size: 93

../src/Main_B1.c
		_Exception_Main		CODE           	0548	0000	194
		_my_MainTimer  		CODE           	0BFB	0000	26
		_main          		CODE           	0F29	0000	102
		_Timeout_Counte		CODE           	0B3F	0000	20
		_myMain_Initial		CODE           	0A26	0000	1
		_getMain_All_Er		CODE           	0D06	0000	62
		_set_TimeoutCle		CODE           	0A56	0000	6
		_getMain_Lights		CODE           	0A9D	0000	10
		_getMain_All_Li		CODE           	07F7	0000	9

../src/Main_B1.c estimated size: 430

C:\Program Files (x86)\Microchip\xc8\v1.32\sources\common\Umul16.c
		___wmul        		CODE           	0CB1	0000	37

C:\Program Files (x86)\Microchip\xc8\v1.32\sources\common\Umul16.c estimated size: 37

shared
		__initializatio		CODE           	0013	0000	16

shared estimated size: 16

../src/PIR_B1.c
		_PIR_Main      		CODE           	0026	0000	522
		_getPIR_AD     		CODE           	041A	0000	302
		_PIR_Initializa		CODE           	0AA7	0000	11

../src/PIR_B1.c estimated size: 835

../src/CDS_B1.c
		_CDS_Initializa		CODE           	0A39	0000	4
		_getCDS_AD     		CODE           	0C6A	0000	34
		_CDS_Main      		CODE           	07C3	0000	52
		_getCDS_Status 		CODE           	0A7A	0000	8

../src/CDS_B1.c estimated size: 98

