Microchip MPLAB XC8 Compiler V1.32 ()

Linker command line:

--edf=C:\Program Files (x86)\Microchip\xc8\v1.32\dat\en_msgs.txt -cs \
  -h+dist/default/production\2-1-3.PIR_Ceiling_thin.X.production.sym \
  --cmf=dist/default/production\2-1-3.PIR_Ceiling_thin.X.production.cmf -z \
  -Q16F723A -oC:\Users\taianluo\AppData\Local\Temp\s5uc.6 \
  -Mdist/default/production/2-1-3.PIR_Ceiling_thin.X.production.map -E1 \
  -ver=XC8 -ASTACK=0120h-012fh -pstack=STACK -ACONST=00h-0FFhx16 \
  -ACODE=00h-07FFhx2 -ASTRCODE=00h-0FFFh -AENTRY=00h-0FFhx16 \
  -ASTRING=00h-0FFhx16 -ACOMMON=070h-07Fh -ABANK0=020h-06Fh \
  -ABANK1=0A0h-0EFh -ABANK2=0120h-012Fh \
  -ARAM=020h-06Fh,0A0h-0EFh,0120h-012Fh \
  -AABS1=020h-07Fh,0A0h-0EFh,0120h-012Fh -ASFR0=00h-01Fh -ASFR1=080h-09Fh \
  -ASFR2=0100h-011Fh -ASFR3=0180h-01EFh \
  -preset_vec=00h,intentry=04h,init,end_init -ppowerup=CODE -pcinit=CODE \
  -pfunctab=CODE -ACONFIG=02007h-02008h -pconfig=CONFIG -DCONFIG=2 \
  -AIDLOC=02000h-02003h -pidloc=IDLOC -DIDLOC=2 -DCODE=2 -DSTRCODE=2 \
  -DSTRING=2 -DCONST=2 -DENTRY=2 -k \
  C:\Users\taianluo\AppData\Local\Temp\s5uc.obj \
  dist/default/production\2-1-3.PIR_Ceiling_thin.X.production.obj 

Object code version is 3.11

Machine type is 16F723A



                Name                               Link     Load   Length Selector   Space Scale
C:\Users\taianluo\AppData\Local\Temp\s5uc.obj
                end_init                             11       11        2        8       0
                reset_vec                             0        0        2        0       0
                config                             2007     2007        2     400E       0
dist/default/production\2-1-3.PIR_Ceiling_thin.X.production.obj
                cinit                                13       13       13        8       0
                intentry                              4        4        D        8       0
                text66                              BCD      BCD       16     179A       0
                text65                              C10      C10       18     1820       0
                text64                              AB5      AB5        4     156A       0
                text63                              D86      D86       34     1B0C       0
                text62                              B2C      B2C        E     1658       0
                text61                              B06      B06        9     160C       0
                text60                              DBA      DBA       3E     1B74       0
                text59                              B0F      B0F        9     161E       0
                text58                              B95      B95       12     172A       0
                text57                              F35      F35       65     1E6A       0
                text56                              B18      B18        A     1630       0
                text55                              C76      C76       1B     18EC       0
                text54                              C28      C28       1A     1850       0
                text53                              B73      B73       11     16E6       0
                text52                              D0C      D0C       25     1A18       0
                text51                              545      545       C2        8       0
                text50                              BA7      BA7       12     174E       0
                text49                              AE6      AE6        8     15CC       0
                text48                              784      784       71        8       0
                text47                              AA3      AA3        3     1546       0
                text46                              AD8      AD8        7     15B0       0
                text45                              AB9      AB9        4     1572       0
                text44                              ED8      ED8       5D     1DB0       0
                text43                              607      607       83        8       0
                text42                              AEE      AEE        8     15DC       0
                text41                              BF9      BF9       17     17F2       0
                text40                              B3A      B3A        E     1674       0
                text39                              68A      68A       7F        8       0
                text38                              D56      D56       30     1AAC       0
                text37                              CAD      CAD       1E     195A       0
                text36                              BE3      BE3       16     17C6       0
                text35                              AA6      AA6        3     154C       0
                text34                              DF8      DF8       40     1BF0       0
                text33                              D31      D31       25     1A62       0
                text32                              AC6      AC6        6     158C       0
                text31                              ACC      ACC        6     1598       0
                text30                              B22      B22        A     1644       0
                text29                              22D      22D      1EA        8       0
                text28                              ADF      ADF        7     15BE       0
                text27                              AC1      AC1        5     1582       0
                text26                              C42      C42       1A     1884       0
                text25                              B48      B48        E     1690       0
                text24                              B56      B56        E     16AC       0
                text23                              B64      B64        F     16C8       0
                text22                              7F5      7F5        B        8       0
                text21                              AF6      AF6        8     15EC       0
                text20                               26       26      207        8       0
                text19                              ABD      ABD        4     157A       0
                text18                              AA9      AA9        3     1552       0
                text17                              E38      E38       44     1C70       0
                text16                              AAC      AAC        3     1558       0
                text15                              AA1      AA1        1     1542       0
                text14                              AAF      AAF        3     155E       0
                text13                              709      709       7B        8       0
                text12                              AB2      AB2        3     1564       0
                text11                                2        2        2        0       0
                text10                              B84      B84       11     1708       0
                text9                               BB9      BB9       14     1772       0
                text8                               AD2      AD2        6     15A4       0
                text7                               C91      C91       1C     1922       0
                text6                               CEA      CEA       22     19D4       0
                text5                               E7C      E7C       5C     1CF8       0
                text4                               417      417      12E        8       0
                text3                               CCB      CCB       1F     1996       0
                text2                               AA2      AA2        1     1544       0
                text1                               C5C      C5C       1A     18B8       0
                maintext                            F9A      F9A       66     1F34       0
                cstackBANK0                          4D       4D       17       20       1
                cstackCOMMON                         70       70        6       70       1
                clrtext                             AFE      AFE        8     15FC       0
                bssBANK1                             A0       A0       46       A0       1
                bssBANK0                             20       20       2D       20       1
                bssCOMMON                            76       76        4       70       1

TOTAL           Name                               Link     Load   Length     Space
        CLASS   STACK          

        CLASS   CONST          

        CLASS   CODE           
                end_init                             11       11        2         0
                cinit                                13       13       13         0
                intentry                              4        4        D         0
                reset_vec                             0        0        2         0
                text66                              BCD      BCD       16         0
                text65                              C10      C10       18         0
                text64                              AB5      AB5        4         0
                text63                              D86      D86       34         0
                text62                              B2C      B2C        E         0
                text61                              B06      B06        9         0
                text60                              DBA      DBA       3E         0
                text59                              B0F      B0F        9         0
                text58                              B95      B95       12         0
                text57                              F35      F35       65         0
                text56                              B18      B18        A         0
                text55                              C76      C76       1B         0
                text54                              C28      C28       1A         0
                text53                              B73      B73       11         0
                text52                              D0C      D0C       25         0
                text51                              545      545       C2         0
                text50                              BA7      BA7       12         0
                text49                              AE6      AE6        8         0
                text48                              784      784       71         0
                text47                              AA3      AA3        3         0
                text46                              AD8      AD8        7         0
                text45                              AB9      AB9        4         0
                text44                              ED8      ED8       5D         0
                text43                              607      607       83         0
                text42                              AEE      AEE        8         0
                text41                              BF9      BF9       17         0
                text40                              B3A      B3A        E         0
                text39                              68A      68A       7F         0
                text38                              D56      D56       30         0
                text37                              CAD      CAD       1E         0
                text36                              BE3      BE3       16         0
                text35                              AA6      AA6        3         0
                text34                              DF8      DF8       40         0
                text33                              D31      D31       25         0
                text32                              AC6      AC6        6         0
                text31                              ACC      ACC        6         0
                text30                              B22      B22        A         0
                text29                              22D      22D      1EA         0
                text28                              ADF      ADF        7         0
                text27                              AC1      AC1        5         0
                text26                              C42      C42       1A         0
                text25                              B48      B48        E         0
                text24                              B56      B56        E         0
                text23                              B64      B64        F         0
                text22                              7F5      7F5        B         0
                text21                              AF6      AF6        8         0
                text20                               26       26      207         0
                text19                              ABD      ABD        4         0
                text18                              AA9      AA9        3         0
                text17                              E38      E38       44         0
                text16                              AAC      AAC        3         0
                text15                              AA1      AA1        1         0
                text14                              AAF      AAF        3         0
                text13                              709      709       7B         0
                text12                              AB2      AB2        3         0
                text11                                2        2        2         0
                text10                              B84      B84       11         0
                text9                               BB9      BB9       14         0
                text8                               AD2      AD2        6         0
                text7                               C91      C91       1C         0
                text6                               CEA      CEA       22         0
                text5                               E7C      E7C       5C         0
                text4                               417      417      12E         0
                text3                               CCB      CCB       1F         0
                text2                               AA2      AA2        1         0
                text1                               C5C      C5C       1A         0
                maintext                            F9A      F9A       66         0
                clrtext                             AFE      AFE        8         0

        CLASS   STRCODE        

        CLASS   ENTRY          

        CLASS   STRING         

        CLASS   COMMON         
                cstackCOMMON                         70       70        6         1
                bssCOMMON                            76       76        4         1

        CLASS   BANK0          
                cstackBANK0                          4D       4D       17         1
                bssBANK0                             20       20       2D         1

        CLASS   BANK1          
                bssBANK1                             A0       A0       46         1

        CLASS   BANK2          

        CLASS   RAM            

        CLASS   ABS1           
                abs_s1                               7E       7E        2         1

        CLASS   SFR0           

        CLASS   SFR1           

        CLASS   SFR2           

        CLASS   SFR3           

        CLASS   CONFIG         
                config                             2007     2007        2         0

        CLASS   IDLOC          

        CLASS   BANK3          

        CLASS   EEDATA         



SEGMENTS        Name                           Load    Length   Top    Selector   Space  Class     Delta

                reset_vec                      000000  000004  000004         0       0  CODE        2
                intentry                       000004  0007FC  000800         8       0  CODE        2
                bssBANK0                       000020  000044  000064        20       1  BANK0       1
                cstackCOMMON                   000070  00000A  00007A        70       1  COMMON      1
                bssBANK1                       0000A0  000046  0000E6        A0       1  BANK1       1
                text15                         000AA1  000001  000AA2      1542       0  CODE        2
                text2                          000AA2  000001  000AA3      1544       0  CODE        2
                text47                         000AA3  000003  000AA6      1546       0  CODE        2
                text35                         000AA6  000003  000AA9      154C       0  CODE        2
                text18                         000AA9  000003  000AAC      1552       0  CODE        2
                text16                         000AAC  000003  000AAF      1558       0  CODE        2
                text14                         000AAF  000003  000AB2      155E       0  CODE        2
                text12                         000AB2  000003  000AB5      1564       0  CODE        2
                text64                         000AB5  000004  000AB9      156A       0  CODE        2
                text45                         000AB9  000004  000ABD      1572       0  CODE        2
                text19                         000ABD  000004  000AC1      157A       0  CODE        2
                text27                         000AC1  000005  000AC6      1582       0  CODE        2
                text32                         000AC6  000006  000ACC      158C       0  CODE        2
                text31                         000ACC  000006  000AD2      1598       0  CODE        2
                text8                          000AD2  000006  000AD8      15A4       0  CODE        2
                text46                         000AD8  000007  000ADF      15B0       0  CODE        2
                text28                         000ADF  000007  000AE6      15BE       0  CODE        2
                text49                         000AE6  000008  000AEE      15CC       0  CODE        2
                text42                         000AEE  000008  000AF6      15DC       0  CODE        2
                text21                         000AF6  000008  000AFE      15EC       0  CODE        2
                clrtext                        000AFE  000008  000B06      15FC       0  CODE        2
                text61                         000B06  000009  000B0F      160C       0  CODE        2
                text59                         000B0F  000009  000B18      161E       0  CODE        2
                text56                         000B18  00000A  000B22      1630       0  CODE        2
                text30                         000B22  00000A  000B2C      1644       0  CODE        2
                text62                         000B2C  00000E  000B3A      1658       0  CODE        2
                text40                         000B3A  00000E  000B48      1674       0  CODE        2
                text25                         000B48  00000E  000B56      1690       0  CODE        2
                text24                         000B56  00000E  000B64      16AC       0  CODE        2
                text23                         000B64  00000F  000B73      16C8       0  CODE        2
                text53                         000B73  000011  000B84      16E6       0  CODE        2
                text10                         000B84  000011  000B95      1708       0  CODE        2
                text58                         000B95  000012  000BA7      172A       0  CODE        2
                text50                         000BA7  000012  000BB9      174E       0  CODE        2
                text9                          000BB9  000014  000BCD      1772       0  CODE        2
                text66                         000BCD  000016  000BE3      179A       0  CODE        2
                text36                         000BE3  000016  000BF9      17C6       0  CODE        2
                text41                         000BF9  000017  000C10      17F2       0  CODE        2
                text65                         000C10  000018  000C28      1820       0  CODE        2
                text54                         000C28  00001A  000C42      1850       0  CODE        2
                text26                         000C42  00001A  000C5C      1884       0  CODE        2
                text1                          000C5C  00001A  000C76      18B8       0  CODE        2
                text55                         000C76  00001B  000C91      18EC       0  CODE        2
                text7                          000C91  00001C  000CAD      1922       0  CODE        2
                text37                         000CAD  00001E  000CCB      195A       0  CODE        2
                text3                          000CCB  00001F  000CEA      1996       0  CODE        2
                text6                          000CEA  000022  000D0C      19D4       0  CODE        2
                text52                         000D0C  000025  000D31      1A18       0  CODE        2
                text33                         000D31  000025  000D56      1A62       0  CODE        2
                text38                         000D56  000030  000D86      1AAC       0  CODE        2
                text63                         000D86  000034  000DBA      1B0C       0  CODE        2
                text60                         000DBA  00003E  000DF8      1B74       0  CODE        2
                text34                         000DF8  000040  000E38      1BF0       0  CODE        2
                text17                         000E38  000044  000E7C      1C70       0  CODE        2
                text5                          000E7C  00005C  000ED8      1CF8       0  CODE        2
                text44                         000ED8  00005D  000F35      1DB0       0  CODE        2
                text57                         000F35  000065  000F9A      1E6A       0  CODE        2
                maintext                       000F9A  000066  001000      1F34       0  CODE        2
                config                         002007  000002  002009      400E       0  CONFIG      2


UNUSED ADDRESS RANGES

        Name                Unused          Largest block    Delta
        BANK0            0064-006F              C           1
        BANK1            00E6-00EF              A           1
        BANK2            0120-012F             10           1
        CODE             0800-0AA0            2A1           2
        COMMON           007A-007D              4           1
        CONST            0800-0AA0            100           2
        ENTRY            0800-0AA0            100           2
        IDLOC            2000-2003              4           2
        RAM              0064-006F              C           1
                         00E6-00EF              A
                         0120-012F             10
        SFR0             0000-001F             20           1
        SFR1             0080-009F             20           1
        SFR2             0100-011F             20           1
        SFR3             0180-01EF             70           1
        STACK            0120-012F             10           1
        STRCODE          0800-0AA0            2A1           2
        STRING           0800-0AA0            100           2

                                  Symbol Table

?___awdiv                           cstackBANK0  004D
?___lwdiv                           cstackBANK0  004D
?___wmul                            cstackBANK0  004D
Exception_Main@count                cstackBANK0  0055
Exception_Main@error                cstackBANK0  005B
Exception_Main@i                    cstackBANK0  0057
Exception_Main@i_2140               cstackBANK0  0059
Exception_Main@lights               cstackBANK0  0054
Exception_Main@status               cstackBANK0  0056
LedPointSelect@led                  cstackCOMMON 0075
LightsPointSelect@lights            cstackCOMMON 0075
Lights_Control@lights               cstackBANK0  0057
Load_Main@ErrorCountValue           cstackBANK0  0059
Load_Main@LightsCount               cstackBANK0  005B
Load_Main@Load_RunStatus            cstackBANK0  005A
Load_Main@error                     cstackBANK0  0056
Load_Main@i                         cstackBANK0  005C
PIR_Main@Enable_Switch              cstackBANK0  005A
PIR_Main@LightsStatus               cstackBANK0  005E
PIR_Main@TriggerValue               cstackBANK0  005D
PIR_Main@cds                        cstackBANK0  0059
PIR_Main@error                      cstackBANK0  0058
_ADCON0                             (abs)        001F
_ADCON1                             (abs)        009F
_ADC_Set                            text28       0ADF
_ADRES                              (abs)        001E
_ANSELA                             (abs)        0185
_ANSELB                             (abs)        0186
_CDS_Initialization                 text64       0AB5
_CDS_Main                           text63       0D86
_Cmd                                bssBANK0     0037
_DetectSYSC_Signal                  text62       0B2C
_Exception_Main                     text51       0545
_FVRCON                             (abs)        009D
_Fosc_Set                           text27       0AC1
_GIE                                (abs)        005F
_GO_nDONE                           (abs)        00F9
_IO_Set                             text26       0C42
_ISR                                text65       0C10
_LED                                bssCOMMON    0076
_LED_Initialization                 text49       0AE6
_LED_Main                           text47       0AA3
_LedPointSelect                     text58       0B95
_Light                              bssCOMMON    0077
_Lights                             bssCOMMON    0078
_Lights1                            bssBANK0     0040
_LightsControl                      bssCOMMON    0079
_LightsPointSelect                  text56       0B18
_Lights_Control                     text43       0607
_Lights_Initialization              text45       0AB9
_Lights_Main                        text37       0CAD
_Load                               bssBANK1     00CA
_Load_Initialization                text35       0AA6
_Load_Main                          text29       022D
_Load_Main$2389                     cstackBANK0  0057
_Mcu_Initialization                 text23       0B64
_OSCCON                             (abs)        0090
_PEIE                               (abs)        005E
_PIRLED                             bssBANK0     002A
_PIR_Initialization                 text22       07F5
_PIR_Main                           text20       0026
_PIR_Main$2856                      cstackBANK0  005B
_PORTA                              (abs)        0005
_PORTB                              (abs)        0006
_PORTC                              (abs)        0007
_PS0                                (abs)        0408
_PS1                                (abs)        0409
_PS2                                (abs)        040A
_PSA                                (abs)        040B
_RA5                                (abs)        002D
_RA6                                (abs)        002E
_RA7                                (abs)        002F
_RB2                                (abs)        0032
_RB3                                (abs)        0033
_SYSC                               bssBANK0     0020
_SYSC_Initialization                text18       0AA9
_SYSC_Main                          text16       0AAC
_SwDetect                           bssBANK0     0038
_T1CON                              (abs)        0010
_TMR1H                              (abs)        000F
_TMR1IE                             (abs)        0460
_TMR1IF                             (abs)        0060
_TMR1L                              (abs)        000E
_TMR1_ISR                           text66       0BCD
_TMR1_Set                           text25       0B48
_TRISA                              (abs)        0085
_TRISB                              (abs)        0086
_TRISC                              (abs)        0087
_Temp                               bssBANK0     0039
_Temp_Initialization                text14       0AAF
_Temp_Main                          text12       0AB2
_Timeout_Counter                    text9        0BB9
_Timer1                             bssBANK0     0032
_VarLED1                            bssBANK0     0045
_VarLED2                            bssBANK0     0049
_WDT                                bssBANK0     0035
_WDT_Clearing                       text11       0002
_WDT_Main                           text10       0B84
_WDT_Set                            text24       0B56
_WPUB                               (abs)        0095
__CDS                               bssBANK0     002E
__CFG_BOREN$OFF                     (abs)        0000
__CFG_CP$ON                         (abs)        0000
__CFG_FOSC$INTOSCIO                 (abs)        0000
__CFG_PLLEN$ON                      (abs)        0000
__CFG_VCAPEN$DIS                    (abs)        0000
__CFG_WDTE$ON                       (abs)        0000
__Habs1                             abs1         0000
__Hbank0                            bank0        0000
__Hbank1                            bank1        0000
__Hbank2                            bank2        0000
__Hbank3                            bank3        0000
__HbssBANK0                         bssBANK0     0000
__HbssBANK1                         bssBANK1     0000
__HbssCOMMON                        bssCOMMON    0000
__Hcinit                            cinit        0026
__Hclrtext                          clrtext      0000
__Hcode                             code         0000
__Hcommon                           common       0000
__Hconfig                           config       2009
__HcstackBANK0                      cstackBANK0  0000
__HcstackCOMMON                     cstackCOMMON 0000
__Heeprom_data                      eeprom_data  0000
__Hend_init                         end_init     0013
__Hfunctab                          functab      0000
__Hidloc                            idloc        0000
__Hinit                             init         0011
__Hintentry                         intentry     0011
__Hmaintext                         maintext     0000
__Hpowerup                          powerup      0000
__Hram                              ram          0000
__Hreset_vec                        reset_vec    0002
__Hsfr0                             sfr0         0000
__Hsfr1                             sfr1         0000
__Hsfr2                             sfr2         0000
__Hsfr3                             sfr3         0000
__Hspace_0                          (abs)        2009
__Hspace_1                          (abs)        00E6
__Hspace_2                          (abs)        0000
__Hspace_3                          (abs)        0000
__Hstack                            stack        0000
__Hstrings                          strings      0000
__Htext                             text         0000
__Labs1                             abs1         0000
__Lbank0                            bank0        0000
__Lbank1                            bank1        0000
__Lbank2                            bank2        0000
__Lbank3                            bank3        0000
__LbssBANK0                         bssBANK0     0000
__LbssBANK1                         bssBANK1     0000
__LbssCOMMON                        bssCOMMON    0000
__Lcinit                            cinit        0013
__Lclrtext                          clrtext      0000
__Lcode                             code         0000
__Lcommon                           common       0000
__Lconfig                           config       2007
__LcstackBANK0                      cstackBANK0  0000
__LcstackCOMMON                     cstackCOMMON 0000
__Leeprom_data                      eeprom_data  0000
__Lend_init                         end_init     0011
__Lfunctab                          functab      0000
__Lidloc                            idloc        0000
__Linit                             init         0011
__Lintentry                         intentry     0004
__Lmaintext                         maintext     0000
__Lpowerup                          powerup      0000
__Lram                              ram          0000
__Lreset_vec                        reset_vec    0000
__Lsfr0                             sfr0         0000
__Lsfr1                             sfr1         0000
__Lsfr2                             sfr2         0000
__Lsfr3                             sfr3         0000
__Lspace_0                          (abs)        0000
__Lspace_1                          (abs)        0000
__Lspace_2                          (abs)        0000
__Lspace_3                          (abs)        0000
__Lstack                            stack        0000
__Lstrings                          strings      0000
__Ltext                             text         0000
__PIR                               bssBANK1     00A0
__S0                                (abs)        2009
__S1                                (abs)        00E6
__S2                                (abs)        0000
___awdiv                            text44       0ED8
___awdiv@counter                    cstackBANK0  0051
___awdiv@dividend                   cstackBANK0  004F
___awdiv@divisor                    cstackBANK0  004D
___awdiv@quotient                   cstackBANK0  0053
___awdiv@sign                       cstackBANK0  0052
___int_sp                           stack        0000
___latbits                          (abs)        0001
___lwdiv                            text34       0DF8
___lwdiv@counter                    cstackBANK0  0051
___lwdiv@dividend                   cstackBANK0  004F
___lwdiv@divisor                    cstackBANK0  004D
___lwdiv@quotient                   cstackBANK0  0052
___sp                               stack        0000
___wmul                             text33       0D31
___wmul@multiplicand                cstackBANK0  004F
___wmul@multiplier                  cstackBANK0  004D
___wmul@product                     cstackCOMMON 0074
__end_of_ADC_Set                    text28       0AE6
__end_of_CDS_Initialization         text64       0AB9
__end_of_CDS_Main                   text63       0DBA
__end_of_DetectSYSC_Signal          text62       0B3A
__end_of_Exception_Main             text51       0607
__end_of_Fosc_Set                   text27       0AC6
__end_of_IO_Set                     text26       0C5C
__end_of_ISR                        text65       0C28
__end_of_LED_Initialization         text49       0AEE
__end_of_LED_Main                   text47       0AA6
__end_of_LedPointSelect             text58       0BA7
__end_of_LightsPointSelect          text56       0B22
__end_of_Lights_Control             text43       068A
__end_of_Lights_Initialization      text45       0ABD
__end_of_Lights_Main                text37       0CCB
__end_of_Load_Initialization        text35       0AA9
__end_of_Load_Main                  text29       0417
__end_of_Mcu_Initialization         text23       0B73
__end_of_PIR_Initialization         text22       0800
__end_of_PIR_Main                   text20       022D
__end_of_SYSC_Initialization        text18       0AAC
__end_of_SYSC_Main                  text16       0AAF
__end_of_TMR1_ISR                   text66       0BE3
__end_of_TMR1_Set                   text25       0B56
__end_of_Temp_Initialization        text14       0AB2
__end_of_Temp_Main                  text12       0AB5
__end_of_Timeout_Counter            text9        0BCD
__end_of_WDT_Clearing               text11       0004
__end_of_WDT_Main                   text10       0B95
__end_of_WDT_Set                    text24       0B64
__end_of___awdiv                    text44       0F35
__end_of___lwdiv                    text34       0E38
__end_of___wmul                     text33       0D56
__end_of__initialization            cinit        0023
__end_of_getAD                      text7        0CAD
__end_of_getAll_Lights_Line         text61       0B0F
__end_of_getCDS_AD                  text6        0D0C
__end_of_getCDS_Status              text21       0AFE
__end_of_getLight_LoadGO            text32       0ACC
__end_of_getLight_Load_Status       text31       0AD2
__end_of_getLights_Allow_Condition  text41       0C10
__end_of_getLights_Status           text53       0B84
__end_of_getLoad_AD                 text5        0ED8
__end_of_getLoad_OK                 text42       0AF6
__end_of_getMain_All_Error_Status   text60       0DF8
__end_of_getMain_All_LightsStatus   text59       0B18
__end_of_getMain_Lights_Count       text30       0B2C
__end_of_getPIR_AD                  text4        0545
__end_of_getTemp_AD                 text3        0CEA
__end_of_main                       maintext     1000
__end_of_myMain_Initialization      text2        0AA3
__end_of_my_MainTimer               text1        0C76
__end_of_setLED                     text57       0F9A
__end_of_setLED_Initialization      text50       0BB9
__end_of_setLights                  text39       0709
__end_of_setLights_Initialization   text46       0ADF
__end_of_setLights_Line             text40       0B48
__end_of_setLights_Main             text38       0D86
__end_of_setLights_SwOff            text54       0C42
__end_of_setLights_SwOn             text52       0D31
__end_of_setLights_Trigger          text55       0C91
__end_of_setLoad_AH_AL_Restore      text36       0BF9
__end_of_setPIRLED_Main             text48       07F5
__end_of_setSYSC_Initialization     text19       0AC1
__end_of_setSYSC_Main               text17       0E7C
__end_of_setTemp_Initialization     text15       0AA2
__end_of_setTemp_Main               text13       0784
__end_of_set_TimeoutCleared         text8        0AD8
__initialization                    cinit        0013
__pbssBANK0                         bssBANK0     0020
__pbssBANK1                         bssBANK1     00A0
__pbssCOMMON                        bssCOMMON    0076
__pcstackBANK0                      cstackBANK0  004D
__pcstackCOMMON                     cstackCOMMON 0070
__pintentry                         intentry     0004
__pmaintext                         maintext     0F9A
__ptext0                            text0        0000
__ptext1                            text1        0C5C
__ptext10                           text10       0B84
__ptext11                           text11       0002
__ptext12                           text12       0AB2
__ptext13                           text13       0709
__ptext14                           text14       0AAF
__ptext15                           text15       0AA1
__ptext16                           text16       0AAC
__ptext17                           text17       0E38
__ptext18                           text18       0AA9
__ptext19                           text19       0ABD
__ptext2                            text2        0AA2
__ptext20                           text20       0026
__ptext21                           text21       0AF6
__ptext22                           text22       07F5
__ptext23                           text23       0B64
__ptext24                           text24       0B56
__ptext25                           text25       0B48
__ptext26                           text26       0C42
__ptext27                           text27       0AC1
__ptext28                           text28       0ADF
__ptext29                           text29       022D
__ptext3                            text3        0CCB
__ptext30                           text30       0B22
__ptext31                           text31       0ACC
__ptext32                           text32       0AC6
__ptext33                           text33       0D31
__ptext34                           text34       0DF8
__ptext35                           text35       0AA6
__ptext36                           text36       0BE3
__ptext37                           text37       0CAD
__ptext38                           text38       0D56
__ptext39                           text39       068A
__ptext4                            text4        0417
__ptext40                           text40       0B3A
__ptext41                           text41       0BF9
__ptext42                           text42       0AEE
__ptext43                           text43       0607
__ptext44                           text44       0ED8
__ptext45                           text45       0AB9
__ptext46                           text46       0AD8
__ptext47                           text47       0AA3
__ptext48                           text48       0784
__ptext49                           text49       0AE6
__ptext5                            text5        0E7C
__ptext50                           text50       0BA7
__ptext51                           text51       0545
__ptext52                           text52       0D0C
__ptext53                           text53       0B73
__ptext54                           text54       0C28
__ptext55                           text55       0C76
__ptext56                           text56       0B18
__ptext57                           text57       0F35
__ptext58                           text58       0B95
__ptext59                           text59       0B0F
__ptext6                            text6        0CEA
__ptext60                           text60       0DBA
__ptext61                           text61       0B06
__ptext62                           text62       0B2C
__ptext63                           text63       0D86
__ptext64                           text64       0AB5
__ptext65                           text65       0C10
__ptext66                           text66       0BCD
__ptext7                            text7        0C91
__ptext8                            text8        0AD2
__ptext9                            text9        0BB9
__size_of_ADC_Set                   (abs)        0000
__size_of_CDS_Initialization        (abs)        0000
__size_of_CDS_Main                  (abs)        0000
__size_of_DetectSYSC_Signal         (abs)        0000
__size_of_Exception_Main            (abs)        0000
__size_of_Fosc_Set                  (abs)        0000
__size_of_IO_Set                    (abs)        0000
__size_of_ISR                       (abs)        0000
__size_of_LED_Initialization        (abs)        0000
__size_of_LED_Main                  (abs)        0000
__size_of_LedPointSelect            (abs)        0000
__size_of_LightsPointSelect         (abs)        0000
__size_of_Lights_Control            (abs)        0000
__size_of_Lights_Initialization     (abs)        0000
__size_of_Lights_Main               (abs)        0000
__size_of_Load_Initialization       (abs)        0000
__size_of_Load_Main                 (abs)        0000
__size_of_Mcu_Initialization        (abs)        0000
__size_of_PIR_Initialization        (abs)        0000
__size_of_PIR_Main                  (abs)        0000
__size_of_SYSC_Initialization       (abs)        0000
__size_of_SYSC_Main                 (abs)        0000
__size_of_TMR1_ISR                  (abs)        0000
__size_of_TMR1_Set                  (abs)        0000
__size_of_Temp_Initialization       (abs)        0000
__size_of_Temp_Main                 (abs)        0000
__size_of_Timeout_Counter           (abs)        0000
__size_of_WDT_Clearing              (abs)        0000
__size_of_WDT_Main                  (abs)        0000
__size_of_WDT_Set                   (abs)        0000
__size_of___awdiv                   (abs)        0000
__size_of___lwdiv                   (abs)        0000
__size_of___wmul                    (abs)        0000
__size_of_getAD                     (abs)        0000
__size_of_getAll_Lights_Line        (abs)        0000
__size_of_getCDS_AD                 (abs)        0000
__size_of_getCDS_Status             (abs)        0000
__size_of_getLight_LoadGO           (abs)        0000
__size_of_getLight_Load_Status      (abs)        0000
__size_of_getLights_Allow_Condition (abs)        0000
__size_of_getLights_Status          (abs)        0000
__size_of_getLoad_AD                (abs)        0000
__size_of_getLoad_OK                (abs)        0000
__size_of_getMain_All_Error_Status  (abs)        0000
__size_of_getMain_All_LightsStatus  (abs)        0000
__size_of_getMain_Lights_Count      (abs)        0000
__size_of_getPIR_AD                 (abs)        0000
__size_of_getTemp_AD                (abs)        0000
__size_of_main                      (abs)        0000
__size_of_myMain_Initialization     (abs)        0000
__size_of_my_MainTimer              (abs)        0000
__size_of_setLED                    (abs)        0000
__size_of_setLED_Initialization     (abs)        0000
__size_of_setLights                 (abs)        0000
__size_of_setLights_Initialization  (abs)        0000
__size_of_setLights_Line            (abs)        0000
__size_of_setLights_Main            (abs)        0000
__size_of_setLights_SwOff           (abs)        0000
__size_of_setLights_SwOn            (abs)        0000
__size_of_setLights_Trigger         (abs)        0000
__size_of_setLoad_AH_AL_Restore     (abs)        0000
__size_of_setPIRLED_Main            (abs)        0000
__size_of_setSYSC_Initialization    (abs)        0000
__size_of_setSYSC_Main              (abs)        0000
__size_of_setTemp_Initialization    (abs)        0000
__size_of_setTemp_Main              (abs)        0000
__size_of_set_TimeoutCleared        (abs)        0000
_getAD                              text7        0C91
_getAll_Lights_Line                 text61       0B06
_getCDS_AD                          text6        0CEA
_getCDS_Status                      text21       0AF6
_getLight_LoadGO                    text32       0AC6
_getLight_Load_Status               text31       0ACC
_getLights_Allow_Condition          text41       0BF9
_getLights_Allow_Condition$4224     cstackBANK0  004E
_getLights_Status                   text53       0B73
_getLoad_AD                         text5        0E7C
_getLoad_OK                         text42       0AEE
_getMain_All_Error_Status           text60       0DBA
_getMain_All_Error_Status$2127      cstackBANK0  004D
_getMain_All_Error_Status$2128      cstackBANK0  004F
_getMain_All_LightsStatus           text59       0B0F
_getMain_Lights_Count               text30       0B22
_getPIR_AD                          text4        0417
_getTemp_AD                         text3        0CCB
_main                               maintext     0F9A
_myMain                             bssBANK0     0025
_myMain_Initialization              text2        0AA2
_my_MainTimer                       text1        0C5C
_setLED                             text57       0F35
_setLED_Initialization              text50       0BA7
_setLights                          text39       068A
_setLights_Initialization           text46       0AD8
_setLights_Line                     text40       0B3A
_setLights_Main                     text38       0D56
_setLights_SwOff                    text54       0C28
_setLights_SwOn                     text52       0D0C
_setLights_Trigger                  text55       0C76
_setLoad_AH_AL_Restore              text36       0BE3
_setPIRLED_Main                     text48       0784
_setSYSC_Initialization             text19       0ABD
_setSYSC_Main                       text17       0E38
_setTemp_Initialization             text15       0AA1
_setTemp_Main                       text13       0709
_set_TimeoutCleared                 text8        0AD2
btemp                               (abs)        007E
clear_ram0                          clrtext      0AFE
end_of_initialization               cinit        0023
getAD@adcon0                        cstackCOMMON 0075
getAD@adcon1                        cstackCOMMON 0074
getAll_Lights_Line@line             cstackCOMMON 0074
getCDS_AD@channel1                  cstackBANK0  0052
getCDS_AD@channel2                  cstackBANK0  004D
getCDS_AD@i                         cstackBANK0  0050
getCDS_AD@j                         cstackBANK0  0051
getCDS_Status@status                cstackCOMMON 0074
getLight_LoadGO@loadgo              cstackCOMMON 0074
getLight_Load_Status@loadstatus     cstackCOMMON 0074
getLights_Allow_Condition@allow     cstackBANK0  004D
getLights_Status@lights             cstackBANK0  004D
getLights_Status@status             cstackBANK0  004E
getLoad_AD@ADRES                    cstackBANK0  0052
getLoad_AD@channel                  cstackBANK0  004F
getLoad_AD@i                        cstackBANK0  0053
getLoad_AD@j                        cstackBANK0  0051
getLoad_AD@k                        cstackBANK0  0050
getLoad_OK@ok                       cstackCOMMON 0074
getMain_All_Error_Status@command    cstackBANK0  0051
getMain_All_Error_Status@status     cstackBANK0  0052
getMain_All_LightsStatus@status     cstackCOMMON 0074
getMain_Lights_Count@count          cstackCOMMON 0074
getMain_Lights_Count@status1        cstackCOMMON 0075
getPIR_AD@VRAD                      cstackBANK0  005C
getPIR_AD@VRAD1                     cstackBANK0  005B
getPIR_AD@channel1                  cstackBANK0  005A
getPIR_AD@channel2                  cstackBANK0  0055
getPIR_AD@i                         cstackBANK0  005D
getPIR_AD@j                         cstackBANK0  0059
getTemp_AD@ADRES                    cstackBANK0  0050
getTemp_AD@channel                  cstackBANK0  004F
interrupt_function                  intentry     0004
intlevel0                           functab      0000
intlevel1                           functab      0000
intlevel2                           functab      0000
intlevel3                           functab      0000
intlevel4                           functab      0000
intlevel5                           functab      0000
ltemp                               (abs)        007E
ltemp0                              (abs)        007E
ltemp1                              (abs)        0082
ltemp2                              (abs)        0086
ltemp3                              (abs)        0080
reset_vec                           reset_vec    0000
saved_w                             (abs)        007E
setLED@command                      cstackBANK0  004D
setLED@led                          cstackBANK0  004E
setLED_Initialization@led           cstackBANK0  004F
setLights@lights                    cstackBANK0  0051
setLights@status                    cstackBANK0  004F
setLights_Initialization@lights     cstackBANK0  004D
setLights_Line@lights               cstackCOMMON 0074
setLights_Main@lights               cstackBANK0  0052
setLights_SwOff@sw                  cstackBANK0  0050
setLights_SwOn@sw                   cstackBANK0  0050
setLights_Trigger@command           cstackBANK0  004D
setLights_Trigger@lights            cstackBANK0  004F
setLoad_AH_AL_Restore@i             cstackCOMMON 0075
setPIRLED_Main@count                cstackBANK0  0050
setTemp_Main@AD                     cstackBANK0  0057
setTemp_Main@DangerValue            cstackBANK0  0056
setTemp_Main@SafeValue              cstackBANK0  0055
setTemp_Main@TempGO                 cstackBANK0  0054
setTemp_Main@error                  cstackBANK0  0053
stackhi                             (abs)        0000
stacklo                             (abs)        0000
start                               init         0011
start_initialization                cinit        0013
ttemp                               (abs)        007E
ttemp0                              (abs)        007E
ttemp1                              (abs)        0081
ttemp2                              (abs)        0084
ttemp3                              (abs)        0087
ttemp4                              (abs)        007F
wtemp                               (abs)        007E
wtemp0                              (abs)        007E
wtemp1                              (abs)        0080
wtemp2                              (abs)        0082
wtemp3                              (abs)        0084
wtemp4                              (abs)        0086
wtemp5                              (abs)        0088
wtemp6                              (abs)        007F


FUNCTION INFORMATION:

 *************** function _main *****************
 Defined at:
		line 7 in file "../src/Main_B1.c"
 Parameters:    Size  Location     Type
  argc            2   18[BANK0 ] int 
  argv            2   20[BANK0 ] PTR PTR unsigned char 
 Auto vars:     Size  Location     Type
		None
 Return value:  Size  Location     Type
                  2   18[BANK0 ] int 
 Registers used:
		wreg, fsr0l, fsr0h, status,2, status,0, btemp+1, pclath, cstack
 Tracked objects:
		On entry : 
		On exit  : 
		Unchanged: 
 Data sizes:     COMMON   BANK0   BANK1   BANK2
      Params:         0       4       0       0
      Locals:         0       0       0       0
      Temps:          0       1       0       0
      Totals:         0       5       0       0
Total ram usage:        5 bytes
 Hardware stack levels required when called:    7
 This function calls:
		_CDS_Initialization
		_CDS_Main
		_DetectSYSC_Signal
		_Exception_Main
		_LED_Initialization
		_LED_Main
		_Lights_Initialization
		_Lights_Main
		_Load_Initialization
		_Load_Main
		_Mcu_Initialization
		_PIR_Initialization
		_PIR_Main
		_SYSC_Initialization
		_SYSC_Main
		_Temp_Initialization
		_Temp_Main
		_WDT_Main
		_getCDS_AD
		_getLoad_AD
		_getPIR_AD
		_getTemp_AD
		_myMain_Initialization
		_my_MainTimer
 This function is called by:
		Startup code after reset
 This function uses a non-reentrant model


 *************** function _my_MainTimer *****************
 Defined at:
		line 185 in file "../src/Main_B1.c"
 Parameters:    Size  Location     Type
		None
 Auto vars:     Size  Location     Type
		None
 Return value:  Size  Location     Type
		None               void
 Registers used:
		wreg, status,2, status,0
 Tracked objects:
		On entry : 
		On exit  : 
		Unchanged: 
 Data sizes:     COMMON   BANK0   BANK1   BANK2
      Params:         0       0       0       0
      Locals:         0       0       0       0
      Temps:          1       0       0       0
      Totals:         1       0       0       0
Total ram usage:        1 bytes
 Hardware stack levels used:    1
 Hardware stack levels required when called:    2
 This function calls:
		Nothing
 This function is called by:
		_main
 This function uses a non-reentrant model


 *************** function _myMain_Initialization *****************
 Defined at:
		line 170 in file "../src/Main_B1.c"
 Parameters:    Size  Location     Type
		None
 Auto vars:     Size  Location     Type
		None
 Return value:  Size  Location     Type
		None               void
 Registers used:
		None
 Tracked objects:
		On entry : 
		On exit  : 
		Unchanged: 
 Data sizes:     COMMON   BANK0   BANK1   BANK2
      Params:         0       0       0       0
      Locals:         0       0       0       0
      Temps:          0       0       0       0
      Totals:         0       0       0       0
Total ram usage:        0 bytes
 Hardware stack levels used:    1
 Hardware stack levels required when called:    2
 This function calls:
		Nothing
 This function is called by:
		_main
 This function uses a non-reentrant model


 *************** function _getTemp_AD *****************
 Defined at:
		line 15 in file "../src/OverTemperature_B1.c"
 Parameters:    Size  Location     Type
  channel         1    wreg     unsigned char 
 Auto vars:     Size  Location     Type
  channel         1    2[BANK0 ] unsigned char 
  ADRES           1    3[BANK0 ] unsigned char 
 Return value:  Size  Location     Type
		None               void
 Registers used:
		wreg, status,2, status,0, pclath, cstack
 Tracked objects:
		On entry : 
		On exit  : 
		Unchanged: 
 Data sizes:     COMMON   BANK0   BANK1   BANK2
      Params:         0       0       0       0
      Locals:         0       2       0       0
      Temps:          0       2       0       0
      Totals:         0       4       0       0
Total ram usage:        4 bytes
 Hardware stack levels used:    1
 Hardware stack levels required when called:    4
 This function calls:
		_getAD
 This function is called by:
		_main
 This function uses a non-reentrant model


 *************** function _getPIR_AD *****************
 Defined at:
		line 342 in file "../src/PIR_B1.c"
 Parameters:    Size  Location     Type
  channel1        1    wreg     unsigned char 
  channel2        1    8[BANK0 ] unsigned char 
 Auto vars:     Size  Location     Type
  channel1        1   13[BANK0 ] unsigned char 
  i               1   16[BANK0 ] unsigned char 
  VRAD            1   15[BANK0 ] unsigned char 
  VRAD1           1   14[BANK0 ] unsigned char 
  j               1   12[BANK0 ] unsigned char 
 Return value:  Size  Location     Type
		None               void
 Registers used:
		wreg, fsr0l, fsr0h, status,2, status,0, pclath, cstack
 Tracked objects:
		On entry : 
		On exit  : 
		Unchanged: 
 Data sizes:     COMMON   BANK0   BANK1   BANK2
      Params:         0       1       0       0
      Locals:         0       5       0       0
      Temps:          0       3       0       0
      Totals:         0       9       0       0
Total ram usage:        9 bytes
 Hardware stack levels used:    1
 Hardware stack levels required when called:    4
 This function calls:
		___awdiv
		___lwdiv
		_getAD
 This function is called by:
		_main
 This function uses a non-reentrant model


 *************** function _getLoad_AD *****************
 Defined at:
		line 15 in file "../src/OverLoad_B1.c"
 Parameters:    Size  Location     Type
  channel         1    wreg     unsigned char 
 Auto vars:     Size  Location     Type
  channel         1    2[BANK0 ] unsigned char 
  i               1    6[BANK0 ] unsigned char 
  ADRES           1    5[BANK0 ] unsigned char 
  j               1    4[BANK0 ] unsigned char 
  k               1    3[BANK0 ] unsigned char 
 Return value:  Size  Location     Type
		None               void
 Registers used:
		wreg, fsr0l, fsr0h, status,2, status,0, pclath, cstack
 Tracked objects:
		On entry : 
		On exit  : 
		Unchanged: 
 Data sizes:     COMMON   BANK0   BANK1   BANK2
      Params:         0       0       0       0
      Locals:         0       5       0       0
      Temps:          0       2       0       0
      Totals:         0       7       0       0
Total ram usage:        7 bytes
 Hardware stack levels used:    1
 Hardware stack levels required when called:    4
 This function calls:
		_getAD
 This function is called by:
		_main
 This function uses a non-reentrant model


 *************** function _getCDS_AD *****************
 Defined at:
		line 48 in file "../src/CDS_B1.c"
 Parameters:    Size  Location     Type
  channel1        1    wreg     unsigned char 
  channel2        1    0[BANK0 ] unsigned char 
 Auto vars:     Size  Location     Type
  channel1        1    5[BANK0 ] unsigned char 
  j               1    4[BANK0 ] unsigned char 
  i               1    3[BANK0 ] unsigned char 
 Return value:  Size  Location     Type
		None               void
 Registers used:
		wreg, status,2, status,0, pclath, cstack
 Tracked objects:
		On entry : 
		On exit  : 
		Unchanged: 
 Data sizes:     COMMON   BANK0   BANK1   BANK2
      Params:         0       1       0       0
      Locals:         0       3       0       0
      Temps:          0       2       0       0
      Totals:         0       6       0       0
Total ram usage:        6 bytes
 Hardware stack levels used:    1
 Hardware stack levels required when called:    4
 This function calls:
		_getAD
 This function is called by:
		_main
 This function uses a non-reentrant model


 *************** function _getAD *****************
 Defined at:
		line 434 in file "../src/MCU_B1.c"
 Parameters:    Size  Location     Type
  adcon0          1    wreg     unsigned char 
  adcon1          1    4[COMMON] unsigned char 
 Auto vars:     Size  Location     Type
  adcon0          1    5[COMMON] unsigned char 
 Return value:  Size  Location     Type
                  1    wreg      unsigned char 
 Registers used:
		wreg, status,2, status,0, pclath, cstack
 Tracked objects:
		On entry : 
		On exit  : 
		Unchanged: 
 Data sizes:     COMMON   BANK0   BANK1   BANK2
      Params:         1       0       0       0
      Locals:         1       0       0       0
      Temps:          0       0       0       0
      Totals:         2       0       0       0
Total ram usage:        2 bytes
 Hardware stack levels used:    1
 Hardware stack levels required when called:    3
 This function calls:
		_Timeout_Counter
		_set_TimeoutCleared
 This function is called by:
		_getCDS_AD
		_getLoad_AD
		_getTemp_AD
		_getPIR_AD
 This function uses a non-reentrant model


 *************** function _set_TimeoutCleared *****************
 Defined at:
		line 281 in file "../src/Main_B1.c"
 Parameters:    Size  Location     Type
		None
 Auto vars:     Size  Location     Type
		None
 Return value:  Size  Location     Type
		None               void
 Registers used:
		status,2
 Tracked objects:
		On entry : 
		On exit  : 
		Unchanged: 
 Data sizes:     COMMON   BANK0   BANK1   BANK2
      Params:         0       0       0       0
      Locals:         0       0       0       0
      Temps:          0       0       0       0
      Totals:         0       0       0       0
Total ram usage:        0 bytes
 Hardware stack levels used:    1
 Hardware stack levels required when called:    2
 This function calls:
		Nothing
 This function is called by:
		_getAD
 This function uses a non-reentrant model


 *************** function _Timeout_Counter *****************
 Defined at:
		line 272 in file "../src/Main_B1.c"
 Parameters:    Size  Location     Type
		None
 Auto vars:     Size  Location     Type
		None
 Return value:  Size  Location     Type
		None               void
 Registers used:
		wreg, status,2
 Tracked objects:
		On entry : 
		On exit  : 
		Unchanged: 
 Data sizes:     COMMON   BANK0   BANK1   BANK2
      Params:         0       0       0       0
      Locals:         0       0       0       0
      Temps:          0       0       0       0
      Totals:         0       0       0       0
Total ram usage:        0 bytes
 Hardware stack levels used:    1
 Hardware stack levels required when called:    2
 This function calls:
		Nothing
 This function is called by:
		_getAD
 This function uses a non-reentrant model


 *************** function _WDT_Main *****************
 Defined at:
		line 1116 in file "../src/MCU_B1.c"
 Parameters:    Size  Location     Type
		None
 Auto vars:     Size  Location     Type
		None
 Return value:  Size  Location     Type
		None               void
 Registers used:
		wreg, status,2, status,0, pclath, cstack
 Tracked objects:
		On entry : 
		On exit  : 
		Unchanged: 
 Data sizes:     COMMON   BANK0   BANK1   BANK2
      Params:         0       0       0       0
      Locals:         0       0       0       0
      Temps:          1       0       0       0
      Totals:         1       0       0       0
Total ram usage:        1 bytes
 Hardware stack levels used:    1
 Hardware stack levels required when called:    3
 This function calls:
		_WDT_Clearing
 This function is called by:
		_main
 This function uses a non-reentrant model


 *************** function _WDT_Clearing *****************
 Defined at:
		line 1126 in file "../src/MCU_B1.c"
 Parameters:    Size  Location     Type
		None
 Auto vars:     Size  Location     Type
		None
 Return value:  Size  Location     Type
		None               void
 Registers used:
		None
 Tracked objects:
		On entry : 
		On exit  : 
		Unchanged: 
 Data sizes:     COMMON   BANK0   BANK1   BANK2
      Params:         0       0       0       0
      Locals:         0       0       0       0
      Temps:          0       0       0       0
      Totals:         0       0       0       0
Total ram usage:        0 bytes
 Hardware stack levels used:    1
 Hardware stack levels required when called:    2
 This function calls:
		Nothing
 This function is called by:
		_WDT_Main
 This function uses a non-reentrant model


 *************** function _Temp_Main *****************
 Defined at:
		line 57 in file "../src/OverTemperature_B1.c"
 Parameters:    Size  Location     Type
		None
 Auto vars:     Size  Location     Type
		None
 Return value:  Size  Location     Type
		None               void
 Registers used:
		wreg, status,2, status,0, pclath, cstack
 Tracked objects:
		On entry : 
		On exit  : 
		Unchanged: 
 Data sizes:     COMMON   BANK0   BANK1   BANK2
      Params:         0       0       0       0
      Locals:         0       0       0       0
      Temps:          0       0       0       0
      Totals:         0       0       0       0
Total ram usage:        0 bytes
 Hardware stack levels used:    1
 Hardware stack levels required when called:    4
 This function calls:
		_setTemp_Main
 This function is called by:
		_main
 This function uses a non-reentrant model


 *************** function _setTemp_Main *****************
 Defined at:
		line 64 in file "../src/OverTemperature_B1.c"
 Parameters:    Size  Location     Type
		None
 Auto vars:     Size  Location     Type
  AD              1   10[BANK0 ] unsigned char 
  DangerValue     1    9[BANK0 ] unsigned char 
  SafeValue       1    8[BANK0 ] unsigned char 
  TempGO          1    7[BANK0 ] unsigned char 
  error           1    6[BANK0 ] unsigned char 
 Return value:  Size  Location     Type
		None               void
 Registers used:
		wreg, status,2, status,0, pclath, cstack
 Tracked objects:
		On entry : 
		On exit  : 
		Unchanged: 
 Data sizes:     COMMON   BANK0   BANK1   BANK2
      Params:         0       0       0       0
      Locals:         0       5       0       0
      Temps:          1       0       0       0
      Totals:         1       5       0       0
Total ram usage:        6 bytes
 Hardware stack levels used:    1
 Hardware stack levels required when called:    3
 This function calls:
		_getMain_All_Error_Status
		_getMain_All_LightsStatus
 This function is called by:
		_Temp_Main
 This function uses a non-reentrant model


 *************** function _Temp_Initialization *****************
 Defined at:
		line 8 in file "../src/OverTemperature_B1.c"
 Parameters:    Size  Location     Type
		None
 Auto vars:     Size  Location     Type
		None
 Return value:  Size  Location     Type
		None               void
 Registers used:
		status,2, status,0, pclath, cstack
 Tracked objects:
		On entry : 
		On exit  : 
		Unchanged: 
 Data sizes:     COMMON   BANK0   BANK1   BANK2
      Params:         0       0       0       0
      Locals:         0       0       0       0
      Temps:          0       0       0       0
      Totals:         0       0       0       0
Total ram usage:        0 bytes
 Hardware stack levels used:    1
 Hardware stack levels required when called:    3
 This function calls:
		_setTemp_Initialization
 This function is called by:
		_main
 This function uses a non-reentrant model


 *************** function _setTemp_Initialization *****************
 Defined at:
		line 52 in file "../src/OverTemperature_B1.c"
 Parameters:    Size  Location     Type
		None
 Auto vars:     Size  Location     Type
		None
 Return value:  Size  Location     Type
		None               void
 Registers used:
		None
 Tracked objects:
		On entry : 
		On exit  : 
		Unchanged: 
 Data sizes:     COMMON   BANK0   BANK1   BANK2
      Params:         0       0       0       0
      Locals:         0       0       0       0
      Temps:          0       0       0       0
      Totals:         0       0       0       0
Total ram usage:        0 bytes
 Hardware stack levels used:    1
 Hardware stack levels required when called:    2
 This function calls:
		Nothing
 This function is called by:
		_Temp_Initialization
 This function uses a non-reentrant model


 *************** function _SYSC_Main *****************
 Defined at:
		line 17 in file "../src/SYSC_B1.c"
 Parameters:    Size  Location     Type
		None
 Auto vars:     Size  Location     Type
		None
 Return value:  Size  Location     Type
		None               void
 Registers used:
		wreg, status,2, status,0, pclath, cstack
 Tracked objects:
		On entry : 
		On exit  : 
		Unchanged: 
 Data sizes:     COMMON   BANK0   BANK1   BANK2
      Params:         0       0       0       0
      Locals:         0       0       0       0
      Temps:          0       0       0       0
      Totals:         0       0       0       0
Total ram usage:        0 bytes
 Hardware stack levels used:    1
 Hardware stack levels required when called:    4
 This function calls:
		_setSYSC_Main
 This function is called by:
		_main
 This function uses a non-reentrant model


 *************** function _setSYSC_Main *****************
 Defined at:
		line 23 in file "../src/SYSC_B1.c"
 Parameters:    Size  Location     Type
		None
 Auto vars:     Size  Location     Type
		None
 Return value:  Size  Location     Type
		None               void
 Registers used:
		wreg, status,2, status,0, pclath, cstack
 Tracked objects:
		On entry : 
		On exit  : 
		Unchanged: 
 Data sizes:     COMMON   BANK0   BANK1   BANK2
      Params:         0       0       0       0
      Locals:         0       0       0       0
      Temps:          0       0       0       0
      Totals:         0       0       0       0
Total ram usage:        0 bytes
 Hardware stack levels used:    1
 Hardware stack levels required when called:    3
 This function calls:
		_getMain_All_Error_Status
 This function is called by:
		_SYSC_Main
 This function uses a non-reentrant model


 *************** function _SYSC_Initialization *****************
 Defined at:
		line 7 in file "../src/SYSC_B1.c"
 Parameters:    Size  Location     Type
		None
 Auto vars:     Size  Location     Type
		None
 Return value:  Size  Location     Type
		None               void
 Registers used:
		status,2, status,0, pclath, cstack
 Tracked objects:
		On entry : 
		On exit  : 
		Unchanged: 
 Data sizes:     COMMON   BANK0   BANK1   BANK2
      Params:         0       0       0       0
      Locals:         0       0       0       0
      Temps:          0       0       0       0
      Totals:         0       0       0       0
Total ram usage:        0 bytes
 Hardware stack levels used:    1
 Hardware stack levels required when called:    3
 This function calls:
		_setSYSC_Initialization
 This function is called by:
		_main
 This function uses a non-reentrant model


 *************** function _setSYSC_Initialization *****************
 Defined at:
		line 13 in file "../src/SYSC_B1.c"
 Parameters:    Size  Location     Type
		None
 Auto vars:     Size  Location     Type
		None
 Return value:  Size  Location     Type
		None               void
 Registers used:
		None
 Tracked objects:
		On entry : 
		On exit  : 
		Unchanged: 
 Data sizes:     COMMON   BANK0   BANK1   BANK2
      Params:         0       0       0       0
      Locals:         0       0       0       0
      Temps:          0       0       0       0
      Totals:         0       0       0       0
Total ram usage:        0 bytes
 Hardware stack levels used:    1
 Hardware stack levels required when called:    2
 This function calls:
		Nothing
 This function is called by:
		_SYSC_Initialization
 This function uses a non-reentrant model


 *************** function _PIR_Main *****************
 Defined at:
		line 13 in file "../src/PIR_B1.c"
 Parameters:    Size  Location     Type
		None
 Auto vars:     Size  Location     Type
  LightsStatus    1   17[BANK0 ] unsigned char 
  TriggerValue    1   16[BANK0 ] unsigned char 
  Enable_Switc    1   13[BANK0 ] unsigned char 
  cds             1   12[BANK0 ] unsigned char 
  error           1   11[BANK0 ] unsigned char 
 Return value:  Size  Location     Type
		None               void
 Registers used:
		wreg, fsr0l, fsr0h, status,2, status,0, pclath, cstack
 Tracked objects:
		On entry : 
		On exit  : 
		Unchanged: 
 Data sizes:     COMMON   BANK0   BANK1   BANK2
      Params:         0       0       0       0
      Locals:         0       7       0       0
      Temps:          0       5       0       0
      Totals:         0      12       0       0
Total ram usage:       12 bytes
 Hardware stack levels used:    1
 Hardware stack levels required when called:    5
 This function calls:
		_getCDS_Status
		_getLights_Status
		_getMain_All_Error_Status
		_setLED
		_setLights_SwOff
		_setLights_SwOn
 This function is called by:
		_main
 This function uses a non-reentrant model


 *************** function _getCDS_Status *****************
 Defined at:
		line 42 in file "../src/CDS_B1.c"
 Parameters:    Size  Location     Type
		None
 Auto vars:     Size  Location     Type
  status          1    4[COMMON] unsigned char 
 Return value:  Size  Location     Type
                  1    wreg      unsigned char 
 Registers used:
		wreg, status,2
 Tracked objects:
		On entry : 
		On exit  : 
		Unchanged: 
 Data sizes:     COMMON   BANK0   BANK1   BANK2
      Params:         0       0       0       0
      Locals:         1       0       0       0
      Temps:          0       0       0       0
      Totals:         1       0       0       0
Total ram usage:        1 bytes
 Hardware stack levels used:    1
 Hardware stack levels required when called:    2
 This function calls:
		Nothing
 This function is called by:
		_PIR_Main
 This function uses a non-reentrant model


 *************** function _PIR_Initialization *****************
 Defined at:
		line 7 in file "../src/PIR_B1.c"
 Parameters:    Size  Location     Type
		None
 Auto vars:     Size  Location     Type
		None
 Return value:  Size  Location     Type
		None               void
 Registers used:
		wreg
 Tracked objects:
		On entry : 
		On exit  : 
		Unchanged: 
 Data sizes:     COMMON   BANK0   BANK1   BANK2
      Params:         0       0       0       0
      Locals:         0       0       0       0
      Temps:          1       0       0       0
      Totals:         1       0       0       0
Total ram usage:        1 bytes
 Hardware stack levels used:    1
 Hardware stack levels required when called:    2
 This function calls:
		Nothing
 This function is called by:
		_main
 This function uses a non-reentrant model


 *************** function _Mcu_Initialization *****************
 Defined at:
		line 30 in file "../src/MCU_B1.c"
 Parameters:    Size  Location     Type
		None
 Auto vars:     Size  Location     Type
		None
 Return value:  Size  Location     Type
		None               void
 Registers used:
		wreg, status,2, status,0, pclath, cstack
 Tracked objects:
		On entry : 
		On exit  : 
		Unchanged: 
 Data sizes:     COMMON   BANK0   BANK1   BANK2
      Params:         0       0       0       0
      Locals:         0       0       0       0
      Temps:          0       0       0       0
      Totals:         0       0       0       0
Total ram usage:        0 bytes
 Hardware stack levels used:    1
 Hardware stack levels required when called:    3
 This function calls:
		_ADC_Set
		_Fosc_Set
		_IO_Set
		_TMR1_Set
		_WDT_Set
 This function is called by:
		_main
 This function uses a non-reentrant model


 *************** function _WDT_Set *****************
 Defined at:
		line 1102 in file "../src/MCU_B1.c"
 Parameters:    Size  Location     Type
		None
 Auto vars:     Size  Location     Type
		None
 Return value:  Size  Location     Type
		None               void
 Registers used:
		wreg
 Tracked objects:
		On entry : 
		On exit  : 
		Unchanged: 
 Data sizes:     COMMON   BANK0   BANK1   BANK2
      Params:         0       0       0       0
      Locals:         0       0       0       0
      Temps:          1       0       0       0
      Totals:         1       0       0       0
Total ram usage:        1 bytes
 Hardware stack levels used:    1
 Hardware stack levels required when called:    2
 This function calls:
		Nothing
 This function is called by:
		_Mcu_Initialization
 This function uses a non-reentrant model


 *************** function _TMR1_Set *****************
 Defined at:
		line 226 in file "../src/MCU_B1.c"
 Parameters:    Size  Location     Type
		None
 Auto vars:     Size  Location     Type
		None
 Return value:  Size  Location     Type
		None               void
 Registers used:
		wreg
 Tracked objects:
		On entry : 
		On exit  : 
		Unchanged: 
 Data sizes:     COMMON   BANK0   BANK1   BANK2
      Params:         0       0       0       0
      Locals:         0       0       0       0
      Temps:          0       0       0       0
      Totals:         0       0       0       0
Total ram usage:        0 bytes
 Hardware stack levels used:    1
 Hardware stack levels required when called:    2
 This function calls:
		Nothing
 This function is called by:
		_Mcu_Initialization
 This function uses a non-reentrant model


 *************** function _IO_Set *****************
 Defined at:
		line 60 in file "../src/MCU_B1.c"
 Parameters:    Size  Location     Type
		None
 Auto vars:     Size  Location     Type
		None
 Return value:  Size  Location     Type
		None               void
 Registers used:
		wreg, status,2
 Tracked objects:
		On entry : 
		On exit  : 
		Unchanged: 
 Data sizes:     COMMON   BANK0   BANK1   BANK2
      Params:         0       0       0       0
      Locals:         0       0       0       0
      Temps:          0       0       0       0
      Totals:         0       0       0       0
Total ram usage:        0 bytes
 Hardware stack levels used:    1
 Hardware stack levels required when called:    2
 This function calls:
		Nothing
 This function is called by:
		_Mcu_Initialization
 This function uses a non-reentrant model


 *************** function _Fosc_Set *****************
 Defined at:
		line 56 in file "../src/MCU_B1.c"
 Parameters:    Size  Location     Type
		None
 Auto vars:     Size  Location     Type
		None
 Return value:  Size  Location     Type
		None               void
 Registers used:
		wreg
 Tracked objects:
		On entry : 
		On exit  : 
		Unchanged: 
 Data sizes:     COMMON   BANK0   BANK1   BANK2
      Params:         0       0       0       0
      Locals:         0       0       0       0
      Temps:          0       0       0       0
      Totals:         0       0       0       0
Total ram usage:        0 bytes
 Hardware stack levels used:    1
 Hardware stack levels required when called:    2
 This function calls:
		Nothing
 This function is called by:
		_Mcu_Initialization
 This function uses a non-reentrant model


 *************** function _ADC_Set *****************
 Defined at:
		line 427 in file "../src/MCU_B1.c"
 Parameters:    Size  Location     Type
		None
 Auto vars:     Size  Location     Type
		None
 Return value:  Size  Location     Type
		None               void
 Registers used:
		wreg
 Tracked objects:
		On entry : 
		On exit  : 
		Unchanged: 
 Data sizes:     COMMON   BANK0   BANK1   BANK2
      Params:         0       0       0       0
      Locals:         0       0       0       0
      Temps:          0       0       0       0
      Totals:         0       0       0       0
Total ram usage:        0 bytes
 Hardware stack levels used:    1
 Hardware stack levels required when called:    2
 This function calls:
		Nothing
 This function is called by:
		_Mcu_Initialization
 This function uses a non-reentrant model


 *************** function _Load_Main *****************
 Defined at:
		line 39 in file "../src/OverLoad_B1.c"
[...]
 Defined at:
		line 499 in file "../src/Main_B1.c"
 Parameters:    Size  Location     Type
		None
 Auto vars:     Size  Location     Type
  i               2   12[BANK0 ] int 
  i               2   10[BANK0 ] int 
  error           1   14[BANK0 ] unsigned char 
  status          1    9[BANK0 ] unsigned char 
  count           1    8[BANK0 ] unsigned char 
  lights          1    7[BANK0 ] unsigned char 
 Return value:  Size  Location     Type
		None               void
 Registers used:
		wreg, fsr0l, fsr0h, status,2, status,0, pclath, cstack
 Tracked objects:
		On entry : 
		On exit  : 
		Unchanged: 
 Data sizes:     COMMON   BANK0   BANK1   BANK2
      Params:         0       0       0       0
      Locals:         0       8       0       0
      Temps:          0       1       0       0
      Totals:         0       9       0       0
Total ram usage:        9 bytes
 Hardware stack levels used:    1
 Hardware stack levels required when called:    5
 This function calls:
		_getAll_Lights_Line
		_getLights_Status
		_getMain_All_Error_Status
		_getMain_All_LightsStatus
		_setLED
		_setLights_SwOff
		_setLights_SwOn
 This function is called by:
		_main
 This function uses a non-reentrant model


 *************** function _setLights_SwOn *****************
 Defined at:
		line 410 in file "../src/TriacRelay_B1.c"
 Parameters:    Size  Location     Type
  sw              1    wreg     unsigned char 
 Auto vars:     Size  Location     Type
  sw              1    3[BANK0 ] unsigned char 
 Return value:  Size  Location     Type
		None               void
 Registers used:
		wreg, fsr0l, fsr0h, status,2, status,0, pclath, cstack
 Tracked objects:
		On entry : 
		On exit  : 
		Unchanged: 
 Data sizes:     COMMON   BANK0   BANK1   BANK2
      Params:         0       0       0       0
      Locals:         0       1       0       0
      Temps:          0       0       0       0
      Totals:         0       1       0       0
Total ram usage:        1 bytes
 Hardware stack levels used:    1
 Hardware stack levels required when called:    4
 This function calls:
		_LightsPointSelect
		_getLights_Status
		_setLights_Trigger
 This function is called by:
		_Exception_Main
		_PIR_Main
 This function uses a non-reentrant model


 *************** function _getLights_Status *****************
 Defined at:
		line 271 in file "../src/TriacRelay_B1.c"
 Parameters:    Size  Location     Type
  lights          1    wreg     unsigned char 
 Auto vars:     Size  Location     Type
  lights          1    0[BANK0 ] unsigned char 
  status          1    1[BANK0 ] unsigned char 
 Return value:  Size  Location     Type
                  1    wreg      unsigned char 
 Registers used:
		wreg, fsr0l, fsr0h, status,2, status,0, pclath, cstack
 Tracked objects:
		On entry : 
		On exit  : 
		Unchanged: 
 Data sizes:     COMMON   BANK0   BANK1   BANK2
      Params:         0       0       0       0
      Locals:         0       2       0       0
      Temps:          0       0       0       0
      Totals:         0       2       0       0
Total ram usage:        2 bytes
 Hardware stack levels used:    1
 Hardware stack levels required when called:    3
 This function calls:
		_LightsPointSelect
 This function is called by:
		_Exception_Main
		_PIR_Main
		_setLights_SwOn
		_setLights_ErrorClose
 This function uses a non-reentrant model


 *************** function _setLights_SwOff *****************
 Defined at:
		line 438 in file "../src/TriacRelay_B1.c"
 Parameters:    Size  Location     Type
  sw              1    wreg     unsigned char 
 Auto vars:     Size  Location     Type
  sw              1    3[BANK0 ] unsigned char 
 Return value:  Size  Location     Type
		None               void
 Registers used:
		wreg, fsr0l, fsr0h, status,2, status,0, pclath, cstack
 Tracked objects:
		On entry : 
		On exit  : 
		Unchanged: 
 Data sizes:     COMMON   BANK0   BANK1   BANK2
      Params:         0       0       0       0
      Locals:         0       1       0       0
      Temps:          0       0       0       0
      Totals:         0       1       0       0
Total ram usage:        1 bytes
 Hardware stack levels used:    1
 Hardware stack levels required when called:    4
 This function calls:
		_LightsPointSelect
		_setLights_Trigger
 This function is called by:
		_Exception_Main
		_PIR_Main
 This function uses a non-reentrant model


 *************** function _setLights_Trigger *****************
 Defined at:
		line 278 in file "../src/TriacRelay_B1.c"
 Parameters:    Size  Location     Type
  lights          1    wreg     unsigned char 
  command         1    0[BANK0 ] unsigned char 
 Auto vars:     Size  Location     Type
  lights          1    2[BANK0 ] unsigned char 
 Return value:  Size  Location     Type
		None               void
 Registers used:
		wreg, fsr0l, fsr0h, status,2, status,0, pclath, cstack
 Tracked objects:
		On entry : 
		On exit  : 
		Unchanged: 
 Data sizes:     COMMON   BANK0   BANK1   BANK2
      Params:         0       1       0       0
      Locals:         0       1       0       0
      Temps:          0       1       0       0
      Totals:         0       3       0       0
Total ram usage:        3 bytes
 Hardware stack levels used:    1
 Hardware stack levels required when called:    3
 This function calls:
		_LightsPointSelect
 This function is called by:
		_setLights_SwOn
		_setLights_SwOff
		_setLights_ErrorClose
 This function uses a non-reentrant model


 *************** function _LightsPointSelect *****************
 Defined at:
		line 10 in file "../src/TriacRelay_B1.c"
 Parameters:    Size  Location     Type
  lights          1    wreg     unsigned char 
 Auto vars:     Size  Location     Type
  lights          1    5[COMMON] unsigned char 
 Return value:  Size  Location     Type
		None               void
 Registers used:
		wreg
 Tracked objects:
		On entry : 
		On exit  : 
		Unchanged: 
 Data sizes:     COMMON   BANK0   BANK1   BANK2
      Params:         0       0       0       0
      Locals:         1       0       0       0
      Temps:          1       0       0       0
      Totals:         2       0       0       0
Total ram usage:        2 bytes
 Hardware stack levels used:    1
 Hardware stack levels required when called:    2
 This function calls:
		Nothing
 This function is called by:
		_setLights_Initialization
		_setLights_Main
		_Lights_Control
		_getLights_Status
		_setLights_Trigger
		_setLights_SwOn
		_setLights_SwOff
 This function uses a non-reentrant model


 *************** function _setLED *****************
 Defined at:
		line 81 in file "../src/LED_B1.c"
 Parameters:    Size  Location     Type
  led             1    wreg     unsigned char 
  command         1    0[BANK0 ] unsigned char 
 Auto vars:     Size  Location     Type
  led             1    1[BANK0 ] unsigned char 
 Return value:  Size  Location     Type
		None               void
 Registers used:
		wreg, fsr0l, fsr0h, status,2, status,0, pclath, cstack
 Tracked objects:
		On entry : 
		On exit  : 
		Unchanged: 
 Data sizes:     COMMON   BANK0   BANK1   BANK2
      Params:         0       1       0       0
      Locals:         0       1       0       0
      Temps:          0       0       0       0
      Totals:         0       2       0       0
Total ram usage:        2 bytes
 Hardware stack levels used:    1
 Hardware stack levels required when called:    3
 This function calls:
		_LedPointSelect
 This function is called by:
		_setLED_Initialization
		_setPIRLED_Main
		_Exception_Main
		_PIR_Main
		_setLights
 This function uses a non-reentrant model


 *************** function _LedPointSelect *****************
 Defined at:
		line 7 in file "../src/LED_B1.c"
 Parameters:    Size  Location     Type
  led             1    wreg     unsigned char 
 Auto vars:     Size  Location     Type
  led             1    5[COMMON] unsigned char 
 Return value:  Size  Location     Type
		None               void
 Registers used:
		wreg
 Tracked objects:
		On entry : 
		On exit  : 
		Unchanged: 
 Data sizes:     COMMON   BANK0   BANK1   BANK2
      Params:         0       0       0       0
      Locals:         1       0       0       0
      Temps:          1       0       0       0
      Totals:         2       0       0       0
Total ram usage:        2 bytes
 Hardware stack levels used:    1
 Hardware stack levels required when called:    2
 This function calls:
		Nothing
 This function is called by:
		_setLED_Initialization
		_setLED
		_setLED_Main
 This function uses a non-reentrant model


 *************** function _getMain_All_LightsStatus *****************
 Defined at:
		line 373 in file "../src/Main_B1.c"
 Parameters:    Size  Location     Type
		None
 Auto vars:     Size  Location     Type
  status          1    4[COMMON] unsigned char 
 Return value:  Size  Location     Type
                  1    wreg      unsigned char 
 Registers used:
		wreg, status,2
 Tracked objects:
		On entry : 
		On exit  : 
		Unchanged: 
 Data sizes:     COMMON   BANK0   BANK1   BANK2
      Params:         0       0       0       0
      Locals:         1       0       0       0
      Temps:          0       0       0       0
      Totals:         1       0       0       0
Total ram usage:        1 bytes
 Hardware stack levels used:    1
 Hardware stack levels required when called:    2
 This function calls:
		Nothing
 This function is called by:
		_Exception_Main
		_Load_Main
		_setTemp_Main
		_Lights_Main
 This function uses a non-reentrant model


 *************** function _getMain_All_Error_Status *****************
 Defined at:
		line 424 in file "../src/Main_B1.c"
 Parameters:    Size  Location     Type
  command         1    wreg     unsigned char 
 Auto vars:     Size  Location     Type
  command         1    4[BANK0 ] unsigned char 
  status          1    5[BANK0 ] unsigned char 
 Return value:  Size  Location     Type
                  1    wreg      unsigned char 
 Registers used:
		wreg, status,2, status,0
 Tracked objects:
		On entry : 
		On exit  : 
		Unchanged: 
 Data sizes:     COMMON   BANK0   BANK1   BANK2
      Params:         0       0       0       0
      Locals:         0       6       0       0
      Temps:          1       0       0       0
      Totals:         1       6       0       0
Total ram usage:        7 bytes
 Hardware stack levels used:    1
 Hardware stack levels required when called:    2
 This function calls:
		Nothing
 This function is called by:
		_Exception_Main
		_Load_Main
		_setTemp_Main
		_PIR_Main
		_setSYSC_Main
		_Lights_Main
 This function uses a non-reentrant model


 *************** function _getAll_Lights_Line *****************
 Defined at:
		line 310 in file "../src/TriacRelay_B1.c"
 Parameters:    Size  Location     Type
		None
 Auto vars:     Size  Location     Type
  line            1    4[COMMON] unsigned char 
 Return value:  Size  Location     Type
                  1    wreg      unsigned char 
 Registers used:
		wreg, status,2
 Tracked objects:
		On entry : 
		On exit  : 
		Unchanged: 
 Data sizes:     COMMON   BANK0   BANK1   BANK2
      Params:         0       0       0       0
      Locals:         1       0       0       0
      Temps:          0       0       0       0
      Totals:         1       0       0       0
Total ram usage:        1 bytes
 Hardware stack levels used:    1
 Hardware stack levels required when called:    2
 This function calls:
		Nothing
 This function is called by:
		_Exception_Main
 This function uses a non-reentrant model


 *************** function _DetectSYSC_Signal *****************
 Defined at:
		line 50 in file "../src/SYSC_B1.c"
 Parameters:    Size  Location     Type
		None
 Auto vars:     Size  Location     Type
		None
 Return value:  Size  Location     Type
		None               void
 Registers used:
		status,2
 Tracked objects:
		On entry : 
		On exit  : 
		Unchanged: 
 Data sizes:     COMMON   BANK0   BANK1   BANK2
      Params:         0       0       0       0
      Locals:         0       0       0       0
      Temps:          0       0       0       0
      Totals:         0       0       0       0
Total ram usage:        0 bytes
 Hardware stack levels used:    1
 Hardware stack levels required when called:    2
 This function calls:
		Nothing
 This function is called by:
		_main
 This function uses a non-reentrant model


 *************** function _CDS_Main *****************
 Defined at:
		line 11 in file "../src/CDS_B1.c"
 Parameters:    Size  Location     Type
		None
 Auto vars:     Size  Location     Type
		None
 Return value:  Size  Location     Type
		None               void
 Registers used:
		wreg, status,2, status,0
 Tracked objects:
		On entry : 
		On exit  : 
		Unchanged: 
 Data sizes:     COMMON   BANK0   BANK1   BANK2
      Params:         0       0       0       0
      Locals:         0       0       0       0
      Temps:          0       3       0       0
      Totals:         0       3       0       0
Total ram usage:        3 bytes
 Hardware stack levels used:    1
 Hardware stack levels required when called:    2
 This function calls:
		Nothing
 This function is called by:
		_main
 This function uses a non-reentrant model


 *************** function _CDS_Initialization *****************
 Defined at:
		line 7 in file "../src/CDS_B1.c"
 Parameters:    Size  Location     Type
		None
 Auto vars:     Size  Location     Type
		None
 Return value:  Size  Location     Type
		None               void
 Registers used:
		None
 Tracked objects:
		On entry : 
		On exit  : 
		Unchanged: 
 Data sizes:     COMMON   BANK0   BANK1   BANK2
      Params:         0       0       0       0
      Locals:         0       0       0       0
      Temps:          0       0       0       0
      Totals:         0       0       0       0
Total ram usage:        0 bytes
 Hardware stack levels used:    1
 Hardware stack levels required when called:    2
 This function calls:
		Nothing
 This function is called by:
		_main
 This function uses a non-reentrant model


 *************** function _ISR *****************
 Defined at:
		line 116 in file "../src/MCU_B1.c"
 Parameters:    Size  Location     Type
		None
 Auto vars:     Size  Location     Type
		None
 Return value:  Size  Location     Type
		None               void
 Registers used:
		wreg, status,2, status,0, pclath, cstack
 Tracked objects:
		On entry : 
		On exit  : 
		Unchanged: 
 Data sizes:     COMMON   BANK0   BANK1   BANK2
      Params:         0       0       0       0
      Locals:         0       0       0       0
      Temps:          4       0       0       0
      Totals:         4       0       0       0
Total ram usage:        4 bytes
 Hardware stack levels used:    1
 Hardware stack levels required when called:    1
 This function calls:
		_TMR1_ISR
 This function is called by:
		Interrupt level 1
 This function uses a non-reentrant model


 *************** function _TMR1_ISR *****************
 Defined at:
		line 236 in file "../src/MCU_B1.c"
 Parameters:    Size  Location     Type
		None
 Auto vars:     Size  Location     Type
		None
 Return value:  Size  Location     Type
		None               void
 Registers used:
		wreg, status,2
 Tracked objects:
		On entry : 
		On exit  : 
		Unchanged: 
 Data sizes:     COMMON   BANK0   BANK1   BANK2
      Params:         0       0       0       0
      Locals:         0       0       0       0
      Temps:          0       0       0       0
      Totals:         0       0       0       0
Total ram usage:        0 bytes
 Hardware stack levels used:    1
 This function calls:
		Nothing
 This function is called by:
		_ISR
 This function uses a non-reentrant model



MODULE INFORMATION

Module		Function		Class		Link	Load	Size
../src/OverLoad_B1.c
		_getLoad_AD    		CODE           	0E7C	0000	92
		_getLoad_OK    		CODE           	0AEE	0000	8
		_Load_Initializ		CODE           	0AA6	0000	3
		_Load_Main     		CODE           	022D	0000	490
		_setLoad_AH_AL_		CODE           	0BE3	0000	22

../src/OverLoad_B1.c estimated size: 615

../src/MCU_B1.c
		_Fosc_Set      		CODE           	0AC1	0000	5
		_IO_Set        		CODE           	0C42	0000	26
		_WDT_Set       		CODE           	0B56	0000	14
		_WDT_Main      		CODE           	0B84	0000	17
		_ADC_Set       		CODE           	0ADF	0000	7
		_ISR           		CODE           	0C10	0000	24
		_WDT_Clearing  		CODE           	0002	0000	2
		_Mcu_Initializa		CODE           	0B64	0000	15
		_getAD         		CODE           	0C91	0000	28
		_TMR1_Set      		CODE           	0B48	0000	14
		_TMR1_ISR      		CODE           	0BCD	0000	22

../src/MCU_B1.c estimated size: 174

../src/LED_B1.c
		_setLED        		CODE           	0F35	0000	101
		_LED_Main      		CODE           	0AA3	0000	3
		_setLED_Initial		CODE           	0BA7	0000	18
		_LedPointSelect		CODE           	0B95	0000	18
		_setPIRLED_Main		CODE           	0784	0000	113
		_LED_Initializa		CODE           	0AE6	0000	8

../src/LED_B1.c estimated size: 261

../src/SYSC_B1.c
		_setSYSC_Initia		CODE           	0ABD	0000	4
		_setSYSC_Main  		CODE           	0E38	0000	68
		_SYSC_Initializ		CODE           	0AA9	0000	3
		_SYSC_Main     		CODE           	0AAC	0000	3
		_DetectSYSC_Sig		CODE           	0B2C	0000	14

../src/SYSC_B1.c estimated size: 92

../src/TriacRelay_B1.c
		_setLights     		CODE           	068A	0000	127
		_Lights_Initial		CODE           	0AB9	0000	4
		_getLights_Stat		CODE           	0B73	0000	17
		_setLights_SwOn		CODE           	0D0C	0000	37
		_setLights_Line		CODE           	0B3A	0000	14
		_setLights_Main		CODE           	0D56	0000	48
		_getLight_LoadG		CODE           	0AC6	0000	6
		_setLights_Trig		CODE           	0C76	0000	27
		_LightsPointSel		CODE           	0B18	0000	10
		_getAll_Lights_		CODE           	0B06	0000	9
		_Lights_Main   		CODE           	0CAD	0000	30
		_getLight_Load_		CODE           	0ACC	0000	6
		_setLights_SwOf		CODE           	0C28	0000	26
		_setLights_Init		CODE           	0AD8	0000	7
		_getLights_Allo		CODE           	0BF9	0000	23
		_Lights_Control		CODE           	0607	0000	131

../src/TriacRelay_B1.c estimated size: 522

../src/OverTemperature_B1.c
		_Temp_Initializ		CODE           	0AAF	0000	3
		_Temp_Main     		CODE           	0AB2	0000	3
		_setTemp_Initia		CODE           	0AA1	0000	1
		_getTemp_AD    		CODE           	0CCB	0000	31
		_setTemp_Main  		CODE           	0709	0000	123

../src/OverTemperature_B1.c estimated size: 161

C:\Program Files (x86)\Microchip\xc8\v1.32\sources\common\lwdiv.c
		___lwdiv       		CODE           	0DF8	0000	64

C:\Program Files (x86)\Microchip\xc8\v1.32\sources\common\lwdiv.c estimated size: 64

C:\Program Files (x86)\Microchip\xc8\v1.32\sources\common\awdiv.c
		___awdiv       		CODE           	0ED8	0000	93

C:\Program Files (x86)\Microchip\xc8\v1.32\sources\common\awdiv.c estimated size: 93

../src/Main_B1.c
		_Exception_Main		CODE           	0545	0000	194
		_my_MainTimer  		CODE           	0C5C	0000	26
		_main          		CODE           	0F9A	0000	102
		_Timeout_Counte		CODE           	0BB9	0000	20
		_myMain_Initial		CODE           	0AA2	0000	1
		_getMain_All_Er		CODE           	0DBA	0000	62
		_set_TimeoutCle		CODE           	0AD2	0000	6
		_getMain_Lights		CODE           	0B22	0000	10
		_getMain_All_Li		CODE           	0B0F	0000	9

../src/Main_B1.c estimated size: 430

C:\Program Files (x86)\Microchip\xc8\v1.32\sources\common\Umul16.c
		___wmul        		CODE           	0D31	0000	37

C:\Program Files (x86)\Microchip\xc8\v1.32\sources\common\Umul16.c estimated size: 37

shared
		__initializatio		CODE           	0013	0000	16

shared estimated size: 16

../src/PIR_B1.c
		_PIR_Main      		CODE           	0026	0000	519
		_getPIR_AD     		CODE           	0417	0000	302
		_PIR_Initializa		CODE           	07F5	0000	11

../src/PIR_B1.c estimated size: 832

../src/CDS_B1.c
		_CDS_Initializa		CODE           	0AB5	0000	4
		_getCDS_AD     		CODE           	0CEA	0000	34
		_CDS_Main      		CODE           	0D86	0000	52
		_getCDS_Status 		CODE           	0AF6	0000	8

../src/CDS_B1.c estimated size: 98

