Microchip MPLAB XC8 Compiler V1.32 ()

Linker command line:

--edf=C:\Program Files (x86)\Microchip\xc8\v1.32\dat\en_msgs.txt -cs \
  -h+dist/default/production\2-1-3.PIR_Ceiling_thin.X.production.sym \
  --cmf=dist/default/production\2-1-3.PIR_Ceiling_thin.X.production.cmf -z \
  -Q16F723A -oC:\Users\taianluo\AppData\Local\Temp\s544.6 \
  -Mdist/default/production/2-1-3.PIR_Ceiling_thin.X.production.map -E1 \
  -ver=XC8 -ASTACK=0120h-012fh -pstack=STACK -ACONST=00h-0FFhx16 \
  -ACODE=00h-07FFhx2 -ASTRCODE=00h-0FFFh -AENTRY=00h-0FFhx16 \
  -ASTRING=00h-0FFhx16 -ACOMMON=070h-07Fh -ABANK0=020h-06Fh \
  -ABANK1=0A0h-0EFh -ABANK2=0120h-012Fh \
  -ARAM=020h-06Fh,0A0h-0EFh,0120h-012Fh \
  -AABS1=020h-07Fh,0A0h-0EFh,0120h-012Fh -ASFR0=00h-01Fh -ASFR1=080h-09Fh \
  -ASFR2=0100h-011Fh -ASFR3=0180h-01EFh \
  -preset_vec=00h,intentry=04h,init,end_init -ppowerup=CODE -pcinit=CODE \
  -pfunctab=CODE -ACONFIG=02007h-02008h -pconfig=CONFIG -DCONFIG=2 \
  -AIDLOC=02000h-02003h -pidloc=IDLOC -DIDLOC=2 -DCODE=2 -DSTRCODE=2 \
  -DSTRING=2 -DCONST=2 -DENTRY=2 -k \
  C:\Users\taianluo\AppData\Local\Temp\s544.obj \
  dist/default/production\2-1-3.PIR_Ceiling_thin.X.production.obj 

Object code version is 3.11

Machine type is 16F723A



                Name                               Link     Load   Length Selector   Space Scale
C:\Users\taianluo\AppData\Local\Temp\s544.obj
                end_init                             11       11        2        8       0
                reset_vec                             0        0        2        0       0
                config                             2007     2007        2     400E       0
dist/default/production\2-1-3.PIR_Ceiling_thin.X.production.obj
                cinit                                13       13       13        8       0
                intentry                              4        4        D        8       0
                text66                              BBA      BBA       16     1774       0
                text65                              BFD      BFD       18     17FA       0
                text64                              AA1      AA1        4     1542       0
                text63                              D54      D54       34     1AA8       0
                text62                              B1A      B1A        E     1634       0
                text61                              AFB      AFB        A     15F6       0
                text60                              B61      B61       11     16C2       0
                text59                              DBC      DBC       3E     1B78       0
                text58                              AF2      AF2        9     15E4       0
                text57                              B94      B94       12     1728       0
                text56                              F35      F35       65     1E6A       0
                text55                              C63      C63       1B     18C6       0
                text54                              C15      C15       1A     182A       0
                text53                              B72      B72       11     16E4       0
                text52                              CDA      CDA       25     19B4       0
                text51                              539      539       C2        8       0
                text50                              7EE      7EE       12        8       0
                text49                              AD2      AD2        8     15A4       0
                text48                              77D      77D       71        8       0
                text47                              A8F      A8F        3     151E       0
                text46                              AC4      AC4        7     1588       0
                text45                              AA5      AA5        4     154A       0
                text44                              ED8      ED8       5D     1DB0       0
                text43                              683      683       83        8       0
                text42                              ADA      ADA        8     15B4       0
                text41                              BE6      BE6       17     17CC       0
                text40                              B28      B28        E     1650       0
                text39                              706      706       77        8       0
                text38                              D24      D24       30     1A48       0
                text37                              C9A      C9A       1E     1934       0
                text36                              BD0      BD0       16     17A0       0
                text35                              A92      A92        3     1524       0
                text34                              DFA      DFA       40     1BF4       0
                text33                              CFF      CFF       25     19FE       0
                text32                              AB2      AB2        6     1564       0
                text31                              AB8      AB8        6     1570       0
                text30                              B05      B05        A     160A       0
                text29                              221      221      1EA        8       0
                text28                              ACB      ACB        7     1596       0
                text27                              AAD      AAD        5     155A       0
                text26                              C2F      C2F       1A     185E       0
                text25                              B36      B36        E     166C       0
                text24                              B44      B44        E     1688       0
                text23                              B52      B52        F     16A4       0
                text22                              B0F      B0F        B     161E       0
                text21                              AE2      AE2        8     15C4       0
                text20                               26       26      1FB        8       0
                text19                              AA9      AA9        4     1552       0
                text18                              A95      A95        3     152A       0
                text17                              E3A      E3A       42     1C74       0
                text16                              A98      A98        3     1530       0
                text15                              A8D      A8D        1     151A       0
                text14                              A9B      A9B        3     1536       0
                text13                              5FB      5FB       88        8       0
                text12                              A9E      A9E        3     153C       0
                text11                                2        2        2        0       0
                text10                              B83      B83       11     1706       0
                text9                               BA6      BA6       14     174C       0
                text8                               ABE      ABE        6     157C       0
                text7                               C7E      C7E       1C     18FC       0
                text6                               CB8      CB8       22     1970       0
                text5                               E7C      E7C       5C     1CF8       0
                text4                               40B      40B      12E        8       0
                text3                               D88      D88       34     1B10       0
                text2                               A8E      A8E        1     151C       0
                text1                               C49      C49       1A     1892       0
                maintext                            F9A      F9A       66     1F34       0
                cstackBANK0                          4C       4C       17       20       1
                cstackCOMMON                         70       70        6       70       1
                clrtext                             AEA      AEA        8     15D4       0
                bssBANK1                             A0       A0       46       A0       1
                bssBANK0                             20       20       2C       20       1
                bssCOMMON                            76       76        4       70       1

TOTAL           Name                               Link     Load   Length     Space
        CLASS   STACK          

        CLASS   CONST          

        CLASS   CODE           
                end_init                             11       11        2         0
                cinit                                13       13       13         0
                intentry                              4        4        D         0
                reset_vec                             0        0        2         0
                text66                              BBA      BBA       16         0
                text65                              BFD      BFD       18         0
                text64                              AA1      AA1        4         0
                text63                              D54      D54       34         0
                text62                              B1A      B1A        E         0
                text61                              AFB      AFB        A         0
                text60                              B61      B61       11         0
                text59                              DBC      DBC       3E         0
                text58                              AF2      AF2        9         0
                text57                              B94      B94       12         0
                text56                              F35      F35       65         0
                text55                              C63      C63       1B         0
                text54                              C15      C15       1A         0
                text53                              B72      B72       11         0
                text52                              CDA      CDA       25         0
                text51                              539      539       C2         0
                text50                              7EE      7EE       12         0
                text49                              AD2      AD2        8         0
                text48                              77D      77D       71         0
                text47                              A8F      A8F        3         0
                text46                              AC4      AC4        7         0
                text45                              AA5      AA5        4         0
                text44                              ED8      ED8       5D         0
                text43                              683      683       83         0
                text42                              ADA      ADA        8         0
                text41                              BE6      BE6       17         0
                text40                              B28      B28        E         0
                text39                              706      706       77         0
                text38                              D24      D24       30         0
                text37                              C9A      C9A       1E         0
                text36                              BD0      BD0       16         0
                text35                              A92      A92        3         0
                text34                              DFA      DFA       40         0
                text33                              CFF      CFF       25         0
                text32                              AB2      AB2        6         0
                text31                              AB8      AB8        6         0
                text30                              B05      B05        A         0
                text29                              221      221      1EA         0
                text28                              ACB      ACB        7         0
                text27                              AAD      AAD        5         0
                text26                              C2F      C2F       1A         0
                text25                              B36      B36        E         0
                text24                              B44      B44        E         0
                text23                              B52      B52        F         0
                text22                              B0F      B0F        B         0
                text21                              AE2      AE2        8         0
                text20                               26       26      1FB         0
                text19                              AA9      AA9        4         0
                text18                              A95      A95        3         0
                text17                              E3A      E3A       42         0
                text16                              A98      A98        3         0
                text15                              A8D      A8D        1         0
                text14                              A9B      A9B        3         0
                text13                              5FB      5FB       88         0
                text12                              A9E      A9E        3         0
                text11                                2        2        2         0
                text10                              B83      B83       11         0
                text9                               BA6      BA6       14         0
                text8                               ABE      ABE        6         0
                text7                               C7E      C7E       1C         0
                text6                               CB8      CB8       22         0
                text5                               E7C      E7C       5C         0
                text4                               40B      40B      12E         0
                text3                               D88      D88       34         0
                text2                               A8E      A8E        1         0
                text1                               C49      C49       1A         0
                maintext                            F9A      F9A       66         0
                clrtext                             AEA      AEA        8         0

        CLASS   STRCODE        

        CLASS   ENTRY          

        CLASS   STRING         

        CLASS   COMMON         
                cstackCOMMON                         70       70        6         1
                bssCOMMON                            76       76        4         1

        CLASS   BANK0          
                cstackBANK0                          4C       4C       17         1
                bssBANK0                             20       20       2C         1

        CLASS   BANK1          
                bssBANK1                             A0       A0       46         1

        CLASS   BANK2          

        CLASS   RAM            

        CLASS   ABS1           
                abs_s1                               7E       7E        2         1

        CLASS   SFR0           

        CLASS   SFR1           

        CLASS   SFR2           

        CLASS   SFR3           

        CLASS   CONFIG         
                config                             2007     2007        2         0

        CLASS   IDLOC          

        CLASS   BANK3          

        CLASS   EEDATA         



SEGMENTS        Name                           Load    Length   Top    Selector   Space  Class     Delta

                reset_vec                      000000  000004  000004         0       0  CODE        2
                intentry                       000004  0007FC  000800         8       0  CODE        2
                bssBANK0                       000020  000043  000063        20       1  BANK0       1
                cstackCOMMON                   000070  00000A  00007A        70       1  COMMON      1
                bssBANK1                       0000A0  000046  0000E6        A0       1  BANK1       1
                text15                         000A8D  000001  000A8E      151A       0  CODE        2
                text2                          000A8E  000001  000A8F      151C       0  CODE        2
                text47                         000A8F  000003  000A92      151E       0  CODE        2
                text35                         000A92  000003  000A95      1524       0  CODE        2
                text18                         000A95  000003  000A98      152A       0  CODE        2
                text16                         000A98  000003  000A9B      1530       0  CODE        2
                text14                         000A9B  000003  000A9E      1536       0  CODE        2
                text12                         000A9E  000003  000AA1      153C       0  CODE        2
                text64                         000AA1  000004  000AA5      1542       0  CODE        2
                text45                         000AA5  000004  000AA9      154A       0  CODE        2
                text19                         000AA9  000004  000AAD      1552       0  CODE        2
                text27                         000AAD  000005  000AB2      155A       0  CODE        2
                text32                         000AB2  000006  000AB8      1564       0  CODE        2
                text31                         000AB8  000006  000ABE      1570       0  CODE        2
                text8                          000ABE  000006  000AC4      157C       0  CODE        2
                text46                         000AC4  000007  000ACB      1588       0  CODE        2
                text28                         000ACB  000007  000AD2      1596       0  CODE        2
                text49                         000AD2  000008  000ADA      15A4       0  CODE        2
                text42                         000ADA  000008  000AE2      15B4       0  CODE        2
                text21                         000AE2  000008  000AEA      15C4       0  CODE        2
                clrtext                        000AEA  000008  000AF2      15D4       0  CODE        2
                text58                         000AF2  000009  000AFB      15E4       0  CODE        2
                text61                         000AFB  00000A  000B05      15F6       0  CODE        2
                text30                         000B05  00000A  000B0F      160A       0  CODE        2
                text22                         000B0F  00000B  000B1A      161E       0  CODE        2
                text62                         000B1A  00000E  000B28      1634       0  CODE        2
                text40                         000B28  00000E  000B36      1650       0  CODE        2
                text25                         000B36  00000E  000B44      166C       0  CODE        2
                text24                         000B44  00000E  000B52      1688       0  CODE        2
                text23                         000B52  00000F  000B61      16A4       0  CODE        2
                text60                         000B61  000011  000B72      16C2       0  CODE        2
                text53                         000B72  000011  000B83      16E4       0  CODE        2
                text10                         000B83  000011  000B94      1706       0  CODE        2
                text57                         000B94  000012  000BA6      1728       0  CODE        2
                text9                          000BA6  000014  000BBA      174C       0  CODE        2
                text66                         000BBA  000016  000BD0      1774       0  CODE        2
                text36                         000BD0  000016  000BE6      17A0       0  CODE        2
                text41                         000BE6  000017  000BFD      17CC       0  CODE        2
                text65                         000BFD  000018  000C15      17FA       0  CODE        2
                text54                         000C15  00001A  000C2F      182A       0  CODE        2
                text26                         000C2F  00001A  000C49      185E       0  CODE        2
                text1                          000C49  00001A  000C63      1892       0  CODE        2
                text55                         000C63  00001B  000C7E      18C6       0  CODE        2
                text7                          000C7E  00001C  000C9A      18FC       0  CODE        2
                text37                         000C9A  00001E  000CB8      1934       0  CODE        2
                text6                          000CB8  000022  000CDA      1970       0  CODE        2
                text52                         000CDA  000025  000CFF      19B4       0  CODE        2
                text33                         000CFF  000025  000D24      19FE       0  CODE        2
                text38                         000D24  000030  000D54      1A48       0  CODE        2
                text63                         000D54  000034  000D88      1AA8       0  CODE        2
                text3                          000D88  000034  000DBC      1B10       0  CODE        2
                text59                         000DBC  00003E  000DFA      1B78       0  CODE        2
                text34                         000DFA  000040  000E3A      1BF4       0  CODE        2
                text17                         000E3A  000042  000E7C      1C74       0  CODE        2
                text5                          000E7C  00005C  000ED8      1CF8       0  CODE        2
                text44                         000ED8  00005D  000F35      1DB0       0  CODE        2
                text56                         000F35  000065  000F9A      1E6A       0  CODE        2
                maintext                       000F9A  000066  001000      1F34       0  CODE        2
                config                         002007  000002  002009      400E       0  CONFIG      2


UNUSED ADDRESS RANGES

        Name                Unused          Largest block    Delta
        BANK0            0063-006F              D           1
        BANK1            00E6-00EF              A           1
        BANK2            0120-012F             10           1
        CODE             0800-0A8C            28D           2
        COMMON           007A-007D              4           1
        CONST            0800-0A8C            100           2
        ENTRY            0800-0A8C            100           2
        IDLOC            2000-2003              4           2
        RAM              0063-006F              D           1
                         00E6-00EF              A
                         0120-012F             10
        SFR0             0000-001F             20           1
        SFR1             0080-009F             20           1
        SFR2             0100-011F             20           1
        SFR3             0180-01EF             70           1
        STACK            0120-012F             10           1
        STRCODE          0800-0A8C            28D           2
        STRING           0800-0A8C            100           2

                                  Symbol Table

?___awdiv                           cstackBANK0  004C
?___lwdiv                           cstackBANK0  004C
?___wmul                            cstackBANK0  004C
Exception_Main@count                cstackBANK0  0054
Exception_Main@error                cstackBANK0  005A
Exception_Main@i                    cstackBANK0  0056
Exception_Main@i_2126               cstackBANK0  0058
Exception_Main@lights               cstackBANK0  0053
Exception_Main@status               cstackBANK0  0055
LedPointSelect@led                  cstackCOMMON 0075
LightsPointSelect@lights            cstackCOMMON 0075
Lights_Control@lights               cstackBANK0  0056
Load_Main@ErrorCountValue           cstackBANK0  0058
Load_Main@LightsCount               cstackBANK0  005A
Load_Main@Load_RunStatus            cstackBANK0  0059
Load_Main@error                     cstackBANK0  0055
Load_Main@i                         cstackBANK0  005B
PIR_Main@Enable_Switch              cstackBANK0  0058
PIR_Main@LightsStatus               cstackBANK0  005D
PIR_Main@TriggerValue               cstackBANK0  005B
PIR_Main@cds                        cstackBANK0  005C
PIR_Main@error                      cstackBANK0  0057
_ADCON0                             (abs)        001F
_ADCON1                             (abs)        009F
_ADC_Set                            text28       0ACB
_ADRES                              (abs)        001E
_ANSELA                             (abs)        0185
_ANSELB                             (abs)        0186
_CDS_Initialization                 text64       0AA1
_CDS_Main                           text63       0D54
_Cmd                                bssBANK0     0037
_DetectSYSC_Signal                  text62       0B1A
_Exception_Main                     text51       0539
_FVRCON                             (abs)        009D
_Fosc_Set                           text27       0AAD
_GIE                                (abs)        005F
_GO_nDONE                           (abs)        00F9
_IO_Set                             text26       0C2F
_ISR                                text65       0BFD
_LED                                bssCOMMON    0076
_LED_Initialization                 text49       0AD2
_LED_Main                           text47       0A8F
_LedPointSelect                     text57       0B94
_Light                              bssCOMMON    0077
_Lights                             bssCOMMON    0078
_Lights1                            bssBANK0     003F
_LightsControl                      bssCOMMON    0079
_LightsPointSelect                  text61       0AFB
_Lights_Control                     text43       0683
_Lights_Initialization              text45       0AA5
_Lights_Main                        text37       0C9A
_Load                               bssBANK1     00CA
_Load_Initialization                text35       0A92
_Load_Main                          text29       0221
_Load_Main$2372                     cstackBANK0  0056
_Mcu_Initialization                 text23       0B52
_OSCCON                             (abs)        0090
_PEIE                               (abs)        005E
_PIRLED                             bssBANK0     002A
_PIR_Initialization                 text22       0B0F
_PIR_Main                           text20       0026
_PIR_Main$2832                      cstackBANK0  0059
_PORTA                              (abs)        0005
_PORTB                              (abs)        0006
_PORTC                              (abs)        0007
_PS0                                (abs)        0408
_PS1                                (abs)        0409
_PS2                                (abs)        040A
_PSA                                (abs)        040B
_RA5                                (abs)        002D
_RA6                                (abs)        002E
_RA7                                (abs)        002F
_RB2                                (abs)        0032
_RB3                                (abs)        0033
_SYSC                               bssBANK0     0020
_SYSC_Initialization                text18       0A95
_SYSC_Main                          text16       0A98
_SwDetect                           bssBANK0     0038
_T1CON                              (abs)        0010
_TMR1H                              (abs)        000F
_TMR1IE                             (abs)        0460
_TMR1IF                             (abs)        0060
_TMR1L                              (abs)        000E
_TMR1_ISR                           text66       0BBA
_TMR1_Set                           text25       0B36
_TRISA                              (abs)        0085
_TRISB                              (abs)        0086
_TRISC                              (abs)        0087
_Temp                               bssBANK0     0039
_Temp_Initialization                text14       0A9B
_Temp_Main                          text12       0A9E
_Timeout_Counter                    text9        0BA6
_Timer1                             bssBANK0     0032
_VarLED1                            bssBANK0     0044
_VarLED2                            bssBANK0     0048
_WDT                                bssBANK0     0035
_WDT_Clearing                       text11       0002
_WDT_Main                           text10       0B83
_WDT_Set                            text24       0B44
_WPUB                               (abs)        0095
__CDS                               bssBANK0     002E
__CFG_BOREN$OFF                     (abs)        0000
__CFG_FOSC$INTOSCIO                 (abs)        0000
__CFG_PLLEN$ON                      (abs)        0000
__CFG_VCAPEN$DIS                    (abs)        0000
__CFG_WDTE$ON                       (abs)        0000
__Habs1                             abs1         0000
__Hbank0                            bank0        0000
__Hbank1                            bank1        0000
__Hbank2                            bank2        0000
__Hbank3                            bank3        0000
__HbssBANK0                         bssBANK0     0000
__HbssBANK1                         bssBANK1     0000
__HbssCOMMON                        bssCOMMON    0000
__Hcinit                            cinit        0026
__Hclrtext                          clrtext      0000
__Hcode                             code         0000
__Hcommon                           common       0000
__Hconfig                           config       2009
__HcstackBANK0                      cstackBANK0  0000
__HcstackCOMMON                     cstackCOMMON 0000
__Heeprom_data                      eeprom_data  0000
__Hend_init                         end_init     0013
__Hfunctab                          functab      0000
__Hidloc                            idloc        0000
__Hinit                             init         0011
__Hintentry                         intentry     0011
__Hmaintext                         maintext     0000
__Hpowerup                          powerup      0000
__Hram                              ram          0000
__Hreset_vec                        reset_vec    0002
__Hsfr0                             sfr0         0000
__Hsfr1                             sfr1         0000
__Hsfr2                             sfr2         0000
__Hsfr3                             sfr3         0000
__Hspace_0                          (abs)        2009
__Hspace_1                          (abs)        00E6
__Hspace_2                          (abs)        0000
__Hspace_3                          (abs)        0000
__Hstack                            stack        0000
__Hstrings                          strings      0000
__Htext                             text         0000
__Labs1                             abs1         0000
__Lbank0                            bank0        0000
__Lbank1                            bank1        0000
__Lbank2                            bank2        0000
__Lbank3                            bank3        0000
__LbssBANK0                         bssBANK0     0000
__LbssBANK1                         bssBANK1     0000
__LbssCOMMON                        bssCOMMON    0000
__Lcinit                            cinit        0013
__Lclrtext                          clrtext      0000
__Lcode                             code         0000
__Lcommon                           common       0000
__Lconfig                           config       2007
__LcstackBANK0                      cstackBANK0  0000
__LcstackCOMMON                     cstackCOMMON 0000
__Leeprom_data                      eeprom_data  0000
__Lend_init                         end_init     0011
__Lfunctab                          functab      0000
__Lidloc                            idloc        0000
__Linit                             init         0011
__Lintentry                         intentry     0004
__Lmaintext                         maintext     0000
__Lpowerup                          powerup      0000
__Lram                              ram          0000
__Lreset_vec                        reset_vec    0000
__Lsfr0                             sfr0         0000
__Lsfr1                             sfr1         0000
__Lsfr2                             sfr2         0000
__Lsfr3                             sfr3         0000
__Lspace_0                          (abs)        0000
__Lspace_1                          (abs)        0000
__Lspace_2                          (abs)        0000
__Lspace_3                          (abs)        0000
__Lstack                            stack        0000
__Lstrings                          strings      0000
__Ltext                             text         0000
__PIR                               bssBANK1     00A0
__S0                                (abs)        2009
__S1                                (abs)        00E6
__S2                                (abs)        0000
___awdiv                            text44       0ED8
___awdiv@counter                    cstackBANK0  0050
___awdiv@dividend                   cstackBANK0  004E
___awdiv@divisor                    cstackBANK0  004C
___awdiv@quotient                   cstackBANK0  0052
___awdiv@sign                       cstackBANK0  0051
___int_sp                           stack        0000
___latbits                          (abs)        0001
___lwdiv                            text34       0DFA
___lwdiv@counter                    cstackBANK0  0050
___lwdiv@dividend                   cstackBANK0  004E
___lwdiv@divisor                    cstackBANK0  004C
___lwdiv@quotient                   cstackBANK0  0051
___sp                               stack        0000
___wmul                             text33       0CFF
___wmul@multiplicand                cstackBANK0  004E
___wmul@multiplier                  cstackBANK0  004C
___wmul@product                     cstackCOMMON 0074
__end_of_ADC_Set                    text28       0AD2
__end_of_CDS_Initialization         text64       0AA5
__end_of_CDS_Main                   text63       0D88
__end_of_DetectSYSC_Signal          text62       0B28
__end_of_Exception_Main             text51       05FB
__end_of_Fosc_Set                   text27       0AB2
__end_of_IO_Set                     text26       0C49
__end_of_ISR                        text65       0C15
__end_of_LED_Initialization         text49       0ADA
__end_of_LED_Main                   text47       0A92
__end_of_LedPointSelect             text57       0BA6
__end_of_LightsPointSelect          text61       0B05
__end_of_Lights_Control             text43       0706
__end_of_Lights_Initialization      text45       0AA9
__end_of_Lights_Main                text37       0CB8
__end_of_Load_Initialization        text35       0A95
__end_of_Load_Main                  text29       040B
__end_of_Mcu_Initialization         text23       0B61
__end_of_PIR_Initialization         text22       0B1A
__end_of_PIR_Main                   text20       0221
__end_of_SYSC_Initialization        text18       0A98
__end_of_SYSC_Main                  text16       0A9B
__end_of_TMR1_ISR                   text66       0BD0
__end_of_TMR1_Set                   text25       0B44
__end_of_Temp_Initialization        text14       0A9E
__end_of_Temp_Main                  text12       0AA1
__end_of_Timeout_Counter            text9        0BBA
__end_of_WDT_Clearing               text11       0004
__end_of_WDT_Main                   text10       0B94
__end_of_WDT_Set                    text24       0B52
__end_of___awdiv                    text44       0F35
__end_of___lwdiv                    text34       0E3A
__end_of___wmul                     text33       0D24
__end_of__initialization            cinit        0023
__end_of_getAD                      text7        0C9A
__end_of_getAll_Lights_Line         text60       0B72
__end_of_getCDS_AD                  text6        0CDA
__end_of_getCDS_Status              text21       0AEA
__end_of_getLight_LoadGO            text32       0AB8
__end_of_getLight_Load_Status       text31       0ABE
__end_of_getLights_Allow_Condition  text41       0BFD
__end_of_getLights_Status           text53       0B83
__end_of_getLoad_AD                 text5        0ED8
__end_of_getLoad_OK                 text42       0AE2
__end_of_getMain_All_Error_Status   text59       0DFA
__end_of_getMain_All_LightsStatus   text58       0AFB
__end_of_getMain_Lights_Count       text30       0B0F
__end_of_getPIR_AD                  text4        0539
__end_of_getTemp_AD                 text3        0DBC
__end_of_main                       maintext     1000
__end_of_myMain_Initialization      text2        0A8F
__end_of_my_MainTimer               text1        0C63
__end_of_setLED                     text56       0F9A
__end_of_setLED_Initialization      text50       0800
__end_of_setLights                  text39       077D
__end_of_setLights_Initialization   text46       0ACB
__end_of_setLights_Line             text40       0B36
__end_of_setLights_Main             text38       0D54
__end_of_setLights_SwOff            text54       0C2F
__end_of_setLights_SwOn             text52       0CFF
__end_of_setLights_Trigger          text55       0C7E
__end_of_setLoad_AH_AL_Restore      text36       0BE6
__end_of_setPIRLED_Main             text48       07EE
__end_of_setSYSC_Initialization     text19       0AAD
__end_of_setSYSC_Main               text17       0E7C
__end_of_setTemp_Initialization     text15       0A8E
__end_of_setTemp_Main               text13       0683
__end_of_set_TimeoutCleared         text8        0AC4
__initialization                    cinit        0013
__pbssBANK0                         bssBANK0     0020
__pbssBANK1                         bssBANK1     00A0
__pbssCOMMON                        bssCOMMON    0076
__pcstackBANK0                      cstackBANK0  004C
__pcstackCOMMON                     cstackCOMMON 0070
__pintentry                         intentry     0004
__pmaintext                         maintext     0F9A
__ptext0                            text0        0000
__ptext1                            text1        0C49
__ptext10                           text10       0B83
__ptext11                           text11       0002
__ptext12                           text12       0A9E
__ptext13                           text13       05FB
__ptext14                           text14       0A9B
__ptext15                           text15       0A8D
__ptext16                           text16       0A98
__ptext17                           text17       0E3A
__ptext18                           text18       0A95
__ptext19                           text19       0AA9
__ptext2                            text2        0A8E
__ptext20                           text20       0026
__ptext21                           text21       0AE2
__ptext22                           text22       0B0F
__ptext23                           text23       0B52
__ptext24                           text24       0B44
__ptext25                           text25       0B36
__ptext26                           text26       0C2F
__ptext27                           text27       0AAD
__ptext28                           text28       0ACB
__ptext29                           text29       0221
__ptext3                            text3        0D88
__ptext30                           text30       0B05
__ptext31                           text31       0AB8
__ptext32                           text32       0AB2
__ptext33                           text33       0CFF
__ptext34                           text34       0DFA
__ptext35                           text35       0A92
__ptext36                           text36       0BD0
__ptext37                           text37       0C9A
__ptext38                           text38       0D24
__ptext39                           text39       0706
__ptext4                            text4        040B
__ptext40                           text40       0B28
__ptext41                           text41       0BE6
__ptext42                           text42       0ADA
__ptext43                           text43       0683
__ptext44                           text44       0ED8
__ptext45                           text45       0AA5
__ptext46                           text46       0AC4
__ptext47                           text47       0A8F
__ptext48                           text48       077D
__ptext49                           text49       0AD2
__ptext5                            text5        0E7C
__ptext50                           text50       07EE
__ptext51                           text51       0539
__ptext52                           text52       0CDA
__ptext53                           text53       0B72
__ptext54                           text54       0C15
__ptext55                           text55       0C63
__ptext56                           text56       0F35
__ptext57                           text57       0B94
__ptext58                           text58       0AF2
__ptext59                           text59       0DBC
__ptext6                            text6        0CB8
__ptext60                           text60       0B61
__ptext61                           text61       0AFB
__ptext62                           text62       0B1A
__ptext63                           text63       0D54
__ptext64                           text64       0AA1
__ptext65                           text65       0BFD
__ptext66                           text66       0BBA
__ptext7                            text7        0C7E
__ptext8                            text8        0ABE
__ptext9                            text9        0BA6
__size_of_ADC_Set                   (abs)        0000
__size_of_CDS_Initialization        (abs)        0000
__size_of_CDS_Main                  (abs)        0000
__size_of_DetectSYSC_Signal         (abs)        0000
__size_of_Exception_Main            (abs)        0000
__size_of_Fosc_Set                  (abs)        0000
__size_of_IO_Set                    (abs)        0000
__size_of_ISR                       (abs)        0000
__size_of_LED_Initialization        (abs)        0000
__size_of_LED_Main                  (abs)        0000
__size_of_LedPointSelect            (abs)        0000
__size_of_LightsPointSelect         (abs)        0000
__size_of_Lights_Control            (abs)        0000
__size_of_Lights_Initialization     (abs)        0000
__size_of_Lights_Main               (abs)        0000
__size_of_Load_Initialization       (abs)        0000
__size_of_Load_Main                 (abs)        0000
__size_of_Mcu_Initialization        (abs)        0000
__size_of_PIR_Initialization        (abs)        0000
__size_of_PIR_Main                  (abs)        0000
__size_of_SYSC_Initialization       (abs)        0000
__size_of_SYSC_Main                 (abs)        0000
__size_of_TMR1_ISR                  (abs)        0000
__size_of_TMR1_Set                  (abs)        0000
__size_of_Temp_Initialization       (abs)        0000
__size_of_Temp_Main                 (abs)        0000
__size_of_Timeout_Counter           (abs)        0000
__size_of_WDT_Clearing              (abs)        0000
__size_of_WDT_Main                  (abs)        0000
__size_of_WDT_Set                   (abs)        0000
__size_of___awdiv                   (abs)        0000
__size_of___lwdiv                   (abs)        0000
__size_of___wmul                    (abs)        0000
__size_of_getAD                     (abs)        0000
__size_of_getAll_Lights_Line        (abs)        0000
__size_of_getCDS_AD                 (abs)        0000
__size_of_getCDS_Status             (abs)        0000
__size_of_getLight_LoadGO           (abs)        0000
__size_of_getLight_Load_Status      (abs)        0000
__size_of_getLights_Allow_Condition (abs)        0000
__size_of_getLights_Status          (abs)        0000
__size_of_getLoad_AD                (abs)        0000
__size_of_getLoad_OK                (abs)        0000
__size_of_getMain_All_Error_Status  (abs)        0000
__size_of_getMain_All_LightsStatus  (abs)        0000
__size_of_getMain_Lights_Count      (abs)        0000
__size_of_getPIR_AD                 (abs)        0000
__size_of_getTemp_AD                (abs)        0000
__size_of_main                      (abs)        0000
__size_of_myMain_Initialization     (abs)        0000
__size_of_my_MainTimer              (abs)        0000
__size_of_setLED                    (abs)        0000
__size_of_setLED_Initialization     (abs)        0000
__size_of_setLights                 (abs)        0000
__size_of_setLights_Initialization  (abs)        0000
__size_of_setLights_Line            (abs)        0000
__size_of_setLights_Main            (abs)        0000
__size_of_setLights_SwOff           (abs)        0000
__size_of_setLights_SwOn            (abs)        0000
__size_of_setLights_Trigger         (abs)        0000
__size_of_setLoad_AH_AL_Restore     (abs)        0000
__size_of_setPIRLED_Main            (abs)        0000
__size_of_setSYSC_Initialization    (abs)        0000
__size_of_setSYSC_Main              (abs)        0000
__size_of_setTemp_Initialization    (abs)        0000
__size_of_setTemp_Main              (abs)        0000
__size_of_set_TimeoutCleared        (abs)        0000
_getAD                              text7        0C7E
_getAll_Lights_Line                 text60       0B61
_getCDS_AD                          text6        0CB8
_getCDS_Status                      text21       0AE2
_getLight_LoadGO                    text32       0AB2
_getLight_Load_Status               text31       0AB8
_getLights_Allow_Condition          text41       0BE6
_getLights_Allow_Condition$4181     cstackBANK0  004D
_getLights_Status                   text53       0B72
_getLoad_AD                         text5        0E7C
_getLoad_OK                         text42       0ADA
_getMain_All_Error_Status           text59       0DBC
_getMain_All_Error_Status$2113      cstackBANK0  004C
_getMain_All_Error_Status$2114      cstackBANK0  004E
_getMain_All_LightsStatus           text58       0AF2
_getMain_Lights_Count               text30       0B05
_getPIR_AD                          text4        040B
_getTemp_AD                         text3        0D88
_main                               maintext     0F9A
_myMain                             bssBANK0     0025
_myMain_Initialization              text2        0A8E
_my_MainTimer                       text1        0C49
_setLED                             text56       0F35
_setLED_Initialization              text50       07EE
_setLights                          text39       0706
_setLights_Initialization           text46       0AC4
_setLights_Line                     text40       0B28
_setLights_Main                     text38       0D24
_setLights_SwOff                    text54       0C15
_setLights_SwOn                     text52       0CDA
_setLights_Trigger                  text55       0C63
_setLoad_AH_AL_Restore              text36       0BD0
_setPIRLED_Main                     text48       077D
_setSYSC_Initialization             text19       0AA9
_setSYSC_Main                       text17       0E3A
_setTemp_Initialization             text15       0A8D
_setTemp_Main                       text13       05FB
_set_TimeoutCleared                 text8        0ABE
btemp                               (abs)        007E
clear_ram0                          clrtext      0AEA
end_of_initialization               cinit        0023
getAD@adcon0                        cstackCOMMON 0075
getAD@adcon1                        cstackCOMMON 0074
getAll_Lights_Line@line             cstackBANK0  004C
getCDS_AD@channel1                  cstackBANK0  0051
getCDS_AD@channel2                  cstackBANK0  004C
getCDS_AD@i                         cstackBANK0  004F
getCDS_AD@j                         cstackBANK0  0050
getCDS_Status@status                cstackCOMMON 0074
getLight_LoadGO@loadgo              cstackCOMMON 0074
getLight_Load_Status@loadstatus     cstackCOMMON 0074
getLights_Allow_Condition@allow     cstackBANK0  004C
getLights_Status@lights             cstackBANK0  004C
getLights_Status@status             cstackBANK0  004D
getLoad_AD@ADRES                    cstackBANK0  0051
getLoad_AD@channel                  cstackBANK0  004E
getLoad_AD@i                        cstackBANK0  0052
getLoad_AD@j                        cstackBANK0  0050
getLoad_AD@k                        cstackBANK0  004F
getLoad_OK@ok                       cstackCOMMON 0074
getMain_All_Error_Status@command    cstackBANK0  0050
getMain_All_Error_Status@status     cstackBANK0  0051
getMain_All_LightsStatus@status     cstackCOMMON 0074
getMain_Lights_Count@count          cstackCOMMON 0074
getMain_Lights_Count@status1        cstackCOMMON 0075
getPIR_AD@VRAD                      cstackBANK0  005B
getPIR_AD@VRAD1                     cstackBANK0  005A
getPIR_AD@channel1                  cstackBANK0  0059
getPIR_AD@channel2                  cstackBANK0  0054
getPIR_AD@i                         cstackBANK0  005C
getPIR_AD@j                         cstackBANK0  0058
getTemp_AD@ADRES                    cstackBANK0  004F
getTemp_AD@channel                  cstackBANK0  004E
interrupt_function                  intentry     0004
intlevel0                           functab      0000
intlevel1                           functab      0000
intlevel2                           functab      0000
intlevel3                           functab      0000
intlevel4                           functab      0000
intlevel5                           functab      0000
ltemp                               (abs)        007E
ltemp0                              (abs)        007E
ltemp1                              (abs)        0082
ltemp2                              (abs)        0086
ltemp3                              (abs)        0080
reset_vec                           reset_vec    0000
saved_w                             (abs)        007E
setLED@command                      cstackBANK0  004C
setLED@led                          cstackBANK0  004D
setLED_Initialization@led           cstackBANK0  004E
setLights@lights                    cstackBANK0  0050
setLights@status                    cstackBANK0  004E
setLights_Initialization@lights     cstackBANK0  004C
setLights_Line@lights               cstackCOMMON 0074
setLights_Main@lights               cstackBANK0  0051
setLights_SwOff@sw                  cstackBANK0  004F
setLights_SwOn@sw                   cstackBANK0  004F
setLights_Trigger@command           cstackBANK0  004C
setLights_Trigger@lights            cstackBANK0  004E
setLoad_AH_AL_Restore@i             cstackCOMMON 0075
setPIRLED_Main@count                cstackBANK0  004F
setTemp_Main@AD                     cstackBANK0  0057
setTemp_Main@DangerValue            cstackBANK0  0056
setTemp_Main@SafeValue              cstackBANK0  0055
setTemp_Main@error                  cstackBANK0  0054
stackhi                             (abs)        0000
stacklo                             (abs)        0000
start                               init         0011
start_initialization                cinit        0013
ttemp                               (abs)        007E
ttemp0                              (abs)        007E
ttemp1                              (abs)        0081
ttemp2                              (abs)        0084
ttemp3                              (abs)        0087
ttemp4                              (abs)        007F
wtemp                               (abs)        007E
wtemp0                              (abs)        007E
wtemp1                              (abs)        0080
wtemp2                              (abs)        0082
wtemp3                              (abs)        0084
wtemp4                              (abs)        0086
wtemp5                              (abs)        0088
wtemp6                              (abs)        007F


FUNCTION INFORMATION:

 *************** function _main *****************
 Defined at:
		line 7 in file "../src/Main_B1.c"
 Parameters:    Size  Location     Type
  argc            2   18[BANK0 ] int 
  argv            2   20[BANK0 ] PTR PTR unsigned char 
 Auto vars:     Size  Location     Type
		None
 Return value:  Size  Location     Type
                  2   18[BANK0 ] int 
 Registers used:
		wreg, fsr0l, fsr0h, status,2, status,0, btemp+1, pclath, cstack
 Tracked objects:
		On entry : 
		On exit  : 
		Unchanged: 
 Data sizes:     COMMON   BANK0   BANK1   BANK2
      Params:         0       4       0       0
      Locals:         0       0       0       0
      Temps:          0       1       0       0
      Totals:         0       5       0       0
Total ram usage:        5 bytes
 Hardware stack levels required when called:    7
 This function calls:
		_CDS_Initialization
		_CDS_Main
		_DetectSYSC_Signal
		_Exception_Main
		_LED_Initialization
		_LED_Main
		_Lights_Initialization
		_Lights_Main
		_Load_Initialization
		_Load_Main
		_Mcu_Initialization
		_PIR_Initialization
		_PIR_Main
		_SYSC_Initialization
		_SYSC_Main
		_Temp_Initialization
		_Temp_Main
		_WDT_Main
		_getCDS_AD
		_getLoad_AD
		_getPIR_AD
		_getTemp_AD
		_myMain_Initialization
		_my_MainTimer
 This function is called by:
		Startup code after reset
 This function uses a non-reentrant model


 *************** function _my_MainTimer *****************
 Defined at:
		line 185 in file "../src/Main_B1.c"
 Parameters:    Size  Location     Type
		None
 Auto vars:     Size  Location     Type
		None
 Return value:  Size  Location     Type
		None               void
 Registers used:
		wreg, status,2, status,0
 Tracked objects:
		On entry : 
		On exit  : 
		Unchanged: 
 Data sizes:     COMMON   BANK0   BANK1   BANK2
      Params:         0       0       0       0
      Locals:         0       0       0       0
      Temps:          1       0       0       0
      Totals:         1       0       0       0
Total ram usage:        1 bytes
 Hardware stack levels used:    1
 Hardware stack levels required when called:    2
 This function calls:
		Nothing
 This function is called by:
		_main
 This function uses a non-reentrant model


 *************** function _myMain_Initialization *****************
 Defined at:
		line 170 in file "../src/Main_B1.c"
 Parameters:    Size  Location     Type
		None
 Auto vars:     Size  Location     Type
		None
 Return value:  Size  Location     Type
		None               void
 Registers used:
		None
 Tracked objects:
		On entry : 
		On exit  : 
		Unchanged: 
 Data sizes:     COMMON   BANK0   BANK1   BANK2
      Params:         0       0       0       0
      Locals:         0       0       0       0
      Temps:          0       0       0       0
      Totals:         0       0       0       0
Total ram usage:        0 bytes
 Hardware stack levels used:    1
 Hardware stack levels required when called:    2
 This function calls:
		Nothing
 This function is called by:
		_main
 This function uses a non-reentrant model


 *************** function _getTemp_AD *****************
 Defined at:
		line 15 in file "../src/OverTemperature_B1.c"
 Parameters:    Size  Location     Type
  channel         1    wreg     unsigned char 
 Auto vars:     Size  Location     Type
  channel         1    2[BANK0 ] unsigned char 
  ADRES           1    3[BANK0 ] unsigned char 
 Return value:  Size  Location     Type
		None               void
 Registers used:
		wreg, status,2, status,0, pclath, cstack
 Tracked objects:
		On entry : 
		On exit  : 
		Unchanged: 
 Data sizes:     COMMON   BANK0   BANK1   BANK2
      Params:         0       0       0       0
      Locals:         0       2       0       0
      Temps:          0       2       0       0
      Totals:         0       4       0       0
Total ram usage:        4 bytes
 Hardware stack levels used:    1
 Hardware stack levels required when called:    4
 This function calls:
		_getAD
 This function is called by:
		_main
 This function uses a non-reentrant model


 *************** function _getPIR_AD *****************
 Defined at:
		line 327 in file "../src/PIR_B1.c"
 Parameters:    Size  Location     Type
  channel1        1    wreg     unsigned char 
  channel2        1    8[BANK0 ] unsigned char 
 Auto vars:     Size  Location     Type
  channel1        1   13[BANK0 ] unsigned char 
  i               1   16[BANK0 ] unsigned char 
  VRAD            1   15[BANK0 ] unsigned char 
  VRAD1           1   14[BANK0 ] unsigned char 
  j               1   12[BANK0 ] unsigned char 
 Return value:  Size  Location     Type
		None               void
 Registers used:
		wreg, fsr0l, fsr0h, status,2, status,0, pclath, cstack
 Tracked objects:
		On entry : 
		On exit  : 
		Unchanged: 
 Data sizes:     COMMON   BANK0   BANK1   BANK2
      Params:         0       1       0       0
      Locals:         0       5       0       0
      Temps:          0       3       0       0
      Totals:         0       9       0       0
Total ram usage:        9 bytes
 Hardware stack levels used:    1
 Hardware stack levels required when called:    4
 This function calls:
		___awdiv
		___lwdiv
		_getAD
 This function is called by:
		_main
 This function uses a non-reentrant model


 *************** function _getLoad_AD *****************
 Defined at:
		line 15 in file "../src/OverLoad_B1.c"
 Parameters:    Size  Location     Type
  channel         1    wreg     unsigned char 
 Auto vars:     Size  Location     Type
  channel         1    2[BANK0 ] unsigned char 
  i               1    6[BANK0 ] unsigned char 
  ADRES           1    5[BANK0 ] unsigned char 
  j               1    4[BANK0 ] unsigned char 
  k               1    3[BANK0 ] unsigned char 
 Return value:  Size  Location     Type
		None               void
 Registers used:
		wreg, fsr0l, fsr0h, status,2, status,0, pclath, cstack
 Tracked objects:
		On entry : 
		On exit  : 
		Unchanged: 
 Data sizes:     COMMON   BANK0   BANK1   BANK2
      Params:         0       0       0       0
      Locals:         0       5       0       0
      Temps:          0       2       0       0
      Totals:         0       7       0       0
Total ram usage:        7 bytes
 Hardware stack levels used:    1
 Hardware stack levels required when called:    4
 This function calls:
		_getAD
 This function is called by:
		_main
 This function uses a non-reentrant model


 *************** function _getCDS_AD *****************
 Defined at:
		line 48 in file "../src/CDS_B1.c"
 Parameters:    Size  Location     Type
  channel1        1    wreg     unsigned char 
  channel2        1    0[BANK0 ] unsigned char 
 Auto vars:     Size  Location     Type
  channel1        1    5[BANK0 ] unsigned char 
  j               1    4[BANK0 ] unsigned char 
  i               1    3[BANK0 ] unsigned char 
 Return value:  Size  Location     Type
		None               void
 Registers used:
		wreg, status,2, status,0, pclath, cstack
 Tracked objects:
		On entry : 
		On exit  : 
		Unchanged: 
 Data sizes:     COMMON   BANK0   BANK1   BANK2
      Params:         0       1       0       0
      Locals:         0       3       0       0
      Temps:          0       2       0       0
      Totals:         0       6       0       0
Total ram usage:        6 bytes
 Hardware stack levels used:    1
 Hardware stack levels required when called:    4
 This function calls:
		_getAD
 This function is called by:
		_main
 This function uses a non-reentrant model


 *************** function _getAD *****************
 Defined at:
		line 432 in file "../src/MCU_B1.c"
 Parameters:    Size  Location     Type
  adcon0          1    wreg     unsigned char 
  adcon1          1    4[COMMON] unsigned char 
 Auto vars:     Size  Location     Type
  adcon0          1    5[COMMON] unsigned char 
 Return value:  Size  Location     Type
                  1    wreg      unsigned char 
 Registers used:
		wreg, status,2, status,0, pclath, cstack
 Tracked objects:
		On entry : 
		On exit  : 
		Unchanged: 
 Data sizes:     COMMON   BANK0   BANK1   BANK2
      Params:         1       0       0       0
      Locals:         1       0       0       0
      Temps:          0       0       0       0
      Totals:         2       0       0       0
Total ram usage:        2 bytes
 Hardware stack levels used:    1
 Hardware stack levels required when called:    3
 This function calls:
		_Timeout_Counter
		_set_TimeoutCleared
 This function is called by:
		_getCDS_AD
		_getLoad_AD
		_getTemp_AD
		_getPIR_AD
 This function uses a non-reentrant model


 *************** function _set_TimeoutCleared *****************
 Defined at:
		line 281 in file "../src/Main_B1.c"
 Parameters:    Size  Location     Type
		None
 Auto vars:     Size  Location     Type
		None
 Return value:  Size  Location     Type
		None               void
 Registers used:
		status,2
 Tracked objects:
		On entry : 
		On exit  : 
		Unchanged: 
 Data sizes:     COMMON   BANK0   BANK1   BANK2
      Params:         0       0       0       0
      Locals:         0       0       0       0
      Temps:          0       0       0       0
      Totals:         0       0       0       0
Total ram usage:        0 bytes
 Hardware stack levels used:    1
 Hardware stack levels required when called:    2
 This function calls:
		Nothing
 This function is called by:
		_getAD
 This function uses a non-reentrant model


 *************** function _Timeout_Counter *****************
 Defined at:
		line 272 in file "../src/Main_B1.c"
 Parameters:    Size  Location     Type
		None
 Auto vars:     Size  Location     Type
		None
 Return value:  Size  Location     Type
		None               void
 Registers used:
		wreg, status,2
 Tracked objects:
		On entry : 
		On exit  : 
		Unchanged: 
 Data sizes:     COMMON   BANK0   BANK1   BANK2
      Params:         0       0       0       0
      Locals:         0       0       0       0
      Temps:          0       0       0       0
      Totals:         0       0       0       0
Total ram usage:        0 bytes
 Hardware stack levels used:    1
 Hardware stack levels required when called:    2
 This function calls:
		Nothing
 This function is called by:
		_getAD
 This function uses a non-reentrant model


 *************** function _WDT_Main *****************
 Defined at:
		line 1103 in file "../src/MCU_B1.c"
 Parameters:    Size  Location     Type
		None
 Auto vars:     Size  Location     Type
		None
 Return value:  Size  Location     Type
		None               void
 Registers used:
		wreg, status,2, status,0, pclath, cstack
 Tracked objects:
		On entry : 
		On exit  : 
		Unchanged: 
 Data sizes:     COMMON   BANK0   BANK1   BANK2
      Params:         0       0       0       0
      Locals:         0       0       0       0
      Temps:          1       0       0       0
      Totals:         1       0       0       0
Total ram usage:        1 bytes
 Hardware stack levels used:    1
 Hardware stack levels required when called:    3
 This function calls:
		_WDT_Clearing
 This function is called by:
		_main
 This function uses a non-reentrant model


 *************** function _WDT_Clearing *****************
 Defined at:
		line 1113 in file "../src/MCU_B1.c"
 Parameters:    Size  Location     Type
		None
 Auto vars:     Size  Location     Type
		None
 Return value:  Size  Location     Type
		None               void
 Registers used:
		None
 Tracked objects:
		On entry : 
		On exit  : 
		Unchanged: 
 Data sizes:     COMMON   BANK0   BANK1   BANK2
      Params:         0       0       0       0
      Locals:         0       0       0       0
      Temps:          0       0       0       0
      Totals:         0       0       0       0
Total ram usage:        0 bytes
 Hardware stack levels used:    1
 Hardware stack levels required when called:    2
 This function calls:
		Nothing
 This function is called by:
		_WDT_Main
 This function uses a non-reentrant model


 *************** function _Temp_Main *****************
 Defined at:
		line 52 in file "../src/OverTemperature_B1.c"
 Parameters:    Size  Location     Type
		None
 Auto vars:     Size  Location     Type
		None
 Return value:  Size  Location     Type
		None               void
 Registers used:
		wreg, status,2, status,0, pclath, cstack
 Tracked objects:
		On entry : 
		On exit  : 
		Unchanged: 
 Data sizes:     COMMON   BANK0   BANK1   BANK2
      Params:         0       0       0       0
      Locals:         0       0       0       0
      Temps:          0       0       0       0
      Totals:         0       0       0       0
Total ram usage:        0 bytes
 Hardware stack levels used:    1
 Hardware stack levels required when called:    4
 This function calls:
		_setTemp_Main
 This function is called by:
		_main
 This function uses a non-reentrant model


 *************** function _setTemp_Main *****************
 Defined at:
		line 59 in file "../src/OverTemperature_B1.c"
 Parameters:    Size  Location     Type
		None
 Auto vars:     Size  Location     Type
  AD              1   11[BANK0 ] unsigned char 
  DangerValue     1   10[BANK0 ] unsigned char 
  SafeValue       1    9[BANK0 ] unsigned char 
  error           1    8[BANK0 ] unsigned char 
 Return value:  Size  Location     Type
		None               void
 Registers used:
		wreg, status,2, status,0, pclath, cstack
 Tracked objects:
		On entry : 
		On exit  : 
		Unchanged: 
 Data sizes:     COMMON   BANK0   BANK1   BANK2
      Params:         0       0       0       0
      Locals:         0       4       0       0
      Temps:          1       0       0       0
      Totals:         1       4       0       0
Total ram usage:        5 bytes
 Hardware stack levels used:    1
 Hardware stack levels required when called:    3
 This function calls:
		___awdiv
		_getMain_All_Error_Status
		_getMain_All_LightsStatus
 This function is called by:
		_Temp_Main
 This function uses a non-reentrant model


 *************** function _Temp_Initialization *****************
 Defined at:
		line 8 in file "../src/OverTemperature_B1.c"
 Parameters:    Size  Location     Type
		None
 Auto vars:     Size  Location     Type
		None
 Return value:  Size  Location     Type
		None               void
 Registers used:
		status,2, status,0, pclath, cstack
 Tracked objects:
		On entry : 
		On exit  : 
		Unchanged: 
 Data sizes:     COMMON   BANK0   BANK1   BANK2
      Params:         0       0       0       0
      Locals:         0       0       0       0
      Temps:          0       0       0       0
      Totals:         0       0       0       0
Total ram usage:        0 bytes
 Hardware stack levels used:    1
 Hardware stack levels required when called:    3
 This function calls:
		_setTemp_Initialization
 This function is called by:
		_main
 This function uses a non-reentrant model


 *************** function _setTemp_Initialization *****************
 Defined at:
		line 47 in file "../src/OverTemperature_B1.c"
 Parameters:    Size  Location     Type
		None
 Auto vars:     Size  Location     Type
		None
 Return value:  Size  Location     Type
		None               void
 Registers used:
		None
 Tracked objects:
		On entry : 
		On exit  : 
		Unchanged: 
 Data sizes:     COMMON   BANK0   BANK1   BANK2
      Params:         0       0       0       0
      Locals:         0       0       0       0
      Temps:          0       0       0       0
      Totals:         0       0       0       0
Total ram usage:        0 bytes
 Hardware stack levels used:    1
 Hardware stack levels required when called:    2
 This function calls:
		Nothing
 This function is called by:
		_Temp_Initialization
 This function uses a non-reentrant model


 *************** function _SYSC_Main *****************
 Defined at:
		line 17 in file "../src/SYSC_B1.c"
 Parameters:    Size  Location     Type
		None
 Auto vars:     Size  Location     Type
		None
 Return value:  Size  Location     Type
		None               void
 Registers used:
		wreg, status,2, status,0, pclath, cstack
 Tracked objects:
		On entry : 
		On exit  : 
		Unchanged: 
 Data sizes:     COMMON   BANK0   BANK1   BANK2
      Params:         0       0       0       0
      Locals:         0       0       0       0
      Temps:          0       0       0       0
      Totals:         0       0       0       0
Total ram usage:        0 bytes
 Hardware stack levels used:    1
 Hardware stack levels required when called:    4
 This function calls:
		_setSYSC_Main
 This function is called by:
		_main
 This function uses a non-reentrant model


 *************** function _setSYSC_Main *****************
 Defined at:
		line 23 in file "../src/SYSC_B1.c"
 Parameters:    Size  Location     Type
		None
 Auto vars:     Size  Location     Type
		None
 Return value:  Size  Location     Type
		None               void
 Registers used:
		wreg, status,2, status,0, pclath, cstack
 Tracked objects:
		On entry : 
		On exit  : 
		Unchanged: 
 Data sizes:     COMMON   BANK0   BANK1   BANK2
      Params:         0       0       0       0
      Locals:         0       0       0       0
      Temps:          0       0       0       0
      Totals:         0       0       0       0
Total ram usage:        0 bytes
 Hardware stack levels used:    1
 Hardware stack levels required when called:    3
 This function calls:
		_getMain_All_Error_Status
 This function is called by:
		_SYSC_Main
 This function uses a non-reentrant model


 *************** function _SYSC_Initialization *****************
 Defined at:
		line 7 in file "../src/SYSC_B1.c"
 Parameters:    Size  Location     Type
		None
 Auto vars:     Size  Location     Type
		None
 Return value:  Size  Location     Type
		None               void
 Registers used:
		status,2, status,0, pclath, cstack
 Tracked objects:
		On entry : 
		On exit  : 
		Unchanged: 
 Data sizes:     COMMON   BANK0   BANK1   BANK2
      Params:         0       0       0       0
      Locals:         0       0       0       0
      Temps:          0       0       0       0
      Totals:         0       0       0       0
Total ram usage:        0 bytes
 Hardware stack levels used:    1
 Hardware stack levels required when called:    3
 This function calls:
		_setSYSC_Initialization
 This function is called by:
		_main
 This function uses a non-reentrant model


 *************** function _setSYSC_Initialization *****************
 Defined at:
		line 13 in file "../src/SYSC_B1.c"
 Parameters:    Size  Location     Type
		None
 Auto vars:     Size  Location     Type
		None
 Return value:  Size  Location     Type
		None               void
 Registers used:
		None
 Tracked objects:
		On entry : 
		On exit  : 
		Unchanged: 
 Data sizes:     COMMON   BANK0   BANK1   BANK2
      Params:         0       0       0       0
      Locals:         0       0       0       0
      Temps:          0       0       0       0
      Totals:         0       0       0       0
Total ram usage:        0 bytes
 Hardware stack levels used:    1
 Hardware stack levels required when called:    2
 This function calls:
		Nothing
 This function is called by:
		_SYSC_Initialization
 This function uses a non-reentrant model


 *************** function _PIR_Main *****************
 Defined at:
		line 13 in file "../src/PIR_B1.c"
 Parameters:    Size  Location     Type
		None
 Auto vars:     Size  Location     Type
  LightsStatus    1   17[BANK0 ] unsigned char 
  cds             1   16[BANK0 ] unsigned char 
  TriggerValue    1   15[BANK0 ] unsigned char 
  Enable_Switc    1   12[BANK0 ] unsigned char 
  error           1   11[BANK0 ] unsigned char 
 Return value:  Size  Location     Type
		None               void
 Registers used:
		wreg, fsr0l, fsr0h, status,2, status,0, pclath, cstack
 Tracked objects:
		On entry : 
		On exit  : 
		Unchanged: 
 Data sizes:     COMMON   BANK0   BANK1   BANK2
      Params:         0       0       0       0
      Locals:         0       7       0       0
      Temps:          0       5       0       0
      Totals:         0      12       0       0
Total ram usage:       12 bytes
 Hardware stack levels used:    1
 Hardware stack levels required when called:    5
 This function calls:
		_getCDS_Status
		_getLights_Status
		_getMain_All_Error_Status
		_setLED
		_setLights_SwOff
		_setLights_SwOn
 This function is called by:
		_main
 This function uses a non-reentrant model


 *************** function _getCDS_Status *****************
 Defined at:
		line 42 in file "../src/CDS_B1.c"
 Parameters:    Size  Location     Type
		None
 Auto vars:     Size  Location     Type
  status          1    4[COMMON] unsigned char 
 Return value:  Size  Location     Type
                  1    wreg      unsigned char 
 Registers used:
		wreg, status,2
 Tracked objects:
		On entry : 
		On exit  : 
		Unchanged: 
 Data sizes:     COMMON   BANK0   BANK1   BANK2
      Params:         0       0       0       0
      Locals:         1       0       0       0
      Temps:          0       0       0       0
      Totals:         1       0       0       0
Total ram usage:        1 bytes
 Hardware stack levels used:    1
 Hardware stack levels required when called:    2
 This function calls:
		Nothing
 This function is called by:
		_PIR_Main
 This function uses a non-reentrant model


 *************** function _PIR_Initialization *****************
 Defined at:
		line 7 in file "../src/PIR_B1.c"
 Parameters:    Size  Location     Type
		None
 Auto vars:     Size  Location     Type
		None
 Return value:  Size  Location     Type
		None               void
 Registers used:
		wreg
 Tracked objects:
		On entry : 
		On exit  : 
		Unchanged: 
 Data sizes:     COMMON   BANK0   BANK1   BANK2
      Params:         0       0       0       0
      Locals:         0       0       0       0
      Temps:          1       0       0       0
      Totals:         1       0       0       0
Total ram usage:        1 bytes
 Hardware stack levels used:    1
 Hardware stack levels required when called:    2
 This function calls:
		Nothing
 This function is called by:
		_main
 This function uses a non-reentrant model


 *************** function _Mcu_Initialization *****************
 Defined at:
		line 30 in file "../src/MCU_B1.c"
 Parameters:    Size  Location     Type
		None
 Auto vars:     Size  Location     Type
		None
 Return value:  Size  Location     Type
		None               void
 Registers used:
		wreg, status,2, status,0, pclath, cstack
 Tracked objects:
		On entry : 
		On exit  : 
		Unchanged: 
 Data sizes:     COMMON   BANK0   BANK1   BANK2
      Params:         0       0       0       0
      Locals:         0       0       0       0
      Temps:          0       0       0       0
      Totals:         0       0       0       0
Total ram usage:        0 bytes
 Hardware stack levels used:    1
 Hardware stack levels required when called:    3
 This function calls:
		_ADC_Set
		_Fosc_Set
		_IO_Set
		_TMR1_Set
		_WDT_Set
 This function is called by:
		_main
 This function uses a non-reentrant model


 *************** function _WDT_Set *****************
 Defined at:
		line 1089 in file "../src/MCU_B1.c"
 Parameters:    Size  Location     Type
		None
 Auto vars:     Size  Location     Type
		None
 Return value:  Size  Location     Type
		None               void
 Registers used:
		wreg
 Tracked objects:
		On entry : 
		On exit  : 
		Unchanged: 
 Data sizes:     COMMON   BANK0   BANK1   BANK2
      Params:         0       0       0       0
      Locals:         0       0       0       0
      Temps:          1       0       0       0
      Totals:         1       0       0       0
Total ram usage:        1 bytes
 Hardware stack levels used:    1
 Hardware stack levels required when called:    2
 This function calls:
		Nothing
 This function is called by:
		_Mcu_Initialization
 This function uses a non-reentrant model


 *************** function _TMR1_Set *****************
 Defined at:
		line 226 in file "../src/MCU_B1.c"
 Parameters:    Size  Location     Type
		None
 Auto vars:     Size  Location     Type
		None
 Return value:  Size  Location     Type
		None               void
 Registers used:
		wreg
 Tracked objects:
		On entry : 
		On exit  : 
		Unchanged: 
 Data sizes:     COMMON   BANK0   BANK1   BANK2
      Params:         0       0       0       0
      Locals:         0       0       0       0
      Temps:          0       0       0       0
      Totals:         0       0       0       0
Total ram usage:        0 bytes
 Hardware stack levels used:    1
 Hardware stack levels required when called:    2
 This function calls:
		Nothing
 This function is called by:
		_Mcu_Initialization
 This function uses a non-reentrant model


 *************** function _IO_Set *****************
 Defined at:
		line 60 in file "../src/MCU_B1.c"
 Parameters:    Size  Location     Type
		None
 Auto vars:     Size  Location     Type
		None
 Return value:  Size  Location     Type
		None               void
 Registers used:
		wreg, status,2
 Tracked objects:
		On entry : 
		On exit  : 
		Unchanged: 
 Data sizes:     COMMON   BANK0   BANK1   BANK2
      Params:         0       0       0       0
      Locals:         0       0       0       0
      Temps:          0       0       0       0
      Totals:         0       0       0       0
Total ram usage:        0 bytes
 Hardware stack levels used:    1
 Hardware stack levels required when called:    2
 This function calls:
		Nothing
 This function is called by:
		_Mcu_Initialization
 This function uses a non-reentrant model


 *************** function _Fosc_Set *****************
 Defined at:
		line 56 in file "../src/MCU_B1.c"
 Parameters:    Size  Location     Type
		None
 Auto vars:     Size  Location     Type
		None
 Return value:  Size  Location     Type
		None               void
 Registers used:
		wreg
 Tracked objects:
		On entry : 
		On exit  : 
		Unchanged: 
 Data sizes:     COMMON   BANK0   BANK1   BANK2
      Params:         0       0       0       0
      Locals:         0       0       0       0
      Temps:          0       0       0       0
      Totals:         0       0       0       0
Total ram usage:        0 bytes
 Hardware stack levels used:    1
 Hardware stack levels required when called:    2
 This function calls:
		Nothing
 This function is called by:
		_Mcu_Initialization
 This function uses a non-reentrant model


 *************** function _ADC_Set *****************
 Defined at:
		line 425 in file "../src/MCU_B1.c"
 Parameters:    Size  Location     Type
		None
 Auto vars:     Size  Location     Type
		None
 Return value:  Size  Location     Type
		None               void
 Registers used:
		wreg
 Tracked objects:
		On entry : 
		On exit  : 
		Unchanged: 
 Data sizes:     COMMON   BANK0   BANK1   BANK2
      Params:         0       0       0       0
      Locals:         0       0       0       0
      Temps:          0       0       0       0
      Totals:         0       0       0       0
Total ram usage:        0 bytes
 Hardware stack levels used:    1
 Hardware stack levels required when called:    2
 This function calls:
		Nothing
 This function is called by:
		_Mcu_Initialization
 This function uses a non-reentrant model


 *************** function _Load_Main *****************
 Defined at:
		line 39 in file "../src/OverLoad_B1.c"
 Parameters:    Size  Location     Type
		None
 Auto vars:     Size  Location     Type
  i               2   15[BANK0 ] int 
[...]
  i               2   12[BANK0 ] int 
  i               2   10[BANK0 ] int 
  error           1   14[BANK0 ] unsigned char 
  status          1    9[BANK0 ] unsigned char 
  count           1    8[BANK0 ] unsigned char 
  lights          1    7[BANK0 ] unsigned char 
 Return value:  Size  Location     Type
		None               void
 Registers used:
		wreg, fsr0l, fsr0h, status,2, status,0, pclath, cstack
 Tracked objects:
		On entry : 
		On exit  : 
		Unchanged: 
 Data sizes:     COMMON   BANK0   BANK1   BANK2
      Params:         0       0       0       0
      Locals:         0       8       0       0
      Temps:          0       1       0       0
      Totals:         0       9       0       0
Total ram usage:        9 bytes
 Hardware stack levels used:    1
 Hardware stack levels required when called:    5
 This function calls:
		_getAll_Lights_Line
		_getLights_Status
		_getMain_All_Error_Status
		_getMain_All_LightsStatus
		_setLED
		_setLights_SwOff
		_setLights_SwOn
 This function is called by:
		_main
 This function uses a non-reentrant model


 *************** function _setLights_SwOn *****************
 Defined at:
		line 361 in file "../src/TriacRelay_B1.c"
 Parameters:    Size  Location     Type
  sw              1    wreg     unsigned char 
 Auto vars:     Size  Location     Type
  sw              1    3[BANK0 ] unsigned char 
 Return value:  Size  Location     Type
		None               void
 Registers used:
		wreg, fsr0l, fsr0h, status,2, status,0, pclath, cstack
 Tracked objects:
		On entry : 
		On exit  : 
		Unchanged: 
 Data sizes:     COMMON   BANK0   BANK1   BANK2
      Params:         0       0       0       0
      Locals:         0       1       0       0
      Temps:          0       0       0       0
      Totals:         0       1       0       0
Total ram usage:        1 bytes
 Hardware stack levels used:    1
 Hardware stack levels required when called:    4
 This function calls:
		_LightsPointSelect
		_getLights_Status
		_setLights_Trigger
 This function is called by:
		_Exception_Main
		_PIR_Main
 This function uses a non-reentrant model


 *************** function _getLights_Status *****************
 Defined at:
		line 225 in file "../src/TriacRelay_B1.c"
 Parameters:    Size  Location     Type
  lights          1    wreg     unsigned char 
 Auto vars:     Size  Location     Type
  lights          1    0[BANK0 ] unsigned char 
  status          1    1[BANK0 ] unsigned char 
 Return value:  Size  Location     Type
                  1    wreg      unsigned char 
 Registers used:
		wreg, fsr0l, fsr0h, status,2, status,0, pclath, cstack
 Tracked objects:
		On entry : 
		On exit  : 
		Unchanged: 
 Data sizes:     COMMON   BANK0   BANK1   BANK2
      Params:         0       0       0       0
      Locals:         0       2       0       0
      Temps:          0       0       0       0
      Totals:         0       2       0       0
Total ram usage:        2 bytes
 Hardware stack levels used:    1
 Hardware stack levels required when called:    3
 This function calls:
		_LightsPointSelect
 This function is called by:
		_Exception_Main
		_PIR_Main
		_setLights_SwOn
		_setMain_Exception
		_setLights_ErrorClose
 This function uses a non-reentrant model


 *************** function _setLights_SwOff *****************
 Defined at:
		line 374 in file "../src/TriacRelay_B1.c"
 Parameters:    Size  Location     Type
  sw              1    wreg     unsigned char 
 Auto vars:     Size  Location     Type
  sw              1    3[BANK0 ] unsigned char 
 Return value:  Size  Location     Type
		None               void
 Registers used:
		wreg, fsr0l, fsr0h, status,2, status,0, pclath, cstack
 Tracked objects:
		On entry : 
		On exit  : 
		Unchanged: 
 Data sizes:     COMMON   BANK0   BANK1   BANK2
      Params:         0       0       0       0
      Locals:         0       1       0       0
      Temps:          0       0       0       0
      Totals:         0       1       0       0
Total ram usage:        1 bytes
 Hardware stack levels used:    1
 Hardware stack levels required when called:    4
 This function calls:
		_LightsPointSelect
		_setLights_Trigger
 This function is called by:
		_Exception_Main
		_PIR_Main
 This function uses a non-reentrant model


 *************** function _setLights_Trigger *****************
 Defined at:
		line 232 in file "../src/TriacRelay_B1.c"
 Parameters:    Size  Location     Type
  lights          1    wreg     unsigned char 
  command         1    0[BANK0 ] unsigned char 
 Auto vars:     Size  Location     Type
  lights          1    2[BANK0 ] unsigned char 
 Return value:  Size  Location     Type
		None               void
 Registers used:
		wreg, fsr0l, fsr0h, status,2, status,0, pclath, cstack
 Tracked objects:
		On entry : 
		On exit  : 
		Unchanged: 
 Data sizes:     COMMON   BANK0   BANK1   BANK2
      Params:         0       1       0       0
      Locals:         0       1       0       0
      Temps:          0       1       0       0
      Totals:         0       3       0       0
Total ram usage:        3 bytes
 Hardware stack levels used:    1
 Hardware stack levels required when called:    3
 This function calls:
		_LightsPointSelect
 This function is called by:
		_setLights_SwOn
		_setLights_SwOff
		_setMain_Exception
		_setLights_ErrorClose
 This function uses a non-reentrant model


 *************** function _setLED *****************
 Defined at:
		line 81 in file "../src/LED_B1.c"
 Parameters:    Size  Location     Type
  led             1    wreg     unsigned char 
  command         1    0[BANK0 ] unsigned char 
 Auto vars:     Size  Location     Type
  led             1    1[BANK0 ] unsigned char 
 Return value:  Size  Location     Type
		None               void
 Registers used:
		wreg, fsr0l, fsr0h, status,2, status,0, pclath, cstack
 Tracked objects:
		On entry : 
		On exit  : 
		Unchanged: 
 Data sizes:     COMMON   BANK0   BANK1   BANK2
      Params:         0       1       0       0
      Locals:         0       1       0       0
      Temps:          0       0       0       0
      Totals:         0       2       0       0
Total ram usage:        2 bytes
 Hardware stack levels used:    1
 Hardware stack levels required when called:    3
 This function calls:
		_LedPointSelect
 This function is called by:
		_setLED_Initialization
		_setPIRLED_Main
		_Exception_Main
		_PIR_Main
		_setLights
		_setMain_Exception
 This function uses a non-reentrant model


 *************** function _LedPointSelect *****************
 Defined at:
		line 7 in file "../src/LED_B1.c"
 Parameters:    Size  Location     Type
  led             1    wreg     unsigned char 
 Auto vars:     Size  Location     Type
  led             1    5[COMMON] unsigned char 
 Return value:  Size  Location     Type
		None               void
 Registers used:
		wreg
 Tracked objects:
		On entry : 
		On exit  : 
		Unchanged: 
 Data sizes:     COMMON   BANK0   BANK1   BANK2
      Params:         0       0       0       0
      Locals:         1       0       0       0
      Temps:          1       0       0       0
      Totals:         2       0       0       0
Total ram usage:        2 bytes
 Hardware stack levels used:    1
 Hardware stack levels required when called:    2
 This function calls:
		Nothing
 This function is called by:
		_setLED_Initialization
		_setLED
		_setLED_Main
 This function uses a non-reentrant model


 *************** function _getMain_All_LightsStatus *****************
 Defined at:
		line 373 in file "../src/Main_B1.c"
 Parameters:    Size  Location     Type
		None
 Auto vars:     Size  Location     Type
  status          1    4[COMMON] unsigned char 
 Return value:  Size  Location     Type
                  1    wreg      unsigned char 
 Registers used:
		wreg, status,2
 Tracked objects:
		On entry : 
		On exit  : 
		Unchanged: 
 Data sizes:     COMMON   BANK0   BANK1   BANK2
      Params:         0       0       0       0
      Locals:         1       0       0       0
      Temps:          0       0       0       0
      Totals:         1       0       0       0
Total ram usage:        1 bytes
 Hardware stack levels used:    1
 Hardware stack levels required when called:    2
 This function calls:
		Nothing
 This function is called by:
		_Exception_Main
		_Load_Main
		_setTemp_Main
		_Lights_Main
 This function uses a non-reentrant model


 *************** function _getMain_All_Error_Status *****************
 Defined at:
		line 424 in file "../src/Main_B1.c"
 Parameters:    Size  Location     Type
  command         1    wreg     unsigned char 
 Auto vars:     Size  Location     Type
  command         1    4[BANK0 ] unsigned char 
  status          1    5[BANK0 ] unsigned char 
 Return value:  Size  Location     Type
                  1    wreg      unsigned char 
 Registers used:
		wreg, status,2, status,0
 Tracked objects:
		On entry : 
		On exit  : 
		Unchanged: 
 Data sizes:     COMMON   BANK0   BANK1   BANK2
      Params:         0       0       0       0
      Locals:         0       6       0       0
      Temps:          1       0       0       0
      Totals:         1       6       0       0
Total ram usage:        7 bytes
 Hardware stack levels used:    1
 Hardware stack levels required when called:    2
 This function calls:
		Nothing
 This function is called by:
		_Exception_Main
		_Load_Main
		_setTemp_Main
		_PIR_Main
		_setSYSC_Main
		_Lights_Main
 This function uses a non-reentrant model


 *************** function _getAll_Lights_Line *****************
 Defined at:
		line 264 in file "../src/TriacRelay_B1.c"
 Parameters:    Size  Location     Type
		None
 Auto vars:     Size  Location     Type
  line            1    0[BANK0 ] unsigned char 
 Return value:  Size  Location     Type
                  1    wreg      unsigned char 
 Registers used:
		wreg, fsr0l, fsr0h, status,2, status,0, pclath, cstack
 Tracked objects:
		On entry : 
		On exit  : 
		Unchanged: 
 Data sizes:     COMMON   BANK0   BANK1   BANK2
      Params:         0       0       0       0
      Locals:         0       1       0       0
      Temps:          0       0       0       0
      Totals:         0       1       0       0
Total ram usage:        1 bytes
 Hardware stack levels used:    1
 Hardware stack levels required when called:    3
 This function calls:
		_LightsPointSelect
 This function is called by:
		_Exception_Main
		_setMain_Exception
 This function uses a non-reentrant model


 *************** function _LightsPointSelect *****************
 Defined at:
		line 10 in file "../src/TriacRelay_B1.c"
 Parameters:    Size  Location     Type
  lights          1    wreg     unsigned char 
 Auto vars:     Size  Location     Type
  lights          1    5[COMMON] unsigned char 
 Return value:  Size  Location     Type
		None               void
 Registers used:
		wreg
 Tracked objects:
		On entry : 
		On exit  : 
		Unchanged: 
 Data sizes:     COMMON   BANK0   BANK1   BANK2
      Params:         0       0       0       0
      Locals:         1       0       0       0
      Temps:          1       0       0       0
      Totals:         2       0       0       0
Total ram usage:        2 bytes
 Hardware stack levels used:    1
 Hardware stack levels required when called:    2
 This function calls:
		Nothing
 This function is called by:
		_setLights_Initialization
		_setLights_Main
		_Lights_Control
		_getLights_Status
		_setLights_Trigger
		_getAll_Lights_Line
		_setLights_SwOn
		_setLights_SwOff
 This function uses a non-reentrant model


 *************** function _DetectSYSC_Signal *****************
 Defined at:
		line 50 in file "../src/SYSC_B1.c"
 Parameters:    Size  Location     Type
		None
 Auto vars:     Size  Location     Type
		None
 Return value:  Size  Location     Type
		None               void
 Registers used:
		status,2
 Tracked objects:
		On entry : 
		On exit  : 
		Unchanged: 
 Data sizes:     COMMON   BANK0   BANK1   BANK2
      Params:         0       0       0       0
      Locals:         0       0       0       0
      Temps:          0       0       0       0
      Totals:         0       0       0       0
Total ram usage:        0 bytes
 Hardware stack levels used:    1
 Hardware stack levels required when called:    2
 This function calls:
		Nothing
 This function is called by:
		_main
 This function uses a non-reentrant model


 *************** function _CDS_Main *****************
 Defined at:
		line 11 in file "../src/CDS_B1.c"
 Parameters:    Size  Location     Type
		None
 Auto vars:     Size  Location     Type
		None
 Return value:  Size  Location     Type
		None               void
 Registers used:
		wreg, status,2, status,0
 Tracked objects:
		On entry : 
		On exit  : 
		Unchanged: 
 Data sizes:     COMMON   BANK0   BANK1   BANK2
      Params:         0       0       0       0
      Locals:         0       0       0       0
      Temps:          0       3       0       0
      Totals:         0       3       0       0
Total ram usage:        3 bytes
 Hardware stack levels used:    1
 Hardware stack levels required when called:    2
 This function calls:
		Nothing
 This function is called by:
		_main
 This function uses a non-reentrant model


 *************** function _CDS_Initialization *****************
 Defined at:
		line 7 in file "../src/CDS_B1.c"
 Parameters:    Size  Location     Type
		None
 Auto vars:     Size  Location     Type
		None
 Return value:  Size  Location     Type
		None               void
 Registers used:
		None
 Tracked objects:
		On entry : 
		On exit  : 
		Unchanged: 
 Data sizes:     COMMON   BANK0   BANK1   BANK2
      Params:         0       0       0       0
      Locals:         0       0       0       0
      Temps:          0       0       0       0
      Totals:         0       0       0       0
Total ram usage:        0 bytes
 Hardware stack levels used:    1
 Hardware stack levels required when called:    2
 This function calls:
		Nothing
 This function is called by:
		_main
 This function uses a non-reentrant model


 *************** function _ISR *****************
 Defined at:
		line 116 in file "../src/MCU_B1.c"
 Parameters:    Size  Location     Type
		None
 Auto vars:     Size  Location     Type
		None
 Return value:  Size  Location     Type
		None               void
 Registers used:
		wreg, status,2, status,0, pclath, cstack
 Tracked objects:
		On entry : 
		On exit  : 
		Unchanged: 
 Data sizes:     COMMON   BANK0   BANK1   BANK2
      Params:         0       0       0       0
      Locals:         0       0       0       0
      Temps:          4       0       0       0
      Totals:         4       0       0       0
Total ram usage:        4 bytes
 Hardware stack levels used:    1
 Hardware stack levels required when called:    1
 This function calls:
		_TMR1_ISR
 This function is called by:
		Interrupt level 1
 This function uses a non-reentrant model


 *************** function _TMR1_ISR *****************
 Defined at:
		line 236 in file "../src/MCU_B1.c"
 Parameters:    Size  Location     Type
		None
 Auto vars:     Size  Location     Type
		None
 Return value:  Size  Location     Type
		None               void
 Registers used:
		wreg, status,2
 Tracked objects:
		On entry : 
		On exit  : 
		Unchanged: 
 Data sizes:     COMMON   BANK0   BANK1   BANK2
      Params:         0       0       0       0
      Locals:         0       0       0       0
      Temps:          0       0       0       0
      Totals:         0       0       0       0
Total ram usage:        0 bytes
 Hardware stack levels used:    1
 This function calls:
		Nothing
 This function is called by:
		_ISR
 This function uses a non-reentrant model



MODULE INFORMATION

Module		Function		Class		Link	Load	Size
../src/OverLoad_B1.c
		_getLoad_AD    		CODE           	0E7C	0000	92
		_getLoad_OK    		CODE           	0ADA	0000	8
		_Load_Initializ		CODE           	0A92	0000	3
		_Load_Main     		CODE           	0221	0000	490
		_setLoad_AH_AL_		CODE           	0BD0	0000	22

../src/OverLoad_B1.c estimated size: 615

../src/MCU_B1.c
		_Fosc_Set      		CODE           	0AAD	0000	5
		_IO_Set        		CODE           	0C2F	0000	26
		_WDT_Set       		CODE           	0B44	0000	14
		_WDT_Main      		CODE           	0B83	0000	17
		_ADC_Set       		CODE           	0ACB	0000	7
		_ISR           		CODE           	0BFD	0000	24
		_WDT_Clearing  		CODE           	0002	0000	2
		_Mcu_Initializa		CODE           	0B52	0000	15
		_getAD         		CODE           	0C7E	0000	28
		_TMR1_Set      		CODE           	0B36	0000	14
		_TMR1_ISR      		CODE           	0BBA	0000	22

../src/MCU_B1.c estimated size: 174

../src/LED_B1.c
		_setLED        		CODE           	0F35	0000	101
		_LED_Main      		CODE           	0A8F	0000	3
		_setLED_Initial		CODE           	07EE	0000	18
		_LedPointSelect		CODE           	0B94	0000	18
		_setPIRLED_Main		CODE           	077D	0000	113
		_LED_Initializa		CODE           	0AD2	0000	8

../src/LED_B1.c estimated size: 261

../src/SYSC_B1.c
		_setSYSC_Initia		CODE           	0AA9	0000	4
		_setSYSC_Main  		CODE           	0E3A	0000	66
		_SYSC_Initializ		CODE           	0A95	0000	3
		_SYSC_Main     		CODE           	0A98	0000	3
		_DetectSYSC_Sig		CODE           	0B1A	0000	14

../src/SYSC_B1.c estimated size: 90

../src/TriacRelay_B1.c
		_setLights     		CODE           	0706	0000	119
		_Lights_Initial		CODE           	0AA5	0000	4
		_getLights_Stat		CODE           	0B72	0000	17
		_setLights_SwOn		CODE           	0CDA	0000	37
		_setLights_Line		CODE           	0B28	0000	14
		_setLights_Main		CODE           	0D24	0000	48
		_getLight_LoadG		CODE           	0AB2	0000	6
		_setLights_Trig		CODE           	0C63	0000	27
		_LightsPointSel		CODE           	0AFB	0000	10
		_getAll_Lights_		CODE           	0B61	0000	17
		_Lights_Main   		CODE           	0C9A	0000	30
		_getLight_Load_		CODE           	0AB8	0000	6
		_setLights_SwOf		CODE           	0C15	0000	26
		_setLights_Init		CODE           	0AC4	0000	7
		_getLights_Allo		CODE           	0BE6	0000	23
		_Lights_Control		CODE           	0683	0000	131

../src/TriacRelay_B1.c estimated size: 522

../src/OverTemperature_B1.c
		_Temp_Initializ		CODE           	0A9B	0000	3
		_Temp_Main     		CODE           	0A9E	0000	3
		_setTemp_Initia		CODE           	0A8D	0000	1
		_getTemp_AD    		CODE           	0D88	0000	52
		_setTemp_Main  		CODE           	05FB	0000	136

../src/OverTemperature_B1.c estimated size: 195

C:\Program Files (x86)\Microchip\xc8\v1.32\sources\common\lwdiv.c
		___lwdiv       		CODE           	0DFA	0000	64

C:\Program Files (x86)\Microchip\xc8\v1.32\sources\common\lwdiv.c estimated size: 64

C:\Program Files (x86)\Microchip\xc8\v1.32\sources\common\awdiv.c
		___awdiv       		CODE           	0ED8	0000	93

C:\Program Files (x86)\Microchip\xc8\v1.32\sources\common\awdiv.c estimated size: 93

../src/Main_B1.c
		_Exception_Main		CODE           	0539	0000	194
		_my_MainTimer  		CODE           	0C49	0000	26
		_main          		CODE           	0F9A	0000	102
		_Timeout_Counte		CODE           	0BA6	0000	20
		_myMain_Initial		CODE           	0A8E	0000	1
		_getMain_All_Er		CODE           	0DBC	0000	62
		_set_TimeoutCle		CODE           	0ABE	0000	6
		_getMain_Lights		CODE           	0B05	0000	10
		_getMain_All_Li		CODE           	0AF2	0000	9

../src/Main_B1.c estimated size: 430

C:\Program Files (x86)\Microchip\xc8\v1.32\sources\common\Umul16.c
		___wmul        		CODE           	0CFF	0000	37

C:\Program Files (x86)\Microchip\xc8\v1.32\sources\common\Umul16.c estimated size: 37

shared
		__initializatio		CODE           	0013	0000	16

shared estimated size: 16

../src/PIR_B1.c
		_PIR_Main      		CODE           	0026	0000	507
		_getPIR_AD     		CODE           	040B	0000	302
		_PIR_Initializa		CODE           	0B0F	0000	11

../src/PIR_B1.c estimated size: 820

../src/CDS_B1.c
		_CDS_Initializa		CODE           	0AA1	0000	4
		_getCDS_AD     		CODE           	0CB8	0000	34
		_CDS_Main      		CODE           	0D54	0000	52
		_getCDS_Status 		CODE           	0AE2	0000	8

../src/CDS_B1.c estimated size: 98

