Microchip MPLAB XC8 Compiler V1.32 ()

Linker command line:

--edf=C:\Program Files (x86)\Microchip\xc8\v1.32\dat\en_msgs.txt -cs \
  -h+dist/default/production\2-1-3.PIR_Ceiling_thin.X.production.sym \
  --cmf=dist/default/production\2-1-3.PIR_Ceiling_thin.X.production.cmf -z \
  -Q16F723A -oC:\Users\taianluo\AppData\Local\Temp\s354.6 \
  -Mdist/default/production/2-1-3.PIR_Ceiling_thin.X.production.map -E1 \
  -ver=XC8 -ASTACK=0120h-012fh -pstack=STACK -ACONST=00h-0FFhx16 \
  -ACODE=00h-07FFhx2 -ASTRCODE=00h-0FFFh -AENTRY=00h-0FFhx16 \
  -ASTRING=00h-0FFhx16 -ACOMMON=070h-07Fh -ABANK0=020h-06Fh \
  -ABANK1=0A0h-0EFh -ABANK2=0120h-012Fh \
  -ARAM=020h-06Fh,0A0h-0EFh,0120h-012Fh \
  -AABS1=020h-07Fh,0A0h-0EFh,0120h-012Fh -ASFR0=00h-01Fh -ASFR1=080h-09Fh \
  -ASFR2=0100h-011Fh -ASFR3=0180h-01EFh \
  -preset_vec=00h,intentry=04h,init,end_init -ppowerup=CODE -pcinit=CODE \
  -pfunctab=CODE -ACONFIG=02007h-02008h -pconfig=CONFIG -DCONFIG=2 \
  -AIDLOC=02000h-02003h -pidloc=IDLOC -DIDLOC=2 -DCODE=2 -DSTRCODE=2 \
  -DSTRING=2 -DCONST=2 -DENTRY=2 -k \
  C:\Users\taianluo\AppData\Local\Temp\s354.obj \
  dist/default/production\2-1-3.PIR_Ceiling_thin.X.production.obj 

Object code version is 3.11

Machine type is 16F723A



                Name                               Link     Load   Length Selector   Space Scale
C:\Users\taianluo\AppData\Local\Temp\s354.obj
                end_init                             11       11        2        8       0
                reset_vec                             0        0        2        0       0
                config                             2007     2007        2     400E       0
dist/default/production\2-1-3.PIR_Ceiling_thin.X.production.obj
                cinit                                13       13       13        8       0
                intentry                              4        4        D        8       0
                text64                              C6F      C6F       16     18DE       0
                text63                              CB2      CB2       18     1964       0
                text62                              B44      B44        4     1688       0
                text61                              DF9      DF9       34     1BF2       0
                text60                              BBD      BBD        E     177A       0
                text59                              B9E      B9E        A     173C       0
                text58                              C04      C04       11     1808       0
                text57                              C15      C15       11     182A       0
                text56                              E2D      E2D       3E     1C5A       0
                text55                              C37      C37       12     186E       0
                text54                              79B      79B       65        8       0
                text53                              CFE      CFE       1B     19FC       0
                text52                              643      643       76        8       0
                text51                              C49      C49       12     1892       0
                text50                              B75      B75        8     16EA       0
                text49                              72A      72A       71        8       0
                text48                              B32      B32        3     1664       0
                text47                              B67      B67        7     16CE       0
                text46                              B48      B48        4     1690       0
                text45                              F3D      F3D       5D     1E7A       0
                text44                              5C0      5C0       83        8       0
                text43                              B95      B95        9     172A       0
                text42                              B7D      B7D        8     16FA       0
                text41                              C9B      C9B       17     1936       0
                text40                              BCB      BCB        E     1796       0
                text39                              EED      EED       50     1DDA       0
                text38                              DC9      DC9       30     1B92       0
                text37                              D35      D35       1E     1A6A       0
                text36                              C85      C85       16     190A       0
                text35                              B35      B35        3     166A       0
                text34                              E6B      E6B       40     1CD6       0
                text33                              D53      D53       25     1AA6       0
                text32                              B55      B55        6     16AA       0
                text31                              B5B      B5B        6     16B6       0
                text30                              BA8      BA8        A     1750       0
                text29                              21B      21B      1E7        8       0
                text28                              B6E      B6E        7     16DC       0
                text27                              B50      B50        5     16A0       0
                text26                              CCA      CCA       1A     1994       0
                text25                              BD9      BD9        E     17B2       0
                text24                              BE7      BE7        E     17CE       0
                text23                              BF5      BF5        F     17EA       0
                text22                              BB2      BB2        B     1764       0
                text21                              B85      B85        8     170A       0
                text20                               26       26      1F5        8       0
                text19                              B4C      B4C        4     1698       0
                text18                              B38      B38        3     1670       0
                text17                              EAB      EAB       42     1D56       0
                text16                              B3B      B3B        3     1676       0
                text15                              B30      B30        1     1660       0
                text14                              B3E      B3E        3     167C       0
                text13                              53A      53A       86        8       0
                text12                              B41      B41        3     1682       0
                text11                                2        2        2        0       0
                text10                              C26      C26       11     184C       0
                text9                               C5B      C5B       14     18B6       0
                text8                               B61      B61        6     16C2       0
                text7                               D19      D19       1C     1A32       0
                text6                               D9F      D9F       2A     1B3E       0
                text5                               6B9      6B9       71        8       0
                text4                               402      402      138        8       0
                text3                               D78      D78       27     1AF0       0
                text2                               B31      B31        1     1662       0
                text1                               CE4      CE4       1A     19C8       0
                maintext                            F9A      F9A       66     1F34       0
                cstackBANK0                          56       56       15       20       1
                cstackCOMMON                         70       70        6       70       1
                clrtext                             B8D      B8D        8     171A       0
                bssBANK1                             A0       A0       4F       A0       1
                bssBANK0                             20       20       36       20       1
                bssCOMMON                            76       76        4       70       1

TOTAL           Name                               Link     Load   Length     Space
        CLASS   STACK          

        CLASS   CONST          

        CLASS   CODE           
                end_init                             11       11        2         0
                cinit                                13       13       13         0
                intentry                              4        4        D         0
                reset_vec                             0        0        2         0
                text64                              C6F      C6F       16         0
                text63                              CB2      CB2       18         0
                text62                              B44      B44        4         0
                text61                              DF9      DF9       34         0
                text60                              BBD      BBD        E         0
                text59                              B9E      B9E        A         0
                text58                              C04      C04       11         0
                text57                              C15      C15       11         0
                text56                              E2D      E2D       3E         0
                text55                              C37      C37       12         0
                text54                              79B      79B       65         0
                text53                              CFE      CFE       1B         0
                text52                              643      643       76         0
                text51                              C49      C49       12         0
                text50                              B75      B75        8         0
                text49                              72A      72A       71         0
                text48                              B32      B32        3         0
                text47                              B67      B67        7         0
                text46                              B48      B48        4         0
                text45                              F3D      F3D       5D         0
                text44                              5C0      5C0       83         0
                text43                              B95      B95        9         0
                text42                              B7D      B7D        8         0
                text41                              C9B      C9B       17         0
                text40                              BCB      BCB        E         0
                text39                              EED      EED       50         0
                text38                              DC9      DC9       30         0
                text37                              D35      D35       1E         0
                text36                              C85      C85       16         0
                text35                              B35      B35        3         0
                text34                              E6B      E6B       40         0
                text33                              D53      D53       25         0
                text32                              B55      B55        6         0
                text31                              B5B      B5B        6         0
                text30                              BA8      BA8        A         0
                text29                              21B      21B      1E7         0
                text28                              B6E      B6E        7         0
                text27                              B50      B50        5         0
                text26                              CCA      CCA       1A         0
                text25                              BD9      BD9        E         0
                text24                              BE7      BE7        E         0
                text23                              BF5      BF5        F         0
                text22                              BB2      BB2        B         0
                text21                              B85      B85        8         0
                text20                               26       26      1F5         0
                text19                              B4C      B4C        4         0
                text18                              B38      B38        3         0
                text17                              EAB      EAB       42         0
                text16                              B3B      B3B        3         0
                text15                              B30      B30        1         0
                text14                              B3E      B3E        3         0
                text13                              53A      53A       86         0
                text12                              B41      B41        3         0
                text11                                2        2        2         0
                text10                              C26      C26       11         0
                text9                               C5B      C5B       14         0
                text8                               B61      B61        6         0
                text7                               D19      D19       1C         0
                text6                               D9F      D9F       2A         0
                text5                               6B9      6B9       71         0
                text4                               402      402      138         0
                text3                               D78      D78       27         0
                text2                               B31      B31        1         0
                text1                               CE4      CE4       1A         0
                maintext                            F9A      F9A       66         0
                clrtext                             B8D      B8D        8         0

        CLASS   STRCODE        

        CLASS   ENTRY          

        CLASS   STRING         

        CLASS   COMMON         
                cstackCOMMON                         70       70        6         1
                bssCOMMON                            76       76        4         1

        CLASS   BANK0          
                cstackBANK0                          56       56       15         1
                bssBANK0                             20       20       36         1

        CLASS   BANK1          
                bssBANK1                             A0       A0       4F         1

        CLASS   BANK2          

        CLASS   RAM            

        CLASS   ABS1           
                abs_s1                               7E       7E        2         1

        CLASS   SFR0           

        CLASS   SFR1           

        CLASS   SFR2           

        CLASS   SFR3           

        CLASS   CONFIG         
                config                             2007     2007        2         0

        CLASS   IDLOC          

        CLASS   BANK3          

        CLASS   EEDATA         



SEGMENTS        Name                           Load    Length   Top    Selector   Space  Class     Delta

                reset_vec                      000000  000004  000004         0       0  CODE        2
                intentry                       000004  0007FC  000800         8       0  CODE        2
                bssBANK0                       000020  00004B  00006B        20       1  BANK0       1
                cstackCOMMON                   000070  00000A  00007A        70       1  COMMON      1
                bssBANK1                       0000A0  00004F  0000EF        A0       1  BANK1       1
                text15                         000B30  000001  000B31      1660       0  CODE        2
                text2                          000B31  000001  000B32      1662       0  CODE        2
                text48                         000B32  000003  000B35      1664       0  CODE        2
                text35                         000B35  000003  000B38      166A       0  CODE        2
                text18                         000B38  000003  000B3B      1670       0  CODE        2
                text16                         000B3B  000003  000B3E      1676       0  CODE        2
                text14                         000B3E  000003  000B41      167C       0  CODE        2
                text12                         000B41  000003  000B44      1682       0  CODE        2
                text62                         000B44  000004  000B48      1688       0  CODE        2
                text46                         000B48  000004  000B4C      1690       0  CODE        2
                text19                         000B4C  000004  000B50      1698       0  CODE        2
                text27                         000B50  000005  000B55      16A0       0  CODE        2
                text32                         000B55  000006  000B5B      16AA       0  CODE        2
                text31                         000B5B  000006  000B61      16B6       0  CODE        2
                text8                          000B61  000006  000B67      16C2       0  CODE        2
                text47                         000B67  000007  000B6E      16CE       0  CODE        2
                text28                         000B6E  000007  000B75      16DC       0  CODE        2
                text50                         000B75  000008  000B7D      16EA       0  CODE        2
                text42                         000B7D  000008  000B85      16FA       0  CODE        2
                text21                         000B85  000008  000B8D      170A       0  CODE        2
                clrtext                        000B8D  000008  000B95      171A       0  CODE        2
                text43                         000B95  000009  000B9E      172A       0  CODE        2
                text59                         000B9E  00000A  000BA8      173C       0  CODE        2
                text30                         000BA8  00000A  000BB2      1750       0  CODE        2
                text22                         000BB2  00000B  000BBD      1764       0  CODE        2
                text60                         000BBD  00000E  000BCB      177A       0  CODE        2
                text40                         000BCB  00000E  000BD9      1796       0  CODE        2
                text25                         000BD9  00000E  000BE7      17B2       0  CODE        2
                text24                         000BE7  00000E  000BF5      17CE       0  CODE        2
                text23                         000BF5  00000F  000C04      17EA       0  CODE        2
                text58                         000C04  000011  000C15      1808       0  CODE        2
                text57                         000C15  000011  000C26      182A       0  CODE        2
                text10                         000C26  000011  000C37      184C       0  CODE        2
                text55                         000C37  000012  000C49      186E       0  CODE        2
                text51                         000C49  000012  000C5B      1892       0  CODE        2
                text9                          000C5B  000014  000C6F      18B6       0  CODE        2
                text64                         000C6F  000016  000C85      18DE       0  CODE        2
                text36                         000C85  000016  000C9B      190A       0  CODE        2
                text41                         000C9B  000017  000CB2      1936       0  CODE        2
                text63                         000CB2  000018  000CCA      1964       0  CODE        2
                text26                         000CCA  00001A  000CE4      1994       0  CODE        2
                text1                          000CE4  00001A  000CFE      19C8       0  CODE        2
                text53                         000CFE  00001B  000D19      19FC       0  CODE        2
                text7                          000D19  00001C  000D35      1A32       0  CODE        2
                text37                         000D35  00001E  000D53      1A6A       0  CODE        2
                text33                         000D53  000025  000D78      1AA6       0  CODE        2
                text3                          000D78  000027  000D9F      1AF0       0  CODE        2
                text6                          000D9F  00002A  000DC9      1B3E       0  CODE        2
                text38                         000DC9  000030  000DF9      1B92       0  CODE        2
                text61                         000DF9  000034  000E2D      1BF2       0  CODE        2
                text56                         000E2D  00003E  000E6B      1C5A       0  CODE        2
                text34                         000E6B  000040  000EAB      1CD6       0  CODE        2
                text17                         000EAB  000042  000EED      1D56       0  CODE        2
                text39                         000EED  000050  000F3D      1DDA       0  CODE        2
                text45                         000F3D  00005D  000F9A      1E7A       0  CODE        2
                maintext                       000F9A  000066  001000      1F34       0  CODE        2
                config                         002007  000002  002009      400E       0  CONFIG      2


UNUSED ADDRESS RANGES

        Name                Unused          Largest block    Delta
        BANK0            006B-006F              5           1
        BANK1            00EF-00EF              1           1
        BANK2            0120-012F             10           1
        CODE             0800-0B2F            330           2
        COMMON           007A-007D              4           1
        CONST            0800-0B2F            100           2
        ENTRY            0800-0B2F            100           2
        IDLOC            2000-2003              4           2
        RAM              006B-006F              5           1
                         00EF-00EF              1
                         0120-012F             10
        SFR0             0000-001F             20           1
        SFR1             0080-009F             20           1
        SFR2             0100-011F             20           1
        SFR3             0180-01EF             70           1
        STACK            0120-012F             10           1
        STRCODE          0800-0B2F            330           2
        STRING           0800-0B2F            100           2

                                  Symbol Table

?___awdiv                           cstackBANK0  0056
?___lwdiv                           cstackBANK0  0056
?___wmul                            cstackBANK0  0056
Exception_Main@count                cstackBANK0  005E
Exception_Main@error                cstackBANK0  0062
Exception_Main@i                    cstackBANK0  0060
Exception_Main@lights               cstackBANK0  005D
Exception_Main@status               cstackBANK0  005F
LedPointSelect@led                  cstackCOMMON 0075
LightsPointSelect@lights            cstackCOMMON 0075
Lights_Control@lights               cstackBANK0  0060
Load_Main@Load_Status               cstackBANK0  0060
Load_Main@error                     cstackBANK0  005F
Load_Main@i                         cstackBANK0  0061
PIR_Main@LightsStatus               cstackBANK0  0065
PIR_Main@cds                        cstackBANK0  0064
PIR_Main@error                      cstackBANK0  0061
_ADCON0                             (abs)        001F
_ADCON1                             (abs)        009F
_ADC_Set                            text28       0B6E
_ADRES                              (abs)        001E
_ANSELA                             (abs)        0185
_ANSELB                             (abs)        0186
_CDS_Initialization                 text62       0B44
_CDS_Main                           text61       0DF9
_Cmd                                bssBANK0     0039
_DetectSYSC_Signal                  text60       0BBD
_Exception_Main                     text52       0643
_FVRCON                             (abs)        009D
_Fosc_Set                           text27       0B50
_GIE                                (abs)        005F
_GO_nDONE                           (abs)        00F9
_IO_Set                             text26       0CCA
_ISR                                text63       0CB2
_LED                                bssCOMMON    0076
_LED_Initialization                 text50       0B75
_LED_Main                           text48       0B32
_LedPointSelect                     text55       0C37
_Light                              bssCOMMON    0077
_Lights                             bssCOMMON    0078
_Lights1                            bssBANK0     0047
_LightsControl                      bssCOMMON    0079
_LightsPointSelect                  text59       0B9E
_Lights_Control                     text44       05C0
_Lights_Initialization              text46       0B48
_Lights_Main                        text37       0D35
_Load                               bssBANK1     00CE
_Load_Initialization                text35       0B35
_Load_Main                          text29       021B
_Mcu_Initialization                 text23       0BF5
_OSCCON                             (abs)        0090
_PEIE                               (abs)        005E
_PIRLED                             bssBANK0     0030
_PIR_Initialization                 text22       0BB2
_PIR_Main                           text20       0026
_PIR_Main$3109                      cstackBANK0  0062
_PORTA                              (abs)        0005
_PORTB                              (abs)        0006
_PORTC                              (abs)        0007
_PS0                                (abs)        0408
_PS1                                (abs)        0409
_PS2                                (abs)        040A
_PSA                                (abs)        040B
_RA5                                (abs)        002D
_RA6                                (abs)        002E
_RA7                                (abs)        002F
_RB2                                (abs)        0032
_RB3                                (abs)        0033
_SYSC                               bssBANK0     0026
_SYSC_Initialization                text18       0B38
_SYSC_Main                          text16       0B3B
_SwDetect                           bssBANK0     003A
_T1CON                              (abs)        0010
_TMR1H                              (abs)        000F
_TMR1IE                             (abs)        0460
_TMR1IF                             (abs)        0060
_TMR1L                              (abs)        000E
_TMR1_ISR                           text64       0C6F
_TMR1_Set                           text25       0BD9
_TRISA                              (abs)        0085
_TRISB                              (abs)        0086
_TRISC                              (abs)        0087
_Temp                               bssBANK0     003B
_Temp_Initialization                text14       0B3E
_Temp_Main                          text12       0B41
_Timeout_Counter                    text9        0C5B
_Timer1                             bssBANK0     0034
_VarLED1                            bssBANK0     004E
_VarLED2                            bssBANK0     0052
_WDT                                bssBANK0     0037
_WDT_Clearing                       text11       0002
_WDT_Main                           text10       0C26
_WDT_Set                            text24       0BE7
_WPUB                               (abs)        0095
__CDS                               bssBANK0     002B
__CFG_BOREN$OFF                     (abs)        0000
__CFG_FOSC$INTOSCIO                 (abs)        0000
__CFG_PLLEN$ON                      (abs)        0000
__CFG_VCAPEN$DIS                    (abs)        0000
__CFG_WDTE$ON                       (abs)        0000
__Habs1                             abs1         0000
__Hbank0                            bank0        0000
__Hbank1                            bank1        0000
__Hbank2                            bank2        0000
__Hbank3                            bank3        0000
__HbssBANK0                         bssBANK0     0000
__HbssBANK1                         bssBANK1     0000
__HbssCOMMON                        bssCOMMON    0000
__Hcinit                            cinit        0026
__Hclrtext                          clrtext      0000
__Hcode                             code         0000
__Hcommon                           common       0000
__Hconfig                           config       2009
__HcstackBANK0                      cstackBANK0  0000
__HcstackCOMMON                     cstackCOMMON 0000
__Heeprom_data                      eeprom_data  0000
__Hend_init                         end_init     0013
__Hfunctab                          functab      0000
__Hidloc                            idloc        0000
__Hinit                             init         0011
__Hintentry                         intentry     0011
__Hmaintext                         maintext     0000
__Hpowerup                          powerup      0000
__Hram                              ram          0000
__Hreset_vec                        reset_vec    0002
__Hsfr0                             sfr0         0000
__Hsfr1                             sfr1         0000
__Hsfr2                             sfr2         0000
__Hsfr3                             sfr3         0000
__Hspace_0                          (abs)        2009
__Hspace_1                          (abs)        00EF
__Hspace_2                          (abs)        0000
__Hspace_3                          (abs)        0000
__Hstack                            stack        0000
__Hstrings                          strings      0000
__Htext                             text         0000
__Labs1                             abs1         0000
__Lbank0                            bank0        0000
__Lbank1                            bank1        0000
__Lbank2                            bank2        0000
__Lbank3                            bank3        0000
__LbssBANK0                         bssBANK0     0000
__LbssBANK1                         bssBANK1     0000
__LbssCOMMON                        bssCOMMON    0000
__Lcinit                            cinit        0013
__Lclrtext                          clrtext      0000
__Lcode                             code         0000
__Lcommon                           common       0000
__Lconfig                           config       2007
__LcstackBANK0                      cstackBANK0  0000
__LcstackCOMMON                     cstackCOMMON 0000
__Leeprom_data                      eeprom_data  0000
__Lend_init                         end_init     0011
__Lfunctab                          functab      0000
__Lidloc                            idloc        0000
__Linit                             init         0011
__Lintentry                         intentry     0004
__Lmaintext                         maintext     0000
__Lpowerup                          powerup      0000
__Lram                              ram          0000
__Lreset_vec                        reset_vec    0000
__Lsfr0                             sfr0         0000
__Lsfr1                             sfr1         0000
__Lsfr2                             sfr2         0000
__Lsfr3                             sfr3         0000
__Lspace_0                          (abs)        0000
__Lspace_1                          (abs)        0000
__Lspace_2                          (abs)        0000
__Lspace_3                          (abs)        0000
__Lstack                            stack        0000
__Lstrings                          strings      0000
__Ltext                             text         0000
__PIR                               bssBANK1     00A0
__S0                                (abs)        2009
__S1                                (abs)        00EF
__S2                                (abs)        0000
___awdiv                            text45       0F3D
___awdiv@counter                    cstackBANK0  005A
___awdiv@dividend                   cstackBANK0  0058
___awdiv@divisor                    cstackBANK0  0056
___awdiv@quotient                   cstackBANK0  005C
___awdiv@sign                       cstackBANK0  005B
___int_sp                           stack        0000
___latbits                          (abs)        0001
___lwdiv                            text34       0E6B
___lwdiv@counter                    cstackBANK0  005A
___lwdiv@dividend                   cstackBANK0  0058
___lwdiv@divisor                    cstackBANK0  0056
___lwdiv@quotient                   cstackBANK0  005B
___sp                               stack        0000
___wmul                             text33       0D53
___wmul@multiplicand                cstackBANK0  0058
___wmul@multiplier                  cstackBANK0  0056
___wmul@product                     cstackCOMMON 0074
__end_of_ADC_Set                    text28       0B75
__end_of_CDS_Initialization         text62       0B48
__end_of_CDS_Main                   text61       0E2D
__end_of_DetectSYSC_Signal          text60       0BCB
__end_of_Exception_Main             text52       06B9
__end_of_Fosc_Set                   text27       0B55
__end_of_IO_Set                     text26       0CE4
__end_of_ISR                        text63       0CCA
__end_of_LED_Initialization         text50       0B7D
__end_of_LED_Main                   text48       0B35
__end_of_LedPointSelect             text55       0C49
__end_of_LightsPointSelect          text59       0BA8
__end_of_Lights_Control             text44       0643
__end_of_Lights_Initialization      text46       0B4C
__end_of_Lights_Main                text37       0D53
__end_of_Load_Initialization        text35       0B38
__end_of_Load_Main                  text29       0402
__end_of_Mcu_Initialization         text23       0C04
__end_of_PIR_Initialization         text22       0BBD
__end_of_PIR_Main                   text20       021B
__end_of_SYSC_Initialization        text18       0B3B
__end_of_SYSC_Main                  text16       0B3E
__end_of_TMR1_ISR                   text64       0C85
__end_of_TMR1_Set                   text25       0BE7
__end_of_Temp_Initialization        text14       0B41
__end_of_Temp_Main                  text12       0B44
__end_of_Timeout_Counter            text9        0C6F
__end_of_WDT_Clearing               text11       0004
__end_of_WDT_Main                   text10       0C37
__end_of_WDT_Set                    text24       0BF5
__end_of___awdiv                    text45       0F9A
__end_of___lwdiv                    text34       0EAB
__end_of___wmul                     text33       0D78
__end_of__initialization            cinit        0023
__end_of_getAD                      text7        0D35
__end_of_getAll_Lights_Line         text58       0C15
__end_of_getCDS_AD                  text6        0DC9
__end_of_getCDS_Status              text21       0B8D
__end_of_getLight_LoadGO            text32       0B5B
__end_of_getLight_Load_Status       text31       0B61
__end_of_getLights_Allow_Condition  text41       0CB2
__end_of_getLights_Status           text57       0C26
__end_of_getLoad_AD                 text5        072A
__end_of_getLoad_OK                 text42       0B85
__end_of_getMain_All_Error_Status   text56       0E6B
__end_of_getMain_All_LightsStatus   text43       0B9E
__end_of_getMain_Lights_Count       text30       0BB2
__end_of_getPIR_AD                  text4        053A
__end_of_getTemp_AD                 text3        0D9F
__end_of_main                       maintext     1000
__end_of_myMain_Initialization      text2        0B32
__end_of_my_MainTimer               text1        0CFE
__end_of_setLED                     text54       0800
__end_of_setLED_Initialization      text51       0C5B
__end_of_setLights                  text39       0F3D
__end_of_setLights_Initialization   text47       0B6E
__end_of_setLights_Line             text40       0BD9
__end_of_setLights_Main             text38       0DF9
__end_of_setLights_Trigger          text53       0D19
__end_of_setLoad_AH_AL_Restore      text36       0C9B
__end_of_setPIRLED_Main             text49       079B
__end_of_setSYSC_Initialization     text19       0B50
__end_of_setSYSC_Main               text17       0EED
__end_of_setTemp_Initialization     text15       0B31
__end_of_setTemp_Main               text13       05C0
__end_of_set_TimeoutCleared         text8        0B67
__initialization                    cinit        0013
__pbssBANK0                         bssBANK0     0020
__pbssBANK1                         bssBANK1     00A0
__pbssCOMMON                        bssCOMMON    0076
__pcstackBANK0                      cstackBANK0  0056
__pcstackCOMMON                     cstackCOMMON 0070
__pintentry                         intentry     0004
__pmaintext                         maintext     0F9A
__ptext0                            text0        0000
__ptext1                            text1        0CE4
__ptext10                           text10       0C26
__ptext11                           text11       0002
__ptext12                           text12       0B41
__ptext13                           text13       053A
__ptext14                           text14       0B3E
__ptext15                           text15       0B30
__ptext16                           text16       0B3B
__ptext17                           text17       0EAB
__ptext18                           text18       0B38
__ptext19                           text19       0B4C
__ptext2                            text2        0B31
__ptext20                           text20       0026
__ptext21                           text21       0B85
__ptext22                           text22       0BB2
__ptext23                           text23       0BF5
__ptext24                           text24       0BE7
__ptext25                           text25       0BD9
__ptext26                           text26       0CCA
__ptext27                           text27       0B50
__ptext28                           text28       0B6E
__ptext29                           text29       021B
__ptext3                            text3        0D78
__ptext30                           text30       0BA8
__ptext31                           text31       0B5B
__ptext32                           text32       0B55
__ptext33                           text33       0D53
__ptext34                           text34       0E6B
__ptext35                           text35       0B35
__ptext36                           text36       0C85
__ptext37                           text37       0D35
__ptext38                           text38       0DC9
__ptext39                           text39       0EED
__ptext4                            text4        0402
__ptext40                           text40       0BCB
__ptext41                           text41       0C9B
__ptext42                           text42       0B7D
__ptext43                           text43       0B95
__ptext44                           text44       05C0
__ptext45                           text45       0F3D
__ptext46                           text46       0B48
__ptext47                           text47       0B67
__ptext48                           text48       0B32
__ptext49                           text49       072A
__ptext5                            text5        06B9
__ptext50                           text50       0B75
__ptext51                           text51       0C49
__ptext52                           text52       0643
__ptext53                           text53       0CFE
__ptext54                           text54       079B
__ptext55                           text55       0C37
__ptext56                           text56       0E2D
__ptext57                           text57       0C15
__ptext58                           text58       0C04
__ptext59                           text59       0B9E
__ptext6                            text6        0D9F
__ptext60                           text60       0BBD
__ptext61                           text61       0DF9
__ptext62                           text62       0B44
__ptext63                           text63       0CB2
__ptext64                           text64       0C6F
__ptext7                            text7        0D19
__ptext8                            text8        0B61
__ptext9                            text9        0C5B
__size_of_ADC_Set                   (abs)        0000
__size_of_CDS_Initialization        (abs)        0000
__size_of_CDS_Main                  (abs)        0000
__size_of_DetectSYSC_Signal         (abs)        0000
__size_of_Exception_Main            (abs)        0000
__size_of_Fosc_Set                  (abs)        0000
__size_of_IO_Set                    (abs)        0000
__size_of_ISR                       (abs)        0000
__size_of_LED_Initialization        (abs)        0000
__size_of_LED_Main                  (abs)        0000
__size_of_LedPointSelect            (abs)        0000
__size_of_LightsPointSelect         (abs)        0000
__size_of_Lights_Control            (abs)        0000
__size_of_Lights_Initialization     (abs)        0000
__size_of_Lights_Main               (abs)        0000
__size_of_Load_Initialization       (abs)        0000
__size_of_Load_Main                 (abs)        0000
__size_of_Mcu_Initialization        (abs)        0000
__size_of_PIR_Initialization        (abs)        0000
__size_of_PIR_Main                  (abs)        0000
__size_of_SYSC_Initialization       (abs)        0000
__size_of_SYSC_Main                 (abs)        0000
__size_of_TMR1_ISR                  (abs)        0000
__size_of_TMR1_Set                  (abs)        0000
__size_of_Temp_Initialization       (abs)        0000
__size_of_Temp_Main                 (abs)        0000
__size_of_Timeout_Counter           (abs)        0000
__size_of_WDT_Clearing              (abs)        0000
__size_of_WDT_Main                  (abs)        0000
__size_of_WDT_Set                   (abs)        0000
__size_of___awdiv                   (abs)        0000
__size_of___lwdiv                   (abs)        0000
__size_of___wmul                    (abs)        0000
__size_of_getAD                     (abs)        0000
__size_of_getAll_Lights_Line        (abs)        0000
__size_of_getCDS_AD                 (abs)        0000
__size_of_getCDS_Status             (abs)        0000
__size_of_getLight_LoadGO           (abs)        0000
__size_of_getLight_Load_Status      (abs)        0000
__size_of_getLights_Allow_Condition (abs)        0000
__size_of_getLights_Status          (abs)        0000
__size_of_getLoad_AD                (abs)        0000
__size_of_getLoad_OK                (abs)        0000
__size_of_getMain_All_Error_Status  (abs)        0000
__size_of_getMain_All_LightsStatus  (abs)        0000
__size_of_getMain_Lights_Count      (abs)        0000
__size_of_getPIR_AD                 (abs)        0000
__size_of_getTemp_AD                (abs)        0000
__size_of_main                      (abs)        0000
__size_of_myMain_Initialization     (abs)        0000
__size_of_my_MainTimer              (abs)        0000
__size_of_setLED                    (abs)        0000
__size_of_setLED_Initialization     (abs)        0000
__size_of_setLights                 (abs)        0000
__size_of_setLights_Initialization  (abs)        0000
__size_of_setLights_Line            (abs)        0000
__size_of_setLights_Main            (abs)        0000
__size_of_setLights_Trigger         (abs)        0000
__size_of_setLoad_AH_AL_Restore     (abs)        0000
__size_of_setPIRLED_Main            (abs)        0000
__size_of_setSYSC_Initialization    (abs)        0000
__size_of_setSYSC_Main              (abs)        0000
__size_of_setTemp_Initialization    (abs)        0000
__size_of_setTemp_Main              (abs)        0000
__size_of_set_TimeoutCleared        (abs)        0000
_getAD                              text7        0D19
_getAll_Lights_Line                 text58       0C04
_getCDS_AD                          text6        0D9F
_getCDS_Status                      text21       0B85
_getLight_LoadGO                    text32       0B55
_getLight_Load_Status               text31       0B5B
_getLights_Allow_Condition          text41       0C9B
_getLights_Allow_Condition$4605     cstackBANK0  0057
_getLights_Status                   text57       0C15
_getLoad_AD                         text5        06B9
_getLoad_OK                         text42       0B7D
_getMain_All_Error_Status           text56       0E2D
_getMain_All_Error_Status$2327      cstackBANK0  0056
_getMain_All_Error_Status$2328      cstackBANK0  0058
_getMain_All_LightsStatus           text43       0B95
_getMain_Lights_Count               text30       0BA8
_getPIR_AD                          text4        0402
_getTemp_AD                         text3        0D78
_main                               maintext     0F9A
_myMain                             bssBANK0     0020
_myMain_Initialization              text2        0B31
_my_MainTimer                       text1        0CE4
_setLED                             text54       079B
_setLED_Initialization              text51       0C49
_setLights                          text39       0EED
_setLights_Initialization           text47       0B67
_setLights_Line                     text40       0BCB
_setLights_Main                     text38       0DC9
_setLights_Trigger                  text53       0CFE
_setLoad_AH_AL_Restore              text36       0C85
_setPIRLED_Main                     text49       072A
_setSYSC_Initialization             text19       0B4C
_setSYSC_Main                       text17       0EAB
_setTemp_Initialization             text15       0B30
_setTemp_Main                       text13       053A
_set_TimeoutCleared                 text8        0B61
btemp                               (abs)        007E
clear_ram0                          clrtext      0B8D
end_of_initialization               cinit        0023
getAD@adcon0                        cstackCOMMON 0075
getAD@adcon1                        cstackCOMMON 0074
getAll_Lights_Line@line             cstackBANK0  0056
getCDS_AD@channel1                  cstackBANK0  005B
getCDS_AD@channel2                  cstackBANK0  0056
getCDS_AD@i                         cstackBANK0  0059
getCDS_AD@j                         cstackBANK0  005A
getCDS_Status@status                cstackCOMMON 0074
getLight_LoadGO@loadgo              cstackCOMMON 0074
getLight_Load_Status@loadstatus     cstackCOMMON 0074
getLights_Allow_Condition@allow     cstackBANK0  0056
getLights_Status@lights             cstackBANK0  0056
getLights_Status@status             cstackBANK0  0057
getLoad_AD@channel                  cstackBANK0  0058
getLoad_AD@i                        cstackBANK0  005B
getLoad_AD@j                        cstackBANK0  005A
getLoad_AD@k                        cstackBANK0  0059
getLoad_OK@ok                       cstackCOMMON 0074
getMain_All_Error_Status@command    cstackBANK0  005A
getMain_All_Error_Status@status     cstackBANK0  005B
getMain_All_LightsStatus@status     cstackCOMMON 0074
getMain_Lights_Count@count          cstackCOMMON 0074
getMain_Lights_Count@status1        cstackCOMMON 0075
getPIR_AD@channel1                  cstackBANK0  0063
getPIR_AD@channel2                  cstackBANK0  005E
getPIR_AD@i                         cstackBANK0  0064
getPIR_AD@j                         cstackBANK0  0062
getTemp_AD@channel                  cstackBANK0  0058
interrupt_function                  intentry     0004
intlevel0                           functab      0000
intlevel1                           functab      0000
intlevel2                           functab      0000
intlevel3                           functab      0000
intlevel4                           functab      0000
intlevel5                           functab      0000
ltemp                               (abs)        007E
ltemp0                              (abs)        007E
ltemp1                              (abs)        0082
ltemp2                              (abs)        0086
ltemp3                              (abs)        0080
reset_vec                           reset_vec    0000
saved_w                             (abs)        007E
setLED@command                      cstackBANK0  0056
setLED@led                          cstackBANK0  0057
setLED_Initialization@led           cstackBANK0  0058
setLights@lights                    cstackBANK0  0057
setLights@status                    cstackCOMMON 0075
setLights_Initialization@lights     cstackBANK0  0056
setLights_Line@lights               cstackCOMMON 0074
setLights_Main@lights               cstackBANK0  0058
setLights_Trigger@command           cstackBANK0  0056
setLights_Trigger@lights            cstackBANK0  0058
setLoad_AH_AL_Restore@i             cstackCOMMON 0075
setPIRLED_Main@count                cstackBANK0  0059
setTemp_Main@error                  cstackBANK0  005E
stackhi                             (abs)        0000
stacklo                             (abs)        0000
start                               init         0011
start_initialization                cinit        0013
ttemp                               (abs)        007E
ttemp0                              (abs)        007E
ttemp1                              (abs)        0081
ttemp2                              (abs)        0084
ttemp3                              (abs)        0087
ttemp4                              (abs)        007F
wtemp                               (abs)        007E
wtemp0                              (abs)        007E
wtemp1                              (abs)        0080
wtemp2                              (abs)        0082
wtemp3                              (abs)        0084
wtemp4                              (abs)        0086
wtemp5                              (abs)        0088
wtemp6                              (abs)        007F


FUNCTION INFORMATION:

 *************** function _main *****************
 Defined at:
		line 7 in file "../src/Main_B1.c"
 Parameters:    Size  Location     Type
  argc            2   16[BANK0 ] int 
  argv            2   18[BANK0 ] PTR PTR unsigned char 
 Auto vars:     Size  Location     Type
		None
 Return value:  Size  Location     Type
                  2   16[BANK0 ] int 
 Registers used:
		wreg, fsr0l, fsr0h, status,2, status,0, btemp+1, pclath, cstack
 Tracked objects:
		On entry : 
		On exit  : 
		Unchanged: 
 Data sizes:     COMMON   BANK0   BANK1   BANK2
      Params:         0       4       0       0
      Locals:         0       0       0       0
      Temps:          0       1       0       0
      Totals:         0       5       0       0
Total ram usage:        5 bytes
 Hardware stack levels required when called:    6
 This function calls:
		_CDS_Initialization
		_CDS_Main
		_DetectSYSC_Signal
		_Exception_Main
		_LED_Initialization
		_LED_Main
		_Lights_Initialization
		_Lights_Main
		_Load_Initialization
		_Load_Main
		_Mcu_Initialization
		_PIR_Initialization
		_PIR_Main
		_SYSC_Initialization
		_SYSC_Main
		_Temp_Initialization
		_Temp_Main
		_WDT_Main
		_getCDS_AD
		_getLoad_AD
		_getPIR_AD
		_getTemp_AD
		_myMain_Initialization
		_my_MainTimer
 This function is called by:
		Startup code after reset
 This function uses a non-reentrant model


 *************** function _my_MainTimer *****************
 Defined at:
		line 185 in file "../src/Main_B1.c"
 Parameters:    Size  Location     Type
		None
 Auto vars:     Size  Location     Type
		None
 Return value:  Size  Location     Type
		None               void
 Registers used:
		wreg, status,2, status,0
 Tracked objects:
		On entry : 
		On exit  : 
		Unchanged: 
 Data sizes:     COMMON   BANK0   BANK1   BANK2
      Params:         0       0       0       0
      Locals:         0       0       0       0
      Temps:          1       0       0       0
      Totals:         1       0       0       0
Total ram usage:        1 bytes
 Hardware stack levels used:    1
 Hardware stack levels required when called:    2
 This function calls:
		Nothing
 This function is called by:
		_main
 This function uses a non-reentrant model


 *************** function _myMain_Initialization *****************
 Defined at:
		line 170 in file "../src/Main_B1.c"
 Parameters:    Size  Location     Type
		None
 Auto vars:     Size  Location     Type
		None
 Return value:  Size  Location     Type
		None               void
 Registers used:
		None
 Tracked objects:
		On entry : 
		On exit  : 
		Unchanged: 
 Data sizes:     COMMON   BANK0   BANK1   BANK2
      Params:         0       0       0       0
      Locals:         0       0       0       0
      Temps:          0       0       0       0
      Totals:         0       0       0       0
Total ram usage:        0 bytes
 Hardware stack levels used:    1
 Hardware stack levels required when called:    2
 This function calls:
		Nothing
 This function is called by:
		_main
 This function uses a non-reentrant model


 *************** function _getTemp_AD *****************
 Defined at:
		line 15 in file "../src/OverTemperature_B1.c"
 Parameters:    Size  Location     Type
  channel         1    wreg     unsigned char 
 Auto vars:     Size  Location     Type
  channel         1    2[BANK0 ] unsigned char 
 Return value:  Size  Location     Type
		None               void
 Registers used:
		wreg, status,2, status,0, pclath, cstack
 Tracked objects:
		On entry : 
		On exit  : 
		Unchanged: 
 Data sizes:     COMMON   BANK0   BANK1   BANK2
      Params:         0       0       0       0
      Locals:         0       1       0       0
      Temps:          0       2       0       0
      Totals:         0       3       0       0
Total ram usage:        3 bytes
 Hardware stack levels used:    1
 Hardware stack levels required when called:    4
 This function calls:
		_getAD
 This function is called by:
		_main
 This function uses a non-reentrant model


 *************** function _getPIR_AD *****************
 Defined at:
		line 299 in file "../src/PIR_B1.c"
 Parameters:    Size  Location     Type
  channel1        1    wreg     unsigned char 
  channel2        1    8[BANK0 ] unsigned char 
 Auto vars:     Size  Location     Type
  channel1        1   13[BANK0 ] unsigned char 
  i               1   14[BANK0 ] unsigned char 
  j               1   12[BANK0 ] unsigned char 
 Return value:  Size  Location     Type
		None               void
 Registers used:
		wreg, fsr0l, fsr0h, status,2, status,0, pclath, cstack
 Tracked objects:
		On entry : 
		On exit  : 
		Unchanged: 
 Data sizes:     COMMON   BANK0   BANK1   BANK2
      Params:         0       1       0       0
      Locals:         0       3       0       0
      Temps:          0       3       0       0
      Totals:         0       7       0       0
Total ram usage:        7 bytes
 Hardware stack levels used:    1
 Hardware stack levels required when called:    4
 This function calls:
		___awdiv
		___lwdiv
		_getAD
 This function is called by:
		_main
 This function uses a non-reentrant model


 *************** function _getLoad_AD *****************
 Defined at:
		line 15 in file "../src/OverLoad_B1.c"
 Parameters:    Size  Location     Type
  channel         1    wreg     unsigned char 
 Auto vars:     Size  Location     Type
  channel         1    2[BANK0 ] unsigned char 
  i               1    5[BANK0 ] unsigned char 
  j               1    4[BANK0 ] unsigned char 
  k               1    3[BANK0 ] unsigned char 
 Return value:  Size  Location     Type
		None               void
 Registers used:
		wreg, fsr0l, fsr0h, status,2, status,0, pclath, cstack
 Tracked objects:
		On entry : 
		On exit  : 
		Unchanged: 
 Data sizes:     COMMON   BANK0   BANK1   BANK2
      Params:         0       0       0       0
      Locals:         0       4       0       0
      Temps:          0       2       0       0
      Totals:         0       6       0       0
Total ram usage:        6 bytes
 Hardware stack levels used:    1
 Hardware stack levels required when called:    4
 This function calls:
		_getAD
 This function is called by:
		_main
 This function uses a non-reentrant model


 *************** function _getCDS_AD *****************
 Defined at:
		line 48 in file "../src/CDS_B1.c"
 Parameters:    Size  Location     Type
  channel1        1    wreg     unsigned char 
  channel2        1    0[BANK0 ] unsigned char 
 Auto vars:     Size  Location     Type
  channel1        1    5[BANK0 ] unsigned char 
  j               1    4[BANK0 ] unsigned char 
  i               1    3[BANK0 ] unsigned char 
 Return value:  Size  Location     Type
		None               void
 Registers used:
		wreg, status,2, status,0, pclath, cstack
 Tracked objects:
		On entry : 
		On exit  : 
		Unchanged: 
 Data sizes:     COMMON   BANK0   BANK1   BANK2
      Params:         0       1       0       0
      Locals:         0       3       0       0
      Temps:          0       2       0       0
      Totals:         0       6       0       0
Total ram usage:        6 bytes
 Hardware stack levels used:    1
 Hardware stack levels required when called:    4
 This function calls:
		_getAD
 This function is called by:
		_main
 This function uses a non-reentrant model


 *************** function _getAD *****************
 Defined at:
		line 432 in file "../src/MCU_B1.c"
 Parameters:    Size  Location     Type
  adcon0          1    wreg     unsigned char 
  adcon1          1    4[COMMON] unsigned char 
 Auto vars:     Size  Location     Type
  adcon0          1    5[COMMON] unsigned char 
 Return value:  Size  Location     Type
                  1    wreg      unsigned char 
 Registers used:
		wreg, status,2, status,0, pclath, cstack
 Tracked objects:
		On entry : 
		On exit  : 
		Unchanged: 
 Data sizes:     COMMON   BANK0   BANK1   BANK2
      Params:         1       0       0       0
      Locals:         1       0       0       0
      Temps:          0       0       0       0
      Totals:         2       0       0       0
Total ram usage:        2 bytes
 Hardware stack levels used:    1
 Hardware stack levels required when called:    3
 This function calls:
		_Timeout_Counter
		_set_TimeoutCleared
 This function is called by:
		_getCDS_AD
		_getLoad_AD
		_getTemp_AD
		_getPIR_AD
 This function uses a non-reentrant model


 *************** function _set_TimeoutCleared *****************
 Defined at:
		line 281 in file "../src/Main_B1.c"
 Parameters:    Size  Location     Type
		None
 Auto vars:     Size  Location     Type
		None
 Return value:  Size  Location     Type
		None               void
 Registers used:
		status,2
 Tracked objects:
		On entry : 
		On exit  : 
		Unchanged: 
 Data sizes:     COMMON   BANK0   BANK1   BANK2
      Params:         0       0       0       0
      Locals:         0       0       0       0
      Temps:          0       0       0       0
      Totals:         0       0       0       0
Total ram usage:        0 bytes
 Hardware stack levels used:    1
 Hardware stack levels required when called:    2
 This function calls:
		Nothing
 This function is called by:
		_getAD
 This function uses a non-reentrant model


 *************** function _Timeout_Counter *****************
 Defined at:
		line 272 in file "../src/Main_B1.c"
 Parameters:    Size  Location     Type
		None
 Auto vars:     Size  Location     Type
		None
 Return value:  Size  Location     Type
		None               void
 Registers used:
		wreg, status,2
 Tracked objects:
		On entry : 
		On exit  : 
		Unchanged: 
 Data sizes:     COMMON   BANK0   BANK1   BANK2
      Params:         0       0       0       0
      Locals:         0       0       0       0
      Temps:          0       0       0       0
      Totals:         0       0       0       0
Total ram usage:        0 bytes
 Hardware stack levels used:    1
 Hardware stack levels required when called:    2
 This function calls:
		Nothing
 This function is called by:
		_getAD
 This function uses a non-reentrant model


 *************** function _WDT_Main *****************
 Defined at:
		line 1103 in file "../src/MCU_B1.c"
 Parameters:    Size  Location     Type
		None
 Auto vars:     Size  Location     Type
		None
 Return value:  Size  Location     Type
		None               void
 Registers used:
		wreg, status,2, status,0, pclath, cstack
 Tracked objects:
		On entry : 
		On exit  : 
		Unchanged: 
 Data sizes:     COMMON   BANK0   BANK1   BANK2
      Params:         0       0       0       0
      Locals:         0       0       0       0
      Temps:          1       0       0       0
      Totals:         1       0       0       0
Total ram usage:        1 bytes
 Hardware stack levels used:    1
 Hardware stack levels required when called:    3
 This function calls:
		_WDT_Clearing
 This function is called by:
		_main
 This function uses a non-reentrant model


 *************** function _WDT_Clearing *****************
 Defined at:
		line 1113 in file "../src/MCU_B1.c"
 Parameters:    Size  Location     Type
		None
 Auto vars:     Size  Location     Type
		None
 Return value:  Size  Location     Type
		None               void
 Registers used:
		None
 Tracked objects:
		On entry : 
		On exit  : 
		Unchanged: 
 Data sizes:     COMMON   BANK0   BANK1   BANK2
      Params:         0       0       0       0
      Locals:         0       0       0       0
      Temps:          0       0       0       0
      Totals:         0       0       0       0
Total ram usage:        0 bytes
 Hardware stack levels used:    1
 Hardware stack levels required when called:    2
 This function calls:
		Nothing
 This function is called by:
		_WDT_Main
 This function uses a non-reentrant model


 *************** function _Temp_Main *****************
 Defined at:
		line 49 in file "../src/OverTemperature_B1.c"
 Parameters:    Size  Location     Type
		None
 Auto vars:     Size  Location     Type
		None
 Return value:  Size  Location     Type
		None               void
 Registers used:
		wreg, status,2, status,0, pclath, cstack
 Tracked objects:
		On entry : 
		On exit  : 
		Unchanged: 
 Data sizes:     COMMON   BANK0   BANK1   BANK2
      Params:         0       0       0       0
      Locals:         0       0       0       0
      Temps:          0       0       0       0
      Totals:         0       0       0       0
Total ram usage:        0 bytes
 Hardware stack levels used:    1
 Hardware stack levels required when called:    4
 This function calls:
		_setTemp_Main
 This function is called by:
		_main
 This function uses a non-reentrant model


 *************** function _setTemp_Main *****************
 Defined at:
		line 56 in file "../src/OverTemperature_B1.c"
 Parameters:    Size  Location     Type
		None
 Auto vars:     Size  Location     Type
  error           1    8[BANK0 ] unsigned char 
 Return value:  Size  Location     Type
		None               void
 Registers used:
		wreg, status,2, status,0, pclath, cstack
 Tracked objects:
		On entry : 
		On exit  : 
		Unchanged: 
 Data sizes:     COMMON   BANK0   BANK1   BANK2
      Params:         0       0       0       0
      Locals:         0       1       0       0
      Temps:          1       0       0       0
      Totals:         1       1       0       0
Total ram usage:        2 bytes
 Hardware stack levels used:    1
 Hardware stack levels required when called:    3
 This function calls:
		___awdiv
		_getMain_All_Error_Status
		_getMain_All_LightsStatus
 This function is called by:
		_Temp_Main
 This function uses a non-reentrant model


 *************** function _Temp_Initialization *****************
 Defined at:
		line 8 in file "../src/OverTemperature_B1.c"
 Parameters:    Size  Location     Type
		None
 Auto vars:     Size  Location     Type
		None
 Return value:  Size  Location     Type
		None               void
 Registers used:
		status,2, status,0, pclath, cstack
 Tracked objects:
		On entry : 
		On exit  : 
		Unchanged: 
 Data sizes:     COMMON   BANK0   BANK1   BANK2
      Params:         0       0       0       0
      Locals:         0       0       0       0
      Temps:          0       0       0       0
      Totals:         0       0       0       0
Total ram usage:        0 bytes
 Hardware stack levels used:    1
 Hardware stack levels required when called:    3
 This function calls:
		_setTemp_Initialization
 This function is called by:
		_main
 This function uses a non-reentrant model


 *************** function _setTemp_Initialization *****************
 Defined at:
		line 44 in file "../src/OverTemperature_B1.c"
 Parameters:    Size  Location     Type
		None
 Auto vars:     Size  Location     Type
		None
 Return value:  Size  Location     Type
		None               void
 Registers used:
		None
 Tracked objects:
		On entry : 
		On exit  : 
		Unchanged: 
 Data sizes:     COMMON   BANK0   BANK1   BANK2
      Params:         0       0       0       0
      Locals:         0       0       0       0
      Temps:          0       0       0       0
      Totals:         0       0       0       0
Total ram usage:        0 bytes
 Hardware stack levels used:    1
 Hardware stack levels required when called:    2
 This function calls:
		Nothing
 This function is called by:
		_Temp_Initialization
 This function uses a non-reentrant model


 *************** function _SYSC_Main *****************
 Defined at:
		line 17 in file "../src/SYSC_B1.c"
 Parameters:    Size  Location     Type
		None
 Auto vars:     Size  Location     Type
		None
 Return value:  Size  Location     Type
		None               void
 Registers used:
		wreg, status,2, status,0, pclath, cstack
 Tracked objects:
		On entry : 
		On exit  : 
		Unchanged: 
 Data sizes:     COMMON   BANK0   BANK1   BANK2
      Params:         0       0       0       0
      Locals:         0       0       0       0
      Temps:          0       0       0       0
      Totals:         0       0       0       0
Total ram usage:        0 bytes
 Hardware stack levels used:    1
 Hardware stack levels required when called:    4
 This function calls:
		_setSYSC_Main
 This function is called by:
		_main
 This function uses a non-reentrant model


 *************** function _setSYSC_Main *****************
 Defined at:
		line 23 in file "../src/SYSC_B1.c"
 Parameters:    Size  Location     Type
		None
 Auto vars:     Size  Location     Type
		None
 Return value:  Size  Location     Type
		None               void
 Registers used:
		wreg, status,2, status,0, pclath, cstack
 Tracked objects:
		On entry : 
		On exit  : 
		Unchanged: 
 Data sizes:     COMMON   BANK0   BANK1   BANK2
      Params:         0       0       0       0
      Locals:         0       0       0       0
      Temps:          0       0       0       0
      Totals:         0       0       0       0
Total ram usage:        0 bytes
 Hardware stack levels used:    1
 Hardware stack levels required when called:    3
 This function calls:
		_getMain_All_Error_Status
 This function is called by:
		_SYSC_Main
 This function uses a non-reentrant model


 *************** function _SYSC_Initialization *****************
 Defined at:
		line 7 in file "../src/SYSC_B1.c"
 Parameters:    Size  Location     Type
		None
 Auto vars:     Size  Location     Type
		None
 Return value:  Size  Location     Type
		None               void
 Registers used:
		status,2, status,0, pclath, cstack
 Tracked objects:
		On entry : 
		On exit  : 
		Unchanged: 
 Data sizes:     COMMON   BANK0   BANK1   BANK2
      Params:         0       0       0       0
      Locals:         0       0       0       0
      Temps:          0       0       0       0
      Totals:         0       0       0       0
Total ram usage:        0 bytes
 Hardware stack levels used:    1
 Hardware stack levels required when called:    3
 This function calls:
		_setSYSC_Initialization
 This function is called by:
		_main
 This function uses a non-reentrant model


 *************** function _setSYSC_Initialization *****************
 Defined at:
		line 13 in file "../src/SYSC_B1.c"
 Parameters:    Size  Location     Type
		None
 Auto vars:     Size  Location     Type
		None
 Return value:  Size  Location     Type
		None               void
 Registers used:
		None
 Tracked objects:
		On entry : 
		On exit  : 
		Unchanged: 
 Data sizes:     COMMON   BANK0   BANK1   BANK2
      Params:         0       0       0       0
      Locals:         0       0       0       0
      Temps:          0       0       0       0
      Totals:         0       0       0       0
Total ram usage:        0 bytes
 Hardware stack levels used:    1
 Hardware stack levels required when called:    2
 This function calls:
		Nothing
 This function is called by:
		_SYSC_Initialization
 This function uses a non-reentrant model


 *************** function _PIR_Main *****************
 Defined at:
		line 13 in file "../src/PIR_B1.c"
 Parameters:    Size  Location     Type
		None
 Auto vars:     Size  Location     Type
  LightsStatus    1   15[BANK0 ] unsigned char 
  cds             1   14[BANK0 ] unsigned char 
  error           1   11[BANK0 ] unsigned char 
 Return value:  Size  Location     Type
		None               void
 Registers used:
		wreg, fsr0l, fsr0h, status,2, status,0, pclath, cstack
 Tracked objects:
		On entry : 
		On exit  : 
		Unchanged: 
 Data sizes:     COMMON   BANK0   BANK1   BANK2
      Params:         0       0       0       0
      Locals:         0       5       0       0
      Temps:          0       5       0       0
      Totals:         0      10       0       0
Total ram usage:       10 bytes
 Hardware stack levels used:    1
 Hardware stack levels required when called:    4
 This function calls:
		_getCDS_Status
		_getLights_Status
		_getMain_All_Error_Status
		_setLED
		_setLights_Trigger
 This function is called by:
		_main
 This function uses a non-reentrant model


 *************** function _getCDS_Status *****************
 Defined at:
		line 42 in file "../src/CDS_B1.c"
 Parameters:    Size  Location     Type
		None
 Auto vars:     Size  Location     Type
  status          1    4[COMMON] unsigned char 
 Return value:  Size  Location     Type
                  1    wreg      unsigned char 
 Registers used:
		wreg, status,2
 Tracked objects:
		On entry : 
		On exit  : 
		Unchanged: 
 Data sizes:     COMMON   BANK0   BANK1   BANK2
      Params:         0       0       0       0
      Locals:         1       0       0       0
      Temps:          0       0       0       0
      Totals:         1       0       0       0
Total ram usage:        1 bytes
 Hardware stack levels used:    1
 Hardware stack levels required when called:    2
 This function calls:
		Nothing
 This function is called by:
		_PIR_Main
 This function uses a non-reentrant model


 *************** function _PIR_Initialization *****************
 Defined at:
		line 7 in file "../src/PIR_B1.c"
 Parameters:    Size  Location     Type
		None
 Auto vars:     Size  Location     Type
		None
 Return value:  Size  Location     Type
		None               void
 Registers used:
		wreg
 Tracked objects:
		On entry : 
		On exit  : 
		Unchanged: 
 Data sizes:     COMMON   BANK0   BANK1   BANK2
      Params:         0       0       0       0
      Locals:         0       0       0       0
      Temps:          1       0       0       0
      Totals:         1       0       0       0
Total ram usage:        1 bytes
 Hardware stack levels used:    1
 Hardware stack levels required when called:    2
 This function calls:
		Nothing
 This function is called by:
		_main
 This function uses a non-reentrant model


 *************** function _Mcu_Initialization *****************
 Defined at:
		line 30 in file "../src/MCU_B1.c"
 Parameters:    Size  Location     Type
		None
 Auto vars:     Size  Location     Type
		None
 Return value:  Size  Location     Type
		None               void
 Registers used:
		wreg, status,2, status,0, pclath, cstack
 Tracked objects:
		On entry : 
		On exit  : 
		Unchanged: 
 Data sizes:     COMMON   BANK0   BANK1   BANK2
      Params:         0       0       0       0
      Locals:         0       0       0       0
      Temps:          0       0       0       0
      Totals:         0       0       0       0
Total ram usage:        0 bytes
 Hardware stack levels used:    1
 Hardware stack levels required when called:    3
 This function calls:
		_ADC_Set
		_Fosc_Set
		_IO_Set
		_TMR1_Set
		_WDT_Set
 This function is called by:
		_main
 This function uses a non-reentrant model


 *************** function _WDT_Set *****************
 Defined at:
		line 1089 in file "../src/MCU_B1.c"
 Parameters:    Size  Location     Type
		None
 Auto vars:     Size  Location     Type
		None
 Return value:  Size  Location     Type
		None               void
 Registers used:
		wreg
 Tracked objects:
		On entry : 
		On exit  : 
		Unchanged: 
 Data sizes:     COMMON   BANK0   BANK1   BANK2
      Params:         0       0       0       0
      Locals:         0       0       0       0
      Temps:          1       0       0       0
      Totals:         1       0       0       0
Total ram usage:        1 bytes
 Hardware stack levels used:    1
 Hardware stack levels required when called:    2
 This function calls:
		Nothing
 This function is called by:
		_Mcu_Initialization
 This function uses a non-reentrant model


 *************** function _TMR1_Set *****************
 Defined at:
		line 226 in file "../src/MCU_B1.c"
 Parameters:    Size  Location     Type
		None
 Auto vars:     Size  Location     Type
		None
 Return value:  Size  Location     Type
		None               void
 Registers used:
		wreg
 Tracked objects:
		On entry : 
		On exit  : 
		Unchanged: 
 Data sizes:     COMMON   BANK0   BANK1   BANK2
      Params:         0       0       0       0
      Locals:         0       0       0       0
      Temps:          0       0       0       0
      Totals:         0       0       0       0
Total ram usage:        0 bytes
 Hardware stack levels used:    1
 Hardware stack levels required when called:    2
 This function calls:
		Nothing
 This function is called by:
		_Mcu_Initialization
 This function uses a non-reentrant model


 *************** function _IO_Set *****************
 Defined at:
		line 60 in file "../src/MCU_B1.c"
 Parameters:    Size  Location     Type
		None
 Auto vars:     Size  Location     Type
		None
 Return value:  Size  Location     Type
		None               void
 Registers used:
		wreg, status,2
 Tracked objects:
		On entry : 
		On exit  : 
		Unchanged: 
 Data sizes:     COMMON   BANK0   BANK1   BANK2
      Params:         0       0       0       0
      Locals:         0       0       0       0
      Temps:          0       0       0       0
      Totals:         0       0       0       0
Total ram usage:        0 bytes
 Hardware stack levels used:    1
 Hardware stack levels required when called:    2
 This function calls:
		Nothing
 This function is called by:
		_Mcu_Initialization
 This function uses a non-reentrant model


 *************** function _Fosc_Set *****************
 Defined at:
		line 56 in file "../src/MCU_B1.c"
 Parameters:    Size  Location     Type
		None
 Auto vars:     Size  Location     Type
		None
 Return value:  Size  Location     Type
		None               void
 Registers used:
		wreg
 Tracked objects:
		On entry : 
		On exit  : 
		Unchanged: 
 Data sizes:     COMMON   BANK0   BANK1   BANK2
      Params:         0       0       0       0
      Locals:         0       0       0       0
      Temps:          0       0       0       0
      Totals:         0       0       0       0
Total ram usage:        0 bytes
 Hardware stack levels used:    1
 Hardware stack levels required when called:    2
 This function calls:
		Nothing
 This function is called by:
		_Mcu_Initialization
 This function uses a non-reentrant model


 *************** function _ADC_Set *****************
 Defined at:
		line 425 in file "../src/MCU_B1.c"
 Parameters:    Size  Location     Type
		None
 Auto vars:     Size  Location     Type
		None
 Return value:  Size  Location     Type
		None               void
 Registers used:
		wreg
 Tracked objects:
		On entry : 
		On exit  : 
		Unchanged: 
 Data sizes:     COMMON   BANK0   BANK1   BANK2
      Params:         0       0       0       0
      Locals:         0       0       0       0
      Temps:          0       0       0       0
      Totals:         0       0       0       0
Total ram usage:        0 bytes
 Hardware stack levels used:    1
 Hardware stack levels required when called:    2
 This function calls:
		Nothing
 This function is called by:
		_Mcu_Initialization
 This function uses a non-reentrant model


 *************** function _Load_Main *****************
 Defined at:
		line 39 in file "../src/OverLoad_B1.c"
 Parameters:    Size  Location     Type
		None
 Auto vars:     Size  Location     Type
  i               2   11[BANK0 ] int 
  Load_Status     1   10[BANK0 ] unsigned char 
  error           1    9[BANK0 ] unsigned char 
 Return value:  Size  Location     Type
		None               void
 Registers used:
		wreg, fsr0l, fsr0h, status,2, status,0, btemp+1, pclath, cstack
 Tracked objects:
		On entry : 
		On exit  : 
		Unchanged: 
 Data sizes:     COMMON   BANK0   BANK1   BANK2
      Params:         0       0       0       0
      Locals:         0       4       0       0
      Temps:          0       2       0       0
      Totals:         0       6       0       0
Total ram usage:        6 bytes
 Hardware stack levels used:    1
 Hardware stack levels required when called:    3
 This function calls:
		___lwdiv
		___wmul
		_getLight_LoadGO
		_getLight_Load_Status
		_getMain_All_Error_Status
		_getMain_All_LightsStatus
		_getMain_Lights_Count
		_setLoad_AH_AL_Restore
 This function is called by:
		_main
 This function uses a non-reentrant model


 *************** function _getMain_Lights_Count *****************
 Defined at:
		line 465 in file "../src/Main_B1.c"
 Parameters:    Size  Location     Type
		None
 Auto vars:     Size  Location     Type
  status1         1    5[COMMON] unsigned char 
  count           1    4[COMMON] unsigned char 
 Return value:  Size  Location     Type
                  1    wreg      unsigned char 
 Registers used:
		wreg, status,2
 Tracked objects:
		On entry : 
		On exit  : 
		Unchanged: 
 Data sizes:     COMMON   BANK0   BANK1   BANK2
      Params:         0       0       0       0
      Locals:         2       0       0       0
      Temps:          0       0       0       0
      Totals:         2       0       0       0
Total ram usage:        2 bytes
 Hardware stack levels used:    1
 Hardware stack levels required when called:    2
 This function calls:
		Nothing
 This function is called by:
		_Load_Main
 This function uses a non-reentrant model


 *************** function _getLight_Load_Status *****************
 Defined at:
		line 343 in file "../src/TriacRelay_B1.c"
 Parameters:    Size  Location     Type
		None
 Auto vars:     Size  Location     Type
  loadstatus      1    4[COMMON] unsigned char 
 Return value:  Size  Location     Type
                  1    wreg      unsigned char 
 Registers used:
		wreg, status,2
[...]
      Totals:         0       0       0       0
Total ram usage:        0 bytes
 Hardware stack levels used:    1
 Hardware stack levels required when called:    5
 This function calls:
		_setPIRLED_Main
 This function is called by:
		_main
 This function uses a non-reentrant model


 *************** function _setPIRLED_Main *****************
 Defined at:
		line 253 in file "../src/LED_B1.c"
 Parameters:    Size  Location     Type
		None
 Auto vars:     Size  Location     Type
  count           1    3[BANK0 ] unsigned char 
 Return value:  Size  Location     Type
		None               void
 Registers used:
		wreg, fsr0l, fsr0h, status,2, status,0, pclath, cstack
 Tracked objects:
		On entry : 
		On exit  : 
		Unchanged: 
 Data sizes:     COMMON   BANK0   BANK1   BANK2
      Params:         0       0       0       0
      Locals:         0       1       0       0
      Temps:          0       1       0       0
      Totals:         0       2       0       0
Total ram usage:        2 bytes
 Hardware stack levels used:    1
 Hardware stack levels required when called:    4
 This function calls:
		_setLED
 This function is called by:
		_LED_Main
 This function uses a non-reentrant model


 *************** function _LED_Initialization *****************
 Defined at:
		line 31 in file "../src/LED_B1.c"
 Parameters:    Size  Location     Type
		None
 Auto vars:     Size  Location     Type
		None
 Return value:  Size  Location     Type
		None               void
 Registers used:
		wreg, fsr0l, fsr0h, status,2, status,0, pclath, cstack
 Tracked objects:
		On entry : 
		On exit  : 
		Unchanged: 
 Data sizes:     COMMON   BANK0   BANK1   BANK2
      Params:         0       0       0       0
      Locals:         0       0       0       0
      Temps:          0       0       0       0
      Totals:         0       0       0       0
Total ram usage:        0 bytes
 Hardware stack levels used:    1
 Hardware stack levels required when called:    5
 This function calls:
		_setLED_Initialization
 This function is called by:
		_main
 This function uses a non-reentrant model


 *************** function _setLED_Initialization *****************
 Defined at:
		line 69 in file "../src/LED_B1.c"
 Parameters:    Size  Location     Type
  led             1    wreg     unsigned char 
 Auto vars:     Size  Location     Type
  led             1    2[BANK0 ] unsigned char 
 Return value:  Size  Location     Type
		None               void
 Registers used:
		wreg, fsr0l, fsr0h, status,2, status,0, pclath, cstack
 Tracked objects:
		On entry : 
		On exit  : 
		Unchanged: 
 Data sizes:     COMMON   BANK0   BANK1   BANK2
      Params:         0       0       0       0
      Locals:         0       1       0       0
      Temps:          0       0       0       0
      Totals:         0       1       0       0
Total ram usage:        1 bytes
 Hardware stack levels used:    1
 Hardware stack levels required when called:    4
 This function calls:
		_LedPointSelect
		_setLED
 This function is called by:
		_LED_Initialization
 This function uses a non-reentrant model


 *************** function _Exception_Main *****************
 Defined at:
		line 505 in file "../src/Main_B1.c"
 Parameters:    Size  Location     Type
		None
 Auto vars:     Size  Location     Type
  i               2   10[BANK0 ] int 
  status          1    9[BANK0 ] unsigned char 
  error           1   12[BANK0 ] unsigned char 
  count           1    8[BANK0 ] unsigned char 
  lights          1    7[BANK0 ] unsigned char 
 Return value:  Size  Location     Type
		None               void
 Registers used:
		wreg, fsr0l, fsr0h, status,2, status,0, pclath, cstack
 Tracked objects:
		On entry : 
		On exit  : 
		Unchanged: 
 Data sizes:     COMMON   BANK0   BANK1   BANK2
      Params:         0       0       0       0
      Locals:         0       6       0       0
      Temps:          0       1       0       0
      Totals:         0       7       0       0
Total ram usage:        7 bytes
 Hardware stack levels used:    1
 Hardware stack levels required when called:    4
 This function calls:
		_getAll_Lights_Line
		_getLights_Status
		_getMain_All_Error_Status
		_setLED
		_setLights_Trigger
 This function is called by:
		_main
 This function uses a non-reentrant model


 *************** function _setLights_Trigger *****************
 Defined at:
		line 219 in file "../src/TriacRelay_B1.c"
 Parameters:    Size  Location     Type
  lights          1    wreg     unsigned char 
  command         1    0[BANK0 ] unsigned char 
 Auto vars:     Size  Location     Type
  lights          1    2[BANK0 ] unsigned char 
 Return value:  Size  Location     Type
		None               void
 Registers used:
		wreg, fsr0l, fsr0h, status,2, status,0, pclath, cstack
 Tracked objects:
		On entry : 
		On exit  : 
		Unchanged: 
 Data sizes:     COMMON   BANK0   BANK1   BANK2
      Params:         0       1       0       0
      Locals:         0       1       0       0
      Temps:          0       1       0       0
      Totals:         0       3       0       0
Total ram usage:        3 bytes
 Hardware stack levels used:    1
 Hardware stack levels required when called:    3
 This function calls:
		_LightsPointSelect
 This function is called by:
		_Exception_Main
		_PIR_Main
		_setMain_Exception
		_setLights_ErrorClose
 This function uses a non-reentrant model


 *************** function _setLED *****************
 Defined at:
		line 76 in file "../src/LED_B1.c"
 Parameters:    Size  Location     Type
  led             1    wreg     unsigned char 
  command         1    0[BANK0 ] unsigned char 
 Auto vars:     Size  Location     Type
  led             1    1[BANK0 ] unsigned char 
 Return value:  Size  Location     Type
		None               void
 Registers used:
		wreg, fsr0l, fsr0h, status,2, status,0, pclath, cstack
 Tracked objects:
		On entry : 
		On exit  : 
		Unchanged: 
 Data sizes:     COMMON   BANK0   BANK1   BANK2
      Params:         0       1       0       0
      Locals:         0       1       0       0
      Temps:          0       0       0       0
      Totals:         0       2       0       0
Total ram usage:        2 bytes
 Hardware stack levels used:    1
 Hardware stack levels required when called:    3
 This function calls:
		_LedPointSelect
 This function is called by:
		_setLED_Initialization
		_setPIRLED_Main
		_Exception_Main
		_PIR_Main
		_setMain_Exception
 This function uses a non-reentrant model


 *************** function _LedPointSelect *****************
 Defined at:
		line 7 in file "../src/LED_B1.c"
 Parameters:    Size  Location     Type
  led             1    wreg     unsigned char 
 Auto vars:     Size  Location     Type
  led             1    5[COMMON] unsigned char 
 Return value:  Size  Location     Type
		None               void
 Registers used:
		wreg
 Tracked objects:
		On entry : 
		On exit  : 
		Unchanged: 
 Data sizes:     COMMON   BANK0   BANK1   BANK2
      Params:         0       0       0       0
      Locals:         1       0       0       0
      Temps:          1       0       0       0
      Totals:         2       0       0       0
Total ram usage:        2 bytes
 Hardware stack levels used:    1
 Hardware stack levels required when called:    2
 This function calls:
		Nothing
 This function is called by:
		_setLED_Initialization
		_setLED
		_setLED_Main
 This function uses a non-reentrant model


 *************** function _getMain_All_Error_Status *****************
 Defined at:
		line 424 in file "../src/Main_B1.c"
 Parameters:    Size  Location     Type
  command         1    wreg     unsigned char 
 Auto vars:     Size  Location     Type
  command         1    4[BANK0 ] unsigned char 
  status          1    5[BANK0 ] unsigned char 
 Return value:  Size  Location     Type
                  1    wreg      unsigned char 
 Registers used:
		wreg, status,2, status,0
 Tracked objects:
		On entry : 
		On exit  : 
		Unchanged: 
 Data sizes:     COMMON   BANK0   BANK1   BANK2
      Params:         0       0       0       0
      Locals:         0       6       0       0
      Temps:          1       0       0       0
      Totals:         1       6       0       0
Total ram usage:        7 bytes
 Hardware stack levels used:    1
 Hardware stack levels required when called:    2
 This function calls:
		Nothing
 This function is called by:
		_Exception_Main
		_Load_Main
		_setTemp_Main
		_PIR_Main
		_setSYSC_Main
		_Lights_Main
 This function uses a non-reentrant model


 *************** function _getLights_Status *****************
 Defined at:
		line 212 in file "../src/TriacRelay_B1.c"
 Parameters:    Size  Location     Type
  lights          1    wreg     unsigned char 
 Auto vars:     Size  Location     Type
  lights          1    0[BANK0 ] unsigned char 
  status          1    1[BANK0 ] unsigned char 
 Return value:  Size  Location     Type
                  1    wreg      unsigned char 
 Registers used:
		wreg, fsr0l, fsr0h, status,2, status,0, pclath, cstack
 Tracked objects:
		On entry : 
		On exit  : 
		Unchanged: 
 Data sizes:     COMMON   BANK0   BANK1   BANK2
      Params:         0       0       0       0
      Locals:         0       2       0       0
      Temps:          0       0       0       0
      Totals:         0       2       0       0
Total ram usage:        2 bytes
 Hardware stack levels used:    1
 Hardware stack levels required when called:    3
 This function calls:
		_LightsPointSelect
 This function is called by:
		_Exception_Main
		_PIR_Main
		_setMain_Exception
		_setLights_ErrorClose
 This function uses a non-reentrant model


 *************** function _getAll_Lights_Line *****************
 Defined at:
		line 251 in file "../src/TriacRelay_B1.c"
 Parameters:    Size  Location     Type
		None
 Auto vars:     Size  Location     Type
  line            1    0[BANK0 ] unsigned char 
 Return value:  Size  Location     Type
                  1    wreg      unsigned char 
 Registers used:
		wreg, fsr0l, fsr0h, status,2, status,0, pclath, cstack
 Tracked objects:
		On entry : 
		On exit  : 
		Unchanged: 
 Data sizes:     COMMON   BANK0   BANK1   BANK2
      Params:         0       0       0       0
      Locals:         0       1       0       0
      Temps:          0       0       0       0
      Totals:         0       1       0       0
Total ram usage:        1 bytes
 Hardware stack levels used:    1
 Hardware stack levels required when called:    3
 This function calls:
		_LightsPointSelect
 This function is called by:
		_Exception_Main
		_setMain_Exception
 This function uses a non-reentrant model


 *************** function _LightsPointSelect *****************
 Defined at:
		line 10 in file "../src/TriacRelay_B1.c"
 Parameters:    Size  Location     Type
  lights          1    wreg     unsigned char 
 Auto vars:     Size  Location     Type
  lights          1    5[COMMON] unsigned char 
 Return value:  Size  Location     Type
		None               void
 Registers used:
		wreg
 Tracked objects:
		On entry : 
		On exit  : 
		Unchanged: 
 Data sizes:     COMMON   BANK0   BANK1   BANK2
      Params:         0       0       0       0
      Locals:         1       0       0       0
      Temps:          1       0       0       0
      Totals:         2       0       0       0
Total ram usage:        2 bytes
 Hardware stack levels used:    1
 Hardware stack levels required when called:    2
 This function calls:
		Nothing
 This function is called by:
		_setLights_Initialization
		_setLights_Main
		_Lights_Control
		_getLights_Status
		_setLights_Trigger
		_getAll_Lights_Line
 This function uses a non-reentrant model


 *************** function _DetectSYSC_Signal *****************
 Defined at:
		line 50 in file "../src/SYSC_B1.c"
 Parameters:    Size  Location     Type
		None
 Auto vars:     Size  Location     Type
		None
 Return value:  Size  Location     Type
		None               void
 Registers used:
		status,2
 Tracked objects:
		On entry : 
		On exit  : 
		Unchanged: 
 Data sizes:     COMMON   BANK0   BANK1   BANK2
      Params:         0       0       0       0
      Locals:         0       0       0       0
      Temps:          0       0       0       0
      Totals:         0       0       0       0
Total ram usage:        0 bytes
 Hardware stack levels used:    1
 Hardware stack levels required when called:    2
 This function calls:
		Nothing
 This function is called by:
		_main
 This function uses a non-reentrant model


 *************** function _CDS_Main *****************
 Defined at:
		line 11 in file "../src/CDS_B1.c"
 Parameters:    Size  Location     Type
		None
 Auto vars:     Size  Location     Type
		None
 Return value:  Size  Location     Type
		None               void
 Registers used:
		wreg, status,2, status,0
 Tracked objects:
		On entry : 
		On exit  : 
		Unchanged: 
 Data sizes:     COMMON   BANK0   BANK1   BANK2
      Params:         0       0       0       0
      Locals:         0       0       0       0
      Temps:          0       3       0       0
      Totals:         0       3       0       0
Total ram usage:        3 bytes
 Hardware stack levels used:    1
 Hardware stack levels required when called:    2
 This function calls:
		Nothing
 This function is called by:
		_main
 This function uses a non-reentrant model


 *************** function _CDS_Initialization *****************
 Defined at:
		line 7 in file "../src/CDS_B1.c"
 Parameters:    Size  Location     Type
		None
 Auto vars:     Size  Location     Type
		None
 Return value:  Size  Location     Type
		None               void
 Registers used:
		None
 Tracked objects:
		On entry : 
		On exit  : 
		Unchanged: 
 Data sizes:     COMMON   BANK0   BANK1   BANK2
      Params:         0       0       0       0
      Locals:         0       0       0       0
      Temps:          0       0       0       0
      Totals:         0       0       0       0
Total ram usage:        0 bytes
 Hardware stack levels used:    1
 Hardware stack levels required when called:    2
 This function calls:
		Nothing
 This function is called by:
		_main
 This function uses a non-reentrant model


 *************** function _ISR *****************
 Defined at:
		line 116 in file "../src/MCU_B1.c"
 Parameters:    Size  Location     Type
		None
 Auto vars:     Size  Location     Type
		None
 Return value:  Size  Location     Type
		None               void
 Registers used:
		wreg, status,2, status,0, pclath, cstack
 Tracked objects:
		On entry : 
		On exit  : 
		Unchanged: 
 Data sizes:     COMMON   BANK0   BANK1   BANK2
      Params:         0       0       0       0
      Locals:         0       0       0       0
      Temps:          4       0       0       0
      Totals:         4       0       0       0
Total ram usage:        4 bytes
 Hardware stack levels used:    1
 Hardware stack levels required when called:    1
 This function calls:
		_TMR1_ISR
 This function is called by:
		Interrupt level 1
 This function uses a non-reentrant model


 *************** function _TMR1_ISR *****************
 Defined at:
		line 236 in file "../src/MCU_B1.c"
 Parameters:    Size  Location     Type
		None
 Auto vars:     Size  Location     Type
		None
 Return value:  Size  Location     Type
		None               void
 Registers used:
		wreg, status,2
 Tracked objects:
		On entry : 
		On exit  : 
		Unchanged: 
 Data sizes:     COMMON   BANK0   BANK1   BANK2
      Params:         0       0       0       0
      Locals:         0       0       0       0
      Temps:          0       0       0       0
      Totals:         0       0       0       0
Total ram usage:        0 bytes
 Hardware stack levels used:    1
 This function calls:
		Nothing
 This function is called by:
		_ISR
 This function uses a non-reentrant model



MODULE INFORMATION

Module		Function		Class		Link	Load	Size
../src/OverLoad_B1.c
		_getLoad_AD    		CODE           	06B9	0000	113
		_getLoad_OK    		CODE           	0B7D	0000	8
		_Load_Initializ		CODE           	0B35	0000	3
		_Load_Main     		CODE           	021B	0000	487
		_setLoad_AH_AL_		CODE           	0C85	0000	22

../src/OverLoad_B1.c estimated size: 633

../src/MCU_B1.c
		_Fosc_Set      		CODE           	0B50	0000	5
		_IO_Set        		CODE           	0CCA	0000	26
		_WDT_Set       		CODE           	0BE7	0000	14
		_WDT_Main      		CODE           	0C26	0000	17
		_ADC_Set       		CODE           	0B6E	0000	7
		_ISR           		CODE           	0CB2	0000	24
		_WDT_Clearing  		CODE           	0002	0000	2
		_Mcu_Initializa		CODE           	0BF5	0000	15
		_getAD         		CODE           	0D19	0000	28
		_TMR1_Set      		CODE           	0BD9	0000	14
		_TMR1_ISR      		CODE           	0C6F	0000	22

../src/MCU_B1.c estimated size: 174

../src/LED_B1.c
		_setLED        		CODE           	079B	0000	101
		_LED_Main      		CODE           	0B32	0000	3
		_setLED_Initial		CODE           	0C49	0000	18
		_LedPointSelect		CODE           	0C37	0000	18
		_setPIRLED_Main		CODE           	072A	0000	113
		_LED_Initializa		CODE           	0B75	0000	8

../src/LED_B1.c estimated size: 261

../src/SYSC_B1.c
		_setSYSC_Initia		CODE           	0B4C	0000	4
		_setSYSC_Main  		CODE           	0EAB	0000	66
		_SYSC_Initializ		CODE           	0B38	0000	3
		_SYSC_Main     		CODE           	0B3B	0000	3
		_DetectSYSC_Sig		CODE           	0BBD	0000	14

../src/SYSC_B1.c estimated size: 90

../src/TriacRelay_B1.c
		_setLights     		CODE           	0EED	0000	80
		_Lights_Initial		CODE           	0B48	0000	4
		_getLights_Stat		CODE           	0C15	0000	17
		_setLights_Line		CODE           	0BCB	0000	14
		_setLights_Main		CODE           	0DC9	0000	48
		_getLight_LoadG		CODE           	0B55	0000	6
		_setLights_Trig		CODE           	0CFE	0000	27
		_LightsPointSel		CODE           	0B9E	0000	10
		_getAll_Lights_		CODE           	0C04	0000	17
		_Lights_Main   		CODE           	0D35	0000	30
		_getLight_Load_		CODE           	0B5B	0000	6
		_setLights_Init		CODE           	0B67	0000	7
		_getLights_Allo		CODE           	0C9B	0000	23
		_Lights_Control		CODE           	05C0	0000	131

../src/TriacRelay_B1.c estimated size: 420

../src/OverTemperature_B1.c
		_Temp_Initializ		CODE           	0B3E	0000	3
		_Temp_Main     		CODE           	0B41	0000	3
		_setTemp_Initia		CODE           	0B30	0000	1
		_getTemp_AD    		CODE           	0D78	0000	39
		_setTemp_Main  		CODE           	053A	0000	134

../src/OverTemperature_B1.c estimated size: 180

C:\Program Files (x86)\Microchip\xc8\v1.32\sources\common\lwdiv.c
		___lwdiv       		CODE           	0E6B	0000	64

C:\Program Files (x86)\Microchip\xc8\v1.32\sources\common\lwdiv.c estimated size: 64

C:\Program Files (x86)\Microchip\xc8\v1.32\sources\common\awdiv.c
		___awdiv       		CODE           	0F3D	0000	93

C:\Program Files (x86)\Microchip\xc8\v1.32\sources\common\awdiv.c estimated size: 93

../src/Main_B1.c
		_Exception_Main		CODE           	0643	0000	118
		_my_MainTimer  		CODE           	0CE4	0000	26
		_main          		CODE           	0F9A	0000	102
		_Timeout_Counte		CODE           	0C5B	0000	20
		_myMain_Initial		CODE           	0B31	0000	1
		_getMain_All_Er		CODE           	0E2D	0000	62
		_set_TimeoutCle		CODE           	0B61	0000	6
		_getMain_Lights		CODE           	0BA8	0000	10
		_getMain_All_Li		CODE           	0B95	0000	9

../src/Main_B1.c estimated size: 354

C:\Program Files (x86)\Microchip\xc8\v1.32\sources\common\Umul16.c
		___wmul        		CODE           	0D53	0000	37

C:\Program Files (x86)\Microchip\xc8\v1.32\sources\common\Umul16.c estimated size: 37

shared
		__initializatio		CODE           	0013	0000	16

shared estimated size: 16

../src/PIR_B1.c
		_PIR_Main      		CODE           	0026	0000	501
		_getPIR_AD     		CODE           	0402	0000	312
		_PIR_Initializa		CODE           	0BB2	0000	11

../src/PIR_B1.c estimated size: 824

../src/CDS_B1.c
		_CDS_Initializa		CODE           	0B44	0000	4
		_getCDS_AD     		CODE           	0D9F	0000	42
		_CDS_Main      		CODE           	0DF9	0000	52
		_getCDS_Status 		CODE           	0B85	0000	8

../src/CDS_B1.c estimated size: 106

