Microchip MPLAB XC8 Compiler V1.32 ()

Linker command line:

--edf=C:\Program Files (x86)\Microchip\xc8\v1.32\dat\en_msgs.txt -cs \
  -h+dist/default/production\1-8.Switch_2Key_Dimmer_MOSFET.X.production.sym \
  --cmf=dist/default/production\1-8.Switch_2Key_Dimmer_MOSFET.X.production.cmf \
  -z -Q16F1518 -oC:\Users\taianluo\AppData\Local\Temp\s6s8.6 \
  -Mdist/default/production/1-8.Switch_2Key_Dimmer_MOSFET.X.production.map \
  -E1 -ver=XC8 -ASTACK=02185h-0231fh -pstack=STACK -ACONST=00h-0FFhx64 \
  -ACODE=00h-07FFhx8 -ASTRCODE=00h-03FFFh -AENTRY=00h-0FFhx64 \
  -ASTRING=00h-0FFhx64 -ACOMMON=070h-07Fh -ABANK0=020h-06Fh \
  -ABANK1=0A0h-0EFh -ABANK2=0120h-016Fh -ABANK3=01A0h-01EFh \
  -ABANK4=0220h-026Fh -ABANK5=02A0h-02EFh -ABANK6=0320h-036Fh \
  -ABANK7=03A0h-03EFh -ABANK8=0420h-046Fh -ABANK9=04A0h-04EFh \
  -ABANK10=0520h-056Fh -ABANK11=05A0h-05EFh -ABANK12=0620h-064Fh \
  -ABIGRAM=02000h-023EFh \
  -ARAM=020h-06Fh,0A0h-0EFh,0120h-016Fh,01A0h-01EFh,0220h-026Fh,02A0h-02EFh,0320h-036Fh,03A0h-03EFh,0420h-046Fh,04A0h-04EFh,0520h-056Fh,05A0h-05EFh,0620h-064Fh \
  -AABS1=020h-07Fh,0A0h-0EFh,0120h-016Fh,01A0h-01EFh,0220h-026Fh,02A0h-02EFh,0320h-036Fh,03A0h-03EFh,0420h-046Fh,04A0h-04EFh,0520h-056Fh,05A0h-05EFh,0620h-064Fh \
  -ASFR0=00h-01Fh -ASFR1=080h-09Fh -ASFR2=0100h-011Fh -ASFR3=0180h-019Fh \
  -ASFR4=0200h-021Fh -ASFR5=0280h-029Fh -ASFR6=0300h-031Fh \
  -ASFR7=0380h-039Fh -ASFR8=0400h-041Fh -ASFR9=0480h-049Fh \
  -ASFR10=0500h-051Fh -ASFR11=0580h-059Fh -ASFR12=0600h-061Fh \
  -ASFR13=0680h-06EFh -ASFR14=0700h-076Fh -ASFR15=0780h-07EFh \
  -ASFR16=0800h-086Fh -ASFR17=0880h-08EFh -ASFR18=0900h-096Fh \
  -ASFR19=0980h-09EFh -ASFR20=0A00h-0A6Fh -ASFR21=0A80h-0AEFh \
  -ASFR22=0B00h-0B6Fh -ASFR23=0B80h-0BEFh -ASFR24=0C00h-0C6Fh \
  -ASFR25=0C80h-0CEFh -ASFR26=0D00h-0D6Fh -ASFR27=0D80h-0DEFh \
  -ASFR28=0E00h-0E6Fh -ASFR29=0E80h-0EEFh -ASFR30=0F00h-0F6Fh \
  -ASFR31=0F80h-0FEFh -preset_vec=00h,intentry=04h,init,end_init \
  -ppowerup=CODE -pcinit=CODE -pfunctab=CODE -ACONFIG=08007h-08008h \
  -pconfig=CONFIG -DCONFIG=2 -AIDLOC=08000h-08003h -pidloc=IDLOC -DIDLOC=2 \
  -DCODE=2 -DSTRCODE=2 -DSTRING=2 -DCONST=2 -DENTRY=2 -k \
  C:\Users\taianluo\AppData\Local\Temp\s6s8.obj \
  dist/default/production\1-8.Switch_2Key_Dimmer_MOSFET.X.production.obj 

Object code version is 3.11

Machine type is 16F1518



                Name                               Link     Load   Length Selector   Space Scale
C:\Users\taianluo\AppData\Local\Temp\s6s8.obj
                end_init                             13       13        2        8       0
                reset_vec                             0        0        2        0       0
                config                             8007     8007        2    1000E       0
dist/default/production\1-8.Switch_2Key_Dimmer_MOSFET.X.production.obj
                cinit                                15       15       35        8       0
                intentry                              4        4        F        8       0
                text131                            1D4A     1D4A       14     3A94       0
                text130                            130A     130A       37     2614       0
                text129                            1B7A     1B7A        8     36F4       0
                text128                            1C44     1C44        F     3888       0
                text127                            1CB6     1CB6       12     396C       0
                text126                             2FD      2FD      13C        8       0
                text125                            10F5     10F5       29     21EA       0
                text123                            1B41     1B41        3     3682       0
                text122                            14B9     14B9       4A     2972       0
                text121                            1E1B     1E1B       19     3C36       0
                text120                            1D9A     1D9A       15     3B34       0
                text119                            1B5D     1B5D        5     36BA       0
                text118                            1E4D     1E4D       1A     3C9A       0
                text117                            1B4D     1B4D        4     369A       0
                text116                            1B51     1B51        4     36A2       0
                text115                            10A8     10A8       26     2150       0
                text114                            1BC9     1BC9        C     3792       0
                text113                            1F96     1F96       23     3F2C       0
                text112                            1ED6     1ED6       1F     3DAC       0
                text111                            111E     111E       2A     223C       0
                text110                            142F     142F       44     285E       0
                text109                            1B55     1B55        4     36AA       0
                text108                            1DAF     1DAF       15     3B5E       0
                text107                            1D5E     1D5E       14     3ABC       0
                text106                            1BB3     1BB3        B     3766       0
                text105                            1B82     1B82        8     3704       0
                text104                            1CFE     1CFE       13     39FC       0
                text103                            1C62     1C62       10     38C4       0
                text102                            1CC8     1CC8       12     3990       0
                text101                            1148     1148       2A     2290       0
                text100                             8BD      8BD       61     117A       0
                text99                             1EB8     1EB8       1E     3D70       0
                text98                             1F14     1F14       20     3E28       0
                text97                              91E      91E       61     123C       0
                text96                             1F74     1F74       22     3EE8       0
                text95                              EA3      EA3       A9     1D46       0
                text94                              CF0      CF0       87     19E0       0
                text93                             1473     1473       46     28E6       0
                text92                              AAA      AAA       6C     1554       0
                text91                              6FC      6FC       BD        8       0
                text90                              85E      85E       5F     10BC       0
                text89                             1C72     1C72       11     38E4       0
                text88                             15F2     15F2       54     2BE4       0
                text87                             174D     174D       59     2E9A       0
                text86                              7B9      7B9       46        8       0
                text85                              97F      97F       61     12FE       0
                text84                             1B8A     1B8A        8     3714       0
                text83                             1B40     1B40        1     3680       0
                text82                             10CE     10CE       27     219C       0
                text81                             1E04     1E04       17     3C08       0
                text80                             1B92     1B92        8     3724       0
                text79                             1172     1172       2C     22E4       0
                text78                             11CD     11CD       33     239A       0
                text77                             1DC4     1DC4       15     3B88       0
                text76                             1E81     1E81       1B     3D02       0
                text75                             1551     1551       50     2AA2       0
                text74                              D77      D77       93     1AEE       0
                text73                             15A1     15A1       51     2B42       0
                text72                             1646     1646       57     2C8C       0
                text71                             1200     1200       34     2400       0
                text70                             1E67     1E67       1A     3CCE       0
                text69                             1BAA     1BAA        9     3754       0
                text68                             119E     119E       2F     233C       0
                text67                             1BD5     1BD5        C     37AA       0
                text66                              620      620       DC        8       0
                text65                             1BE1     1BE1        C     37C2       0
                text64                             1503     1503       4E     2A06       0
                text63                             129E     129E       36     253C       0
                text62                             1C83     1C83       11     3906       0
                text61                             1BED     1BED        C     37DA       0
                text60                             13B1     13B1       3E     2762       0
                text59                             1BF9     1BF9        C     37F2       0
                text58                             1E9C     1E9C       1C     3D38       0
                text57                             1B62     1B62        5     36C4       0
                text56                             1DEE     1DEE       16     3BDC       0
                text55                             1B9A     1B9A        8     3734       0
                text54                             1C36     1C36        E     386C       0
                text53                              1B9      1B9      144        8       0
                text52                             1B73     1B73        7     36E6       0
                text51                             1B59     1B59        4     36B2       0
                text50                             1C05     1C05        C     380A       0
                text49                             1E34     1E34       19     3C68       0
                text48                             1C11     1C11        C     3822       0
                text47                             1C1D     1C1D        C     383A       0
                text46                             1CDA     1CDA       12     39B4       0
                text45                             1BBE     1BBE        B     377C       0
                text44                             1B44     1B44        3     3688       0
                text43                             1066     1066       1D     20CC       0
                text42                             1083     1083       25     2106       0
                text41                              BF9      BF9       76     17F2       0
                text40                              A42      A42       68     1484       0
                text39                             1C94     1C94       11     3928       0
                text38                             1CA5     1CA5       11     394A       0
                text37                             1D11     1D11       13     3A22       0
                text36                              439      439       F6        8       0
                text35                              F4C      F4C       B4     1E98       0
                text34                              803      803       5B     1006       0
                text33                             1FB9     1FB9       23     3F72       0
                text32                             1234     1234       35     2468       0
                text31                             13EF     13EF       40     27DE       0
                text30                             169D     169D       58     2D3A       0
                text29                              B16      B16       6F     162C       0
                text28                             1D24     1D24       13     3A48       0
                text27                             12D4     12D4       36     25A8       0
                text26                              B85      B85       74     170A       0
                text25                              52F      52F       F1        8       0
                text24                             1B47     1B47        3     368E       0
                text23                             1DD9     1DD9       15     3BB2       0
                text22                             1BA2     1BA2        8     3744       0
                text21                             1C29     1C29        D     3852       0
                text20                             1D37     1D37       13     3A6E       0
                text19                             17A6     17A6       5A     2F4C       0
                text18                              9E0      9E0       62     13C0       0
                text17                             1D72     1D72       14     3AE4       0
                text16                             1EF5     1EF5       1F     3DEA       0
                text15                             1269     1269       35     24D2       0
                text14                             1D86     1D86       14     3B0C       0
                text13                               4A       4A      16F        8       0
                text12                             1FDC     1FDC       24     3FB8       0
                text11                              7FF      7FF        1        8       0
                text10                             1B4A     1B4A        3     3694       0
                text9                               E0A      E0A       99     1C14       0
                text8                               800      800        3     1000       0
                text7                                 2        2        2        0       0
                text6                              1CEC     1CEC       12     39D8       0
                text5                              1F34     1F34       20     3E68       0
                text4                               C6F      C6F       81     18DE       0
                text3                              1341     1341       37     2682       0
                text2                              1C53     1C53        F     38A6       0
                text1                              1378     1378       39     26F0       0
                maintext                           16F5     16F5       58     2DEA       0
                cstackBANK0                          20       20       4F       20       1
                cstackCOMMON                         70       70        8       70       1
                cstackBANK1                          E6       E6        9       A0       1
                inittext                           1B67     1B67        6     36CE       0
                clrtext                            1B6D     1B6D        6     36DA       0
                dataBANK4                           245      245       20      220       1
                bssBANK4                            220      220       25      220       1
                bssBANK3                            1A0      1A0       45      1A0       1
                bssBANK2                            120      120       50      120       1
                bssBANK1                             A0       A0       46       A0       1
                bssCOMMON                            78       78        5       70       1
                bitbssCOMMON                        3E8       7D        2       70       1     8
                nvBANK0                              6F       6F        1       20       1
                stringtext                         1000     1000       66       20       0
                idataBANK4                         1F54     1F54       20     3EA8       0

TOTAL           Name                               Link     Load   Length     Space
        CLASS   STACK          

        CLASS   CONST          

        CLASS   CODE           
                end_init                             13       13        2         0
                cinit                                15       15       35         0
                intentry                              4        4        F         0
                reset_vec                             0        0        2         0
                text131                            1D4A     1D4A       14         0
                text130                            130A     130A       37         0
                text129                            1B7A     1B7A        8         0
                text128                            1C44     1C44        F         0
                text127                            1CB6     1CB6       12         0
                text126                             2FD      2FD      13C         0
                text125                            10F5     10F5       29         0
                text123                            1B41     1B41        3         0
                text122                            14B9     14B9       4A         0
                text121                            1E1B     1E1B       19         0
                text120                            1D9A     1D9A       15         0
                text119                            1B5D     1B5D        5         0
                text118                            1E4D     1E4D       1A         0
                text117                            1B4D     1B4D        4         0
                text116                            1B51     1B51        4         0
                text115                            10A8     10A8       26         0
                text114                            1BC9     1BC9        C         0
                text113                            1F96     1F96       23         0
                text112                            1ED6     1ED6       1F         0
                text111                            111E     111E       2A         0
                text110                            142F     142F       44         0
                text109                            1B55     1B55        4         0
                text108                            1DAF     1DAF       15         0
                text107                            1D5E     1D5E       14         0
                text106                            1BB3     1BB3        B         0
                text105                            1B82     1B82        8         0
                text104                            1CFE     1CFE       13         0
                text103                            1C62     1C62       10         0
                text102                            1CC8     1CC8       12         0
                text101                            1148     1148       2A         0
                text100                             8BD      8BD       61         0
                text99                             1EB8     1EB8       1E         0
                text98                             1F14     1F14       20         0
                text97                              91E      91E       61         0
                text96                             1F74     1F74       22         0
                text95                              EA3      EA3       A9         0
                text94                              CF0      CF0       87         0
                text93                             1473     1473       46         0
                text92                              AAA      AAA       6C         0
                text91                              6FC      6FC       BD         0
                text90                              85E      85E       5F         0
                text89                             1C72     1C72       11         0
                text88                             15F2     15F2       54         0
                text87                             174D     174D       59         0
                text86                              7B9      7B9       46         0
                text85                              97F      97F       61         0
                text84                             1B8A     1B8A        8         0
                text83                             1B40     1B40        1         0
                text82                             10CE     10CE       27         0
                text81                             1E04     1E04       17         0
                text80                             1B92     1B92        8         0
                text79                             1172     1172       2C         0
                text78                             11CD     11CD       33         0
                text77                             1DC4     1DC4       15         0
                text76                             1E81     1E81       1B         0
                text75                             1551     1551       50         0
                text74                              D77      D77       93         0
                text73                             15A1     15A1       51         0
                text72                             1646     1646       57         0
                text71                             1200     1200       34         0
                text70                             1E67     1E67       1A         0
                text69                             1BAA     1BAA        9         0
                text68                             119E     119E       2F         0
                text67                             1BD5     1BD5        C         0
                text66                              620      620       DC         0
                text65                             1BE1     1BE1        C         0
                text64                             1503     1503       4E         0
                text63                             129E     129E       36         0
                text62                             1C83     1C83       11         0
                text61                             1BED     1BED        C         0
                text60                             13B1     13B1       3E         0
                text59                             1BF9     1BF9        C         0
                text58                             1E9C     1E9C       1C         0
                text57                             1B62     1B62        5         0
                text56                             1DEE     1DEE       16         0
                text55                             1B9A     1B9A        8         0
                text54                             1C36     1C36        E         0
                text53                              1B9      1B9      144         0
                text52                             1B73     1B73        7         0
                text51                             1B59     1B59        4         0
                text50                             1C05     1C05        C         0
                text49                             1E34     1E34       19         0
                text48                             1C11     1C11        C         0
                text47                             1C1D     1C1D        C         0
                text46                             1CDA     1CDA       12         0
                text45                             1BBE     1BBE        B         0
                text44                             1B44     1B44        3         0
                text43                             1066     1066       1D         0
                text42                             1083     1083       25         0
                text41                              BF9      BF9       76         0
                text40                              A42      A42       68         0
                text39                             1C94     1C94       11         0
                text38                             1CA5     1CA5       11         0
                text37                             1D11     1D11       13         0
                text36                              439      439       F6         0
                text35                              F4C      F4C       B4         0
                text34                              803      803       5B         0
                text33                             1FB9     1FB9       23         0
                text32                             1234     1234       35         0
                text31                             13EF     13EF       40         0
                text30                             169D     169D       58         0
                text29                              B16      B16       6F         0
                text28                             1D24     1D24       13         0
                text27                             12D4     12D4       36         0
                text26                              B85      B85       74         0
                text25                              52F      52F       F1         0
                text24                             1B47     1B47        3         0
                text23                             1DD9     1DD9       15         0
                text22                             1BA2     1BA2        8         0
                text21                             1C29     1C29        D         0
                text20                             1D37     1D37       13         0
                text19                             17A6     17A6       5A         0
                text18                              9E0      9E0       62         0
                text17                             1D72     1D72       14         0
                text16                             1EF5     1EF5       1F         0
                text15                             1269     1269       35         0
                text14                             1D86     1D86       14         0
                text13                               4A       4A      16F         0
                text12                             1FDC     1FDC       24         0
                text11                              7FF      7FF        1         0
                text10                             1B4A     1B4A        3         0
                text9                               E0A      E0A       99         0
                text8                               800      800        3         0
                text7                                 2        2        2         0
                text6                              1CEC     1CEC       12         0
                text5                              1F34     1F34       20         0
                text4                               C6F      C6F       81         0
                text3                              1341     1341       37         0
                text2                              1C53     1C53        F         0
                text1                              1378     1378       39         0
                maintext                           16F5     16F5       58         0
                inittext                           1B67     1B67        6         0
                clrtext                            1B6D     1B6D        6         0
                idataBANK4                         1F54     1F54       20         0

        CLASS   STRCODE        
                stringtext                         1000     1000       66         0

        CLASS   ENTRY          

        CLASS   STRING         

        CLASS   COMMON         
                cstackCOMMON                         70       70        8         1
                bssCOMMON                            78       78        5         1
                bitbssCOMMON                        3E8       7D        2         1

        CLASS   BANK0          
                cstackBANK0                          20       20       4F         1
                nvBANK0                              6F       6F        1         1

        CLASS   BANK1          
                cstackBANK1                          E6       E6        9         1
                bssBANK1                             A0       A0       46         1

        CLASS   BANK2          
                bssBANK2                            120      120       50         1

        CLASS   BANK3          
                bssBANK3                            1A0      1A0       45         1

        CLASS   BANK4          
                dataBANK4                           245      245       20         1
                bssBANK4                            220      220       25         1

        CLASS   BANK5          

        CLASS   BANK6          

        CLASS   BANK7          

        CLASS   BANK8          

        CLASS   BANK9          

        CLASS   BANK10         

        CLASS   BANK11         

        CLASS   BANK12         

        CLASS   BIGRAM         

        CLASS   RAM            

        CLASS   ABS1           
                abs_s1                               7E       7E        2         1

        CLASS   SFR0           

        CLASS   SFR1           

        CLASS   SFR2           

        CLASS   SFR3           

        CLASS   SFR4           

        CLASS   SFR5           

        CLASS   SFR6           

        CLASS   SFR7           

        CLASS   SFR8           

        CLASS   SFR9           

        CLASS   SFR10          

        CLASS   SFR11          

        CLASS   SFR12          

        CLASS   SFR13          

        CLASS   SFR14          

        CLASS   SFR15          

        CLASS   SFR16          

        CLASS   SFR17          

        CLASS   SFR18          

        CLASS   SFR19          

        CLASS   SFR20          

        CLASS   SFR21          

        CLASS   SFR22          

        CLASS   SFR23          

        CLASS   SFR24          

        CLASS   SFR25          

        CLASS   SFR26          

        CLASS   SFR27          

        CLASS   SFR28          

        CLASS   SFR29          

        CLASS   SFR30          

        CLASS   SFR31          

        CLASS   CONFIG         
                config                             8007     8007        2         0

        CLASS   IDLOC          

        CLASS   BANK31         

        CLASS   BANK30         

        CLASS   BANK29         

        CLASS   BANK28         

        CLASS   BANK27         

        CLASS   BANK26         

        CLASS   BANK25         

        CLASS   BANK24         

        CLASS   BANK23         

        CLASS   BANK22         

        CLASS   BANK21         

        CLASS   BANK20         

        CLASS   BANK19         

        CLASS   BANK18         

        CLASS   BANK17         

        CLASS   BANK16         

        CLASS   BANK15         

        CLASS   BANK14         

        CLASS   BANK13         

        CLASS   EEDATA         



SEGMENTS        Name                           Load    Length   Top    Selector   Space  Class     Delta

                reset_vec                      000000  000004  000004         0       0  CODE        2
                intentry                       000004  0007FC  000800         8       0  CODE        2
                cstackBANK0                    000020  000050  000070        20       1  BANK0       1
                cstackCOMMON                   000070  00000E  00007E        70       1  COMMON      1
                bssBANK1                       0000A0  00004F  0000EF        A0       1  BANK1       1
                bssBANK2                       000120  000050  000170       120       1  BANK2       1
                bssBANK3                       0001A0  000045  0001E5       1A0       1  BANK3       1
                bssBANK4                       000220  000045  000265       220       1  BANK4       1
                text8                          000800  000003  000803      1000       0  CODE        2
                text34                         000803  00005B  00085E      1006       0  CODE        2
                text90                         00085E  00005F  0008BD      10BC       0  CODE        2
                text100                        0008BD  000061  00091E      117A       0  CODE        2
                text97                         00091E  000061  00097F      123C       0  CODE        2
                text85                         00097F  000061  0009E0      12FE       0  CODE        2
                text18                         0009E0  000062  000A42      13C0       0  CODE        2
                text40                         000A42  000068  000AAA      1484       0  CODE        2
                text92                         000AAA  00006C  000B16      1554       0  CODE        2
                text29                         000B16  00006F  000B85      162C       0  CODE        2
                text26                         000B85  000074  000BF9      170A       0  CODE        2
                text41                         000BF9  000076  000C6F      17F2       0  CODE        2
                text4                          000C6F  000081  000CF0      18DE       0  CODE        2
                text94                         000CF0  000087  000D77      19E0       0  CODE        2
                text74                         000D77  000093  000E0A      1AEE       0  CODE        2
                text9                          000E0A  000099  000EA3      1C14       0  CODE        2
                text95                         000EA3  0000A9  000F4C      1D46       0  CODE        2
                text35                         000F4C  0000B4  001000      1E98       0  CODE        2
                stringtext                     001000  000066  001066        20       0  STRCODE     2
                text43                         001066  00001D  001083      20CC       0  CODE        2
                text42                         001083  000025  0010A8      2106       0  CODE        2
                text115                        0010A8  000026  0010CE      2150       0  CODE        2
                text82                         0010CE  000027  0010F5      219C       0  CODE        2
                text125                        0010F5  000029  00111E      21EA       0  CODE        2
                text111                        00111E  00002A  001148      223C       0  CODE        2
                text101                        001148  00002A  001172      2290       0  CODE        2
                text79                         001172  00002C  00119E      22E4       0  CODE        2
                text68                         00119E  00002F  0011CD      233C       0  CODE        2
                text78                         0011CD  000033  001200      239A       0  CODE        2
                text71                         001200  000034  001234      2400       0  CODE        2
                text32                         001234  000035  001269      2468       0  CODE        2
                text15                         001269  000035  00129E      24D2       0  CODE        2
                text63                         00129E  000036  0012D4      253C       0  CODE        2
                text27                         0012D4  000036  00130A      25A8       0  CODE        2
                text130                        00130A  000037  001341      2614       0  CODE        2
                text3                          001341  000037  001378      2682       0  CODE        2
                text1                          001378  000039  0013B1      26F0       0  CODE        2
                text60                         0013B1  00003E  0013EF      2762       0  CODE        2
                text31                         0013EF  000040  00142F      27DE       0  CODE        2
                text110                        00142F  000044  001473      285E       0  CODE        2
                text93                         001473  000046  0014B9      28E6       0  CODE        2
                text122                        0014B9  00004A  001503      2972       0  CODE        2
                text64                         001503  00004E  001551      2A06       0  CODE        2
                text75                         001551  000050  0015A1      2AA2       0  CODE        2
                text73                         0015A1  000051  0015F2      2B42       0  CODE        2
                text88                         0015F2  000054  001646      2BE4       0  CODE        2
                text72                         001646  000057  00169D      2C8C       0  CODE        2
                text30                         00169D  000058  0016F5      2D3A       0  CODE        2
                maintext                       0016F5  000058  00174D      2DEA       0  CODE        2
                text87                         00174D  000059  0017A6      2E9A       0  CODE        2
                text19                         0017A6  00005A  001800      2F4C       0  CODE        2
                text83                         001B40  000001  001B41      3680       0  CODE        2
                text123                        001B41  000003  001B44      3682       0  CODE        2
                text44                         001B44  000003  001B47      3688       0  CODE        2
                text24                         001B47  000003  001B4A      368E       0  CODE        2
                text10                         001B4A  000003  001B4D      3694       0  CODE        2
                text117                        001B4D  000004  001B51      369A       0  CODE        2
                text116                        001B51  000004  001B55      36A2       0  CODE        2
                text109                        001B55  000004  001B59      36AA       0  CODE        2
                text51                         001B59  000004  001B5D      36B2       0  CODE        2
                text119                        001B5D  000005  001B62      36BA       0  CODE        2
                text57                         001B62  000005  001B67      36C4       0  CODE        2
                inittext                       001B67  000006  001B6D      36CE       0  CODE        2
                clrtext                        001B6D  000006  001B73      36DA       0  CODE        2
                text52                         001B73  000007  001B7A      36E6       0  CODE        2
                text129                        001B7A  000008  001B82      36F4       0  CODE        2
                text105                        001B82  000008  001B8A      3704       0  CODE        2
                text84                         001B8A  000008  001B92      3714       0  CODE        2
                text80                         001B92  000008  001B9A      3724       0  CODE        2
                text55                         001B9A  000008  001BA2      3734       0  CODE        2
                text22                         001BA2  000008  001BAA      3744       0  CODE        2
                text69                         001BAA  000009  001BB3      3754       0  CODE        2
                text106                        001BB3  00000B  001BBE      3766       0  CODE        2
                text45                         001BBE  00000B  001BC9      377C       0  CODE        2
                text114                        001BC9  00000C  001BD5      3792       0  CODE        2
                text67                         001BD5  00000C  001BE1      37AA       0  CODE        2
                text65                         001BE1  00000C  001BED      37C2       0  CODE        2
                text61                         001BED  00000C  001BF9      37DA       0  CODE        2
                text59                         001BF9  00000C  001C05      37F2       0  CODE        2
                text50                         001C05  00000C  001C11      380A       0  CODE        2
                text48                         001C11  00000C  001C1D      3822       0  CODE        2
                text47                         001C1D  00000C  001C29      383A       0  CODE        2
                text21                         001C29  00000D  001C36      3852       0  CODE        2
                text54                         001C36  00000E  001C44      386C       0  CODE        2
                text128                        001C44  00000F  001C53      3888       0  CODE        2
                text2                          001C53  00000F  001C62      38A6       0  CODE        2
                text103                        001C62  000010  001C72      38C4       0  CODE        2
                text89                         001C72  000011  001C83      38E4       0  CODE        2
                text62                         001C83  000011  001C94      3906       0  CODE        2
                text39                         001C94  000011  001CA5      3928       0  CODE        2
                text38                         001CA5  000011  001CB6      394A       0  CODE        2
                text127                        001CB6  000012  001CC8      396C       0  CODE        2
                text102                        001CC8  000012  001CDA      3990       0  CODE        2
                text46                         001CDA  000012  001CEC      39B4       0  CODE        2
                text6                          001CEC  000012  001CFE      39D8       0  CODE        2
                text104                        001CFE  000013  001D11      39FC       0  CODE        2
                text37                         001D11  000013  001D24      3A22       0  CODE        2
                text28                         001D24  000013  001D37      3A48       0  CODE        2
                text20                         001D37  000013  001D4A      3A6E       0  CODE        2
                text131                        001D4A  000014  001D5E      3A94       0  CODE        2
                text107                        001D5E  000014  001D72      3ABC       0  CODE        2
                text17                         001D72  000014  001D86      3AE4       0  CODE        2
                text14                         001D86  000014  001D9A      3B0C       0  CODE        2
                text120                        001D9A  000015  001DAF      3B34       0  CODE        2
                text108                        001DAF  000015  001DC4      3B5E       0  CODE        2
                text77                         001DC4  000015  001DD9      3B88       0  CODE        2
                text23                         001DD9  000015  001DEE      3BB2       0  CODE        2
                text56                         001DEE  000016  001E04      3BDC       0  CODE        2
                text81                         001E04  000017  001E1B      3C08       0  CODE        2
                text121                        001E1B  000019  001E34      3C36       0  CODE        2
                text49                         001E34  000019  001E4D      3C68       0  CODE        2
                text118                        001E4D  00001A  001E67      3C9A       0  CODE        2
                text70                         001E67  00001A  001E81      3CCE       0  CODE        2
                text76                         001E81  00001B  001E9C      3D02       0  CODE        2
                text58                         001E9C  00001C  001EB8      3D38       0  CODE        2
                text99                         001EB8  00001E  001ED6      3D70       0  CODE        2
                text112                        001ED6  00001F  001EF5      3DAC       0  CODE        2
                text16                         001EF5  00001F  001F14      3DEA       0  CODE        2
                text98                         001F14  000020  001F34      3E28       0  CODE        2
                text5                          001F34  000020  001F54      3E68       0  CODE        2
                idataBANK4                     001F54  000020  001F74      3EA8       0  CODE        2
                text96                         001F74  000022  001F96      3EE8       0  CODE        2
                text113                        001F96  000023  001FB9      3F2C       0  CODE        2
                text33                         001FB9  000023  001FDC      3F72       0  CODE        2
                text12                         001FDC  000024  002000      3FB8       0  CODE        2
                config                         008007  000002  008009     1000E       0  CONFIG      2


UNUSED ADDRESS RANGES

        Name                Unused          Largest block    Delta
        BANK1            000EF-000EF               1           1
        BANK10           00520-0056F              50           1
        BANK11           005A0-005EF              50           1
        BANK12           00620-0064F              30           1
        BANK3            001E5-001EF               B           1
        BANK4            00265-0026F               B           1
        BANK5            002A0-002EF              50           1
        BANK6            00320-0036F              50           1
        BANK7            003A0-003EF              50           1
        BANK8            00420-0046F              50           1
        BANK9            004A0-004EF              50           1
        BIGRAM           02000-023EF             3F0           1
        CODE             01800-01B3F             340           2
                         02000-03FFF             800
        CONST            01800-01B3F             100           2
                         02000-03FFF             100
        ENTRY            01800-01B3F             100           2
                         02000-03FFF             100
        IDLOC            08000-08003               4           2
        RAM              000EF-000EF               1           1
                         001E5-001EF               B
                         00265-0026F               B
                         002A0-002EF              50
                         00320-0036F              50
                         003A0-003EF              50
                         00420-0046F              50
                         004A0-004EF              50
                         00520-0056F              50
                         005A0-005EF              50
                         00620-0064F              30
        SFR0             00000-0001F              20           1
        SFR1             00080-0009F              20           1
        SFR10            00500-0051F              20           1
        SFR11            00580-0059F              20           1
        SFR12            00600-0061F              20           1
        SFR13            00680-006EF              70           1
        SFR14            00700-0076F              70           1
        SFR15            00780-007EF              70           1
        SFR16            00800-0086F              70           1
        SFR17            00880-008EF              70           1
        SFR18            00900-0096F              70           1
        SFR19            00980-009EF              70           1
        SFR2             00100-0011F              20           1
        SFR20            00A00-00A6F              70           1
        SFR21            00A80-00AEF              70           1
        SFR22            00B00-00B6F              70           1
        SFR23            00B80-00BEF              70           1
        SFR24            00C00-00C6F              70           1
        SFR25            00C80-00CEF              70           1
        SFR26            00D00-00D6F              70           1
        SFR27            00D80-00DEF              70           1
        SFR28            00E00-00E6F              70           1
        SFR29            00E80-00EEF              70           1
        SFR3             00180-0019F              20           1
        SFR30            00F00-00F6F              70           1
        SFR31            00F80-00FEF              70           1
        SFR4             00200-0021F              20           1
        SFR5             00280-0029F              20           1
        SFR6             00300-0031F              20           1
        SFR7             00380-0039F              20           1
        SFR8             00400-0041F              20           1
        SFR9             00480-0049F              20           1
        STACK            02185-0231F             19B           1
        STRCODE          01800-01B3F             340           2
                         02000-03FFF            2000
        STRING           01800-01B3F             100           2
                         02000-03FFF             100

                                  Symbol Table

?___awdiv                                cstackBANK0  00020
?___awtoft                               cstackBANK0  00028
?___ftadd                                cstackBANK0  0003E
?___ftdiv                                cstackBANK0  0002E
?___ftmul                                cstackBANK0  0002E
?___ftpack                               cstackBANK0  00020
?___fttol                                cstackBANK0  0004B
?_getAD                                  cstackBANK0  00020
?_getBuz_GO                              cstackBANK0  00020
CC2500_InitPATable@loop_d                cstackBANK0  00027
CC2500_InitPATable@temp                  cstackBANK0  00026
CC2500_InitSetREG@loop_c                 cstackBANK0  00028
CC2500_InitSetREG@temp1                  cstackBANK0  00026
CC2500_InitSetREG@temp2                  cstackBANK0  00027
CC2500_ReadByte@loop_b                   cstackBANK0  00021
CC2500_ReadStatus@status_addr            cstackBANK0  00023
CC2500_RxData@loop_f                     cstackBANK0  00025
CC2500_TxData@loop_e                     cstackBANK0  00025
CC2500_WriteByte@loop_a                  cstackBANK0  00021
CC2500_WriteCommand@command              cstackBANK0  00023
CC2500_WriteREG@value                    cstackBANK0  00022
CC2500_WriteREG@w_addr                   cstackBANK0  00024
DelayOffPointSelect@sw                   cstackBANK0  00021
DelayTime_1us@count                      cstackBANK0  00020
DelayTime_1us@i                          cstackBANK0  00022
DelayTime_1us@j                          cstackBANK0  00024
DelayTimejudge@i                         cstackBANK0  00026
DelayTimejudge@j                         cstackBANK0  00027
DelayTimejudge@k                         cstackBANK0  00028
DelayTimejudge@value                     cstackBANK0  00029
DimmerIntrIOCPointSelect@lights          cstackCOMMON 00071
DimmerIntrPointSelect@lights             cstackCOMMON 00071
DimmerLightsPointSelect@lights           cstackBANK0  00021
DlyOff_Initialization@sw                 cstackBANK0  00022
DlyOff_Main@sw                           cstackBANK0  00068
Flash_Memory_Initialization@i            cstackBANK0  0005E
Flash_Memory_Modify@i                    cstackBANK0  00025
Flash_Memory_Read@address                cstackBANK0  00022
Flash_Memory_Read@i                      cstackBANK0  00021
Flash_Memory_Read@ret                    cstackBANK0  00023
Flash_Memory_Write@i                     cstackBANK0  00021
LedPointSelect@led                       cstackBANK0  00021
Load_Main@adjgo                          cstackBANK0  0002C
Load_Main@error                          cstackBANK0  0002E
Load_Main@i                              cstackBANK0  0002F
Load_Main@j                              cstackBANK0  0002B
SwPointSelect@sw                         cstackBANK0  00021
Switch_Main@error                        cstackBANK0  0006E
_ADCON0                                  (abs)        0009D
_ADCON1                                  (abs)        0009E
_ADC_Set                                 text52       01B73
_ADRESH                                  (abs)        0009C
_ADRESL                                  (abs)        0009B
_ANSELA                                  (abs)        0018C
_ANSELB                                  (abs)        0018D
_ANSELC                                  (abs)        0018E
_Buz1                                    bssBANK1     000B0
_Buzzer_Initialization                   text123      01B41
_Buzzer_Main                             text122      014B9
_CC2500_ClearRXFIFO                      text117      01B4D
_CC2500_ClearTXFIFO                      text116      01B51
_CC2500_FrequencyCabr                    text114      01BC9
_CC2500_InitPATable                      text112      01ED6
_CC2500_InitSetREG                       text111      0111E
_CC2500_PowerOnInitial                   text108      01DAF
_CC2500_PowerRST                         text110      0142F
_CC2500_ReadByte                         text43       01066
_CC2500_ReadStatus                       text42       01083
_CC2500_RxData                           text41       00BF9
_CC2500_SIDLEMode                        text109      01B55
_CC2500_TxData                           text40       00A42
_CC2500_WriteByte                        text121      01E1B
_CC2500_WriteCommand                     text118      01E4D
_CC2500_WriteREG                         text113      01F96
_CC2500_patable_vaule                    stringtext   0105E
_CC2500_registers_address                stringtext   01000
_CC2500_rfSettings                       stringtext   0102F
_CFGS                                    (abs)        00CAE
_CRC                                     bssBANK1     000C8
_DelayOff                                bssCOMMON    00078
_DelayOffPointSelect                     text107      01D5E
_DelayOff_Initialization                 text105      01B82
_DelayOff_Main                           text84       01B8A
_DelayTime_1us                           text115      010A8
_DelayTimejudge                          text101      01148
_Dimmer                                  bssBANK2     00120
_DimmerIntrIOCPointSelect                text131      01D4A
_DimmerIntrPointSelect                   text127      01CB6
_DimmerLights                            bssCOMMON    00079
_DimmerLights1                           bssBANK3     001BE
_DimmerLights11                          bssBANK1     000C9
_DimmerLights2                           bssBANK3     001CD
_DimmerLights22                          bssBANK1     000CA
_DimmerLightsIntr                        bssCOMMON    0007A
_DimmerLightsIntrIOC                     bssBANK1     000CB
_DimmerLightsPointSelect                 text104      01CFE
_DimmerLights_Initialization             text81       01E04
_DimmerLights_Main                       text71       01200
_DimmerLights_Main$2494                  cstackBANK0  00068
_Dimmer_Initialization                   text83       01B40
_DlyOff_Initialization                   text106      01BB3
_DlyOff_Main                             text85       0097F
_DlySw1                                  bssBANK2     0016C
_DlySw2                                  bssBANK2     0016E
_FREE                                    (abs)        00CAC
_FVRCON                                  (abs)        00117
_Flash_Memory_Erasing                    text65       01BE1
_Flash_Memory_Initialization             text66       00620
_Flash_Memory_Main                       text63       0129E
_Flash_Memory_Modify                     text64       01503
_Flash_Memory_Read                       text70       01E67
_Flash_Memory_Unlock                     text69       01BAA
_Flash_Memory_Write                      text68       0119E
_Fosc_Set                                text51       01B59
_GIE                                     (abs)        0005F
_GO_nDONE                                (abs)        004E9
_IOCBF                                   (abs)        00396
_IOCBF2                                  (abs)        01CB2
_IOCBN                                   (abs)        00395
_IOCBP                                   (abs)        00394
_IOCIE                                   (abs)        0005B
_IOCIF                                   (abs)        00058
_IOC_ISR                                 text128      01C44
_IOC_Set                                 text50       01C05
_IO_Set                                  text49       01E34
_ISR                                     intentry     00004
_LATA                                    (abs)        0010C
_LATB                                    (abs)        0010D
_LATC                                    (abs)        0010E
_LED                                     bssCOMMON    0007B
_LED_Initialization                      text61       01BED
_LED_Main                                text59       01BF9
_LWLO                                    (abs)        00CAD
_LedPointSelect                          text76       01E81
_Load                                    bssBANK2     0012A
_Load_Initialization                     text57       01B62
_Load_Main                               text53       001B9
_Load_Main$3848                          cstackBANK0  0002D
_Mcu_Initialization                      text46       01CDA
_Memory                                  bssBANK4     00220
_OSCCON                                  (abs)        00099
_PEIE                                    (abs)        0005E
_PMADRH                                  (abs)        00192
_PMADRL                                  (abs)        00191
_PMCON2                                  (abs)        00196
_PMDATH                                  (abs)        00194
_PMDATL                                  (abs)        00193
_PORTA                                   (abs)        0000C
_PORTB                                   (abs)        0000D
_PORTC                                   (abs)        0000E
_RA0                                     (abs)        00060
_RA3                                     (abs)        00063
_RA4                                     (abs)        00064
_RA6                                     (abs)        00066
_RA7                                     (abs)        00067
_RB0                                     (abs)        00068
_RB1                                     (abs)        00069
_RB3                                     (abs)        0006B
_RB4                                     (abs)        0006C
_RB5                                     (abs)        0006D
_RC0                                     (abs)        00070
_RC1                                     (abs)        00071
_RC2                                     (abs)        00072
_RC4                                     (abs)        00074
_RC5                                     (abs)        00075
_RC7                                     (abs)        00077
_RD                                      (abs)        00CA8
_RF1                                     bssBANK1     000BC
_RF_Count                                bssBANK2     00126
_RF_Data                                 bssBANK3     001A0
_RF_Initialization                       text44       01B44
_RF_Main                                 text24       01B47
_RSSI                                    bssBANK1     000CC
_Receive_OK                              bitbssCOMMON 003E8
_Rx_Length                               bssBANK1     000CD
_SPI0Buffer                              bssBANK1     000CE
_Sw                                      bssCOMMON    0007C
_Sw1                                     bssBANK2     00157
_Sw2                                     bssBANK3     001DC
_SwDetect                                bssBANK1     000CF
_SwPointSelect                           text17       01D72
_Switch_Initialization                   text21       01C29
_Switch_Main                             text12       01FDC
_T1CON                                   (abs)        00018
_TMR1H                                   (abs)        00017
_TMR1IE                                  (abs)        00488
_TMR1IF                                  (abs)        00088
_TMR1L                                   (abs)        00016
_TMR1_ISR                                text125      010F5
_TMR1_Set                                text48       01C11
_TRISA                                   (abs)        0008C
_TRISB                                   (abs)        0008D
_TRISC                                   (abs)        0008E
_Temp                                    bssBANK1     000D4
_Temp_Initialization                     text10       01B4A
_Temp_Main                               text8        00800
_Timeout_Counter                         text120      01D9A
_Timer1                                  bssBANK2     00123
_TouchPower                              text23       01DD9
_Transceive_OK                           bitbssCOMMON 003E9
_Tx_Length                               bssBANK1     000D0
_VarErrLED                               bssBANK2     00160
_VarLED1                                 bssBANK2     00164
_VarLED2                                 bssBANK2     00168
_WDT                                     bssBANK2     00128
_WDTCON                                  (abs)        00097
_WDT_Clearing                            text7        00002
_WDT_Main                                text6        01CEC
_WDT_Set                                 text47       01C1D
_WPUB1                                   (abs)        01069
_WPUB2                                   (abs)        0106A
_WR                                      (abs)        00CA9
_WREN                                    (abs)        00CAA
__CFG_BOREN$OFF                          (abs)        00000
__CFG_FOSC$INTOSC                        (abs)        00000
__CFG_VCAPEN$OFF                         (abs)        00000
__CFG_WDTE$ON                            (abs)        00000
__CFG_WRT$HALF                           (abs)        00000
__Habs1                                  abs1         00000
__Hbank0                                 bank0        00000
__Hbank1                                 bank1        00000
__Hbank10                                bank10       00000
__Hbank11                                bank11       00000
__Hbank12                                bank12       00000
__Hbank13                                bank13       00000
__Hbank14                                bank14       00000
__Hbank15                                bank15       00000
__Hbank16                                bank16       00000
__Hbank17                                bank17       00000
__Hbank18                                bank18       00000
__Hbank19                                bank19       00000
__Hbank2                                 bank2        00000
__Hbank20                                bank20       00000
__Hbank21                                bank21       00000
__Hbank22                                bank22       00000
__Hbank23                                bank23       00000
__Hbank24                                bank24       00000
__Hbank25                                bank25       00000
__Hbank26                                bank26       00000
__Hbank27                                bank27       00000
__Hbank28                                bank28       00000
__Hbank29                                bank29       00000
__Hbank3                                 bank3        00000
__Hbank30                                bank30       00000
__Hbank31                                bank31       00000
__Hbank4                                 bank4        00000
__Hbank5                                 bank5        00000
__Hbank6                                 bank6        00000
__Hbank7                                 bank7        00000
__Hbank8                                 bank8        00000
__Hbank9                                 bank9        00000
__Hbigram                                bigram       00000
__HbitbssCOMMON                          bitbssCOMMON 00000
__HbssBANK1                              bssBANK1     00000
__HbssBANK2                              bssBANK2     00000
__HbssBANK3                              bssBANK3     00000
__HbssBANK4                              bssBANK4     00000
__HbssCOMMON                             bssCOMMON    00000
__Hcinit                                 cinit        0004A
__Hclrtext                               clrtext      00000
__Hcode                                  code         00000
__Hcommon                                common       00000
__Hconfig                                config       08009
__HcstackBANK0                           cstackBANK0  00000
__HcstackBANK1                           cstackBANK1  00000
__HcstackCOMMON                          cstackCOMMON 00000
__HdataBANK4                             dataBANK4    00000
__Heeprom_data                           eeprom_data  00000
__Hend_init                              end_init     00015
__Hfunctab                               functab      00000
__HidataBANK4                            idataBANK4   00000
__Hidloc                                 idloc        00000
__Hinit                                  init         00013
__Hinittext                              inittext     00000
__Hintentry                              intentry     00013
__Hmaintext                              maintext     00000
__HnvBANK0                               nvBANK0      00000
__Hpowerup                               powerup      00000
__Hram                                   ram          00000
__Hreset_vec                             reset_vec    00002
__Hsfr0                                  sfr0         00000
__Hsfr1                                  sfr1         00000
__Hsfr10                                 sfr10        00000
__Hsfr11                                 sfr11        00000
__Hsfr12                                 sfr12        00000
__Hsfr13                                 sfr13        00000
__Hsfr14                                 sfr14        00000
__Hsfr15                                 sfr15        00000
__Hsfr16                                 sfr16        00000
__Hsfr17                                 sfr17        00000
__Hsfr18                                 sfr18        00000
__Hsfr19                                 sfr19        00000
__Hsfr2                                  sfr2         00000
__Hsfr20                                 sfr20        00000
__Hsfr21                                 sfr21        00000
__Hsfr22                                 sfr22        00000
__Hsfr23                                 sfr23        00000
__Hsfr24                                 sfr24        00000
__Hsfr25                                 sfr25        00000
__Hsfr26                                 sfr26        00000
__Hsfr27                                 sfr27        00000
__Hsfr28                                 sfr28        00000
__Hsfr29                                 sfr29        00000
__Hsfr3                                  sfr3         00000
__Hsfr30                                 sfr30        00000
__Hsfr31                                 sfr31        00000
__Hsfr4                                  sfr4         00000
__Hsfr5                                  sfr5         00000
__Hsfr6                                  sfr6         00000
__Hsfr7                                  sfr7         00000
__Hsfr8                                  sfr8         00000
__Hsfr9                                  sfr9         00000
__Hspace_0                               (abs)        08009
__Hspace_1                               (abs)        003EA
__Hspace_2                               (abs)        00000
__Hspace_3                               (abs)        00000
__Hstack                                 stack        00000
__Hstrings                               strings      00000
__Hstringtext                            stringtext   00000
__Htext                                  text         00000
__Labs1                                  abs1         00000
__Lbank0                                 bank0        00000
__Lbank1                                 bank1        00000
__Lbank10                                bank10       00000
__Lbank11                                bank11       00000
__Lbank12                                bank12       00000
__Lbank13                                bank13       00000
__Lbank14                                bank14       00000
__Lbank15                                bank15       00000
__Lbank16                                bank16       00000
__Lbank17                                bank17       00000
__Lbank18                                bank18       00000
__Lbank19                                bank19       00000
__Lbank2                                 bank2        00000
__Lbank20                                bank20       00000
__Lbank21                                bank21       00000
__Lbank22                                bank22       00000
__Lbank23                                bank23       00000
__Lbank24                                bank24       00000
__Lbank25                                bank25       00000
__Lbank26                                bank26       00000
__Lbank27                                bank27       00000
__Lbank28                                bank28       00000
__Lbank29                                bank29       00000
__Lbank3                                 bank3        00000
__Lbank30                                bank30       00000
__Lbank31                                bank31       00000
__Lbank4                                 bank4        00000
__Lbank5                                 bank5        00000
__Lbank6                                 bank6        00000
__Lbank7                                 bank7        00000
__Lbank8                                 bank8        00000
__Lbank9                                 bank9        00000
__Lbigram                                bigram       00000
__LbitbssCOMMON                          bitbssCOMMON 00000
__LbssBANK1                              bssBANK1     00000
__LbssBANK2                              bssBANK2     00000
__LbssBANK3                              bssBANK3     00000
__LbssBANK4                              bssBANK4     00000
__LbssCOMMON                             bssCOMMON    00000
__Lcinit                                 cinit        00015
__Lclrtext                               clrtext      00000
__Lcode                                  code         00000
__Lcommon                                common       00000
__Lconfig                                config       08007
__LcstackBANK0                           cstackBANK0  00000
__LcstackBANK1                           cstackBANK1  00000
__LcstackCOMMON                          cstackCOMMON 00000
__LdataBANK4                             dataBANK4    00000
__Leeprom_data                           eeprom_data  00000
__Lend_init                              end_init     00013
__Lfunctab                               functab      00000
__LidataBANK4                            idataBANK4   00000
__Lidloc                                 idloc        00000
__Linit                                  init         00013
__Linittext                              inittext     00000
__Lintentry                              intentry     00004
__Lmaintext                              maintext     00000
__LnvBANK0                               nvBANK0      00000
__Lpowerup                               powerup      00000
__Lram                                   ram          00000
__Lreset_vec                             reset_vec    00000
__Lsfr0                                  sfr0         00000
__Lsfr1                                  sfr1         00000
__Lsfr10                                 sfr10        00000
__Lsfr11                                 sfr11        00000
__Lsfr12                                 sfr12        00000
__Lsfr13                                 sfr13        00000
__Lsfr14                                 sfr14        00000
__Lsfr15                                 sfr15        00000
__Lsfr16                                 sfr16        00000
__Lsfr17                                 sfr17        00000
__Lsfr18                                 sfr18        00000
__Lsfr19                                 sfr19        00000
__Lsfr2                                  sfr2         00000
__Lsfr20                                 sfr20        00000
__Lsfr21                                 sfr21        00000
__Lsfr22                                 sfr22        00000
__Lsfr23                                 sfr23        00000
__Lsfr24                                 sfr24        00000
__Lsfr25                                 sfr25        00000
__Lsfr26                                 sfr26        00000
__Lsfr27                                 sfr27        00000
__Lsfr28                                 sfr28        00000
__Lsfr29                                 sfr29        00000
__Lsfr3                                  sfr3         00000
__Lsfr30                                 sfr30        00000
__Lsfr31                                 sfr31        00000
__Lsfr4                                  sfr4         00000
__Lsfr5                                  sfr5         00000
__Lsfr6                                  sfr6         00000
__Lsfr7                                  sfr7         00000
__Lsfr8                                  sfr8         00000
__Lsfr9                                  sfr9         00000
__Lspace_0                               (abs)        00000
__Lspace_1                               (abs)        00000
__Lspace_2                               (abs)        00000
__Lspace_3                               (abs)        00000
__Lstack                                 stack        00000
__Lstrings                               strings      00000
__Lstringtext                            stringtext   00000
__Ltext                                  text         00000
__S0                                     (abs)        08009
__S1                                     (abs)        00265
__S2                                     (abs)        00000
___awdiv                                 text88       015F2
___awdiv@counter                         cstackBANK0  00025
___awdiv@dividend                        cstackBANK0  00022
___awdiv@divisor                         cstackBANK0  00020
___awdiv@quotient                        cstackBANK0  00027
___awdiv@sign                            cstackBANK0  00026
___awtoft                                text96       01F74
___awtoft@c                              cstackBANK0  00028
___awtoft@sign                           cstackBANK0  0002D
___bmul                                  text102      01CC8
___bmul@multiplicand                     cstackBANK0  00020
___bmul@multiplier                       cstackBANK0  00023
___bmul@product                          cstackBANK0  00022
___ftadd                                 text36       00439
___ftadd@exp1                            cstackBANK0  0004A
___ftadd@exp2                            cstackBANK0  00049
___ftadd@f1                              cstackBANK0  0003E
___ftadd@f2                              cstackBANK0  00041
___ftadd@sign                            cstackBANK0  00048
___ftdiv                                 text95       00EA3
___ftdiv@cntr                            cstackBANK0  00038
___ftdiv@exp                             cstackBANK0  0003C
___ftdiv@f1                              cstackBANK0  00031
___ftdiv@f2                              cstackBANK0  0002E
___ftdiv@f3                              cstackBANK0  00039
___ftdiv@sign                            cstackBANK0  0003D
___ftmul                                 text35       00F4C
___ftmul@cntr                            cstackBANK0  0003C
___ftmul@exp                             cstackBANK0  00038
___ftmul@f1                              cstackBANK0  0002E
___ftmul@f2                              cstackBANK0  00031
___ftmul@f3_as_product                   cstackBANK0  00039
___ftmul@sign                            cstackBANK0  0003D
___ftpack                                text97       0091E
___ftpack@arg                            cstackBANK0  00020
___ftpack@exp                            cstackBANK0  00023
___ftpack@sign                           cstackBANK0  00024
___fttol                                 text94       00CF0
___fttol@exp1                            cstackBANK0  00058
___fttol@f1                              cstackBANK0  0004B
___fttol@lval                            cstackBANK0  00054
___fttol@sign1                           cstackBANK0  00053
___int_sp                                stack        00000
___latbits                               (abs)        00003
___sp                                    stack        00000
__end_of_ADC_Set                         text52       01B7A
__end_of_Buzzer_Initialization           text123      01B44
__end_of_Buzzer_Main                     text122      01503
__end_of_CC2500_ClearRXFIFO              text117      01B51
__end_of_CC2500_ClearTXFIFO              text116      01B55
__end_of_CC2500_FrequencyCabr            text114      01BD5
__end_of_CC2500_InitPATable              text112      01EF5
__end_of_CC2500_InitSetREG               text111      01148
__end_of_CC2500_PowerOnInitial           text108      01DC4
__end_of_CC2500_PowerRST                 text110      01473
__end_of_CC2500_ReadByte                 text43       01083
__end_of_CC2500_ReadStatus               text42       010A8
__end_of_CC2500_RxData                   text41       00C6F
__end_of_CC2500_SIDLEMode                text109      01B59
__end_of_CC2500_TxData                   text40       00AAA
__end_of_CC2500_WriteByte                text121      01E34
__end_of_CC2500_WriteCommand             text118      01E67
__end_of_CC2500_WriteREG                 text113      01FB9
__end_of_CC2500_patable_vaule            stringtext   01066
__end_of_CC2500_registers_address        stringtext   0102F
__end_of_CC2500_rfSettings               stringtext   0105E
__end_of_DelayOffPointSelect             text107      01D72
__end_of_DelayOff_Initialization         text105      01B8A
__end_of_DelayOff_Main                   text84       01B92
__end_of_DelayTime_1us                   text115      010CE
__end_of_DelayTimejudge                  text101      01172
__end_of_DimmerIntrIOCPointSelect        text131      01D5E
__end_of_DimmerIntrPointSelect           text127      01CC8
__end_of_DimmerLightsPointSelect         text104      01D11
__end_of_DimmerLights_Initialization     text81       01E1B
__end_of_DimmerLights_Main               text71       01234
[...]
		On entry : 
		On exit  : 
		Unchanged: 
 Data sizes:     COMMON   BANK0   BANK1   BANK2   BANK3   BANK4   BANK5   BANK6   BANK7   BANK8   BANK9  BANK10  BANK11  BANK12
      Params:         0       0       0       0       0       0       0       0       0       0       0       0       0       0
      Locals:         0       0       0       0       0       0       0       0       0       0       0       0       0       0
      Temps:          0       0       0       0       0       0       0       0       0       0       0       0       0       0
      Totals:         0       0       0       0       0       0       0       0       0       0       0       0       0       0
Total ram usage:        0 bytes
 Hardware stack levels used:    1
 Hardware stack levels required when called:    5
 This function calls:
		Nothing
 This function is called by:
		_main
 This function uses a non-reentrant model


 *************** function _ISR *****************
 Defined at:
		line 107 in file "../src/MCU_B1.c"
 Parameters:    Size  Location     Type
		None
 Auto vars:     Size  Location     Type
		None
 Return value:  Size  Location     Type
		None               void
 Registers used:
		wreg, fsr0l, fsr0h, fsr1l, fsr1h, status,2, status,0, pclath, cstack
 Tracked objects:
		On entry : 
		On exit  : 
		Unchanged: 
 Data sizes:     COMMON   BANK0   BANK1   BANK2   BANK3   BANK4   BANK5   BANK6   BANK7   BANK8   BANK9  BANK10  BANK11  BANK12
      Params:         0       0       0       0       0       0       0       0       0       0       0       0       0       0
      Locals:         0       0       0       0       0       0       0       0       0       0       0       0       0       0
      Temps:          1       0       0       0       0       0       0       0       0       0       0       0       0       0
      Totals:         1       0       0       0       0       0       0       0       0       0       0       0       0       0
Total ram usage:        1 bytes
 Hardware stack levels used:    1
 Hardware stack levels required when called:    4
 This function calls:
		_IOC_ISR
		_TMR1_ISR
 This function is called by:
		Interrupt level 1
 This function uses a non-reentrant model


 *************** function _TMR1_ISR *****************
 Defined at:
		line 209 in file "../src/MCU_B1.c"
 Parameters:    Size  Location     Type
		None
 Auto vars:     Size  Location     Type
		None
 Return value:  Size  Location     Type
		None               void
 Registers used:
		wreg, fsr0l, fsr0h, fsr1l, fsr1h, status,2, status,0, pclath, cstack
 Tracked objects:
		On entry : 
		On exit  : 
		Unchanged: 
 Data sizes:     COMMON   BANK0   BANK1   BANK2   BANK3   BANK4   BANK5   BANK6   BANK7   BANK8   BANK9  BANK10  BANK11  BANK12
      Params:         0       0       0       0       0       0       0       0       0       0       0       0       0       0
      Locals:         0       0       0       0       0       0       0       0       0       0       0       0       0       0
      Temps:          0       0       0       0       0       0       0       0       0       0       0       0       0       0
      Totals:         0       0       0       0       0       0       0       0       0       0       0       0       0       0
Total ram usage:        0 bytes
 Hardware stack levels used:    1
 Hardware stack levels required when called:    2
 This function calls:
		_setDimmerLights_IntrControl
 This function is called by:
		_ISR
 This function uses a non-reentrant model


 *************** function _setDimmerLights_IntrControl *****************
 Defined at:
		line 92 in file "../src/Dimmer_B1.c"
 Parameters:    Size  Location     Type
  lights          1    wreg     unsigned char 
 Auto vars:     Size  Location     Type
  lights          1    6[COMMON] unsigned char 
 Return value:  Size  Location     Type
		None               void
 Registers used:
		wreg, fsr0l, fsr0h, fsr1l, fsr1h, status,2, status,0, pclath, cstack
 Tracked objects:
		On entry : 
		On exit  : 
		Unchanged: 
 Data sizes:     COMMON   BANK0   BANK1   BANK2   BANK3   BANK4   BANK5   BANK6   BANK7   BANK8   BANK9  BANK10  BANK11  BANK12
      Params:         0       0       0       0       0       0       0       0       0       0       0       0       0       0
      Locals:         1       0       0       0       0       0       0       0       0       0       0       0       0       0
      Temps:          4       0       0       0       0       0       0       0       0       0       0       0       0       0
      Totals:         5       0       0       0       0       0       0       0       0       0       0       0       0       0
Total ram usage:        5 bytes
 Hardware stack levels used:    1
 Hardware stack levels required when called:    1
 This function calls:
		_DimmerIntrPointSelect
 This function is called by:
		_TMR1_ISR
 This function uses a non-reentrant model


 *************** function _DimmerIntrPointSelect *****************
 Defined at:
		line 70 in file "../src/Dimmer_B1.c"
 Parameters:    Size  Location     Type
  lights          1    wreg     unsigned char 
 Auto vars:     Size  Location     Type
  lights          1    1[COMMON] unsigned char 
 Return value:  Size  Location     Type
		None               void
 Registers used:
		wreg
 Tracked objects:
		On entry : 
		On exit  : 
		Unchanged: 
 Data sizes:     COMMON   BANK0   BANK1   BANK2   BANK3   BANK4   BANK5   BANK6   BANK7   BANK8   BANK9  BANK10  BANK11  BANK12
      Params:         0       0       0       0       0       0       0       0       0       0       0       0       0       0
      Locals:         1       0       0       0       0       0       0       0       0       0       0       0       0       0
      Temps:          1       0       0       0       0       0       0       0       0       0       0       0       0       0
      Totals:         2       0       0       0       0       0       0       0       0       0       0       0       0       0
Total ram usage:        2 bytes
 Hardware stack levels used:    1
 This function calls:
		Nothing
 This function is called by:
		_setDimmerLights_IntrControl
 This function uses a non-reentrant model


 *************** function _IOC_ISR *****************
 Defined at:
		line 401 in file "../src/MCU_B1.c"
 Parameters:    Size  Location     Type
		None
 Auto vars:     Size  Location     Type
		None
 Return value:  Size  Location     Type
		None               void
 Registers used:
		wreg, fsr1l, fsr1h, status,2, status,0, pclath, cstack
 Tracked objects:
		On entry : 
		On exit  : 
		Unchanged: 
 Data sizes:     COMMON   BANK0   BANK1   BANK2   BANK3   BANK4   BANK5   BANK6   BANK7   BANK8   BANK9  BANK10  BANK11  BANK12
      Params:         0       0       0       0       0       0       0       0       0       0       0       0       0       0
      Locals:         0       0       0       0       0       0       0       0       0       0       0       0       0       0
      Temps:          0       0       0       0       0       0       0       0       0       0       0       0       0       0
      Totals:         0       0       0       0       0       0       0       0       0       0       0       0       0       0
Total ram usage:        0 bytes
 Hardware stack levels used:    1
 Hardware stack levels required when called:    3
 This function calls:
		_setDimmerReClock
 This function is called by:
		_ISR
 This function uses a non-reentrant model


 *************** function _setDimmerReClock *****************
 Defined at:
		line 244 in file "../src/MCU_B1.c"
 Parameters:    Size  Location     Type
		None
 Auto vars:     Size  Location     Type
		None
 Return value:  Size  Location     Type
		None               void
 Registers used:
		wreg, fsr1l, fsr1h, status,2, status,0, pclath, cstack
 Tracked objects:
		On entry : 
		On exit  : 
		Unchanged: 
 Data sizes:     COMMON   BANK0   BANK1   BANK2   BANK3   BANK4   BANK5   BANK6   BANK7   BANK8   BANK9  BANK10  BANK11  BANK12
      Params:         0       0       0       0       0       0       0       0       0       0       0       0       0       0
      Locals:         0       0       0       0       0       0       0       0       0       0       0       0       0       0
      Temps:          0       0       0       0       0       0       0       0       0       0       0       0       0       0
      Totals:         0       0       0       0       0       0       0       0       0       0       0       0       0       0
Total ram usage:        0 bytes
 Hardware stack levels used:    1
 Hardware stack levels required when called:    2
 This function calls:
		_setDimmerLights_IntrIOC_GO
 This function is called by:
		_IOC_ISR
 This function uses a non-reentrant model


 *************** function _setDimmerLights_IntrIOC_GO *****************
 Defined at:
		line 28 in file "../src/Dimmer_B1.c"
 Parameters:    Size  Location     Type
  lights          1    wreg     unsigned char 
 Auto vars:     Size  Location     Type
  lights          1    2[COMMON] unsigned char 
 Return value:  Size  Location     Type
		None               void
 Registers used:
		wreg, fsr1l, fsr1h, status,2, status,0, pclath, cstack
 Tracked objects:
		On entry : 
		On exit  : 
		Unchanged: 
 Data sizes:     COMMON   BANK0   BANK1   BANK2   BANK3   BANK4   BANK5   BANK6   BANK7   BANK8   BANK9  BANK10  BANK11  BANK12
      Params:         0       0       0       0       0       0       0       0       0       0       0       0       0       0
      Locals:         1       0       0       0       0       0       0       0       0       0       0       0       0       0
      Temps:          0       0       0       0       0       0       0       0       0       0       0       0       0       0
      Totals:         1       0       0       0       0       0       0       0       0       0       0       0       0       0
Total ram usage:        1 bytes
 Hardware stack levels used:    1
 Hardware stack levels required when called:    1
 This function calls:
		_DimmerIntrIOCPointSelect
 This function is called by:
		_setDimmerReClock
 This function uses a non-reentrant model


 *************** function _DimmerIntrIOCPointSelect *****************
 Defined at:
		line 8 in file "../src/Dimmer_B1.c"
 Parameters:    Size  Location     Type
  lights          1    wreg     unsigned char 
 Auto vars:     Size  Location     Type
  lights          1    1[COMMON] unsigned char 
 Return value:  Size  Location     Type
		None               void
 Registers used:
		wreg
 Tracked objects:
		On entry : 
		On exit  : 
		Unchanged: 
 Data sizes:     COMMON   BANK0   BANK1   BANK2   BANK3   BANK4   BANK5   BANK6   BANK7   BANK8   BANK9  BANK10  BANK11  BANK12
      Params:         0       0       0       0       0       0       0       0       0       0       0       0       0       0
      Locals:         1       0       0       0       0       0       0       0       0       0       0       0       0       0
      Temps:          1       0       0       0       0       0       0       0       0       0       0       0       0       0
      Totals:         2       0       0       0       0       0       0       0       0       0       0       0       0       0
Total ram usage:        2 bytes
 Hardware stack levels used:    1
 This function calls:
		Nothing
 This function is called by:
		_setDimmerLights_IntrIOC_GO
 This function uses a non-reentrant model



MODULE INFORMATION

Module		Function		Class		Link	Load	Size
C:\Program Files (x86)\Microchip\xc8\v1.32\sources\common\float.c
		___ftpack      		CODE           	091E	0000	97

C:\Program Files (x86)\Microchip\xc8\v1.32\sources\common\float.c estimated size: 97

../src/OverLoad_B1.c
		_getLoad_AD    		CODE           	0C6F	0000	129
		_getLoad_OK    		CODE           	1B92	0000	8
		_Load_Initializ		CODE           	1B62	0000	5
		_Load_Main     		CODE           	01B9	0000	324
		_setLoad_AH_AL_		CODE           	1E9C	0000	28

../src/OverLoad_B1.c estimated size: 494

C:\Program Files (x86)\Microchip\xc8\v1.32\sources\common\awtoft.c
		___awtoft      		CODE           	1F74	0000	34

C:\Program Files (x86)\Microchip\xc8\v1.32\sources\common\awtoft.c estimated size: 34

../src/MCU_B1.c
		_Fosc_Set      		CODE           	1B59	0000	4
		_IO_Set        		CODE           	1E34	0000	25
		_WDT_Set       		CODE           	1C1D	0000	12
		_WDT_Main      		CODE           	1CEC	0000	18
		_ADC_Set       		CODE           	1B73	0000	7
		_IOC_ISR       		CODE           	1C44	0000	15
		_ISR           		CODE           	0004	0000	15
		_Flash_Memory_W		CODE           	119E	0000	47
		_Flash_Memory_M		CODE           	1503	0000	78
		_IOC_Set       		CODE           	1C05	0000	12
		_WDT_Clearing  		CODE           	0002	0000	2
		_setMemory_Modi		CODE           	1D11	0000	19
		_Mcu_Initializa		CODE           	1CDA	0000	18
		_setMemory_Data		CODE           	1BD5	0000	12
		_Flash_Memory_I		CODE           	0620	0000	220
		_getAD         		CODE           	1F34	0000	32
		_TMR1_Set      		CODE           	1C11	0000	12
		_setMemory_Loop		CODE           	1D24	0000	19
		_Flash_Memory_U		CODE           	1BAA	0000	9
		_Flash_Memory_R		CODE           	1E67	0000	26
		_Flash_Memory_E		CODE           	1BE1	0000	12
		_TMR1_ISR      		CODE           	10F5	0000	41
		_setDimmerReClo		CODE           	1B7A	0000	8
		_Flash_Memory_M		CODE           	129E	0000	54

../src/MCU_B1.c estimated size: 717

C:\Program Files (x86)\Microchip\xc8\v1.32\sources\common\ftmul.c
		___ftmul       		CODE           	0F4C	0000	180

C:\Program Files (x86)\Microchip\xc8\v1.32\sources\common\ftmul.c estimated size: 180

../src/Buzzer_B1.c
		_Buzzer_Main   		CODE           	14B9	0000	74
		_setBuz        		CODE           	174D	0000	89
		_getBuz_GO     		CODE           	1C94	0000	17
		_Buzzer_Initial		CODE           	1B41	0000	3

../src/Buzzer_B1.c estimated size: 183

../src/LED_B1.c
		_setLED        		CODE           	1551	0000	80
		_LED_Main      		CODE           	1BF9	0000	12
		_setLED_Initial		CODE           	1C83	0000	17
		_LedPointSelect		CODE           	1E81	0000	27
		_setLED_Main   		CODE           	13B1	0000	62
		_LED_Initializa		CODE           	1BED	0000	12

../src/LED_B1.c estimated size: 210

../src/OverTemperature_B1.c
		_Temp_Initializ		CODE           	1B4A	0000	3
		_Temp_Main     		CODE           	0800	0000	3
		_setTemp_Initia		CODE           	07FF	0000	1
		_getTemp_AD    		CODE           	1341	0000	55
		_setTemp_Main  		CODE           	0E0A	0000	153

../src/OverTemperature_B1.c estimated size: 215

../src/CC2500_B1.c
		_DelayTime_1us 		CODE           	10A8	0000	38
		_CC2500_Frequen		CODE           	1BC9	0000	12
		_CC2500_SIDLEMo		CODE           	1B55	0000	4
		_CC2500_PowerOn		CODE           	1DAF	0000	21
		_CC2500_WriteBy		CODE           	1E1B	0000	25
		_CC2500_RxData 		CODE           	0BF9	0000	118
		_CC2500_TxData 		CODE           	0A42	0000	104
		_CC2500_ClearRX		CODE           	1B4D	0000	4
		_CC2500_ClearTX		CODE           	1B51	0000	4
		_CC2500_InitPAT		CODE           	1ED6	0000	31
		_CC2500_WriteRE		CODE           	1F96	0000	35
		_CC2500_ReadSta		CODE           	1083	0000	37
		_CC2500_PowerRS		CODE           	142F	0000	68
		_CC2500_ReadByt		CODE           	1066	0000	29
		_CC2500_InitSet		CODE           	111E	0000	42
		_CC2500_WriteCo		CODE           	1E4D	0000	26

../src/CC2500_B1.c estimated size: 598

C:\Program Files (x86)\Microchip\xc8\v1.32\sources\common\fttol.c
		___fttol       		CODE           	0CF0	0000	135

C:\Program Files (x86)\Microchip\xc8\v1.32\sources\common\fttol.c estimated size: 135

../src/RF_Control_B1.c
		_RF_Initializat		CODE           	1B44	0000	3
		_getRxData     		CODE           	0B85	0000	116
		_setRF_Main    		CODE           	052F	0000	241
		_setRF_DimmerVa		CODE           	1234	0000	53
		_getRF_KeyStatu		CODE           	1CA5	0000	17
		_setRF_Initiali		CODE           	1BBE	0000	11
		_setTxData     		CODE           	06FC	0000	189
		_setRFSW_Contro		CODE           	169D	0000	88
		_setRF_Learn   		CODE           	1D86	0000	20
		_RF_Main       		CODE           	1B47	0000	3
		_setRFSW_AdjCon		CODE           	13EF	0000	64
		_setRF_DimmerLi		CODE           	0AAA	0000	108
		_setControl_Lig		CODE           	0B16	0000	111
		_setLog_Code   		CODE           	12D4	0000	54

../src/RF_Control_B1.c estimated size: 1078

C:\Program Files (x86)\Microchip\xc8\v1.32\sources\common\awdiv.c
		___awdiv       		CODE           	15F2	0000	84

C:\Program Files (x86)\Microchip\xc8\v1.32\sources\common\awdiv.c estimated size: 84

C:\Program Files (x86)\Microchip\xc8\v1.32\sources\common\ftadd.c
		___ftadd       		CODE           	0439	0000	246

C:\Program Files (x86)\Microchip\xc8\v1.32\sources\common\ftadd.c estimated size: 246

../src/main_B1.c
		_getMain_Lights		CODE           	1172	0000	44
		_my_MainTimer  		CODE           	1378	0000	57
		_main          		CODE           	16F5	0000	88
		_Timeout_Counte		CODE           	1D9A	0000	21
		_myMain_Initial		CODE           	1C53	0000	15
		_getMain_All_Er		CODE           	11CD	0000	51
		_set_TimeoutCle		CODE           	1B5D	0000	5
		_getMain_LoadOK		CODE           	1C36	0000	14
		_getMain_Lights		CODE           	1DEE	0000	22
		_setMain_Except		CODE           	09E0	0000	98

../src/main_B1.c estimated size: 415

C:\Program Files (x86)\Microchip\xc8\v1.32\sources\common\Umul8.c
		___bmul        		CODE           	1CC8	0000	18

C:\Program Files (x86)\Microchip\xc8\v1.32\sources\common\Umul8.c estimated size: 18

shared
		_CC2500_patable		STRCODE        	105E	0000	8
		_CC2500_rfSetti		STRCODE        	102F	0000	47
		__initializatio		CODE           	0015	0000	49
		_CC2500_registe		STRCODE        	1000	0000	47

shared estimated size: 151

../src/Switch_B1.c
		_Switch_Main   		CODE           	1FDC	0000	36
		_SwPointSelect 		CODE           	1D72	0000	20
		_TouchPower    		CODE           	1DD9	0000	21
		_setSw_Main    		CODE           	004A	0000	367
		_getSw_KeyStatu		CODE           	1EF5	0000	31
		_setSw_Initiali		CODE           	1BA2	0000	8
		_Switch_Initial		CODE           	1C29	0000	13

../src/Switch_B1.c estimated size: 496

../src/Dimmer_B1.c
		_DimmerLightsPo		CODE           	1CFE	0000	19
		_getDimmerLight		CODE           	1C62	0000	16
		_setDimmerLight		CODE           	085E	0000	95
		_DimmerIntrPoin		CODE           	1CB6	0000	18
		_DimmerLights_M		CODE           	1200	0000	52
		_setDimmerLight		CODE           	07B9	0000	70
		_getAll_DimmerL		CODE           	1C72	0000	17
		_getDimmerLight		CODE           	1D37	0000	19
		_setDimmerLight		CODE           	02FD	0000	316
		_DimmerIntrIOCP		CODE           	1D4A	0000	20
		_setDimmerLight		CODE           	15A1	0000	81
		_setDimmerLight		CODE           	0D77	0000	147
		_setDimmerLight		CODE           	1DC4	0000	21
		_setDimmerLight		CODE           	1FB9	0000	35
		_getPercentValu		CODE           	0803	0000	91
		_setDimmerLight		CODE           	17A6	0000	90
		_setDimmerLight		CODE           	1EB8	0000	30
		_setDimmerLight		CODE           	1F14	0000	32
		_setPercentValu		CODE           	1473	0000	70
		_getDimmer_Load		CODE           	1B9A	0000	8
		_setDimmerLight		CODE           	10CE	0000	39
		_setDimmerLight		CODE           	130A	0000	55
		_Dimmer_Initial		CODE           	1B40	0000	1
		_DimmerLights_I		CODE           	1E04	0000	23
		_setDimmerLight		CODE           	1646	0000	87
		_setDimmerLight		CODE           	1269	0000	53

../src/Dimmer_B1.c estimated size: 1505

../src/DelayOff_B1.c
		_DelayOff_Initi		CODE           	1B82	0000	8
		_DlyOff_Main   		CODE           	097F	0000	97
		_DelayTimejudge		CODE           	1148	0000	42
		_DelayOff_Main 		CODE           	1B8A	0000	8
		_DelayOffPointS		CODE           	1D5E	0000	20
		_setDelayOff_GO		CODE           	08BD	0000	97
		_DlyOff_Initial		CODE           	1BB3	0000	11

../src/DelayOff_B1.c estimated size: 283

C:\Program Files (x86)\Microchip\xc8\v1.32\sources\pic\ftdiv.c
		___ftdiv       		CODE           	0EA3	0000	169

C:\Program Files (x86)\Microchip\xc8\v1.32\sources\pic\ftdiv.c estimated size: 169

