Microchip MPLAB XC8 Compiler V1.32 ()

Linker command line:

--edf=C:\Program Files (x86)\Microchip\xc8\v1.32\dat\en_msgs.txt -cs \
  -h+dist/default/production\1-8.Switch_2Key_Dimmer_MOSFET.X.production.sym \
  --cmf=dist/default/production\1-8.Switch_2Key_Dimmer_MOSFET.X.production.cmf \
  -z -Q16F1518 -oC:\Users\taianluo\AppData\Local\Temp\sfs.6 \
  -Mdist/default/production/1-8.Switch_2Key_Dimmer_MOSFET.X.production.map \
  -E1 -ver=XC8 -ASTACK=02160h-0231fh -pstack=STACK -ACONST=00h-0FFhx64 \
  -ACODE=00h-07FFhx8 -ASTRCODE=00h-03FFFh -AENTRY=00h-0FFhx64 \
  -ASTRING=00h-0FFhx64 -ACOMMON=070h-07Fh -ABANK0=020h-06Fh \
  -ABANK1=0A0h-0EFh -ABANK2=0120h-016Fh -ABANK3=01A0h-01EFh \
  -ABANK4=0220h-026Fh -ABANK5=02A0h-02EFh -ABANK6=0320h-036Fh \
  -ABANK7=03A0h-03EFh -ABANK8=0420h-046Fh -ABANK9=04A0h-04EFh \
  -ABANK10=0520h-056Fh -ABANK11=05A0h-05EFh -ABANK12=0620h-064Fh \
  -ABIGRAM=02000h-023EFh \
  -ARAM=020h-06Fh,0A0h-0EFh,0120h-016Fh,01A0h-01EFh,0220h-026Fh,02A0h-02EFh,0320h-036Fh,03A0h-03EFh,0420h-046Fh,04A0h-04EFh,0520h-056Fh,05A0h-05EFh,0620h-064Fh \
  -AABS1=020h-07Fh,0A0h-0EFh,0120h-016Fh,01A0h-01EFh,0220h-026Fh,02A0h-02EFh,0320h-036Fh,03A0h-03EFh,0420h-046Fh,04A0h-04EFh,0520h-056Fh,05A0h-05EFh,0620h-064Fh \
  -ASFR0=00h-01Fh -ASFR1=080h-09Fh -ASFR2=0100h-011Fh -ASFR3=0180h-019Fh \
  -ASFR4=0200h-021Fh -ASFR5=0280h-029Fh -ASFR6=0300h-031Fh \
  -ASFR7=0380h-039Fh -ASFR8=0400h-041Fh -ASFR9=0480h-049Fh \
  -ASFR10=0500h-051Fh -ASFR11=0580h-059Fh -ASFR12=0600h-061Fh \
  -ASFR13=0680h-06EFh -ASFR14=0700h-076Fh -ASFR15=0780h-07EFh \
  -ASFR16=0800h-086Fh -ASFR17=0880h-08EFh -ASFR18=0900h-096Fh \
  -ASFR19=0980h-09EFh -ASFR20=0A00h-0A6Fh -ASFR21=0A80h-0AEFh \
  -ASFR22=0B00h-0B6Fh -ASFR23=0B80h-0BEFh -ASFR24=0C00h-0C6Fh \
  -ASFR25=0C80h-0CEFh -ASFR26=0D00h-0D6Fh -ASFR27=0D80h-0DEFh \
  -ASFR28=0E00h-0E6Fh -ASFR29=0E80h-0EEFh -ASFR30=0F00h-0F6Fh \
  -ASFR31=0F80h-0FEFh -preset_vec=00h,intentry=04h,init,end_init \
  -ppowerup=CODE -pcinit=CODE -pfunctab=CODE -ACONFIG=08007h-08008h \
  -pconfig=CONFIG -DCONFIG=2 -AIDLOC=08000h-08003h -pidloc=IDLOC -DIDLOC=2 \
  -DCODE=2 -DSTRCODE=2 -DSTRING=2 -DCONST=2 -DENTRY=2 -k \
  C:\Users\taianluo\AppData\Local\Temp\sfs.obj \
  dist/default/production\1-8.Switch_2Key_Dimmer_MOSFET.X.production.obj 

Object code version is 3.11

Machine type is 16F1518



                Name                               Link     Load   Length Selector   Space Scale
C:\Users\taianluo\AppData\Local\Temp\sfs.obj
                end_init                             13       13        2        8       0
                reset_vec                             0        0        2        0       0
                config                             8007     8007        2    1000E       0
dist/default/production\1-8.Switch_2Key_Dimmer_MOSFET.X.production.obj
                cinit                                15       15       2C        8       0
                intentry                              4        4        F        8       0
                text117                            114D     114D       14     229A       0
                text116                             7C9      7C9       37        8       0
                text115                            1F2D     1F2D        8     3E5A       0
                text114                            1FD2     1FD2        F     3FA4       0
                text113                            10A7     10A7       12     214E       0
                text112                             1B0      1B0      13C        8       0
                text111                            1445     1445       28     288A       0
                text109                            1EF8     1EF8        3     3DF0       0
                text108                            17B6     17B6       4A     2F6C       0
                text107                            1208     1208       19     2410       0
                text106                            119D     119D       15     233A       0
                text105                            1F15     1F15        5     3E2A       0
                text104                            123A     123A       1A     2474       0
                text103                            1F01     1F01        4     3E02       0
                text102                            1F05     1F05        4     3E0A       0
                text101                            13F8     13F8       26     27F0       0
                text100                            1F7E     1F7E        C     3EFC       0
                text99                             1369     1369       23     26D2       0
                text98                             12A9     12A9       1F     2552       0
                text97                             146D     146D       2A     28DA       0
                text96                              800      800       44     1000       0
                text95                             1F09     1F09        4     3E12       0
                text94                             11B2     11B2       15     2364       0
                text93                             1161     1161       14     22C2       0
                text92                             1F5E     1F5E        A     3EBC       0
                text91                             1F35     1F35        8     3E6A       0
                text90                             1101     1101       13     2202       0
                text89                             1FF0     1FF0       10     3FE0       0
                text88                             10B9     10B9       12     2172       0
                text87                             1497     1497       2A     292E       0
                text86                              B4E      B4E       5C     169C       0
                text85                             128B     128B       1E     2516       0
                text84                             12E7     12E7       20     25CE       0
                text83                              C09      C09       61     1812       0
                text82                             1347     1347       22     268E       0
                text81                              720      720       A9        8       0
                text80                              F79      F79       87     1EF2       0
                text79                             172A     172A       46     2E54       0
                text78                              D34      D34       6C     1A68       0
                text77                              5AF      5AF       BD        8       0
                text76                              BAA      BAA       5F     1754       0
                text75                             1074     1074       11     20E8       0
                text74                              8E5      8E5       54     11CA       0
                text73                              A40      A40       59     1480       0
                text72                             1770     1770       46     2EE0       0
                text71                              990      990       58     1320       0
                text70                             1F3D     1F3D        8     3E7A       0
                text69                             1066     1066        1     20CC       0
                text68                             141E     141E       27     283C       0
                text67                             11F1     11F1       17     23E2       0
                text66                             11C7     11C7       15     238E       0
                text65                             1307     1307       20     260E       0
                text64                              892      892       53     1124       0
                text63                              EF9      EF9       80     1DF2       0
                text62                             162B     162B       3D     2C56       0
                text61                              939      939       57     1272       0
                text60                             1F45     1F45        8     3E8A       0
                text59                             1254     1254       1A     24A8       0
                text58                             1F55     1F55        9     3EAA       0
                text57                             14ED     14ED       2F     29DA       0
                text56                             1F8A     1F8A        C     3F14       0
                text55                              4D3      4D3       DC        8       0
                text54                             1F96     1F96        C     3F2C       0
                text53                              844      844       4E     1088       0
                text52                             14C1     14C1       2C     2982       0
                text51                             1586     1586       36     2B0C       0
                text50                             10CB     10CB       12     2196       0
                text49                             1FA2     1FA2        C     3F44       0
                text48                             16A8     16A8       41     2D50       0
                text47                             1FAE     1FAE        C     3F5C       0
                text46                             1F26     1F26        7     3E4C       0
                text45                             1F0D     1F0D        4     3E1A       0
                text44                             1FBA     1FBA        C     3F74       0
                text43                             1221     1221       19     2442       0
                text42                             1FC6     1FC6        C     3F8C       0
                text41                             1F68     1F68        B     3ED0       0
                text40                             10DD     10DD       12     21BA       0
                text39                             1F73     1F73        B     3EE6       0
                text38                             1EFB     1EFB        3     3DF6       0
                text37                             126E     126E       1D     24DC       0
                text36                             13D3     13D3       25     27A6       0
                text35                              E83      E83       76     1D06       0
                text34                              CCC      CCC       68     1998       0
                text33                             1085     1085       11     210A       0
                text32                             1096     1096       11     212C       0
                text31                             1F11     1F11        4     3E22       0
                text30                             1114     1114       13     2228       0
                text29                              2EC      2EC       F6        8       0
                text28                              66C      66C       B4        8       0
                text27                              AF3      AF3       5B     15E6       0
                text26                             138C     138C       23     2718       0
                text25                             151C     151C       35     2A38       0
                text24                             1668     1668       40     2CD0       0
                text23                              9E8      9E8       58     13D0       0
                text22                              DA0      DA0       6F     1B40       0
                text21                             1127     1127       13     224E       0
                text20                             15BC     15BC       36     2B78       0
                text19                              E0F      E0F       74     1C1E       0
                text18                              3E2      3E2       F1        8       0
                text17                             1EFE     1EFE        3     3DFC       0
                text16                             11DC     11DC       15     23B8       0
                text15                             1F4D     1F4D        8     3E9A       0
                text14                             1067     1067        D     20CE       0
                text13                             113A     113A       13     2274       0
                text12                              A99      A99       5A     1532       0
                text11                              C6A      C6A       62     18D4       0
                text10                             1175     1175       14     22EA       0
                text9                              12C8     12C8       1F     2590       0
                text8                              1551     1551       35     2AA2       0
                text7                              1189     1189       14     2312       0
                text6                                41       41      16F        8       0
                text5                              13AF     13AF       24     275E       0
                text4                                 2        2        2        0       0
                text3                              10EF     10EF       12     21DE       0
                text2                              1FE1     1FE1        F     3FC2       0
                text1                              15F2     15F2       39     2BE4       0
                maintext                           16E9     16E9       41     2DD2       0
                cstackBANK0                          20       20       4F       20       1
                cstackCOMMON                         70       70        8       70       1
                cstackBANK1                          E3       E3        9       A0       1
                inittext                           1F1A     1F1A        6     3E34       0
                clrtext                            1F20     1F20        6     3E40       0
                dataBANK4                           220      220       20      220       1
                bssBANK3                            1A0      1A0       37      1A0       1
                bssBANK2                            120      120       48      120       1
                bssBANK1                             A0       A0       43       A0       1
                bssCOMMON                            78       78        4       70       1
                bitbssCOMMON                        3E0       7C        2       70       1     8
                nvBANK0                              6F       6F        1       20       1
                stringtext                         1000     1000       66       20       0
                idataBANK4                         1327     1327       20     264E       0

TOTAL           Name                               Link     Load   Length     Space
        CLASS   STACK          

        CLASS   CONST          

        CLASS   CODE           
                end_init                             13       13        2         0
                cinit                                15       15       2C         0
                intentry                              4        4        F         0
                reset_vec                             0        0        2         0
                text117                            114D     114D       14         0
                text116                             7C9      7C9       37         0
                text115                            1F2D     1F2D        8         0
                text114                            1FD2     1FD2        F         0
                text113                            10A7     10A7       12         0
                text112                             1B0      1B0      13C         0
                text111                            1445     1445       28         0
                text109                            1EF8     1EF8        3         0
                text108                            17B6     17B6       4A         0
                text107                            1208     1208       19         0
                text106                            119D     119D       15         0
                text105                            1F15     1F15        5         0
                text104                            123A     123A       1A         0
                text103                            1F01     1F01        4         0
                text102                            1F05     1F05        4         0
                text101                            13F8     13F8       26         0
                text100                            1F7E     1F7E        C         0
                text99                             1369     1369       23         0
                text98                             12A9     12A9       1F         0
                text97                             146D     146D       2A         0
                text96                              800      800       44         0
                text95                             1F09     1F09        4         0
                text94                             11B2     11B2       15         0
                text93                             1161     1161       14         0
                text92                             1F5E     1F5E        A         0
                text91                             1F35     1F35        8         0
                text90                             1101     1101       13         0
                text89                             1FF0     1FF0       10         0
                text88                             10B9     10B9       12         0
                text87                             1497     1497       2A         0
                text86                              B4E      B4E       5C         0
                text85                             128B     128B       1E         0
                text84                             12E7     12E7       20         0
                text83                              C09      C09       61         0
                text82                             1347     1347       22         0
                text81                              720      720       A9         0
                text80                              F79      F79       87         0
                text79                             172A     172A       46         0
                text78                              D34      D34       6C         0
                text77                              5AF      5AF       BD         0
                text76                              BAA      BAA       5F         0
                text75                             1074     1074       11         0
                text74                              8E5      8E5       54         0
                text73                              A40      A40       59         0
                text72                             1770     1770       46         0
                text71                              990      990       58         0
                text70                             1F3D     1F3D        8         0
                text69                             1066     1066        1         0
                text68                             141E     141E       27         0
                text67                             11F1     11F1       17         0
                text66                             11C7     11C7       15         0
                text65                             1307     1307       20         0
                text64                              892      892       53         0
                text63                              EF9      EF9       80         0
                text62                             162B     162B       3D         0
                text61                              939      939       57         0
                text60                             1F45     1F45        8         0
                text59                             1254     1254       1A         0
                text58                             1F55     1F55        9         0
                text57                             14ED     14ED       2F         0
                text56                             1F8A     1F8A        C         0
                text55                              4D3      4D3       DC         0
                text54                             1F96     1F96        C         0
                text53                              844      844       4E         0
                text52                             14C1     14C1       2C         0
                text51                             1586     1586       36         0
                text50                             10CB     10CB       12         0
                text49                             1FA2     1FA2        C         0
                text48                             16A8     16A8       41         0
                text47                             1FAE     1FAE        C         0
                text46                             1F26     1F26        7         0
                text45                             1F0D     1F0D        4         0
                text44                             1FBA     1FBA        C         0
                text43                             1221     1221       19         0
                text42                             1FC6     1FC6        C         0
                text41                             1F68     1F68        B         0
                text40                             10DD     10DD       12         0
                text39                             1F73     1F73        B         0
                text38                             1EFB     1EFB        3         0
                text37                             126E     126E       1D         0
                text36                             13D3     13D3       25         0
                text35                              E83      E83       76         0
                text34                              CCC      CCC       68         0
                text33                             1085     1085       11         0
                text32                             1096     1096       11         0
                text31                             1F11     1F11        4         0
                text30                             1114     1114       13         0
                text29                              2EC      2EC       F6         0
                text28                              66C      66C       B4         0
                text27                              AF3      AF3       5B         0
                text26                             138C     138C       23         0
                text25                             151C     151C       35         0
                text24                             1668     1668       40         0
                text23                              9E8      9E8       58         0
                text22                              DA0      DA0       6F         0
                text21                             1127     1127       13         0
                text20                             15BC     15BC       36         0
                text19                              E0F      E0F       74         0
                text18                              3E2      3E2       F1         0
                text17                             1EFE     1EFE        3         0
                text16                             11DC     11DC       15         0
                text15                             1F4D     1F4D        8         0
                text14                             1067     1067        D         0
                text13                             113A     113A       13         0
                text12                              A99      A99       5A         0
                text11                              C6A      C6A       62         0
                text10                             1175     1175       14         0
                text9                              12C8     12C8       1F         0
                text8                              1551     1551       35         0
                text7                              1189     1189       14         0
                text6                                41       41      16F         0
                text5                              13AF     13AF       24         0
                text4                                 2        2        2         0
                text3                              10EF     10EF       12         0
                text2                              1FE1     1FE1        F         0
                text1                              15F2     15F2       39         0
                maintext                           16E9     16E9       41         0
                inittext                           1F1A     1F1A        6         0
                clrtext                            1F20     1F20        6         0
                idataBANK4                         1327     1327       20         0

        CLASS   STRCODE        
                stringtext                         1000     1000       66         0

        CLASS   ENTRY          

        CLASS   STRING         

        CLASS   COMMON         
                cstackCOMMON                         70       70        8         1
                bssCOMMON                            78       78        4         1
                bitbssCOMMON                        3E0       7C        2         1

        CLASS   BANK0          
                cstackBANK0                          20       20       4F         1
                nvBANK0                              6F       6F        1         1

        CLASS   BANK1          
                cstackBANK1                          E3       E3        9         1
                bssBANK1                             A0       A0       43         1

        CLASS   BANK2          
                bssBANK2                            120      120       48         1

        CLASS   BANK3          
                bssBANK3                            1A0      1A0       37         1

        CLASS   BANK4          
                dataBANK4                           220      220       20         1

        CLASS   BANK5          

        CLASS   BANK6          

        CLASS   BANK7          

        CLASS   BANK8          

        CLASS   BANK9          

        CLASS   BANK10         

        CLASS   BANK11         

        CLASS   BANK12         

        CLASS   BIGRAM         

        CLASS   RAM            

        CLASS   ABS1           
                abs_s1                               7E       7E        2         1

        CLASS   SFR0           

        CLASS   SFR1           

        CLASS   SFR2           

        CLASS   SFR3           

        CLASS   SFR4           

        CLASS   SFR5           

        CLASS   SFR6           

        CLASS   SFR7           

        CLASS   SFR8           

        CLASS   SFR9           

        CLASS   SFR10          

        CLASS   SFR11          

        CLASS   SFR12          

        CLASS   SFR13          

        CLASS   SFR14          

        CLASS   SFR15          

        CLASS   SFR16          

        CLASS   SFR17          

        CLASS   SFR18          

        CLASS   SFR19          

        CLASS   SFR20          

        CLASS   SFR21          

        CLASS   SFR22          

        CLASS   SFR23          

        CLASS   SFR24          

        CLASS   SFR25          

        CLASS   SFR26          

        CLASS   SFR27          

        CLASS   SFR28          

        CLASS   SFR29          

        CLASS   SFR30          

        CLASS   SFR31          

        CLASS   CONFIG         
                config                             8007     8007        2         0

        CLASS   IDLOC          

        CLASS   BANK31         

        CLASS   BANK30         

        CLASS   BANK29         

        CLASS   BANK28         

        CLASS   BANK27         

        CLASS   BANK26         

        CLASS   BANK25         

        CLASS   BANK24         

        CLASS   BANK23         

        CLASS   BANK22         

        CLASS   BANK21         

        CLASS   BANK20         

        CLASS   BANK19         

        CLASS   BANK18         

        CLASS   BANK17         

        CLASS   BANK16         

        CLASS   BANK15         

        CLASS   BANK14         

        CLASS   BANK13         

        CLASS   EEDATA         



SEGMENTS        Name                           Load    Length   Top    Selector   Space  Class     Delta

                reset_vec                      000000  000004  000004         0       0  CODE        2
                intentry                       000004  0007FC  000800         8       0  CODE        2
                cstackBANK0                    000020  000050  000070        20       1  BANK0       1
                cstackCOMMON                   000070  00000D  00007D        70       1  COMMON      1
                bssBANK1                       0000A0  00004C  0000EC        A0       1  BANK1       1
                bssBANK2                       000120  000048  000168       120       1  BANK2       1
                bssBANK3                       0001A0  000037  0001D7       1A0       1  BANK3       1
                dataBANK4                      000220  000020  000240       220       1  BANK4       1
                text96                         000800  000044  000844      1000       0  CODE        2
                text53                         000844  00004E  000892      1088       0  CODE        2
                text64                         000892  000053  0008E5      1124       0  CODE        2
                text74                         0008E5  000054  000939      11CA       0  CODE        2
                text61                         000939  000057  000990      1272       0  CODE        2
                text71                         000990  000058  0009E8      1320       0  CODE        2
                text23                         0009E8  000058  000A40      13D0       0  CODE        2
                text73                         000A40  000059  000A99      1480       0  CODE        2
                text12                         000A99  00005A  000AF3      1532       0  CODE        2
                text27                         000AF3  00005B  000B4E      15E6       0  CODE        2
                text86                         000B4E  00005C  000BAA      169C       0  CODE        2
                text76                         000BAA  00005F  000C09      1754       0  CODE        2
                text83                         000C09  000061  000C6A      1812       0  CODE        2
                text11                         000C6A  000062  000CCC      18D4       0  CODE        2
                text34                         000CCC  000068  000D34      1998       0  CODE        2
                text78                         000D34  00006C  000DA0      1A68       0  CODE        2
                text22                         000DA0  00006F  000E0F      1B40       0  CODE        2
                text19                         000E0F  000074  000E83      1C1E       0  CODE        2
                text35                         000E83  000076  000EF9      1D06       0  CODE        2
                text63                         000EF9  000080  000F79      1DF2       0  CODE        2
                text80                         000F79  000087  001000      1EF2       0  CODE        2
                stringtext                     001000  000066  001066        20       0  STRCODE     2
                text69                         001066  000001  001067      20CC       0  CODE        2
                text14                         001067  00000D  001074      20CE       0  CODE        2
                text75                         001074  000011  001085      20E8       0  CODE        2
                text33                         001085  000011  001096      210A       0  CODE        2
                text32                         001096  000011  0010A7      212C       0  CODE        2
                text113                        0010A7  000012  0010B9      214E       0  CODE        2
                text88                         0010B9  000012  0010CB      2172       0  CODE        2
                text50                         0010CB  000012  0010DD      2196       0  CODE        2
                text40                         0010DD  000012  0010EF      21BA       0  CODE        2
                text3                          0010EF  000012  001101      21DE       0  CODE        2
                text90                         001101  000013  001114      2202       0  CODE        2
                text30                         001114  000013  001127      2228       0  CODE        2
                text21                         001127  000013  00113A      224E       0  CODE        2
                text13                         00113A  000013  00114D      2274       0  CODE        2
                text117                        00114D  000014  001161      229A       0  CODE        2
                text93                         001161  000014  001175      22C2       0  CODE        2
                text10                         001175  000014  001189      22EA       0  CODE        2
                text7                          001189  000014  00119D      2312       0  CODE        2
                text106                        00119D  000015  0011B2      233A       0  CODE        2
                text94                         0011B2  000015  0011C7      2364       0  CODE        2
                text66                         0011C7  000015  0011DC      238E       0  CODE        2
                text16                         0011DC  000015  0011F1      23B8       0  CODE        2
                text67                         0011F1  000017  001208      23E2       0  CODE        2
                text107                        001208  000019  001221      2410       0  CODE        2
                text43                         001221  000019  00123A      2442       0  CODE        2
                text104                        00123A  00001A  001254      2474       0  CODE        2
                text59                         001254  00001A  00126E      24A8       0  CODE        2
                text37                         00126E  00001D  00128B      24DC       0  CODE        2
                text85                         00128B  00001E  0012A9      2516       0  CODE        2
                text98                         0012A9  00001F  0012C8      2552       0  CODE        2
                text9                          0012C8  00001F  0012E7      2590       0  CODE        2
                text84                         0012E7  000020  001307      25CE       0  CODE        2
                text65                         001307  000020  001327      260E       0  CODE        2
                idataBANK4                     001327  000020  001347      264E       0  CODE        2
                text82                         001347  000022  001369      268E       0  CODE        2
                text99                         001369  000023  00138C      26D2       0  CODE        2
                text26                         00138C  000023  0013AF      2718       0  CODE        2
                text5                          0013AF  000024  0013D3      275E       0  CODE        2
                text36                         0013D3  000025  0013F8      27A6       0  CODE        2
                text101                        0013F8  000026  00141E      27F0       0  CODE        2
                text68                         00141E  000027  001445      283C       0  CODE        2
                text111                        001445  000028  00146D      288A       0  CODE        2
                text97                         00146D  00002A  001497      28DA       0  CODE        2
                text87                         001497  00002A  0014C1      292E       0  CODE        2
                text52                         0014C1  00002C  0014ED      2982       0  CODE        2
                text57                         0014ED  00002F  00151C      29DA       0  CODE        2
                text25                         00151C  000035  001551      2A38       0  CODE        2
                text8                          001551  000035  001586      2AA2       0  CODE        2
                text51                         001586  000036  0015BC      2B0C       0  CODE        2
                text20                         0015BC  000036  0015F2      2B78       0  CODE        2
                text1                          0015F2  000039  00162B      2BE4       0  CODE        2
                text62                         00162B  00003D  001668      2C56       0  CODE        2
                text24                         001668  000040  0016A8      2CD0       0  CODE        2
                text48                         0016A8  000041  0016E9      2D50       0  CODE        2
                maintext                       0016E9  000041  00172A      2DD2       0  CODE        2
                text79                         00172A  000046  001770      2E54       0  CODE        2
                text72                         001770  000046  0017B6      2EE0       0  CODE        2
                text108                        0017B6  00004A  001800      2F6C       0  CODE        2
                text109                        001EF8  000003  001EFB      3DF0       0  CODE        2
                text38                         001EFB  000003  001EFE      3DF6       0  CODE        2
                text17                         001EFE  000003  001F01      3DFC       0  CODE        2
                text103                        001F01  000004  001F05      3E02       0  CODE        2
                text102                        001F05  000004  001F09      3E0A       0  CODE        2
                text95                         001F09  000004  001F0D      3E12       0  CODE        2
                text45                         001F0D  000004  001F11      3E1A       0  CODE        2
                text31                         001F11  000004  001F15      3E22       0  CODE        2
                text105                        001F15  000005  001F1A      3E2A       0  CODE        2
                inittext                       001F1A  000006  001F20      3E34       0  CODE        2
                clrtext                        001F20  000006  001F26      3E40       0  CODE        2
                text46                         001F26  000007  001F2D      3E4C       0  CODE        2
                text115                        001F2D  000008  001F35      3E5A       0  CODE        2
                text91                         001F35  000008  001F3D      3E6A       0  CODE        2
                text70                         001F3D  000008  001F45      3E7A       0  CODE        2
                text60                         001F45  000008  001F4D      3E8A       0  CODE        2
                text15                         001F4D  000008  001F55      3E9A       0  CODE        2
                text58                         001F55  000009  001F5E      3EAA       0  CODE        2
                text92                         001F5E  00000A  001F68      3EBC       0  CODE        2
                text41                         001F68  00000B  001F73      3ED0       0  CODE        2
                text39                         001F73  00000B  001F7E      3EE6       0  CODE        2
                text100                        001F7E  00000C  001F8A      3EFC       0  CODE        2
                text56                         001F8A  00000C  001F96      3F14       0  CODE        2
                text54                         001F96  00000C  001FA2      3F2C       0  CODE        2
                text49                         001FA2  00000C  001FAE      3F44       0  CODE        2
                text47                         001FAE  00000C  001FBA      3F5C       0  CODE        2
                text44                         001FBA  00000C  001FC6      3F74       0  CODE        2
                text42                         001FC6  00000C  001FD2      3F8C       0  CODE        2
                text114                        001FD2  00000F  001FE1      3FA4       0  CODE        2
                text2                          001FE1  00000F  001FF0      3FC2       0  CODE        2
                text89                         001FF0  000010  002000      3FE0       0  CODE        2
                config                         008007  000002  008009     1000E       0  CONFIG      2


UNUSED ADDRESS RANGES

        Name                Unused          Largest block    Delta
        BANK1            000EC-000EF               4           1
        BANK10           00520-0056F              50           1
        BANK11           005A0-005EF              50           1
        BANK12           00620-0064F              30           1
        BANK2            00168-0016F               8           1
        BANK3            001D7-001EF              19           1
        BANK4            00240-0026F              30           1
        BANK5            002A0-002EF              50           1
        BANK6            00320-0036F              50           1
        BANK7            003A0-003EF              50           1
        BANK8            00420-0046F              50           1
        BANK9            004A0-004EF              50           1
        BIGRAM           02000-023EF             3F0           1
        CODE             01800-01EF7             6F8           2
                         02000-03FFF             800
        COMMON           0007D-0007D               1           1
        CONST            01800-01EF7             100           2
                         02000-03FFF             100
        ENTRY            01800-01EF7             100           2
                         02000-03FFF             100
        IDLOC            08000-08003               4           2
        RAM              000EC-000EF               4           1
                         00168-0016F               8
                         001D7-001EF              19
                         00240-0026F              30
                         002A0-002EF              50
                         00320-0036F              50
                         003A0-003EF              50
                         00420-0046F              50
                         004A0-004EF              50
                         00520-0056F              50
                         005A0-005EF              50
                         00620-0064F              30
        SFR0             00000-0001F              20           1
        SFR1             00080-0009F              20           1
        SFR10            00500-0051F              20           1
        SFR11            00580-0059F              20           1
        SFR12            00600-0061F              20           1
        SFR13            00680-006EF              70           1
        SFR14            00700-0076F              70           1
        SFR15            00780-007EF              70           1
        SFR16            00800-0086F              70           1
        SFR17            00880-008EF              70           1
        SFR18            00900-0096F              70           1
        SFR19            00980-009EF              70           1
        SFR2             00100-0011F              20           1
        SFR20            00A00-00A6F              70           1
        SFR21            00A80-00AEF              70           1
        SFR22            00B00-00B6F              70           1
        SFR23            00B80-00BEF              70           1
        SFR24            00C00-00C6F              70           1
        SFR25            00C80-00CEF              70           1
        SFR26            00D00-00D6F              70           1
        SFR27            00D80-00DEF              70           1
        SFR28            00E00-00E6F              70           1
        SFR29            00E80-00EEF              70           1
        SFR3             00180-0019F              20           1
        SFR30            00F00-00F6F              70           1
        SFR31            00F80-00FEF              70           1
        SFR4             00200-0021F              20           1
        SFR5             00280-0029F              20           1
        SFR6             00300-0031F              20           1
        SFR7             00380-0039F              20           1
        SFR8             00400-0041F              20           1
        SFR9             00480-0049F              20           1
        STACK            02160-0231F             1C0           1
        STRCODE          01800-01EF7             6F8           2
                         02000-03FFF            2000
        STRING           01800-01EF7             100           2
                         02000-03FFF             100

                                  Symbol Table

?___awdiv                                cstackBANK0  00020
?___awtoft                               cstackBANK0  00028
?___ftadd                                cstackBANK0  0003E
?___ftdiv                                cstackBANK0  0002E
?___ftmul                                cstackBANK0  0002E
?___ftpack                               cstackBANK0  00020
?___fttol                                cstackBANK0  0004B
?_getBuz_GO                              cstackBANK0  00020
CC2500_InitPATable@loop_d                cstackBANK0  00027
CC2500_InitPATable@temp                  cstackBANK0  00026
CC2500_InitSetREG@loop_c                 cstackBANK0  00028
CC2500_InitSetREG@temp1                  cstackBANK0  00026
CC2500_InitSetREG@temp2                  cstackBANK0  00027
CC2500_ReadByte@loop_b                   cstackBANK0  00021
CC2500_ReadStatus@status_addr            cstackBANK0  00023
CC2500_RxData@loop_f                     cstackBANK0  00025
CC2500_TxData@loop_e                     cstackBANK0  00025
CC2500_WriteByte@loop_a                  cstackBANK0  00021
CC2500_WriteCommand@command              cstackBANK0  00023
CC2500_WriteREG@value                    cstackBANK0  00022
CC2500_WriteREG@w_addr                   cstackBANK0  00024
DelayOffPointSelect@sw                   cstackBANK0  00021
DelayTime_1us@count                      cstackBANK0  00020
DelayTime_1us@i                          cstackBANK0  00022
DelayTime_1us@j                          cstackBANK0  00024
DelayTimejudge@i                         cstackBANK0  00026
DelayTimejudge@j                         cstackBANK0  00027
DelayTimejudge@k                         cstackBANK0  00028
DelayTimejudge@value                     cstackBANK0  00029
DimmerIntrIOCPointSelect@lights          cstackCOMMON 00071
DimmerIntrPointSelect@lights             cstackCOMMON 00071
DimmerLightsPointSelect@lights           cstackBANK0  00021
DlyOff_Initialization@sw                 cstackBANK0  00022
DlyOff_Main@sw                           cstackBANK0  00068
Flash_Memory_Initialization@i            cstackBANK0  0005E
Flash_Memory_Modify@i                    cstackBANK0  00025
Flash_Memory_Read@address                cstackBANK0  00022
Flash_Memory_Read@i                      cstackBANK0  00021
Flash_Memory_Read@ret                    cstackBANK0  00023
Flash_Memory_Write@i                     cstackBANK0  00021
LedPointSelect@led                       cstackBANK0  00021
SwPointSelect@sw                         cstackBANK0  00021
Switch_Main@error                        cstackBANK0  0006E
_ADCON0                                  (abs)        0009D
_ADCON1                                  (abs)        0009E
_ADC_Set                                 text46       01F26
_ADRESH                                  (abs)        0009C
_ADRESL                                  (abs)        0009B
_ANSELA                                  (abs)        0018C
_ANSELB                                  (abs)        0018D
_ANSELC                                  (abs)        0018E
_Buz1                                    bssBANK1     000B0
_Buzzer_Initialization                   text109      01EF8
_Buzzer_Main                             text108      017B6
_CC2500_ClearRXFIFO                      text103      01F01
_CC2500_ClearTXFIFO                      text102      01F05
_CC2500_FrequencyCabr                    text100      01F7E
_CC2500_InitPATable                      text98       012A9
_CC2500_InitSetREG                       text97       0146D
_CC2500_PowerOnInitial                   text94       011B2
_CC2500_PowerRST                         text96       00800
_CC2500_ReadByte                         text37       0126E
_CC2500_ReadStatus                       text36       013D3
_CC2500_RxData                           text35       00E83
_CC2500_SIDLEMode                        text95       01F09
_CC2500_TxData                           text34       00CCC
_CC2500_WriteByte                        text107      01208
_CC2500_WriteCommand                     text104      0123A
_CC2500_WriteREG                         text99       01369
_CC2500_patable_vaule                    stringtext   0105E
_CC2500_registers_address                stringtext   01000
_CC2500_rfSettings                       stringtext   0102F
_CFGS                                    (abs)        00CAE
_CRC                                     bssBANK1     000D2
_DelayOff                                bssCOMMON    00078
_DelayOffPointSelect                     text93       01161
_DelayOff_Initialization                 text91       01F35
_DelayOff_Main                           text70       01F3D
_DelayTime_1us                           text101      013F8
_DelayTimejudge                          text87       01497
_Dimmer                                  bssBANK1     000C8
_DimmerIntrIOCPointSelect                text117      0114D
_DimmerIntrPointSelect                   text113      010A7
_DimmerLights                            bssCOMMON    00079
_DimmerLights1                           bssBANK2     0013E
_DimmerLights11                          bssBANK1     000D3
_DimmerLights2                           bssBANK2     0014D
_DimmerLights22                          bssBANK1     000D4
_DimmerLightsIntr                        bssCOMMON    0007A
_DimmerLightsIntrIOC                     bssBANK1     000D5
_DimmerLightsPointSelect                 text90       01101
_DimmerLights_Initialization             text67       011F1
_DimmerLights_Main                       text60       01F45
_Dimmer_Initialization                   text69       01066
_DlyOff_Initialization                   text92       01F5E
_DlyOff_Main                             text71       00990
_DlySw1                                  bssBANK1     000DF
_DlySw2                                  bssBANK1     000E1
_FREE                                    (abs)        00CAC
_FVRCON                                  (abs)        00117
_Flash_Memory_Erasing                    text54       01F96
_Flash_Memory_Initialization             text55       004D3
_Flash_Memory_Main                       text51       01586
_Flash_Memory_Modify                     text53       00844
_Flash_Memory_Read                       text59       01254
_Flash_Memory_Unlock                     text58       01F55
_Flash_Memory_Write                      text57       014ED
_Fosc_Set                                text45       01F0D
_GIE                                     (abs)        0005F
_GO_nDONE                                (abs)        004E9
_IOCBF                                   (abs)        00396
_IOCBF2                                  (abs)        01CB2
_IOCBN                                   (abs)        00395
_IOCBP                                   (abs)        00394
_IOCIE                                   (abs)        0005B
_IOCIF                                   (abs)        00058
_IOC_ISR                                 text114      01FD2
_IOC_Set                                 text44       01FBA
_IO_Set                                  text43       01221
_ISR                                     intentry     00004
_LATA                                    (abs)        0010C
_LATB                                    (abs)        0010D
_LATC                                    (abs)        0010E
_LED                                     bssBANK1     000D6
_LED_Initialization                      text49       01FA2
_LED_Main                                text47       01FAE
_LWLO                                    (abs)        00CAD
_LedPointSelect                          text65       01307
_Mcu_Initialization                      text40       010DD
_Memory                                  bssBANK3     001A0
_OSCCON                                  (abs)        00099
_PEIE                                    (abs)        0005E
_PMADRH                                  (abs)        00192
_PMADRL                                  (abs)        00191
_PMCON2                                  (abs)        00196
_PMDATH                                  (abs)        00194
_PMDATL                                  (abs)        00193
_PORTA                                   (abs)        0000C
_PORTB                                   (abs)        0000D
_PORTC                                   (abs)        0000E
_RA0                                     (abs)        00060
_RA3                                     (abs)        00063
_RA4                                     (abs)        00064
_RA6                                     (abs)        00066
_RA7                                     (abs)        00067
_RB0                                     (abs)        00068
_RB1                                     (abs)        00069
_RB3                                     (abs)        0006B
_RB4                                     (abs)        0006C
_RB5                                     (abs)        0006D
_RC0                                     (abs)        00070
_RC1                                     (abs)        00071
_RC2                                     (abs)        00072
_RC4                                     (abs)        00074
_RC5                                     (abs)        00075
_RC7                                     (abs)        00077
_RD                                      (abs)        00CA8
_RF1                                     bssBANK1     000BC
_RF_Count                                bssBANK1     000CE
_RF_Data                                 bssBANK2     00120
_RF_Initialization                       text38       01EFB
_RF_Main                                 text17       01EFE
_RSSI                                    bssBANK1     000D7
_Receive_OK                              bitbssCOMMON 003E0
_Rx_Length                               bssBANK1     000D8
_SPI0Buffer                              bssBANK1     000D9
_Sw                                      bssCOMMON    0007B
_Sw1                                     bssBANK3     001C5
_Sw2                                     bssBANK3     001CE
_SwDetect                                bssBANK1     000DA
_SwPointSelect                           text10       01175
_Switch_Initialization                   text14       01067
_Switch_Main                             text5        013AF
_T1CON                                   (abs)        00018
_TMR1H                                   (abs)        00017
_TMR1IE                                  (abs)        00488
_TMR1IF                                  (abs)        00088
_TMR1L                                   (abs)        00016
_TMR1_ISR                                text111      01445
_TMR1_Set                                text42       01FC6
_TRISA                                   (abs)        0008C
_TRISB                                   (abs)        0008D
_TRISC                                   (abs)        0008E
_Timeout_Counter                         text106      0119D
_Timer1                                  bssBANK1     000CB
_TouchPower                              text16       011DC
_Transceive_OK                           bitbssCOMMON 003E1
_Tx_Length                               bssBANK1     000DB
_VarErrLED                               bssBANK2     0015C
_VarLED1                                 bssBANK2     00160
_VarLED2                                 bssBANK2     00164
_WDT                                     bssBANK1     000D0
_WDTCON                                  (abs)        00097
_WDT_Clearing                            text4        00002
_WDT_Main                                text3        010EF
_WDT_Set                                 text41       01F68
_WPUB1                                   (abs)        01069
_WPUB2                                   (abs)        0106A
_WR                                      (abs)        00CA9
_WREN                                    (abs)        00CAA
__CFG_BOREN$OFF                          (abs)        00000
__CFG_FOSC$INTOSC                        (abs)        00000
__CFG_VCAPEN$OFF                         (abs)        00000
__CFG_WDTE$ON                            (abs)        00000
__CFG_WRT$HALF                           (abs)        00000
__Habs1                                  abs1         00000
__Hbank0                                 bank0        00000
__Hbank1                                 bank1        00000
__Hbank10                                bank10       00000
__Hbank11                                bank11       00000
__Hbank12                                bank12       00000
__Hbank13                                bank13       00000
__Hbank14                                bank14       00000
__Hbank15                                bank15       00000
__Hbank16                                bank16       00000
__Hbank17                                bank17       00000
__Hbank18                                bank18       00000
__Hbank19                                bank19       00000
__Hbank2                                 bank2        00000
__Hbank20                                bank20       00000
__Hbank21                                bank21       00000
__Hbank22                                bank22       00000
__Hbank23                                bank23       00000
__Hbank24                                bank24       00000
__Hbank25                                bank25       00000
__Hbank26                                bank26       00000
__Hbank27                                bank27       00000
__Hbank28                                bank28       00000
__Hbank29                                bank29       00000
__Hbank3                                 bank3        00000
__Hbank30                                bank30       00000
__Hbank31                                bank31       00000
__Hbank4                                 bank4        00000
__Hbank5                                 bank5        00000
__Hbank6                                 bank6        00000
__Hbank7                                 bank7        00000
__Hbank8                                 bank8        00000
__Hbank9                                 bank9        00000
__Hbigram                                bigram       00000
__HbitbssCOMMON                          bitbssCOMMON 00000
__HbssBANK1                              bssBANK1     00000
__HbssBANK2                              bssBANK2     00000
__HbssBANK3                              bssBANK3     00000
__HbssCOMMON                             bssCOMMON    00000
__Hcinit                                 cinit        00041
__Hclrtext                               clrtext      00000
__Hcode                                  code         00000
__Hcommon                                common       00000
__Hconfig                                config       08009
__HcstackBANK0                           cstackBANK0  00000
__HcstackBANK1                           cstackBANK1  00000
__HcstackCOMMON                          cstackCOMMON 00000
__HdataBANK4                             dataBANK4    00000
__Heeprom_data                           eeprom_data  00000
__Hend_init                              end_init     00015
__Hfunctab                               functab      00000
__HidataBANK4                            idataBANK4   00000
__Hidloc                                 idloc        00000
__Hinit                                  init         00013
__Hinittext                              inittext     00000
__Hintentry                              intentry     00013
__Hmaintext                              maintext     00000
__HnvBANK0                               nvBANK0      00000
__Hpowerup                               powerup      00000
__Hram                                   ram          00000
__Hreset_vec                             reset_vec    00002
__Hsfr0                                  sfr0         00000
__Hsfr1                                  sfr1         00000
__Hsfr10                                 sfr10        00000
__Hsfr11                                 sfr11        00000
__Hsfr12                                 sfr12        00000
__Hsfr13                                 sfr13        00000
__Hsfr14                                 sfr14        00000
__Hsfr15                                 sfr15        00000
__Hsfr16                                 sfr16        00000
__Hsfr17                                 sfr17        00000
__Hsfr18                                 sfr18        00000
__Hsfr19                                 sfr19        00000
__Hsfr2                                  sfr2         00000
__Hsfr20                                 sfr20        00000
__Hsfr21                                 sfr21        00000
__Hsfr22                                 sfr22        00000
__Hsfr23                                 sfr23        00000
__Hsfr24                                 sfr24        00000
__Hsfr25                                 sfr25        00000
__Hsfr26                                 sfr26        00000
__Hsfr27                                 sfr27        00000
__Hsfr28                                 sfr28        00000
__Hsfr29                                 sfr29        00000
__Hsfr3                                  sfr3         00000
__Hsfr30                                 sfr30        00000
__Hsfr31                                 sfr31        00000
__Hsfr4                                  sfr4         00000
__Hsfr5                                  sfr5         00000
__Hsfr6                                  sfr6         00000
__Hsfr7                                  sfr7         00000
__Hsfr8                                  sfr8         00000
__Hsfr9                                  sfr9         00000
__Hspace_0                               (abs)        08009
__Hspace_1                               (abs)        003E2
__Hspace_2                               (abs)        00000
__Hspace_3                               (abs)        00000
__Hstack                                 stack        00000
__Hstrings                               strings      00000
__Hstringtext                            stringtext   00000
__Htext                                  text         00000
__Labs1                                  abs1         00000
__Lbank0                                 bank0        00000
__Lbank1                                 bank1        00000
__Lbank10                                bank10       00000
__Lbank11                                bank11       00000
__Lbank12                                bank12       00000
__Lbank13                                bank13       00000
__Lbank14                                bank14       00000
__Lbank15                                bank15       00000
__Lbank16                                bank16       00000
__Lbank17                                bank17       00000
__Lbank18                                bank18       00000
__Lbank19                                bank19       00000
__Lbank2                                 bank2        00000
__Lbank20                                bank20       00000
__Lbank21                                bank21       00000
__Lbank22                                bank22       00000
__Lbank23                                bank23       00000
__Lbank24                                bank24       00000
__Lbank25                                bank25       00000
__Lbank26                                bank26       00000
__Lbank27                                bank27       00000
__Lbank28                                bank28       00000
__Lbank29                                bank29       00000
__Lbank3                                 bank3        00000
__Lbank30                                bank30       00000
__Lbank31                                bank31       00000
__Lbank4                                 bank4        00000
__Lbank5                                 bank5        00000
__Lbank6                                 bank6        00000
__Lbank7                                 bank7        00000
__Lbank8                                 bank8        00000
__Lbank9                                 bank9        00000
__Lbigram                                bigram       00000
__LbitbssCOMMON                          bitbssCOMMON 00000
__LbssBANK1                              bssBANK1     00000
__LbssBANK2                              bssBANK2     00000
__LbssBANK3                              bssBANK3     00000
__LbssCOMMON                             bssCOMMON    00000
__Lcinit                                 cinit        00015
__Lclrtext                               clrtext      00000
__Lcode                                  code         00000
__Lcommon                                common       00000
__Lconfig                                config       08007
__LcstackBANK0                           cstackBANK0  00000
__LcstackBANK1                           cstackBANK1  00000
__LcstackCOMMON                          cstackCOMMON 00000
__LdataBANK4                             dataBANK4    00000
__Leeprom_data                           eeprom_data  00000
__Lend_init                              end_init     00013
__Lfunctab                               functab      00000
__LidataBANK4                            idataBANK4   00000
__Lidloc                                 idloc        00000
__Linit                                  init         00013
__Linittext                              inittext     00000
__Lintentry                              intentry     00004
__Lmaintext                              maintext     00000
__LnvBANK0                               nvBANK0      00000
__Lpowerup                               powerup      00000
__Lram                                   ram          00000
__Lreset_vec                             reset_vec    00000
__Lsfr0                                  sfr0         00000
__Lsfr1                                  sfr1         00000
__Lsfr10                                 sfr10        00000
__Lsfr11                                 sfr11        00000
__Lsfr12                                 sfr12        00000
__Lsfr13                                 sfr13        00000
__Lsfr14                                 sfr14        00000
__Lsfr15                                 sfr15        00000
__Lsfr16                                 sfr16        00000
__Lsfr17                                 sfr17        00000
__Lsfr18                                 sfr18        00000
__Lsfr19                                 sfr19        00000
__Lsfr2                                  sfr2         00000
__Lsfr20                                 sfr20        00000
__Lsfr21                                 sfr21        00000
__Lsfr22                                 sfr22        00000
__Lsfr23                                 sfr23        00000
__Lsfr24                                 sfr24        00000
__Lsfr25                                 sfr25        00000
__Lsfr26                                 sfr26        00000
__Lsfr27                                 sfr27        00000
__Lsfr28                                 sfr28        00000
__Lsfr29                                 sfr29        00000
__Lsfr3                                  sfr3         00000
__Lsfr30                                 sfr30        00000
__Lsfr31                                 sfr31        00000
__Lsfr4                                  sfr4         00000
__Lsfr5                                  sfr5         00000
__Lsfr6                                  sfr6         00000
__Lsfr7                                  sfr7         00000
__Lsfr8                                  sfr8         00000
__Lsfr9                                  sfr9         00000
__Lspace_0                               (abs)        00000
__Lspace_1                               (abs)        00000
__Lspace_2                               (abs)        00000
__Lspace_3                               (abs)        00000
__Lstack                                 stack        00000
__Lstrings                               strings      00000
__Lstringtext                            stringtext   00000
__Ltext                                  text         00000
__S0                                     (abs)        08009
__S1                                     (abs)        00240
__S2                                     (abs)        00000
___awdiv                                 text74       008E5
___awdiv@counter                         cstackBANK0  00025
___awdiv@dividend                        cstackBANK0  00022
___awdiv@divisor                         cstackBANK0  00020
___awdiv@quotient                        cstackBANK0  00027
___awdiv@sign                            cstackBANK0  00026
___awtoft                                text82       01347
___awtoft@c                              cstackBANK0  00028
___awtoft@sign                           cstackBANK0  0002D
___bmul                                  text88       010B9
___bmul@multiplicand                     cstackBANK0  00020
___bmul@multiplier                       cstackBANK0  00023
___bmul@product                          cstackBANK0  00022
___ftadd                                 text29       002EC
___ftadd@exp1                            cstackBANK0  0004A
___ftadd@exp2                            cstackBANK0  00049
___ftadd@f1                              cstackBANK0  0003E
___ftadd@f2                              cstackBANK0  00041
___ftadd@sign                            cstackBANK0  00048
___ftdiv                                 text81       00720
___ftdiv@cntr                            cstackBANK0  00038
___ftdiv@exp                             cstackBANK0  0003C
___ftdiv@f1                              cstackBANK0  00031
___ftdiv@f2                              cstackBANK0  0002E
___ftdiv@f3                              cstackBANK0  00039
___ftdiv@sign                            cstackBANK0  0003D
___ftmul                                 text28       0066C
___ftmul@cntr                            cstackBANK0  0003C
___ftmul@exp                             cstackBANK0  00038
___ftmul@f1                              cstackBANK0  0002E
___ftmul@f2                              cstackBANK0  00031
___ftmul@f3_as_product                   cstackBANK0  00039
___ftmul@sign                            cstackBANK0  0003D
___ftpack                                text83       00C09
___ftpack@arg                            cstackBANK0  00020
___ftpack@exp                            cstackBANK0  00023
___ftpack@sign                           cstackBANK0  00024
___fttol                                 text80       00F79
___fttol@exp1                            cstackBANK0  00058
___fttol@f1                              cstackBANK0  0004B
___fttol@lval                            cstackBANK0  00054
___fttol@sign1                           cstackBANK0  00053
___int_sp                                stack        00000
___latbits                               (abs)        00003
___sp                                    stack        00000
__end_of_ADC_Set                         text46       01F2D
__end_of_Buzzer_Initialization           text109      01EFB
__end_of_Buzzer_Main                     text108      01800
__end_of_CC2500_ClearRXFIFO              text103      01F05
__end_of_CC2500_ClearTXFIFO              text102      01F09
__end_of_CC2500_FrequencyCabr            text100      01F8A
__end_of_CC2500_InitPATable              text98       012C8
__end_of_CC2500_InitSetREG               text97       01497
__end_of_CC2500_PowerOnInitial           text94       011C7
__end_of_CC2500_PowerRST                 text96       00844
__end_of_CC2500_ReadByte                 text37       0128B
__end_of_CC2500_ReadStatus               text36       013F8
__end_of_CC2500_RxData                   text35       00EF9
__end_of_CC2500_SIDLEMode                text95       01F0D
__end_of_CC2500_TxData                   text34       00D34
__end_of_CC2500_WriteByte                text107      01221
__end_of_CC2500_WriteCommand             text104      01254
__end_of_CC2500_WriteREG                 text99       0138C
__end_of_CC2500_patable_vaule            stringtext   01066
__end_of_CC2500_registers_address        stringtext   0102F
__end_of_CC2500_rfSettings               stringtext   0105E
__end_of_DelayOffPointSelect             text93       01175
__end_of_DelayOff_Initialization         text91       01F3D
__end_of_DelayOff_Main                   text70       01F45
__end_of_DelayTime_1us                   text101      0141E
__end_of_DelayTimejudge                  text87       014C1
__end_of_DimmerIntrIOCPointSelect        text117      01161
__end_of_DimmerIntrPointSelect           text113      010B9
__end_of_DimmerLightsPointSelect         text90       01114
__end_of_DimmerLights_Initialization     text67       01208
__end_of_DimmerLights_Main               text60       01F4D
__end_of_Dimmer_Initialization           text69       01067
__end_of_DlyOff_Initialization           text92       01F68
__end_of_DlyOff_Main                     text71       009E8
__end_of_Flash_Memory_Erasing            text54       01FA2
__end_of_Flash_Memory_Initialization     text55       005AF
__end_of_Flash_Memory_Main               text51       015BC
__end_of_Flash_Memory_Modify             text53       00892
__end_of_Flash_Memory_Read               text59       0126E
__end_of_Flash_Memory_Unlock             text58       01F5E
__end_of_Flash_Memory_Write              text57       0151C
__end_of_Fosc_Set                        text45       01F11
__end_of_IOC_ISR                         text114      01FE1
__end_of_IOC_Set                         text44       01FC6
__end_of_IO_Set                          text43       0123A
__end_of_ISR                             intentry     00013
__end_of_LED_Initialization              text49       01FAE
__end_of_LED_Main                        text47       01FBA
__end_of_LedPointSelect                  text65       01327
__end_of_Mcu_Initialization              text40       010EF
__end_of_RF_Initialization               text38       01EFE
__end_of_RF_Main                         text17       01F01
__end_of_SwPointSelect                   text10       01189
__end_of_Switch_Initialization           text14       01074
__end_of_Switch_Main                     text5        013D3
__end_of_TMR1_ISR                        text111      0146D
__end_of_TMR1_Set                        text42       01FD2
__end_of_Timeout_Counter                 text106      011B2
__end_of_TouchPower                      text16       011F1
__end_of_WDT_Clearing                    text4        00004
__end_of_WDT_Main                        text3        01101
__end_of_WDT_Set                         text41       01F73
__end_of___awdiv                         text74       00939
__end_of___awtoft                        text82       01369
__end_of___bmul                          text88       010CB
__end_of___ftadd                         text29       003E2
__end_of___ftdiv                         text81       007C9
__end_of___ftmul                         text28       00720
__end_of___ftpack                        text83       00C6A
__end_of___fttol                         text80       01000
__end_of__initialization                 cinit        0003D
__end_of_getAll_DimmerLights_AdjGO       text75       01085
__end_of_getBuz_GO                       text33       01096
__end_of_getDimmerLights_Line            text13       0114D
__end_of_getDimmerLights_Status          text89       02000
__end_of_getMain_All_Error_Status        text31       01F15
__end_of_getMain_LightsStatus            text52       014ED
__end_of_getPercentValue                 text27       00B4E
__end_of_getRF_KeyStatus                 text32       010A7
__end_of_getRxData                       text19       00E83
__end_of_getSw_KeyStatus                 text9        012E7
__end_of_main                            maintext     0172A
__end_of_myMain_Initialization           text2        01FF0
__end_of_my_MainTimer                    text1        0162B
__end_of_setBuz                          text73       00A99
__end_of_setControl_Lights_Table         text22       00E0F
__end_of_setDelayOff_GO                  text86       00BAA
__end_of_setDimmerLights                 text63       00F79
__end_of_setDimmerLights_Adj             text62       01668
__end_of_setDimmerLights_AdjControl      text8        01586
__end_of_setDimmerLights_AdjRF           text26       013AF
__end_of_setDimmerLights_ErrorClose      text12       00AF3
__end_of_setDimmerLights_Initialization  text68       01445
__end_of_setDimmerLights_IntrControl     text112      002EC
__end_of_setDimmerLights_IntrIOC_GO      text116      00800
__end_of_setDimmerLights_Line            text66       011DC
__end_of_setDimmerLights_Main            text61       00990
__end_of_setDimmerLights_SwOff           text76       00C09
__end_of_setDimmerLights_SwOn            text72       017B6
__end_of_setDimmerLights_Trigger         text85       012A9
__end_of_setDimmerLights_TriggerAdj      text84       01307
__end_of_setDimmerReClock                text115      01F35
__end_of_setLED                          text64       008E5
__end_of_setLED_Initialization           text50       010DD
__end_of_setLED_Main                     text48       016E9
__end_of_setLog_Code                     text20       015F2
__end_of_setMain_Exception               text11       00CCC
__end_of_setMemory_Data                  text56       01F96
__end_of_setMemory_LoopSave              text21       0113A
__end_of_setMemory_Modify                text30       01127
__end_of_setPercentValue                 text79       01770
[...]
      Temps:          0       1       0       0       0       0       0       0       0       0       0       0       0       0
      Totals:         0       1       0       0       0       0       0       0       0       0       0       0       0       0
Total ram usage:        1 bytes
 Hardware stack levels used:    1
 Hardware stack levels required when called:    5
 This function calls:
		Nothing
 This function is called by:
		_main
 This function uses a non-reentrant model


 *************** function _Buzzer_Initialization *****************
 Defined at:
		line 11 in file "../src/Buzzer_B1.c"
 Parameters:    Size  Location     Type
		None
 Auto vars:     Size  Location     Type
		None
 Return value:  Size  Location     Type
		None               void
 Registers used:
		None
 Tracked objects:
		On entry : 
		On exit  : 
		Unchanged: 
 Data sizes:     COMMON   BANK0   BANK1   BANK2   BANK3   BANK4   BANK5   BANK6   BANK7   BANK8   BANK9  BANK10  BANK11  BANK12
      Params:         0       0       0       0       0       0       0       0       0       0       0       0       0       0
      Locals:         0       0       0       0       0       0       0       0       0       0       0       0       0       0
      Temps:          0       0       0       0       0       0       0       0       0       0       0       0       0       0
      Totals:         0       0       0       0       0       0       0       0       0       0       0       0       0       0
Total ram usage:        0 bytes
 Hardware stack levels used:    1
 Hardware stack levels required when called:    5
 This function calls:
		Nothing
 This function is called by:
		_main
 This function uses a non-reentrant model


 *************** function _ISR *****************
 Defined at:
		line 107 in file "../src/MCU_B1.c"
 Parameters:    Size  Location     Type
		None
 Auto vars:     Size  Location     Type
		None
 Return value:  Size  Location     Type
		None               void
 Registers used:
		wreg, fsr0l, fsr0h, fsr1l, fsr1h, status,2, status,0, pclath, cstack
 Tracked objects:
		On entry : 
		On exit  : 
		Unchanged: 
 Data sizes:     COMMON   BANK0   BANK1   BANK2   BANK3   BANK4   BANK5   BANK6   BANK7   BANK8   BANK9  BANK10  BANK11  BANK12
      Params:         0       0       0       0       0       0       0       0       0       0       0       0       0       0
      Locals:         0       0       0       0       0       0       0       0       0       0       0       0       0       0
      Temps:          1       0       0       0       0       0       0       0       0       0       0       0       0       0
      Totals:         1       0       0       0       0       0       0       0       0       0       0       0       0       0
Total ram usage:        1 bytes
 Hardware stack levels used:    1
 Hardware stack levels required when called:    4
 This function calls:
		_IOC_ISR
		_TMR1_ISR
 This function is called by:
		Interrupt level 1
 This function uses a non-reentrant model


 *************** function _TMR1_ISR *****************
 Defined at:
		line 209 in file "../src/MCU_B1.c"
 Parameters:    Size  Location     Type
		None
 Auto vars:     Size  Location     Type
		None
 Return value:  Size  Location     Type
		None               void
 Registers used:
		wreg, fsr0l, fsr0h, fsr1l, fsr1h, status,2, status,0, pclath, cstack
 Tracked objects:
		On entry : 
		On exit  : 
		Unchanged: 
 Data sizes:     COMMON   BANK0   BANK1   BANK2   BANK3   BANK4   BANK5   BANK6   BANK7   BANK8   BANK9  BANK10  BANK11  BANK12
      Params:         0       0       0       0       0       0       0       0       0       0       0       0       0       0
      Locals:         0       0       0       0       0       0       0       0       0       0       0       0       0       0
      Temps:          0       0       0       0       0       0       0       0       0       0       0       0       0       0
      Totals:         0       0       0       0       0       0       0       0       0       0       0       0       0       0
Total ram usage:        0 bytes
 Hardware stack levels used:    1
 Hardware stack levels required when called:    2
 This function calls:
		_setDimmerLights_IntrControl
 This function is called by:
		_ISR
 This function uses a non-reentrant model


 *************** function _setDimmerLights_IntrControl *****************
 Defined at:
		line 92 in file "../src/Dimmer_B1.c"
 Parameters:    Size  Location     Type
  lights          1    wreg     unsigned char 
 Auto vars:     Size  Location     Type
  lights          1    6[COMMON] unsigned char 
 Return value:  Size  Location     Type
		None               void
 Registers used:
		wreg, fsr0l, fsr0h, fsr1l, fsr1h, status,2, status,0, pclath, cstack
 Tracked objects:
		On entry : 
		On exit  : 
		Unchanged: 
 Data sizes:     COMMON   BANK0   BANK1   BANK2   BANK3   BANK4   BANK5   BANK6   BANK7   BANK8   BANK9  BANK10  BANK11  BANK12
      Params:         0       0       0       0       0       0       0       0       0       0       0       0       0       0
      Locals:         1       0       0       0       0       0       0       0       0       0       0       0       0       0
      Temps:          4       0       0       0       0       0       0       0       0       0       0       0       0       0
      Totals:         5       0       0       0       0       0       0       0       0       0       0       0       0       0
Total ram usage:        5 bytes
 Hardware stack levels used:    1
 Hardware stack levels required when called:    1
 This function calls:
		_DimmerIntrPointSelect
 This function is called by:
		_TMR1_ISR
 This function uses a non-reentrant model


 *************** function _DimmerIntrPointSelect *****************
 Defined at:
		line 70 in file "../src/Dimmer_B1.c"
 Parameters:    Size  Location     Type
  lights          1    wreg     unsigned char 
 Auto vars:     Size  Location     Type
  lights          1    1[COMMON] unsigned char 
 Return value:  Size  Location     Type
		None               void
 Registers used:
		wreg
 Tracked objects:
		On entry : 
		On exit  : 
		Unchanged: 
 Data sizes:     COMMON   BANK0   BANK1   BANK2   BANK3   BANK4   BANK5   BANK6   BANK7   BANK8   BANK9  BANK10  BANK11  BANK12
      Params:         0       0       0       0       0       0       0       0       0       0       0       0       0       0
      Locals:         1       0       0       0       0       0       0       0       0       0       0       0       0       0
      Temps:          1       0       0       0       0       0       0       0       0       0       0       0       0       0
      Totals:         2       0       0       0       0       0       0       0       0       0       0       0       0       0
Total ram usage:        2 bytes
 Hardware stack levels used:    1
 This function calls:
		Nothing
 This function is called by:
		_setDimmerLights_IntrControl
 This function uses a non-reentrant model


 *************** function _IOC_ISR *****************
 Defined at:
		line 401 in file "../src/MCU_B1.c"
 Parameters:    Size  Location     Type
		None
 Auto vars:     Size  Location     Type
		None
 Return value:  Size  Location     Type
		None               void
 Registers used:
		wreg, fsr1l, fsr1h, status,2, status,0, pclath, cstack
 Tracked objects:
		On entry : 
		On exit  : 
		Unchanged: 
 Data sizes:     COMMON   BANK0   BANK1   BANK2   BANK3   BANK4   BANK5   BANK6   BANK7   BANK8   BANK9  BANK10  BANK11  BANK12
      Params:         0       0       0       0       0       0       0       0       0       0       0       0       0       0
      Locals:         0       0       0       0       0       0       0       0       0       0       0       0       0       0
      Temps:          0       0       0       0       0       0       0       0       0       0       0       0       0       0
      Totals:         0       0       0       0       0       0       0       0       0       0       0       0       0       0
Total ram usage:        0 bytes
 Hardware stack levels used:    1
 Hardware stack levels required when called:    3
 This function calls:
		_setDimmerReClock
 This function is called by:
		_ISR
 This function uses a non-reentrant model


 *************** function _setDimmerReClock *****************
 Defined at:
		line 244 in file "../src/MCU_B1.c"
 Parameters:    Size  Location     Type
		None
 Auto vars:     Size  Location     Type
		None
 Return value:  Size  Location     Type
		None               void
 Registers used:
		wreg, fsr1l, fsr1h, status,2, status,0, pclath, cstack
 Tracked objects:
		On entry : 
		On exit  : 
		Unchanged: 
 Data sizes:     COMMON   BANK0   BANK1   BANK2   BANK3   BANK4   BANK5   BANK6   BANK7   BANK8   BANK9  BANK10  BANK11  BANK12
      Params:         0       0       0       0       0       0       0       0       0       0       0       0       0       0
      Locals:         0       0       0       0       0       0       0       0       0       0       0       0       0       0
      Temps:          0       0       0       0       0       0       0       0       0       0       0       0       0       0
      Totals:         0       0       0       0       0       0       0       0       0       0       0       0       0       0
Total ram usage:        0 bytes
 Hardware stack levels used:    1
 Hardware stack levels required when called:    2
 This function calls:
		_setDimmerLights_IntrIOC_GO
 This function is called by:
		_IOC_ISR
 This function uses a non-reentrant model


 *************** function _setDimmerLights_IntrIOC_GO *****************
 Defined at:
		line 28 in file "../src/Dimmer_B1.c"
 Parameters:    Size  Location     Type
  lights          1    wreg     unsigned char 
 Auto vars:     Size  Location     Type
  lights          1    2[COMMON] unsigned char 
 Return value:  Size  Location     Type
		None               void
 Registers used:
		wreg, fsr1l, fsr1h, status,2, status,0, pclath, cstack
 Tracked objects:
		On entry : 
		On exit  : 
		Unchanged: 
 Data sizes:     COMMON   BANK0   BANK1   BANK2   BANK3   BANK4   BANK5   BANK6   BANK7   BANK8   BANK9  BANK10  BANK11  BANK12
      Params:         0       0       0       0       0       0       0       0       0       0       0       0       0       0
      Locals:         1       0       0       0       0       0       0       0       0       0       0       0       0       0
      Temps:          0       0       0       0       0       0       0       0       0       0       0       0       0       0
      Totals:         1       0       0       0       0       0       0       0       0       0       0       0       0       0
Total ram usage:        1 bytes
 Hardware stack levels used:    1
 Hardware stack levels required when called:    1
 This function calls:
		_DimmerIntrIOCPointSelect
 This function is called by:
		_setDimmerReClock
 This function uses a non-reentrant model


 *************** function _DimmerIntrIOCPointSelect *****************
 Defined at:
		line 8 in file "../src/Dimmer_B1.c"
 Parameters:    Size  Location     Type
  lights          1    wreg     unsigned char 
 Auto vars:     Size  Location     Type
  lights          1    1[COMMON] unsigned char 
 Return value:  Size  Location     Type
		None               void
 Registers used:
		wreg
 Tracked objects:
		On entry : 
		On exit  : 
		Unchanged: 
 Data sizes:     COMMON   BANK0   BANK1   BANK2   BANK3   BANK4   BANK5   BANK6   BANK7   BANK8   BANK9  BANK10  BANK11  BANK12
      Params:         0       0       0       0       0       0       0       0       0       0       0       0       0       0
      Locals:         1       0       0       0       0       0       0       0       0       0       0       0       0       0
      Temps:          1       0       0       0       0       0       0       0       0       0       0       0       0       0
      Totals:         2       0       0       0       0       0       0       0       0       0       0       0       0       0
Total ram usage:        2 bytes
 Hardware stack levels used:    1
 This function calls:
		Nothing
 This function is called by:
		_setDimmerLights_IntrIOC_GO
 This function uses a non-reentrant model



MODULE INFORMATION

Module		Function		Class		Link	Load	Size
C:\Program Files (x86)\Microchip\xc8\v1.32\sources\common\float.c
		___ftpack      		CODE           	0C09	0000	97

C:\Program Files (x86)\Microchip\xc8\v1.32\sources\common\float.c estimated size: 97

C:\Program Files (x86)\Microchip\xc8\v1.32\sources\common\awtoft.c
		___awtoft      		CODE           	1347	0000	34

C:\Program Files (x86)\Microchip\xc8\v1.32\sources\common\awtoft.c estimated size: 34

../src/MCU_B1.c
		_Fosc_Set      		CODE           	1F0D	0000	4
		_IO_Set        		CODE           	1221	0000	25
		_WDT_Set       		CODE           	1F68	0000	11
		_WDT_Main      		CODE           	10EF	0000	18
		_ADC_Set       		CODE           	1F26	0000	7
		_IOC_ISR       		CODE           	1FD2	0000	15
		_ISR           		CODE           	0004	0000	15
		_Flash_Memory_W		CODE           	14ED	0000	47
		_Flash_Memory_M		CODE           	0844	0000	78
		_IOC_Set       		CODE           	1FBA	0000	12
		_WDT_Clearing  		CODE           	0002	0000	2
		_setMemory_Modi		CODE           	1114	0000	19
		_Mcu_Initializa		CODE           	10DD	0000	18
		_setMemory_Data		CODE           	1F8A	0000	12
		_Flash_Memory_I		CODE           	04D3	0000	220
		_TMR1_Set      		CODE           	1FC6	0000	12
		_setMemory_Loop		CODE           	1127	0000	19
		_Flash_Memory_U		CODE           	1F55	0000	9
		_Flash_Memory_R		CODE           	1254	0000	26
		_Flash_Memory_E		CODE           	1F96	0000	12
		_TMR1_ISR      		CODE           	1445	0000	40
		_setDimmerReClo		CODE           	1F2D	0000	8
		_Flash_Memory_M		CODE           	1586	0000	54

../src/MCU_B1.c estimated size: 683

C:\Program Files (x86)\Microchip\xc8\v1.32\sources\common\ftmul.c
		___ftmul       		CODE           	066C	0000	180

C:\Program Files (x86)\Microchip\xc8\v1.32\sources\common\ftmul.c estimated size: 180

../src/Buzzer_B1.c
		_Buzzer_Main   		CODE           	17B6	0000	74
		_setBuz        		CODE           	0A40	0000	89
		_getBuz_GO     		CODE           	1085	0000	17
		_Buzzer_Initial		CODE           	1EF8	0000	3

../src/Buzzer_B1.c estimated size: 183

../src/LED_B1.c
		_setLED        		CODE           	0892	0000	83
		_LED_Main      		CODE           	1FAE	0000	12
		_setLED_Initial		CODE           	10CB	0000	18
		_LedPointSelect		CODE           	1307	0000	32
		_setLED_Main   		CODE           	16A8	0000	65
		_LED_Initializa		CODE           	1FA2	0000	12

../src/LED_B1.c estimated size: 222

../src/CC2500_B1.c
		_DelayTime_1us 		CODE           	13F8	0000	38
		_CC2500_Frequen		CODE           	1F7E	0000	12
		_CC2500_SIDLEMo		CODE           	1F09	0000	4
		_CC2500_PowerOn		CODE           	11B2	0000	21
		_CC2500_WriteBy		CODE           	1208	0000	25
		_CC2500_RxData 		CODE           	0E83	0000	118
		_CC2500_TxData 		CODE           	0CCC	0000	104
		_CC2500_ClearRX		CODE           	1F01	0000	4
		_CC2500_ClearTX		CODE           	1F05	0000	4
		_CC2500_InitPAT		CODE           	12A9	0000	31
		_CC2500_WriteRE		CODE           	1369	0000	35
		_CC2500_ReadSta		CODE           	13D3	0000	37
		_CC2500_PowerRS		CODE           	0800	0000	68
		_CC2500_ReadByt		CODE           	126E	0000	29
		_CC2500_InitSet		CODE           	146D	0000	42
		_CC2500_WriteCo		CODE           	123A	0000	26

../src/CC2500_B1.c estimated size: 598

C:\Program Files (x86)\Microchip\xc8\v1.32\sources\common\fttol.c
		___fttol       		CODE           	0F79	0000	135

C:\Program Files (x86)\Microchip\xc8\v1.32\sources\common\fttol.c estimated size: 135

../src/RF_Control_B1.c
		_RF_Initializat		CODE           	1EFB	0000	3
		_getRxData     		CODE           	0E0F	0000	116
		_setRF_Main    		CODE           	03E2	0000	241
		_setRF_DimmerVa		CODE           	151C	0000	53
		_getRF_KeyStatu		CODE           	1096	0000	17
		_setRF_Initiali		CODE           	1F73	0000	11
		_setTxData     		CODE           	05AF	0000	189
		_setRFSW_Contro		CODE           	09E8	0000	88
		_setRF_Learn   		CODE           	1189	0000	20
		_RF_Main       		CODE           	1EFE	0000	3
		_setRFSW_AdjCon		CODE           	1668	0000	64
		_setRF_DimmerLi		CODE           	0D34	0000	108
		_setControl_Lig		CODE           	0DA0	0000	111
		_setLog_Code   		CODE           	15BC	0000	54

../src/RF_Control_B1.c estimated size: 1078

C:\Program Files (x86)\Microchip\xc8\v1.32\sources\common\awdiv.c
		___awdiv       		CODE           	08E5	0000	84

C:\Program Files (x86)\Microchip\xc8\v1.32\sources\common\awdiv.c estimated size: 84

C:\Program Files (x86)\Microchip\xc8\v1.32\sources\common\ftadd.c
		___ftadd       		CODE           	02EC	0000	246

C:\Program Files (x86)\Microchip\xc8\v1.32\sources\common\ftadd.c estimated size: 246

../src/main_B1.c
		_getMain_Lights		CODE           	14C1	0000	44
		_my_MainTimer  		CODE           	15F2	0000	57
		_main          		CODE           	16E9	0000	65
		_Timeout_Counte		CODE           	119D	0000	21
		_myMain_Initial		CODE           	1FE1	0000	15
		_getMain_All_Er		CODE           	1F11	0000	4
		_set_TimeoutCle		CODE           	1F15	0000	5
		_setMain_Except		CODE           	0C6A	0000	98

../src/main_B1.c estimated size: 309

C:\Program Files (x86)\Microchip\xc8\v1.32\sources\common\Umul8.c
		___bmul        		CODE           	10B9	0000	18

C:\Program Files (x86)\Microchip\xc8\v1.32\sources\common\Umul8.c estimated size: 18

shared
		_CC2500_patable		STRCODE        	105E	0000	8
		_CC2500_rfSetti		STRCODE        	102F	0000	47
		__initializatio		CODE           	0015	0000	40
		_CC2500_registe		STRCODE        	1000	0000	47

shared estimated size: 142

../src/Switch_B1.c
		_Switch_Main   		CODE           	13AF	0000	36
		_SwPointSelect 		CODE           	1175	0000	20
		_TouchPower    		CODE           	11DC	0000	21
		_setSw_Main    		CODE           	0041	0000	367
		_getSw_KeyStatu		CODE           	12C8	0000	31
		_setSw_Initiali		CODE           	1F4D	0000	8
		_Switch_Initial		CODE           	1067	0000	13

../src/Switch_B1.c estimated size: 496

../src/Dimmer_B1.c
		_DimmerLightsPo		CODE           	1101	0000	19
		_getDimmerLight		CODE           	1FF0	0000	16
		_setDimmerLight		CODE           	0BAA	0000	95
		_DimmerIntrPoin		CODE           	10A7	0000	18
		_DimmerLights_M		CODE           	1F45	0000	8
		_setDimmerLight		CODE           	1770	0000	70
		_getAll_DimmerL		CODE           	1074	0000	17
		_getDimmerLight		CODE           	113A	0000	19
		_setDimmerLight		CODE           	01B0	0000	316
		_DimmerIntrIOCP		CODE           	114D	0000	20
		_setDimmerLight		CODE           	162B	0000	61
		_setDimmerLight		CODE           	0EF9	0000	128
		_setDimmerLight		CODE           	11C7	0000	21
		_setDimmerLight		CODE           	138C	0000	35
		_getPercentValu		CODE           	0AF3	0000	91
		_setDimmerLight		CODE           	0A99	0000	90
		_setDimmerLight		CODE           	128B	0000	30
		_setDimmerLight		CODE           	12E7	0000	32
		_setPercentValu		CODE           	172A	0000	70
		_setDimmerLight		CODE           	141E	0000	39
		_setDimmerLight		CODE           	07C9	0000	55
		_Dimmer_Initial		CODE           	1066	0000	1
		_DimmerLights_I		CODE           	11F1	0000	23
		_setDimmerLight		CODE           	0939	0000	87
		_setDimmerLight		CODE           	1551	0000	53

../src/Dimmer_B1.c estimated size: 1414

../src/DelayOff_B1.c
		_DelayOff_Initi		CODE           	1F35	0000	8
		_DlyOff_Main   		CODE           	0990	0000	88
		_DelayTimejudge		CODE           	1497	0000	42
		_DelayOff_Main 		CODE           	1F3D	0000	8
		_DelayOffPointS		CODE           	1161	0000	20
		_setDelayOff_GO		CODE           	0B4E	0000	92
		_DlyOff_Initial		CODE           	1F5E	0000	10

../src/DelayOff_B1.c estimated size: 268

C:\Program Files (x86)\Microchip\xc8\v1.32\sources\pic\ftdiv.c
		___ftdiv       		CODE           	0720	0000	169

C:\Program Files (x86)\Microchip\xc8\v1.32\sources\pic\ftdiv.c estimated size: 169

