Microchip MPLAB XC8 Compiler V1.32 ()

Linker command line:

--edf=C:\Program Files (x86)\Microchip\xc8\v1.32\dat\en_msgs.txt -cs \
  -h+dist/default/production\1-8-1.Switch_1Key_Dimmer_MOSFET.X.production.sym \
  --cmf=dist/default/production\1-8-1.Switch_1Key_Dimmer_MOSFET.X.production.cmf \
  -z -Q16F1518 -oC:\Users\taianluo\AppData\Local\Temp\skk.6 \
  -Mdist/default/production/1-8-1.Switch_1Key_Dimmer_MOSFET.X.production.map \
  -E1 -ver=XC8 -ASTACK=02110h-0231fh -pstack=STACK -ACONST=00h-0FFhx64 \
  -ACODE=00h-07FFhx8 -ASTRCODE=00h-03FFFh -AENTRY=00h-0FFhx64 \
  -ASTRING=00h-0FFhx64 -ACOMMON=070h-07Fh -ABANK0=020h-06Fh \
  -ABANK1=0A0h-0EFh -ABANK2=0120h-016Fh -ABANK3=01A0h-01EFh \
  -ABANK4=0220h-026Fh -ABANK5=02A0h-02EFh -ABANK6=0320h-036Fh \
  -ABANK7=03A0h-03EFh -ABANK8=0420h-046Fh -ABANK9=04A0h-04EFh \
  -ABANK10=0520h-056Fh -ABANK11=05A0h-05EFh -ABANK12=0620h-064Fh \
  -ABIGRAM=02000h-023EFh \
  -ARAM=020h-06Fh,0A0h-0EFh,0120h-016Fh,01A0h-01EFh,0220h-026Fh,02A0h-02EFh,0320h-036Fh,03A0h-03EFh,0420h-046Fh,04A0h-04EFh,0520h-056Fh,05A0h-05EFh,0620h-064Fh \
  -AABS1=020h-07Fh,0A0h-0EFh,0120h-016Fh,01A0h-01EFh,0220h-026Fh,02A0h-02EFh,0320h-036Fh,03A0h-03EFh,0420h-046Fh,04A0h-04EFh,0520h-056Fh,05A0h-05EFh,0620h-064Fh \
  -ASFR0=00h-01Fh -ASFR1=080h-09Fh -ASFR2=0100h-011Fh -ASFR3=0180h-019Fh \
  -ASFR4=0200h-021Fh -ASFR5=0280h-029Fh -ASFR6=0300h-031Fh \
  -ASFR7=0380h-039Fh -ASFR8=0400h-041Fh -ASFR9=0480h-049Fh \
  -ASFR10=0500h-051Fh -ASFR11=0580h-059Fh -ASFR12=0600h-061Fh \
  -ASFR13=0680h-06EFh -ASFR14=0700h-076Fh -ASFR15=0780h-07EFh \
  -ASFR16=0800h-086Fh -ASFR17=0880h-08EFh -ASFR18=0900h-096Fh \
  -ASFR19=0980h-09EFh -ASFR20=0A00h-0A6Fh -ASFR21=0A80h-0AEFh \
  -ASFR22=0B00h-0B6Fh -ASFR23=0B80h-0BEFh -ASFR24=0C00h-0C6Fh \
  -ASFR25=0C80h-0CEFh -ASFR26=0D00h-0D6Fh -ASFR27=0D80h-0DEFh \
  -ASFR28=0E00h-0E6Fh -ASFR29=0E80h-0EEFh -ASFR30=0F00h-0F6Fh \
  -ASFR31=0F80h-0FEFh -preset_vec=00h,intentry=04h,init,end_init \
  -ppowerup=CODE -pcinit=CODE -pfunctab=CODE -ACONFIG=08007h-08008h \
  -pconfig=CONFIG -DCONFIG=2 -AIDLOC=08000h-08003h -pidloc=IDLOC -DIDLOC=2 \
  -DCODE=2 -DSTRCODE=2 -DSTRING=2 -DCONST=2 -DENTRY=2 -k \
  C:\Users\taianluo\AppData\Local\Temp\skk.obj \
  dist/default/production\1-8-1.Switch_1Key_Dimmer_MOSFET.X.production.obj 

Object code version is 3.11

Machine type is 16F1518



                Name                               Link     Load   Length Selector   Space Scale
C:\Users\taianluo\AppData\Local\Temp\skk.obj
                end_init                             1F       1F        2        8       0
                reset_vec                             0        0        2        0       0
                config                             8007     8007        2    1000E       0
dist/default/production\1-8-1.Switch_1Key_Dimmer_MOSFET.X.production.obj
                cinit                                21       21       24        8       0
                intentry                              4        4       1B        8       0
                text93                              B8A      B8A       30     1714       0
                text92                              810      810        9     1020       0
                text91                              C25      C25       38     184A       0
                text90                              A35      A35       1E     146A       0
                text88                             17AF     17AF        3     2F5E       0
                text87                              7B1      7B1       46        8       0
                text86                              835      835        B     106A       0
                text85                             17D0     17D0        5     2FA0       0
                text84                             17B8     17B8        4     2F70       0
                text83                              840      840        B     1080       0
                text82                              8C2      8C2        E     1184       0
                text81                              B5B      B5B       2F     16B6       0
                text80                              8A8      8A8        D     1150       0
                text79                              E36      E36       54     1C6C       0
                text78                              D90      D90       53     1B20       0
                text77                              D4E      D4E       42     1A9C       0
                text76                              86C      86C        C     10D8       0
                text75                              F41      F41       5F     1E82       0
                text74                             17BC     17BC        4     2F78       0
                text73                              A73      A73       21     14E6       0
                text72                              8FA      8FA        F     11F4       0
                text71                              FA0      FA0       60     1F40       0
                text70                              AB5      AB5       22     156A       0
                text69                              19E      19E       F6        8       0
                text68                              413      413       A9        8       0
                text67                              35F      35F       B4        8       0
                text66                              819      819        9     1032       0
                text65                              5E1      5E1       87        8       0
                text64                              74C      74C       65        8       0
                text63                              6E7      6E7       65        8       0
                text62                              927      927       10     124E       0
                text61                              E8A      E8A       5A     1D14       0
                text60                             17AE     17AE        1     2F5C       0
                text59                             17EB     17EB        7     2FD6       0
                text58                              B01      B01       2C     1602       0
                text57                              DE3      DE3       53     1BC6       0
                text56                             17B2     17B2        3     2F64       0
                text55                              8B5      8B5        D     116A       0
                text54                              98C      98C       13     1318       0
                text53                              878      878        C     10F0       0
                text52                              CD0      CD0       3D     19A0       0
                text51                              909      909        F     1212       0
                text50                              8D0      8D0        E     11A0       0
                text49                              800      800        8        8       0
                text48                              99F      99F       14     133E       0
                text47                              947      947       11     128E       0
                text46                              668      668       7F        8       0
                text45                              9C7      9C7       15     138E       0
                text44                              884      884        C     1108       0
                text43                              9DC      9DC       15     13B8       0
                text42                             17D5     17D5        5     2FAA       0
                text41                              82B      82B        A     1056       0
                text40                              BBA      BBA       35     1774       0
                text39                              4BC      4BC       9C        8       0
                text38                              EE4      EE4       5D     1DC8       0
                text37                              808      808        8     1010       0
                text36                             17B5     17B5        3     2F6A       0
                text35                              BEF      BEF       36     17DE       0
                text34                              9B3      9B3       14     1366       0
                text33                              822      822        9     1044       0
                text32                              AD7      AD7       2A     15AE       0
                text31                              84B      84B        B     1096       0
                text30                              294      294       CB        8       0
                text29                              890      890        C     1120       0
                text28                              558      558       89        8       0
                text27                              958      958       11     12B0       0
                text26                              D0D      D0D       41     1A1A       0
                text25                              8DE      8DE        E     11BC       0
                text24                             17C0     17C0        4     2F80       0
                text23                              B2D      B2D       2E     165A       0
                text22                             17C4     17C4        4     2F88       0
                text21                             17F2     17F2        7     2FE4       0
                text20                             17C8     17C8        4     2F90       0
                text19                              856      856        B     10AC       0
                text18                              A1B      A1B       1A     1436       0
                text17                              89C      89C        C     1138       0
                text16                              7F7      7F7        9        8       0
                text15                              97A      97A       12     12F4       0
                text14                              8EC      8EC        E     11D8       0
                text13                             17CC     17CC        4     2F98       0
                text12                              9F1      9F1       15     13E2       0
                text11                             17DA     17DA        5     2FB4       0
                text10                              A06      A06       15     140C       0
                text9                               861      861        B     10C2       0
                text8                               969      969       11     12D2       0
                text7                               A94      A94       21     1528       0
                text6                                45       45      159        8       0
                text5                              17F9     17F9        7     2FF2       0
                text4                                 2        2        2        0       0
                text3                               937      937       10     126E       0
                text2                               918      918        F     1230       0
                text1                               C5D      C5D       38     18BA       0
                maintext                            C95      C95       3B     192A       0
                cstackBANK0                          20       20       4A       20       1
                cstackCOMMON                         70       70        A       70       1
                cstackBANK1                          E8       E8        4       A0       1
                inittext                           17DF     17DF        6     2FBE       0
                clrtext                            17E5     17E5        6     2FCA       0
                dataBANK3                           1A0      1A0       20      1A0       1
                bssBANK2                            120      120       3E      120       1
                bssBANK1                             A0       A0       48       A0       1
                bssBANK0                             6A       6A        3       20       1
                bssCOMMON                            7A       7A        2       70       1
                nvBANK0                              6D       6D        1       20       1
                idataBANK3                          A53      A53       20     14A6       0

TOTAL           Name                               Link     Load   Length     Space
        CLASS   STACK          

        CLASS   CONST          

        CLASS   CODE           
                end_init                             1F       1F        2         0
                cinit                                21       21       24         0
                intentry                              4        4       1B         0
                reset_vec                             0        0        2         0
                text93                              B8A      B8A       30         0
                text92                              810      810        9         0
                text91                              C25      C25       38         0
                text90                              A35      A35       1E         0
                text88                             17AF     17AF        3         0
                text87                              7B1      7B1       46         0
                text86                              835      835        B         0
                text85                             17D0     17D0        5         0
                text84                             17B8     17B8        4         0
                text83                              840      840        B         0
                text82                              8C2      8C2        E         0
                text81                              B5B      B5B       2F         0
                text80                              8A8      8A8        D         0
                text79                              E36      E36       54         0
                text78                              D90      D90       53         0
                text77                              D4E      D4E       42         0
                text76                              86C      86C        C         0
                text75                              F41      F41       5F         0
                text74                             17BC     17BC        4         0
                text73                              A73      A73       21         0
                text72                              8FA      8FA        F         0
                text71                              FA0      FA0       60         0
                text70                              AB5      AB5       22         0
                text69                              19E      19E       F6         0
                text68                              413      413       A9         0
                text67                              35F      35F       B4         0
                text66                              819      819        9         0
                text65                              5E1      5E1       87         0
                text64                              74C      74C       65         0
                text63                              6E7      6E7       65         0
                text62                              927      927       10         0
                text61                              E8A      E8A       5A         0
                text60                             17AE     17AE        1         0
                text59                             17EB     17EB        7         0
                text58                              B01      B01       2C         0
                text57                              DE3      DE3       53         0
                text56                             17B2     17B2        3         0
                text55                              8B5      8B5        D         0
                text54                              98C      98C       13         0
                text53                              878      878        C         0
                text52                              CD0      CD0       3D         0
                text51                              909      909        F         0
                text50                              8D0      8D0        E         0
                text49                              800      800        8         0
                text48                              99F      99F       14         0
                text47                              947      947       11         0
                text46                              668      668       7F         0
                text45                              9C7      9C7       15         0
                text44                              884      884        C         0
                text43                              9DC      9DC       15         0
                text42                             17D5     17D5        5         0
                text41                              82B      82B        A         0
                text40                              BBA      BBA       35         0
                text39                              4BC      4BC       9C         0
                text38                              EE4      EE4       5D         0
                text37                              808      808        8         0
                text36                             17B5     17B5        3         0
                text35                              BEF      BEF       36         0
                text34                              9B3      9B3       14         0
                text33                              822      822        9         0
                text32                              AD7      AD7       2A         0
                text31                              84B      84B        B         0
                text30                              294      294       CB         0
                text29                              890      890        C         0
                text28                              558      558       89         0
                text27                              958      958       11         0
                text26                              D0D      D0D       41         0
                text25                              8DE      8DE        E         0
                text24                             17C0     17C0        4         0
                text23                              B2D      B2D       2E         0
                text22                             17C4     17C4        4         0
                text21                             17F2     17F2        7         0
                text20                             17C8     17C8        4         0
                text19                              856      856        B         0
                text18                              A1B      A1B       1A         0
                text17                              89C      89C        C         0
                text16                              7F7      7F7        9         0
                text15                              97A      97A       12         0
                text14                              8EC      8EC        E         0
                text13                             17CC     17CC        4         0
                text12                              9F1      9F1       15         0
                text11                             17DA     17DA        5         0
                text10                              A06      A06       15         0
                text9                               861      861        B         0
                text8                               969      969       11         0
                text7                               A94      A94       21         0
                text6                                45       45      159         0
                text5                              17F9     17F9        7         0
                text4                                 2        2        2         0
                text3                               937      937       10         0
                text2                               918      918        F         0
                text1                               C5D      C5D       38         0
                maintext                            C95      C95       3B         0
                inittext                           17DF     17DF        6         0
                clrtext                            17E5     17E5        6         0
                idataBANK3                          A53      A53       20         0

        CLASS   STRCODE        

        CLASS   ENTRY          

        CLASS   STRING         

        CLASS   COMMON         
                cstackCOMMON                         70       70        A         1
                bssCOMMON                            7A       7A        2         1

        CLASS   BANK0          
                cstackBANK0                          20       20       4A         1
                bssBANK0                             6A       6A        3         1
                nvBANK0                              6D       6D        1         1

        CLASS   BANK1          
                cstackBANK1                          E8       E8        4         1
                bssBANK1                             A0       A0       48         1

        CLASS   BANK2          
                bssBANK2                            120      120       3E         1

        CLASS   BANK3          
                dataBANK3                           1A0      1A0       20         1

        CLASS   BANK4          

        CLASS   BANK5          

        CLASS   BANK6          

        CLASS   BANK7          

        CLASS   BANK8          

        CLASS   BANK9          

        CLASS   BANK10         

        CLASS   BANK11         

        CLASS   BANK12         

        CLASS   BIGRAM         

        CLASS   RAM            

        CLASS   ABS1           
                abs_s1                               7E       7E        2         1

        CLASS   SFR0           

        CLASS   SFR1           

        CLASS   SFR2           

        CLASS   SFR3           

        CLASS   SFR4           

        CLASS   SFR5           

        CLASS   SFR6           

        CLASS   SFR7           

        CLASS   SFR8           

        CLASS   SFR9           

        CLASS   SFR10          

        CLASS   SFR11          

        CLASS   SFR12          

        CLASS   SFR13          

        CLASS   SFR14          

        CLASS   SFR15          

        CLASS   SFR16          

        CLASS   SFR17          

        CLASS   SFR18          

        CLASS   SFR19          

        CLASS   SFR20          

        CLASS   SFR21          

        CLASS   SFR22          

        CLASS   SFR23          

        CLASS   SFR24          

        CLASS   SFR25          

        CLASS   SFR26          

        CLASS   SFR27          

        CLASS   SFR28          

        CLASS   SFR29          

        CLASS   SFR30          

        CLASS   SFR31          

        CLASS   CONFIG         
                config                             8007     8007        2         0

        CLASS   IDLOC          

        CLASS   BANK31         

        CLASS   BANK30         

        CLASS   BANK29         

        CLASS   BANK28         

        CLASS   BANK27         

        CLASS   BANK26         

        CLASS   BANK25         

        CLASS   BANK24         

        CLASS   BANK23         

        CLASS   BANK22         

        CLASS   BANK21         

        CLASS   BANK20         

        CLASS   BANK19         

        CLASS   BANK18         

        CLASS   BANK17         

        CLASS   BANK16         

        CLASS   BANK15         

        CLASS   BANK14         

        CLASS   BANK13         

        CLASS   EEDATA         



SEGMENTS        Name                           Load    Length   Top    Selector   Space  Class     Delta

                reset_vec                      000000  000004  000004         0       0  CODE        2
                intentry                       000004  000804  000808         8       0  CODE        2
                cstackBANK0                    000020  00004E  00006E        20       1  BANK0       1
                cstackCOMMON                   000070  00000C  00007C        70       1  COMMON      1
                bssBANK1                       0000A0  00004C  0000EC        A0       1  BANK1       1
                bssBANK2                       000120  00003E  00015E       120       1  BANK2       1
                dataBANK3                      0001A0  000020  0001C0       1A0       1  BANK3       1
                text37                         000808  000008  000810      1010       0  CODE        2
                text92                         000810  000009  000819      1020       0  CODE        2
                text66                         000819  000009  000822      1032       0  CODE        2
                text33                         000822  000009  00082B      1044       0  CODE        2
                text41                         00082B  00000A  000835      1056       0  CODE        2
                text86                         000835  00000B  000840      106A       0  CODE        2
                text83                         000840  00000B  00084B      1080       0  CODE        2
                text31                         00084B  00000B  000856      1096       0  CODE        2
                text19                         000856  00000B  000861      10AC       0  CODE        2
                text9                          000861  00000B  00086C      10C2       0  CODE        2
                text76                         00086C  00000C  000878      10D8       0  CODE        2
                text53                         000878  00000C  000884      10F0       0  CODE        2
                text44                         000884  00000C  000890      1108       0  CODE        2
                text29                         000890  00000C  00089C      1120       0  CODE        2
                text17                         00089C  00000C  0008A8      1138       0  CODE        2
                text80                         0008A8  00000D  0008B5      1150       0  CODE        2
                text55                         0008B5  00000D  0008C2      116A       0  CODE        2
                text82                         0008C2  00000E  0008D0      1184       0  CODE        2
                text50                         0008D0  00000E  0008DE      11A0       0  CODE        2
                text25                         0008DE  00000E  0008EC      11BC       0  CODE        2
                text14                         0008EC  00000E  0008FA      11D8       0  CODE        2
                text72                         0008FA  00000F  000909      11F4       0  CODE        2
                text51                         000909  00000F  000918      1212       0  CODE        2
                text2                          000918  00000F  000927      1230       0  CODE        2
                text62                         000927  000010  000937      124E       0  CODE        2
                text3                          000937  000010  000947      126E       0  CODE        2
                text47                         000947  000011  000958      128E       0  CODE        2
                text27                         000958  000011  000969      12B0       0  CODE        2
                text8                          000969  000011  00097A      12D2       0  CODE        2
                text15                         00097A  000012  00098C      12F4       0  CODE        2
                text54                         00098C  000013  00099F      1318       0  CODE        2
                text48                         00099F  000014  0009B3      133E       0  CODE        2
                text34                         0009B3  000014  0009C7      1366       0  CODE        2
                text45                         0009C7  000015  0009DC      138E       0  CODE        2
                text43                         0009DC  000015  0009F1      13B8       0  CODE        2
                text12                         0009F1  000015  000A06      13E2       0  CODE        2
                text10                         000A06  000015  000A1B      140C       0  CODE        2
                text18                         000A1B  00001A  000A35      1436       0  CODE        2
                text90                         000A35  00001E  000A53      146A       0  CODE        2
                idataBANK3                     000A53  000020  000A73      14A6       0  CODE        2
                text73                         000A73  000021  000A94      14E6       0  CODE        2
                text7                          000A94  000021  000AB5      1528       0  CODE        2
                text70                         000AB5  000022  000AD7      156A       0  CODE        2
                text32                         000AD7  00002A  000B01      15AE       0  CODE        2
                text58                         000B01  00002C  000B2D      1602       0  CODE        2
                text23                         000B2D  00002E  000B5B      165A       0  CODE        2
                text81                         000B5B  00002F  000B8A      16B6       0  CODE        2
                text93                         000B8A  000030  000BBA      1714       0  CODE        2
                text40                         000BBA  000035  000BEF      1774       0  CODE        2
                text35                         000BEF  000036  000C25      17DE       0  CODE        2
                text91                         000C25  000038  000C5D      184A       0  CODE        2
                text1                          000C5D  000038  000C95      18BA       0  CODE        2
                maintext                       000C95  00003B  000CD0      192A       0  CODE        2
                text52                         000CD0  00003D  000D0D      19A0       0  CODE        2
                text26                         000D0D  000041  000D4E      1A1A       0  CODE        2
                text77                         000D4E  000042  000D90      1A9C       0  CODE        2
                text78                         000D90  000053  000DE3      1B20       0  CODE        2
                text57                         000DE3  000053  000E36      1BC6       0  CODE        2
                text79                         000E36  000054  000E8A      1C6C       0  CODE        2
                text61                         000E8A  00005A  000EE4      1D14       0  CODE        2
                text38                         000EE4  00005D  000F41      1DC8       0  CODE        2
                text75                         000F41  00005F  000FA0      1E82       0  CODE        2
                text71                         000FA0  000060  001000      1F40       0  CODE        2
                text60                         0017AE  000001  0017AF      2F5C       0  CODE        2
                text88                         0017AF  000003  0017B2      2F5E       0  CODE        2
                text56                         0017B2  000003  0017B5      2F64       0  CODE        2
                text36                         0017B5  000003  0017B8      2F6A       0  CODE        2
                text84                         0017B8  000004  0017BC      2F70       0  CODE        2
                text74                         0017BC  000004  0017C0      2F78       0  CODE        2
                text24                         0017C0  000004  0017C4      2F80       0  CODE        2
                text22                         0017C4  000004  0017C8      2F88       0  CODE        2
                text20                         0017C8  000004  0017CC      2F90       0  CODE        2
                text13                         0017CC  000004  0017D0      2F98       0  CODE        2
                text85                         0017D0  000005  0017D5      2FA0       0  CODE        2
                text42                         0017D5  000005  0017DA      2FAA       0  CODE        2
                text11                         0017DA  000005  0017DF      2FB4       0  CODE        2
                inittext                       0017DF  000006  0017E5      2FBE       0  CODE        2
                clrtext                        0017E5  000006  0017EB      2FCA       0  CODE        2
                text59                         0017EB  000007  0017F2      2FD6       0  CODE        2
                text21                         0017F2  000007  0017F9      2FE4       0  CODE        2
                text5                          0017F9  000007  001800      2FF2       0  CODE        2
                config                         008007  000002  008009     1000E       0  CONFIG      2


UNUSED ADDRESS RANGES

        Name                Unused          Largest block    Delta
        BANK0            0006E-0006F               2           1
        BANK1            000EC-000EF               4           1
        BANK10           00520-0056F              50           1
        BANK11           005A0-005EF              50           1
        BANK12           00620-0064F              30           1
        BANK2            0015E-0016F              12           1
        BANK3            001C0-001EF              30           1
        BANK4            00220-0026F              50           1
        BANK5            002A0-002EF              50           1
        BANK6            00320-0036F              50           1
        BANK7            003A0-003EF              50           1
        BANK8            00420-0046F              50           1
        BANK9            004A0-004EF              50           1
        BIGRAM           02000-023EF             3F0           1
        CODE             01000-017AD             7AE           2
                         01800-03FFF             800
        COMMON           0007C-0007D               2           1
        CONST            01000-017AD             100           2
                         01800-03FFF             100
        ENTRY            01000-017AD             100           2
                         01800-03FFF             100
        IDLOC            08000-08003               4           2
        RAM              0006E-0006F               2           1
                         000EC-000EF               4
                         0015E-0016F              12
                         001C0-001EF              30
                         00220-0026F              50
                         002A0-002EF              50
                         00320-0036F              50
                         003A0-003EF              50
                         00420-0046F              50
                         004A0-004EF              50
                         00520-0056F              50
                         005A0-005EF              50
                         00620-0064F              30
        SFR0             00000-0001F              20           1
        SFR1             00080-0009F              20           1
        SFR10            00500-0051F              20           1
        SFR11            00580-0059F              20           1
        SFR12            00600-0061F              20           1
        SFR13            00680-006EF              70           1
        SFR14            00700-0076F              70           1
        SFR15            00780-007EF              70           1
        SFR16            00800-0086F              70           1
        SFR17            00880-008EF              70           1
        SFR18            00900-0096F              70           1
        SFR19            00980-009EF              70           1
        SFR2             00100-0011F              20           1
        SFR20            00A00-00A6F              70           1
        SFR21            00A80-00AEF              70           1
        SFR22            00B00-00B6F              70           1
        SFR23            00B80-00BEF              70           1
        SFR24            00C00-00C6F              70           1
        SFR25            00C80-00CEF              70           1
        SFR26            00D00-00D6F              70           1
        SFR27            00D80-00DEF              70           1
        SFR28            00E00-00E6F              70           1
        SFR29            00E80-00EEF              70           1
        SFR3             00180-0019F              20           1
        SFR30            00F00-00F6F              70           1
        SFR31            00F80-00FEF              70           1
        SFR4             00200-0021F              20           1
        SFR5             00280-0029F              20           1
        SFR6             00300-0031F              20           1
        SFR7             00380-0039F              20           1
        SFR8             00400-0041F              20           1
        SFR9             00480-0049F              20           1
        STACK            02110-0231F             210           1
        STRCODE          01000-017AD             7AE           2
                         01800-03FFF            2800
        STRING           01000-017AD             100           2
                         01800-03FFF             100

                                  Symbol Table

?___awdiv                                 cstackCOMMON 00072
?___awtoft                                cstackBANK0  00020
?___ftadd                                 cstackBANK0  00039
?___ftdiv                                 cstackBANK0  00026
?___ftmul                                 cstackBANK0  00026
?___ftneg                                 cstackBANK0  00036
?___ftpack                                cstackCOMMON 00072
?___fttol                                 cstackBANK0  00046
DelayOffPointSelect@sw                    cstackCOMMON 00073
DimmerIntr_ValueCalculate@lights          cstackBANK0  00024
DimmerLights_DimmingFunction@lights       cstackBANK0  00026
DimmerLights_SelectPointer@lights         cstackCOMMON 00073
Division@num                              cstackCOMMON 00077
Division@result                           cstackBANK0  00021
Division@value                            cstackBANK0  00020
DlyOff_Initialization@sw                  cstackCOMMON 00074
DlyOff_Main@sw                            cstackBANK0  0005F
Exception_Main@count                      cstackBANK0  00021
Exception_Main@error                      cstackBANK0  00023
Exception_Main@lights                     cstackBANK0  00020
Exception_Main@status                     cstackBANK0  00022
Flash_Memory_Initialization@value         cstackCOMMON 00077
Flash_Memory_Main@key_Status              cstackBANK0  00020
Flash_Memory_Modify@i                     cstackCOMMON 00077
Flash_Memory_Read@address                 cstackCOMMON 00074
Flash_Memory_Read@i                       cstackCOMMON 00073
Flash_Memory_Read@ret                     cstackCOMMON 00075
Flash_Memory_Write@i                      cstackCOMMON 00073
LedPointSelect@led                        cstackCOMMON 00073
SwPointSelect@sw                          cstackCOMMON 00073
_ADCON0                                   (abs)        0009D
_ADCON1                                   (abs)        0009E
_ADC_Set                                  text21       017F2
_ADRESH                                   (abs)        0009C
_ADRESL                                   (abs)        0009B
_ANSELA                                   (abs)        0018C
_ANSELB                                   (abs)        0018D
_ANSELC                                   (abs)        0018E
_Buz1                                     bssBANK1     000BD
_Buzzer_Initialization                    text88       017AF
_Buzzer_Main                              text87       007B1
_CFGS                                     (abs)        00CAE
_Cmd                                      bssCOMMON    0007A
_DelayOff                                 bssBANK0     0006A
_DelayOffPointSelect                      text86       00835
_DelayOff_Initialization                  text84       017B8
_DelayOff_Main                            text74       017BC
_Dimmer                                   bssBANK1     000C9
_DimmerIntr                               bssBANK1     000D3
_DimmerIntr1                              bssBANK1     000A0
_DimmerIntr_Initialization                text61       00E8A
_DimmerIntr_ValueCalculate                text58       00B01
_DimmerLights                             bssBANK0     0006B
_DimmerLights1                            bssBANK1     000D6
_DimmerLights_DimmingFunction             text57       00DE3
_DimmerLights_IOC_1                       text93       00B8A
_DimmerLights_Initialization              text59       017EB
_DimmerLights_Main                        text37       00808
_DimmerLights_SelectPointer               text83       00840
_DimmerLights_TMR_1                       text91       00C25
_Division                                 text72       008FA
_DlyOff_Initialization                    text85       017D0
_DlyOff_Main                              text75       00F41
_DlySw1                                   bssBANK1     000DF
_Exception_Main                           text35       00BEF
_FREE                                     (abs)        00CAC
_FVRCON                                   (abs)        00117
_Flash_Memory_Erasing                     text29       00890
_Flash_Memory_Initialization              text30       00294
_Flash_Memory_Main                        text26       00D0D
_Flash_Memory_Main$2716                   cstackBANK0  00021
_Flash_Memory_Modify                      text28       00558
_Flash_Memory_Read                        text34       009B3
_Flash_Memory_Unlock                      text33       00822
_Flash_Memory_Write                       text32       00AD7
_Fosc_Set                                 text20       017C8
_GIE                                      (abs)        0005F
_GO_nDONE                                 (abs)        004E9
_IOCBF                                    (abs)        00396
_IOCBF2                                   (abs)        01CB2
_IOCBN                                    (abs)        00395
_IOCBP                                    (abs)        00394
_IOCIE                                    (abs)        0005B
_IOCIF                                    (abs)        00058
_IOC_ISR                                  text92       00810
_IOC_Set                                  text19       00856
_IO_Set                                   text18       00A1B
_ISR                                      intentry     00004
_LATA                                     (abs)        0010C
_LATB                                     (abs)        0010D
_LATC                                     (abs)        0010E
_LED                                      bssCOMMON    0007B
_LED_Initialization                       text24       017C0
_LED_Main                                 text22       017C4
_LWLO                                     (abs)        00CAD
_LedPointSelect                           text41       0082B
_Light                                    bssBANK1     000D4
_Mcu_Initialization                       text15       0097A
_Memory                                   bssBANK2     00130
_OSCCON                                   (abs)        00099
_PEIE                                     (abs)        0005E
_PMADRH                                   (abs)        00192
_PMADRL                                   (abs)        00191
_PMCON2                                   (abs)        00196
_PMDATH                                   (abs)        00194
_PMDATL                                   (abs)        00193
_PORTA                                    (abs)        0000C
_PORTB                                    (abs)        0000D
_PORTC                                    (abs)        0000E
_RA0                                      (abs)        00060
_RA4                                      (abs)        00064
_RA6                                      (abs)        00066
_RA7                                      (abs)        00067
_RB0                                      (abs)        00068
_RB1                                      (abs)        00069
_RB2                                      (abs)        0006A
_RB3                                      (abs)        0006B
_RB5                                      (abs)        0006D
_RD                                       (abs)        00CA8
_Sw                                       bssBANK0     0006C
_Sw1                                      bssBANK2     00155
_SwDetect                                 bssBANK1     000D5
_SwPointSelect                            text9        00861
_Switch_Initialization                    text13       017CC
_Switch_Main                              text5        017F9
_T1CON                                    (abs)        00018
_TMR1H                                    (abs)        00017
_TMR1IE                                   (abs)        00488
_TMR1IF                                   (abs)        00088
_TMR1L                                    (abs)        00016
_TMR1_ISR                                 text90       00A35
_TMR1_Set                                 text17       0089C
_TRISA                                    (abs)        0008C
_TRISB                                    (abs)        0008D
_TRISC                                    (abs)        0008E
_Timeout_Counter                          text12       009F1
_Timer1                                   bssBANK1     000CE
_TouchPower                               text10       00A06
_VarErrLED                                bssBANK1     000E4
_WDT                                      bssBANK1     000D1
_WDTCON                                   (abs)        00097
_WDT_Clearing                             text4        00002
_WDT_Main                                 text3        00937
_WDT_Set                                  text16       007F7
_WPUB                                     (abs)        0020D
_WR                                       (abs)        00CA9
_WREN                                     (abs)        00CAA
__CFG_BOREN$OFF                           (abs)        00000
__CFG_CP$ON                               (abs)        00000
__CFG_FOSC$INTOSC                         (abs)        00000
__CFG_VCAPEN$OFF                          (abs)        00000
__CFG_WDTE$ON                             (abs)        00000
__CFG_WRT$HALF                            (abs)        00000
__Habs1                                   abs1         00000
__Hbank0                                  bank0        00000
__Hbank1                                  bank1        00000
__Hbank10                                 bank10       00000
__Hbank11                                 bank11       00000
__Hbank12                                 bank12       00000
__Hbank13                                 bank13       00000
__Hbank14                                 bank14       00000
__Hbank15                                 bank15       00000
__Hbank16                                 bank16       00000
__Hbank17                                 bank17       00000
__Hbank18                                 bank18       00000
__Hbank19                                 bank19       00000
__Hbank2                                  bank2        00000
__Hbank20                                 bank20       00000
__Hbank21                                 bank21       00000
__Hbank22                                 bank22       00000
__Hbank23                                 bank23       00000
__Hbank24                                 bank24       00000
__Hbank25                                 bank25       00000
__Hbank26                                 bank26       00000
__Hbank27                                 bank27       00000
__Hbank28                                 bank28       00000
__Hbank29                                 bank29       00000
__Hbank3                                  bank3        00000
__Hbank30                                 bank30       00000
__Hbank31                                 bank31       00000
__Hbank4                                  bank4        00000
__Hbank5                                  bank5        00000
__Hbank6                                  bank6        00000
__Hbank7                                  bank7        00000
__Hbank8                                  bank8        00000
__Hbank9                                  bank9        00000
__Hbigram                                 bigram       00000
__HbssBANK0                               bssBANK0     00000
__HbssBANK1                               bssBANK1     00000
__HbssBANK2                               bssBANK2     00000
__HbssCOMMON                              bssCOMMON    00000
__Hcinit                                  cinit        00045
__Hclrtext                                clrtext      00000
__Hcode                                   code         00000
__Hcommon                                 common       00000
__Hconfig                                 config       08009
__HcstackBANK0                            cstackBANK0  00000
__HcstackBANK1                            cstackBANK1  00000
__HcstackCOMMON                           cstackCOMMON 00000
__HdataBANK3                              dataBANK3    00000
__Heeprom_data                            eeprom_data  00000
__Hend_init                               end_init     00021
__Hfunctab                                functab      00000
__HidataBANK3                             idataBANK3   00000
__Hidloc                                  idloc        00000
__Hinit                                   init         0001F
__Hinittext                               inittext     00000
__Hintentry                               intentry     0001F
__Hmaintext                               maintext     00000
__HnvBANK0                                nvBANK0      00000
__Hpowerup                                powerup      00000
__Hram                                    ram          00000
__Hreset_vec                              reset_vec    00002
__Hsfr0                                   sfr0         00000
__Hsfr1                                   sfr1         00000
__Hsfr10                                  sfr10        00000
__Hsfr11                                  sfr11        00000
__Hsfr12                                  sfr12        00000
__Hsfr13                                  sfr13        00000
__Hsfr14                                  sfr14        00000
__Hsfr15                                  sfr15        00000
__Hsfr16                                  sfr16        00000
__Hsfr17                                  sfr17        00000
__Hsfr18                                  sfr18        00000
__Hsfr19                                  sfr19        00000
__Hsfr2                                   sfr2         00000
__Hsfr20                                  sfr20        00000
__Hsfr21                                  sfr21        00000
__Hsfr22                                  sfr22        00000
__Hsfr23                                  sfr23        00000
__Hsfr24                                  sfr24        00000
__Hsfr25                                  sfr25        00000
__Hsfr26                                  sfr26        00000
__Hsfr27                                  sfr27        00000
__Hsfr28                                  sfr28        00000
__Hsfr29                                  sfr29        00000
__Hsfr3                                   sfr3         00000
__Hsfr30                                  sfr30        00000
__Hsfr31                                  sfr31        00000
__Hsfr4                                   sfr4         00000
__Hsfr5                                   sfr5         00000
__Hsfr6                                   sfr6         00000
__Hsfr7                                   sfr7         00000
__Hsfr8                                   sfr8         00000
__Hsfr9                                   sfr9         00000
__Hspace_0                                (abs)        08009
__Hspace_1                                (abs)        001C0
__Hspace_2                                (abs)        00000
__Hspace_3                                (abs)        00000
__Hstack                                  stack        00000
__Hstrings                                strings      00000
__Htext                                   text         00000
__Labs1                                   abs1         00000
__Lbank0                                  bank0        00000
__Lbank1                                  bank1        00000
__Lbank10                                 bank10       00000
__Lbank11                                 bank11       00000
__Lbank12                                 bank12       00000
__Lbank13                                 bank13       00000
__Lbank14                                 bank14       00000
__Lbank15                                 bank15       00000
__Lbank16                                 bank16       00000
__Lbank17                                 bank17       00000
__Lbank18                                 bank18       00000
__Lbank19                                 bank19       00000
__Lbank2                                  bank2        00000
__Lbank20                                 bank20       00000
__Lbank21                                 bank21       00000
__Lbank22                                 bank22       00000
__Lbank23                                 bank23       00000
__Lbank24                                 bank24       00000
__Lbank25                                 bank25       00000
__Lbank26                                 bank26       00000
__Lbank27                                 bank27       00000
__Lbank28                                 bank28       00000
__Lbank29                                 bank29       00000
__Lbank3                                  bank3        00000
__Lbank30                                 bank30       00000
__Lbank31                                 bank31       00000
__Lbank4                                  bank4        00000
__Lbank5                                  bank5        00000
__Lbank6                                  bank6        00000
__Lbank7                                  bank7        00000
__Lbank8                                  bank8        00000
__Lbank9                                  bank9        00000
__Lbigram                                 bigram       00000
__LbssBANK0                               bssBANK0     00000
__LbssBANK1                               bssBANK1     00000
__LbssBANK2                               bssBANK2     00000
__LbssCOMMON                              bssCOMMON    00000
__Lcinit                                  cinit        00021
__Lclrtext                                clrtext      00000
__Lcode                                   code         00000
__Lcommon                                 common       00000
__Lconfig                                 config       08007
__LcstackBANK0                            cstackBANK0  00000
__LcstackBANK1                            cstackBANK1  00000
__LcstackCOMMON                           cstackCOMMON 00000
__LdataBANK3                              dataBANK3    00000
__Leeprom_data                            eeprom_data  00000
__Lend_init                               end_init     0001F
__Lfunctab                                functab      00000
__LidataBANK3                             idataBANK3   00000
__Lidloc                                  idloc        00000
__Linit                                   init         0001F
__Linittext                               inittext     00000
__Lintentry                               intentry     00004
__Lmaintext                               maintext     00000
__LnvBANK0                                nvBANK0      00000
__Lpowerup                                powerup      00000
__Lram                                    ram          00000
__Lreset_vec                              reset_vec    00000
__Lsfr0                                   sfr0         00000
__Lsfr1                                   sfr1         00000
__Lsfr10                                  sfr10        00000
__Lsfr11                                  sfr11        00000
__Lsfr12                                  sfr12        00000
__Lsfr13                                  sfr13        00000
__Lsfr14                                  sfr14        00000
__Lsfr15                                  sfr15        00000
__Lsfr16                                  sfr16        00000
__Lsfr17                                  sfr17        00000
__Lsfr18                                  sfr18        00000
__Lsfr19                                  sfr19        00000
__Lsfr2                                   sfr2         00000
__Lsfr20                                  sfr20        00000
__Lsfr21                                  sfr21        00000
__Lsfr22                                  sfr22        00000
__Lsfr23                                  sfr23        00000
__Lsfr24                                  sfr24        00000
__Lsfr25                                  sfr25        00000
__Lsfr26                                  sfr26        00000
__Lsfr27                                  sfr27        00000
__Lsfr28                                  sfr28        00000
__Lsfr29                                  sfr29        00000
__Lsfr3                                   sfr3         00000
__Lsfr30                                  sfr30        00000
__Lsfr31                                  sfr31        00000
__Lsfr4                                   sfr4         00000
__Lsfr5                                   sfr5         00000
__Lsfr6                                   sfr6         00000
__Lsfr7                                   sfr7         00000
__Lsfr8                                   sfr8         00000
__Lsfr9                                   sfr9         00000
__Lspace_0                                (abs)        00000
__Lspace_1                                (abs)        00000
__Lspace_2                                (abs)        00000
__Lspace_3                                (abs)        00000
__Lstack                                  stack        00000
__Lstrings                                strings      00000
__Ltext                                   text         00000
__S0                                      (abs)        08009
__S1                                      (abs)        001C0
__S2                                      (abs)        00000
___awdiv                                  text79       00E36
___awdiv@counter                          cstackBANK0  00020
___awdiv@dividend                         cstackCOMMON 00074
___awdiv@divisor                          cstackCOMMON 00072
___awdiv@quotient                         cstackBANK0  00022
___awdiv@sign                             cstackBANK0  00021
___awtoft                                 text70       00AB5
___awtoft@c                               cstackBANK0  00020
___awtoft@sign                            cstackBANK0  00025
___bmul                                   text47       00947
___bmul@multiplicand                      cstackCOMMON 00072
___bmul@multiplier                        cstackCOMMON 00075
___bmul@product                           cstackCOMMON 00074
___ftadd                                  text69       0019E
___ftadd@exp1                             cstackBANK0  00045
___ftadd@exp2                             cstackBANK0  00044
___ftadd@f1                               cstackBANK0  00039
___ftadd@f2                               cstackBANK0  0003C
___ftadd@sign                             cstackBANK0  00043
___ftdiv                                  text68       00413
___ftdiv@cntr                             cstackBANK0  00030
___ftdiv@exp                              cstackBANK0  00034
___ftdiv@f1                               cstackBANK0  00029
___ftdiv@f2                               cstackBANK0  00026
___ftdiv@f3                               cstackBANK0  00031
___ftdiv@sign                             cstackBANK0  00035
___ftmul                                  text67       0035F
___ftmul@cntr                             cstackBANK0  00034
___ftmul@exp                              cstackBANK0  00030
___ftmul@f1                               cstackBANK0  00026
___ftmul@f2                               cstackBANK0  00029
___ftmul@f3_as_product                    cstackBANK0  00031
___ftmul@sign                             cstackBANK0  00035
___ftneg                                  text66       00819
___ftneg@f1                               cstackBANK0  00036
___ftpack                                 text71       00FA0
___ftpack@arg                             cstackCOMMON 00072
___ftpack@exp                             cstackCOMMON 00075
___ftpack@sign                            cstackCOMMON 00076
___fttol                                  text65       005E1
___fttol@exp1                             cstackBANK0  00053
___fttol@f1                               cstackBANK0  00046
___fttol@lval                             cstackBANK0  0004F
___fttol@sign1                            cstackBANK0  0004E
___int_sp                                 stack        00000
___latbits                                (abs)        00003
___lbdiv                                  text73       00A73
___lbdiv@counter                          cstackCOMMON 00075
___lbdiv@dividend                         cstackCOMMON 00074
___lbdiv@divisor                          cstackCOMMON 00072
___lbdiv@quotient                         cstackCOMMON 00076
___sp                                     stack        00000
__end_of_ADC_Set                          text21       017F9
__end_of_Buzzer_Initialization            text88       017B2
__end_of_Buzzer_Main                      text87       007F7
__end_of_DelayOffPointSelect              text86       00840
__end_of_DelayOff_Initialization          text84       017BC
__end_of_DelayOff_Main                    text74       017C0
__end_of_DimmerIntr_Initialization        text61       00EE4
__end_of_DimmerIntr_ValueCalculate        text58       00B2D
__end_of_DimmerLights_DimmingFunction     text57       00E36
__end_of_DimmerLights_IOC_1               text93       00BBA
__end_of_DimmerLights_Initialization      text59       017F2
__end_of_DimmerLights_Main                text37       00810
__end_of_DimmerLights_SelectPointer       text83       0084B
__end_of_DimmerLights_TMR_1               text91       00C5D
__end_of_Division                         text72       00909
__end_of_DlyOff_Initialization            text85       017D5
__end_of_DlyOff_Main                      text75       00FA0
__end_of_Exception_Main                   text35       00C25
__end_of_Flash_Memory_Erasing             text29       0089C
__end_of_Flash_Memory_Initialization      text30       0035F
__end_of_Flash_Memory_Main                text26       00D4E
__end_of_Flash_Memory_Modify              text28       005E1
__end_of_Flash_Memory_Read                text34       009C7
__end_of_Flash_Memory_Unlock              text33       0082B
__end_of_Flash_Memory_Write               text32       00B01
__end_of_Fosc_Set                         text20       017CC
__end_of_IOC_ISR                          text92       00819
__end_of_IOC_Set                          text19       00861
__end_of_IO_Set                           text18       00A35
__end_of_ISR                              intentry     0001F
__end_of_LED_Initialization               text24       017C4
__end_of_LED_Main                         text22       017C8
__end_of_LedPointSelect                   text41       00835
__end_of_Mcu_Initialization               text15       0098C
__end_of_SwPointSelect                    text9        0086C
__end_of_Switch_Initialization            text13       017D0
__end_of_Switch_Main                      text5        01800
__end_of_TMR1_ISR                         text90       00A53
__end_of_TMR1_Set                         text17       008A8
__end_of_Timeout_Counter                  text12       00A06
__end_of_TouchPower                       text10       00A1B
__end_of_WDT_Clearing                     text4        00004
__end_of_WDT_Main                         text3        00947
__end_of_WDT_Set                          text16       00800
__end_of___awdiv                          text79       00E8A
__end_of___awtoft                         text70       00AD7
__end_of___bmul                           text47       00958
__end_of___ftadd                          text69       00294
__end_of___ftdiv                          text68       004BC
__end_of___ftmul                          text67       00413
__end_of___ftneg                          text66       00822
__end_of___ftpack                         text71       01000
__end_of___fttol                          text65       00668
__end_of___lbdiv                          text73       00A94
__end_of__initialization                  cinit        00041
__end_of_getAll_Sw_KeyStatus              text27       00969
__end_of_getCmd_Status                    text51       00918
__end_of_getDelayOff_GO                   text50       008DE
__end_of_getDimmerIntr_DimmingValue       text55       008C2
__end_of_getDimmerIntr_Dimming_Sw         text80       008B5
__end_of_getDimmerLights_Allow_Condition  text56       017B5
__end_of_getDimmerLights_PercentToValue   text64       007B1
__end_of_getDimmerLights_Status           text82       008D0
__end_of_getDimmerLights_ValueToPercent   text63       0074C
__end_of_getMain_All_Error_Status         text36       017B8
__end_of_getMain_All_LightsStatus         text49       00808
__end_of_getSw_KeyStatus                  text8        0097A
__end_of_main                             maintext     00CD0
__end_of_myMain_Initialization            text2        00927
__end_of_my_MainTimer                     text1        00C95
__end_of_setBuz                           text78       00DE3
__end_of_setCmd_Status                    text48       009B3
__end_of_setDelayOff_GO                   text46       006E7
__end_of_setDimmerIntr_ControlStatus      text45       009DC
__end_of_setDimmerIntr_DimmingValue       text44       00890
__end_of_setDimmerIntr_Dimming_RF         text43       009F1
__end_of_setDimmerIntr_Dimming_Sw         text54       0099F
__end_of_setDimmerIntr_MaxmumValue        text53       00884
__end_of_setDimmerLights_Dimming          text52       00D0D
__end_of_setDimmerLights_DimmingClose     text42       017DA
__end_of_setDimmerLights_DimmingOn        text7        00AB5
__end_of_setDimmerLights_Initialization   text60       017AF
__end_of_setDimmerLights_Main             text38       00F41
__end_of_setDimmerLights_OnOff            text39       00558
__end_of_setDimmerLights_SwOff            text81       00B8A
__end_of_setDimmerLights_SwOn             text77       00D90
__end_of_setLED                           text40       00BEF
__end_of_setLED_Initialization            text25       008EC
__end_of_setLED_Main                      text23       00B5B
__end_of_setMemory_Data                   text31       00856
__end_of_setMemory_Modify                 text62       00937
__end_of_setProductData                   text76       00878
__end_of_setSw_Initialization             text14       008FA
__end_of_setSw_Main                       text6        0019E
__end_of_set_TimeoutCleared               text11       017DF
__initialization                          cinit        00021
__pbssBANK0                               bssBANK0     0006A
__pbssBANK1                               bssBANK1     000A0
__pbssBANK2                               bssBANK2     00120
__pbssCOMMON                              bssCOMMON    0007A
__pcstackBANK0                            cstackBANK0  00020
__pcstackBANK1                            cstackBANK1  000E8
__pcstackCOMMON                           cstackCOMMON 00070
__pdataBANK3                              dataBANK3    001A0
__pidataBANK3                             idataBANK3   00A53
__pintentry                               intentry     00004
__pmaintext                               maintext     00C95
__pnvBANK0                                nvBANK0      0006D
__product                                 dataBANK3    001A0
__ptext1                                  text1        00C5D
__ptext10                                 text10       00A06
__ptext11                                 text11       017DA
__ptext12                                 text12       009F1
__ptext13                                 text13       017CC
__ptext14                                 text14       008EC
__ptext15                                 text15       0097A
__ptext16                                 text16       007F7
__ptext17                                 text17       0089C
__ptext18                                 text18       00A1B
__ptext19                                 text19       00856
__ptext2                                  text2        00918
__ptext20                                 text20       017C8
__ptext21                                 text21       017F2
__ptext22                                 text22       017C4
__ptext23                                 text23       00B2D
__ptext24                                 text24       017C0
__ptext25                                 text25       008DE
__ptext26                                 text26       00D0D
__ptext27                                 text27       00958
__ptext28                                 text28       00558
__ptext29                                 text29       00890
__ptext3                                  text3        00937
__ptext30                                 text30       00294
__ptext31                                 text31       0084B
__ptext32                                 text32       00AD7
__ptext33                                 text33       00822
__ptext34                                 text34       009B3
__ptext35                                 text35       00BEF
__ptext36                                 text36       017B5
__ptext37                                 text37       00808
__ptext38                                 text38       00EE4
__ptext39                                 text39       004BC
__ptext4                                  text4        00002
__ptext40                                 text40       00BBA
__ptext41                                 text41       0082B
__ptext42                                 text42       017D5
__ptext43                                 text43       009DC
__ptext44                                 text44       00884
__ptext45                                 text45       009C7
__ptext46                                 text46       00668
__ptext47                                 text47       00947
__ptext48                                 text48       0099F
__ptext49                                 text49       00800
__ptext5                                  text5        017F9
__ptext50                                 text50       008D0
__ptext51                                 text51       00909
__ptext52                                 text52       00CD0
__ptext53                                 text53       00878
__ptext54                                 text54       0098C
__ptext55                                 text55       008B5
__ptext56                                 text56       017B2
__ptext57                                 text57       00DE3
__ptext58                                 text58       00B01
__ptext59                                 text59       017EB
__ptext6                                  text6        00045
__ptext60                                 text60       017AE
__ptext61                                 text61       00E8A
__ptext62                                 text62       00927
__ptext63                                 text63       006E7
__ptext64                                 text64       0074C
__ptext65                                 text65       005E1
__ptext66                                 text66       00819
__ptext67                                 text67       0035F
__ptext68                                 text68       00413
__ptext69                                 text69       0019E
__ptext7                                  text7        00A94
__ptext70                                 text70       00AB5
__ptext71                                 text71       00FA0
__ptext72                                 text72       008FA
__ptext73                                 text73       00A73
__ptext74                                 text74       017BC
__ptext75                                 text75       00F41
__ptext76                                 text76       0086C
__ptext77                                 text77       00D4E
__ptext78                                 text78       00D90
__ptext79                                 text79       00E36
__ptext8                                  text8        00969
__ptext80                                 text80       008A8
__ptext81                                 text81       00B5B
__ptext82                                 text82       008C2
__ptext83                                 text83       00840
__ptext84                                 text84       017B8
__ptext85                                 text85       017D0
__ptext86                                 text86       00835
__ptext87                                 text87       007B1
__ptext88                                 text88       017AF
__ptext9                                  text9        00861
__ptext90                                 text90       00A35
__ptext91                                 text91       00C25
__ptext92                                 text92       00810
__ptext93                                 text93       00B8A
__size_of_ADC_Set                         (abs)        00000
__size_of_Buzzer_Initialization           (abs)        00000
__size_of_Buzzer_Main                     (abs)        00000
__size_of_DelayOffPointSelect             (abs)        00000
__size_of_DelayOff_Initialization         (abs)        00000
__size_of_DelayOff_Main                   (abs)        00000
__size_of_DimmerIntr_Initialization       (abs)        00000
__size_of_DimmerIntr_ValueCalculate       (abs)        00000
__size_of_DimmerLights_DimmingFunction    (abs)        00000
__size_of_DimmerLights_IOC_1              (abs)        00000
__size_of_DimmerLights_Initialization     (abs)        00000
__size_of_DimmerLights_Main               (abs)        00000
__size_of_DimmerLights_SelectPointer      (abs)        00000
__size_of_DimmerLights_TMR_1              (abs)        00000
__size_of_Division                        (abs)        00000
__size_of_DlyOff_Initialization           (abs)        00000
__size_of_DlyOff_Main                     (abs)        00000
__size_of_Exception_Main                  (abs)        00000
__size_of_Flash_Memory_Erasing            (abs)        00000
__size_of_Flash_Memory_Initialization     (abs)        00000
__size_of_Flash_Memory_Main               (abs)        00000
__size_of_Flash_Memory_Modify             (abs)        00000
__size_of_Flash_Memory_Read               (abs)        00000
__size_of_Flash_Memory_Unlock             (abs)        00000
__size_of_Flash_Memory_Write              (abs)        00000
__size_of_Fosc_Set                        (abs)        00000
__size_of_IOC_ISR                         (abs)        00000
__size_of_IOC_Set                         (abs)        00000
__size_of_IO_Set                          (abs)        00000
__size_of_ISR                             (abs)        00000
__size_of_LED_Initialization              (abs)        00000
__size_of_LED_Main                        (abs)        00000
__size_of_LedPointSelect                  (abs)        00000
__size_of_Mcu_Initialization              (abs)        00000
__size_of_SwPointSelect                   (abs)        00000
__size_of_Switch_Initialization           (abs)        00000
__size_of_Switch_Main                     (abs)        00000
__size_of_TMR1_ISR                        (abs)        00000
__size_of_TMR1_Set                        (abs)        00000
__size_of_Timeout_Counter                 (abs)        00000
__size_of_TouchPower                      (abs)        00000
__size_of_WDT_Clearing                    (abs)        00000
__size_of_WDT_Main                        (abs)        00000
__size_of_WDT_Set                         (abs)        00000
__size_of___awdiv                         (abs)        00000
__size_of___awtoft                        (abs)        00000
__size_of___bmul                          (abs)        00000
__size_of___ftadd                         (abs)        00000
__size_of___ftdiv                         (abs)        00000
__size_of___ftmul                         (abs)        00000
__size_of___ftneg                         (abs)        00000
__size_of___ftpack                        (abs)        00000
__size_of___fttol                         (abs)        00000
__size_of___lbdiv                         (abs)        00000
__size_of_getAll_Sw_KeyStatus             (abs)        00000
__size_of_getCmd_Status                   (abs)        00000
__size_of_getDelayOff_GO                  (abs)        00000
__size_of_getDimmerIntr_DimmingValue      (abs)        00000
__size_of_getDimmerIntr_Dimming_Sw        (abs)        00000
__size_of_getDimmerLights_Allow_Condition (abs)        00000
__size_of_getDimmerLights_PercentToValue  (abs)        00000
__size_of_getDimmerLights_Status          (abs)        00000
__size_of_getDimmerLights_ValueToPercent  (abs)        00000
__size_of_getMain_All_Error_Status        (abs)        00000
__size_of_getMain_All_LightsStatus        (abs)        00000
__size_of_getSw_KeyStatus                 (abs)        00000
__size_of_main                            (abs)        00000
__size_of_myMain_Initialization           (abs)        00000
__size_of_my_MainTimer                    (abs)        00000
__size_of_setBuz                          (abs)        00000
__size_of_setCmd_Status                   (abs)        00000
__size_of_setDelayOff_GO                  (abs)        00000
__size_of_setDimmerIntr_ControlStatus     (abs)        00000
__size_of_setDimmerIntr_DimmingValue      (abs)        00000
[...]
      Totals:         2       0       0       0       0       0       0       0       0       0       0       0       0       0
Total ram usage:        2 bytes
 Hardware stack levels used:    1
 Hardware stack levels required when called:    3
 This function calls:
		Nothing
 This function is called by:
		_setDimmerLights_SwOn
		_setDimmerLights_SwOff
		_setDimmerLights_DimmingOn
		_setDimmerLights_Main
		_getDimmerLights_Status
		_DimmerLights_TwoPhase_Main
		_setDimmerLights_Status
		_setDimmerLights_DimmingRun
		_setRF_AdjControl
 This function uses a non-reentrant model


 *************** function _DelayOff_Initialization *****************
 Defined at:
		line 26 in file "../src/DelayOff_B1.c"
 Parameters:    Size  Location     Type
		None
 Auto vars:     Size  Location     Type
		None
 Return value:  Size  Location     Type
		None               void
 Registers used:
		wreg, status,2, status,0, pclath, cstack
 Tracked objects:
		On entry : 
		On exit  : 
		Unchanged: 
 Data sizes:     COMMON   BANK0   BANK1   BANK2   BANK3   BANK4   BANK5   BANK6   BANK7   BANK8   BANK9  BANK10  BANK11  BANK12
      Params:         0       0       0       0       0       0       0       0       0       0       0       0       0       0
      Locals:         0       0       0       0       0       0       0       0       0       0       0       0       0       0
      Temps:          0       0       0       0       0       0       0       0       0       0       0       0       0       0
      Totals:         0       0       0       0       0       0       0       0       0       0       0       0       0       0
Total ram usage:        0 bytes
 Hardware stack levels used:    1
 Hardware stack levels required when called:    5
 This function calls:
		_DlyOff_Initialization
 This function is called by:
		_main
 This function uses a non-reentrant model


 *************** function _DlyOff_Initialization *****************
 Defined at:
		line 56 in file "../src/DelayOff_B1.c"
 Parameters:    Size  Location     Type
  sw              1    wreg     unsigned char 
 Auto vars:     Size  Location     Type
  sw              1    4[COMMON] unsigned char 
 Return value:  Size  Location     Type
		None               void
 Registers used:
		wreg, status,2, status,0, pclath, cstack
 Tracked objects:
		On entry : 
		On exit  : 
		Unchanged: 
 Data sizes:     COMMON   BANK0   BANK1   BANK2   BANK3   BANK4   BANK5   BANK6   BANK7   BANK8   BANK9  BANK10  BANK11  BANK12
      Params:         0       0       0       0       0       0       0       0       0       0       0       0       0       0
      Locals:         1       0       0       0       0       0       0       0       0       0       0       0       0       0
      Temps:          0       0       0       0       0       0       0       0       0       0       0       0       0       0
      Totals:         1       0       0       0       0       0       0       0       0       0       0       0       0       0
Total ram usage:        1 bytes
 Hardware stack levels used:    1
 Hardware stack levels required when called:    4
 This function calls:
		_DelayOffPointSelect
 This function is called by:
		_DelayOff_Initialization
 This function uses a non-reentrant model


 *************** function _DelayOffPointSelect *****************
 Defined at:
		line 7 in file "../src/DelayOff_B1.c"
 Parameters:    Size  Location     Type
  sw              1    wreg     unsigned char 
 Auto vars:     Size  Location     Type
  sw              1    3[COMMON] unsigned char 
 Return value:  Size  Location     Type
		None               void
 Registers used:
		wreg
 Tracked objects:
		On entry : 
		On exit  : 
		Unchanged: 
 Data sizes:     COMMON   BANK0   BANK1   BANK2   BANK3   BANK4   BANK5   BANK6   BANK7   BANK8   BANK9  BANK10  BANK11  BANK12
      Params:         0       0       0       0       0       0       0       0       0       0       0       0       0       0
      Locals:         1       0       0       0       0       0       0       0       0       0       0       0       0       0
      Temps:          1       0       0       0       0       0       0       0       0       0       0       0       0       0
      Totals:         2       0       0       0       0       0       0       0       0       0       0       0       0       0
Total ram usage:        2 bytes
 Hardware stack levels used:    1
 Hardware stack levels required when called:    3
 This function calls:
		Nothing
 This function is called by:
		_DlyOff_Initialization
		_DlyOff_Main
		_setDelayOff_GO
		_getDelayOff_GO
 This function uses a non-reentrant model


 *************** function _Buzzer_Main *****************
 Defined at:
		line 46 in file "../src/Buzzer_B1.c"
 Parameters:    Size  Location     Type
		None
 Auto vars:     Size  Location     Type
		None
 Return value:  Size  Location     Type
		None               void
 Registers used:
		wreg, status,2, status,0
 Tracked objects:
		On entry : 
		On exit  : 
		Unchanged: 
 Data sizes:     COMMON   BANK0   BANK1   BANK2   BANK3   BANK4   BANK5   BANK6   BANK7   BANK8   BANK9  BANK10  BANK11  BANK12
      Params:         0       0       0       0       0       0       0       0       0       0       0       0       0       0
      Locals:         0       0       0       0       0       0       0       0       0       0       0       0       0       0
      Temps:          1       0       0       0       0       0       0       0       0       0       0       0       0       0
      Totals:         1       0       0       0       0       0       0       0       0       0       0       0       0       0
Total ram usage:        1 bytes
 Hardware stack levels used:    1
 Hardware stack levels required when called:    3
 This function calls:
		Nothing
 This function is called by:
		_main
 This function uses a non-reentrant model


 *************** function _Buzzer_Initialization *****************
 Defined at:
		line 11 in file "../src/Buzzer_B1.c"
 Parameters:    Size  Location     Type
		None
 Auto vars:     Size  Location     Type
		None
 Return value:  Size  Location     Type
		None               void
 Registers used:
		None
 Tracked objects:
		On entry : 
		On exit  : 
		Unchanged: 
 Data sizes:     COMMON   BANK0   BANK1   BANK2   BANK3   BANK4   BANK5   BANK6   BANK7   BANK8   BANK9  BANK10  BANK11  BANK12
      Params:         0       0       0       0       0       0       0       0       0       0       0       0       0       0
      Locals:         0       0       0       0       0       0       0       0       0       0       0       0       0       0
      Temps:          0       0       0       0       0       0       0       0       0       0       0       0       0       0
      Totals:         0       0       0       0       0       0       0       0       0       0       0       0       0       0
Total ram usage:        0 bytes
 Hardware stack levels used:    1
 Hardware stack levels required when called:    3
 This function calls:
		Nothing
 This function is called by:
		_main
 This function uses a non-reentrant model


 *************** function _ISR *****************
 Defined at:
		line 116 in file "../src/MCU_B1.c"
 Parameters:    Size  Location     Type
		None
 Auto vars:     Size  Location     Type
		None
 Return value:  Size  Location     Type
		None               void
 Registers used:
		wreg, fsr1l, fsr1h, status,2, status,0, pclath, cstack
 Tracked objects:
		On entry : 
		On exit  : 
		Unchanged: 
 Data sizes:     COMMON   BANK0   BANK1   BANK2   BANK3   BANK4   BANK5   BANK6   BANK7   BANK8   BANK9  BANK10  BANK11  BANK12
      Params:         0       0       0       0       0       0       0       0       0       0       0       0       0       0
      Locals:         0       0       0       0       0       0       0       0       0       0       0       0       0       0
      Temps:          1       0       0       0       0       0       0       0       0       0       0       0       0       0
      Totals:         1       0       0       0       0       0       0       0       0       0       0       0       0       0
Total ram usage:        1 bytes
 Hardware stack levels used:    1
 Hardware stack levels required when called:    2
 This function calls:
		_IOC_ISR
		_TMR1_ISR
 This function is called by:
		Interrupt level 1
 This function uses a non-reentrant model


 *************** function _TMR1_ISR *****************
 Defined at:
		line 236 in file "../src/MCU_B1.c"
 Parameters:    Size  Location     Type
		None
 Auto vars:     Size  Location     Type
		None
 Return value:  Size  Location     Type
		None               void
 Registers used:
		wreg, fsr1l, fsr1h, status,2, status,0, pclath, cstack
 Tracked objects:
		On entry : 
		On exit  : 
		Unchanged: 
 Data sizes:     COMMON   BANK0   BANK1   BANK2   BANK3   BANK4   BANK5   BANK6   BANK7   BANK8   BANK9  BANK10  BANK11  BANK12
      Params:         0       0       0       0       0       0       0       0       0       0       0       0       0       0
      Locals:         0       0       0       0       0       0       0       0       0       0       0       0       0       0
      Temps:          0       0       0       0       0       0       0       0       0       0       0       0       0       0
      Totals:         0       0       0       0       0       0       0       0       0       0       0       0       0       0
Total ram usage:        0 bytes
 Hardware stack levels used:    1
 Hardware stack levels required when called:    1
 This function calls:
		_DimmerLights_TMR_1
 This function is called by:
		_ISR
 This function uses a non-reentrant model


 *************** function _DimmerLights_TMR_1 *****************
 Defined at:
		line 1730 in file "../src/Dimmer_B1.c"
 Parameters:    Size  Location     Type
		None
 Auto vars:     Size  Location     Type
		None
 Return value:  Size  Location     Type
		None               void
 Registers used:
		wreg, status,2, status,0
 Tracked objects:
		On entry : 
		On exit  : 
		Unchanged: 
 Data sizes:     COMMON   BANK0   BANK1   BANK2   BANK3   BANK4   BANK5   BANK6   BANK7   BANK8   BANK9  BANK10  BANK11  BANK12
      Params:         0       0       0       0       0       0       0       0       0       0       0       0       0       0
      Locals:         0       0       0       0       0       0       0       0       0       0       0       0       0       0
      Temps:          1       0       0       0       0       0       0       0       0       0       0       0       0       0
      Totals:         1       0       0       0       0       0       0       0       0       0       0       0       0       0
Total ram usage:        1 bytes
 Hardware stack levels used:    1
 This function calls:
		Nothing
 This function is called by:
		_TMR1_ISR
 This function uses a non-reentrant model


 *************** function _IOC_ISR *****************
 Defined at:
		line 396 in file "../src/MCU_B1.c"
 Parameters:    Size  Location     Type
		None
 Auto vars:     Size  Location     Type
		None
 Return value:  Size  Location     Type
		None               void
 Registers used:
		wreg, status,2, status,0, pclath, cstack
 Tracked objects:
		On entry : 
		On exit  : 
		Unchanged: 
 Data sizes:     COMMON   BANK0   BANK1   BANK2   BANK3   BANK4   BANK5   BANK6   BANK7   BANK8   BANK9  BANK10  BANK11  BANK12
      Params:         0       0       0       0       0       0       0       0       0       0       0       0       0       0
      Locals:         0       0       0       0       0       0       0       0       0       0       0       0       0       0
      Temps:          0       0       0       0       0       0       0       0       0       0       0       0       0       0
      Totals:         0       0       0       0       0       0       0       0       0       0       0       0       0       0
Total ram usage:        0 bytes
 Hardware stack levels used:    1
 Hardware stack levels required when called:    1
 This function calls:
		_DimmerLights_IOC_1
 This function is called by:
		_ISR
 This function uses a non-reentrant model


 *************** function _DimmerLights_IOC_1 *****************
 Defined at:
		line 1816 in file "../src/Dimmer_B1.c"
 Parameters:    Size  Location     Type
		None
 Auto vars:     Size  Location     Type
		None
 Return value:  Size  Location     Type
		None               void
 Registers used:
		wreg, status,2, status,0
 Tracked objects:
		On entry : 
		On exit  : 
		Unchanged: 
 Data sizes:     COMMON   BANK0   BANK1   BANK2   BANK3   BANK4   BANK5   BANK6   BANK7   BANK8   BANK9  BANK10  BANK11  BANK12
      Params:         0       0       0       0       0       0       0       0       0       0       0       0       0       0
      Locals:         0       0       0       0       0       0       0       0       0       0       0       0       0       0
      Temps:          1       0       0       0       0       0       0       0       0       0       0       0       0       0
      Totals:         1       0       0       0       0       0       0       0       0       0       0       0       0       0
Total ram usage:        1 bytes
 Hardware stack levels used:    1
 This function calls:
		Nothing
 This function is called by:
		_IOC_ISR
 This function uses a non-reentrant model



MODULE INFORMATION

Module		Function		Class		Link	Load	Size
C:\Program Files (x86)\Microchip\xc8\v1.32\sources\common\float.c
		___ftpack      		CODE           	0FA0	0000	96

C:\Program Files (x86)\Microchip\xc8\v1.32\sources\common\float.c estimated size: 96

C:\Program Files (x86)\Microchip\xc8\v1.32\sources\common\awtoft.c
		___awtoft      		CODE           	0AB5	0000	34

C:\Program Files (x86)\Microchip\xc8\v1.32\sources\common\awtoft.c estimated size: 34

../src/MCU_B1.c
		_Fosc_Set      		CODE           	17C8	0000	4
		_IO_Set        		CODE           	0A1B	0000	26
		_WDT_Set       		CODE           	07F7	0000	9
		_WDT_Main      		CODE           	0937	0000	16
		_ADC_Set       		CODE           	17F2	0000	7
		_IOC_ISR       		CODE           	0810	0000	9
		_ISR           		CODE           	0004	0000	27
		_Flash_Memory_W		CODE           	0AD7	0000	42
		_Flash_Memory_M		CODE           	0558	0000	137
		_IOC_Set       		CODE           	0856	0000	11
		_WDT_Clearing  		CODE           	0002	0000	2
		_setMemory_Modi		CODE           	0927	0000	16
		_Mcu_Initializa		CODE           	097A	0000	18
		_setMemory_Data		CODE           	084B	0000	11
		_Flash_Memory_I		CODE           	0294	0000	203
		_TMR1_Set      		CODE           	089C	0000	12
		_Flash_Memory_U		CODE           	0822	0000	9
		_Flash_Memory_R		CODE           	09B3	0000	20
		_Flash_Memory_E		CODE           	0890	0000	12
		_TMR1_ISR      		CODE           	0A35	0000	30
		_Flash_Memory_M		CODE           	0D0D	0000	65

../src/MCU_B1.c estimated size: 686

C:\Program Files (x86)\Microchip\xc8\v1.32\sources\common\ftmul.c
		___ftmul       		CODE           	035F	0000	180

C:\Program Files (x86)\Microchip\xc8\v1.32\sources\common\ftmul.c estimated size: 180

../src/Buzzer_B1.c
		_Buzzer_Main   		CODE           	07B1	0000	70
		_setBuz        		CODE           	0D90	0000	83
		_Buzzer_Initial		CODE           	17AF	0000	3

../src/Buzzer_B1.c estimated size: 156

../src/LED_B1.c
		_setLED        		CODE           	0BBA	0000	53
		_LED_Main      		CODE           	17C4	0000	4
		_setLED_Initial		CODE           	08DE	0000	14
		_LedPointSelect		CODE           	082B	0000	10
		_setLED_Main   		CODE           	0B2D	0000	46
		_LED_Initializa		CODE           	17C0	0000	4

../src/LED_B1.c estimated size: 131

C:\Program Files (x86)\Microchip\xc8\v1.32\sources\common\fttol.c
		___fttol       		CODE           	05E1	0000	135

C:\Program Files (x86)\Microchip\xc8\v1.32\sources\common\fttol.c estimated size: 135

C:\Program Files (x86)\Microchip\xc8\v1.32\sources\common\awdiv.c
		___awdiv       		CODE           	0E36	0000	84

C:\Program Files (x86)\Microchip\xc8\v1.32\sources\common\awdiv.c estimated size: 84

../src/Main_B1.c
		_Exception_Main		CODE           	0BEF	0000	54
		_my_MainTimer  		CODE           	0C5D	0000	56
		_setProductData		CODE           	086C	0000	12
		_main          		CODE           	0C95	0000	59
		_Timeout_Counte		CODE           	09F1	0000	21
		_myMain_Initial		CODE           	0918	0000	15
		_getMain_All_Er		CODE           	17B5	0000	3
		_set_TimeoutCle		CODE           	17DA	0000	5
		_getCmd_Status 		CODE           	0909	0000	15
		_getMain_All_Li		CODE           	0800	0000	8
		_setCmd_Status 		CODE           	099F	0000	20

../src/Main_B1.c estimated size: 268

C:\Program Files (x86)\Microchip\xc8\v1.32\sources\common\ftadd.c
		___ftadd       		CODE           	019E	0000	246

C:\Program Files (x86)\Microchip\xc8\v1.32\sources\common\ftadd.c estimated size: 246

C:\Program Files (x86)\Microchip\xc8\v1.32\sources\common\Umul8.c
		___bmul        		CODE           	0947	0000	17

C:\Program Files (x86)\Microchip\xc8\v1.32\sources\common\Umul8.c estimated size: 17

shared
		__initializatio		CODE           	0021	0000	32

shared estimated size: 32

C:\Program Files (x86)\Microchip\xc8\v1.32\sources\common\ftneg.c
		___ftneg       		CODE           	0819	0000	9

C:\Program Files (x86)\Microchip\xc8\v1.32\sources\common\ftneg.c estimated size: 9

../src/Switch_B1.c
		_Switch_Main   		CODE           	17F9	0000	7
		_SwPointSelect 		CODE           	0861	0000	11
		_TouchPower    		CODE           	0A06	0000	21
		_setSw_Main    		CODE           	0045	0000	345
		_getAll_Sw_KeyS		CODE           	0958	0000	17
		_getSw_KeyStatu		CODE           	0969	0000	17
		_setSw_Initiali		CODE           	08EC	0000	14
		_Switch_Initial		CODE           	17CC	0000	4

../src/Switch_B1.c estimated size: 436

../src/Dimmer_B1.c
		_DimmerIntr_Val		CODE           	0B01	0000	44
		_getDimmerLight		CODE           	08C2	0000	14
		_DimmerLights_S		CODE           	0840	0000	11
		_setDimmerLight		CODE           	0B5B	0000	47
		_DimmerLights_D		CODE           	0DE3	0000	83
		_setDimmerIntr_		CODE           	09DC	0000	21
		_DimmerLights_M		CODE           	0808	0000	8
		_setDimmerLight		CODE           	0D4E	0000	66
		_DimmerIntr_Ini		CODE           	0E8A	0000	90
		_getDimmerIntr_		CODE           	08B5	0000	13
		_setDimmerIntr_		CODE           	0878	0000	12
		_setDimmerIntr_		CODE           	0884	0000	12
		_Division      		CODE           	08FA	0000	15
		_getDimmerLight		CODE           	06E7	0000	101
		_getDimmerLight		CODE           	074C	0000	101
		_setDimmerLight		CODE           	17AE	0000	1
		_getDimmerIntr_		CODE           	08A8	0000	13
		_setDimmerLight		CODE           	0CD0	0000	61
		_setDimmerLight		CODE           	0A94	0000	33
		_DimmerLights_I		CODE           	17EB	0000	7
		_setDimmerLight		CODE           	17D5	0000	5
		_setDimmerLight		CODE           	0EE4	0000	93
		_setDimmerIntr_		CODE           	098C	0000	19
		_DimmerLights_I		CODE           	0B8A	0000	48
		_getDimmerLight		CODE           	17B2	0000	3
		_setDimmerLight		CODE           	04BC	0000	156
		_DimmerLights_T		CODE           	0C25	0000	56
		_setDimmerIntr_		CODE           	09C7	0000	21

../src/Dimmer_B1.c estimated size: 1154

../src/DelayOff_B1.c
		_DelayOff_Initi		CODE           	17B8	0000	4
		_DlyOff_Main   		CODE           	0F41	0000	95
		_DelayOff_Main 		CODE           	17BC	0000	4
		_DelayOffPointS		CODE           	0835	0000	11
		_getDelayOff_GO		CODE           	08D0	0000	14
		_setDelayOff_GO		CODE           	0668	0000	127
		_DlyOff_Initial		CODE           	17D0	0000	5

../src/DelayOff_B1.c estimated size: 260

C:\Program Files (x86)\Microchip\xc8\v1.32\sources\common\lbdiv.c
		___lbdiv       		CODE           	0A73	0000	33

C:\Program Files (x86)\Microchip\xc8\v1.32\sources\common\lbdiv.c estimated size: 33

C:\Program Files (x86)\Microchip\xc8\v1.32\sources\pic\ftdiv.c
		___ftdiv       		CODE           	0413	0000	169

C:\Program Files (x86)\Microchip\xc8\v1.32\sources\pic\ftdiv.c estimated size: 169

