Microchip MPLAB XC8 Compiler V1.32 ()

Linker command line:

--edf=C:\Program Files (x86)\Microchip\xc8\v1.32\dat\en_msgs.txt -cs \
  -h+dist/default/production\1-8-1.Switch_1Key_Dimmer_MOSFET.X.production.sym \
  --cmf=dist/default/production\1-8-1.Switch_1Key_Dimmer_MOSFET.X.production.cmf \
  -z -Q16F1518 -oC:\Users\taianluo\AppData\Local\Temp\s7c.6 \
  -Mdist/default/production/1-8-1.Switch_1Key_Dimmer_MOSFET.X.production.map \
  -E1 -ver=XC8 -ASTACK=02160h-0231fh -pstack=STACK -ACONST=00h-0FFhx64 \
  -ACODE=00h-07FFhx8 -ASTRCODE=00h-03FFFh -AENTRY=00h-0FFhx64 \
  -ASTRING=00h-0FFhx64 -ACOMMON=070h-07Fh -ABANK0=020h-06Fh \
  -ABANK1=0A0h-0EFh -ABANK2=0120h-016Fh -ABANK3=01A0h-01EFh \
  -ABANK4=0220h-026Fh -ABANK5=02A0h-02EFh -ABANK6=0320h-036Fh \
  -ABANK7=03A0h-03EFh -ABANK8=0420h-046Fh -ABANK9=04A0h-04EFh \
  -ABANK10=0520h-056Fh -ABANK11=05A0h-05EFh -ABANK12=0620h-064Fh \
  -ABIGRAM=02000h-023EFh \
  -ARAM=020h-06Fh,0A0h-0EFh,0120h-016Fh,01A0h-01EFh,0220h-026Fh,02A0h-02EFh,0320h-036Fh,03A0h-03EFh,0420h-046Fh,04A0h-04EFh,0520h-056Fh,05A0h-05EFh,0620h-064Fh \
  -AABS1=020h-07Fh,0A0h-0EFh,0120h-016Fh,01A0h-01EFh,0220h-026Fh,02A0h-02EFh,0320h-036Fh,03A0h-03EFh,0420h-046Fh,04A0h-04EFh,0520h-056Fh,05A0h-05EFh,0620h-064Fh \
  -ASFR0=00h-01Fh -ASFR1=080h-09Fh -ASFR2=0100h-011Fh -ASFR3=0180h-019Fh \
  -ASFR4=0200h-021Fh -ASFR5=0280h-029Fh -ASFR6=0300h-031Fh \
  -ASFR7=0380h-039Fh -ASFR8=0400h-041Fh -ASFR9=0480h-049Fh \
  -ASFR10=0500h-051Fh -ASFR11=0580h-059Fh -ASFR12=0600h-061Fh \
  -ASFR13=0680h-06EFh -ASFR14=0700h-076Fh -ASFR15=0780h-07EFh \
  -ASFR16=0800h-086Fh -ASFR17=0880h-08EFh -ASFR18=0900h-096Fh \
  -ASFR19=0980h-09EFh -ASFR20=0A00h-0A6Fh -ASFR21=0A80h-0AEFh \
  -ASFR22=0B00h-0B6Fh -ASFR23=0B80h-0BEFh -ASFR24=0C00h-0C6Fh \
  -ASFR25=0C80h-0CEFh -ASFR26=0D00h-0D6Fh -ASFR27=0D80h-0DEFh \
  -ASFR28=0E00h-0E6Fh -ASFR29=0E80h-0EEFh -ASFR30=0F00h-0F6Fh \
  -ASFR31=0F80h-0FEFh -preset_vec=00h,intentry=04h,init,end_init \
  -ppowerup=CODE -pcinit=CODE -pfunctab=CODE -ACONFIG=08007h-08008h \
  -pconfig=CONFIG -DCONFIG=2 -AIDLOC=08000h-08003h -pidloc=IDLOC -DIDLOC=2 \
  -DCODE=2 -DSTRCODE=2 -DSTRING=2 -DCONST=2 -DENTRY=2 -k \
  C:\Users\taianluo\AppData\Local\Temp\s7c.obj \
  dist/default/production\1-8-1.Switch_1Key_Dimmer_MOSFET.X.production.obj 

Object code version is 3.11

Machine type is 16F1518



                Name                               Link     Load   Length Selector   Space Scale
C:\Users\taianluo\AppData\Local\Temp\s7c.obj
                end_init                             20       20        2        8       0
                reset_vec                             0        0        2        0       0
                config                             8007     8007        2    1000E       0
dist/default/production\1-8-1.Switch_1Key_Dimmer_MOSFET.X.production.obj
                cinit                                22       22       2A        8       0
                intentry                              4        4       1C        8       0
                text142                            1516     1516       53     2A2C       0
                text141                            10C5     10C5       23     218A       0
                text140                            1BA7     1BA7        9     374E       0
                text139                            16D2     16D2       64     2DA4       0
                text138                            1FA2     1FA2       1F     3F44       0
                text136                            1B29     1B29        3     3652       0
                text135                            1429     1429       4A     2852       0
                text134                            1BF7     1BF7        C     37EE       0
                text133                            1B68     1B68        6     36D0       0
                text132                            1B3B     1B3B        4     3676       0
                text131                            1C03     1C03        C     3806       0
                text130                            1CB5     1CB5       11     396A       0
                text129                            12B7     12B7       39     256E       0
                text128                            1569     1569       54     2AD2       0
                text127                            15BD     15BD       59     2B7A       0
                text126                            1216     1216       35     242C       0
                text125                            1C0F     1C0F        C     381E       0
                text124                             9DF      9DF       6F     13BE       0
                text123                            1B3F     1B3F        4     367E       0
                text122                            1E98     1E98       19     3D30       0
                text121                            1B28     1B28        1     3650       0
                text120                            1B7A     1B7A        7     36F4       0
                text119                            11AF     11AF       33     235E       0
                text118                            1B8F     1B8F        8     371E       0
                text117                            1E3C     1E3C       16     3C78       0
                text116                            1C87     1C87        F     390E       0
                text115                            1671     1671       61     2CE2       0
                text114                            10A3     10A3       22     2146       0
                text113                             382      382       F6        8       0
                text112                             D37      D37       A9     1A6E       0
                text111                            1BB0     1BB0        9     3760       0
                text110                             C24      C24       87     1848       0
                text109                            1736     1736       65     2E6C       0
                text108                            1E52     1E52       16     3CA4       0
                text107                            1C1B     1C1B        C     3836       0
                text106                            1CC6     1CC6       11     398C       0
                text105                            179B     179B       65     2F36       0
                text104                            1D75     1D75       13     3AEA       0
                text103                             F45      F45       BB     1E8A       0
                text102                            1473     1473       51     28E6       0
                text101                            1D1B     1D1B       12     3A36       0
                text100                            1CD7     1CD7       11     39AE       0
                text99                              E91      E91       B4     1D22       0
                text98                              838      838       65     1070       0
                text97                             1BC2     1BC2        A     3784       0
                text96                             1EB1     1EB1       19     3D62       0
                text95                             1D2D     1D2D       12     3A5A       0
                text94                              CAB      CAB       8C     1956       0
                text93                             1E68     1E68       18     3CD0       0
                text92                             1C27     1C27        C     384E       0
                text91                             1E80     1E80       18     3D00       0
                text90                             1C33     1C33        C     3866       0
                text89                             12F0     12F0       39     25E0       0
                text88                              710      710       C8        8       0
                text87                              89D      89D       6B     113A       0
                text86                             1F4C     1F4C       1C     3E98       0
                text85                             1BD6     1BD6        B     37AC       0
                text84                              63B      63B       D5        8       0
                text83                             1EE3     1EE3       1A     3DC6       0
                text82                             1BB9     1BB9        9     3772       0
                text81                             1180     1180       2F     2300       0
                text80                             1C3F     1C3F        C     387E       0
                text79                              478      478       EE        8       0
                text78                             1C4B     1C4B        C     3896       0
                text77                             14C4     14C4       52     2988       0
                text76                             124B     124B       36     2496       0
                text75                             1D3F     1D3F       12     3A7E       0
                text74                             1B43     1B43        4     3686       0
                text73                             1281     1281       36     2502       0
                text72                             1B47     1B47        4     368E       0
                text71                             1F68     1F68       1C     3ED0       0
                text70                             1B2C     1B2C        3     3658       0
                text69                              801      801       37     1002       0
                text68                             1F84     1F84       1E     3F08       0
                text67                             1D88     1D88       13     3B10       0
                text66                             1B97     1B97        8     372E       0
                text65                             1B9F     1B9F        8     373E       0
                text64                             1BE1     1BE1        B     37C2       0
                text63                               4C       4C      1B2        8       0
                text62                             1B81     1B81        7     3702       0
                text61                             1B4B     1B4B        4     3696       0
                text60                             1BCC     1BCC        A     3798       0
                text59                             1EFD     1EFD       1A     3DFA       0
                text58                             1C57     1C57        C     38AE       0
                text57                             1C63     1C63        C     38C6       0
                text56                             1D51     1D51       12     3AA2       0
                text55                             1BEC     1BEC        B     37D8       0
                text54                             1B2F     1B2F        3     365E       0
                text53                             1ECA     1ECA       19     3D94       0
                text52                             1DE8     1DE8       15     3BD0       0
                text51                             1B4F     1B4F        4     369E       0
                text50                             1F17     1F17       1A     3E2E       0
                text49                             1B53     1B53        4     36A6       0
                text48                             1B57     1B57        4     36AE       0
                text47                             1130     1130       26     2260       0
                text46                             1C6F     1C6F        C     38DE       0
                text45                             10E8     10E8       23     21D0       0
                text44                             1FC1     1FC1       1F     3F82       0
                text43                             1156     1156       2A     22AC       0
                text42                             13E5     13E5       44     27CA       0
                text41                             1B5B     1B5B        4     36B6       0
                text40                             1DFD     1DFD       15     3BFA       0
                text39                             1066     1066       1D     20CC       0
                text38                             110B     110B       25     2216       0
                text37                              908      908       6B     1210       0
                text36                              973      973       6C     12E6       0
                text35                             1C96     1C96        F     392C       0
                text34                             1CE8     1CE8       11     39D0       0
                text33                             1CF9     1CF9       11     39F2       0
                text32                             1F31     1F31       1B     3E62       0
                text31                             1D9B     1D9B       13     3B36       0
                text30                              BA4      BA4       80     1748       0
                text29                             1365     1365       40     26CA       0
                text28                              A4E      A4E       72     149C       0
                text27                             1DAE     1DAE       13     3B5C       0
                text26                             11E2     11E2       34     23C4       0
                text25                              AC0      AC0       72     1580       0
                text24                              566      566       D5        8       0
                text23                             1B32     1B32        3     3664       0
                text22                             1CA5     1CA5       10     394A       0
                text21                             1B5F     1B5F        4     36BE       0
                text20                             1E12     1E12       15     3C24       0
                text19                             1B63     1B63        5     36C6       0
                text18                             1E27     1E27       15     3C4E       0
                text17                             1C7B     1C7B        C     38F6       0
                text16                             1D0A     1D0A       11     3A14       0
                text15                              7D8      7D8       28        8       0
                text14                             1DD4     1DD4       14     3BA8       0
                text13                              1FE      1FE      184        8       0
                text12                             1B88     1B88        7     3710       0
                text11                              800      800        1        8       0
                text10                             1B35     1B35        3     366A       0
                text9                               DE0      DE0       B1     1BC0       0
                text8                              1B38     1B38        3     3670       0
                text7                                 2        2        2        0       0
                text6                              1D63     1D63       12     3AC6       0
                text5                              1FE0     1FE0       20     3FC0       0
                text4                               B32      B32       72     1664       0
                text3                              13A5     13A5       40     274A       0
                text2                              1DC1     1DC1       13     3B82       0
                text1                              1329     1329       3C     2652       0
                maintext                           1616     1616       5B     2C2C       0
                cstackBANK0                          20       20       50       20       1
                cstackCOMMON                         70       70        D       70       1
                cstackBANK1                          E6       E6        8       A0       1
                inittext                           1B6E     1B6E        6     36DC       0
                clrtext                            1B74     1B74        6     36E8       0
                dataBANK4                           220      220       20      220       1
                bssBANK3                            1A0      1A0       44      1A0       1
                bssBANK2                            120      120       50      120       1
                bssBANK1                             A0       A0       46       A0       1
                bitbssBANK1                         778       EF        1       A0       1     8
                bitbssCOMMON                        3E8       7D        1       70       1     8
                nvBANK1                              EE       EE        1       A0       1
                stringtext                         1000     1000       66       20       0
                idataBANK4                         1083     1083       20     2106       0

TOTAL           Name                               Link     Load   Length     Space
        CLASS   STACK          

        CLASS   CONST          

        CLASS   CODE           
                end_init                             20       20        2         0
                cinit                                22       22       2A         0
                intentry                              4        4       1C         0
                reset_vec                             0        0        2         0
                text142                            1516     1516       53         0
                text141                            10C5     10C5       23         0
                text140                            1BA7     1BA7        9         0
                text139                            16D2     16D2       64         0
                text138                            1FA2     1FA2       1F         0
                text136                            1B29     1B29        3         0
                text135                            1429     1429       4A         0
                text134                            1BF7     1BF7        C         0
                text133                            1B68     1B68        6         0
                text132                            1B3B     1B3B        4         0
                text131                            1C03     1C03        C         0
                text130                            1CB5     1CB5       11         0
                text129                            12B7     12B7       39         0
                text128                            1569     1569       54         0
                text127                            15BD     15BD       59         0
                text126                            1216     1216       35         0
                text125                            1C0F     1C0F        C         0
                text124                             9DF      9DF       6F         0
                text123                            1B3F     1B3F        4         0
                text122                            1E98     1E98       19         0
                text121                            1B28     1B28        1         0
                text120                            1B7A     1B7A        7         0
                text119                            11AF     11AF       33         0
                text118                            1B8F     1B8F        8         0
                text117                            1E3C     1E3C       16         0
                text116                            1C87     1C87        F         0
                text115                            1671     1671       61         0
                text114                            10A3     10A3       22         0
                text113                             382      382       F6         0
                text112                             D37      D37       A9         0
                text111                            1BB0     1BB0        9         0
                text110                             C24      C24       87         0
                text109                            1736     1736       65         0
                text108                            1E52     1E52       16         0
                text107                            1C1B     1C1B        C         0
                text106                            1CC6     1CC6       11         0
                text105                            179B     179B       65         0
                text104                            1D75     1D75       13         0
                text103                             F45      F45       BB         0
                text102                            1473     1473       51         0
                text101                            1D1B     1D1B       12         0
                text100                            1CD7     1CD7       11         0
                text99                              E91      E91       B4         0
                text98                              838      838       65         0
                text97                             1BC2     1BC2        A         0
                text96                             1EB1     1EB1       19         0
                text95                             1D2D     1D2D       12         0
                text94                              CAB      CAB       8C         0
                text93                             1E68     1E68       18         0
                text92                             1C27     1C27        C         0
                text91                             1E80     1E80       18         0
                text90                             1C33     1C33        C         0
                text89                             12F0     12F0       39         0
                text88                              710      710       C8         0
                text87                              89D      89D       6B         0
                text86                             1F4C     1F4C       1C         0
                text85                             1BD6     1BD6        B         0
                text84                              63B      63B       D5         0
                text83                             1EE3     1EE3       1A         0
                text82                             1BB9     1BB9        9         0
                text81                             1180     1180       2F         0
                text80                             1C3F     1C3F        C         0
                text79                              478      478       EE         0
                text78                             1C4B     1C4B        C         0
                text77                             14C4     14C4       52         0
                text76                             124B     124B       36         0
                text75                             1D3F     1D3F       12         0
                text74                             1B43     1B43        4         0
                text73                             1281     1281       36         0
                text72                             1B47     1B47        4         0
                text71                             1F68     1F68       1C         0
                text70                             1B2C     1B2C        3         0
                text69                              801      801       37         0
                text68                             1F84     1F84       1E         0
                text67                             1D88     1D88       13         0
                text66                             1B97     1B97        8         0
                text65                             1B9F     1B9F        8         0
                text64                             1BE1     1BE1        B         0
                text63                               4C       4C      1B2         0
                text62                             1B81     1B81        7         0
                text61                             1B4B     1B4B        4         0
                text60                             1BCC     1BCC        A         0
                text59                             1EFD     1EFD       1A         0
                text58                             1C57     1C57        C         0
                text57                             1C63     1C63        C         0
                text56                             1D51     1D51       12         0
                text55                             1BEC     1BEC        B         0
                text54                             1B2F     1B2F        3         0
                text53                             1ECA     1ECA       19         0
                text52                             1DE8     1DE8       15         0
                text51                             1B4F     1B4F        4         0
                text50                             1F17     1F17       1A         0
                text49                             1B53     1B53        4         0
                text48                             1B57     1B57        4         0
                text47                             1130     1130       26         0
                text46                             1C6F     1C6F        C         0
                text45                             10E8     10E8       23         0
                text44                             1FC1     1FC1       1F         0
                text43                             1156     1156       2A         0
                text42                             13E5     13E5       44         0
                text41                             1B5B     1B5B        4         0
                text40                             1DFD     1DFD       15         0
                text39                             1066     1066       1D         0
                text38                             110B     110B       25         0
                text37                              908      908       6B         0
                text36                              973      973       6C         0
                text35                             1C96     1C96        F         0
                text34                             1CE8     1CE8       11         0
                text33                             1CF9     1CF9       11         0
                text32                             1F31     1F31       1B         0
                text31                             1D9B     1D9B       13         0
                text30                              BA4      BA4       80         0
                text29                             1365     1365       40         0
                text28                              A4E      A4E       72         0
                text27                             1DAE     1DAE       13         0
                text26                             11E2     11E2       34         0
                text25                              AC0      AC0       72         0
                text24                              566      566       D5         0
                text23                             1B32     1B32        3         0
                text22                             1CA5     1CA5       10         0
                text21                             1B5F     1B5F        4         0
                text20                             1E12     1E12       15         0
                text19                             1B63     1B63        5         0
                text18                             1E27     1E27       15         0
                text17                             1C7B     1C7B        C         0
                text16                             1D0A     1D0A       11         0
                text15                              7D8      7D8       28         0
                text14                             1DD4     1DD4       14         0
                text13                              1FE      1FE      184         0
                text12                             1B88     1B88        7         0
                text11                              800      800        1         0
                text10                             1B35     1B35        3         0
                text9                               DE0      DE0       B1         0
                text8                              1B38     1B38        3         0
                text7                                 2        2        2         0
                text6                              1D63     1D63       12         0
                text5                              1FE0     1FE0       20         0
                text4                               B32      B32       72         0
                text3                              13A5     13A5       40         0
                text2                              1DC1     1DC1       13         0
                text1                              1329     1329       3C         0
                maintext                           1616     1616       5B         0
                inittext                           1B6E     1B6E        6         0
                clrtext                            1B74     1B74        6         0
                idataBANK4                         1083     1083       20         0

        CLASS   STRCODE        
                stringtext                         1000     1000       66         0

        CLASS   ENTRY          

        CLASS   STRING         

        CLASS   COMMON         
                cstackCOMMON                         70       70        D         1
                bitbssCOMMON                        3E8       7D        1         1

        CLASS   BANK0          
                cstackBANK0                          20       20       50         1

        CLASS   BANK1          
                cstackBANK1                          E6       E6        8         1
                bssBANK1                             A0       A0       46         1
                bitbssBANK1                         778       EF        1         1
                nvBANK1                              EE       EE        1         1

        CLASS   BANK2          
                bssBANK2                            120      120       50         1

        CLASS   BANK3          
                bssBANK3                            1A0      1A0       44         1

        CLASS   BANK4          
                dataBANK4                           220      220       20         1

        CLASS   BANK5          

        CLASS   BANK6          

        CLASS   BANK7          

        CLASS   BANK8          

        CLASS   BANK9          

        CLASS   BANK10         

        CLASS   BANK11         

        CLASS   BANK12         

        CLASS   BIGRAM         

        CLASS   RAM            

        CLASS   ABS1           
                abs_s1                               7E       7E        2         1

        CLASS   SFR0           

        CLASS   SFR1           

        CLASS   SFR2           

        CLASS   SFR3           

        CLASS   SFR4           

        CLASS   SFR5           

        CLASS   SFR6           

        CLASS   SFR7           

        CLASS   SFR8           

        CLASS   SFR9           

        CLASS   SFR10          

        CLASS   SFR11          

        CLASS   SFR12          

        CLASS   SFR13          

        CLASS   SFR14          

        CLASS   SFR15          

        CLASS   SFR16          

        CLASS   SFR17          

        CLASS   SFR18          

        CLASS   SFR19          

        CLASS   SFR20          

        CLASS   SFR21          

        CLASS   SFR22          

        CLASS   SFR23          

        CLASS   SFR24          

        CLASS   SFR25          

        CLASS   SFR26          

        CLASS   SFR27          

        CLASS   SFR28          

        CLASS   SFR29          

        CLASS   SFR30          

        CLASS   SFR31          

        CLASS   CONFIG         
                config                             8007     8007        2         0

        CLASS   IDLOC          

        CLASS   BANK31         

        CLASS   BANK30         

        CLASS   BANK29         

        CLASS   BANK28         

        CLASS   BANK27         

        CLASS   BANK26         

        CLASS   BANK25         

        CLASS   BANK24         

        CLASS   BANK23         

        CLASS   BANK22         

        CLASS   BANK21         

        CLASS   BANK20         

        CLASS   BANK19         

        CLASS   BANK18         

        CLASS   BANK17         

        CLASS   BANK16         

        CLASS   BANK15         

        CLASS   BANK14         

        CLASS   BANK13         

        CLASS   EEDATA         



SEGMENTS        Name                           Load    Length   Top    Selector   Space  Class     Delta

                reset_vec                      000000  000004  000004         0       0  CODE        2
                intentry                       000004  0007FD  000801         8       0  CODE        2
                cstackBANK0                    000020  000050  000070        20       1  BANK0       1
                cstackCOMMON                   000070  00000E  00007E        70       1  COMMON      1
                bssBANK1                       0000A0  000050  0000F0        A0       1  BANK1       1
                bssBANK2                       000120  000050  000170       120       1  BANK2       1
                bssBANK3                       0001A0  000044  0001E4       1A0       1  BANK3       1
                dataBANK4                      000220  000020  000240       220       1  BANK4       1
                text69                         000801  000037  000838      1002       0  CODE        2
                text98                         000838  000065  00089D      1070       0  CODE        2
                text87                         00089D  00006B  000908      113A       0  CODE        2
                text37                         000908  00006B  000973      1210       0  CODE        2
                text36                         000973  00006C  0009DF      12E6       0  CODE        2
                text124                        0009DF  00006F  000A4E      13BE       0  CODE        2
                text28                         000A4E  000072  000AC0      149C       0  CODE        2
                text25                         000AC0  000072  000B32      1580       0  CODE        2
                text4                          000B32  000072  000BA4      1664       0  CODE        2
                text30                         000BA4  000080  000C24      1748       0  CODE        2
                text110                        000C24  000087  000CAB      1848       0  CODE        2
                text94                         000CAB  00008C  000D37      1956       0  CODE        2
                text112                        000D37  0000A9  000DE0      1A6E       0  CODE        2
                text9                          000DE0  0000B1  000E91      1BC0       0  CODE        2
                text99                         000E91  0000B4  000F45      1D22       0  CODE        2
                text103                        000F45  0000BB  001000      1E8A       0  CODE        2
                stringtext                     001000  000066  001066        20       0  STRCODE     2
                text39                         001066  00001D  001083      20CC       0  CODE        2
                idataBANK4                     001083  000020  0010A3      2106       0  CODE        2
                text114                        0010A3  000022  0010C5      2146       0  CODE        2
                text141                        0010C5  000023  0010E8      218A       0  CODE        2
                text45                         0010E8  000023  00110B      21D0       0  CODE        2
                text38                         00110B  000025  001130      2216       0  CODE        2
                text47                         001130  000026  001156      2260       0  CODE        2
                text43                         001156  00002A  001180      22AC       0  CODE        2
                text81                         001180  00002F  0011AF      2300       0  CODE        2
                text119                        0011AF  000033  0011E2      235E       0  CODE        2
                text26                         0011E2  000034  001216      23C4       0  CODE        2
                text126                        001216  000035  00124B      242C       0  CODE        2
                text76                         00124B  000036  001281      2496       0  CODE        2
                text73                         001281  000036  0012B7      2502       0  CODE        2
                text129                        0012B7  000039  0012F0      256E       0  CODE        2
                text89                         0012F0  000039  001329      25E0       0  CODE        2
                text1                          001329  00003C  001365      2652       0  CODE        2
                text29                         001365  000040  0013A5      26CA       0  CODE        2
                text3                          0013A5  000040  0013E5      274A       0  CODE        2
                text42                         0013E5  000044  001429      27CA       0  CODE        2
                text135                        001429  00004A  001473      2852       0  CODE        2
                text102                        001473  000051  0014C4      28E6       0  CODE        2
                text77                         0014C4  000052  001516      2988       0  CODE        2
                text142                        001516  000053  001569      2A2C       0  CODE        2
                text128                        001569  000054  0015BD      2AD2       0  CODE        2
                text127                        0015BD  000059  001616      2B7A       0  CODE        2
                maintext                       001616  00005B  001671      2C2C       0  CODE        2
                text115                        001671  000061  0016D2      2CE2       0  CODE        2
                text139                        0016D2  000064  001736      2DA4       0  CODE        2
                text109                        001736  000065  00179B      2E6C       0  CODE        2
                text105                        00179B  000065  001800      2F36       0  CODE        2
                text121                        001B28  000001  001B29      3650       0  CODE        2
                text136                        001B29  000003  001B2C      3652       0  CODE        2
                text70                         001B2C  000003  001B2F      3658       0  CODE        2
                text54                         001B2F  000003  001B32      365E       0  CODE        2
                text23                         001B32  000003  001B35      3664       0  CODE        2
                text10                         001B35  000003  001B38      366A       0  CODE        2
                text8                          001B38  000003  001B3B      3670       0  CODE        2
                text132                        001B3B  000004  001B3F      3676       0  CODE        2
                text123                        001B3F  000004  001B43      367E       0  CODE        2
                text74                         001B43  000004  001B47      3686       0  CODE        2
                text72                         001B47  000004  001B4B      368E       0  CODE        2
                text61                         001B4B  000004  001B4F      3696       0  CODE        2
                text51                         001B4F  000004  001B53      369E       0  CODE        2
                text49                         001B53  000004  001B57      36A6       0  CODE        2
                text48                         001B57  000004  001B5B      36AE       0  CODE        2
                text41                         001B5B  000004  001B5F      36B6       0  CODE        2
                text21                         001B5F  000004  001B63      36BE       0  CODE        2
                text19                         001B63  000005  001B68      36C6       0  CODE        2
                text133                        001B68  000006  001B6E      36D0       0  CODE        2
                inittext                       001B6E  000006  001B74      36DC       0  CODE        2
                clrtext                        001B74  000006  001B7A      36E8       0  CODE        2
                text120                        001B7A  000007  001B81      36F4       0  CODE        2
                text62                         001B81  000007  001B88      3702       0  CODE        2
                text12                         001B88  000007  001B8F      3710       0  CODE        2
                text118                        001B8F  000008  001B97      371E       0  CODE        2
                text66                         001B97  000008  001B9F      372E       0  CODE        2
                text65                         001B9F  000008  001BA7      373E       0  CODE        2
                text140                        001BA7  000009  001BB0      374E       0  CODE        2
                text111                        001BB0  000009  001BB9      3760       0  CODE        2
                text82                         001BB9  000009  001BC2      3772       0  CODE        2
                text97                         001BC2  00000A  001BCC      3784       0  CODE        2
                text60                         001BCC  00000A  001BD6      3798       0  CODE        2
                text85                         001BD6  00000B  001BE1      37AC       0  CODE        2
                text64                         001BE1  00000B  001BEC      37C2       0  CODE        2
                text55                         001BEC  00000B  001BF7      37D8       0  CODE        2
                text134                        001BF7  00000C  001C03      37EE       0  CODE        2
                text131                        001C03  00000C  001C0F      3806       0  CODE        2
                text125                        001C0F  00000C  001C1B      381E       0  CODE        2
                text107                        001C1B  00000C  001C27      3836       0  CODE        2
                text92                         001C27  00000C  001C33      384E       0  CODE        2
                text90                         001C33  00000C  001C3F      3866       0  CODE        2
                text80                         001C3F  00000C  001C4B      387E       0  CODE        2
                text78                         001C4B  00000C  001C57      3896       0  CODE        2
                text58                         001C57  00000C  001C63      38AE       0  CODE        2
                text57                         001C63  00000C  001C6F      38C6       0  CODE        2
                text46                         001C6F  00000C  001C7B      38DE       0  CODE        2
                text17                         001C7B  00000C  001C87      38F6       0  CODE        2
                text116                        001C87  00000F  001C96      390E       0  CODE        2
                text35                         001C96  00000F  001CA5      392C       0  CODE        2
                text22                         001CA5  000010  001CB5      394A       0  CODE        2
                text130                        001CB5  000011  001CC6      396A       0  CODE        2
                text106                        001CC6  000011  001CD7      398C       0  CODE        2
                text100                        001CD7  000011  001CE8      39AE       0  CODE        2
                text34                         001CE8  000011  001CF9      39D0       0  CODE        2
                text33                         001CF9  000011  001D0A      39F2       0  CODE        2
                text16                         001D0A  000011  001D1B      3A14       0  CODE        2
                text101                        001D1B  000012  001D2D      3A36       0  CODE        2
                text95                         001D2D  000012  001D3F      3A5A       0  CODE        2
                text75                         001D3F  000012  001D51      3A7E       0  CODE        2
                text56                         001D51  000012  001D63      3AA2       0  CODE        2
                text6                          001D63  000012  001D75      3AC6       0  CODE        2
                text104                        001D75  000013  001D88      3AEA       0  CODE        2
                text67                         001D88  000013  001D9B      3B10       0  CODE        2
                text31                         001D9B  000013  001DAE      3B36       0  CODE        2
                text27                         001DAE  000013  001DC1      3B5C       0  CODE        2
                text2                          001DC1  000013  001DD4      3B82       0  CODE        2
                text14                         001DD4  000014  001DE8      3BA8       0  CODE        2
                text52                         001DE8  000015  001DFD      3BD0       0  CODE        2
                text40                         001DFD  000015  001E12      3BFA       0  CODE        2
                text20                         001E12  000015  001E27      3C24       0  CODE        2
                text18                         001E27  000015  001E3C      3C4E       0  CODE        2
                text117                        001E3C  000016  001E52      3C78       0  CODE        2
                text108                        001E52  000016  001E68      3CA4       0  CODE        2
                text93                         001E68  000018  001E80      3CD0       0  CODE        2
                text91                         001E80  000018  001E98      3D00       0  CODE        2
                text122                        001E98  000019  001EB1      3D30       0  CODE        2
                text96                         001EB1  000019  001ECA      3D62       0  CODE        2
                text53                         001ECA  000019  001EE3      3D94       0  CODE        2
                text83                         001EE3  00001A  001EFD      3DC6       0  CODE        2
                text59                         001EFD  00001A  001F17      3DFA       0  CODE        2
                text50                         001F17  00001A  001F31      3E2E       0  CODE        2
                text32                         001F31  00001B  001F4C      3E62       0  CODE        2
                text86                         001F4C  00001C  001F68      3E98       0  CODE        2
                text71                         001F68  00001C  001F84      3ED0       0  CODE        2
                text68                         001F84  00001E  001FA2      3F08       0  CODE        2
                text138                        001FA2  00001F  001FC1      3F44       0  CODE        2
                text44                         001FC1  00001F  001FE0      3F82       0  CODE        2
                text5                          001FE0  000020  002000      3FC0       0  CODE        2
                config                         008007  000002  008009     1000E       0  CONFIG      2


UNUSED ADDRESS RANGES

        Name                Unused          Largest block    Delta
        BANK10           00520-0056F              50           1
        BANK11           005A0-005EF              50           1
        BANK12           00620-0064F              30           1
        BANK3            001E4-001EF               C           1
        BANK4            00240-0026F              30           1
        BANK5            002A0-002EF              50           1
        BANK6            00320-0036F              50           1
        BANK7            003A0-003EF              50           1
        BANK8            00420-0046F              50           1
        BANK9            004A0-004EF              50           1
        BIGRAM           02000-023EF             3F0           1
        CODE             01800-01B27             328           2
                         02000-03FFF             800
        CONST            01800-01B27             100           2
                         02000-03FFF             100
        ENTRY            01800-01B27             100           2
                         02000-03FFF             100
        IDLOC            08000-08003               4           2
        RAM              001E4-001EF               C           1
                         00240-0026F              30
                         002A0-002EF              50
                         00320-0036F              50
                         003A0-003EF              50
                         00420-0046F              50
                         004A0-004EF              50
                         00520-0056F              50
                         005A0-005EF              50
                         00620-0064F              30
        SFR0             00000-0001F              20           1
        SFR1             00080-0009F              20           1
        SFR10            00500-0051F              20           1
        SFR11            00580-0059F              20           1
        SFR12            00600-0061F              20           1
        SFR13            00680-006EF              70           1
        SFR14            00700-0076F              70           1
        SFR15            00780-007EF              70           1
        SFR16            00800-0086F              70           1
        SFR17            00880-008EF              70           1
        SFR18            00900-0096F              70           1
        SFR19            00980-009EF              70           1
        SFR2             00100-0011F              20           1
        SFR20            00A00-00A6F              70           1
        SFR21            00A80-00AEF              70           1
        SFR22            00B00-00B6F              70           1
        SFR23            00B80-00BEF              70           1
        SFR24            00C00-00C6F              70           1
        SFR25            00C80-00CEF              70           1
        SFR26            00D00-00D6F              70           1
        SFR27            00D80-00DEF              70           1
        SFR28            00E00-00E6F              70           1
        SFR29            00E80-00EEF              70           1
        SFR3             00180-0019F              20           1
        SFR30            00F00-00F6F              70           1
        SFR31            00F80-00FEF              70           1
        SFR4             00200-0021F              20           1
        SFR5             00280-0029F              20           1
        SFR6             00300-0031F              20           1
        SFR7             00380-0039F              20           1
        SFR8             00400-0041F              20           1
        SFR9             00480-0049F              20           1
        STACK            02160-0231F             1C0           1
        STRCODE          01800-01B27             328           2
                         02000-03FFF            2000
        STRING           01800-01B27             100           2
                         02000-03FFF             100

                                  Symbol Table

?___awdiv                                 cstackBANK0  00020
?___awtoft                                cstackBANK0  00028
?___ftadd                                 cstackBANK0  00041
?___ftdiv                                 cstackBANK0  0002E
?___ftmul                                 cstackBANK0  0002E
?___ftneg                                 cstackBANK0  0003E
?___ftpack                                cstackBANK0  00020
?___fttol                                 cstackBANK0  0004E
?___lwdiv                                 cstackBANK0  00020
?___wmul                                  cstackBANK0  00020
?_getAD                                   cstackBANK0  00020
?_getBuz_GO                               cstackBANK0  00020
?i1___awdiv                               cstackCOMMON 00070
CC2500_InitPATable@loop_d                 cstackBANK0  00027
CC2500_InitPATable@temp                   cstackBANK0  00026
CC2500_InitSetREG@loop_c                  cstackBANK0  00028
CC2500_InitSetREG@temp1                   cstackBANK0  00026
CC2500_InitSetREG@temp2                   cstackBANK0  00027
CC2500_ReadByte@loop_b                    cstackBANK0  00021
CC2500_ReadStatus@status_addr             cstackBANK0  00023
CC2500_RxData@loop_f                      cstackBANK0  00025
CC2500_TxData@loop_e                      cstackBANK0  00025
CC2500_WriteByte@loop_a                   cstackBANK0  00021
CC2500_WriteCommand@command               cstackBANK0  00023
CC2500_WriteREG@value                     cstackBANK0  00022
CC2500_WriteREG@w_addr                    cstackBANK0  00024
DelayOffPointSelect@sw                    cstackBANK0  00021
DelayTime_1us@count                       cstackBANK0  00020
DelayTime_1us@i                           cstackBANK0  00022
DelayTime_1us@j                           cstackBANK0  00024
DimmerLights_SelectPointer@lights         cstackBANK0  00021
DlyOff_Initialization@sw                  cstackBANK0  00022
DlyOff_Main@sw                            cstackBANK0  00067
Exception_Main@count                      cstackBANK0  0002F
Exception_Main@error                      cstackBANK0  00035
Exception_Main@i                          cstackBANK0  00030
Exception_Main@i_3412                     cstackBANK0  00032
Exception_Main@lights                     cstackBANK0  00034
Exception_Main@status                     cstackBANK0  0002E
Flash_Memory_Initialization@i             cstackBANK0  00063
Flash_Memory_Modify@i                     cstackBANK0  00025
Flash_Memory_Read@address                 cstackBANK0  00022
Flash_Memory_Read@i                       cstackBANK0  00021
Flash_Memory_Read@ret                     cstackBANK0  00023
Flash_Memory_Write@i                      cstackBANK0  00021
LedPointSelect@led                        cstackBANK0  00021
Load_Main@ErrorCountValue                 cstackBANK0  0002D
Load_Main@LightsCount                     cstackBANK0  0002F
Load_Main@Load_RunStatus                  cstackBANK0  0002E
Load_Main@error                           cstackBANK0  0002C
Load_Main@i                               cstackBANK0  00030
SwPointSelect@sw                          cstackBANK0  00021
_ADCON0                                   (abs)        0009D
_ADCON1                                   (abs)        0009E
_ADC_Set                                  text62       01B81
_ADRESH                                   (abs)        0009C
_ADRESL                                   (abs)        0009B
_ANSELA                                   (abs)        0018C
_ANSELB                                   (abs)        0018D
_ANSELC                                   (abs)        0018E
_Buz1                                     bssBANK1     000BB
_Buzzer_Initialization                    text136      01B29
_Buzzer_Main                              text135      01429
_CC2500_ClearRXFIFO                       text49       01B53
_CC2500_ClearTXFIFO                       text48       01B57
_CC2500_FrequencyCabr                     text46       01C6F
_CC2500_InitPATable                       text44       01FC1
_CC2500_InitSetREG                        text43       01156
_CC2500_PowerOnInitial                    text40       01DFD
_CC2500_PowerRST                          text42       013E5
_CC2500_ReadByte                          text39       01066
_CC2500_ReadStatus                        text38       0110B
_CC2500_RxData                            text37       00908
_CC2500_SIDLEMode                         text41       01B5B
_CC2500_TxData                            text36       00973
_CC2500_WriteByte                         text53       01ECA
_CC2500_WriteCommand                      text50       01F17
_CC2500_WriteREG                          text45       010E8
_CC2500_patable_vaule                     stringtext   0105E
_CC2500_registers_address                 stringtext   01000
_CC2500_rfSettings                        stringtext   0102F
_CFGS                                     (abs)        00CAE
_CRC                                      bssBANK1     000CF
_Cmd                                      bssBANK1     000D0
_DelayOff                                 bssBANK1     000D1
_DelayOffPointSelect                      text134      01BF7
_DelayOff_Initialization                  text132      01B3B
_DelayOff_Main                            text123      01B3F
_DelayTime_1us                            text47       01130
_Dimmer                                   bssBANK3     001A0
_DimmerIntr                               bssBANK2     00145
_DimmerIntr1                              bssBANK1     000C7
_DimmerIntr_Initialization                text122      01E98
_DimmerLights                             bssBANK1     000D2
_DimmerLights1                            bssBANK3     001D3
_DimmerLights_IOC_1                       text141      010C5
_DimmerLights_Initialization              text120      01B7A
_DimmerLights_Main                        text86       01F4C
_DimmerLights_SelectPointer               text131      01C03
_DimmerLights_TMR_1                       text139      016D2
_DlyOff_Initialization                    text133      01B68
_DlyOff_Main                              text124      009DF
_DlySw1                                   bssBANK3     001DB
_Exception_Main                           text84       0063B
_FREE                                     (abs)        00CAC
_FVRCON                                   (abs)        00117
_Flash_Memory_Erasing                     text78       01C4B
_Flash_Memory_Initialization              text79       00478
_Flash_Memory_Main                        text76       0124B
_Flash_Memory_Modify                      text77       014C4
_Flash_Memory_Read                        text83       01EE3
_Flash_Memory_Unlock                      text82       01BB9
_Flash_Memory_Write                       text81       01180
_Fosc_Set                                 text61       01B4B
_GIE                                      (abs)        0005F
_GO_nDONE                                 (abs)        004E9
_IOCBF                                    (abs)        00396
_IOCBF2                                   (abs)        01CB2
_IOCBN                                    (abs)        00395
_IOCBP                                    (abs)        00394
_IOCIE                                    (abs)        0005B
_IOCIF                                    (abs)        00058
_IOC_ISR                                  text140      01BA7
_IOC_Set                                  text60       01BCC
_IO_Set                                   text59       01EFD
_ISR                                      intentry     00004
_LATA                                     (abs)        0010C
_LATB                                     (abs)        0010D
_LATC                                     (abs)        0010E
_LED                                      bssBANK1     000D3
_LED_Initialization                       text74       01B43
_LED_Main                                 text72       01B47
_LWLO                                     (abs)        00CAD
_LedPointSelect                           text90       01C33
_Light                                    bssBANK2     00146
_Load                                     bssBANK2     00148
_Load_Initialization                      text70       01B2C
_Load_Main                                text63       0004C
_Load_Main$3755                           cstackBANK0  0002A
_Mcu_Initialization                       text56       01D51
_Memory                                   bssBANK3     001A5
_OSCCON                                   (abs)        00099
_PEIE                                     (abs)        0005E
_PMADRH                                   (abs)        00192
_PMADRL                                   (abs)        00191
_PMCON2                                   (abs)        00196
_PMDATH                                   (abs)        00194
_PMDATL                                   (abs)        00193
_PORTA                                    (abs)        0000C
_PORTB                                    (abs)        0000D
_PORTC                                    (abs)        0000E
_RA0                                      (abs)        00060
_RA4                                      (abs)        00064
_RA6                                      (abs)        00066
_RA7                                      (abs)        00067
_RB0                                      (abs)        00068
_RB1                                      (abs)        00069
_RB2                                      (abs)        0006A
_RB3                                      (abs)        0006B
_RB5                                      (abs)        0006D
_RC0                                      (abs)        00070
_RC1                                      (abs)        00071
_RC3                                      (abs)        00073
_RC4                                      (abs)        00074
_RC5                                      (abs)        00075
_RD                                       (abs)        00CA8
_RF1                                      bssBANK1     000A0
_RF_Count                                 bssBANK2     00141
_RF_Data                                  bssBANK2     00120
_RF_Initialization                        text54       01B2F
_RF_Main                                  text23       01B32
_RF_RxDisable                             text35       01C96
_RF_Timeout_Counter                       text52       01DE8
_RSSI                                     bssBANK2     00147
_Receive_OK                               bitbssBANK1  00778
_Rx_Length                                bssBANK1     000D4
_SPI0Buffer                               bssBANK1     000D5
_Sw                                       bssBANK1     000D6
_Sw1                                      bssBANK3     001CA
_SwDetect                                 bssBANK1     000D7
_SwPointSelect                            text17       01C7B
_Switch_Initialization                    text21       01B5F
_Switch_Main                              text12       01B88
_T1CON                                    (abs)        00018
_TMR1H                                    (abs)        00017
_TMR1IE                                   (abs)        00488
_TMR1IF                                   (abs)        00088
_TMR1L                                    (abs)        00016
_TMR1_ISR                                 text138      01FA2
_TMR1_Set                                 text58       01C57
_TRISA                                    (abs)        0008C
_TRISB                                    (abs)        0008D
_TRISC                                    (abs)        0008E
_Temp                                     bssBANK1     000DC
_Temp_Initialization                      text10       01B35
_Temp_Main                                text8        01B38
_Timeout_Counter                          text20       01E12
_Timer1                                   bssBANK2     0013E
_TouchPower                               text18       01E27
_Transceive_OK                            bitbssCOMMON 003E8
_Tx_Length                                bssBANK1     000D8
_VarErrLED                                bssBANK3     001E0
_WDT                                      bssBANK2     00143
_WDTCON                                   (abs)        00097
_WDT_Clearing                             text7        00002
_WDT_Main                                 text6        01D63
_WDT_Set                                  text57       01C63
_WPUB                                     (abs)        0020D
_WR                                       (abs)        00CA9
_WREN                                     (abs)        00CAA
__CFG_BOREN$OFF                           (abs)        00000
__CFG_FOSC$INTOSC                         (abs)        00000
__CFG_VCAPEN$OFF                          (abs)        00000
__CFG_WDTE$ON                             (abs)        00000
__CFG_WRT$HALF                            (abs)        00000
__Habs1                                   abs1         00000
__Hbank0                                  bank0        00000
__Hbank1                                  bank1        00000
__Hbank10                                 bank10       00000
__Hbank11                                 bank11       00000
__Hbank12                                 bank12       00000
__Hbank13                                 bank13       00000
__Hbank14                                 bank14       00000
__Hbank15                                 bank15       00000
__Hbank16                                 bank16       00000
__Hbank17                                 bank17       00000
__Hbank18                                 bank18       00000
__Hbank19                                 bank19       00000
__Hbank2                                  bank2        00000
__Hbank20                                 bank20       00000
__Hbank21                                 bank21       00000
__Hbank22                                 bank22       00000
__Hbank23                                 bank23       00000
__Hbank24                                 bank24       00000
__Hbank25                                 bank25       00000
__Hbank26                                 bank26       00000
__Hbank27                                 bank27       00000
__Hbank28                                 bank28       00000
__Hbank29                                 bank29       00000
__Hbank3                                  bank3        00000
__Hbank30                                 bank30       00000
__Hbank31                                 bank31       00000
__Hbank4                                  bank4        00000
__Hbank5                                  bank5        00000
__Hbank6                                  bank6        00000
__Hbank7                                  bank7        00000
__Hbank8                                  bank8        00000
__Hbank9                                  bank9        00000
__Hbigram                                 bigram       00000
__HbitbssBANK1                            bitbssBANK1  00000
__HbitbssCOMMON                           bitbssCOMMON 00000
__HbssBANK1                               bssBANK1     00000
__HbssBANK2                               bssBANK2     00000
__HbssBANK3                               bssBANK3     00000
__Hcinit                                  cinit        0004C
__Hclrtext                                clrtext      00000
__Hcode                                   code         00000
__Hcommon                                 common       00000
__Hconfig                                 config       08009
__HcstackBANK0                            cstackBANK0  00000
__HcstackBANK1                            cstackBANK1  00000
__HcstackCOMMON                           cstackCOMMON 00000
__HdataBANK4                              dataBANK4    00000
__Heeprom_data                            eeprom_data  00000
__Hend_init                               end_init     00022
__Hfunctab                                functab      00000
__HidataBANK4                             idataBANK4   00000
__Hidloc                                  idloc        00000
__Hinit                                   init         00020
__Hinittext                               inittext     00000
__Hintentry                               intentry     00020
__Hmaintext                               maintext     00000
__HnvBANK1                                nvBANK1      00000
__Hpowerup                                powerup      00000
__Hram                                    ram          00000
__Hreset_vec                              reset_vec    00002
__Hsfr0                                   sfr0         00000
__Hsfr1                                   sfr1         00000
__Hsfr10                                  sfr10        00000
__Hsfr11                                  sfr11        00000
__Hsfr12                                  sfr12        00000
__Hsfr13                                  sfr13        00000
__Hsfr14                                  sfr14        00000
__Hsfr15                                  sfr15        00000
__Hsfr16                                  sfr16        00000
__Hsfr17                                  sfr17        00000
__Hsfr18                                  sfr18        00000
__Hsfr19                                  sfr19        00000
__Hsfr2                                   sfr2         00000
__Hsfr20                                  sfr20        00000
__Hsfr21                                  sfr21        00000
__Hsfr22                                  sfr22        00000
__Hsfr23                                  sfr23        00000
__Hsfr24                                  sfr24        00000
__Hsfr25                                  sfr25        00000
__Hsfr26                                  sfr26        00000
__Hsfr27                                  sfr27        00000
__Hsfr28                                  sfr28        00000
__Hsfr29                                  sfr29        00000
__Hsfr3                                   sfr3         00000
__Hsfr30                                  sfr30        00000
__Hsfr31                                  sfr31        00000
__Hsfr4                                   sfr4         00000
__Hsfr5                                   sfr5         00000
__Hsfr6                                   sfr6         00000
__Hsfr7                                   sfr7         00000
__Hsfr8                                   sfr8         00000
__Hsfr9                                   sfr9         00000
__Hspace_0                                (abs)        08009
__Hspace_1                                (abs)        00779
__Hspace_2                                (abs)        00000
__Hspace_3                                (abs)        00000
__Hstack                                  stack        00000
__Hstrings                                strings      00000
__Hstringtext                             stringtext   00000
__Htext                                   text         00000
__Labs1                                   abs1         00000
__Lbank0                                  bank0        00000
__Lbank1                                  bank1        00000
__Lbank10                                 bank10       00000
__Lbank11                                 bank11       00000
__Lbank12                                 bank12       00000
__Lbank13                                 bank13       00000
__Lbank14                                 bank14       00000
__Lbank15                                 bank15       00000
__Lbank16                                 bank16       00000
__Lbank17                                 bank17       00000
__Lbank18                                 bank18       00000
__Lbank19                                 bank19       00000
__Lbank2                                  bank2        00000
__Lbank20                                 bank20       00000
__Lbank21                                 bank21       00000
__Lbank22                                 bank22       00000
__Lbank23                                 bank23       00000
__Lbank24                                 bank24       00000
__Lbank25                                 bank25       00000
__Lbank26                                 bank26       00000
__Lbank27                                 bank27       00000
__Lbank28                                 bank28       00000
__Lbank29                                 bank29       00000
__Lbank3                                  bank3        00000
__Lbank30                                 bank30       00000
__Lbank31                                 bank31       00000
__Lbank4                                  bank4        00000
__Lbank5                                  bank5        00000
__Lbank6                                  bank6        00000
__Lbank7                                  bank7        00000
__Lbank8                                  bank8        00000
__Lbank9                                  bank9        00000
__Lbigram                                 bigram       00000
__LbitbssBANK1                            bitbssBANK1  00000
__LbitbssCOMMON                           bitbssCOMMON 00000
__LbssBANK1                               bssBANK1     00000
__LbssBANK2                               bssBANK2     00000
__LbssBANK3                               bssBANK3     00000
__Lcinit                                  cinit        00022
__Lclrtext                                clrtext      00000
__Lcode                                   code         00000
__Lcommon                                 common       00000
__Lconfig                                 config       08007
__LcstackBANK0                            cstackBANK0  00000
__LcstackBANK1                            cstackBANK1  00000
__LcstackCOMMON                           cstackCOMMON 00000
__LdataBANK4                              dataBANK4    00000
__Leeprom_data                            eeprom_data  00000
__Lend_init                               end_init     00020
__Lfunctab                                functab      00000
__LidataBANK4                             idataBANK4   00000
__Lidloc                                  idloc        00000
__Linit                                   init         00020
__Linittext                               inittext     00000
__Lintentry                               intentry     00004
__Lmaintext                               maintext     00000
__LnvBANK1                                nvBANK1      00000
__Lpowerup                                powerup      00000
__Lram                                    ram          00000
__Lreset_vec                              reset_vec    00000
__Lsfr0                                   sfr0         00000
__Lsfr1                                   sfr1         00000
__Lsfr10                                  sfr10        00000
__Lsfr11                                  sfr11        00000
__Lsfr12                                  sfr12        00000
__Lsfr13                                  sfr13        00000
__Lsfr14                                  sfr14        00000
__Lsfr15                                  sfr15        00000
__Lsfr16                                  sfr16        00000
__Lsfr17                                  sfr17        00000
__Lsfr18                                  sfr18        00000
__Lsfr19                                  sfr19        00000
__Lsfr2                                   sfr2         00000
__Lsfr20                                  sfr20        00000
__Lsfr21                                  sfr21        00000
__Lsfr22                                  sfr22        00000
__Lsfr23                                  sfr23        00000
__Lsfr24                                  sfr24        00000
__Lsfr25                                  sfr25        00000
__Lsfr26                                  sfr26        00000
__Lsfr27                                  sfr27        00000
__Lsfr28                                  sfr28        00000
__Lsfr29                                  sfr29        00000
__Lsfr3                                   sfr3         00000
__Lsfr30                                  sfr30        00000
__Lsfr31                                  sfr31        00000
__Lsfr4                                   sfr4         00000
__Lsfr5                                   sfr5         00000
__Lsfr6                                   sfr6         00000
__Lsfr7                                   sfr7         00000
__Lsfr8                                   sfr8         00000
__Lsfr9                                   sfr9         00000
__Lspace_0                                (abs)        00000
__Lspace_1                                (abs)        00000
__Lspace_2                                (abs)        00000
__Lspace_3                                (abs)        00000
__Lstack                                  stack        00000
__Lstrings                                strings      00000
__Lstringtext                             stringtext   00000
__Ltext                                   text         00000
__S0                                      (abs)        08009
__S1                                      (abs)        00240
__S2                                      (abs)        00000
___awdiv                                  text128      01569
___awdiv@counter                          cstackBANK0  00025
___awdiv@dividend                         cstackBANK0  00022
___awdiv@divisor                          cstackBANK0  00020
___awdiv@quotient                         cstackBANK0  00027
___awdiv@sign                             cstackBANK0  00026
___awtoft                                 text114      010A3
___awtoft@c                               cstackBANK0  00028
___awtoft@sign                            cstackBANK0  0002D
___bmul                                   text95       01D2D
___bmul@multiplicand                      cstackBANK0  00020
___bmul@multiplier                        cstackBANK0  00023
___bmul@product                           cstackBANK0  00022
___ftadd                                  text113      00382
___ftadd@exp1                             cstackBANK0  0004D
___ftadd@exp2                             cstackBANK0  0004C
___ftadd@f1                               cstackBANK0  00041
___ftadd@f2                               cstackBANK0  00044
___ftadd@sign                             cstackBANK0  0004B
___ftdiv                                  text112      00D37
___ftdiv@cntr                             cstackBANK0  00038
___ftdiv@exp                              cstackBANK0  0003C
___ftdiv@f1                               cstackBANK0  00031
___ftdiv@f2                               cstackBANK0  0002E
___ftdiv@f3                               cstackBANK0  00039
___ftdiv@sign                             cstackBANK0  0003D
___ftmul                                  text99       00E91
[...]
 Hardware stack levels required when called:    4
 This function calls:
		Nothing
 This function is called by:
		_DlyOff_Initialization
		_DlyOff_Main
		_setDelayOff_GO
		_getDelayOff_GO
 This function uses a non-reentrant model


 *************** function _Buzzer_Main *****************
 Defined at:
		line 46 in file "../src/Buzzer_B1.c"
 Parameters:    Size  Location     Type
		None
 Auto vars:     Size  Location     Type
		None
 Return value:  Size  Location     Type
		None               void
 Registers used:
		wreg, status,2, status,0
 Tracked objects:
		On entry : 
		On exit  : 
		Unchanged: 
 Data sizes:     COMMON   BANK0   BANK1   BANK2   BANK3   BANK4   BANK5   BANK6   BANK7   BANK8   BANK9  BANK10  BANK11  BANK12
      Params:         0       0       0       0       0       0       0       0       0       0       0       0       0       0
      Locals:         0       0       0       0       0       0       0       0       0       0       0       0       0       0
      Temps:          0       1       0       0       0       0       0       0       0       0       0       0       0       0
      Totals:         0       1       0       0       0       0       0       0       0       0       0       0       0       0
Total ram usage:        1 bytes
 Hardware stack levels used:    1
 Hardware stack levels required when called:    4
 This function calls:
		Nothing
 This function is called by:
		_main
 This function uses a non-reentrant model


 *************** function _Buzzer_Initialization *****************
 Defined at:
		line 11 in file "../src/Buzzer_B1.c"
 Parameters:    Size  Location     Type
		None
 Auto vars:     Size  Location     Type
		None
 Return value:  Size  Location     Type
		None               void
 Registers used:
		None
 Tracked objects:
		On entry : 
		On exit  : 
		Unchanged: 
 Data sizes:     COMMON   BANK0   BANK1   BANK2   BANK3   BANK4   BANK5   BANK6   BANK7   BANK8   BANK9  BANK10  BANK11  BANK12
      Params:         0       0       0       0       0       0       0       0       0       0       0       0       0       0
      Locals:         0       0       0       0       0       0       0       0       0       0       0       0       0       0
      Temps:          0       0       0       0       0       0       0       0       0       0       0       0       0       0
      Totals:         0       0       0       0       0       0       0       0       0       0       0       0       0       0
Total ram usage:        0 bytes
 Hardware stack levels used:    1
 Hardware stack levels required when called:    4
 This function calls:
		Nothing
 This function is called by:
		_main
 This function uses a non-reentrant model


 *************** function _ISR *****************
 Defined at:
		line 116 in file "../src/MCU_B1.c"
 Parameters:    Size  Location     Type
		None
 Auto vars:     Size  Location     Type
		None
 Return value:  Size  Location     Type
		None               void
 Registers used:
		wreg, fsr1l, fsr1h, status,2, status,0, pclath, cstack
 Tracked objects:
		On entry : 
		On exit  : 
		Unchanged: 
 Data sizes:     COMMON   BANK0   BANK1   BANK2   BANK3   BANK4   BANK5   BANK6   BANK7   BANK8   BANK9  BANK10  BANK11  BANK12
      Params:         0       0       0       0       0       0       0       0       0       0       0       0       0       0
      Locals:         0       0       0       0       0       0       0       0       0       0       0       0       0       0
      Temps:          1       0       0       0       0       0       0       0       0       0       0       0       0       0
      Totals:         1       0       0       0       0       0       0       0       0       0       0       0       0       0
Total ram usage:        1 bytes
 Hardware stack levels used:    1
 Hardware stack levels required when called:    3
 This function calls:
		_IOC_ISR
		_TMR1_ISR
 This function is called by:
		Interrupt level 1
 This function uses a non-reentrant model


 *************** function _TMR1_ISR *****************
 Defined at:
		line 236 in file "../src/MCU_B1.c"
 Parameters:    Size  Location     Type
		None
 Auto vars:     Size  Location     Type
		None
 Return value:  Size  Location     Type
		None               void
 Registers used:
		wreg, fsr1l, fsr1h, status,2, status,0, pclath, cstack
 Tracked objects:
		On entry : 
		On exit  : 
		Unchanged: 
 Data sizes:     COMMON   BANK0   BANK1   BANK2   BANK3   BANK4   BANK5   BANK6   BANK7   BANK8   BANK9  BANK10  BANK11  BANK12
      Params:         0       0       0       0       0       0       0       0       0       0       0       0       0       0
      Locals:         0       0       0       0       0       0       0       0       0       0       0       0       0       0
      Temps:          0       0       0       0       0       0       0       0       0       0       0       0       0       0
      Totals:         0       0       0       0       0       0       0       0       0       0       0       0       0       0
Total ram usage:        0 bytes
 Hardware stack levels used:    1
 Hardware stack levels required when called:    1
 This function calls:
		_DimmerLights_TMR_1
 This function is called by:
		_ISR
 This function uses a non-reentrant model


 *************** function _DimmerLights_TMR_1 *****************
 Defined at:
		line 1307 in file "../src/Dimmer_B1.c"
 Parameters:    Size  Location     Type
		None
 Auto vars:     Size  Location     Type
		None
 Return value:  Size  Location     Type
		None               void
 Registers used:
		wreg, status,2, status,0
 Tracked objects:
		On entry : 
		On exit  : 
		Unchanged: 
 Data sizes:     COMMON   BANK0   BANK1   BANK2   BANK3   BANK4   BANK5   BANK6   BANK7   BANK8   BANK9  BANK10  BANK11  BANK12
      Params:         0       0       0       0       0       0       0       0       0       0       0       0       0       0
      Locals:         0       0       0       0       0       0       0       0       0       0       0       0       0       0
      Temps:          1       0       0       0       0       0       0       0       0       0       0       0       0       0
      Totals:         1       0       0       0       0       0       0       0       0       0       0       0       0       0
Total ram usage:        1 bytes
 Hardware stack levels used:    1
 This function calls:
		Nothing
 This function is called by:
		_TMR1_ISR
 This function uses a non-reentrant model


 *************** function _IOC_ISR *****************
 Defined at:
		line 394 in file "../src/MCU_B1.c"
 Parameters:    Size  Location     Type
		None
 Auto vars:     Size  Location     Type
		None
 Return value:  Size  Location     Type
		None               void
 Registers used:
		wreg, status,2, status,0, pclath, cstack
 Tracked objects:
		On entry : 
		On exit  : 
		Unchanged: 
 Data sizes:     COMMON   BANK0   BANK1   BANK2   BANK3   BANK4   BANK5   BANK6   BANK7   BANK8   BANK9  BANK10  BANK11  BANK12
      Params:         0       0       0       0       0       0       0       0       0       0       0       0       0       0
      Locals:         0       0       0       0       0       0       0       0       0       0       0       0       0       0
      Temps:          0       0       0       0       0       0       0       0       0       0       0       0       0       0
      Totals:         0       0       0       0       0       0       0       0       0       0       0       0       0       0
Total ram usage:        0 bytes
 Hardware stack levels used:    1
 Hardware stack levels required when called:    2
 This function calls:
		_DimmerLights_IOC_1
 This function is called by:
		_ISR
 This function uses a non-reentrant model


 *************** function _DimmerLights_IOC_1 *****************
 Defined at:
		line 1374 in file "../src/Dimmer_B1.c"
 Parameters:    Size  Location     Type
		None
 Auto vars:     Size  Location     Type
		None
 Return value:  Size  Location     Type
		None               void
 Registers used:
		wreg, status,2, status,0, pclath, cstack
 Tracked objects:
		On entry : 
		On exit  : 
		Unchanged: 
 Data sizes:     COMMON   BANK0   BANK1   BANK2   BANK3   BANK4   BANK5   BANK6   BANK7   BANK8   BANK9  BANK10  BANK11  BANK12
      Params:         0       0       0       0       0       0       0       0       0       0       0       0       0       0
      Locals:         0       0       0       0       0       0       0       0       0       0       0       0       0       0
      Temps:          3       0       0       0       0       0       0       0       0       0       0       0       0       0
      Totals:         3       0       0       0       0       0       0       0       0       0       0       0       0       0
Total ram usage:        3 bytes
 Hardware stack levels used:    1
 Hardware stack levels required when called:    1
 This function calls:
		i1___awdiv
 This function is called by:
		_IOC_ISR
 This function uses a non-reentrant model


 *************** function i1___awdiv *****************
 Defined at:
		line 6 in file "C:\Program Files (x86)\Microchip\xc8\v1.32\sources\common\awdiv.c"
 Parameters:    Size  Location     Type
  divisor         2    0[COMMON] int 
  dividend        2    2[COMMON] int 
 Auto vars:     Size  Location     Type
  __awdiv         2    7[COMMON] int 
  __awdiv         1    6[COMMON] unsigned char 
  __awdiv         1    5[COMMON] unsigned char 
 Return value:  Size  Location     Type
                  2    0[COMMON] int 
 Registers used:
		wreg, status,2, status,0
 Tracked objects:
		On entry : 
		On exit  : 
		Unchanged: 
 Data sizes:     COMMON   BANK0   BANK1   BANK2   BANK3   BANK4   BANK5   BANK6   BANK7   BANK8   BANK9  BANK10  BANK11  BANK12
      Params:         4       0       0       0       0       0       0       0       0       0       0       0       0       0
      Locals:         4       0       0       0       0       0       0       0       0       0       0       0       0       0
      Temps:          1       0       0       0       0       0       0       0       0       0       0       0       0       0
      Totals:         9       0       0       0       0       0       0       0       0       0       0       0       0       0
Total ram usage:        9 bytes
 Hardware stack levels used:    1
 This function calls:
		Nothing
 This function is called by:
		_DimmerLights_IOC_1
 This function uses a non-reentrant model



MODULE INFORMATION

Module		Function		Class		Link	Load	Size
C:\Program Files (x86)\Microchip\xc8\v1.32\sources\common\float.c
		___ftpack      		CODE           	1671	0000	97

C:\Program Files (x86)\Microchip\xc8\v1.32\sources\common\float.c estimated size: 97

../src/OverLoad_B1.c
		_getLoad_AD    		CODE           	0B32	0000	114
		_getLoad_OK    		CODE           	1B8F	0000	8
		_Load_Initializ		CODE           	1B2C	0000	3
		_Load_Main     		CODE           	004C	0000	434
		_setLoad_AH_AL_		CODE           	1F68	0000	28

../src/OverLoad_B1.c estimated size: 587

C:\Program Files (x86)\Microchip\xc8\v1.32\sources\common\awtoft.c
		___awtoft      		CODE           	10A3	0000	34

C:\Program Files (x86)\Microchip\xc8\v1.32\sources\common\awtoft.c estimated size: 34

../src/MCU_B1.c
		_Fosc_Set      		CODE           	1B4B	0000	4
		_IO_Set        		CODE           	1EFD	0000	26
		_WDT_Set       		CODE           	1C63	0000	12
		_WDT_Main      		CODE           	1D63	0000	18
		_ADC_Set       		CODE           	1B81	0000	7
		_IOC_ISR       		CODE           	1BA7	0000	9
		_ISR           		CODE           	0004	0000	28
		_Flash_Memory_W		CODE           	1180	0000	47
		_Flash_Memory_M		CODE           	14C4	0000	82
		_IOC_Set       		CODE           	1BCC	0000	10
		_WDT_Clearing  		CODE           	0002	0000	2
		_setMemory_Modi		CODE           	1D9B	0000	19
		_Mcu_Initializa		CODE           	1D51	0000	18
		_setMemory_Data		CODE           	1C3F	0000	12
		_Flash_Memory_I		CODE           	0478	0000	238
		_getAD         		CODE           	1FE0	0000	32
		_TMR1_Set      		CODE           	1C57	0000	12
		_setMemory_Loop		CODE           	1DAE	0000	19
		_Flash_Memory_U		CODE           	1BB9	0000	9
		_Flash_Memory_R		CODE           	1EE3	0000	26
		_Flash_Memory_E		CODE           	1C4B	0000	12
		_TMR1_ISR      		CODE           	1FA2	0000	31
		_Flash_Memory_M		CODE           	124B	0000	54

../src/MCU_B1.c estimated size: 727

C:\Program Files (x86)\Microchip\xc8\v1.32\sources\common\ftmul.c
		___ftmul       		CODE           	0E91	0000	180

C:\Program Files (x86)\Microchip\xc8\v1.32\sources\common\ftmul.c estimated size: 180

../src/Buzzer_B1.c
		_Buzzer_Main   		CODE           	1429	0000	74
		_setBuz        		CODE           	15BD	0000	89
		_getBuz_GO     		CODE           	1CE8	0000	17
		_Buzzer_Initial		CODE           	1B29	0000	3

../src/Buzzer_B1.c estimated size: 183

../src/LED_B1.c
		_setLED        		CODE           	12F0	0000	57
		_LED_Main      		CODE           	1B47	0000	4
		_setLED_Initial		CODE           	1D3F	0000	18
		_LedPointSelect		CODE           	1C33	0000	12
		_setLED_Main   		CODE           	1281	0000	54
		_LED_Initializa		CODE           	1B43	0000	4

../src/LED_B1.c estimated size: 149

../src/OverTemperature_B1.c
		_Temp_Initializ		CODE           	1B35	0000	3
		_Temp_Main     		CODE           	1B38	0000	3
		_setTemp_Initia		CODE           	0800	0000	1
		_getTemp_AD    		CODE           	13A5	0000	64
		_setTemp_Main  		CODE           	0DE0	0000	177

../src/OverTemperature_B1.c estimated size: 248

../src/CC2500_B1.c
		_DelayTime_1us 		CODE           	1130	0000	38
		_CC2500_Frequen		CODE           	1C6F	0000	12
		_CC2500_SIDLEMo		CODE           	1B5B	0000	4
		_CC2500_PowerOn		CODE           	1DFD	0000	21
		_CC2500_WriteBy		CODE           	1ECA	0000	25
		_CC2500_RxData 		CODE           	0908	0000	107
		_CC2500_TxData 		CODE           	0973	0000	108
		_CC2500_ClearRX		CODE           	1B53	0000	4
		_CC2500_ClearTX		CODE           	1B57	0000	4
		_CC2500_InitPAT		CODE           	1FC1	0000	31
		_CC2500_WriteRE		CODE           	10E8	0000	35
		_CC2500_ReadSta		CODE           	110B	0000	37
		_CC2500_PowerRS		CODE           	13E5	0000	68
		_CC2500_ReadByt		CODE           	1066	0000	29
		_CC2500_InitSet		CODE           	1156	0000	42
		_CC2500_WriteCo		CODE           	1F17	0000	26

../src/CC2500_B1.c estimated size: 591

C:\Program Files (x86)\Microchip\xc8\v1.32\sources\common\fttol.c
		___fttol       		CODE           	0C24	0000	135

C:\Program Files (x86)\Microchip\xc8\v1.32\sources\common\fttol.c estimated size: 135

C:\Program Files (x86)\Microchip\xc8\v1.32\sources\common\lwdiv.c
		___lwdiv       		CODE           	0801	0000	55

C:\Program Files (x86)\Microchip\xc8\v1.32\sources\common\lwdiv.c estimated size: 55

../src/RF_Control_B1.c
		_RF_Initializat		CODE           	1B2F	0000	3
		_getRxData     		CODE           	0AC0	0000	114
		_setRF_Main    		CODE           	0566	0000	213
		_getRF_KeyStatu		CODE           	1CF9	0000	17
		_setRF_Initiali		CODE           	1BEC	0000	11
		_setTxData     		CODE           	0F45	0000	187
		_setRF_TimeoutC		CODE           	1B4F	0000	4
		_RF_Timeout_Cou		CODE           	1DE8	0000	21
		_setRFSW_Contro		CODE           	1365	0000	64
		_setRF_Learn   		CODE           	1DD4	0000	20
		_setRF_Transcei		CODE           	1D75	0000	19
		_RF_Main       		CODE           	1B32	0000	3
		_setRFSW_AdjCon		CODE           	0BA4	0000	128
		_setRF_DimmerLi		CODE           	179B	0000	101
		_setControl_Lig		CODE           	0A4E	0000	114
		_setLog_Code   		CODE           	11E2	0000	52
		_RF_RxDisable  		CODE           	1C96	0000	15

../src/RF_Control_B1.c estimated size: 1086

C:\Program Files (x86)\Microchip\xc8\v1.32\sources\common\awdiv.c
		___awdiv       		CODE           	1569	0000	84

C:\Program Files (x86)\Microchip\xc8\v1.32\sources\common\awdiv.c estimated size: 84

../src/Main_B1.c
		_Exception_Main		CODE           	063B	0000	213
		_my_MainTimer  		CODE           	1329	0000	60
		_setProductData		CODE           	1C0F	0000	12
		_main          		CODE           	1616	0000	91
		_Timeout_Counte		CODE           	1E12	0000	21
		_myMain_Initial		CODE           	1DC1	0000	19
		_getMain_All_Er		CODE           	11AF	0000	51
		_set_TimeoutCle		CODE           	1B63	0000	5
		_getCmd_Status 		CODE           	1D1B	0000	18
		_getMain_Lights		CODE           	1BE1	0000	11
		_getMain_All_Li		CODE           	1BC2	0000	10
		_setCmd_Status 		CODE           	1EB1	0000	25

../src/Main_B1.c estimated size: 536

C:\Program Files (x86)\Microchip\xc8\v1.32\sources\common\ftadd.c
		___ftadd       		CODE           	0382	0000	246

C:\Program Files (x86)\Microchip\xc8\v1.32\sources\common\ftadd.c estimated size: 246

C:\Program Files (x86)\Microchip\xc8\v1.32\sources\common\Umul16.c
		___wmul        		CODE           	1F84	0000	30

C:\Program Files (x86)\Microchip\xc8\v1.32\sources\common\Umul16.c estimated size: 30

C:\Program Files (x86)\Microchip\xc8\v1.32\sources\common\Umul8.c
		___bmul        		CODE           	1D2D	0000	18

C:\Program Files (x86)\Microchip\xc8\v1.32\sources\common\Umul8.c estimated size: 18

shared
		_CC2500_patable		STRCODE        	105E	0000	8
		i1___awdiv     		CODE           	1516	0000	83
		_CC2500_rfSetti		STRCODE        	102F	0000	47
		__initializatio		CODE           	0022	0000	38
		_CC2500_registe		STRCODE        	1000	0000	47

shared estimated size: 223

C:\Program Files (x86)\Microchip\xc8\v1.32\sources\common\ftneg.c
		___ftneg       		CODE           	1BB0	0000	9

C:\Program Files (x86)\Microchip\xc8\v1.32\sources\common\ftneg.c estimated size: 9

../src/Switch_B1.c
		_Switch_Main   		CODE           	1B88	0000	7
		_SwPointSelect 		CODE           	1C7B	0000	12
		_TouchPower    		CODE           	1E27	0000	21
		_setSw_Main    		CODE           	01FE	0000	388
		_getSw_KeyStatu		CODE           	1D0A	0000	17
		_setSw_Initiali		CODE           	1CA5	0000	16
		_Switch_Initial		CODE           	1B5F	0000	4

../src/Switch_B1.c estimated size: 465

../src/Dimmer_B1.c
		_getDimmerLight		CODE           	1CB5	0000	17
		_DimmerLights_S		CODE           	1C03	0000	12
		_setDimmerLight		CODE           	12B7	0000	57
		_setDimmerIntr_		CODE           	1E80	0000	24
		_DimmerLights_M		CODE           	1F4C	0000	28
		_setDimmerLight		CODE           	1216	0000	53
		_DimmerIntr_Ini		CODE           	1E98	0000	25
		_getDimmerIntr_		CODE           	1C87	0000	15
		_getAll_DimmerI		CODE           	1D88	0000	19
		_getDimmerLight		CODE           	1BD6	0000	11
		_setDimmerIntr_		CODE           	1C1B	0000	12
		_setDimmerIntr_		CODE           	1C27	0000	12
		_setDimmerLight		CODE           	1CC6	0000	17
		_getDimmerLight		CODE           	1736	0000	101
		_getDimmerLight		CODE           	0838	0000	101
		_getDimmer_Load		CODE           	1B97	0000	8
		_setDimmerLight		CODE           	1B28	0000	1
		_setDimmerLight		CODE           	1473	0000	81
		_setDimmerLight		CODE           	07D8	0000	40
		_setDimmerLight		CODE           	1F31	0000	27
		_DimmerLights_I		CODE           	1B7A	0000	7
		_getDimmer_Load		CODE           	1B9F	0000	8
		_setDimmerLight		CODE           	089D	0000	107
		_setDimmerIntr_		CODE           	1E52	0000	22
		_DimmerLights_I		CODE           	10C5	0000	35
		_getDimmerLight		CODE           	1E3C	0000	22
		_setDimmerLight		CODE           	0710	0000	200
		_DimmerLights_T		CODE           	16D2	0000	100
		_setDimmerIntr_		CODE           	1E68	0000	24

../src/Dimmer_B1.c estimated size: 1186

../src/DelayOff_B1.c
		_DelayOff_Initi		CODE           	1B3B	0000	4
		_DlyOff_Main   		CODE           	09DF	0000	111
		_DelayOff_Main 		CODE           	1B3F	0000	4
		_DelayOffPointS		CODE           	1BF7	0000	12
		_getDelayOff_GO		CODE           	1CD7	0000	17
		_setDelayOff_GO		CODE           	0CAB	0000	140
		_DlyOff_Initial		CODE           	1B68	0000	6

../src/DelayOff_B1.c estimated size: 294

C:\Program Files (x86)\Microchip\xc8\v1.32\sources\pic\ftdiv.c
		___ftdiv       		CODE           	0D37	0000	169

C:\Program Files (x86)\Microchip\xc8\v1.32\sources\pic\ftdiv.c estimated size: 169

