Microchip MPLAB XC8 Compiler V1.32 ()

Linker command line:

--edf=C:\Program Files (x86)\Microchip\xc8\v1.32\dat\en_msgs.txt -cs \
  -h+dist/default/production\1-8-1.Switch_1Key_Dimmer_MOSFET.X.production.sym \
  --cmf=dist/default/production\1-8-1.Switch_1Key_Dimmer_MOSFET.X.production.cmf \
  -z -Q16F1518 -oC:\Users\taianluo\AppData\Local\Temp\s2dg.6 \
  -Mdist/default/production/1-8-1.Switch_1Key_Dimmer_MOSFET.X.production.map \
  -E1 -ver=XC8 -ASTACK=02164h-0231fh -pstack=STACK -ACONST=00h-0FFhx64 \
  -ACODE=00h-07FFhx8 -ASTRCODE=00h-03FFFh -AENTRY=00h-0FFhx64 \
  -ASTRING=00h-0FFhx64 -ACOMMON=070h-07Fh -ABANK0=020h-06Fh \
  -ABANK1=0A0h-0EFh -ABANK2=0120h-016Fh -ABANK3=01A0h-01EFh \
  -ABANK4=0220h-026Fh -ABANK5=02A0h-02EFh -ABANK6=0320h-036Fh \
  -ABANK7=03A0h-03EFh -ABANK8=0420h-046Fh -ABANK9=04A0h-04EFh \
  -ABANK10=0520h-056Fh -ABANK11=05A0h-05EFh -ABANK12=0620h-064Fh \
  -ABIGRAM=02000h-023EFh \
  -ARAM=020h-06Fh,0A0h-0EFh,0120h-016Fh,01A0h-01EFh,0220h-026Fh,02A0h-02EFh,0320h-036Fh,03A0h-03EFh,0420h-046Fh,04A0h-04EFh,0520h-056Fh,05A0h-05EFh,0620h-064Fh \
  -AABS1=020h-07Fh,0A0h-0EFh,0120h-016Fh,01A0h-01EFh,0220h-026Fh,02A0h-02EFh,0320h-036Fh,03A0h-03EFh,0420h-046Fh,04A0h-04EFh,0520h-056Fh,05A0h-05EFh,0620h-064Fh \
  -ASFR0=00h-01Fh -ASFR1=080h-09Fh -ASFR2=0100h-011Fh -ASFR3=0180h-019Fh \
  -ASFR4=0200h-021Fh -ASFR5=0280h-029Fh -ASFR6=0300h-031Fh \
  -ASFR7=0380h-039Fh -ASFR8=0400h-041Fh -ASFR9=0480h-049Fh \
  -ASFR10=0500h-051Fh -ASFR11=0580h-059Fh -ASFR12=0600h-061Fh \
  -ASFR13=0680h-06EFh -ASFR14=0700h-076Fh -ASFR15=0780h-07EFh \
  -ASFR16=0800h-086Fh -ASFR17=0880h-08EFh -ASFR18=0900h-096Fh \
  -ASFR19=0980h-09EFh -ASFR20=0A00h-0A6Fh -ASFR21=0A80h-0AEFh \
  -ASFR22=0B00h-0B6Fh -ASFR23=0B80h-0BEFh -ASFR24=0C00h-0C6Fh \
  -ASFR25=0C80h-0CEFh -ASFR26=0D00h-0D6Fh -ASFR27=0D80h-0DEFh \
  -ASFR28=0E00h-0E6Fh -ASFR29=0E80h-0EEFh -ASFR30=0F00h-0F6Fh \
  -ASFR31=0F80h-0FEFh -preset_vec=00h,intentry=04h,init,end_init \
  -ppowerup=CODE -pcinit=CODE -pfunctab=CODE -ACONFIG=08007h-08008h \
  -pconfig=CONFIG -DCONFIG=2 -AIDLOC=08000h-08003h -pidloc=IDLOC -DIDLOC=2 \
  -DCODE=2 -DSTRCODE=2 -DSTRING=2 -DCONST=2 -DENTRY=2 -k \
  C:\Users\taianluo\AppData\Local\Temp\s2dg.obj \
  dist/default/production\1-8-1.Switch_1Key_Dimmer_MOSFET.X.production.obj 

Object code version is 3.11

Machine type is 16F1518



                Name                               Link     Load   Length Selector   Space Scale
C:\Users\taianluo\AppData\Local\Temp\s2dg.obj
                end_init                             13       13        2        8       0
                reset_vec                             0        0        2        0       0
                config                             8007     8007        2    1000E       0
dist/default/production\1-8-1.Switch_1Key_Dimmer_MOSFET.X.production.obj
                cinit                                15       15       2B        8       0
                intentry                              4        4        F        8       0
                text133                            1CD1     1CD1        B     39A2       0
                text132                            12CE     12CE       36     259C       0
                text131                            1C48     1C48        4     3890       0
                text130                            1D8F     1D8F        F     3B1E       0
                text129                            1CBD     1CBD        A     397A       0
                text128                             334      334       FA        8       0
                text127                            10B4     10B4       25     2168       0
                text125                            1C39     1C39        3     3872       0
                text124                            151C     151C       4A     2A38       0
                text123                            1EF9     1EF9       19     3DF2       0
                text122                            1EA2     1EA2       15     3D44       0
                text121                            1C78     1C78        5     38F0       0
                text120                            1F12     1F12       1A     3E24       0
                text119                            1C4C     1C4C        4     3898       0
                text118                            1C50     1C50        4     38A0       0
                text117                            10FE     10FE       26     21FC       0
                text116                            1D13     1D13        C     3A26       0
                text115                            106E     106E       23     20DC       0
                text114                            1F7F     1F7F       1F     3EFE       0
                text113                            1124     1124       2A     2248       0
                text112                            14D8     14D8       44     29B0       0
                text111                            1C54     1C54        4     38A8       0
                text110                            1EB7     1EB7       15     3D6E       0
                text109                            1D1F     1D1F        C     3A3E       0
                text108                            1C82     1C82        6     3904       0
                text107                            1C58     1C58        4     38B0       0
                text106                            16A3     16A3       54     2D46       0
                text105                            17A7     17A7       59     2F4E       0
                text104                            1CDC     1CDC        B     39B8       0
                text103                            1DDC     1DDC       11     3BB8       0
                text102                            1DED     1DED       11     3BDA       0
                text101                            1E20     1E20       12     3C40       0
                text100                            114E     114E       2A     229C       0
                text99                             1D73     1D73        E     3AE6       0
                text98                             16F7     16F7       58     2DEE       0
                text97                             174F     174F       58     2E9E       0
                text96                              91E      91E       5C     123C       0
                text95                              A3A      A3A       64     1474       0
                text94                             1C5C     1C5C        4     38B8       0
                text93                             1201     1201       31     2402       0
                text92                             1CC7     1CC7        A     398E       0
                text91                             1C60     1C60        4     38C0       0
                text90                             1D2B     1D2B        C     3A56       0
                text89                             1D37     1D37        C     3A6E       0
                text88                             13A7     13A7       39     274E       0
                text87                              9D9      9D9       61     13B2       0
                text86                             1FDE     1FDE       22     3FBC       0
                text85                              42E      42E       F6        8       0
                text84                              DFA      DFA       A9     1BF4       0
                text83                             1CA2     1CA2        9     3944       0
                text82                              C4D      C4D       87     189A       0
                text81                              B02      B02       65     1604       0
                text80                              811      811       59     1022       0
                text79                              D5F      D5F       9B     1ABE       0
                text78                              86A      86A       59     10D4       0
                text77                             1603     1603       50     2C06       0
                text76                             1653     1653       50     2CA6       0
                text75                             1C64     1C64        4     38C8       0
                text74                             1CE7     1CE7        B     39CE       0
                text73                             1232     1232       33     2464       0
                text72                             1178     1178       2B     22F0       0
                text71                              EA3      EA3       AD     1D46       0
                text70                             1F2C     1F2C       1A     3E58       0
                text69                             1CAB     1CAB        9     3956       0
                text68                             11A3     11A3       2F     2346       0
                text67                             1D43     1D43        C     3A86       0
                text66                              524      524       DC        8       0
                text65                             1D4F     1D4F        C     3A9E       0
                text64                             1566     1566       4E     2ACC       0
                text63                             1304     1304       36     2608       0
                text62                             1E32     1E32       12     3C64       0
                text61                             1C68     1C68        4     38D0       0
                text60                             133A     133A       36     2674       0
                text59                             1C6C     1C6C        4     38D8       0
                text58                             1F46     1F46       1C     3E8C       0
                text57                             1C7D     1C7D        5     38FA       0
                text56                             1370     1370       37     26E0       0
                text55                             1C70     1C70        4     38E0       0
                text54                             1DBC     1DBC       10     3B78       0
                text53                             1066     1066        8     20CC       0
                text52                             1D81     1D81        E     3B02       0
                text51                               40       40      181        8       0
                text50                             1C94     1C94        7     3928       0
                text49                             1C74     1C74        4     38E8       0
                text48                             1D5B     1D5B        C     3AB6       0
                text47                             1EE1     1EE1       18     3DC2       0
                text46                             1D67     1D67        C     3ACE       0
                text45                             1CF2     1CF2        B     39E4       0
                text44                             1E44     1E44       12     3C88       0
                text43                             1CFD     1CFD        B     39FA       0
                text42                             1C3C     1C3C        3     3878       0
                text41                             1F62     1F62       1D     3EC4       0
                text40                             10D9     10D9       25     21B2       0
                text39                              78F      78F       6F        8       0
                text38                              A9E      A9E       64     153C       0
                text37                             1D9E     1D9E        F     3B3C       0
                text36                             1DFE     1DFE       11     3BFC       0
                text35                             1E0F     1E0F       11     3C1E       0
                text34                             1E68     1E68       13     3CD0       0
                text33                              6DB      6DB       B4        8       0
                text32                              B67      B67       65     16CE       0
                text31                             1091     1091       23     2122       0
                text30                             11D2     11D2       2F     23A4       0
                text29                             141C     141C       3E     2838       0
                text28                             1498     1498       40     2930       0
                text27                             15B4     15B4       4F     2B68       0
                text26                              97A      97A       5F     12F4       0
                text25                             1E7B     1E7B       13     3CF6       0
                text24                             1265     1265       34     24CA       0
                text23                              CD4      CD4       8B     19A8       0
                text22                              600      600       DB        8       0
                text21                             1C3F     1C3F        3     387E       0
                text20                             1ECC     1ECC       15     3D98       0
                text19                             1DCC     1DCC       10     3B98       0
                text18                             1CB4     1CB4        9     3968       0
                text17                             1D08     1D08        B     3A10       0
                text16                              800      800       11     1000       0
                text15                             1299     1299       35     2532       0
                text14                             1E8E     1E8E       14     3D1C       0
                text13                              1C1      1C1      173        8       0
                text12                             1C9B     1C9B        7     3936       0
                text11                                3        3        1        6       0
                text10                             1C42     1C42        3     3884       0
                text9                               F50      F50       B0     1EA0       0
                text8                              1C45     1C45        3     388A       0
                text7                               7FE      7FE        2        8       0
                text6                              1E56     1E56       12     3CAC       0
                text5                              1F9E     1F9E       20     3F3C       0
                text4                               BCC      BCC       81     1798       0
                text3                              145A     145A       3E     28B4       0
                text2                              1DAD     1DAD        F     3B5A       0
                text1                              13E0     13E0       3C     27C0       0
                maintext                            8C3      8C3       5B     1186       0
                cstackBANK0                          20       20       50       20       1
                cstackCOMMON                         70       70        5       70       1
                cstackBANK1                          E9       E9        6       A0       1
                cstackBANK3                         1EC      1EC        3      1A0       1
                cstackBANK4                         240      240        4      220       1
                inittext                           1C88     1C88        6     3910       0
                clrtext                            1C8E     1C8E        6     391C       0
                dataBANK4                           220      220       20      220       1
                bssBANK3                            1A0      1A0       4C      1A0       1
                bssBANK2                            120      120       4E      120       1
                bssBANK1                             A0       A0       49       A0       1
                bssCOMMON                            75       75        3       70       1
                bitbssCOMMON                        3C0       78        2       70       1     8
                nvCOMMON                             79       79        1       70       1
                stringtext                         1000     1000       66       20       0
                idataBANK4                         1FBE     1FBE       20     3F7C       0

TOTAL           Name                               Link     Load   Length     Space
        CLASS   STACK          

        CLASS   CONST          

        CLASS   CODE           
                end_init                             13       13        2         0
                cinit                                15       15       2B         0
                intentry                              4        4        F         0
                reset_vec                             0        0        2         0
                text133                            1CD1     1CD1        B         0
                text132                            12CE     12CE       36         0
                text131                            1C48     1C48        4         0
                text130                            1D8F     1D8F        F         0
                text129                            1CBD     1CBD        A         0
                text128                             334      334       FA         0
                text127                            10B4     10B4       25         0
                text125                            1C39     1C39        3         0
                text124                            151C     151C       4A         0
                text123                            1EF9     1EF9       19         0
                text122                            1EA2     1EA2       15         0
                text121                            1C78     1C78        5         0
                text120                            1F12     1F12       1A         0
                text119                            1C4C     1C4C        4         0
                text118                            1C50     1C50        4         0
                text117                            10FE     10FE       26         0
                text116                            1D13     1D13        C         0
                text115                            106E     106E       23         0
                text114                            1F7F     1F7F       1F         0
                text113                            1124     1124       2A         0
                text112                            14D8     14D8       44         0
                text111                            1C54     1C54        4         0
                text110                            1EB7     1EB7       15         0
                text109                            1D1F     1D1F        C         0
                text108                            1C82     1C82        6         0
                text107                            1C58     1C58        4         0
                text106                            16A3     16A3       54         0
                text105                            17A7     17A7       59         0
                text104                            1CDC     1CDC        B         0
                text103                            1DDC     1DDC       11         0
                text102                            1DED     1DED       11         0
                text101                            1E20     1E20       12         0
                text100                            114E     114E       2A         0
                text99                             1D73     1D73        E         0
                text98                             16F7     16F7       58         0
                text97                             174F     174F       58         0
                text96                              91E      91E       5C         0
                text95                              A3A      A3A       64         0
                text94                             1C5C     1C5C        4         0
                text93                             1201     1201       31         0
                text92                             1CC7     1CC7        A         0
                text91                             1C60     1C60        4         0
                text90                             1D2B     1D2B        C         0
                text89                             1D37     1D37        C         0
                text88                             13A7     13A7       39         0
                text87                              9D9      9D9       61         0
                text86                             1FDE     1FDE       22         0
                text85                              42E      42E       F6         0
                text84                              DFA      DFA       A9         0
                text83                             1CA2     1CA2        9         0
                text82                              C4D      C4D       87         0
                text81                              B02      B02       65         0
                text80                              811      811       59         0
                text79                              D5F      D5F       9B         0
                text78                              86A      86A       59         0
                text77                             1603     1603       50         0
                text76                             1653     1653       50         0
                text75                             1C64     1C64        4         0
                text74                             1CE7     1CE7        B         0
                text73                             1232     1232       33         0
                text72                             1178     1178       2B         0
                text71                              EA3      EA3       AD         0
                text70                             1F2C     1F2C       1A         0
                text69                             1CAB     1CAB        9         0
                text68                             11A3     11A3       2F         0
                text67                             1D43     1D43        C         0
                text66                              524      524       DC         0
                text65                             1D4F     1D4F        C         0
                text64                             1566     1566       4E         0
                text63                             1304     1304       36         0
                text62                             1E32     1E32       12         0
                text61                             1C68     1C68        4         0
                text60                             133A     133A       36         0
                text59                             1C6C     1C6C        4         0
                text58                             1F46     1F46       1C         0
                text57                             1C7D     1C7D        5         0
                text56                             1370     1370       37         0
                text55                             1C70     1C70        4         0
                text54                             1DBC     1DBC       10         0
                text53                             1066     1066        8         0
                text52                             1D81     1D81        E         0
                text51                               40       40      181         0
                text50                             1C94     1C94        7         0
                text49                             1C74     1C74        4         0
                text48                             1D5B     1D5B        C         0
                text47                             1EE1     1EE1       18         0
                text46                             1D67     1D67        C         0
                text45                             1CF2     1CF2        B         0
                text44                             1E44     1E44       12         0
                text43                             1CFD     1CFD        B         0
                text42                             1C3C     1C3C        3         0
                text41                             1F62     1F62       1D         0
                text40                             10D9     10D9       25         0
                text39                              78F      78F       6F         0
                text38                              A9E      A9E       64         0
                text37                             1D9E     1D9E        F         0
                text36                             1DFE     1DFE       11         0
                text35                             1E0F     1E0F       11         0
                text34                             1E68     1E68       13         0
                text33                              6DB      6DB       B4         0
                text32                              B67      B67       65         0
                text31                             1091     1091       23         0
                text30                             11D2     11D2       2F         0
                text29                             141C     141C       3E         0
                text28                             1498     1498       40         0
                text27                             15B4     15B4       4F         0
                text26                              97A      97A       5F         0
                text25                             1E7B     1E7B       13         0
                text24                             1265     1265       34         0
                text23                              CD4      CD4       8B         0
                text22                              600      600       DB         0
                text21                             1C3F     1C3F        3         0
                text20                             1ECC     1ECC       15         0
                text19                             1DCC     1DCC       10         0
                text18                             1CB4     1CB4        9         0
                text17                             1D08     1D08        B         0
                text16                              800      800       11         0
                text15                             1299     1299       35         0
                text14                             1E8E     1E8E       14         0
                text13                              1C1      1C1      173         0
                text12                             1C9B     1C9B        7         0
                text11                                3        3        1         0
                text10                             1C42     1C42        3         0
                text9                               F50      F50       B0         0
                text8                              1C45     1C45        3         0
                text7                               7FE      7FE        2         0
                text6                              1E56     1E56       12         0
                text5                              1F9E     1F9E       20         0
                text4                               BCC      BCC       81         0
                text3                              145A     145A       3E         0
                text2                              1DAD     1DAD        F         0
                text1                              13E0     13E0       3C         0
                maintext                            8C3      8C3       5B         0
                inittext                           1C88     1C88        6         0
                clrtext                            1C8E     1C8E        6         0
                idataBANK4                         1FBE     1FBE       20         0

        CLASS   STRCODE        
                stringtext                         1000     1000       66         0

        CLASS   ENTRY          

        CLASS   STRING         

        CLASS   COMMON         
                cstackCOMMON                         70       70        5         1
                bssCOMMON                            75       75        3         1
                bitbssCOMMON                        3C0       78        2         1
                nvCOMMON                             79       79        1         1

        CLASS   BANK0          
                cstackBANK0                          20       20       50         1

        CLASS   BANK1          
                cstackBANK1                          E9       E9        6         1
                bssBANK1                             A0       A0       49         1

        CLASS   BANK2          
                bssBANK2                            120      120       4E         1

        CLASS   BANK3          
                cstackBANK3                         1EC      1EC        3         1
                bssBANK3                            1A0      1A0       4C         1

        CLASS   BANK4          
                cstackBANK4                         240      240        4         1
                dataBANK4                           220      220       20         1

        CLASS   BANK5          

        CLASS   BANK6          

        CLASS   BANK7          

        CLASS   BANK8          

        CLASS   BANK9          

        CLASS   BANK10         

        CLASS   BANK11         

        CLASS   BANK12         

        CLASS   BIGRAM         

        CLASS   RAM            

        CLASS   ABS1           
                abs_s1                               7E       7E        2         1

        CLASS   SFR0           

        CLASS   SFR1           

        CLASS   SFR2           

        CLASS   SFR3           

        CLASS   SFR4           

        CLASS   SFR5           

        CLASS   SFR6           

        CLASS   SFR7           

        CLASS   SFR8           

        CLASS   SFR9           

        CLASS   SFR10          

        CLASS   SFR11          

        CLASS   SFR12          

        CLASS   SFR13          

        CLASS   SFR14          

        CLASS   SFR15          

        CLASS   SFR16          

        CLASS   SFR17          

        CLASS   SFR18          

        CLASS   SFR19          

        CLASS   SFR20          

        CLASS   SFR21          

        CLASS   SFR22          

        CLASS   SFR23          

        CLASS   SFR24          

        CLASS   SFR25          

        CLASS   SFR26          

        CLASS   SFR27          

        CLASS   SFR28          

        CLASS   SFR29          

        CLASS   SFR30          

        CLASS   SFR31          

        CLASS   CONFIG         
                config                             8007     8007        2         0

        CLASS   IDLOC          

        CLASS   BANK31         

        CLASS   BANK30         

        CLASS   BANK29         

        CLASS   BANK28         

        CLASS   BANK27         

        CLASS   BANK26         

        CLASS   BANK25         

        CLASS   BANK24         

        CLASS   BANK23         

        CLASS   BANK22         

        CLASS   BANK21         

        CLASS   BANK20         

        CLASS   BANK19         

        CLASS   BANK18         

        CLASS   BANK17         

        CLASS   BANK16         

        CLASS   BANK15         

        CLASS   BANK14         

        CLASS   BANK13         

        CLASS   EEDATA         



SEGMENTS        Name                           Load    Length   Top    Selector   Space  Class     Delta

                reset_vec                      000000  000002  000002         0       0  CODE        2
                text11                         000003  000001  000004         6       0  CODE        2
                intentry                       000004  0007FC  000800         8       0  CODE        2
                cstackBANK0                    000020  000050  000070        20       1  BANK0       1
                cstackCOMMON                   000070  00000A  00007A        70       1  COMMON      1
                bssBANK1                       0000A0  00004F  0000EF        A0       1  BANK1       1
                bssBANK2                       000120  00004E  00016E       120       1  BANK2       1
                bssBANK3                       0001A0  00004F  0001EF       1A0       1  BANK3       1
                dataBANK4                      000220  000024  000244       220       1  BANK4       1
                text16                         000800  000011  000811      1000       0  CODE        2
                text80                         000811  000059  00086A      1022       0  CODE        2
                text78                         00086A  000059  0008C3      10D4       0  CODE        2
                maintext                       0008C3  00005B  00091E      1186       0  CODE        2
                text96                         00091E  00005C  00097A      123C       0  CODE        2
                text26                         00097A  00005F  0009D9      12F4       0  CODE        2
                text87                         0009D9  000061  000A3A      13B2       0  CODE        2
                text95                         000A3A  000064  000A9E      1474       0  CODE        2
                text38                         000A9E  000064  000B02      153C       0  CODE        2
                text81                         000B02  000065  000B67      1604       0  CODE        2
                text32                         000B67  000065  000BCC      16CE       0  CODE        2
                text4                          000BCC  000081  000C4D      1798       0  CODE        2
                text82                         000C4D  000087  000CD4      189A       0  CODE        2
                text23                         000CD4  00008B  000D5F      19A8       0  CODE        2
                text79                         000D5F  00009B  000DFA      1ABE       0  CODE        2
                text84                         000DFA  0000A9  000EA3      1BF4       0  CODE        2
                text71                         000EA3  0000AD  000F50      1D46       0  CODE        2
                text9                          000F50  0000B0  001000      1EA0       0  CODE        2
                stringtext                     001000  000066  001066        20       0  STRCODE     2
                text53                         001066  000008  00106E      20CC       0  CODE        2
                text115                        00106E  000023  001091      20DC       0  CODE        2
                text31                         001091  000023  0010B4      2122       0  CODE        2
                text127                        0010B4  000025  0010D9      2168       0  CODE        2
                text40                         0010D9  000025  0010FE      21B2       0  CODE        2
                text117                        0010FE  000026  001124      21FC       0  CODE        2
                text113                        001124  00002A  00114E      2248       0  CODE        2
                text100                        00114E  00002A  001178      229C       0  CODE        2
                text72                         001178  00002B  0011A3      22F0       0  CODE        2
                text68                         0011A3  00002F  0011D2      2346       0  CODE        2
                text30                         0011D2  00002F  001201      23A4       0  CODE        2
                text93                         001201  000031  001232      2402       0  CODE        2
                text73                         001232  000033  001265      2464       0  CODE        2
                text24                         001265  000034  001299      24CA       0  CODE        2
                text15                         001299  000035  0012CE      2532       0  CODE        2
                text132                        0012CE  000036  001304      259C       0  CODE        2
                text63                         001304  000036  00133A      2608       0  CODE        2
                text60                         00133A  000036  001370      2674       0  CODE        2
                text56                         001370  000037  0013A7      26E0       0  CODE        2
                text88                         0013A7  000039  0013E0      274E       0  CODE        2
                text1                          0013E0  00003C  00141C      27C0       0  CODE        2
                text29                         00141C  00003E  00145A      2838       0  CODE        2
                text3                          00145A  00003E  001498      28B4       0  CODE        2
                text28                         001498  000040  0014D8      2930       0  CODE        2
                text112                        0014D8  000044  00151C      29B0       0  CODE        2
                text124                        00151C  00004A  001566      2A38       0  CODE        2
                text64                         001566  00004E  0015B4      2ACC       0  CODE        2
                text27                         0015B4  00004F  001603      2B68       0  CODE        2
                text77                         001603  000050  001653      2C06       0  CODE        2
                text76                         001653  000050  0016A3      2CA6       0  CODE        2
                text106                        0016A3  000054  0016F7      2D46       0  CODE        2
                text98                         0016F7  000058  00174F      2DEE       0  CODE        2
                text97                         00174F  000058  0017A7      2E9E       0  CODE        2
                text105                        0017A7  000059  001800      2F4E       0  CODE        2
                text125                        001C39  000003  001C3C      3872       0  CODE        2
                text42                         001C3C  000003  001C3F      3878       0  CODE        2
                text21                         001C3F  000003  001C42      387E       0  CODE        2
                text10                         001C42  000003  001C45      3884       0  CODE        2
                text8                          001C45  000003  001C48      388A       0  CODE        2
                text131                        001C48  000004  001C4C      3890       0  CODE        2
                text119                        001C4C  000004  001C50      3898       0  CODE        2
                text118                        001C50  000004  001C54      38A0       0  CODE        2
                text111                        001C54  000004  001C58      38A8       0  CODE        2
                text107                        001C58  000004  001C5C      38B0       0  CODE        2
                text94                         001C5C  000004  001C60      38B8       0  CODE        2
                text91                         001C60  000004  001C64      38C0       0  CODE        2
                text75                         001C64  000004  001C68      38C8       0  CODE        2
                text61                         001C68  000004  001C6C      38D0       0  CODE        2
                text59                         001C6C  000004  001C70      38D8       0  CODE        2
                text55                         001C70  000004  001C74      38E0       0  CODE        2
                text49                         001C74  000004  001C78      38E8       0  CODE        2
                text121                        001C78  000005  001C7D      38F0       0  CODE        2
                text57                         001C7D  000005  001C82      38FA       0  CODE        2
                text108                        001C82  000006  001C88      3904       0  CODE        2
                inittext                       001C88  000006  001C8E      3910       0  CODE        2
                clrtext                        001C8E  000006  001C94      391C       0  CODE        2
                text50                         001C94  000007  001C9B      3928       0  CODE        2
                text12                         001C9B  000007  001CA2      3936       0  CODE        2
                text83                         001CA2  000009  001CAB      3944       0  CODE        2
                text69                         001CAB  000009  001CB4      3956       0  CODE        2
                text18                         001CB4  000009  001CBD      3968       0  CODE        2
                text129                        001CBD  00000A  001CC7      397A       0  CODE        2
                text92                         001CC7  00000A  001CD1      398E       0  CODE        2
                text133                        001CD1  00000B  001CDC      39A2       0  CODE        2
                text104                        001CDC  00000B  001CE7      39B8       0  CODE        2
                text74                         001CE7  00000B  001CF2      39CE       0  CODE        2
                text45                         001CF2  00000B  001CFD      39E4       0  CODE        2
                text43                         001CFD  00000B  001D08      39FA       0  CODE        2
                text17                         001D08  00000B  001D13      3A10       0  CODE        2
                text116                        001D13  00000C  001D1F      3A26       0  CODE        2
                text109                        001D1F  00000C  001D2B      3A3E       0  CODE        2
                text90                         001D2B  00000C  001D37      3A56       0  CODE        2
                text89                         001D37  00000C  001D43      3A6E       0  CODE        2
                text67                         001D43  00000C  001D4F      3A86       0  CODE        2
                text65                         001D4F  00000C  001D5B      3A9E       0  CODE        2
                text48                         001D5B  00000C  001D67      3AB6       0  CODE        2
                text46                         001D67  00000C  001D73      3ACE       0  CODE        2
                text99                         001D73  00000E  001D81      3AE6       0  CODE        2
                text52                         001D81  00000E  001D8F      3B02       0  CODE        2
                text130                        001D8F  00000F  001D9E      3B1E       0  CODE        2
                text37                         001D9E  00000F  001DAD      3B3C       0  CODE        2
                text2                          001DAD  00000F  001DBC      3B5A       0  CODE        2
                text54                         001DBC  000010  001DCC      3B78       0  CODE        2
                text19                         001DCC  000010  001DDC      3B98       0  CODE        2
                text103                        001DDC  000011  001DED      3BB8       0  CODE        2
                text102                        001DED  000011  001DFE      3BDA       0  CODE        2
                text36                         001DFE  000011  001E0F      3BFC       0  CODE        2
                text35                         001E0F  000011  001E20      3C1E       0  CODE        2
                text101                        001E20  000012  001E32      3C40       0  CODE        2
                text62                         001E32  000012  001E44      3C64       0  CODE        2
                text44                         001E44  000012  001E56      3C88       0  CODE        2
                text6                          001E56  000012  001E68      3CAC       0  CODE        2
                text34                         001E68  000013  001E7B      3CD0       0  CODE        2
                text25                         001E7B  000013  001E8E      3CF6       0  CODE        2
                text14                         001E8E  000014  001EA2      3D1C       0  CODE        2
                text122                        001EA2  000015  001EB7      3D44       0  CODE        2
                text110                        001EB7  000015  001ECC      3D6E       0  CODE        2
                text20                         001ECC  000015  001EE1      3D98       0  CODE        2
                text47                         001EE1  000018  001EF9      3DC2       0  CODE        2
                text123                        001EF9  000019  001F12      3DF2       0  CODE        2
                text120                        001F12  00001A  001F2C      3E24       0  CODE        2
                text70                         001F2C  00001A  001F46      3E58       0  CODE        2
                text58                         001F46  00001C  001F62      3E8C       0  CODE        2
                text41                         001F62  00001D  001F7F      3EC4       0  CODE        2
                text114                        001F7F  00001F  001F9E      3EFE       0  CODE        2
                text5                          001F9E  000020  001FBE      3F3C       0  CODE        2
                idataBANK4                     001FBE  000020  001FDE      3F7C       0  CODE        2
                text86                         001FDE  000022  002000      3FBC       0  CODE        2
                config                         008007  000002  008009     1000E       0  CONFIG      2


UNUSED ADDRESS RANGES

        Name                Unused          Largest block    Delta
        BANK1            000EF-000EF               1           1
        BANK10           00520-0056F              50           1
        BANK11           005A0-005EF              50           1
        BANK12           00620-0064F              30           1
        BANK2            0016E-0016F               2           1
        BANK3            001EF-001EF               1           1
        BANK4            00244-0026F              2C           1
        BANK5            002A0-002EF              50           1
        BANK6            00320-0036F              50           1
        BANK7            003A0-003EF              50           1
        BANK8            00420-0046F              50           1
        BANK9            004A0-004EF              50           1
        BIGRAM           02000-023EF             3F0           1
        CODE             00002-00002               1           2
                         01800-01C38             439
                         02000-03FFF             800
        COMMON           0007A-0007D               4           1
        CONST            00002-00002               1           2
                         01800-01C38             100
                         02000-03FFF             100
        ENTRY            00002-00002               1           2
                         01800-01C38             100
                         02000-03FFF             100
        IDLOC            08000-08003               4           2
        RAM              000EF-000EF               1           1
                         0016E-0016F               2
                         001EF-001EF               1
                         00244-0026F              2C
                         002A0-002EF              50
                         00320-0036F              50
                         003A0-003EF              50
                         00420-0046F              50
                         004A0-004EF              50
                         00520-0056F              50
                         005A0-005EF              50
                         00620-0064F              30
        SFR0             00000-0001F              20           1
        SFR1             00080-0009F              20           1
        SFR10            00500-0051F              20           1
        SFR11            00580-0059F              20           1
        SFR12            00600-0061F              20           1
        SFR13            00680-006EF              70           1
        SFR14            00700-0076F              70           1
        SFR15            00780-007EF              70           1
        SFR16            00800-0086F              70           1
        SFR17            00880-008EF              70           1
        SFR18            00900-0096F              70           1
        SFR19            00980-009EF              70           1
        SFR2             00100-0011F              20           1
        SFR20            00A00-00A6F              70           1
        SFR21            00A80-00AEF              70           1
        SFR22            00B00-00B6F              70           1
        SFR23            00B80-00BEF              70           1
        SFR24            00C00-00C6F              70           1
        SFR25            00C80-00CEF              70           1
        SFR26            00D00-00D6F              70           1
        SFR27            00D80-00DEF              70           1
        SFR28            00E00-00E6F              70           1
        SFR29            00E80-00EEF              70           1
        SFR3             00180-0019F              20           1
        SFR30            00F00-00F6F              70           1
        SFR31            00F80-00FEF              70           1
        SFR4             00200-0021F              20           1
        SFR5             00280-0029F              20           1
        SFR6             00300-0031F              20           1
        SFR7             00380-0039F              20           1
        SFR8             00400-0041F              20           1
        SFR9             00480-0049F              20           1
        STACK            02164-0231F             1BC           1
        STRCODE          00002-00002               1           2
                         01800-01C38             439
                         02000-03FFF            2000
        STRING           00002-00002               1           2
                         01800-01C38             100
                         02000-03FFF             100

                                  Symbol Table

?___awdiv                                 cstackBANK0  00020
?___awtoft                                cstackBANK0  00028
?___ftadd                                 cstackBANK0  00041
?___ftdiv                                 cstackBANK0  0002E
?___ftmul                                 cstackBANK0  0002E
?___ftneg                                 cstackBANK0  0003E
?___ftpack                                cstackBANK0  00020
?___fttol                                 cstackBANK0  0004E
?___lwdiv                                 cstackBANK0  00020
?_getAD                                   cstackBANK0  00020
?_getBuz_GO                               cstackBANK0  00020
CC2500_InitPATable@loop_d                 cstackBANK0  00027
CC2500_InitPATable@temp                   cstackBANK0  00026
CC2500_InitSetREG@loop_c                  cstackBANK0  00028
CC2500_InitSetREG@temp1                   cstackBANK0  00026
CC2500_InitSetREG@temp2                   cstackBANK0  00027
CC2500_ReadByte@loop_b                    cstackBANK0  00021
CC2500_ReadStatus@status_addr             cstackBANK0  00023
CC2500_RxData@loop_f                      cstackBANK0  00025
CC2500_TxData@loop_e                      cstackBANK0  00025
CC2500_WriteByte@loop_a                   cstackBANK0  00021
CC2500_WriteCommand@command               cstackBANK0  00023
CC2500_WriteREG@value                     cstackBANK0  00022
CC2500_WriteREG@w_addr                    cstackBANK0  00024
DelayOffPointSelect@sw                    cstackBANK0  00021
DelayTime_1us@count                       cstackBANK0  00020
DelayTime_1us@i                           cstackBANK0  00022
DelayTime_1us@j                           cstackBANK0  00024
DelayTimejudge@i                          cstackBANK0  00026
DelayTimejudge@j                          cstackBANK0  00027
DelayTimejudge@k                          cstackBANK0  00028
DelayTimejudge@value                      cstackBANK0  00029
DimmerIntrIOCPointSelect@lights           cstackCOMMON 00071
DimmerIntrPointSelect@lights              cstackCOMMON 00071
DimmerLightsPointSelect@lights            cstackBANK0  00021
DlyOff_Initialization@sw                  cstackBANK0  00022
DlyOff_Main@sw                            cstackBANK0  0006F
Exception_Main@count                      cstackBANK1  000E9
Exception_Main@error                      cstackBANK1  000EA
Exception_Main@i                          cstackBANK1  000EC
Exception_Main@lights                     cstackBANK1  000EB
Flash_Memory_Initialization@i             cstackBANK0  00063
Flash_Memory_Modify@i                     cstackBANK0  00025
Flash_Memory_Read@address                 cstackBANK0  00022
Flash_Memory_Read@i                       cstackBANK0  00021
Flash_Memory_Read@ret                     cstackBANK0  00023
Flash_Memory_Write@i                      cstackBANK0  00021
LedPointSelect@led                        cstackBANK0  00021
Load_Main@adjgo                           cstackBANK0  0002D
Load_Main@error                           cstackBANK0  0002F
Load_Main@i                               cstackBANK0  00030
Load_Main@j                               cstackBANK0  0002B
Load_Main@sw                              cstackBANK0  0002C
SwPointSelect@sw                          cstackBANK0  00021
_ADCON0                                   (abs)        0009D
_ADCON1                                   (abs)        0009E
_ADC_Set                                  text50       01C94
_ADRESH                                   (abs)        0009C
_ADRESL                                   (abs)        0009B
_ANSELA                                   (abs)        0018C
_ANSELB                                   (abs)        0018D
_ANSELC                                   (abs)        0018E
_Buz1                                     bssBANK1     000AE
_Buzzer_Initialization                    text125      01C39
_Buzzer_Main                              text124      0151C
_CC2500_ClearRXFIFO                       text119      01C4C
_CC2500_ClearTXFIFO                       text118      01C50
_CC2500_FrequencyCabr                     text116      01D13
_CC2500_InitPATable                       text114      01F7F
_CC2500_InitSetREG                        text113      01124
_CC2500_PowerOnInitial                    text110      01EB7
_CC2500_PowerRST                          text112      014D8
_CC2500_ReadByte                          text41       01F62
_CC2500_ReadStatus                        text40       010D9
_CC2500_RxData                            text39       0078F
_CC2500_SIDLEMode                         text111      01C54
_CC2500_TxData                            text38       00A9E
_CC2500_WriteByte                         text123      01EF9
_CC2500_WriteCommand                      text120      01F12
_CC2500_WriteREG                          text115      0106E
_CC2500_patable_vaule                     stringtext   0105E
_CC2500_registers_address                 stringtext   01000
_CC2500_rfSettings                        stringtext   0102F
_CFGS                                     (abs)        00CAE
_CRC                                      bssBANK1     000CA
_DelayOff                                 bssBANK1     000CB
_DelayOffPointSelect                      text109      01D1F
_DelayOff_Initialization                  text107      01C58
_DelayOff_Main                            text94       01C5C
_DelayTime_1us                            text117      010FE
_DelayTimejudge                           text100      0114E
_Dimmer                                   bssBANK2     00120
_DimmerIntrIOCPointSelect                 text133      01CD1
_DimmerIntrPointSelect                    text129      01CBD
_DimmerLights                             bssCOMMON    00075
_DimmerLights1                            bssBANK2     00154
_DimmerLights11                           bssBANK1     000CC
_DimmerLightsIntr                         bssCOMMON    00076
_DimmerLightsIntrIOC                      bssBANK1     000CD
_DimmerLightsPointSelect                  text104      01CDC
_DimmerLights_Initialization              text92       01CC7
_DimmerLights_Main                        text75       01C64
_DlyOff_Initialization                    text108      01C82
_DlyOff_Main                              text95       00A3A
_DlySw1                                   bssBANK2     00165
_Exception_Main                           text71       00EA3
_FREE                                     (abs)        00CAC
_FVRCON                                   (abs)        00117
_Flash_Memory_Erasing                     text65       01D4F
_Flash_Memory_Initialization              text66       00524
_Flash_Memory_Main                        text63       01304
_Flash_Memory_Modify                      text64       01566
_Flash_Memory_Read                        text70       01F2C
_Flash_Memory_Unlock                      text69       01CAB
_Flash_Memory_Write                       text68       011A3
_Fosc_Set                                 text49       01C74
_GIE                                      (abs)        0005F
_GO_nDONE                                 (abs)        004E9
_IOCBF                                    (abs)        00396
_IOCBF2                                   (abs)        01CB2
_IOCBN                                    (abs)        00395
_IOCBP                                    (abs)        00394
_IOCIE                                    (abs)        0005B
_IOCIF                                    (abs)        00058
_IOC_ISR                                  text130      01D8F
_IOC_Set                                  text48       01D5B
_IO_Set                                   text47       01EE1
_ISR                                      intentry     00004
_LATA                                     (abs)        0010C
_LATB                                     (abs)        0010D
_LATC                                     (abs)        0010E
_LED                                      bssBANK1     000CE
_LED_Initialization                       text61       01C68
_LED_Main                                 text59       01C6C
_LWLO                                     (abs)        00CAD
_LedPointSelect                           text89       01D37
_Load                                     bssBANK2     00126
_Load_Initialization                      text57       01C7D
_Load_Main                                text51       00040
_Load_Main$3755                           cstackBANK0  0002E
_Mcu_Initialization                       text44       01E44
_Memory                                   bssBANK3     001BE
_OSCCON                                   (abs)        00099
_PEIE                                     (abs)        0005E
_PMADRH                                   (abs)        00192
_PMADRL                                   (abs)        00191
_PMCON2                                   (abs)        00196
_PMDATH                                   (abs)        00194
_PMDATL                                   (abs)        00193
_PORTA                                    (abs)        0000C
_PORTB                                    (abs)        0000D
_PORTC                                    (abs)        0000E
_RA0                                      (abs)        00060
_RA4                                      (abs)        00064
_RA6                                      (abs)        00066
_RA7                                      (abs)        00067
_RB0                                      (abs)        00068
_RB1                                      (abs)        00069
_RB2                                      (abs)        0006A
_RB3                                      (abs)        0006B
_RB5                                      (abs)        0006D
_RC0                                      (abs)        00070
_RC1                                      (abs)        00071
_RC3                                      (abs)        00073
_RC4                                      (abs)        00074
_RC5                                      (abs)        00075
_RD                                       (abs)        00CA8
_RF1                                      bssBANK1     000BA
_RF_Count                                 bssBANK1     000C6
_RF_Data                                  bssBANK3     001A0
_RF_Initialization                        text42       01C3C
_RF_Main                                  text21       01C3F
_RF_RxDisable                             text37       01D9E
_RSSI                                     bssBANK1     000CF
_Receive_OK                               bitbssCOMMON 003C0
_Rx_Length                                bssBANK1     000D0
_SPI0Buffer                               bssBANK1     000D1
_Sw                                       bssCOMMON    00077
_Sw1                                      bssBANK3     001E3
_SwDetect                                 bssBANK1     000D2
_SwPointSelect                            text17       01D08
_Switch_Initialization                    text18       01CB4
_Switch_Main                              text12       01C9B
_T1CON                                    (abs)        00018
_TMR1H                                    (abs)        00017
_TMR1IE                                   (abs)        00488
_TMR1IF                                   (abs)        00088
_TMR1L                                    (abs)        00016
_TMR1_ISR                                 text127      010B4
_TMR1_Set                                 text46       01D67
_TRISA                                    (abs)        0008C
_TRISB                                    (abs)        0008D
_TRISC                                    (abs)        0008E
_Temp                                     bssBANK1     000D7
_Temp_Initialization                      text10       01C42
_Temp_Main                                text8        01C45
_Timeout_Counter                          text122      01EA2
_Timer1                                   bssBANK2     00123
_TouchPower                               text20       01ECC
_Transceive_OK                            bitbssCOMMON 003C1
_Tx_Length                                bssBANK1     000D3
_VarErrLED                                bssBANK2     0016A
_WDT                                      bssBANK1     000C8
_WDTCON                                   (abs)        00097
_WDT_Clearing                             text7        007FE
_WDT_Main                                 text6        01E56
_WDT_Set                                  text45       01CF2
_WPUB1                                    (abs)        01069
_WPUB2                                    (abs)        0106A
_WR                                       (abs)        00CA9
_WREN                                     (abs)        00CAA
__CFG_BOREN$OFF                           (abs)        00000
__CFG_FOSC$INTOSC                         (abs)        00000
__CFG_VCAPEN$OFF                          (abs)        00000
__CFG_WDTE$ON                             (abs)        00000
__CFG_WRT$HALF                            (abs)        00000
__Habs1                                   abs1         00000
__Hbank0                                  bank0        00000
__Hbank1                                  bank1        00000
__Hbank10                                 bank10       00000
__Hbank11                                 bank11       00000
__Hbank12                                 bank12       00000
__Hbank13                                 bank13       00000
__Hbank14                                 bank14       00000
__Hbank15                                 bank15       00000
__Hbank16                                 bank16       00000
__Hbank17                                 bank17       00000
__Hbank18                                 bank18       00000
__Hbank19                                 bank19       00000
__Hbank2                                  bank2        00000
__Hbank20                                 bank20       00000
__Hbank21                                 bank21       00000
__Hbank22                                 bank22       00000
__Hbank23                                 bank23       00000
__Hbank24                                 bank24       00000
__Hbank25                                 bank25       00000
__Hbank26                                 bank26       00000
__Hbank27                                 bank27       00000
__Hbank28                                 bank28       00000
__Hbank29                                 bank29       00000
__Hbank3                                  bank3        00000
__Hbank30                                 bank30       00000
__Hbank31                                 bank31       00000
__Hbank4                                  bank4        00000
__Hbank5                                  bank5        00000
__Hbank6                                  bank6        00000
__Hbank7                                  bank7        00000
__Hbank8                                  bank8        00000
__Hbank9                                  bank9        00000
__Hbigram                                 bigram       00000
__HbitbssCOMMON                           bitbssCOMMON 00000
__HbssBANK1                               bssBANK1     00000
__HbssBANK2                               bssBANK2     00000
__HbssBANK3                               bssBANK3     00000
__HbssCOMMON                              bssCOMMON    00000
__Hcinit                                  cinit        00040
__Hclrtext                                clrtext      00000
__Hcode                                   code         00000
__Hcommon                                 common       00000
__Hconfig                                 config       08009
__HcstackBANK0                            cstackBANK0  00000
__HcstackBANK1                            cstackBANK1  00000
__HcstackBANK3                            cstackBANK3  00000
__HcstackBANK4                            cstackBANK4  00000
__HcstackCOMMON                           cstackCOMMON 00000
__HdataBANK4                              dataBANK4    00000
__Heeprom_data                            eeprom_data  00000
__Hend_init                               end_init     00015
__Hfunctab                                functab      00000
__HidataBANK4                             idataBANK4   00000
__Hidloc                                  idloc        00000
__Hinit                                   init         00013
__Hinittext                               inittext     00000
__Hintentry                               intentry     00013
__Hmaintext                               maintext     00000
__HnvCOMMON                               nvCOMMON     00000
__Hpowerup                                powerup      00000
__Hram                                    ram          00000
__Hreset_vec                              reset_vec    00002
__Hsfr0                                   sfr0         00000
__Hsfr1                                   sfr1         00000
__Hsfr10                                  sfr10        00000
__Hsfr11                                  sfr11        00000
__Hsfr12                                  sfr12        00000
__Hsfr13                                  sfr13        00000
__Hsfr14                                  sfr14        00000
__Hsfr15                                  sfr15        00000
__Hsfr16                                  sfr16        00000
__Hsfr17                                  sfr17        00000
__Hsfr18                                  sfr18        00000
__Hsfr19                                  sfr19        00000
__Hsfr2                                   sfr2         00000
__Hsfr20                                  sfr20        00000
__Hsfr21                                  sfr21        00000
__Hsfr22                                  sfr22        00000
__Hsfr23                                  sfr23        00000
__Hsfr24                                  sfr24        00000
__Hsfr25                                  sfr25        00000
__Hsfr26                                  sfr26        00000
__Hsfr27                                  sfr27        00000
__Hsfr28                                  sfr28        00000
__Hsfr29                                  sfr29        00000
__Hsfr3                                   sfr3         00000
__Hsfr30                                  sfr30        00000
__Hsfr31                                  sfr31        00000
__Hsfr4                                   sfr4         00000
__Hsfr5                                   sfr5         00000
__Hsfr6                                   sfr6         00000
__Hsfr7                                   sfr7         00000
__Hsfr8                                   sfr8         00000
__Hsfr9                                   sfr9         00000
__Hspace_0                                (abs)        08009
__Hspace_1                                (abs)        003C2
__Hspace_2                                (abs)        00000
__Hspace_3                                (abs)        00000
__Hstack                                  stack        00000
__Hstrings                                strings      00000
__Hstringtext                             stringtext   00000
__Htext                                   text         00000
__Labs1                                   abs1         00000
__Lbank0                                  bank0        00000
__Lbank1                                  bank1        00000
__Lbank10                                 bank10       00000
__Lbank11                                 bank11       00000
__Lbank12                                 bank12       00000
__Lbank13                                 bank13       00000
__Lbank14                                 bank14       00000
__Lbank15                                 bank15       00000
__Lbank16                                 bank16       00000
__Lbank17                                 bank17       00000
__Lbank18                                 bank18       00000
__Lbank19                                 bank19       00000
__Lbank2                                  bank2        00000
__Lbank20                                 bank20       00000
__Lbank21                                 bank21       00000
__Lbank22                                 bank22       00000
__Lbank23                                 bank23       00000
__Lbank24                                 bank24       00000
__Lbank25                                 bank25       00000
__Lbank26                                 bank26       00000
__Lbank27                                 bank27       00000
__Lbank28                                 bank28       00000
__Lbank29                                 bank29       00000
__Lbank3                                  bank3        00000
__Lbank30                                 bank30       00000
__Lbank31                                 bank31       00000
__Lbank4                                  bank4        00000
__Lbank5                                  bank5        00000
__Lbank6                                  bank6        00000
__Lbank7                                  bank7        00000
__Lbank8                                  bank8        00000
__Lbank9                                  bank9        00000
__Lbigram                                 bigram       00000
__LbitbssCOMMON                           bitbssCOMMON 00000
__LbssBANK1                               bssBANK1     00000
__LbssBANK2                               bssBANK2     00000
__LbssBANK3                               bssBANK3     00000
__LbssCOMMON                              bssCOMMON    00000
__Lcinit                                  cinit        00015
__Lclrtext                                clrtext      00000
__Lcode                                   code         00000
__Lcommon                                 common       00000
__Lconfig                                 config       08007
__LcstackBANK0                            cstackBANK0  00000
__LcstackBANK1                            cstackBANK1  00000
__LcstackBANK3                            cstackBANK3  00000
__LcstackBANK4                            cstackBANK4  00000
__LcstackCOMMON                           cstackCOMMON 00000
__LdataBANK4                              dataBANK4    00000
__Leeprom_data                            eeprom_data  00000
__Lend_init                               end_init     00013
__Lfunctab                                functab      00000
__LidataBANK4                             idataBANK4   00000
__Lidloc                                  idloc        00000
__Linit                                   init         00013
__Linittext                               inittext     00000
__Lintentry                               intentry     00004
__Lmaintext                               maintext     00000
__LnvCOMMON                               nvCOMMON     00000
__Lpowerup                                powerup      00000
__Lram                                    ram          00000
__Lreset_vec                              reset_vec    00000
__Lsfr0                                   sfr0         00000
__Lsfr1                                   sfr1         00000
__Lsfr10                                  sfr10        00000
__Lsfr11                                  sfr11        00000
__Lsfr12                                  sfr12        00000
__Lsfr13                                  sfr13        00000
__Lsfr14                                  sfr14        00000
__Lsfr15                                  sfr15        00000
__Lsfr16                                  sfr16        00000
__Lsfr17                                  sfr17        00000
__Lsfr18                                  sfr18        00000
__Lsfr19                                  sfr19        00000
__Lsfr2                                   sfr2         00000
__Lsfr20                                  sfr20        00000
__Lsfr21                                  sfr21        00000
__Lsfr22                                  sfr22        00000
__Lsfr23                                  sfr23        00000
__Lsfr24                                  sfr24        00000
__Lsfr25                                  sfr25        00000
__Lsfr26                                  sfr26        00000
__Lsfr27                                  sfr27        00000
__Lsfr28                                  sfr28        00000
__Lsfr29                                  sfr29        00000
__Lsfr3                                   sfr3         00000
__Lsfr30                                  sfr30        00000
__Lsfr31                                  sfr31        00000
__Lsfr4                                   sfr4         00000
__Lsfr5                                   sfr5         00000
__Lsfr6                                   sfr6         00000
__Lsfr7                                   sfr7         00000
__Lsfr8                                   sfr8         00000
__Lsfr9                                   sfr9         00000
__Lspace_0                                (abs)        00000
__Lspace_1                                (abs)        00000
__Lspace_2                                (abs)        00000
__Lspace_3                                (abs)        00000
__Lstack                                  stack        00000
__Lstrings                                strings      00000
__Lstringtext                             stringtext   00000
__Ltext                                   text         00000
__S0                                      (abs)        08009
__S1                                      (abs)        00244
__S2                                      (abs)        00000
___awdiv                                  text106      016A3
___awdiv@counter                          cstackBANK0  00025
___awdiv@dividend                         cstackBANK0  00022
___awdiv@divisor                          cstackBANK0  00020
___awdiv@quotient                         cstackBANK0  00027
___awdiv@sign                             cstackBANK0  00026
___awtoft                                 text86       01FDE
___awtoft@c                               cstackBANK0  00028
___awtoft@sign                            cstackBANK0  0002D
___bmul                                   text101      01E20
___bmul@multiplicand                      cstackBANK0  00020
___bmul@multiplier                        cstackBANK0  00023
___bmul@product                           cstackBANK0  00022
___ftadd                                  text85       0042E
___ftadd@exp1                             cstackBANK0  0004D
___ftadd@exp2                             cstackBANK0  0004C
___ftadd@f1                               cstackBANK0  00041
___ftadd@f2                               cstackBANK0  00044
___ftadd@sign                             cstackBANK0  0004B
___ftdiv                                  text84       00DFA
___ftdiv@cntr                             cstackBANK0  00038
___ftdiv@exp                              cstackBANK0  0003C
___ftdiv@f1                               cstackBANK0  00031
___ftdiv@f2                               cstackBANK0  0002E
___ftdiv@f3                               cstackBANK0  00039
___ftdiv@sign                             cstackBANK0  0003D
___ftmul                                  text33       006DB
___ftmul@cntr                             cstackBANK0  0003C
___ftmul@exp                              cstackBANK0  00038
___ftmul@f1                               cstackBANK0  0002E
___ftmul@f2                               cstackBANK0  00031
___ftmul@f3_as_product                    cstackBANK0  00039
___ftmul@sign                             cstackBANK0  0003D
___ftneg                                  text83       01CA2
___ftneg@f1                               cstackBANK0  0003E
___ftpack                                 text87       009D9
___ftpack@arg                             cstackBANK0  00020
___ftpack@exp                             cstackBANK0  00023
___ftpack@sign                            cstackBANK0  00024
___fttol                                  text82       00C4D
___fttol@exp1                             cstackBANK0  0005B
___fttol@f1                               cstackBANK0  0004E
___fttol@lval                             cstackBANK0  00057
___fttol@sign1                            cstackBANK0  00056
___int_sp                                 stack        00000
___latbits                                (abs)        00003
[...]
      Temps:          0       0       0       0       0       0       0       0       0       0       0       0       0       0
      Totals:         0       0       0       0       0       0       0       0       0       0       0       0       0       0
Total ram usage:        0 bytes
 Hardware stack levels used:    1
 Hardware stack levels required when called:    5
 This function calls:
		Nothing
 This function is called by:
		_main
 This function uses a non-reentrant model


 *************** function _ISR *****************
 Defined at:
		line 107 in file "../src/MCU_B1.c"
 Parameters:    Size  Location     Type
		None
 Auto vars:     Size  Location     Type
		None
 Return value:  Size  Location     Type
		None               void
 Registers used:
		wreg, fsr0l, fsr0h, fsr1l, fsr1h, status,2, status,0, pclath, cstack
 Tracked objects:
		On entry : 
		On exit  : 
		Unchanged: 
 Data sizes:     COMMON   BANK0   BANK1   BANK2   BANK3   BANK4   BANK5   BANK6   BANK7   BANK8   BANK9  BANK10  BANK11  BANK12
      Params:         0       0       0       0       0       0       0       0       0       0       0       0       0       0
      Locals:         0       0       0       0       0       0       0       0       0       0       0       0       0       0
      Temps:          1       0       0       0       0       0       0       0       0       0       0       0       0       0
      Totals:         1       0       0       0       0       0       0       0       0       0       0       0       0       0
Total ram usage:        1 bytes
 Hardware stack levels used:    1
 Hardware stack levels required when called:    4
 This function calls:
		_IOC_ISR
		_TMR1_ISR
 This function is called by:
		Interrupt level 1
 This function uses a non-reentrant model


 *************** function _TMR1_ISR *****************
 Defined at:
		line 209 in file "../src/MCU_B1.c"
 Parameters:    Size  Location     Type
		None
 Auto vars:     Size  Location     Type
		None
 Return value:  Size  Location     Type
		None               void
 Registers used:
		wreg, fsr0l, fsr0h, fsr1l, fsr1h, status,2, status,0, pclath, cstack
 Tracked objects:
		On entry : 
		On exit  : 
		Unchanged: 
 Data sizes:     COMMON   BANK0   BANK1   BANK2   BANK3   BANK4   BANK5   BANK6   BANK7   BANK8   BANK9  BANK10  BANK11  BANK12
      Params:         0       0       0       0       0       0       0       0       0       0       0       0       0       0
      Locals:         0       0       0       0       0       0       0       0       0       0       0       0       0       0
      Temps:          0       0       0       0       0       0       0       0       0       0       0       0       0       0
      Totals:         0       0       0       0       0       0       0       0       0       0       0       0       0       0
Total ram usage:        0 bytes
 Hardware stack levels used:    1
 Hardware stack levels required when called:    2
 This function calls:
		_setDimmerLights_IntrControl
 This function is called by:
		_ISR
 This function uses a non-reentrant model


 *************** function _setDimmerLights_IntrControl *****************
 Defined at:
		line 96 in file "../src/Dimmer_B1.c"
 Parameters:    Size  Location     Type
  lights          1    wreg     unsigned char 
 Auto vars:     Size  Location     Type
  lights          1    3[COMMON] unsigned char 
 Return value:  Size  Location     Type
		None               void
 Registers used:
		wreg, fsr0l, fsr0h, fsr1l, fsr1h, status,2, status,0, pclath, cstack
 Tracked objects:
		On entry : 
		On exit  : 
		Unchanged: 
 Data sizes:     COMMON   BANK0   BANK1   BANK2   BANK3   BANK4   BANK5   BANK6   BANK7   BANK8   BANK9  BANK10  BANK11  BANK12
      Params:         0       0       0       0       0       0       0       0       0       0       0       0       0       0
      Locals:         1       0       0       0       0       0       0       0       0       0       0       0       0       0
      Temps:          1       0       0       0       0       0       0       0       0       0       0       0       0       0
      Totals:         2       0       0       0       0       0       0       0       0       0       0       0       0       0
Total ram usage:        2 bytes
 Hardware stack levels used:    1
 Hardware stack levels required when called:    1
 This function calls:
		_DimmerIntrPointSelect
 This function is called by:
		_TMR1_ISR
 This function uses a non-reentrant model


 *************** function _DimmerIntrPointSelect *****************
 Defined at:
		line 74 in file "../src/Dimmer_B1.c"
 Parameters:    Size  Location     Type
  lights          1    wreg     unsigned char 
 Auto vars:     Size  Location     Type
  lights          1    1[COMMON] unsigned char 
 Return value:  Size  Location     Type
		None               void
 Registers used:
		wreg
 Tracked objects:
		On entry : 
		On exit  : 
		Unchanged: 
 Data sizes:     COMMON   BANK0   BANK1   BANK2   BANK3   BANK4   BANK5   BANK6   BANK7   BANK8   BANK9  BANK10  BANK11  BANK12
      Params:         0       0       0       0       0       0       0       0       0       0       0       0       0       0
      Locals:         1       0       0       0       0       0       0       0       0       0       0       0       0       0
      Temps:          1       0       0       0       0       0       0       0       0       0       0       0       0       0
      Totals:         2       0       0       0       0       0       0       0       0       0       0       0       0       0
Total ram usage:        2 bytes
 Hardware stack levels used:    1
 This function calls:
		Nothing
 This function is called by:
		_setDimmerLights_IntrControl
 This function uses a non-reentrant model


 *************** function _IOC_ISR *****************
 Defined at:
		line 400 in file "../src/MCU_B1.c"
 Parameters:    Size  Location     Type
		None
 Auto vars:     Size  Location     Type
		None
 Return value:  Size  Location     Type
		None               void
 Registers used:
		wreg, fsr1l, fsr1h, status,2, status,0, pclath, cstack
 Tracked objects:
		On entry : 
		On exit  : 
		Unchanged: 
 Data sizes:     COMMON   BANK0   BANK1   BANK2   BANK3   BANK4   BANK5   BANK6   BANK7   BANK8   BANK9  BANK10  BANK11  BANK12
      Params:         0       0       0       0       0       0       0       0       0       0       0       0       0       0
      Locals:         0       0       0       0       0       0       0       0       0       0       0       0       0       0
      Temps:          0       0       0       0       0       0       0       0       0       0       0       0       0       0
      Totals:         0       0       0       0       0       0       0       0       0       0       0       0       0       0
Total ram usage:        0 bytes
 Hardware stack levels used:    1
 Hardware stack levels required when called:    3
 This function calls:
		_setDimmerReClock
 This function is called by:
		_ISR
 This function uses a non-reentrant model


 *************** function _setDimmerReClock *****************
 Defined at:
		line 243 in file "../src/MCU_B1.c"
 Parameters:    Size  Location     Type
		None
 Auto vars:     Size  Location     Type
		None
 Return value:  Size  Location     Type
		None               void
 Registers used:
		wreg, fsr1l, fsr1h, status,2, status,0, pclath, cstack
 Tracked objects:
		On entry : 
		On exit  : 
		Unchanged: 
 Data sizes:     COMMON   BANK0   BANK1   BANK2   BANK3   BANK4   BANK5   BANK6   BANK7   BANK8   BANK9  BANK10  BANK11  BANK12
      Params:         0       0       0       0       0       0       0       0       0       0       0       0       0       0
      Locals:         0       0       0       0       0       0       0       0       0       0       0       0       0       0
      Temps:          0       0       0       0       0       0       0       0       0       0       0       0       0       0
      Totals:         0       0       0       0       0       0       0       0       0       0       0       0       0       0
Total ram usage:        0 bytes
 Hardware stack levels used:    1
 Hardware stack levels required when called:    2
 This function calls:
		_setDimmerLights_IntrIOC_GO
 This function is called by:
		_IOC_ISR
 This function uses a non-reentrant model


 *************** function _setDimmerLights_IntrIOC_GO *****************
 Defined at:
		line 28 in file "../src/Dimmer_B1.c"
 Parameters:    Size  Location     Type
  lights          1    wreg     unsigned char 
 Auto vars:     Size  Location     Type
  lights          1    2[COMMON] unsigned char 
 Return value:  Size  Location     Type
		None               void
 Registers used:
		wreg, fsr1l, fsr1h, status,2, status,0, pclath, cstack
 Tracked objects:
		On entry : 
		On exit  : 
		Unchanged: 
 Data sizes:     COMMON   BANK0   BANK1   BANK2   BANK3   BANK4   BANK5   BANK6   BANK7   BANK8   BANK9  BANK10  BANK11  BANK12
      Params:         0       0       0       0       0       0       0       0       0       0       0       0       0       0
      Locals:         1       0       0       0       0       0       0       0       0       0       0       0       0       0
      Temps:          0       0       0       0       0       0       0       0       0       0       0       0       0       0
      Totals:         1       0       0       0       0       0       0       0       0       0       0       0       0       0
Total ram usage:        1 bytes
 Hardware stack levels used:    1
 Hardware stack levels required when called:    1
 This function calls:
		_DimmerIntrIOCPointSelect
 This function is called by:
		_setDimmerReClock
 This function uses a non-reentrant model


 *************** function _DimmerIntrIOCPointSelect *****************
 Defined at:
		line 8 in file "../src/Dimmer_B1.c"
 Parameters:    Size  Location     Type
  lights          1    wreg     unsigned char 
 Auto vars:     Size  Location     Type
  lights          1    1[COMMON] unsigned char 
 Return value:  Size  Location     Type
		None               void
 Registers used:
		wreg
 Tracked objects:
		On entry : 
		On exit  : 
		Unchanged: 
 Data sizes:     COMMON   BANK0   BANK1   BANK2   BANK3   BANK4   BANK5   BANK6   BANK7   BANK8   BANK9  BANK10  BANK11  BANK12
      Params:         0       0       0       0       0       0       0       0       0       0       0       0       0       0
      Locals:         1       0       0       0       0       0       0       0       0       0       0       0       0       0
      Temps:          1       0       0       0       0       0       0       0       0       0       0       0       0       0
      Totals:         2       0       0       0       0       0       0       0       0       0       0       0       0       0
Total ram usage:        2 bytes
 Hardware stack levels used:    1
 This function calls:
		Nothing
 This function is called by:
		_setDimmerLights_IntrIOC_GO
 This function uses a non-reentrant model



MODULE INFORMATION

Module		Function		Class		Link	Load	Size
C:\Program Files (x86)\Microchip\xc8\v1.32\sources\common\float.c
		___ftpack      		CODE           	09D9	0000	97

C:\Program Files (x86)\Microchip\xc8\v1.32\sources\common\float.c estimated size: 97

../src/OverLoad_B1.c
		_getLoad_AD    		CODE           	0BCC	0000	129
		_Load_Initializ		CODE           	1C7D	0000	5
		_Load_Main     		CODE           	0040	0000	385
		_setLoad_AH_AL_		CODE           	1F46	0000	28

../src/OverLoad_B1.c estimated size: 547

C:\Program Files (x86)\Microchip\xc8\v1.32\sources\common\awtoft.c
		___awtoft      		CODE           	1FDE	0000	34

C:\Program Files (x86)\Microchip\xc8\v1.32\sources\common\awtoft.c estimated size: 34

../src/MCU_B1.c
		_Fosc_Set      		CODE           	1C74	0000	4
		_IO_Set        		CODE           	1EE1	0000	24
		_WDT_Set       		CODE           	1CF2	0000	11
		_WDT_Main      		CODE           	1E56	0000	18
		_ADC_Set       		CODE           	1C94	0000	7
		_IOC_ISR       		CODE           	1D8F	0000	15
		_ISR           		CODE           	0004	0000	15
		_Flash_Memory_W		CODE           	11A3	0000	47
		_Flash_Memory_M		CODE           	1566	0000	78
		_IOC_Set       		CODE           	1D5B	0000	12
		_WDT_Clearing  		CODE           	07FE	0000	2
		_setMemory_Modi		CODE           	1E68	0000	19
		_Mcu_Initializa		CODE           	1E44	0000	18
		_setMemory_Data		CODE           	1D43	0000	12
		_Flash_Memory_I		CODE           	0524	0000	220
		_getAD         		CODE           	1F9E	0000	32
		_TMR1_Set      		CODE           	1D67	0000	12
		_setMemory_Loop		CODE           	1E7B	0000	19
		_Flash_Memory_U		CODE           	1CAB	0000	9
		_Flash_Memory_R		CODE           	1F2C	0000	26
		_Flash_Memory_E		CODE           	1D4F	0000	12
		_TMR1_ISR      		CODE           	10B4	0000	37
		_setDimmerReClo		CODE           	1C48	0000	4
		_Flash_Memory_M		CODE           	1304	0000	54

../src/MCU_B1.c estimated size: 707

C:\Program Files (x86)\Microchip\xc8\v1.32\sources\common\ftmul.c
		___ftmul       		CODE           	06DB	0000	180

C:\Program Files (x86)\Microchip\xc8\v1.32\sources\common\ftmul.c estimated size: 180

../src/Buzzer_B1.c
		_Buzzer_Main   		CODE           	151C	0000	74
		_setBuz        		CODE           	17A7	0000	89
		_getBuz_GO     		CODE           	1DFE	0000	17
		_Buzzer_Initial		CODE           	1C39	0000	3

../src/Buzzer_B1.c estimated size: 183

../src/LED_B1.c
		_setLED        		CODE           	13A7	0000	57
		_LED_Main      		CODE           	1C6C	0000	4
		_setLED_Initial		CODE           	1E32	0000	18
		_LedPointSelect		CODE           	1D37	0000	12
		_setLED_Main   		CODE           	133A	0000	54
		_LED_Initializa		CODE           	1C68	0000	4

../src/LED_B1.c estimated size: 149

../src/OverTemperature_B1.c
		_Temp_Initializ		CODE           	1C42	0000	3
		_Temp_Main     		CODE           	1C45	0000	3
		_setTemp_Initia		CODE           	0003	0000	1
		_getTemp_AD    		CODE           	145A	0000	62
		_setTemp_Main  		CODE           	0F50	0000	176

../src/OverTemperature_B1.c estimated size: 245

../src/CC2500_B1.c
		_DelayTime_1us 		CODE           	10FE	0000	38
		_CC2500_Frequen		CODE           	1D13	0000	12
		_CC2500_SIDLEMo		CODE           	1C54	0000	4
		_CC2500_PowerOn		CODE           	1EB7	0000	21
		_CC2500_WriteBy		CODE           	1EF9	0000	25
		_CC2500_RxData 		CODE           	078F	0000	111
		_CC2500_TxData 		CODE           	0A9E	0000	100
		_CC2500_ClearRX		CODE           	1C4C	0000	4
		_CC2500_ClearTX		CODE           	1C50	0000	4
		_CC2500_InitPAT		CODE           	1F7F	0000	31
		_CC2500_WriteRE		CODE           	106E	0000	35
		_CC2500_ReadSta		CODE           	10D9	0000	37
		_CC2500_PowerRS		CODE           	14D8	0000	68
		_CC2500_ReadByt		CODE           	1F62	0000	29
		_CC2500_InitSet		CODE           	1124	0000	42
		_CC2500_WriteCo		CODE           	1F12	0000	26

../src/CC2500_B1.c estimated size: 587

C:\Program Files (x86)\Microchip\xc8\v1.32\sources\common\fttol.c
		___fttol       		CODE           	0C4D	0000	135

C:\Program Files (x86)\Microchip\xc8\v1.32\sources\common\fttol.c estimated size: 135

C:\Program Files (x86)\Microchip\xc8\v1.32\sources\common\lwdiv.c
		___lwdiv       		CODE           	1370	0000	55

C:\Program Files (x86)\Microchip\xc8\v1.32\sources\common\lwdiv.c estimated size: 55

../src/RF_Control_B1.c
		_RF_Initializat		CODE           	1C3C	0000	3
		_getRxData     		CODE           	0CD4	0000	139
		_setRF_Main    		CODE           	0600	0000	219
		_setRF_DimmerVa		CODE           	11D2	0000	47
		_getRF_KeyStatu		CODE           	1E0F	0000	17
		_setRF_Initiali		CODE           	1CFD	0000	11
		_setTxData     		CODE           	0D5F	0000	155
		_setRFSW_Contro		CODE           	15B4	0000	79
		_setRF_Learn   		CODE           	1E8E	0000	20
		_RF_Main       		CODE           	1C3F	0000	3
		_setRFSW_AdjCon		CODE           	141C	0000	62
		_setRF_DimmerLi		CODE           	0811	0000	89
		_setControl_Lig		CODE           	097A	0000	95
		_setLog_Code   		CODE           	1265	0000	52
		_RF_RxDisable  		CODE           	1D9E	0000	15

../src/RF_Control_B1.c estimated size: 1006

C:\Program Files (x86)\Microchip\xc8\v1.32\sources\common\awdiv.c
		___awdiv       		CODE           	16A3	0000	84

C:\Program Files (x86)\Microchip\xc8\v1.32\sources\common\awdiv.c estimated size: 84

../src/Main_B1.c
		_Exception_Main		CODE           	0EA3	0000	173
		_getMain_Lights		CODE           	1178	0000	43
		_my_MainTimer  		CODE           	13E0	0000	60
		_setProductData		CODE           	1D73	0000	14
		_main          		CODE           	08C3	0000	91
		_Timeout_Counte		CODE           	1EA2	0000	21
		_myMain_Initial		CODE           	1DAD	0000	15
		_getMain_All_Er		CODE           	1232	0000	51
		_set_TimeoutCle		CODE           	1C78	0000	5
		_getMain_LoadOK		CODE           	1D81	0000	14
		_getMain_Lights		CODE           	1DBC	0000	16

../src/Main_B1.c estimated size: 503

C:\Program Files (x86)\Microchip\xc8\v1.32\sources\common\ftadd.c
		___ftadd       		CODE           	042E	0000	246

C:\Program Files (x86)\Microchip\xc8\v1.32\sources\common\ftadd.c estimated size: 246

C:\Program Files (x86)\Microchip\xc8\v1.32\sources\common\Umul8.c
		___bmul        		CODE           	1E20	0000	18

C:\Program Files (x86)\Microchip\xc8\v1.32\sources\common\Umul8.c estimated size: 18

shared
		_CC2500_patable		STRCODE        	105E	0000	8
		_CC2500_rfSetti		STRCODE        	102F	0000	47
		__initializatio		CODE           	0015	0000	39
		_CC2500_registe		STRCODE        	1000	0000	47

shared estimated size: 141

C:\Program Files (x86)\Microchip\xc8\v1.32\sources\common\ftneg.c
		___ftneg       		CODE           	1CA2	0000	9

C:\Program Files (x86)\Microchip\xc8\v1.32\sources\common\ftneg.c estimated size: 9

../src/Switch_B1.c
		_Switch_Main   		CODE           	1C9B	0000	7
		_SwPointSelect 		CODE           	1D08	0000	11
		_TouchPower    		CODE           	1ECC	0000	21
		_setSw_Main    		CODE           	01C1	0000	371
		_getSw_KeyStatu		CODE           	0800	0000	17
		_setSw_Initiali		CODE           	1DCC	0000	16
		_Switch_Initial		CODE           	1CB4	0000	9

../src/Switch_B1.c estimated size: 452

../src/Dimmer_B1.c
		_DimmerLightsPo		CODE           	1CDC	0000	11
		_getDimmerLight		CODE           	1DDC	0000	17
		_setDimmerLight		CODE           	1299	0000	53
		_setDimmerLight		CODE           	174F	0000	88
		_DimmerIntrPoin		CODE           	1CBD	0000	10
		_DimmerLights_M		CODE           	1C64	0000	4
		_setDimmerLight		CODE           	1498	0000	64
		_getAll_DimmerL		CODE           	1C70	0000	4
		_getDimmerLight		CODE           	1CE7	0000	11
		_setDimmerLight		CODE           	0334	0000	250
		_DimmerIntrIOCP		CODE           	1CD1	0000	11
		_setDimmerLight		CODE           	1603	0000	80
		_setDimmerLight		CODE           	086A	0000	89
		_setDimmerLight		CODE           	1D2B	0000	12
		_setDimmerLight		CODE           	1091	0000	35
		_getPercentValu		CODE           	0B67	0000	101
		_setDimmerLight		CODE           	091E	0000	92
		_setPercentValu		CODE           	0B02	0000	101
		_getDimmer_Load		CODE           	1066	0000	8
		_setDimmerLight		CODE           	1201	0000	49
		_setDimmerLight		CODE           	12CE	0000	54
		_DimmerLights_I		CODE           	1CC7	0000	10
		_setDimmerLight		CODE           	1653	0000	80
		_getDimmerLight		CODE           	1C60	0000	4

../src/Dimmer_B1.c estimated size: 1238

../src/DelayOff_B1.c
		_DelayOff_Initi		CODE           	1C58	0000	4
		_DlyOff_Main   		CODE           	0A3A	0000	100
		_DelayTimejudge		CODE           	114E	0000	42
		_DelayOff_Main 		CODE           	1C5C	0000	4
		_DelayOffPointS		CODE           	1D1F	0000	12
		_getDelayOff_GO		CODE           	1DED	0000	17
		_setDelayOff_GO		CODE           	16F7	0000	88
		_DlyOff_Initial		CODE           	1C82	0000	6

../src/DelayOff_B1.c estimated size: 273

C:\Program Files (x86)\Microchip\xc8\v1.32\sources\pic\ftdiv.c
		___ftdiv       		CODE           	0DFA	0000	169

C:\Program Files (x86)\Microchip\xc8\v1.32\sources\pic\ftdiv.c estimated size: 169

