Microchip MPLAB XC8 Compiler V1.32 ()

Linker command line:

--edf=C:\Program Files (x86)\Microchip\xc8\v1.32\dat\en_msgs.txt -cs \
  -h+dist/default/production\1-8-1.Switch_1Key_Dimmer_MOSFET.X.production.sym \
  --cmf=dist/default/production\1-8-1.Switch_1Key_Dimmer_MOSFET.X.production.cmf \
  -z -Q16F1518 -oC:\Users\taianluo\AppData\Local\Temp\s528.6 \
  -Mdist/default/production/1-8-1.Switch_1Key_Dimmer_MOSFET.X.production.map \
  -E1 -ver=XC8 -ASTACK=02160h-0231fh -pstack=STACK -ACONST=00h-0FFhx64 \
  -ACODE=00h-07FFhx8 -ASTRCODE=00h-03FFFh -AENTRY=00h-0FFhx64 \
  -ASTRING=00h-0FFhx64 -ACOMMON=070h-07Fh -ABANK0=020h-06Fh \
  -ABANK1=0A0h-0EFh -ABANK2=0120h-016Fh -ABANK3=01A0h-01EFh \
  -ABANK4=0220h-026Fh -ABANK5=02A0h-02EFh -ABANK6=0320h-036Fh \
  -ABANK7=03A0h-03EFh -ABANK8=0420h-046Fh -ABANK9=04A0h-04EFh \
  -ABANK10=0520h-056Fh -ABANK11=05A0h-05EFh -ABANK12=0620h-064Fh \
  -ABIGRAM=02000h-023EFh \
  -ARAM=020h-06Fh,0A0h-0EFh,0120h-016Fh,01A0h-01EFh,0220h-026Fh,02A0h-02EFh,0320h-036Fh,03A0h-03EFh,0420h-046Fh,04A0h-04EFh,0520h-056Fh,05A0h-05EFh,0620h-064Fh \
  -AABS1=020h-07Fh,0A0h-0EFh,0120h-016Fh,01A0h-01EFh,0220h-026Fh,02A0h-02EFh,0320h-036Fh,03A0h-03EFh,0420h-046Fh,04A0h-04EFh,0520h-056Fh,05A0h-05EFh,0620h-064Fh \
  -ASFR0=00h-01Fh -ASFR1=080h-09Fh -ASFR2=0100h-011Fh -ASFR3=0180h-019Fh \
  -ASFR4=0200h-021Fh -ASFR5=0280h-029Fh -ASFR6=0300h-031Fh \
  -ASFR7=0380h-039Fh -ASFR8=0400h-041Fh -ASFR9=0480h-049Fh \
  -ASFR10=0500h-051Fh -ASFR11=0580h-059Fh -ASFR12=0600h-061Fh \
  -ASFR13=0680h-06EFh -ASFR14=0700h-076Fh -ASFR15=0780h-07EFh \
  -ASFR16=0800h-086Fh -ASFR17=0880h-08EFh -ASFR18=0900h-096Fh \
  -ASFR19=0980h-09EFh -ASFR20=0A00h-0A6Fh -ASFR21=0A80h-0AEFh \
  -ASFR22=0B00h-0B6Fh -ASFR23=0B80h-0BEFh -ASFR24=0C00h-0C6Fh \
  -ASFR25=0C80h-0CEFh -ASFR26=0D00h-0D6Fh -ASFR27=0D80h-0DEFh \
  -ASFR28=0E00h-0E6Fh -ASFR29=0E80h-0EEFh -ASFR30=0F00h-0F6Fh \
  -ASFR31=0F80h-0FEFh -preset_vec=00h,intentry=04h,init,end_init \
  -ppowerup=CODE -pcinit=CODE -pfunctab=CODE -ACONFIG=08007h-08008h \
  -pconfig=CONFIG -DCONFIG=2 -AIDLOC=08000h-08003h -pidloc=IDLOC -DIDLOC=2 \
  -DCODE=2 -DSTRCODE=2 -DSTRING=2 -DCONST=2 -DENTRY=2 -k \
  C:\Users\taianluo\AppData\Local\Temp\s528.obj \
  dist/default/production\1-8-1.Switch_1Key_Dimmer_MOSFET.X.production.obj 

Object code version is 3.11

Machine type is 16F1518



                Name                               Link     Load   Length Selector   Space Scale
C:\Users\taianluo\AppData\Local\Temp\s528.obj
                end_init                             20       20        2        8       0
                reset_vec                             0        0        2        0       0
                config                             8007     8007        2    1000E       0
dist/default/production\1-8-1.Switch_1Key_Dimmer_MOSFET.X.production.obj
                cinit                                22       22       2A        8       0
                intentry                              4        4       1C        8       0
                text142                            1515     1515       53     2A2A       0
                text141                            10B3     10B3       23     2166       0
                text140                            1B95     1B95        9     372A       0
                text139                             B2E      B2E       76     165C       0
                text138                            1FA2     1FA2       1F     3F44       0
                text136                            1B17     1B17        3     362E       0
                text135                            1428     1428       4A     2850       0
                text134                            1BDA     1BDA        C     37B4       0
                text133                            1B56     1B56        6     36AC       0
                text132                            1B29     1B29        4     3652       0
                text131                            1BE6     1BE6        C     37CC       0
                text130                            1C98     1C98       11     3930       0
                text129                            12B6     12B6       39     256C       0
                text128                            1568     1568       54     2AD0       0
                text127                            15BC     15BC       59     2B78       0
                text126                            11DE     11DE       35     23BC       0
                text125                            1BF2     1BF2        C     37E4       0
                text124                             969      969       6F     12D2       0
                text123                            1B2D     1B2D        4     365A       0
                text122                            1E7B     1E7B       19     3CF6       0
                text121                            1B16     1B16        1     362C       0
                text120                            1B68     1B68        7     36D0       0
                text119                            1177     1177       33     22EE       0
                text118                            1B7D     1B7D        8     36FA       0
                text117                            1E1F     1E1F       16     3C3E       0
                text116                            1C6A     1C6A        F     38D4       0
                text115                            1670     1670       61     2CE0       0
                text114                            1091     1091       22     2122       0
                text113                             382      382       F6        8       0
                text112                             D37      D37       A9     1A6E       0
                text111                            1B9E     1B9E        9     373C       0
                text110                             C24      C24       87     1848       0
                text109                            16D1     16D1       65     2DA2       0
                text108                            1E35     1E35       16     3C6A       0
                text107                            1BFE     1BFE        C     37FC       0
                text106                            1CA9     1CA9       11     3952       0
                text105                            1736     1736       65     2E6C       0
                text104                            1D58     1D58       13     3AB0       0
                text103                             F45      F45       BB     1E8A       0
                text102                            1472     1472       51     28E4       0
                text101                            1CFE     1CFE       12     39FC       0
                text100                            1CBA     1CBA       11     3974       0
                text99                              E91      E91       B4     1D22       0
                text98                             179B     179B       65     2F36       0
                text97                             1BB0     1BB0        A     3760       0
                text96                             1E94     1E94       19     3D28       0
                text95                             1D10     1D10       12     3A20       0
                text94                              CAB      CAB       8C     1956       0
                text93                             1E4B     1E4B       18     3C96       0
                text92                             1C0A     1C0A        C     3814       0
                text91                             1E63     1E63       18     3CC6       0
                text90                             1C16     1C16        C     382C       0
                text89                             12EF     12EF       39     25DE       0
                text88                              710      710       C8        8       0
                text87                              827      827       6B     104E       0
                text86                             1F2F     1F2F       1C     3E5E       0
                text85                             1BC4     1BC4        B     3788       0
                text84                              63B      63B       D5        8       0
                text83                             1EC6     1EC6       1A     3D8C       0
                text82                             1BA7     1BA7        9     374E       0
                text81                             1148     1148       2F     2290       0
                text80                             1C22     1C22        C     3844       0
                text79                              478      478       EE        8       0
                text78                             1C2E     1C2E        C     385C       0
                text77                             14C3     14C3       52     2986       0
                text76                             1213     1213       36     2426       0
                text75                             1D22     1D22       12     3A44       0
                text74                             1B31     1B31        4     3662       0
                text73                             1249     1249       36     2492       0
                text72                             1B35     1B35        4     366A       0
                text71                             1F4B     1F4B       1C     3E96       0
                text70                             1B1A     1B1A        3     3634       0
                text69                             127F     127F       37     24FE       0
                text68                             1F84     1F84       1E     3F08       0
                text67                             1D6B     1D6B       13     3AD6       0
                text66                             1B85     1B85        8     370A       0
                text65                             1B8D     1B8D        8     371A       0
                text64                             1BCF     1BCF        B     379E       0
                text63                               4C       4C      1B2        8       0
                text62                             1B6F     1B6F        7     36DE       0
                text61                             1B39     1B39        4     3672       0
                text60                             1BBA     1BBA        A     3774       0
                text59                             1EE0     1EE0       1A     3DC0       0
                text58                             1C3A     1C3A        C     3874       0
                text57                             1C46     1C46        C     388C       0
                text56                             1D34     1D34       12     3A68       0
                text55                             1066     1066        B     20CC       0
                text54                             1B1D     1B1D        3     363A       0
                text53                             1EAD     1EAD       19     3D5A       0
                text52                             1DCB     1DCB       15     3B96       0
                text51                             1B3D     1B3D        4     367A       0
                text50                             1EFA     1EFA       1A     3DF4       0
                text49                             1B41     1B41        4     3682       0
                text48                             1B45     1B45        4     368A       0
                text47                              801      801       26     1002       0
                text46                             1C52     1C52        C     38A4       0
                text45                             10D6     10D6       23     21AC       0
                text44                             1FC1     1FC1       1F     3F82       0
                text43                             111E     111E       2A     223C       0
                text42                             13E4     13E4       44     27C8       0
                text41                             1B49     1B49        4     3692       0
                text40                             1DE0     1DE0       15     3BC0       0
                text39                             1F67     1F67       1D     3ECE       0
                text38                             10F9     10F9       25     21F2       0
                text37                              892      892       6B     1124       0
                text36                              8FD      8FD       6C     11FA       0
                text35                             1C79     1C79        F     38F2       0
                text34                             1CCB     1CCB       11     3996       0
                text33                             1CDC     1CDC       11     39B8       0
                text32                             1F14     1F14       1B     3E28       0
                text31                             1D7E     1D7E       13     3AFC       0
                text30                              BA4      BA4       80     1748       0
                text29                             1364     1364       40     26C8       0
                text28                              9D8      9D8       72     13B0       0
                text27                             1D91     1D91       13     3B22       0
                text26                             11AA     11AA       34     2354       0
                text25                              A4A      A4A       72     1494       0
                text24                              566      566       D5        8       0
                text23                             1B20     1B20        3     3640       0
                text22                             1C88     1C88       10     3910       0
                text21                             1B4D     1B4D        4     369A       0
                text20                             1DF5     1DF5       15     3BEA       0
                text19                             1B51     1B51        5     36A2       0
                text18                             1E0A     1E0A       15     3C14       0
                text17                             1C5E     1C5E        C     38BC       0
                text16                             1CED     1CED       11     39DA       0
                text15                              7D8      7D8       28        8       0
                text14                             1DB7     1DB7       14     3B6E       0
                text13                              1FE      1FE      184        8       0
                text12                             1B76     1B76        7     36EC       0
                text11                              800      800        1        8       0
                text10                             1B23     1B23        3     3646       0
                text9                               DE0      DE0       B1     1BC0       0
                text8                              1B26     1B26        3     364C       0
                text7                                 2        2        2        0       0
                text6                              1D46     1D46       12     3A8C       0
                text5                              1FE0     1FE0       20     3FC0       0
                text4                               ABC      ABC       72     1578       0
                text3                              13A4     13A4       40     2748       0
                text2                              1DA4     1DA4       13     3B48       0
                text1                              1328     1328       3C     2650       0
                maintext                           1615     1615       5B     2C2A       0
                cstackBANK0                          20       20       50       20       1
                cstackCOMMON                         70       70        D       70       1
                cstackBANK1                          E6       E6        8       A0       1
                inittext                           1B5C     1B5C        6     36B8       0
                clrtext                            1B62     1B62        6     36C4       0
                dataBANK4                           220      220       20      220       1
                bssBANK3                            1A0      1A0       44      1A0       1
                bssBANK2                            120      120       50      120       1
                bssBANK1                             A0       A0       46       A0       1
                bitbssBANK1                         778       EF        1       A0       1     8
                bitbssCOMMON                        3E8       7D        1       70       1     8
                nvBANK1                              EE       EE        1       A0       1
                stringtext                         1000     1000       66       20       0
                idataBANK4                         1071     1071       20     20E2       0

TOTAL           Name                               Link     Load   Length     Space
        CLASS   STACK          

        CLASS   CONST          

        CLASS   CODE           
                end_init                             20       20        2         0
                cinit                                22       22       2A         0
                intentry                              4        4       1C         0
                reset_vec                             0        0        2         0
                text142                            1515     1515       53         0
                text141                            10B3     10B3       23         0
                text140                            1B95     1B95        9         0
                text139                             B2E      B2E       76         0
                text138                            1FA2     1FA2       1F         0
                text136                            1B17     1B17        3         0
                text135                            1428     1428       4A         0
                text134                            1BDA     1BDA        C         0
                text133                            1B56     1B56        6         0
                text132                            1B29     1B29        4         0
                text131                            1BE6     1BE6        C         0
                text130                            1C98     1C98       11         0
                text129                            12B6     12B6       39         0
                text128                            1568     1568       54         0
                text127                            15BC     15BC       59         0
                text126                            11DE     11DE       35         0
                text125                            1BF2     1BF2        C         0
                text124                             969      969       6F         0
                text123                            1B2D     1B2D        4         0
                text122                            1E7B     1E7B       19         0
                text121                            1B16     1B16        1         0
                text120                            1B68     1B68        7         0
                text119                            1177     1177       33         0
                text118                            1B7D     1B7D        8         0
                text117                            1E1F     1E1F       16         0
                text116                            1C6A     1C6A        F         0
                text115                            1670     1670       61         0
                text114                            1091     1091       22         0
                text113                             382      382       F6         0
                text112                             D37      D37       A9         0
                text111                            1B9E     1B9E        9         0
                text110                             C24      C24       87         0
                text109                            16D1     16D1       65         0
                text108                            1E35     1E35       16         0
                text107                            1BFE     1BFE        C         0
                text106                            1CA9     1CA9       11         0
                text105                            1736     1736       65         0
                text104                            1D58     1D58       13         0
                text103                             F45      F45       BB         0
                text102                            1472     1472       51         0
                text101                            1CFE     1CFE       12         0
                text100                            1CBA     1CBA       11         0
                text99                              E91      E91       B4         0
                text98                             179B     179B       65         0
                text97                             1BB0     1BB0        A         0
                text96                             1E94     1E94       19         0
                text95                             1D10     1D10       12         0
                text94                              CAB      CAB       8C         0
                text93                             1E4B     1E4B       18         0
                text92                             1C0A     1C0A        C         0
                text91                             1E63     1E63       18         0
                text90                             1C16     1C16        C         0
                text89                             12EF     12EF       39         0
                text88                              710      710       C8         0
                text87                              827      827       6B         0
                text86                             1F2F     1F2F       1C         0
                text85                             1BC4     1BC4        B         0
                text84                              63B      63B       D5         0
                text83                             1EC6     1EC6       1A         0
                text82                             1BA7     1BA7        9         0
                text81                             1148     1148       2F         0
                text80                             1C22     1C22        C         0
                text79                              478      478       EE         0
                text78                             1C2E     1C2E        C         0
                text77                             14C3     14C3       52         0
                text76                             1213     1213       36         0
                text75                             1D22     1D22       12         0
                text74                             1B31     1B31        4         0
                text73                             1249     1249       36         0
                text72                             1B35     1B35        4         0
                text71                             1F4B     1F4B       1C         0
                text70                             1B1A     1B1A        3         0
                text69                             127F     127F       37         0
                text68                             1F84     1F84       1E         0
                text67                             1D6B     1D6B       13         0
                text66                             1B85     1B85        8         0
                text65                             1B8D     1B8D        8         0
                text64                             1BCF     1BCF        B         0
                text63                               4C       4C      1B2         0
                text62                             1B6F     1B6F        7         0
                text61                             1B39     1B39        4         0
                text60                             1BBA     1BBA        A         0
                text59                             1EE0     1EE0       1A         0
                text58                             1C3A     1C3A        C         0
                text57                             1C46     1C46        C         0
                text56                             1D34     1D34       12         0
                text55                             1066     1066        B         0
                text54                             1B1D     1B1D        3         0
                text53                             1EAD     1EAD       19         0
                text52                             1DCB     1DCB       15         0
                text51                             1B3D     1B3D        4         0
                text50                             1EFA     1EFA       1A         0
                text49                             1B41     1B41        4         0
                text48                             1B45     1B45        4         0
                text47                              801      801       26         0
                text46                             1C52     1C52        C         0
                text45                             10D6     10D6       23         0
                text44                             1FC1     1FC1       1F         0
                text43                             111E     111E       2A         0
                text42                             13E4     13E4       44         0
                text41                             1B49     1B49        4         0
                text40                             1DE0     1DE0       15         0
                text39                             1F67     1F67       1D         0
                text38                             10F9     10F9       25         0
                text37                              892      892       6B         0
                text36                              8FD      8FD       6C         0
                text35                             1C79     1C79        F         0
                text34                             1CCB     1CCB       11         0
                text33                             1CDC     1CDC       11         0
                text32                             1F14     1F14       1B         0
                text31                             1D7E     1D7E       13         0
                text30                              BA4      BA4       80         0
                text29                             1364     1364       40         0
                text28                              9D8      9D8       72         0
                text27                             1D91     1D91       13         0
                text26                             11AA     11AA       34         0
                text25                              A4A      A4A       72         0
                text24                              566      566       D5         0
                text23                             1B20     1B20        3         0
                text22                             1C88     1C88       10         0
                text21                             1B4D     1B4D        4         0
                text20                             1DF5     1DF5       15         0
                text19                             1B51     1B51        5         0
                text18                             1E0A     1E0A       15         0
                text17                             1C5E     1C5E        C         0
                text16                             1CED     1CED       11         0
                text15                              7D8      7D8       28         0
                text14                             1DB7     1DB7       14         0
                text13                              1FE      1FE      184         0
                text12                             1B76     1B76        7         0
                text11                              800      800        1         0
                text10                             1B23     1B23        3         0
                text9                               DE0      DE0       B1         0
                text8                              1B26     1B26        3         0
                text7                                 2        2        2         0
                text6                              1D46     1D46       12         0
                text5                              1FE0     1FE0       20         0
                text4                               ABC      ABC       72         0
                text3                              13A4     13A4       40         0
                text2                              1DA4     1DA4       13         0
                text1                              1328     1328       3C         0
                maintext                           1615     1615       5B         0
                inittext                           1B5C     1B5C        6         0
                clrtext                            1B62     1B62        6         0
                idataBANK4                         1071     1071       20         0

        CLASS   STRCODE        
                stringtext                         1000     1000       66         0

        CLASS   ENTRY          

        CLASS   STRING         

        CLASS   COMMON         
                cstackCOMMON                         70       70        D         1
                bitbssCOMMON                        3E8       7D        1         1

        CLASS   BANK0          
                cstackBANK0                          20       20       50         1

        CLASS   BANK1          
                cstackBANK1                          E6       E6        8         1
                bssBANK1                             A0       A0       46         1
                bitbssBANK1                         778       EF        1         1
                nvBANK1                              EE       EE        1         1

        CLASS   BANK2          
                bssBANK2                            120      120       50         1

        CLASS   BANK3          
                bssBANK3                            1A0      1A0       44         1

        CLASS   BANK4          
                dataBANK4                           220      220       20         1

        CLASS   BANK5          

        CLASS   BANK6          

        CLASS   BANK7          

        CLASS   BANK8          

        CLASS   BANK9          

        CLASS   BANK10         

        CLASS   BANK11         

        CLASS   BANK12         

        CLASS   BIGRAM         

        CLASS   RAM            

        CLASS   ABS1           
                abs_s1                               7E       7E        2         1

        CLASS   SFR0           

        CLASS   SFR1           

        CLASS   SFR2           

        CLASS   SFR3           

        CLASS   SFR4           

        CLASS   SFR5           

        CLASS   SFR6           

        CLASS   SFR7           

        CLASS   SFR8           

        CLASS   SFR9           

        CLASS   SFR10          

        CLASS   SFR11          

        CLASS   SFR12          

        CLASS   SFR13          

        CLASS   SFR14          

        CLASS   SFR15          

        CLASS   SFR16          

        CLASS   SFR17          

        CLASS   SFR18          

        CLASS   SFR19          

        CLASS   SFR20          

        CLASS   SFR21          

        CLASS   SFR22          

        CLASS   SFR23          

        CLASS   SFR24          

        CLASS   SFR25          

        CLASS   SFR26          

        CLASS   SFR27          

        CLASS   SFR28          

        CLASS   SFR29          

        CLASS   SFR30          

        CLASS   SFR31          

        CLASS   CONFIG         
                config                             8007     8007        2         0

        CLASS   IDLOC          

        CLASS   BANK31         

        CLASS   BANK30         

        CLASS   BANK29         

        CLASS   BANK28         

        CLASS   BANK27         

        CLASS   BANK26         

        CLASS   BANK25         

        CLASS   BANK24         

        CLASS   BANK23         

        CLASS   BANK22         

        CLASS   BANK21         

        CLASS   BANK20         

        CLASS   BANK19         

        CLASS   BANK18         

        CLASS   BANK17         

        CLASS   BANK16         

        CLASS   BANK15         

        CLASS   BANK14         

        CLASS   BANK13         

        CLASS   EEDATA         



SEGMENTS        Name                           Load    Length   Top    Selector   Space  Class     Delta

                reset_vec                      000000  000004  000004         0       0  CODE        2
                intentry                       000004  0007FD  000801         8       0  CODE        2
                cstackBANK0                    000020  000050  000070        20       1  BANK0       1
                cstackCOMMON                   000070  00000E  00007E        70       1  COMMON      1
                bssBANK1                       0000A0  000050  0000F0        A0       1  BANK1       1
                bssBANK2                       000120  000050  000170       120       1  BANK2       1
                bssBANK3                       0001A0  000044  0001E4       1A0       1  BANK3       1
                dataBANK4                      000220  000020  000240       220       1  BANK4       1
                text47                         000801  000026  000827      1002       0  CODE        2
                text87                         000827  00006B  000892      104E       0  CODE        2
                text37                         000892  00006B  0008FD      1124       0  CODE        2
                text36                         0008FD  00006C  000969      11FA       0  CODE        2
                text124                        000969  00006F  0009D8      12D2       0  CODE        2
                text28                         0009D8  000072  000A4A      13B0       0  CODE        2
                text25                         000A4A  000072  000ABC      1494       0  CODE        2
                text4                          000ABC  000072  000B2E      1578       0  CODE        2
                text139                        000B2E  000076  000BA4      165C       0  CODE        2
                text30                         000BA4  000080  000C24      1748       0  CODE        2
                text110                        000C24  000087  000CAB      1848       0  CODE        2
                text94                         000CAB  00008C  000D37      1956       0  CODE        2
                text112                        000D37  0000A9  000DE0      1A6E       0  CODE        2
                text9                          000DE0  0000B1  000E91      1BC0       0  CODE        2
                text99                         000E91  0000B4  000F45      1D22       0  CODE        2
                text103                        000F45  0000BB  001000      1E8A       0  CODE        2
                stringtext                     001000  000066  001066        20       0  STRCODE     2
                text55                         001066  00000B  001071      20CC       0  CODE        2
                idataBANK4                     001071  000020  001091      20E2       0  CODE        2
                text114                        001091  000022  0010B3      2122       0  CODE        2
                text141                        0010B3  000023  0010D6      2166       0  CODE        2
                text45                         0010D6  000023  0010F9      21AC       0  CODE        2
                text38                         0010F9  000025  00111E      21F2       0  CODE        2
                text43                         00111E  00002A  001148      223C       0  CODE        2
                text81                         001148  00002F  001177      2290       0  CODE        2
                text119                        001177  000033  0011AA      22EE       0  CODE        2
                text26                         0011AA  000034  0011DE      2354       0  CODE        2
                text126                        0011DE  000035  001213      23BC       0  CODE        2
                text76                         001213  000036  001249      2426       0  CODE        2
                text73                         001249  000036  00127F      2492       0  CODE        2
                text69                         00127F  000037  0012B6      24FE       0  CODE        2
                text129                        0012B6  000039  0012EF      256C       0  CODE        2
                text89                         0012EF  000039  001328      25DE       0  CODE        2
                text1                          001328  00003C  001364      2650       0  CODE        2
                text29                         001364  000040  0013A4      26C8       0  CODE        2
                text3                          0013A4  000040  0013E4      2748       0  CODE        2
                text42                         0013E4  000044  001428      27C8       0  CODE        2
                text135                        001428  00004A  001472      2850       0  CODE        2
                text102                        001472  000051  0014C3      28E4       0  CODE        2
                text77                         0014C3  000052  001515      2986       0  CODE        2
                text142                        001515  000053  001568      2A2A       0  CODE        2
                text128                        001568  000054  0015BC      2AD0       0  CODE        2
                text127                        0015BC  000059  001615      2B78       0  CODE        2
                maintext                       001615  00005B  001670      2C2A       0  CODE        2
                text115                        001670  000061  0016D1      2CE0       0  CODE        2
                text109                        0016D1  000065  001736      2DA2       0  CODE        2
                text105                        001736  000065  00179B      2E6C       0  CODE        2
                text98                         00179B  000065  001800      2F36       0  CODE        2
                text121                        001B16  000001  001B17      362C       0  CODE        2
                text136                        001B17  000003  001B1A      362E       0  CODE        2
                text70                         001B1A  000003  001B1D      3634       0  CODE        2
                text54                         001B1D  000003  001B20      363A       0  CODE        2
                text23                         001B20  000003  001B23      3640       0  CODE        2
                text10                         001B23  000003  001B26      3646       0  CODE        2
                text8                          001B26  000003  001B29      364C       0  CODE        2
                text132                        001B29  000004  001B2D      3652       0  CODE        2
                text123                        001B2D  000004  001B31      365A       0  CODE        2
                text74                         001B31  000004  001B35      3662       0  CODE        2
                text72                         001B35  000004  001B39      366A       0  CODE        2
                text61                         001B39  000004  001B3D      3672       0  CODE        2
                text51                         001B3D  000004  001B41      367A       0  CODE        2
                text49                         001B41  000004  001B45      3682       0  CODE        2
                text48                         001B45  000004  001B49      368A       0  CODE        2
                text41                         001B49  000004  001B4D      3692       0  CODE        2
                text21                         001B4D  000004  001B51      369A       0  CODE        2
                text19                         001B51  000005  001B56      36A2       0  CODE        2
                text133                        001B56  000006  001B5C      36AC       0  CODE        2
                inittext                       001B5C  000006  001B62      36B8       0  CODE        2
                clrtext                        001B62  000006  001B68      36C4       0  CODE        2
                text120                        001B68  000007  001B6F      36D0       0  CODE        2
                text62                         001B6F  000007  001B76      36DE       0  CODE        2
                text12                         001B76  000007  001B7D      36EC       0  CODE        2
                text118                        001B7D  000008  001B85      36FA       0  CODE        2
                text66                         001B85  000008  001B8D      370A       0  CODE        2
                text65                         001B8D  000008  001B95      371A       0  CODE        2
                text140                        001B95  000009  001B9E      372A       0  CODE        2
                text111                        001B9E  000009  001BA7      373C       0  CODE        2
                text82                         001BA7  000009  001BB0      374E       0  CODE        2
                text97                         001BB0  00000A  001BBA      3760       0  CODE        2
                text60                         001BBA  00000A  001BC4      3774       0  CODE        2
                text85                         001BC4  00000B  001BCF      3788       0  CODE        2
                text64                         001BCF  00000B  001BDA      379E       0  CODE        2
                text134                        001BDA  00000C  001BE6      37B4       0  CODE        2
                text131                        001BE6  00000C  001BF2      37CC       0  CODE        2
                text125                        001BF2  00000C  001BFE      37E4       0  CODE        2
                text107                        001BFE  00000C  001C0A      37FC       0  CODE        2
                text92                         001C0A  00000C  001C16      3814       0  CODE        2
                text90                         001C16  00000C  001C22      382C       0  CODE        2
                text80                         001C22  00000C  001C2E      3844       0  CODE        2
                text78                         001C2E  00000C  001C3A      385C       0  CODE        2
                text58                         001C3A  00000C  001C46      3874       0  CODE        2
                text57                         001C46  00000C  001C52      388C       0  CODE        2
                text46                         001C52  00000C  001C5E      38A4       0  CODE        2
                text17                         001C5E  00000C  001C6A      38BC       0  CODE        2
                text116                        001C6A  00000F  001C79      38D4       0  CODE        2
                text35                         001C79  00000F  001C88      38F2       0  CODE        2
                text22                         001C88  000010  001C98      3910       0  CODE        2
                text130                        001C98  000011  001CA9      3930       0  CODE        2
                text106                        001CA9  000011  001CBA      3952       0  CODE        2
                text100                        001CBA  000011  001CCB      3974       0  CODE        2
                text34                         001CCB  000011  001CDC      3996       0  CODE        2
                text33                         001CDC  000011  001CED      39B8       0  CODE        2
                text16                         001CED  000011  001CFE      39DA       0  CODE        2
                text101                        001CFE  000012  001D10      39FC       0  CODE        2
                text95                         001D10  000012  001D22      3A20       0  CODE        2
                text75                         001D22  000012  001D34      3A44       0  CODE        2
                text56                         001D34  000012  001D46      3A68       0  CODE        2
                text6                          001D46  000012  001D58      3A8C       0  CODE        2
                text104                        001D58  000013  001D6B      3AB0       0  CODE        2
                text67                         001D6B  000013  001D7E      3AD6       0  CODE        2
                text31                         001D7E  000013  001D91      3AFC       0  CODE        2
                text27                         001D91  000013  001DA4      3B22       0  CODE        2
                text2                          001DA4  000013  001DB7      3B48       0  CODE        2
                text14                         001DB7  000014  001DCB      3B6E       0  CODE        2
                text52                         001DCB  000015  001DE0      3B96       0  CODE        2
                text40                         001DE0  000015  001DF5      3BC0       0  CODE        2
                text20                         001DF5  000015  001E0A      3BEA       0  CODE        2
                text18                         001E0A  000015  001E1F      3C14       0  CODE        2
                text117                        001E1F  000016  001E35      3C3E       0  CODE        2
                text108                        001E35  000016  001E4B      3C6A       0  CODE        2
                text93                         001E4B  000018  001E63      3C96       0  CODE        2
                text91                         001E63  000018  001E7B      3CC6       0  CODE        2
                text122                        001E7B  000019  001E94      3CF6       0  CODE        2
                text96                         001E94  000019  001EAD      3D28       0  CODE        2
                text53                         001EAD  000019  001EC6      3D5A       0  CODE        2
                text83                         001EC6  00001A  001EE0      3D8C       0  CODE        2
                text59                         001EE0  00001A  001EFA      3DC0       0  CODE        2
                text50                         001EFA  00001A  001F14      3DF4       0  CODE        2
                text32                         001F14  00001B  001F2F      3E28       0  CODE        2
                text86                         001F2F  00001C  001F4B      3E5E       0  CODE        2
                text71                         001F4B  00001C  001F67      3E96       0  CODE        2
                text39                         001F67  00001D  001F84      3ECE       0  CODE        2
                text68                         001F84  00001E  001FA2      3F08       0  CODE        2
                text138                        001FA2  00001F  001FC1      3F44       0  CODE        2
                text44                         001FC1  00001F  001FE0      3F82       0  CODE        2
                text5                          001FE0  000020  002000      3FC0       0  CODE        2
                config                         008007  000002  008009     1000E       0  CONFIG      2


UNUSED ADDRESS RANGES

        Name                Unused          Largest block    Delta
        BANK10           00520-0056F              50           1
        BANK11           005A0-005EF              50           1
        BANK12           00620-0064F              30           1
        BANK3            001E4-001EF               C           1
        BANK4            00240-0026F              30           1
        BANK5            002A0-002EF              50           1
        BANK6            00320-0036F              50           1
        BANK7            003A0-003EF              50           1
        BANK8            00420-0046F              50           1
        BANK9            004A0-004EF              50           1
        BIGRAM           02000-023EF             3F0           1
        CODE             01800-01B15             316           2
                         02000-03FFF             800
        CONST            01800-01B15             100           2
                         02000-03FFF             100
        ENTRY            01800-01B15             100           2
                         02000-03FFF             100
        IDLOC            08000-08003               4           2
        RAM              001E4-001EF               C           1
                         00240-0026F              30
                         002A0-002EF              50
                         00320-0036F              50
                         003A0-003EF              50
                         00420-0046F              50
                         004A0-004EF              50
                         00520-0056F              50
                         005A0-005EF              50
                         00620-0064F              30
        SFR0             00000-0001F              20           1
        SFR1             00080-0009F              20           1
        SFR10            00500-0051F              20           1
        SFR11            00580-0059F              20           1
        SFR12            00600-0061F              20           1
        SFR13            00680-006EF              70           1
        SFR14            00700-0076F              70           1
        SFR15            00780-007EF              70           1
        SFR16            00800-0086F              70           1
        SFR17            00880-008EF              70           1
        SFR18            00900-0096F              70           1
        SFR19            00980-009EF              70           1
        SFR2             00100-0011F              20           1
        SFR20            00A00-00A6F              70           1
        SFR21            00A80-00AEF              70           1
        SFR22            00B00-00B6F              70           1
        SFR23            00B80-00BEF              70           1
        SFR24            00C00-00C6F              70           1
        SFR25            00C80-00CEF              70           1
        SFR26            00D00-00D6F              70           1
        SFR27            00D80-00DEF              70           1
        SFR28            00E00-00E6F              70           1
        SFR29            00E80-00EEF              70           1
        SFR3             00180-0019F              20           1
        SFR30            00F00-00F6F              70           1
        SFR31            00F80-00FEF              70           1
        SFR4             00200-0021F              20           1
        SFR5             00280-0029F              20           1
        SFR6             00300-0031F              20           1
        SFR7             00380-0039F              20           1
        SFR8             00400-0041F              20           1
        SFR9             00480-0049F              20           1
        STACK            02160-0231F             1C0           1
        STRCODE          01800-01B15             316           2
                         02000-03FFF            2000
        STRING           01800-01B15             100           2
                         02000-03FFF             100

                                  Symbol Table

?___awdiv                                 cstackBANK0  00020
?___awtoft                                cstackBANK0  00028
?___ftadd                                 cstackBANK0  00041
?___ftdiv                                 cstackBANK0  0002E
?___ftmul                                 cstackBANK0  0002E
?___ftneg                                 cstackBANK0  0003E
?___ftpack                                cstackBANK0  00020
?___fttol                                 cstackBANK0  0004E
?___lwdiv                                 cstackBANK0  00020
?___wmul                                  cstackBANK0  00020
?_getAD                                   cstackBANK0  00020
?_getBuz_GO                               cstackBANK0  00020
?i1___awdiv                               cstackCOMMON 00070
CC2500_InitPATable@loop_d                 cstackBANK0  00027
CC2500_InitPATable@temp                   cstackBANK0  00026
CC2500_InitSetREG@loop_c                  cstackBANK0  00028
CC2500_InitSetREG@temp1                   cstackBANK0  00026
CC2500_InitSetREG@temp2                   cstackBANK0  00027
CC2500_ReadByte@loop_b                    cstackBANK0  00021
CC2500_ReadStatus@status_addr             cstackBANK0  00023
CC2500_RxData@loop_f                      cstackBANK0  00025
CC2500_TxData@loop_e                      cstackBANK0  00025
CC2500_WriteByte@loop_a                   cstackBANK0  00021
CC2500_WriteCommand@command               cstackBANK0  00023
CC2500_WriteREG@value                     cstackBANK0  00022
CC2500_WriteREG@w_addr                    cstackBANK0  00024
DelayOffPointSelect@sw                    cstackBANK0  00021
DelayTime_1us@count                       cstackBANK0  00020
DelayTime_1us@i                           cstackBANK0  00022
DelayTime_1us@j                           cstackBANK0  00024
DimmerLights_SelectPointer@lights         cstackBANK0  00021
DimmerLights_TMR_1@count                  cstackCOMMON 00072
DlyOff_Initialization@sw                  cstackBANK0  00022
DlyOff_Main@sw                            cstackBANK0  00067
Exception_Main@count                      cstackBANK0  0002F
Exception_Main@error                      cstackBANK0  00035
Exception_Main@i                          cstackBANK0  00030
Exception_Main@i_3413                     cstackBANK0  00032
Exception_Main@lights                     cstackBANK0  00034
Exception_Main@status                     cstackBANK0  0002E
Flash_Memory_Initialization@i             cstackBANK0  00063
Flash_Memory_Modify@i                     cstackBANK0  00025
Flash_Memory_Read@address                 cstackBANK0  00022
Flash_Memory_Read@i                       cstackBANK0  00021
Flash_Memory_Read@ret                     cstackBANK0  00023
Flash_Memory_Write@i                      cstackBANK0  00021
LedPointSelect@led                        cstackBANK0  00021
Load_Main@ErrorCountValue                 cstackBANK0  0002D
Load_Main@LightsCount                     cstackBANK0  0002F
Load_Main@Load_RunStatus                  cstackBANK0  0002E
Load_Main@error                           cstackBANK0  0002C
Load_Main@i                               cstackBANK0  00030
SwPointSelect@sw                          cstackBANK0  00021
_ADCON0                                   (abs)        0009D
_ADCON1                                   (abs)        0009E
_ADC_Set                                  text62       01B6F
_ADRESH                                   (abs)        0009C
_ADRESL                                   (abs)        0009B
_ANSELA                                   (abs)        0018C
_ANSELB                                   (abs)        0018D
_ANSELC                                   (abs)        0018E
_Buz1                                     bssBANK1     000BB
_Buzzer_Initialization                    text136      01B17
_Buzzer_Main                              text135      01428
_CC2500_ClearRXFIFO                       text49       01B41
_CC2500_ClearTXFIFO                       text48       01B45
_CC2500_FrequencyCabr                     text46       01C52
_CC2500_InitPATable                       text44       01FC1
_CC2500_InitSetREG                        text43       0111E
_CC2500_PowerOnInitial                    text40       01DE0
_CC2500_PowerRST                          text42       013E4
_CC2500_ReadByte                          text39       01F67
_CC2500_ReadStatus                        text38       010F9
_CC2500_RxData                            text37       00892
_CC2500_SIDLEMode                         text41       01B49
_CC2500_TxData                            text36       008FD
_CC2500_WriteByte                         text53       01EAD
_CC2500_WriteCommand                      text50       01EFA
_CC2500_WriteREG                          text45       010D6
_CC2500_patable_vaule                     stringtext   0105E
_CC2500_registers_address                 stringtext   01000
_CC2500_rfSettings                        stringtext   0102F
_CFGS                                     (abs)        00CAE
_CRC                                      bssBANK1     000CF
_Cmd                                      bssBANK1     000D0
_DelayOff                                 bssBANK1     000D1
_DelayOffPointSelect                      text134      01BDA
_DelayOff_Initialization                  text132      01B29
_DelayOff_Main                            text123      01B2D
_DelayTime_1us                            text47       00801
_Dimmer                                   bssBANK3     001A0
_DimmerIntr                               bssBANK2     00145
_DimmerIntr1                              bssBANK1     000C7
_DimmerIntr_Initialization                text122      01E7B
_DimmerLights                             bssBANK1     000D2
_DimmerLights1                            bssBANK3     001D3
_DimmerLights_IOC_1                       text141      010B3
_DimmerLights_Initialization              text120      01B68
_DimmerLights_Main                        text86       01F2F
_DimmerLights_SelectPointer               text131      01BE6
_DimmerLights_TMR_1                       text139      00B2E
_DlyOff_Initialization                    text133      01B56
_DlyOff_Main                              text124      00969
_DlySw1                                   bssBANK3     001DB
_Exception_Main                           text84       0063B
_FREE                                     (abs)        00CAC
_FVRCON                                   (abs)        00117
_Flash_Memory_Erasing                     text78       01C2E
_Flash_Memory_Initialization              text79       00478
_Flash_Memory_Main                        text76       01213
_Flash_Memory_Modify                      text77       014C3
_Flash_Memory_Read                        text83       01EC6
_Flash_Memory_Unlock                      text82       01BA7
_Flash_Memory_Write                       text81       01148
_Fosc_Set                                 text61       01B39
_GIE                                      (abs)        0005F
_GO_nDONE                                 (abs)        004E9
_IOCBF                                    (abs)        00396
_IOCBF2                                   (abs)        01CB2
_IOCBN                                    (abs)        00395
_IOCBP                                    (abs)        00394
_IOCIE                                    (abs)        0005B
_IOCIF                                    (abs)        00058
_IOC_ISR                                  text140      01B95
_IOC_Set                                  text60       01BBA
_IO_Set                                   text59       01EE0
_ISR                                      intentry     00004
_LATA                                     (abs)        0010C
_LATB                                     (abs)        0010D
_LATC                                     (abs)        0010E
_LED                                      bssBANK1     000D3
_LED_Initialization                       text74       01B31
_LED_Main                                 text72       01B35
_LWLO                                     (abs)        00CAD
_LedPointSelect                           text90       01C16
_Light                                    bssBANK2     00146
_Load                                     bssBANK2     00148
_Load_Initialization                      text70       01B1A
_Load_Main                                text63       0004C
_Load_Main$3756                           cstackBANK0  0002A
_Mcu_Initialization                       text56       01D34
_Memory                                   bssBANK3     001A5
_OSCCON                                   (abs)        00099
_PEIE                                     (abs)        0005E
_PMADRH                                   (abs)        00192
_PMADRL                                   (abs)        00191
_PMCON2                                   (abs)        00196
_PMDATH                                   (abs)        00194
_PMDATL                                   (abs)        00193
_PORTA                                    (abs)        0000C
_PORTB                                    (abs)        0000D
_PORTC                                    (abs)        0000E
_RA0                                      (abs)        00060
_RA4                                      (abs)        00064
_RA6                                      (abs)        00066
_RA7                                      (abs)        00067
_RB0                                      (abs)        00068
_RB1                                      (abs)        00069
_RB2                                      (abs)        0006A
_RB3                                      (abs)        0006B
_RB5                                      (abs)        0006D
_RC0                                      (abs)        00070
_RC1                                      (abs)        00071
_RC3                                      (abs)        00073
_RC4                                      (abs)        00074
_RC5                                      (abs)        00075
_RD                                       (abs)        00CA8
_RF1                                      bssBANK1     000A0
_RF_Count                                 bssBANK2     00141
_RF_Data                                  bssBANK2     00120
_RF_Initialization                        text54       01B1D
_RF_Main                                  text23       01B20
_RF_RxDisable                             text35       01C79
_RF_Timeout_Counter                       text52       01DCB
_RSSI                                     bssBANK2     00147
_Receive_OK                               bitbssBANK1  00778
_Rx_Length                                bssBANK1     000D4
_SPI0Buffer                               bssBANK1     000D5
_Sw                                       bssBANK1     000D6
_Sw1                                      bssBANK3     001CA
_SwDetect                                 bssBANK1     000D7
_SwPointSelect                            text17       01C5E
_Switch_Initialization                    text21       01B4D
_Switch_Main                              text12       01B76
_T1CON                                    (abs)        00018
_TMR1H                                    (abs)        00017
_TMR1IE                                   (abs)        00488
_TMR1IF                                   (abs)        00088
_TMR1L                                    (abs)        00016
_TMR1_ISR                                 text138      01FA2
_TMR1_Set                                 text58       01C3A
_TRISA                                    (abs)        0008C
_TRISB                                    (abs)        0008D
_TRISC                                    (abs)        0008E
_Temp                                     bssBANK1     000DC
_Temp_Initialization                      text10       01B23
_Temp_Main                                text8        01B26
_Timeout_Counter                          text20       01DF5
_Timer1                                   bssBANK2     0013E
_TouchPower                               text18       01E0A
_Transceive_OK                            bitbssCOMMON 003E8
_Tx_Length                                bssBANK1     000D8
_VarErrLED                                bssBANK3     001E0
_WDT                                      bssBANK2     00143
_WDTCON                                   (abs)        00097
_WDT_Clearing                             text7        00002
_WDT_Main                                 text6        01D46
_WDT_Set                                  text57       01C46
_WPUB                                     (abs)        0020D
_WR                                       (abs)        00CA9
_WREN                                     (abs)        00CAA
__CFG_BOREN$OFF                           (abs)        00000
__CFG_FOSC$INTOSC                         (abs)        00000
__CFG_VCAPEN$OFF                          (abs)        00000
__CFG_WDTE$ON                             (abs)        00000
__CFG_WRT$HALF                            (abs)        00000
__Habs1                                   abs1         00000
__Hbank0                                  bank0        00000
__Hbank1                                  bank1        00000
__Hbank10                                 bank10       00000
__Hbank11                                 bank11       00000
__Hbank12                                 bank12       00000
__Hbank13                                 bank13       00000
__Hbank14                                 bank14       00000
__Hbank15                                 bank15       00000
__Hbank16                                 bank16       00000
__Hbank17                                 bank17       00000
__Hbank18                                 bank18       00000
__Hbank19                                 bank19       00000
__Hbank2                                  bank2        00000
__Hbank20                                 bank20       00000
__Hbank21                                 bank21       00000
__Hbank22                                 bank22       00000
__Hbank23                                 bank23       00000
__Hbank24                                 bank24       00000
__Hbank25                                 bank25       00000
__Hbank26                                 bank26       00000
__Hbank27                                 bank27       00000
__Hbank28                                 bank28       00000
__Hbank29                                 bank29       00000
__Hbank3                                  bank3        00000
__Hbank30                                 bank30       00000
__Hbank31                                 bank31       00000
__Hbank4                                  bank4        00000
__Hbank5                                  bank5        00000
__Hbank6                                  bank6        00000
__Hbank7                                  bank7        00000
__Hbank8                                  bank8        00000
__Hbank9                                  bank9        00000
__Hbigram                                 bigram       00000
__HbitbssBANK1                            bitbssBANK1  00000
__HbitbssCOMMON                           bitbssCOMMON 00000
__HbssBANK1                               bssBANK1     00000
__HbssBANK2                               bssBANK2     00000
__HbssBANK3                               bssBANK3     00000
__Hcinit                                  cinit        0004C
__Hclrtext                                clrtext      00000
__Hcode                                   code         00000
__Hcommon                                 common       00000
__Hconfig                                 config       08009
__HcstackBANK0                            cstackBANK0  00000
__HcstackBANK1                            cstackBANK1  00000
__HcstackCOMMON                           cstackCOMMON 00000
__HdataBANK4                              dataBANK4    00000
__Heeprom_data                            eeprom_data  00000
__Hend_init                               end_init     00022
__Hfunctab                                functab      00000
__HidataBANK4                             idataBANK4   00000
__Hidloc                                  idloc        00000
__Hinit                                   init         00020
__Hinittext                               inittext     00000
__Hintentry                               intentry     00020
__Hmaintext                               maintext     00000
__HnvBANK1                                nvBANK1      00000
__Hpowerup                                powerup      00000
__Hram                                    ram          00000
__Hreset_vec                              reset_vec    00002
__Hsfr0                                   sfr0         00000
__Hsfr1                                   sfr1         00000
__Hsfr10                                  sfr10        00000
__Hsfr11                                  sfr11        00000
__Hsfr12                                  sfr12        00000
__Hsfr13                                  sfr13        00000
__Hsfr14                                  sfr14        00000
__Hsfr15                                  sfr15        00000
__Hsfr16                                  sfr16        00000
__Hsfr17                                  sfr17        00000
__Hsfr18                                  sfr18        00000
__Hsfr19                                  sfr19        00000
__Hsfr2                                   sfr2         00000
__Hsfr20                                  sfr20        00000
__Hsfr21                                  sfr21        00000
__Hsfr22                                  sfr22        00000
__Hsfr23                                  sfr23        00000
__Hsfr24                                  sfr24        00000
__Hsfr25                                  sfr25        00000
__Hsfr26                                  sfr26        00000
__Hsfr27                                  sfr27        00000
__Hsfr28                                  sfr28        00000
__Hsfr29                                  sfr29        00000
__Hsfr3                                   sfr3         00000
__Hsfr30                                  sfr30        00000
__Hsfr31                                  sfr31        00000
__Hsfr4                                   sfr4         00000
__Hsfr5                                   sfr5         00000
__Hsfr6                                   sfr6         00000
__Hsfr7                                   sfr7         00000
__Hsfr8                                   sfr8         00000
__Hsfr9                                   sfr9         00000
__Hspace_0                                (abs)        08009
__Hspace_1                                (abs)        00779
__Hspace_2                                (abs)        00000
__Hspace_3                                (abs)        00000
__Hstack                                  stack        00000
__Hstrings                                strings      00000
__Hstringtext                             stringtext   00000
__Htext                                   text         00000
__Labs1                                   abs1         00000
__Lbank0                                  bank0        00000
__Lbank1                                  bank1        00000
__Lbank10                                 bank10       00000
__Lbank11                                 bank11       00000
__Lbank12                                 bank12       00000
__Lbank13                                 bank13       00000
__Lbank14                                 bank14       00000
__Lbank15                                 bank15       00000
__Lbank16                                 bank16       00000
__Lbank17                                 bank17       00000
__Lbank18                                 bank18       00000
__Lbank19                                 bank19       00000
__Lbank2                                  bank2        00000
__Lbank20                                 bank20       00000
__Lbank21                                 bank21       00000
__Lbank22                                 bank22       00000
__Lbank23                                 bank23       00000
__Lbank24                                 bank24       00000
__Lbank25                                 bank25       00000
__Lbank26                                 bank26       00000
__Lbank27                                 bank27       00000
__Lbank28                                 bank28       00000
__Lbank29                                 bank29       00000
__Lbank3                                  bank3        00000
__Lbank30                                 bank30       00000
__Lbank31                                 bank31       00000
__Lbank4                                  bank4        00000
__Lbank5                                  bank5        00000
__Lbank6                                  bank6        00000
__Lbank7                                  bank7        00000
__Lbank8                                  bank8        00000
__Lbank9                                  bank9        00000
__Lbigram                                 bigram       00000
__LbitbssBANK1                            bitbssBANK1  00000
__LbitbssCOMMON                           bitbssCOMMON 00000
__LbssBANK1                               bssBANK1     00000
__LbssBANK2                               bssBANK2     00000
__LbssBANK3                               bssBANK3     00000
__Lcinit                                  cinit        00022
__Lclrtext                                clrtext      00000
__Lcode                                   code         00000
__Lcommon                                 common       00000
__Lconfig                                 config       08007
__LcstackBANK0                            cstackBANK0  00000
__LcstackBANK1                            cstackBANK1  00000
__LcstackCOMMON                           cstackCOMMON 00000
__LdataBANK4                              dataBANK4    00000
__Leeprom_data                            eeprom_data  00000
__Lend_init                               end_init     00020
__Lfunctab                                functab      00000
__LidataBANK4                             idataBANK4   00000
__Lidloc                                  idloc        00000
__Linit                                   init         00020
__Linittext                               inittext     00000
__Lintentry                               intentry     00004
__Lmaintext                               maintext     00000
__LnvBANK1                                nvBANK1      00000
__Lpowerup                                powerup      00000
__Lram                                    ram          00000
__Lreset_vec                              reset_vec    00000
__Lsfr0                                   sfr0         00000
__Lsfr1                                   sfr1         00000
__Lsfr10                                  sfr10        00000
__Lsfr11                                  sfr11        00000
__Lsfr12                                  sfr12        00000
__Lsfr13                                  sfr13        00000
__Lsfr14                                  sfr14        00000
__Lsfr15                                  sfr15        00000
__Lsfr16                                  sfr16        00000
__Lsfr17                                  sfr17        00000
__Lsfr18                                  sfr18        00000
__Lsfr19                                  sfr19        00000
__Lsfr2                                   sfr2         00000
__Lsfr20                                  sfr20        00000
__Lsfr21                                  sfr21        00000
__Lsfr22                                  sfr22        00000
__Lsfr23                                  sfr23        00000
__Lsfr24                                  sfr24        00000
__Lsfr25                                  sfr25        00000
__Lsfr26                                  sfr26        00000
__Lsfr27                                  sfr27        00000
__Lsfr28                                  sfr28        00000
__Lsfr29                                  sfr29        00000
__Lsfr3                                   sfr3         00000
__Lsfr30                                  sfr30        00000
__Lsfr31                                  sfr31        00000
__Lsfr4                                   sfr4         00000
__Lsfr5                                   sfr5         00000
__Lsfr6                                   sfr6         00000
__Lsfr7                                   sfr7         00000
__Lsfr8                                   sfr8         00000
__Lsfr9                                   sfr9         00000
__Lspace_0                                (abs)        00000
__Lspace_1                                (abs)        00000
__Lspace_2                                (abs)        00000
__Lspace_3                                (abs)        00000
__Lstack                                  stack        00000
__Lstrings                                strings      00000
__Lstringtext                             stringtext   00000
__Ltext                                   text         00000
__S0                                      (abs)        08009
__S1                                      (abs)        00240
__S2                                      (abs)        00000
___awdiv                                  text128      01568
___awdiv@counter                          cstackBANK0  00025
___awdiv@dividend                         cstackBANK0  00022
___awdiv@divisor                          cstackBANK0  00020
___awdiv@quotient                         cstackBANK0  00027
___awdiv@sign                             cstackBANK0  00026
___awtoft                                 text114      01091
___awtoft@c                               cstackBANK0  00028
___awtoft@sign                            cstackBANK0  0002D
___bmul                                   text95       01D10
___bmul@multiplicand                      cstackBANK0  00020
___bmul@multiplier                        cstackBANK0  00023
___bmul@product                           cstackBANK0  00022
___ftadd                                  text113      00382
___ftadd@exp1                             cstackBANK0  0004D
___ftadd@exp2                             cstackBANK0  0004C
___ftadd@f1                               cstackBANK0  00041
___ftadd@f2                               cstackBANK0  00044
___ftadd@sign                             cstackBANK0  0004B
___ftdiv                                  text112      00D37
___ftdiv@cntr                             cstackBANK0  00038
___ftdiv@exp                              cstackBANK0  0003C
___ftdiv@f1                               cstackBANK0  00031
___ftdiv@f2                               cstackBANK0  0002E
___ftdiv@f3                               cstackBANK0  00039
___ftdiv@sign                             cstackBANK0  0003D
[...]
 This function calls:
		Nothing
 This function is called by:
		_DlyOff_Initialization
		_DlyOff_Main
		_setDelayOff_GO
		_getDelayOff_GO
 This function uses a non-reentrant model


 *************** function _Buzzer_Main *****************
 Defined at:
		line 46 in file "../src/Buzzer_B1.c"
 Parameters:    Size  Location     Type
		None
 Auto vars:     Size  Location     Type
		None
 Return value:  Size  Location     Type
		None               void
 Registers used:
		wreg, status,2, status,0
 Tracked objects:
		On entry : 
		On exit  : 
		Unchanged: 
 Data sizes:     COMMON   BANK0   BANK1   BANK2   BANK3   BANK4   BANK5   BANK6   BANK7   BANK8   BANK9  BANK10  BANK11  BANK12
      Params:         0       0       0       0       0       0       0       0       0       0       0       0       0       0
      Locals:         0       0       0       0       0       0       0       0       0       0       0       0       0       0
      Temps:          0       1       0       0       0       0       0       0       0       0       0       0       0       0
      Totals:         0       1       0       0       0       0       0       0       0       0       0       0       0       0
Total ram usage:        1 bytes
 Hardware stack levels used:    1
 Hardware stack levels required when called:    4
 This function calls:
		Nothing
 This function is called by:
		_main
 This function uses a non-reentrant model


 *************** function _Buzzer_Initialization *****************
 Defined at:
		line 11 in file "../src/Buzzer_B1.c"
 Parameters:    Size  Location     Type
		None
 Auto vars:     Size  Location     Type
		None
 Return value:  Size  Location     Type
		None               void
 Registers used:
		None
 Tracked objects:
		On entry : 
		On exit  : 
		Unchanged: 
 Data sizes:     COMMON   BANK0   BANK1   BANK2   BANK3   BANK4   BANK5   BANK6   BANK7   BANK8   BANK9  BANK10  BANK11  BANK12
      Params:         0       0       0       0       0       0       0       0       0       0       0       0       0       0
      Locals:         0       0       0       0       0       0       0       0       0       0       0       0       0       0
      Temps:          0       0       0       0       0       0       0       0       0       0       0       0       0       0
      Totals:         0       0       0       0       0       0       0       0       0       0       0       0       0       0
Total ram usage:        0 bytes
 Hardware stack levels used:    1
 Hardware stack levels required when called:    4
 This function calls:
		Nothing
 This function is called by:
		_main
 This function uses a non-reentrant model


 *************** function _ISR *****************
 Defined at:
		line 116 in file "../src/MCU_B1.c"
 Parameters:    Size  Location     Type
		None
 Auto vars:     Size  Location     Type
		None
 Return value:  Size  Location     Type
		None               void
 Registers used:
		wreg, fsr1l, fsr1h, status,2, status,0, pclath, cstack
 Tracked objects:
		On entry : 
		On exit  : 
		Unchanged: 
 Data sizes:     COMMON   BANK0   BANK1   BANK2   BANK3   BANK4   BANK5   BANK6   BANK7   BANK8   BANK9  BANK10  BANK11  BANK12
      Params:         0       0       0       0       0       0       0       0       0       0       0       0       0       0
      Locals:         0       0       0       0       0       0       0       0       0       0       0       0       0       0
      Temps:          1       0       0       0       0       0       0       0       0       0       0       0       0       0
      Totals:         1       0       0       0       0       0       0       0       0       0       0       0       0       0
Total ram usage:        1 bytes
 Hardware stack levels used:    1
 Hardware stack levels required when called:    3
 This function calls:
		_IOC_ISR
		_TMR1_ISR
 This function is called by:
		Interrupt level 1
 This function uses a non-reentrant model


 *************** function _TMR1_ISR *****************
 Defined at:
		line 236 in file "../src/MCU_B1.c"
 Parameters:    Size  Location     Type
		None
 Auto vars:     Size  Location     Type
		None
 Return value:  Size  Location     Type
		None               void
 Registers used:
		wreg, fsr1l, fsr1h, status,2, status,0, pclath, cstack
 Tracked objects:
		On entry : 
		On exit  : 
		Unchanged: 
 Data sizes:     COMMON   BANK0   BANK1   BANK2   BANK3   BANK4   BANK5   BANK6   BANK7   BANK8   BANK9  BANK10  BANK11  BANK12
      Params:         0       0       0       0       0       0       0       0       0       0       0       0       0       0
      Locals:         0       0       0       0       0       0       0       0       0       0       0       0       0       0
      Temps:          0       0       0       0       0       0       0       0       0       0       0       0       0       0
      Totals:         0       0       0       0       0       0       0       0       0       0       0       0       0       0
Total ram usage:        0 bytes
 Hardware stack levels used:    1
 Hardware stack levels required when called:    1
 This function calls:
		_DimmerLights_TMR_1
 This function is called by:
		_ISR
 This function uses a non-reentrant model


 *************** function _DimmerLights_TMR_1 *****************
 Defined at:
		line 1307 in file "../src/Dimmer_B1.c"
 Parameters:    Size  Location     Type
		None
 Auto vars:     Size  Location     Type
  count           1    2[COMMON] unsigned char 
 Return value:  Size  Location     Type
		None               void
 Registers used:
		wreg, status,2, status,0
 Tracked objects:
		On entry : 
		On exit  : 
		Unchanged: 
 Data sizes:     COMMON   BANK0   BANK1   BANK2   BANK3   BANK4   BANK5   BANK6   BANK7   BANK8   BANK9  BANK10  BANK11  BANK12
      Params:         0       0       0       0       0       0       0       0       0       0       0       0       0       0
      Locals:         1       0       0       0       0       0       0       0       0       0       0       0       0       0
      Temps:          2       0       0       0       0       0       0       0       0       0       0       0       0       0
      Totals:         3       0       0       0       0       0       0       0       0       0       0       0       0       0
Total ram usage:        3 bytes
 Hardware stack levels used:    1
 This function calls:
		Nothing
 This function is called by:
		_TMR1_ISR
 This function uses a non-reentrant model


 *************** function _IOC_ISR *****************
 Defined at:
		line 394 in file "../src/MCU_B1.c"
 Parameters:    Size  Location     Type
		None
 Auto vars:     Size  Location     Type
		None
 Return value:  Size  Location     Type
		None               void
 Registers used:
		wreg, status,2, status,0, pclath, cstack
 Tracked objects:
		On entry : 
		On exit  : 
		Unchanged: 
 Data sizes:     COMMON   BANK0   BANK1   BANK2   BANK3   BANK4   BANK5   BANK6   BANK7   BANK8   BANK9  BANK10  BANK11  BANK12
      Params:         0       0       0       0       0       0       0       0       0       0       0       0       0       0
      Locals:         0       0       0       0       0       0       0       0       0       0       0       0       0       0
      Temps:          0       0       0       0       0       0       0       0       0       0       0       0       0       0
      Totals:         0       0       0       0       0       0       0       0       0       0       0       0       0       0
Total ram usage:        0 bytes
 Hardware stack levels used:    1
 Hardware stack levels required when called:    2
 This function calls:
		_DimmerLights_IOC_1
 This function is called by:
		_ISR
 This function uses a non-reentrant model


 *************** function _DimmerLights_IOC_1 *****************
 Defined at:
		line 1381 in file "../src/Dimmer_B1.c"
 Parameters:    Size  Location     Type
		None
 Auto vars:     Size  Location     Type
		None
 Return value:  Size  Location     Type
		None               void
 Registers used:
		wreg, status,2, status,0, pclath, cstack
 Tracked objects:
		On entry : 
		On exit  : 
		Unchanged: 
 Data sizes:     COMMON   BANK0   BANK1   BANK2   BANK3   BANK4   BANK5   BANK6   BANK7   BANK8   BANK9  BANK10  BANK11  BANK12
      Params:         0       0       0       0       0       0       0       0       0       0       0       0       0       0
      Locals:         0       0       0       0       0       0       0       0       0       0       0       0       0       0
      Temps:          3       0       0       0       0       0       0       0       0       0       0       0       0       0
      Totals:         3       0       0       0       0       0       0       0       0       0       0       0       0       0
Total ram usage:        3 bytes
 Hardware stack levels used:    1
 Hardware stack levels required when called:    1
 This function calls:
		i1___awdiv
 This function is called by:
		_IOC_ISR
 This function uses a non-reentrant model


 *************** function i1___awdiv *****************
 Defined at:
		line 6 in file "C:\Program Files (x86)\Microchip\xc8\v1.32\sources\common\awdiv.c"
 Parameters:    Size  Location     Type
  divisor         2    0[COMMON] int 
  dividend        2    2[COMMON] int 
 Auto vars:     Size  Location     Type
  __awdiv         2    7[COMMON] int 
  __awdiv         1    6[COMMON] unsigned char 
  __awdiv         1    5[COMMON] unsigned char 
 Return value:  Size  Location     Type
                  2    0[COMMON] int 
 Registers used:
		wreg, status,2, status,0
 Tracked objects:
		On entry : 
		On exit  : 
		Unchanged: 
 Data sizes:     COMMON   BANK0   BANK1   BANK2   BANK3   BANK4   BANK5   BANK6   BANK7   BANK8   BANK9  BANK10  BANK11  BANK12
      Params:         4       0       0       0       0       0       0       0       0       0       0       0       0       0
      Locals:         4       0       0       0       0       0       0       0       0       0       0       0       0       0
      Temps:          1       0       0       0       0       0       0       0       0       0       0       0       0       0
      Totals:         9       0       0       0       0       0       0       0       0       0       0       0       0       0
Total ram usage:        9 bytes
 Hardware stack levels used:    1
 This function calls:
		Nothing
 This function is called by:
		_DimmerLights_IOC_1
 This function uses a non-reentrant model



MODULE INFORMATION

Module		Function		Class		Link	Load	Size
C:\Program Files (x86)\Microchip\xc8\v1.32\sources\common\float.c
		___ftpack      		CODE           	1670	0000	97

C:\Program Files (x86)\Microchip\xc8\v1.32\sources\common\float.c estimated size: 97

../src/OverLoad_B1.c
		_getLoad_AD    		CODE           	0ABC	0000	114
		_getLoad_OK    		CODE           	1B7D	0000	8
		_Load_Initializ		CODE           	1B1A	0000	3
		_Load_Main     		CODE           	004C	0000	434
		_setLoad_AH_AL_		CODE           	1F4B	0000	28

../src/OverLoad_B1.c estimated size: 587

C:\Program Files (x86)\Microchip\xc8\v1.32\sources\common\awtoft.c
		___awtoft      		CODE           	1091	0000	34

C:\Program Files (x86)\Microchip\xc8\v1.32\sources\common\awtoft.c estimated size: 34

../src/MCU_B1.c
		_Fosc_Set      		CODE           	1B39	0000	4
		_IO_Set        		CODE           	1EE0	0000	26
		_WDT_Set       		CODE           	1C46	0000	12
		_WDT_Main      		CODE           	1D46	0000	18
		_ADC_Set       		CODE           	1B6F	0000	7
		_IOC_ISR       		CODE           	1B95	0000	9
		_ISR           		CODE           	0004	0000	28
		_Flash_Memory_W		CODE           	1148	0000	47
		_Flash_Memory_M		CODE           	14C3	0000	82
		_IOC_Set       		CODE           	1BBA	0000	10
		_WDT_Clearing  		CODE           	0002	0000	2
		_setMemory_Modi		CODE           	1D7E	0000	19
		_Mcu_Initializa		CODE           	1D34	0000	18
		_setMemory_Data		CODE           	1C22	0000	12
		_Flash_Memory_I		CODE           	0478	0000	238
		_getAD         		CODE           	1FE0	0000	32
		_TMR1_Set      		CODE           	1C3A	0000	12
		_setMemory_Loop		CODE           	1D91	0000	19
		_Flash_Memory_U		CODE           	1BA7	0000	9
		_Flash_Memory_R		CODE           	1EC6	0000	26
		_Flash_Memory_E		CODE           	1C2E	0000	12
		_TMR1_ISR      		CODE           	1FA2	0000	31
		_Flash_Memory_M		CODE           	1213	0000	54

../src/MCU_B1.c estimated size: 727

C:\Program Files (x86)\Microchip\xc8\v1.32\sources\common\ftmul.c
		___ftmul       		CODE           	0E91	0000	180

C:\Program Files (x86)\Microchip\xc8\v1.32\sources\common\ftmul.c estimated size: 180

../src/Buzzer_B1.c
		_Buzzer_Main   		CODE           	1428	0000	74
		_setBuz        		CODE           	15BC	0000	89
		_getBuz_GO     		CODE           	1CCB	0000	17
		_Buzzer_Initial		CODE           	1B17	0000	3

../src/Buzzer_B1.c estimated size: 183

../src/LED_B1.c
		_setLED        		CODE           	12EF	0000	57
		_LED_Main      		CODE           	1B35	0000	4
		_setLED_Initial		CODE           	1D22	0000	18
		_LedPointSelect		CODE           	1C16	0000	12
		_setLED_Main   		CODE           	1249	0000	54
		_LED_Initializa		CODE           	1B31	0000	4

../src/LED_B1.c estimated size: 149

../src/OverTemperature_B1.c
		_Temp_Initializ		CODE           	1B23	0000	3
		_Temp_Main     		CODE           	1B26	0000	3
		_setTemp_Initia		CODE           	0800	0000	1
		_getTemp_AD    		CODE           	13A4	0000	64
		_setTemp_Main  		CODE           	0DE0	0000	177

../src/OverTemperature_B1.c estimated size: 248

../src/CC2500_B1.c
		_DelayTime_1us 		CODE           	0801	0000	38
		_CC2500_Frequen		CODE           	1C52	0000	12
		_CC2500_SIDLEMo		CODE           	1B49	0000	4
		_CC2500_PowerOn		CODE           	1DE0	0000	21
		_CC2500_WriteBy		CODE           	1EAD	0000	25
		_CC2500_RxData 		CODE           	0892	0000	107
		_CC2500_TxData 		CODE           	08FD	0000	108
		_CC2500_ClearRX		CODE           	1B41	0000	4
		_CC2500_ClearTX		CODE           	1B45	0000	4
		_CC2500_InitPAT		CODE           	1FC1	0000	31
		_CC2500_WriteRE		CODE           	10D6	0000	35
		_CC2500_ReadSta		CODE           	10F9	0000	37
		_CC2500_PowerRS		CODE           	13E4	0000	68
		_CC2500_ReadByt		CODE           	1F67	0000	29
		_CC2500_InitSet		CODE           	111E	0000	42
		_CC2500_WriteCo		CODE           	1EFA	0000	26

../src/CC2500_B1.c estimated size: 591

C:\Program Files (x86)\Microchip\xc8\v1.32\sources\common\fttol.c
		___fttol       		CODE           	0C24	0000	135

C:\Program Files (x86)\Microchip\xc8\v1.32\sources\common\fttol.c estimated size: 135

C:\Program Files (x86)\Microchip\xc8\v1.32\sources\common\lwdiv.c
		___lwdiv       		CODE           	127F	0000	55

C:\Program Files (x86)\Microchip\xc8\v1.32\sources\common\lwdiv.c estimated size: 55

../src/RF_Control_B1.c
		_RF_Initializat		CODE           	1B1D	0000	3
		_getRxData     		CODE           	0A4A	0000	114
		_setRF_Main    		CODE           	0566	0000	213
		_getRF_KeyStatu		CODE           	1CDC	0000	17
		_setRF_Initiali		CODE           	1066	0000	11
		_setTxData     		CODE           	0F45	0000	187
		_setRF_TimeoutC		CODE           	1B3D	0000	4
		_RF_Timeout_Cou		CODE           	1DCB	0000	21
		_setRFSW_Contro		CODE           	1364	0000	64
		_setRF_Learn   		CODE           	1DB7	0000	20
		_setRF_Transcei		CODE           	1D58	0000	19
		_RF_Main       		CODE           	1B20	0000	3
		_setRFSW_AdjCon		CODE           	0BA4	0000	128
		_setRF_DimmerLi		CODE           	1736	0000	101
		_setControl_Lig		CODE           	09D8	0000	114
		_setLog_Code   		CODE           	11AA	0000	52
		_RF_RxDisable  		CODE           	1C79	0000	15

../src/RF_Control_B1.c estimated size: 1086

C:\Program Files (x86)\Microchip\xc8\v1.32\sources\common\awdiv.c
		___awdiv       		CODE           	1568	0000	84

C:\Program Files (x86)\Microchip\xc8\v1.32\sources\common\awdiv.c estimated size: 84

../src/Main_B1.c
		_Exception_Main		CODE           	063B	0000	213
		_my_MainTimer  		CODE           	1328	0000	60
		_setProductData		CODE           	1BF2	0000	12
		_main          		CODE           	1615	0000	91
		_Timeout_Counte		CODE           	1DF5	0000	21
		_myMain_Initial		CODE           	1DA4	0000	19
		_getMain_All_Er		CODE           	1177	0000	51
		_set_TimeoutCle		CODE           	1B51	0000	5
		_getCmd_Status 		CODE           	1CFE	0000	18
		_getMain_Lights		CODE           	1BCF	0000	11
		_getMain_All_Li		CODE           	1BB0	0000	10
		_setCmd_Status 		CODE           	1E94	0000	25

../src/Main_B1.c estimated size: 536

C:\Program Files (x86)\Microchip\xc8\v1.32\sources\common\ftadd.c
		___ftadd       		CODE           	0382	0000	246

C:\Program Files (x86)\Microchip\xc8\v1.32\sources\common\ftadd.c estimated size: 246

C:\Program Files (x86)\Microchip\xc8\v1.32\sources\common\Umul16.c
		___wmul        		CODE           	1F84	0000	30

C:\Program Files (x86)\Microchip\xc8\v1.32\sources\common\Umul16.c estimated size: 30

C:\Program Files (x86)\Microchip\xc8\v1.32\sources\common\Umul8.c
		___bmul        		CODE           	1D10	0000	18

C:\Program Files (x86)\Microchip\xc8\v1.32\sources\common\Umul8.c estimated size: 18

shared
		_CC2500_patable		STRCODE        	105E	0000	8
		i1___awdiv     		CODE           	1515	0000	83
		_CC2500_rfSetti		STRCODE        	102F	0000	47
		__initializatio		CODE           	0022	0000	38
		_CC2500_registe		STRCODE        	1000	0000	47

shared estimated size: 223

C:\Program Files (x86)\Microchip\xc8\v1.32\sources\common\ftneg.c
		___ftneg       		CODE           	1B9E	0000	9

C:\Program Files (x86)\Microchip\xc8\v1.32\sources\common\ftneg.c estimated size: 9

../src/Switch_B1.c
		_Switch_Main   		CODE           	1B76	0000	7
		_SwPointSelect 		CODE           	1C5E	0000	12
		_TouchPower    		CODE           	1E0A	0000	21
		_setSw_Main    		CODE           	01FE	0000	388
		_getSw_KeyStatu		CODE           	1CED	0000	17
		_setSw_Initiali		CODE           	1C88	0000	16
		_Switch_Initial		CODE           	1B4D	0000	4

../src/Switch_B1.c estimated size: 465

../src/Dimmer_B1.c
		_getDimmerLight		CODE           	1C98	0000	17
		_DimmerLights_S		CODE           	1BE6	0000	12
		_setDimmerLight		CODE           	12B6	0000	57
		_setDimmerIntr_		CODE           	1E63	0000	24
		_DimmerLights_M		CODE           	1F2F	0000	28
		_setDimmerLight		CODE           	11DE	0000	53
		_DimmerIntr_Ini		CODE           	1E7B	0000	25
		_getDimmerIntr_		CODE           	1C6A	0000	15
		_getAll_DimmerI		CODE           	1D6B	0000	19
		_getDimmerLight		CODE           	1BC4	0000	11
		_setDimmerIntr_		CODE           	1BFE	0000	12
		_setDimmerIntr_		CODE           	1C0A	0000	12
		_setDimmerLight		CODE           	1CA9	0000	17
		_getDimmerLight		CODE           	16D1	0000	101
		_getDimmerLight		CODE           	179B	0000	101
		_getDimmer_Load		CODE           	1B85	0000	8
		_setDimmerLight		CODE           	1B16	0000	1
		_setDimmerLight		CODE           	1472	0000	81
		_setDimmerLight		CODE           	07D8	0000	40
		_setDimmerLight		CODE           	1F14	0000	27
		_DimmerLights_I		CODE           	1B68	0000	7
		_getDimmer_Load		CODE           	1B8D	0000	8
		_setDimmerLight		CODE           	0827	0000	107
		_setDimmerIntr_		CODE           	1E35	0000	22
		_DimmerLights_I		CODE           	10B3	0000	35
		_getDimmerLight		CODE           	1E1F	0000	22
		_setDimmerLight		CODE           	0710	0000	200
		_DimmerLights_T		CODE           	0B2E	0000	118
		_setDimmerIntr_		CODE           	1E4B	0000	24

../src/Dimmer_B1.c estimated size: 1204

../src/DelayOff_B1.c
		_DelayOff_Initi		CODE           	1B29	0000	4
		_DlyOff_Main   		CODE           	0969	0000	111
		_DelayOff_Main 		CODE           	1B2D	0000	4
		_DelayOffPointS		CODE           	1BDA	0000	12
		_getDelayOff_GO		CODE           	1CBA	0000	17
		_setDelayOff_GO		CODE           	0CAB	0000	140
		_DlyOff_Initial		CODE           	1B56	0000	6

../src/DelayOff_B1.c estimated size: 294

C:\Program Files (x86)\Microchip\xc8\v1.32\sources\pic\ftdiv.c
		___ftdiv       		CODE           	0D37	0000	169

C:\Program Files (x86)\Microchip\xc8\v1.32\sources\pic\ftdiv.c estimated size: 169

