Microchip MPLAB XC8 Compiler V1.32 ()

Linker command line:

--edf=C:\Program Files (x86)\Microchip\xc8\v1.32\dat\en_msgs.txt -cs \
  -h+dist/default/production\1-8-1.Switch_1Key_Dimmer_MOSFET.X.production.sym \
  --cmf=dist/default/production\1-8-1.Switch_1Key_Dimmer_MOSFET.X.production.cmf \
  -z -Q16F1518 -oC:\Users\taianluo\AppData\Local\Temp\s66o.6 \
  -Mdist/default/production/1-8-1.Switch_1Key_Dimmer_MOSFET.X.production.map \
  -E1 -ver=XC8 -ASTACK=02160h-0231fh -pstack=STACK -ACONST=00h-0FFhx64 \
  -ACODE=00h-07FFhx8 -ASTRCODE=00h-03FFFh -AENTRY=00h-0FFhx64 \
  -ASTRING=00h-0FFhx64 -ACOMMON=070h-07Fh -ABANK0=020h-06Fh \
  -ABANK1=0A0h-0EFh -ABANK2=0120h-016Fh -ABANK3=01A0h-01EFh \
  -ABANK4=0220h-026Fh -ABANK5=02A0h-02EFh -ABANK6=0320h-036Fh \
  -ABANK7=03A0h-03EFh -ABANK8=0420h-046Fh -ABANK9=04A0h-04EFh \
  -ABANK10=0520h-056Fh -ABANK11=05A0h-05EFh -ABANK12=0620h-064Fh \
  -ABIGRAM=02000h-023EFh \
  -ARAM=020h-06Fh,0A0h-0EFh,0120h-016Fh,01A0h-01EFh,0220h-026Fh,02A0h-02EFh,0320h-036Fh,03A0h-03EFh,0420h-046Fh,04A0h-04EFh,0520h-056Fh,05A0h-05EFh,0620h-064Fh \
  -AABS1=020h-07Fh,0A0h-0EFh,0120h-016Fh,01A0h-01EFh,0220h-026Fh,02A0h-02EFh,0320h-036Fh,03A0h-03EFh,0420h-046Fh,04A0h-04EFh,0520h-056Fh,05A0h-05EFh,0620h-064Fh \
  -ASFR0=00h-01Fh -ASFR1=080h-09Fh -ASFR2=0100h-011Fh -ASFR3=0180h-019Fh \
  -ASFR4=0200h-021Fh -ASFR5=0280h-029Fh -ASFR6=0300h-031Fh \
  -ASFR7=0380h-039Fh -ASFR8=0400h-041Fh -ASFR9=0480h-049Fh \
  -ASFR10=0500h-051Fh -ASFR11=0580h-059Fh -ASFR12=0600h-061Fh \
  -ASFR13=0680h-06EFh -ASFR14=0700h-076Fh -ASFR15=0780h-07EFh \
  -ASFR16=0800h-086Fh -ASFR17=0880h-08EFh -ASFR18=0900h-096Fh \
  -ASFR19=0980h-09EFh -ASFR20=0A00h-0A6Fh -ASFR21=0A80h-0AEFh \
  -ASFR22=0B00h-0B6Fh -ASFR23=0B80h-0BEFh -ASFR24=0C00h-0C6Fh \
  -ASFR25=0C80h-0CEFh -ASFR26=0D00h-0D6Fh -ASFR27=0D80h-0DEFh \
  -ASFR28=0E00h-0E6Fh -ASFR29=0E80h-0EEFh -ASFR30=0F00h-0F6Fh \
  -ASFR31=0F80h-0FEFh -preset_vec=00h,intentry=04h,init,end_init \
  -ppowerup=CODE -pcinit=CODE -pfunctab=CODE -ACONFIG=08007h-08008h \
  -pconfig=CONFIG -DCONFIG=2 -AIDLOC=08000h-08003h -pidloc=IDLOC -DIDLOC=2 \
  -DCODE=2 -DSTRCODE=2 -DSTRING=2 -DCONST=2 -DENTRY=2 -k \
  C:\Users\taianluo\AppData\Local\Temp\s66o.obj \
  dist/default/production\1-8-1.Switch_1Key_Dimmer_MOSFET.X.production.obj 

Object code version is 3.11

Machine type is 16F1518



                Name                               Link     Load   Length Selector   Space Scale
C:\Users\taianluo\AppData\Local\Temp\s66o.obj
                end_init                             1F       1F        2        8       0
                reset_vec                             0        0        2        0       0
                config                             8007     8007        2    1000E       0
dist/default/production\1-8-1.Switch_1Key_Dimmer_MOSFET.X.production.obj
                cinit                                21       21       2A        8       0
                intentry                              4        4       1B        8       0
                text147                            1F2A     1F2A       21     3E54       0
                text146                            1B70     1B70        D     36E0       0
                text145                            1215     1215       3D     242A       0
                text144                            1A90     1A90        9     3520       0
                text143                             900      900       70     1200       0
                text142                            1EAC     1EAC       1F     3D58       0
                text140                            1A12     1A12        3     3424       0
                text139                            1395     1395       4A     272A       0
                text138                            1AEC     1AEC        C     35D8       0
                text137                            1A51     1A51        6     34A2       0
                text136                            1A24     1A24        4     3448       0
                text135                            1AF8     1AF8        C     35F0       0
                text134                            1BAA     1BAA       11     3754       0
                text133                            11A3     11A3       39     2346       0
                text132                            13DF     13DF       54     27BE       0
                text131                            1489     1489       59     2912       0
                text130                            1101     1101       35     2202       0
                text129                            1B04     1B04        C     3608       0
                text128                             891      891       6F     1122       0
                text127                            1A28     1A28        4     3450       0
                text126                            1F4B     1F4B       22     3E96       0
                text125                            1B7D     1B7D        F     36FA       0
                text124                            159A     159A       61     2B34       0
                text123                            1F6D     1F6D       22     3EDA       0
                text122                             432      432       F6        8       0
                text121                             C74      C74       A9     18E8       0
                text120                             DCE      DCE       B4     1B9C       0
                text119                            1A99     1A99        9     3532       0
                text118                             B61      B61       87     16C2       0
                text117                            15FB     15FB       65     2BF6       0
                text116                            1660     1660       65     2CC0       0
                text115                            1C7B     1C7B       13     38F6       0
                text114                            153D     153D       5D     2A7A       0
                text113                            1A10     1A10        1     3420       0
                text112                            1A63     1A63        7     34C6       0
                text111                            109A     109A       33     2134       0
                text110                            1A78     1A78        8     34F0       0
                text109                            1D42     1D42       16     3A84       0
                text108                            1B8C     1B8C        F     3718       0
                text107                            1D58     1D58       16     3AB0       0
                text106                            1B10     1B10        C     3620       0
                text105                            1BBB     1BBB       11     3776       0
                text104                            16C5     16C5       65     2D8A       0
                text103                            1C8E     1C8E       13     391C       0
                text102                             E82      E82       BB     1D04       0
                text101                            1433     1433       56     2866       0
                text100                            1C21     1C21       12     3842       0
                text99                             1BCC     1BCC       11     3798       0
                text98                             1AAB     1AAB        A     3556       0
                text97                             1D9E     1D9E       19     3B3C       0
                text96                             1C33     1C33       12     3866       0
                text95                              BE8      BE8       8C     17D0       0
                text94                             1D6E     1D6E       18     3ADC       0
                text93                             1B1C     1B1C        C     3638       0
                text92                             1D86     1D86       18     3B0C       0
                text91                             1B28     1B28        C     3650       0
                text90                             11DC     11DC       39     23B8       0
                text89                              F3D      F3D       C3     1E7A       0
                text88                             172A     172A       6B     2E54       0
                text87                             1E39     1E39       1C     3C72       0
                text86                             1AB5     1AB5        B     356A       0
                text85                              5FD      5FD       D5        8       0
                text84                             1DD0     1DD0       1A     3BA0       0
                text83                             1AA2     1AA2        9     3544       0
                text82                             103A     103A       2F     2074       0
                text81                             1B34     1B34        C     3668       0
                text80                              6D2      6D2       CA        8       0
                text79                             1B40     1B40        C     3680       0
                text78                              ADB      ADB       86     15B6       0
                text77                             1BDD     1BDD       11     37BA       0
                text76                             12CF     12CF       41     259E       0
                text75                             1C45     1C45       12     388A       0
                text74                             1A2C     1A2C        4     3458       0
                text73                             1136     1136       36     226C       0
                text72                             1A30     1A30        4     3460       0
                text71                             1E55     1E55       1C     3CAA       0
                text70                             1A15     1A15        3     342A       0
                text69                             116C     116C       37     22D8       0
                text68                             1E8E     1E8E       1E     3D1C       0
                text67                             1CA1     1CA1       13     3942       0
                text66                             1A80     1A80        8     3500       0
                text65                             1A88     1A88        8     3510       0
                text64                             1AC0     1AC0        B     3580       0
                text63                               4B       4B      263        8       0
                text62                             1A6A     1A6A        7     34D4       0
                text61                             1A34     1A34        4     3468       0
                text60                             1ACB     1ACB        B     3596       0
                text59                             1DEA     1DEA       1A     3BD4       0
                text58                             1B4C     1B4C        C     3698       0
                text57                             1AD6     1AD6        B     35AC       0
                text56                             1C57     1C57       12     38AE       0
                text55                             1AE1     1AE1        B     35C2       0
                text54                             1A18     1A18        3     3430       0
                text53                             1DB7     1DB7       19     3B6E       0
                text52                             1CEE     1CEE       15     39DC       0
                text51                             1A38     1A38        4     3470       0
                text50                             1E04     1E04       1A     3C08       0
                text49                             1A3C     1A3C        4     3478       0
                text48                             1A40     1A40        4     3480       0
                text47                             1FB2     1FB2       26     3F64       0
                text46                             1B58     1B58        C     36B0       0
                text45                             1F8F     1F8F       23     3F1E       0
                text44                             1ECB     1ECB       1F     3D96       0
                text43                             1010     1010       2A     2020       0
                text42                             1351     1351       44     26A2       0
                text41                             1A44     1A44        4     3488       0
                text40                             1D03     1D03       15     3A06       0
                text39                             1E71     1E71       1D     3CE2       0
                text38                              800      800       25        8       0
                text37                             1795     1795       6B     2F2A       0
                text36                              825      825       6C     104A       0
                text35                             1B9B     1B9B        F     3736       0
                text34                             1BEE     1BEE       11     37DC       0
                text33                             1BFF     1BFF       11     37FE       0
                text32                             1E1E     1E1E       1B     3C3C       0
                text31                              A5B      A5B       80     14B6       0
                text30                             128F     128F       40     251E       0
                text29                             1252     1252       3D     24A4       0
                text28                              9E2      9E2       79     13C4       0
                text27                             1CB4     1CB4       13     3968       0
                text26                             10CD     10CD       34     219A       0
                text25                              79C      79C       64        8       0
                text24                              528      528       D5        8       0
                text23                             1A1B     1A1B        3     3436       0
                text22                             1000     1000       10     1E7A       0
                text21                             1A48     1A48        4     3490       0
                text20                             1D18     1D18       15     3A30       0
                text19                             1A4C     1A4C        5     3498       0
                text18                             1D2D     1D2D       15     3A5A       0
                text17                             1B64     1B64        C     36C8       0
                text16                             1C10     1C10       11     3820       0
                text15                             1FD8     1FD8       28     3FB0       0
                text14                             1CDA     1CDA       14     39B4       0
                text13                              2AE      2AE      184        8       0
                text12                             1A71     1A71        7     34E2       0
                text11                             1A11     1A11        1     3422       0
                text10                             1A1E     1A1E        3     343C       0
                text9                               D1D      D1D       B1     1A3A       0
                text8                              1A21     1A21        3     3442       0
                text7                                 2        2        2        0       0
                text6                              1C69     1C69       12     38D2       0
                text5                              1EEA     1EEA       20     3DD4       0
                text4                               970      970       72     12E0       0
                text3                              1069     1069       31     20D2       0
                text2                              1CC7     1CC7       13     398E       0
                text1                              1310     1310       41     2620       0
                maintext                           14E2     14E2       5B     29C4       0
                cstackBANK0                          20       20       50       20       1
                cstackCOMMON                         70       70        D       70       1
                cstackBANK1                          E4       E4        8       A0       1
                inittext                           1A57     1A57        6     34AE       0
                clrtext                            1A5D     1A5D        6     34BA       0
                dataBANK4                           220      220       20      220       1
                bssBANK3                            1A0      1A0       4C      1A0       1
                bssBANK2                            120      120       4F      120       1
                bssBANK1                             A0       A0       44       A0       1
                bitbssBANK1                         768       ED        1       A0       1     8
                bitbssCOMMON                        3E8       7D        1       70       1     8
                nvBANK1                              EC       EC        1       A0       1
                stringtext                         1800     1800       66       30       0
                idataBANK4                         1F0A     1F0A       20     3E14       0

TOTAL           Name                               Link     Load   Length     Space
        CLASS   STACK          

        CLASS   CONST          

        CLASS   CODE           
                end_init                             1F       1F        2         0
                cinit                                21       21       2A         0
                intentry                              4        4       1B         0
                reset_vec                             0        0        2         0
                text147                            1F2A     1F2A       21         0
                text146                            1B70     1B70        D         0
                text145                            1215     1215       3D         0
                text144                            1A90     1A90        9         0
                text143                             900      900       70         0
                text142                            1EAC     1EAC       1F         0
                text140                            1A12     1A12        3         0
                text139                            1395     1395       4A         0
                text138                            1AEC     1AEC        C         0
                text137                            1A51     1A51        6         0
                text136                            1A24     1A24        4         0
                text135                            1AF8     1AF8        C         0
                text134                            1BAA     1BAA       11         0
                text133                            11A3     11A3       39         0
                text132                            13DF     13DF       54         0
                text131                            1489     1489       59         0
                text130                            1101     1101       35         0
                text129                            1B04     1B04        C         0
                text128                             891      891       6F         0
                text127                            1A28     1A28        4         0
                text126                            1F4B     1F4B       22         0
                text125                            1B7D     1B7D        F         0
                text124                            159A     159A       61         0
                text123                            1F6D     1F6D       22         0
                text122                             432      432       F6         0
                text121                             C74      C74       A9         0
                text120                             DCE      DCE       B4         0
                text119                            1A99     1A99        9         0
                text118                             B61      B61       87         0
                text117                            15FB     15FB       65         0
                text116                            1660     1660       65         0
                text115                            1C7B     1C7B       13         0
                text114                            153D     153D       5D         0
                text113                            1A10     1A10        1         0
                text112                            1A63     1A63        7         0
                text111                            109A     109A       33         0
                text110                            1A78     1A78        8         0
                text109                            1D42     1D42       16         0
                text108                            1B8C     1B8C        F         0
                text107                            1D58     1D58       16         0
                text106                            1B10     1B10        C         0
                text105                            1BBB     1BBB       11         0
                text104                            16C5     16C5       65         0
                text103                            1C8E     1C8E       13         0
                text102                             E82      E82       BB         0
                text101                            1433     1433       56         0
                text100                            1C21     1C21       12         0
                text99                             1BCC     1BCC       11         0
                text98                             1AAB     1AAB        A         0
                text97                             1D9E     1D9E       19         0
                text96                             1C33     1C33       12         0
                text95                              BE8      BE8       8C         0
                text94                             1D6E     1D6E       18         0
                text93                             1B1C     1B1C        C         0
                text92                             1D86     1D86       18         0
                text91                             1B28     1B28        C         0
                text90                             11DC     11DC       39         0
                text89                              F3D      F3D       C3         0
                text88                             172A     172A       6B         0
                text87                             1E39     1E39       1C         0
                text86                             1AB5     1AB5        B         0
                text85                              5FD      5FD       D5         0
                text84                             1DD0     1DD0       1A         0
                text83                             1AA2     1AA2        9         0
                text82                             103A     103A       2F         0
                text81                             1B34     1B34        C         0
                text80                              6D2      6D2       CA         0
                text79                             1B40     1B40        C         0
                text78                              ADB      ADB       86         0
                text77                             1BDD     1BDD       11         0
                text76                             12CF     12CF       41         0
                text75                             1C45     1C45       12         0
                text74                             1A2C     1A2C        4         0
                text73                             1136     1136       36         0
                text72                             1A30     1A30        4         0
                text71                             1E55     1E55       1C         0
                text70                             1A15     1A15        3         0
                text69                             116C     116C       37         0
                text68                             1E8E     1E8E       1E         0
                text67                             1CA1     1CA1       13         0
                text66                             1A80     1A80        8         0
                text65                             1A88     1A88        8         0
                text64                             1AC0     1AC0        B         0
                text63                               4B       4B      263         0
                text62                             1A6A     1A6A        7         0
                text61                             1A34     1A34        4         0
                text60                             1ACB     1ACB        B         0
                text59                             1DEA     1DEA       1A         0
                text58                             1B4C     1B4C        C         0
                text57                             1AD6     1AD6        B         0
                text56                             1C57     1C57       12         0
                text55                             1AE1     1AE1        B         0
                text54                             1A18     1A18        3         0
                text53                             1DB7     1DB7       19         0
                text52                             1CEE     1CEE       15         0
                text51                             1A38     1A38        4         0
                text50                             1E04     1E04       1A         0
                text49                             1A3C     1A3C        4         0
                text48                             1A40     1A40        4         0
                text47                             1FB2     1FB2       26         0
                text46                             1B58     1B58        C         0
                text45                             1F8F     1F8F       23         0
                text44                             1ECB     1ECB       1F         0
                text43                             1010     1010       2A         0
                text42                             1351     1351       44         0
                text41                             1A44     1A44        4         0
                text40                             1D03     1D03       15         0
                text39                             1E71     1E71       1D         0
                text38                              800      800       25         0
                text37                             1795     1795       6B         0
                text36                              825      825       6C         0
                text35                             1B9B     1B9B        F         0
                text34                             1BEE     1BEE       11         0
                text33                             1BFF     1BFF       11         0
                text32                             1E1E     1E1E       1B         0
                text31                              A5B      A5B       80         0
                text30                             128F     128F       40         0
                text29                             1252     1252       3D         0
                text28                              9E2      9E2       79         0
                text27                             1CB4     1CB4       13         0
                text26                             10CD     10CD       34         0
                text25                              79C      79C       64         0
                text24                              528      528       D5         0
                text23                             1A1B     1A1B        3         0
                text22                             1000     1000       10         0
                text21                             1A48     1A48        4         0
                text20                             1D18     1D18       15         0
                text19                             1A4C     1A4C        5         0
                text18                             1D2D     1D2D       15         0
                text17                             1B64     1B64        C         0
                text16                             1C10     1C10       11         0
                text15                             1FD8     1FD8       28         0
                text14                             1CDA     1CDA       14         0
                text13                              2AE      2AE      184         0
                text12                             1A71     1A71        7         0
                text11                             1A11     1A11        1         0
                text10                             1A1E     1A1E        3         0
                text9                               D1D      D1D       B1         0
                text8                              1A21     1A21        3         0
                text7                                 2        2        2         0
                text6                              1C69     1C69       12         0
                text5                              1EEA     1EEA       20         0
                text4                               970      970       72         0
                text3                              1069     1069       31         0
                text2                              1CC7     1CC7       13         0
                text1                              1310     1310       41         0
                maintext                           14E2     14E2       5B         0
                inittext                           1A57     1A57        6         0
                clrtext                            1A5D     1A5D        6         0
                idataBANK4                         1F0A     1F0A       20         0

        CLASS   STRCODE        
                stringtext                         1800     1800       66         0

        CLASS   ENTRY          

        CLASS   STRING         

        CLASS   COMMON         
                cstackCOMMON                         70       70        D         1
                bitbssCOMMON                        3E8       7D        1         1

        CLASS   BANK0          
                cstackBANK0                          20       20       50         1

        CLASS   BANK1          
                cstackBANK1                          E4       E4        8         1
                bssBANK1                             A0       A0       44         1
                bitbssBANK1                         768       ED        1         1
                nvBANK1                              EC       EC        1         1

        CLASS   BANK2          
                bssBANK2                            120      120       4F         1

        CLASS   BANK3          
                bssBANK3                            1A0      1A0       4C         1

        CLASS   BANK4          
                dataBANK4                           220      220       20         1

        CLASS   BANK5          

        CLASS   BANK6          

        CLASS   BANK7          

        CLASS   BANK8          

        CLASS   BANK9          

        CLASS   BANK10         

        CLASS   BANK11         

        CLASS   BANK12         

        CLASS   BIGRAM         

        CLASS   RAM            

        CLASS   ABS1           
                abs_s1                               7E       7E        2         1

        CLASS   SFR0           

        CLASS   SFR1           

        CLASS   SFR2           

        CLASS   SFR3           

        CLASS   SFR4           

        CLASS   SFR5           

        CLASS   SFR6           

        CLASS   SFR7           

        CLASS   SFR8           

        CLASS   SFR9           

        CLASS   SFR10          

        CLASS   SFR11          

        CLASS   SFR12          

        CLASS   SFR13          

        CLASS   SFR14          

        CLASS   SFR15          

        CLASS   SFR16          

        CLASS   SFR17          

        CLASS   SFR18          

        CLASS   SFR19          

        CLASS   SFR20          

        CLASS   SFR21          

        CLASS   SFR22          

        CLASS   SFR23          

        CLASS   SFR24          

        CLASS   SFR25          

        CLASS   SFR26          

        CLASS   SFR27          

        CLASS   SFR28          

        CLASS   SFR29          

        CLASS   SFR30          

        CLASS   SFR31          

        CLASS   CONFIG         
                config                             8007     8007        2         0

        CLASS   IDLOC          

        CLASS   BANK31         

        CLASS   BANK30         

        CLASS   BANK29         

        CLASS   BANK28         

        CLASS   BANK27         

        CLASS   BANK26         

        CLASS   BANK25         

        CLASS   BANK24         

        CLASS   BANK23         

        CLASS   BANK22         

        CLASS   BANK21         

        CLASS   BANK20         

        CLASS   BANK19         

        CLASS   BANK18         

        CLASS   BANK17         

        CLASS   BANK16         

        CLASS   BANK15         

        CLASS   BANK14         

        CLASS   BANK13         

        CLASS   EEDATA         



SEGMENTS        Name                           Load    Length   Top    Selector   Space  Class     Delta

                reset_vec                      000000  000004  000004         0       0  CODE        2
                intentry                       000004  000821  000825         8       0  CODE        2
                cstackBANK0                    000020  000050  000070        20       1  BANK0       1
                cstackCOMMON                   000070  00000E  00007E        70       1  COMMON      1
                bssBANK1                       0000A0  00004E  0000EE        A0       1  BANK1       1
                bssBANK2                       000120  00004F  00016F       120       1  BANK2       1
                bssBANK3                       0001A0  00004C  0001EC       1A0       1  BANK3       1
                dataBANK4                      000220  000020  000240       220       1  BANK4       1
                text36                         000825  00006C  000891      104A       0  CODE        2
                text128                        000891  00006F  000900      1122       0  CODE        2
                text143                        000900  000070  000970      1200       0  CODE        2
                text4                          000970  000072  0009E2      12E0       0  CODE        2
                text28                         0009E2  000079  000A5B      13C4       0  CODE        2
                text31                         000A5B  000080  000ADB      14B6       0  CODE        2
                text78                         000ADB  000086  000B61      15B6       0  CODE        2
                text118                        000B61  000087  000BE8      16C2       0  CODE        2
                text95                         000BE8  00008C  000C74      17D0       0  CODE        2
                text121                        000C74  0000A9  000D1D      18E8       0  CODE        2
                text9                          000D1D  0000B1  000DCE      1A3A       0  CODE        2
                text120                        000DCE  0000B4  000E82      1B9C       0  CODE        2
                text102                        000E82  0000BB  000F3D      1D04       0  CODE        2
                text89                         000F3D  0000D3  001010      1E7A       0  CODE        2
                text43                         001010  00002A  00103A      2020       0  CODE        2
                text82                         00103A  00002F  001069      2074       0  CODE        2
                text3                          001069  000031  00109A      20D2       0  CODE        2
                text111                        00109A  000033  0010CD      2134       0  CODE        2
                text26                         0010CD  000034  001101      219A       0  CODE        2
                text130                        001101  000035  001136      2202       0  CODE        2
                text73                         001136  000036  00116C      226C       0  CODE        2
                text69                         00116C  000037  0011A3      22D8       0  CODE        2
                text133                        0011A3  000039  0011DC      2346       0  CODE        2
                text90                         0011DC  000039  001215      23B8       0  CODE        2
                text145                        001215  00003D  001252      242A       0  CODE        2
                text29                         001252  00003D  00128F      24A4       0  CODE        2
                text30                         00128F  000040  0012CF      251E       0  CODE        2
                text76                         0012CF  000041  001310      259E       0  CODE        2
                text1                          001310  000041  001351      2620       0  CODE        2
                text42                         001351  000044  001395      26A2       0  CODE        2
                text139                        001395  00004A  0013DF      272A       0  CODE        2
                text132                        0013DF  000054  001433      27BE       0  CODE        2
                text101                        001433  000056  001489      2866       0  CODE        2
                text131                        001489  000059  0014E2      2912       0  CODE        2
                maintext                       0014E2  00005B  00153D      29C4       0  CODE        2
                text114                        00153D  00005D  00159A      2A7A       0  CODE        2
                text124                        00159A  000061  0015FB      2B34       0  CODE        2
                text117                        0015FB  000065  001660      2BF6       0  CODE        2
                text116                        001660  000065  0016C5      2CC0       0  CODE        2
                text104                        0016C5  000065  00172A      2D8A       0  CODE        2
                text88                         00172A  00006B  001795      2E54       0  CODE        2
                text37                         001795  00006B  001800      2F2A       0  CODE        2
                stringtext                     001800  000066  001866        30       0  STRCODE     2
                text113                        001A10  000001  001A11      3420       0  CODE        2
                text11                         001A11  000001  001A12      3422       0  CODE        2
                text140                        001A12  000003  001A15      3424       0  CODE        2
                text70                         001A15  000003  001A18      342A       0  CODE        2
                text54                         001A18  000003  001A1B      3430       0  CODE        2
                text23                         001A1B  000003  001A1E      3436       0  CODE        2
                text10                         001A1E  000003  001A21      343C       0  CODE        2
                text8                          001A21  000003  001A24      3442       0  CODE        2
                text136                        001A24  000004  001A28      3448       0  CODE        2
                text127                        001A28  000004  001A2C      3450       0  CODE        2
                text74                         001A2C  000004  001A30      3458       0  CODE        2
                text72                         001A30  000004  001A34      3460       0  CODE        2
                text61                         001A34  000004  001A38      3468       0  CODE        2
                text51                         001A38  000004  001A3C      3470       0  CODE        2
                text49                         001A3C  000004  001A40      3478       0  CODE        2
                text48                         001A40  000004  001A44      3480       0  CODE        2
                text41                         001A44  000004  001A48      3488       0  CODE        2
                text21                         001A48  000004  001A4C      3490       0  CODE        2
                text19                         001A4C  000005  001A51      3498       0  CODE        2
                text137                        001A51  000006  001A57      34A2       0  CODE        2
                inittext                       001A57  000006  001A5D      34AE       0  CODE        2
                clrtext                        001A5D  000006  001A63      34BA       0  CODE        2
                text112                        001A63  000007  001A6A      34C6       0  CODE        2
                text62                         001A6A  000007  001A71      34D4       0  CODE        2
                text12                         001A71  000007  001A78      34E2       0  CODE        2
                text110                        001A78  000008  001A80      34F0       0  CODE        2
                text66                         001A80  000008  001A88      3500       0  CODE        2
                text65                         001A88  000008  001A90      3510       0  CODE        2
                text144                        001A90  000009  001A99      3520       0  CODE        2
                text119                        001A99  000009  001AA2      3532       0  CODE        2
                text83                         001AA2  000009  001AAB      3544       0  CODE        2
                text98                         001AAB  00000A  001AB5      3556       0  CODE        2
                text86                         001AB5  00000B  001AC0      356A       0  CODE        2
                text64                         001AC0  00000B  001ACB      3580       0  CODE        2
                text60                         001ACB  00000B  001AD6      3596       0  CODE        2
                text57                         001AD6  00000B  001AE1      35AC       0  CODE        2
                text55                         001AE1  00000B  001AEC      35C2       0  CODE        2
                text138                        001AEC  00000C  001AF8      35D8       0  CODE        2
                text135                        001AF8  00000C  001B04      35F0       0  CODE        2
                text129                        001B04  00000C  001B10      3608       0  CODE        2
                text106                        001B10  00000C  001B1C      3620       0  CODE        2
                text93                         001B1C  00000C  001B28      3638       0  CODE        2
                text91                         001B28  00000C  001B34      3650       0  CODE        2
                text81                         001B34  00000C  001B40      3668       0  CODE        2
                text79                         001B40  00000C  001B4C      3680       0  CODE        2
                text58                         001B4C  00000C  001B58      3698       0  CODE        2
                text46                         001B58  00000C  001B64      36B0       0  CODE        2
                text17                         001B64  00000C  001B70      36C8       0  CODE        2
                text146                        001B70  00000D  001B7D      36E0       0  CODE        2
                text125                        001B7D  00000F  001B8C      36FA       0  CODE        2
                text108                        001B8C  00000F  001B9B      3718       0  CODE        2
                text35                         001B9B  00000F  001BAA      3736       0  CODE        2
                text134                        001BAA  000011  001BBB      3754       0  CODE        2
                text105                        001BBB  000011  001BCC      3776       0  CODE        2
                text99                         001BCC  000011  001BDD      3798       0  CODE        2
                text77                         001BDD  000011  001BEE      37BA       0  CODE        2
                text34                         001BEE  000011  001BFF      37DC       0  CODE        2
                text33                         001BFF  000011  001C10      37FE       0  CODE        2
                text16                         001C10  000011  001C21      3820       0  CODE        2
                text100                        001C21  000012  001C33      3842       0  CODE        2
                text96                         001C33  000012  001C45      3866       0  CODE        2
                text75                         001C45  000012  001C57      388A       0  CODE        2
                text56                         001C57  000012  001C69      38AE       0  CODE        2
                text6                          001C69  000012  001C7B      38D2       0  CODE        2
                text115                        001C7B  000013  001C8E      38F6       0  CODE        2
                text103                        001C8E  000013  001CA1      391C       0  CODE        2
                text67                         001CA1  000013  001CB4      3942       0  CODE        2
                text27                         001CB4  000013  001CC7      3968       0  CODE        2
                text2                          001CC7  000013  001CDA      398E       0  CODE        2
                text14                         001CDA  000014  001CEE      39B4       0  CODE        2
                text52                         001CEE  000015  001D03      39DC       0  CODE        2
                text40                         001D03  000015  001D18      3A06       0  CODE        2
                text20                         001D18  000015  001D2D      3A30       0  CODE        2
                text18                         001D2D  000015  001D42      3A5A       0  CODE        2
                text109                        001D42  000016  001D58      3A84       0  CODE        2
                text107                        001D58  000016  001D6E      3AB0       0  CODE        2
                text94                         001D6E  000018  001D86      3ADC       0  CODE        2
                text92                         001D86  000018  001D9E      3B0C       0  CODE        2
                text97                         001D9E  000019  001DB7      3B3C       0  CODE        2
                text53                         001DB7  000019  001DD0      3B6E       0  CODE        2
                text84                         001DD0  00001A  001DEA      3BA0       0  CODE        2
                text59                         001DEA  00001A  001E04      3BD4       0  CODE        2
                text50                         001E04  00001A  001E1E      3C08       0  CODE        2
                text32                         001E1E  00001B  001E39      3C3C       0  CODE        2
                text87                         001E39  00001C  001E55      3C72       0  CODE        2
                text71                         001E55  00001C  001E71      3CAA       0  CODE        2
                text39                         001E71  00001D  001E8E      3CE2       0  CODE        2
                text68                         001E8E  00001E  001EAC      3D1C       0  CODE        2
                text142                        001EAC  00001F  001ECB      3D58       0  CODE        2
                text44                         001ECB  00001F  001EEA      3D96       0  CODE        2
                text5                          001EEA  000020  001F0A      3DD4       0  CODE        2
                idataBANK4                     001F0A  000020  001F2A      3E14       0  CODE        2
                text147                        001F2A  000021  001F4B      3E54       0  CODE        2
                text126                        001F4B  000022  001F6D      3E96       0  CODE        2
                text123                        001F6D  000022  001F8F      3EDA       0  CODE        2
                text45                         001F8F  000023  001FB2      3F1E       0  CODE        2
                text47                         001FB2  000026  001FD8      3F64       0  CODE        2
                text15                         001FD8  000028  002000      3FB0       0  CODE        2
                config                         008007  000002  008009     1000E       0  CONFIG      2


UNUSED ADDRESS RANGES

        Name                Unused          Largest block    Delta
        BANK1            000EE-000EF               2           1
        BANK10           00520-0056F              50           1
        BANK11           005A0-005EF              50           1
        BANK12           00620-0064F              30           1
        BANK2            0016F-0016F               1           1
        BANK3            001EC-001EF               4           1
        BANK4            00240-0026F              30           1
        BANK5            002A0-002EF              50           1
        BANK6            00320-0036F              50           1
        BANK7            003A0-003EF              50           1
        BANK8            00420-0046F              50           1
        BANK9            004A0-004EF              50           1
        BIGRAM           02000-023EF             3F0           1
        CODE             01866-01A0F             1AA           2
                         02000-03FFF             800
        CONST            01866-01A0F             100           2
                         02000-03FFF             100
        ENTRY            01866-01A0F             100           2
                         02000-03FFF             100
        IDLOC            08000-08003               4           2
        RAM              000EE-000EF               2           1
                         0016F-0016F               1
                         001EC-001EF               4
                         00240-0026F              30
                         002A0-002EF              50
                         00320-0036F              50
                         003A0-003EF              50
                         00420-0046F              50
                         004A0-004EF              50
                         00520-0056F              50
                         005A0-005EF              50
                         00620-0064F              30
        SFR0             00000-0001F              20           1
        SFR1             00080-0009F              20           1
        SFR10            00500-0051F              20           1
        SFR11            00580-0059F              20           1
        SFR12            00600-0061F              20           1
        SFR13            00680-006EF              70           1
        SFR14            00700-0076F              70           1
        SFR15            00780-007EF              70           1
        SFR16            00800-0086F              70           1
        SFR17            00880-008EF              70           1
        SFR18            00900-0096F              70           1
        SFR19            00980-009EF              70           1
        SFR2             00100-0011F              20           1
        SFR20            00A00-00A6F              70           1
        SFR21            00A80-00AEF              70           1
        SFR22            00B00-00B6F              70           1
        SFR23            00B80-00BEF              70           1
        SFR24            00C00-00C6F              70           1
        SFR25            00C80-00CEF              70           1
        SFR26            00D00-00D6F              70           1
        SFR27            00D80-00DEF              70           1
        SFR28            00E00-00E6F              70           1
        SFR29            00E80-00EEF              70           1
        SFR3             00180-0019F              20           1
        SFR30            00F00-00F6F              70           1
        SFR31            00F80-00FEF              70           1
        SFR4             00200-0021F              20           1
        SFR5             00280-0029F              20           1
        SFR6             00300-0031F              20           1
        SFR7             00380-0039F              20           1
        SFR8             00400-0041F              20           1
        SFR9             00480-0049F              20           1
        STACK            02160-0231F             1C0           1
        STRCODE          01866-01A0F             1AA           2
                         02000-03FFF            2000
        STRING           01866-01A0F             100           2
                         02000-03FFF             100

                                  Symbol Table

?___awdiv                                 cstackBANK0  00020
?___awtoft                                cstackBANK0  00028
?___ftadd                                 cstackBANK0  00041
?___ftdiv                                 cstackBANK0  0002E
?___ftmul                                 cstackBANK0  0002E
?___ftneg                                 cstackBANK0  0003E
?___ftpack                                cstackBANK0  00020
?___fttol                                 cstackBANK0  0004E
?___lwdiv                                 cstackBANK0  00020
?___wmul                                  cstackBANK0  00020
?_getAD                                   cstackBANK0  00020
?_getBuz_GO                               cstackBANK0  00020
CC2500_InitPATable@loop_d                 cstackBANK0  00027
CC2500_InitPATable@temp                   cstackBANK0  00026
CC2500_InitSetREG@loop_c                  cstackBANK0  00028
CC2500_InitSetREG@temp1                   cstackBANK0  00026
CC2500_InitSetREG@temp2                   cstackBANK0  00027
CC2500_ReadByte@loop_b                    cstackBANK0  00021
CC2500_ReadStatus@status_addr             cstackBANK0  00023
CC2500_RxData@loop_f                      cstackBANK0  00025
CC2500_TxData@loop_e                      cstackBANK0  00025
CC2500_WriteByte@loop_a                   cstackBANK0  00021
CC2500_WriteCommand@command               cstackBANK0  00023
CC2500_WriteREG@value                     cstackBANK0  00022
CC2500_WriteREG@w_addr                    cstackBANK0  00024
DelayOffPointSelect@sw                    cstackBANK0  00021
DelayTime_1us@count                       cstackBANK0  00020
DelayTime_1us@i                           cstackBANK0  00022
DelayTime_1us@j                           cstackBANK0  00024
DimmerLights_SelectPointer@lights         cstackBANK0  00021
Division@num                              cstackBANK0  00025
Division@result                           cstackBANK0  00029
Division@value                            cstackBANK0  00028
DlyOff_Initialization@sw                  cstackBANK0  00022
DlyOff_Main@sw                            cstackBANK0  00067
Exception_Main@count                      cstackBANK0  0002F
Exception_Main@error                      cstackBANK0  00030
Exception_Main@i                          cstackBANK0  00031
Exception_Main@i_3630                     cstackBANK0  00033
Exception_Main@lights                     cstackBANK0  00035
Exception_Main@status                     cstackBANK0  0002E
Flash_Memory_Initialization@value         cstackBANK0  00025
Flash_Memory_Main@key_Status              cstackBANK0  00027
Flash_Memory_Modify@i                     cstackBANK0  00025
Flash_Memory_Read@address                 cstackBANK0  00022
Flash_Memory_Read@i                       cstackBANK0  00021
Flash_Memory_Read@ret                     cstackBANK0  00023
Flash_Memory_Write@i                      cstackBANK0  00021
LedPointSelect@led                        cstackBANK0  00021
Load_Main@ErrorCountValue                 cstackBANK0  0006A
Load_Main@LightsCount                     cstackBANK0  0006E
Load_Main@Load_RunStatus                  cstackBANK0  0006B
Load_Main@error                           cstackBANK0  00067
Load_Main@i                               cstackBANK0  0006C
SwPointSelect@sw                          cstackBANK0  00021
_ADCON0                                   (abs)        0009D
_ADCON1                                   (abs)        0009E
_ADC_Set                                  text62       01A6A
_ADRESH                                   (abs)        0009C
_ADRESL                                   (abs)        0009B
_ANSELA                                   (abs)        0018C
_ANSELB                                   (abs)        0018D
_ANSELC                                   (abs)        0018E
_Buz1                                     bssBANK2     00120
_Buzzer_Initialization                    text140      01A12
_Buzzer_Main                              text139      01395
_CC2500_ClearRXFIFO                       text49       01A3C
_CC2500_ClearTXFIFO                       text48       01A40
_CC2500_FrequencyCabr                     text46       01B58
_CC2500_InitPATable                       text44       01ECB
_CC2500_InitSetREG                        text43       01010
_CC2500_PowerOnInitial                    text40       01D03
_CC2500_PowerRST                          text42       01351
_CC2500_ReadByte                          text39       01E71
_CC2500_ReadStatus                        text38       00800
_CC2500_RxData                            text37       01795
_CC2500_SIDLEMode                         text41       01A44
_CC2500_TxData                            text36       00825
_CC2500_WriteByte                         text53       01DB7
_CC2500_WriteCommand                      text50       01E04
_CC2500_WriteREG                          text45       01F8F
_CC2500_patable_vaule                     stringtext   0185E
_CC2500_registers_address                 stringtext   01800
_CC2500_rfSettings                        stringtext   0182F
_CFGS                                     (abs)        00CAE
_CRC                                      bssBANK1     000CA
_Cmd                                      bssBANK1     000CB
_DelayOff                                 bssBANK1     000CC
_DelayOffPointSelect                      text138      01AEC
_DelayOff_Initialization                  text136      01A24
_DelayOff_Main                            text127      01A28
_DelayTime_1us                            text47       01FB2
_Dimmer                                   bssBANK2     0012C
_DimmerIntr                               bssBANK1     000CD
_DimmerIntr1                              bssBANK1     000BC
_DimmerIntr_Initialization                text114      0153D
_DimmerLights                             bssBANK1     000CE
_DimmerLights1                            bssBANK2     0015E
_DimmerLights_IOC_1                       text145      01215
_DimmerLights_Initialization              text112      01A63
_DimmerLights_Main                        text87       01E39
_DimmerLights_SelectPointer               text135      01AF8
_DimmerLights_TMR_1                       text143      00900
_Division                                 text125      01B7D
_DlyOff_Initialization                    text137      01A51
_DlyOff_Main                              text128      00891
_DlySw1                                   bssBANK2     00166
_Exception_Main                           text85       005FD
_FREE                                     (abs)        00CAC
_FVRCON                                   (abs)        00117
_Flash_Memory_Erasing                     text79       01B40
_Flash_Memory_Initialization              text80       006D2
_Flash_Memory_Main                        text76       012CF
_Flash_Memory_Main$3155                   cstackBANK0  00028
_Flash_Memory_Modify                      text78       00ADB
_Flash_Memory_Read                        text84       01DD0
_Flash_Memory_Unlock                      text83       01AA2
_Flash_Memory_Write                       text82       0103A
_Fosc_Set                                 text61       01A34
_GIE                                      (abs)        0005F
_GO_nDONE                                 (abs)        004E9
_IOCBF                                    (abs)        00396
_IOCBF2                                   (abs)        01CB2
_IOCBN                                    (abs)        00395
_IOCBP                                    (abs)        00394
_IOCIE                                    (abs)        0005B
_IOCIF                                    (abs)        00058
_IOC_ISR                                  text144      01A90
_IOC_Set                                  text60       01ACB
_IO_Set                                   text59       01DEA
_ISR                                      intentry     00004
_LATA                                     (abs)        0010C
_LATB                                     (abs)        0010D
_LATC                                     (abs)        0010E
_LED                                      bssBANK1     000CF
_LED_Initialization                       text74       01A2C
_LED_Main                                 text72       01A30
_LWLO                                     (abs)        00CAD
_LedPointSelect                           text91       01B28
_Light                                    bssBANK1     000D0
_Load                                     bssBANK2     00136
_Load_Initialization                      text70       01A15
_Load_Main                                text63       0004B
_Load_Main$3996                           cstackBANK0  00068
_Mcu_Initialization                       text56       01C57
_Memory                                   bssBANK3     001BE
_OSCCON                                   (abs)        00099
_PEIE                                     (abs)        0005E
_PMADRH                                   (abs)        00192
_PMADRL                                   (abs)        00191
_PMCON2                                   (abs)        00196
_PMDATH                                   (abs)        00194
_PMDATL                                   (abs)        00193
_PORTA                                    (abs)        0000C
_PORTB                                    (abs)        0000D
_PORTC                                    (abs)        0000E
_RA0                                      (abs)        00060
_RA4                                      (abs)        00064
_RA6                                      (abs)        00066
_RA7                                      (abs)        00067
_RB0                                      (abs)        00068
_RB1                                      (abs)        00069
_RB2                                      (abs)        0006A
_RB3                                      (abs)        0006B
_RB5                                      (abs)        0006D
_RC0                                      (abs)        00070
_RC1                                      (abs)        00071
_RC3                                      (abs)        00073
_RC4                                      (abs)        00074
_RC5                                      (abs)        00075
_RD                                       (abs)        00CA8
_RF1                                      bssBANK1     000A0
_RF_Count                                 bssBANK2     00134
_RF_Data                                  bssBANK3     001A0
_RF_Initialization                        text54       01A18
_RF_Main                                  text23       01A1B
_RF_RxDisable                             text35       01B9B
_RF_Timeout_Counter                       text52       01CEE
_RSSI                                     bssBANK1     000D1
_Receive_OK                               bitbssBANK1  00768
_Rx_Length                                bssBANK1     000D2
_SPI0Buffer                               bssBANK1     000D3
_Sw                                       bssBANK1     000D4
_Sw1                                      bssBANK3     001E3
_SwDetect                                 bssBANK1     000D5
_SwPointSelect                            text17       01B64
_Switch_Initialization                    text21       01A48
_Switch_Main                              text12       01A71
_T1CON                                    (abs)        00018
_TMR1H                                    (abs)        00017
_TMR1IE                                   (abs)        00488
_TMR1IF                                   (abs)        00088
_TMR1L                                    (abs)        00016
_TMR1_ISR                                 text142      01EAC
_TMR1_Set                                 text58       01B4C
_TRISA                                    (abs)        0008C
_TRISB                                    (abs)        0008D
_TRISC                                    (abs)        0008E
_Temp                                     bssBANK1     000DA
_Temp_Initialization                      text10       01A1E
_Temp_Main                                text8        01A21
_Timeout_Counter                          text20       01D18
_Timer1                                   bssBANK2     00131
_TouchPower                               text18       01D2D
_Transceive_OK                            bitbssCOMMON 003E8
_Tx_Length                                bssBANK1     000D6
_VarErrLED                                bssBANK2     0016B
_WDT                                      bssBANK1     000C8
_WDTCON                                   (abs)        00097
_WDT_Clearing                             text7        00002
_WDT_Main                                 text6        01C69
_WDT_Set                                  text57       01AD6
_WPUB                                     (abs)        0020D
_WR                                       (abs)        00CA9
_WREN                                     (abs)        00CAA
__CFG_BOREN$OFF                           (abs)        00000
__CFG_CP$ON                               (abs)        00000
__CFG_FOSC$INTOSC                         (abs)        00000
__CFG_VCAPEN$OFF                          (abs)        00000
__CFG_WDTE$ON                             (abs)        00000
__CFG_WRT$HALF                            (abs)        00000
__Habs1                                   abs1         00000
__Hbank0                                  bank0        00000
__Hbank1                                  bank1        00000
__Hbank10                                 bank10       00000
__Hbank11                                 bank11       00000
__Hbank12                                 bank12       00000
__Hbank13                                 bank13       00000
__Hbank14                                 bank14       00000
__Hbank15                                 bank15       00000
__Hbank16                                 bank16       00000
__Hbank17                                 bank17       00000
__Hbank18                                 bank18       00000
__Hbank19                                 bank19       00000
__Hbank2                                  bank2        00000
__Hbank20                                 bank20       00000
__Hbank21                                 bank21       00000
__Hbank22                                 bank22       00000
__Hbank23                                 bank23       00000
__Hbank24                                 bank24       00000
__Hbank25                                 bank25       00000
__Hbank26                                 bank26       00000
__Hbank27                                 bank27       00000
__Hbank28                                 bank28       00000
__Hbank29                                 bank29       00000
__Hbank3                                  bank3        00000
__Hbank30                                 bank30       00000
__Hbank31                                 bank31       00000
__Hbank4                                  bank4        00000
__Hbank5                                  bank5        00000
__Hbank6                                  bank6        00000
__Hbank7                                  bank7        00000
__Hbank8                                  bank8        00000
__Hbank9                                  bank9        00000
__Hbigram                                 bigram       00000
__HbitbssBANK1                            bitbssBANK1  00000
__HbitbssCOMMON                           bitbssCOMMON 00000
__HbssBANK1                               bssBANK1     00000
__HbssBANK2                               bssBANK2     00000
__HbssBANK3                               bssBANK3     00000
__Hcinit                                  cinit        0004B
__Hclrtext                                clrtext      00000
__Hcode                                   code         00000
__Hcommon                                 common       00000
__Hconfig                                 config       08009
__HcstackBANK0                            cstackBANK0  00000
__HcstackBANK1                            cstackBANK1  00000
__HcstackCOMMON                           cstackCOMMON 00000
__HdataBANK4                              dataBANK4    00000
__Heeprom_data                            eeprom_data  00000
__Hend_init                               end_init     00021
__Hfunctab                                functab      00000
__HidataBANK4                             idataBANK4   00000
__Hidloc                                  idloc        00000
__Hinit                                   init         0001F
__Hinittext                               inittext     00000
__Hintentry                               intentry     0001F
__Hmaintext                               maintext     00000
__HnvBANK1                                nvBANK1      00000
__Hpowerup                                powerup      00000
__Hram                                    ram          00000
__Hreset_vec                              reset_vec    00002
__Hsfr0                                   sfr0         00000
__Hsfr1                                   sfr1         00000
__Hsfr10                                  sfr10        00000
__Hsfr11                                  sfr11        00000
__Hsfr12                                  sfr12        00000
__Hsfr13                                  sfr13        00000
__Hsfr14                                  sfr14        00000
__Hsfr15                                  sfr15        00000
__Hsfr16                                  sfr16        00000
__Hsfr17                                  sfr17        00000
__Hsfr18                                  sfr18        00000
__Hsfr19                                  sfr19        00000
__Hsfr2                                   sfr2         00000
__Hsfr20                                  sfr20        00000
__Hsfr21                                  sfr21        00000
__Hsfr22                                  sfr22        00000
__Hsfr23                                  sfr23        00000
__Hsfr24                                  sfr24        00000
__Hsfr25                                  sfr25        00000
__Hsfr26                                  sfr26        00000
__Hsfr27                                  sfr27        00000
__Hsfr28                                  sfr28        00000
__Hsfr29                                  sfr29        00000
__Hsfr3                                   sfr3         00000
__Hsfr30                                  sfr30        00000
__Hsfr31                                  sfr31        00000
__Hsfr4                                   sfr4         00000
__Hsfr5                                   sfr5         00000
__Hsfr6                                   sfr6         00000
__Hsfr7                                   sfr7         00000
__Hsfr8                                   sfr8         00000
__Hsfr9                                   sfr9         00000
__Hspace_0                                (abs)        08009
__Hspace_1                                (abs)        00769
__Hspace_2                                (abs)        00000
__Hspace_3                                (abs)        00000
__Hstack                                  stack        00000
__Hstrings                                strings      00000
__Hstringtext                             stringtext   00000
__Htext                                   text         00000
__Labs1                                   abs1         00000
__Lbank0                                  bank0        00000
__Lbank1                                  bank1        00000
__Lbank10                                 bank10       00000
__Lbank11                                 bank11       00000
__Lbank12                                 bank12       00000
__Lbank13                                 bank13       00000
__Lbank14                                 bank14       00000
__Lbank15                                 bank15       00000
__Lbank16                                 bank16       00000
__Lbank17                                 bank17       00000
__Lbank18                                 bank18       00000
__Lbank19                                 bank19       00000
__Lbank2                                  bank2        00000
__Lbank20                                 bank20       00000
__Lbank21                                 bank21       00000
__Lbank22                                 bank22       00000
__Lbank23                                 bank23       00000
__Lbank24                                 bank24       00000
__Lbank25                                 bank25       00000
__Lbank26                                 bank26       00000
__Lbank27                                 bank27       00000
__Lbank28                                 bank28       00000
__Lbank29                                 bank29       00000
__Lbank3                                  bank3        00000
__Lbank30                                 bank30       00000
__Lbank31                                 bank31       00000
__Lbank4                                  bank4        00000
__Lbank5                                  bank5        00000
__Lbank6                                  bank6        00000
__Lbank7                                  bank7        00000
__Lbank8                                  bank8        00000
__Lbank9                                  bank9        00000
__Lbigram                                 bigram       00000
__LbitbssBANK1                            bitbssBANK1  00000
__LbitbssCOMMON                           bitbssCOMMON 00000
__LbssBANK1                               bssBANK1     00000
__LbssBANK2                               bssBANK2     00000
__LbssBANK3                               bssBANK3     00000
__Lcinit                                  cinit        00021
__Lclrtext                                clrtext      00000
__Lcode                                   code         00000
__Lcommon                                 common       00000
__Lconfig                                 config       08007
__LcstackBANK0                            cstackBANK0  00000
__LcstackBANK1                            cstackBANK1  00000
__LcstackCOMMON                           cstackCOMMON 00000
__LdataBANK4                              dataBANK4    00000
__Leeprom_data                            eeprom_data  00000
__Lend_init                               end_init     0001F
__Lfunctab                                functab      00000
__LidataBANK4                             idataBANK4   00000
__Lidloc                                  idloc        00000
__Linit                                   init         0001F
__Linittext                               inittext     00000
__Lintentry                               intentry     00004
__Lmaintext                               maintext     00000
__LnvBANK1                                nvBANK1      00000
__Lpowerup                                powerup      00000
__Lram                                    ram          00000
__Lreset_vec                              reset_vec    00000
__Lsfr0                                   sfr0         00000
__Lsfr1                                   sfr1         00000
__Lsfr10                                  sfr10        00000
__Lsfr11                                  sfr11        00000
__Lsfr12                                  sfr12        00000
__Lsfr13                                  sfr13        00000
__Lsfr14                                  sfr14        00000
__Lsfr15                                  sfr15        00000
__Lsfr16                                  sfr16        00000
__Lsfr17                                  sfr17        00000
__Lsfr18                                  sfr18        00000
__Lsfr19                                  sfr19        00000
__Lsfr2                                   sfr2         00000
__Lsfr20                                  sfr20        00000
__Lsfr21                                  sfr21        00000
__Lsfr22                                  sfr22        00000
__Lsfr23                                  sfr23        00000
__Lsfr24                                  sfr24        00000
__Lsfr25                                  sfr25        00000
__Lsfr26                                  sfr26        00000
__Lsfr27                                  sfr27        00000
__Lsfr28                                  sfr28        00000
__Lsfr29                                  sfr29        00000
__Lsfr3                                   sfr3         00000
__Lsfr30                                  sfr30        00000
__Lsfr31                                  sfr31        00000
__Lsfr4                                   sfr4         00000
__Lsfr5                                   sfr5         00000
__Lsfr6                                   sfr6         00000
__Lsfr7                                   sfr7         00000
__Lsfr8                                   sfr8         00000
__Lsfr9                                   sfr9         00000
__Lspace_0                                (abs)        00000
__Lspace_1                                (abs)        00000
__Lspace_2                                (abs)        00000
__Lspace_3                                (abs)        00000
__Lstack                                  stack        00000
[...]
      Params:         0       0       0       0       0       0       0       0       0       0       0       0       0       0
      Locals:         0       0       0       0       0       0       0       0       0       0       0       0       0       0
      Temps:          0       0       0       0       0       0       0       0       0       0       0       0       0       0
      Totals:         0       0       0       0       0       0       0       0       0       0       0       0       0       0
Total ram usage:        0 bytes
 Hardware stack levels used:    1
 Hardware stack levels required when called:    5
 This function calls:
		Nothing
 This function is called by:
		_main
 This function uses a non-reentrant model


 *************** function _ISR *****************
 Defined at:
		line 116 in file "../src/MCU_B1.c"
 Parameters:    Size  Location     Type
		None
 Auto vars:     Size  Location     Type
		None
 Return value:  Size  Location     Type
		None               void
 Registers used:
		wreg, fsr1l, fsr1h, status,2, status,0, pclath, cstack
 Tracked objects:
		On entry : 
		On exit  : 
		Unchanged: 
 Data sizes:     COMMON   BANK0   BANK1   BANK2   BANK3   BANK4   BANK5   BANK6   BANK7   BANK8   BANK9  BANK10  BANK11  BANK12
      Params:         0       0       0       0       0       0       0       0       0       0       0       0       0       0
      Locals:         0       0       0       0       0       0       0       0       0       0       0       0       0       0
      Temps:          1       0       0       0       0       0       0       0       0       0       0       0       0       0
      Totals:         1       0       0       0       0       0       0       0       0       0       0       0       0       0
Total ram usage:        1 bytes
 Hardware stack levels used:    1
 Hardware stack levels required when called:    4
 This function calls:
		_IOC_ISR
		_TMR1_ISR
 This function is called by:
		Interrupt level 1
 This function uses a non-reentrant model


 *************** function _TMR1_ISR *****************
 Defined at:
		line 236 in file "../src/MCU_B1.c"
 Parameters:    Size  Location     Type
		None
 Auto vars:     Size  Location     Type
		None
 Return value:  Size  Location     Type
		None               void
 Registers used:
		wreg, fsr1l, fsr1h, status,2, status,0, pclath, cstack
 Tracked objects:
		On entry : 
		On exit  : 
		Unchanged: 
 Data sizes:     COMMON   BANK0   BANK1   BANK2   BANK3   BANK4   BANK5   BANK6   BANK7   BANK8   BANK9  BANK10  BANK11  BANK12
      Params:         0       0       0       0       0       0       0       0       0       0       0       0       0       0
      Locals:         0       0       0       0       0       0       0       0       0       0       0       0       0       0
      Temps:          0       0       0       0       0       0       0       0       0       0       0       0       0       0
      Totals:         0       0       0       0       0       0       0       0       0       0       0       0       0       0
Total ram usage:        0 bytes
 Hardware stack levels used:    1
 Hardware stack levels required when called:    1
 This function calls:
		_DimmerLights_TMR_1
 This function is called by:
		_ISR
 This function uses a non-reentrant model


 *************** function _DimmerLights_TMR_1 *****************
 Defined at:
		line 1386 in file "../src/Dimmer_B1.c"
 Parameters:    Size  Location     Type
		None
 Auto vars:     Size  Location     Type
		None
 Return value:  Size  Location     Type
		None               void
 Registers used:
		wreg, status,2, status,0
 Tracked objects:
		On entry : 
		On exit  : 
		Unchanged: 
 Data sizes:     COMMON   BANK0   BANK1   BANK2   BANK3   BANK4   BANK5   BANK6   BANK7   BANK8   BANK9  BANK10  BANK11  BANK12
      Params:         0       0       0       0       0       0       0       0       0       0       0       0       0       0
      Locals:         0       0       0       0       0       0       0       0       0       0       0       0       0       0
      Temps:          1       0       0       0       0       0       0       0       0       0       0       0       0       0
      Totals:         1       0       0       0       0       0       0       0       0       0       0       0       0       0
Total ram usage:        1 bytes
 Hardware stack levels used:    1
 This function calls:
		Nothing
 This function is called by:
		_TMR1_ISR
 This function uses a non-reentrant model


 *************** function _IOC_ISR *****************
 Defined at:
		line 395 in file "../src/MCU_B1.c"
 Parameters:    Size  Location     Type
		None
 Auto vars:     Size  Location     Type
		None
 Return value:  Size  Location     Type
		None               void
 Registers used:
		wreg, status,2, status,0, pclath, cstack
 Tracked objects:
		On entry : 
		On exit  : 
		Unchanged: 
 Data sizes:     COMMON   BANK0   BANK1   BANK2   BANK3   BANK4   BANK5   BANK6   BANK7   BANK8   BANK9  BANK10  BANK11  BANK12
      Params:         0       0       0       0       0       0       0       0       0       0       0       0       0       0
      Locals:         0       0       0       0       0       0       0       0       0       0       0       0       0       0
      Temps:          0       0       0       0       0       0       0       0       0       0       0       0       0       0
      Totals:         0       0       0       0       0       0       0       0       0       0       0       0       0       0
Total ram usage:        0 bytes
 Hardware stack levels used:    1
 Hardware stack levels required when called:    3
 This function calls:
		_DimmerLights_IOC_1
 This function is called by:
		_ISR
 This function uses a non-reentrant model


 *************** function _DimmerLights_IOC_1 *****************
 Defined at:
		line 1478 in file "../src/Dimmer_B1.c"
 Parameters:    Size  Location     Type
		None
 Auto vars:     Size  Location     Type
		None
 Return value:  Size  Location     Type
		None               void
 Registers used:
		wreg, status,2, status,0, pclath, cstack
 Tracked objects:
		On entry : 
		On exit  : 
		Unchanged: 
 Data sizes:     COMMON   BANK0   BANK1   BANK2   BANK3   BANK4   BANK5   BANK6   BANK7   BANK8   BANK9  BANK10  BANK11  BANK12
      Params:         0       0       0       0       0       0       0       0       0       0       0       0       0       0
      Locals:         0       0       0       0       0       0       0       0       0       0       0       0       0       0
      Temps:          2       0       0       0       0       0       0       0       0       0       0       0       0       0
      Totals:         2       0       0       0       0       0       0       0       0       0       0       0       0       0
Total ram usage:        2 bytes
 Hardware stack levels used:    1
 Hardware stack levels required when called:    2
 This function calls:
		i1_Division
 This function is called by:
		_IOC_ISR
 This function uses a non-reentrant model


 *************** function i1_Division *****************
 Defined at:
		line 1381 in file "../src/Dimmer_B1.c"
 Parameters:    Size  Location     Type
  value           1    wreg     unsigned char 
  num             1    5[COMMON] unsigned char 
 Auto vars:     Size  Location     Type
  value           1    8[COMMON] unsigned char 
  Division        1    9[COMMON] unsigned char 
 Return value:  Size  Location     Type
                  1    wreg      unsigned char 
 Registers used:
		wreg, status,2, status,0, pclath, cstack
 Tracked objects:
		On entry : 
		On exit  : 
		Unchanged: 
 Data sizes:     COMMON   BANK0   BANK1   BANK2   BANK3   BANK4   BANK5   BANK6   BANK7   BANK8   BANK9  BANK10  BANK11  BANK12
      Params:         1       0       0       0       0       0       0       0       0       0       0       0       0       0
      Locals:         2       0       0       0       0       0       0       0       0       0       0       0       0       0
      Temps:          2       0       0       0       0       0       0       0       0       0       0       0       0       0
      Totals:         5       0       0       0       0       0       0       0       0       0       0       0       0       0
Total ram usage:        5 bytes
 Hardware stack levels used:    1
 Hardware stack levels required when called:    1
 This function calls:
		i1___lbdiv
 This function is called by:
		_DimmerLights_IOC_1
 This function uses a non-reentrant model


 *************** function i1___lbdiv *****************
 Defined at:
		line 4 in file "C:\Program Files (x86)\Microchip\xc8\v1.32\sources\common\lbdiv.c"
 Parameters:    Size  Location     Type
  dividend        1    wreg     unsigned char 
  divisor         1    0[COMMON] unsigned char 
 Auto vars:     Size  Location     Type
  dividend        1    2[COMMON] unsigned char 
  __lbdiv         1    4[COMMON] unsigned char 
  __lbdiv         1    3[COMMON] unsigned char 
 Return value:  Size  Location     Type
                  1    wreg      unsigned char 
 Registers used:
		wreg, status,2, status,0
 Tracked objects:
		On entry : 
		On exit  : 
		Unchanged: 
 Data sizes:     COMMON   BANK0   BANK1   BANK2   BANK3   BANK4   BANK5   BANK6   BANK7   BANK8   BANK9  BANK10  BANK11  BANK12
      Params:         1       0       0       0       0       0       0       0       0       0       0       0       0       0
      Locals:         3       0       0       0       0       0       0       0       0       0       0       0       0       0
      Temps:          1       0       0       0       0       0       0       0       0       0       0       0       0       0
      Totals:         5       0       0       0       0       0       0       0       0       0       0       0       0       0
Total ram usage:        5 bytes
 Hardware stack levels used:    1
 This function calls:
		Nothing
 This function is called by:
		i1_Division
 This function uses a non-reentrant model



MODULE INFORMATION

Module		Function		Class		Link	Load	Size
C:\Program Files (x86)\Microchip\xc8\v1.32\sources\common\float.c
		___ftpack      		CODE           	159A	0000	97

C:\Program Files (x86)\Microchip\xc8\v1.32\sources\common\float.c estimated size: 97

../src/OverLoad_B1.c
		_getLoad_AD    		CODE           	0970	0000	114
		_getLoad_OK    		CODE           	1A78	0000	8
		_Load_Initializ		CODE           	1A15	0000	3
		_Load_Main     		CODE           	004B	0000	611
		_setLoad_AH_AL_		CODE           	1E55	0000	28

../src/OverLoad_B1.c estimated size: 764

C:\Program Files (x86)\Microchip\xc8\v1.32\sources\common\awtoft.c
		___awtoft      		CODE           	1F6D	0000	34

C:\Program Files (x86)\Microchip\xc8\v1.32\sources\common\awtoft.c estimated size: 34

../src/MCU_B1.c
		_Fosc_Set      		CODE           	1A34	0000	4
		_IO_Set        		CODE           	1DEA	0000	26
		_WDT_Set       		CODE           	1AD6	0000	11
		_WDT_Main      		CODE           	1C69	0000	18
		_ADC_Set       		CODE           	1A6A	0000	7
		_IOC_ISR       		CODE           	1A90	0000	9
		_ISR           		CODE           	0004	0000	27
		_Flash_Memory_W		CODE           	103A	0000	47
		_Flash_Memory_M		CODE           	0ADB	0000	134
		_IOC_Set       		CODE           	1ACB	0000	11
		_WDT_Clearing  		CODE           	0002	0000	2
		_setMemory_Modi		CODE           	1C7B	0000	19
		_Mcu_Initializa		CODE           	1C57	0000	18
		_setMemory_Data		CODE           	1B34	0000	12
		_Flash_Memory_I		CODE           	06D2	0000	202
		_getAD         		CODE           	1EEA	0000	32
		_TMR1_Set      		CODE           	1B4C	0000	12
		_setMemory_Loop		CODE           	1CB4	0000	19
		_Flash_Memory_U		CODE           	1AA2	0000	9
		_Flash_Memory_R		CODE           	1DD0	0000	26
		_Flash_Memory_E		CODE           	1B40	0000	12
		_TMR1_ISR      		CODE           	1EAC	0000	31
		_Flash_Memory_M		CODE           	12CF	0000	65

../src/MCU_B1.c estimated size: 753

C:\Program Files (x86)\Microchip\xc8\v1.32\sources\common\ftmul.c
		___ftmul       		CODE           	0DCE	0000	180

C:\Program Files (x86)\Microchip\xc8\v1.32\sources\common\ftmul.c estimated size: 180

../src/Buzzer_B1.c
		_Buzzer_Main   		CODE           	1395	0000	74
		_setBuz        		CODE           	1489	0000	89
		_getBuz_GO     		CODE           	1BEE	0000	17
		_Buzzer_Initial		CODE           	1A12	0000	3

../src/Buzzer_B1.c estimated size: 183

../src/LED_B1.c
		_setLED        		CODE           	11DC	0000	57
		_LED_Main      		CODE           	1A30	0000	4
		_setLED_Initial		CODE           	1C45	0000	18
		_LedPointSelect		CODE           	1B28	0000	12
		_setLED_Main   		CODE           	1136	0000	54
		_LED_Initializa		CODE           	1A2C	0000	4

../src/LED_B1.c estimated size: 149

../src/OverTemperature_B1.c
		_Temp_Initializ		CODE           	1A1E	0000	3
		_Temp_Main     		CODE           	1A21	0000	3
		_setTemp_Initia		CODE           	1A11	0000	1
		_getTemp_AD    		CODE           	1069	0000	49
		_setTemp_Main  		CODE           	0D1D	0000	177

../src/OverTemperature_B1.c estimated size: 233

../src/CC2500_B1.c
		_DelayTime_1us 		CODE           	1FB2	0000	38
		_CC2500_Frequen		CODE           	1B58	0000	12
		_CC2500_SIDLEMo		CODE           	1A44	0000	4
		_CC2500_PowerOn		CODE           	1D03	0000	21
		_CC2500_WriteBy		CODE           	1DB7	0000	25
		_CC2500_RxData 		CODE           	1795	0000	107
		_CC2500_TxData 		CODE           	0825	0000	108
		_CC2500_ClearRX		CODE           	1A3C	0000	4
		_CC2500_ClearTX		CODE           	1A40	0000	4
		_CC2500_InitPAT		CODE           	1ECB	0000	31
		_CC2500_WriteRE		CODE           	1F8F	0000	35
		_CC2500_ReadSta		CODE           	0800	0000	37
		_CC2500_PowerRS		CODE           	1351	0000	68
		_CC2500_ReadByt		CODE           	1E71	0000	29
		_CC2500_InitSet		CODE           	1010	0000	42
		_CC2500_WriteCo		CODE           	1E04	0000	26

../src/CC2500_B1.c estimated size: 591

C:\Program Files (x86)\Microchip\xc8\v1.32\sources\common\fttol.c
		___fttol       		CODE           	0B61	0000	135

C:\Program Files (x86)\Microchip\xc8\v1.32\sources\common\fttol.c estimated size: 135

C:\Program Files (x86)\Microchip\xc8\v1.32\sources\common\lwdiv.c
		___lwdiv       		CODE           	116C	0000	55

C:\Program Files (x86)\Microchip\xc8\v1.32\sources\common\lwdiv.c estimated size: 55

../src/RF_Control_B1.c
		_RF_Initializat		CODE           	1A18	0000	3
		_setRF_AdjContr		CODE           	1252	0000	61
		_getRxData     		CODE           	079C	0000	100
		_setRF_Main    		CODE           	0528	0000	213
		_getRF_KeyStatu		CODE           	1BFF	0000	17
		_setRF_Initiali		CODE           	1AE1	0000	11
		_setTxData     		CODE           	0E82	0000	187
		_setRF_TimeoutC		CODE           	1A38	0000	4
		_RF_Timeout_Cou		CODE           	1CEE	0000	21
		_setRFSW_Contro		CODE           	128F	0000	64
		_setRF_Learn   		CODE           	1CDA	0000	20
		_setRF_Transcei		CODE           	1C8E	0000	19
		_RF_Main       		CODE           	1A1B	0000	3
		_setRFSW_AdjCon		CODE           	0A5B	0000	128
		_setRF_DimmerLi		CODE           	16C5	0000	101
		_setControl_Lig		CODE           	09E2	0000	121
		_setLog_Code   		CODE           	10CD	0000	52
		_RF_RxDisable  		CODE           	1B9B	0000	15

../src/RF_Control_B1.c estimated size: 1140

C:\Program Files (x86)\Microchip\xc8\v1.32\sources\common\awdiv.c
		___awdiv       		CODE           	13DF	0000	84

C:\Program Files (x86)\Microchip\xc8\v1.32\sources\common\awdiv.c estimated size: 84

../src/Main_B1.c
		_Exception_Main		CODE           	05FD	0000	213
		_my_MainTimer  		CODE           	1310	0000	65
		_setProductData		CODE           	1B04	0000	12
		_main          		CODE           	14E2	0000	91
		_Timeout_Counte		CODE           	1D18	0000	21
		_myMain_Initial		CODE           	1CC7	0000	19
		_getMain_All_Er		CODE           	109A	0000	51
		_set_TimeoutCle		CODE           	1A4C	0000	5
		_getCmd_Status 		CODE           	1C21	0000	18
		_getMain_Lights		CODE           	1AC0	0000	11
		_getMain_All_Li		CODE           	1AAB	0000	10
		_setCmd_Status 		CODE           	1D9E	0000	25

../src/Main_B1.c estimated size: 541

C:\Program Files (x86)\Microchip\xc8\v1.32\sources\common\ftadd.c
		___ftadd       		CODE           	0432	0000	246

C:\Program Files (x86)\Microchip\xc8\v1.32\sources\common\ftadd.c estimated size: 246

C:\Program Files (x86)\Microchip\xc8\v1.32\sources\common\Umul16.c
		___wmul        		CODE           	1E8E	0000	30

C:\Program Files (x86)\Microchip\xc8\v1.32\sources\common\Umul16.c estimated size: 30

C:\Program Files (x86)\Microchip\xc8\v1.32\sources\common\Umul8.c
		___bmul        		CODE           	1C33	0000	18

C:\Program Files (x86)\Microchip\xc8\v1.32\sources\common\Umul8.c estimated size: 18

shared
		i1___lbdiv     		CODE           	1F2A	0000	33
		_CC2500_patable		STRCODE        	185E	0000	8
		i1_Division    		CODE           	1B70	0000	13
		_CC2500_rfSetti		STRCODE        	182F	0000	47
		__initializatio		CODE           	0021	0000	38
		_CC2500_registe		STRCODE        	1800	0000	47

shared estimated size: 186

C:\Program Files (x86)\Microchip\xc8\v1.32\sources\common\ftneg.c
		___ftneg       		CODE           	1A99	0000	9

C:\Program Files (x86)\Microchip\xc8\v1.32\sources\common\ftneg.c estimated size: 9

../src/Switch_B1.c
		_Switch_Main   		CODE           	1A71	0000	7
		_SwPointSelect 		CODE           	1B64	0000	12
		_TouchPower    		CODE           	1D2D	0000	21
		_setSw_Main    		CODE           	02AE	0000	388
		_getAll_Sw_KeyS		CODE           	1BDD	0000	17
		_getSw_KeyStatu		CODE           	1C10	0000	17
		_setSw_Initiali		CODE           	1000	0000	16
		_Switch_Initial		CODE           	1A48	0000	4

../src/Switch_B1.c estimated size: 482

../src/Dimmer_B1.c
		_getDimmerLight		CODE           	1BAA	0000	17
		_DimmerLights_S		CODE           	1AF8	0000	12
		_setDimmerLight		CODE           	11A3	0000	57
		_setDimmerIntr_		CODE           	1D86	0000	24
		_DimmerLights_M		CODE           	1E39	0000	28
		_setDimmerLight		CODE           	1101	0000	53
		_DimmerIntr_Ini		CODE           	153D	0000	93
		_getDimmerIntr_		CODE           	1B8C	0000	15
		_getAll_DimmerI		CODE           	1CA1	0000	19
		_getDimmerLight		CODE           	1AB5	0000	11
		_setDimmerIntr_		CODE           	1B10	0000	12
		_setDimmerIntr_		CODE           	1B1C	0000	12
		_Division      		CODE           	1B7D	0000	15
		_setDimmerLight		CODE           	1BBB	0000	17
		_getDimmerLight		CODE           	1660	0000	101
		_getDimmerLight		CODE           	15FB	0000	101
		_getDimmer_Load		CODE           	1A80	0000	8
		_setDimmerLight		CODE           	1A10	0000	1
		_setDimmerLight		CODE           	1433	0000	86
		_setDimmerLight		CODE           	1FD8	0000	40
		_setDimmerLight		CODE           	1E1E	0000	27
		_DimmerLights_I		CODE           	1A63	0000	7
		_getDimmer_Load		CODE           	1A88	0000	8
		_setDimmerLight		CODE           	172A	0000	107
		_setDimmerIntr_		CODE           	1D58	0000	22
		_DimmerLights_I		CODE           	1215	0000	61
		_getDimmerLight		CODE           	1D42	0000	22
		_setDimmerLight		CODE           	0F3D	0000	195
		_DimmerLights_T		CODE           	0900	0000	112
		_setDimmerIntr_		CODE           	1D6E	0000	24

../src/Dimmer_B1.c estimated size: 1307

../src/DelayOff_B1.c
		_DelayOff_Initi		CODE           	1A24	0000	4
		_DlyOff_Main   		CODE           	0891	0000	111
		_DelayOff_Main 		CODE           	1A28	0000	4
		_DelayOffPointS		CODE           	1AEC	0000	12
		_getDelayOff_GO		CODE           	1BCC	0000	17
		_setDelayOff_GO		CODE           	0BE8	0000	140
		_DlyOff_Initial		CODE           	1A51	0000	6

../src/DelayOff_B1.c estimated size: 294

C:\Program Files (x86)\Microchip\xc8\v1.32\sources\common\lbdiv.c
		___lbdiv       		CODE           	1F4B	0000	34

C:\Program Files (x86)\Microchip\xc8\v1.32\sources\common\lbdiv.c estimated size: 34

C:\Program Files (x86)\Microchip\xc8\v1.32\sources\pic\ftdiv.c
		___ftdiv       		CODE           	0C74	0000	169

C:\Program Files (x86)\Microchip\xc8\v1.32\sources\pic\ftdiv.c estimated size: 169

