Microchip MPLAB XC8 Compiler V1.32 ()

Linker command line:

--edf=C:\Program Files (x86)\Microchip\xc8\v1.32\dat\en_msgs.txt -cs \
  -h+dist/default/production\1-8-1.Switch_1Key_Dimmer_MOSFET.X.production.sym \
  --cmf=dist/default/production\1-8-1.Switch_1Key_Dimmer_MOSFET.X.production.cmf \
  -z -Q16F1518 -oC:\Users\taianluo\AppData\Local\Temp\s50o.6 \
  -Mdist/default/production/1-8-1.Switch_1Key_Dimmer_MOSFET.X.production.map \
  -E1 -ver=XC8 -ASTACK=02170h-0231fh -pstack=STACK -ACONST=00h-0FFhx64 \
  -ACODE=00h-07FFhx8 -ASTRCODE=00h-03FFFh -AENTRY=00h-0FFhx64 \
  -ASTRING=00h-0FFhx64 -ACOMMON=070h-07Fh -ABANK0=020h-06Fh \
  -ABANK1=0A0h-0EFh -ABANK2=0120h-016Fh -ABANK3=01A0h-01EFh \
  -ABANK4=0220h-026Fh -ABANK5=02A0h-02EFh -ABANK6=0320h-036Fh \
  -ABANK7=03A0h-03EFh -ABANK8=0420h-046Fh -ABANK9=04A0h-04EFh \
  -ABANK10=0520h-056Fh -ABANK11=05A0h-05EFh -ABANK12=0620h-064Fh \
  -ABIGRAM=02000h-023EFh \
  -ARAM=020h-06Fh,0A0h-0EFh,0120h-016Fh,01A0h-01EFh,0220h-026Fh,02A0h-02EFh,0320h-036Fh,03A0h-03EFh,0420h-046Fh,04A0h-04EFh,0520h-056Fh,05A0h-05EFh,0620h-064Fh \
  -AABS1=020h-07Fh,0A0h-0EFh,0120h-016Fh,01A0h-01EFh,0220h-026Fh,02A0h-02EFh,0320h-036Fh,03A0h-03EFh,0420h-046Fh,04A0h-04EFh,0520h-056Fh,05A0h-05EFh,0620h-064Fh \
  -ASFR0=00h-01Fh -ASFR1=080h-09Fh -ASFR2=0100h-011Fh -ASFR3=0180h-019Fh \
  -ASFR4=0200h-021Fh -ASFR5=0280h-029Fh -ASFR6=0300h-031Fh \
  -ASFR7=0380h-039Fh -ASFR8=0400h-041Fh -ASFR9=0480h-049Fh \
  -ASFR10=0500h-051Fh -ASFR11=0580h-059Fh -ASFR12=0600h-061Fh \
  -ASFR13=0680h-06EFh -ASFR14=0700h-076Fh -ASFR15=0780h-07EFh \
  -ASFR16=0800h-086Fh -ASFR17=0880h-08EFh -ASFR18=0900h-096Fh \
  -ASFR19=0980h-09EFh -ASFR20=0A00h-0A6Fh -ASFR21=0A80h-0AEFh \
  -ASFR22=0B00h-0B6Fh -ASFR23=0B80h-0BEFh -ASFR24=0C00h-0C6Fh \
  -ASFR25=0C80h-0CEFh -ASFR26=0D00h-0D6Fh -ASFR27=0D80h-0DEFh \
  -ASFR28=0E00h-0E6Fh -ASFR29=0E80h-0EEFh -ASFR30=0F00h-0F6Fh \
  -ASFR31=0F80h-0FEFh -preset_vec=00h,intentry=04h,init,end_init \
  -ppowerup=CODE -pcinit=CODE -pfunctab=CODE -ACONFIG=08007h-08008h \
  -pconfig=CONFIG -DCONFIG=2 -AIDLOC=08000h-08003h -pidloc=IDLOC -DIDLOC=2 \
  -DCODE=2 -DSTRCODE=2 -DSTRING=2 -DCONST=2 -DENTRY=2 -k \
  C:\Users\taianluo\AppData\Local\Temp\s50o.obj \
  dist/default/production\1-8-1.Switch_1Key_Dimmer_MOSFET.X.production.obj 

Object code version is 3.11

Machine type is 16F1518



                Name                               Link     Load   Length Selector   Space Scale
C:\Users\taianluo\AppData\Local\Temp\s50o.obj
                end_init                             1F       1F        2        8       0
                reset_vec                             0        0        2        0       0
                config                             8007     8007        2    1000E       0
dist/default/production\1-8-1.Switch_1Key_Dimmer_MOSFET.X.production.obj
                cinit                                21       21       32        8       0
                intentry                              4        4       1B        8       0
                text151                            11F4     11F4       30     23E8       0
                text150                            1BBE     1BBE        9     377C       0
                text149                            12C3     12C3       38     2586       0
                text148                            1FA1     1FA1       1F     3F42       0
                text146                            1B20     1B20        3     3640       0
                text145                            14AE     14AE       46     295C       0
                text144                            1BED     1BED        B     37DA       0
                text143                            1B5A     1B5A        5     36B4       0
                text142                            1B32     1B32        4     3664       0
                text141                            1BF8     1BF8        B     37F0       0
                text140                            1CB9     1CB9        F     3972       0
                text139                            12FB     12FB       38     25F6       0
                text138                            1C76     1C76        D     38EC       0
                text137                            15E4     15E4       54     2BC8       0
                text136                            153E     153E       53     2A7C       0
                text135                            14F4     14F4       4A     29E8       0
                text134                            1C3A     1C3A        C     3874       0
                text133                             AF7      AF7       6F     15EE       0
                text132                            1B36     1B36        4     366C       0
                text131                            1072     1072       21     20E4       0
                text130                            1CC8     1CC8        F     3990       0
                text129                            17A0     17A0       60     2F40       0
                text128                            1093     1093       22     2126       0
                text127                             364      364       F6        8       0
                text126                             DE9      DE9       A9     1BD2       0
                text125                             E92      E92       B4     1D24       0
                text124                            1BC7     1BC7        9     378E       0
                text123                             C4F      C4F       87     189E       0
                text122                             8FA      8FA       65     11F4       0
                text121                             95F      95F       65     12BE       0
                text120                            1CF5     1CF5       10     39EA       0
                text119                            168C     168C       5A     2D18       0
                text118                            1B1E     1B1E        1     363C       0
                text117                            1B75     1B75        7     36EA       0
                text116                            119A     119A       2C     2334       0
                text115                            1591     1591       53     2B22       0
                text114                            11C6     11C6       2E     238C       0
                text113                            1B7C     1B7C        7     36F8       0
                text112                            1DCC     1DCC       13     3B98       0
                text111                            1C83     1C83        D     3906       0
                text110                            1DDF     1DDF       13     3BBE       0
                text109                            1C46     1C46        C     388C       0
                text108                            1C90     1C90        D     3920       0
                text107                             A29      A29       66     1452       0
                text106                            1D05     1D05       10     3A0A       0
                text105                            1B83     1B83        7     3706       0
                text104                            1638     1638       54     2C70       0
                text103                            1D15     1D15       10     3A2A       0
                text102                            1CD7     1CD7        F     39AE       0
                text101                            1BA6     1BA6        8     374C       0
                text100                            1E06     1E06       15     3C0C       0
                text99                             1D65     1D65       11     3ACA       0
                text98                              D5D      D5D       8C     1ABA       0
                text97                             1E1B     1E1B       15     3C36       0
                text96                             1C52     1C52        C     38A4       0
                text95                             1E30     1E30       15     3C60       0
                text94                             1B5F     1B5F        5     36BE       0
                text93                             1C03     1C03        B     3806       0
                text92                             136B     136B       3A     26D6       0
                text91                              F46      F46       BA     1E8C       0
                text90                              9C4      9C4       65     1388       0
                text89                             1FC0     1FC0       20     3F80       0
                text88                             1BAE     1BAE        8     375C       0
                text87                              52B      52B       D0        8       0
                text86                             1DF2     1DF2       14     3BE4       0
                text85                             1BD0     1BD0        9     37A0       0
                text84                             1146     1146       2A     228C       0
                text83                             1C0E     1C0E        B     381C       0
                text82                              5FB      5FB       C4        8       0
                text81                             1C5E     1C5E        C     38BC       0
                text80                              77E      77E       82        8       0
                text79                             1D76     1D76       11     3AEC       0
                text78                             13E5     13E5       41     27CA       0
                text77                             1D25     1D25       10     3A4A       0
                text76                             1B3A     1B3A        4     3674       0
                text75                             1224     1224       33     2448       0
                text74                             1B3E     1B3E        4     367C       0
                text73                             1F30     1F30       1B     3E60       0
                text72                             1B23     1B23        3     3646       0
                text71                             1257     1257       36     24AE       0
                text70                             1F67     1F67       1D     3ECE       0
                text69                             1CE6     1CE6        F     39CC       0
                text68                             1B8A     1B8A        7     3714       0
                text67                             1B91     1B91        7     3722       0
                text66                             1C6A     1C6A        C     38D4       0
                text65                               53       53      1A0        8       0
                text64                             1B98     1B98        7     3730       0
                text63                             1B42     1B42        4     3684       0
                text62                             1C19     1C19        B     3832       0
                text61                             1EE2     1EE2       1A     3DC4       0
                text60                             1066     1066        C     20CC       0
                text59                             1BD9     1BD9        A     37B2       0
                text58                             1DBA     1DBA       12     3B74       0
                text57                             1BE3     1BE3        A     37C6       0
                text56                             1B26     1B26        3     364C       0
                text55                             1E99     1E99       18     3D32       0
                text54                             1E45     1E45       15     3C8A       0
                text53                             1B46     1B46        4     368C       0
                text52                             1EFC     1EFC       1A     3DF8       0
                text51                             1B4A     1B4A        4     3694       0
                text50                             1B4E     1B4E        4     369C       0
                text49                             10FA     10FA       25     21F4       0
                text48                             1C24     1C24        B     3848       0
                text47                             10B5     10B5       22     216A       0
                text46                             1F84     1F84       1D     3F08       0
                text45                             1170     1170       2A     22E0       0
                text44                             1426     1426       44     284C       0
                text43                             1B52     1B52        4     36A4       0
                text42                             1E5A     1E5A       15     3CB4       0
                text41                             1F4B     1F4B       1C     3E96       0
                text40                             10D7     10D7       23     21AE       0
                text39                              834      834       62     1068       0
                text38                              A8F      A8F       68     151E       0
                text37                             1BB6     1BB6        8     376C       0
                text36                             1D35     1D35       10     3A6A       0
                text35                             1D87     1D87       11     3B0E       0
                text34                             1EB1     1EB1       18     3D62       0
                text33                              CD6      CD6       87     19AC       0
                text32                             13A5     13A5       40     274A       0
                text31                             128D     128D       36     251A       0
                text30                              BD8      BD8       77     17B0       0
                text29                             1D45     1D45       10     3A8A       0
                text28                              800      800       34        8       0
                text27                             1741     1741       5F     2E82       0
                text26                             146A     146A       44     28D4       0
                text25                              6BF      6BF       BF        8       0
                text24                             1B29     1B29        3     3652       0
                text23                             1C9D     1C9D        E     393A       0
                text22                             1B56     1B56        4     36AC       0
                text21                             1E6F     1E6F       15     3CDE       0
                text20                             1B64     1B64        5     36C8       0
                text19                             1E84     1E84       15     3D08       0
                text18                             1C2F     1C2F        B     385E       0
                text17                             1D98     1D98       11     3B30       0
                text16                             111F     111F       27     223E       0
                text15                             1DA9     1DA9       11     3B52       0
                text14                              1F3      1F3      171        8       0
                text13                             1B9F     1B9F        7     373E       0
                text12                             1B1F     1B1F        1     363E       0
                text11                             1B2C     1B2C        3     3658       0
                text10                             1EC9     1EC9       19     3D92       0
                text9                               45A      45A       D1        8       0
                text8                              1B2F     1B2F        3     365E       0
                text7                                 2        2        2        0       0
                text6                              1D55     1D55       10     3AAA       0
                text5                              1F16     1F16       1A     3E2C       0
                text4                               B66      B66       72     16CC       0
                text3                               896      896       64     112C       0
                text2                              1CAB     1CAB        E     3956       0
                text1                              1333     1333       38     2666       0
                maintext                           16E6     16E6       5B     2DCC       0
                cstackBANK0                          20       20       4C       20       1
                cstackCOMMON                         70       70        A       70       1
                cstackBANK2                         16A      16A        4      120       1
                inittext                           1B69     1B69        6     36D2       0
                clrtext                            1B6F     1B6F        6     36DE       0
                dataBANK4                           220      220       20      220       1
                bssBANK4                            240      240       10      220       1
                bssBANK3                            1A0      1A0       4C      1A0       1
                bssBANK2                            120      120       4A      120       1
                bssBANK1                             A0       A0       50       A0       1
                bssBANK0                             6C       6C        2       20       1
                bitbssCOMMON                        3D0       7A        2       70       1     8
                nvCOMMON                             7B       7B        1       70       1
                stringtext                         1000     1000       66       20       0
                idataBANK4                         1FE0     1FE0       20     3FC0       0

TOTAL           Name                               Link     Load   Length     Space
        CLASS   STACK          

        CLASS   CONST          

        CLASS   CODE           
                end_init                             1F       1F        2         0
                cinit                                21       21       32         0
                intentry                              4        4       1B         0
                reset_vec                             0        0        2         0
                text151                            11F4     11F4       30         0
                text150                            1BBE     1BBE        9         0
                text149                            12C3     12C3       38         0
                text148                            1FA1     1FA1       1F         0
                text146                            1B20     1B20        3         0
                text145                            14AE     14AE       46         0
                text144                            1BED     1BED        B         0
                text143                            1B5A     1B5A        5         0
                text142                            1B32     1B32        4         0
                text141                            1BF8     1BF8        B         0
                text140                            1CB9     1CB9        F         0
                text139                            12FB     12FB       38         0
                text138                            1C76     1C76        D         0
                text137                            15E4     15E4       54         0
                text136                            153E     153E       53         0
                text135                            14F4     14F4       4A         0
                text134                            1C3A     1C3A        C         0
                text133                             AF7      AF7       6F         0
                text132                            1B36     1B36        4         0
                text131                            1072     1072       21         0
                text130                            1CC8     1CC8        F         0
                text129                            17A0     17A0       60         0
                text128                            1093     1093       22         0
                text127                             364      364       F6         0
                text126                             DE9      DE9       A9         0
                text125                             E92      E92       B4         0
                text124                            1BC7     1BC7        9         0
                text123                             C4F      C4F       87         0
                text122                             8FA      8FA       65         0
                text121                             95F      95F       65         0
                text120                            1CF5     1CF5       10         0
                text119                            168C     168C       5A         0
                text118                            1B1E     1B1E        1         0
                text117                            1B75     1B75        7         0
                text116                            119A     119A       2C         0
                text115                            1591     1591       53         0
                text114                            11C6     11C6       2E         0
                text113                            1B7C     1B7C        7         0
                text112                            1DCC     1DCC       13         0
                text111                            1C83     1C83        D         0
                text110                            1DDF     1DDF       13         0
                text109                            1C46     1C46        C         0
                text108                            1C90     1C90        D         0
                text107                             A29      A29       66         0
                text106                            1D05     1D05       10         0
                text105                            1B83     1B83        7         0
                text104                            1638     1638       54         0
                text103                            1D15     1D15       10         0
                text102                            1CD7     1CD7        F         0
                text101                            1BA6     1BA6        8         0
                text100                            1E06     1E06       15         0
                text99                             1D65     1D65       11         0
                text98                              D5D      D5D       8C         0
                text97                             1E1B     1E1B       15         0
                text96                             1C52     1C52        C         0
                text95                             1E30     1E30       15         0
                text94                             1B5F     1B5F        5         0
                text93                             1C03     1C03        B         0
                text92                             136B     136B       3A         0
                text91                              F46      F46       BA         0
                text90                              9C4      9C4       65         0
                text89                             1FC0     1FC0       20         0
                text88                             1BAE     1BAE        8         0
                text87                              52B      52B       D0         0
                text86                             1DF2     1DF2       14         0
                text85                             1BD0     1BD0        9         0
                text84                             1146     1146       2A         0
                text83                             1C0E     1C0E        B         0
                text82                              5FB      5FB       C4         0
                text81                             1C5E     1C5E        C         0
                text80                              77E      77E       82         0
                text79                             1D76     1D76       11         0
                text78                             13E5     13E5       41         0
                text77                             1D25     1D25       10         0
                text76                             1B3A     1B3A        4         0
                text75                             1224     1224       33         0
                text74                             1B3E     1B3E        4         0
                text73                             1F30     1F30       1B         0
                text72                             1B23     1B23        3         0
                text71                             1257     1257       36         0
                text70                             1F67     1F67       1D         0
                text69                             1CE6     1CE6        F         0
                text68                             1B8A     1B8A        7         0
                text67                             1B91     1B91        7         0
                text66                             1C6A     1C6A        C         0
                text65                               53       53      1A0         0
                text64                             1B98     1B98        7         0
                text63                             1B42     1B42        4         0
                text62                             1C19     1C19        B         0
                text61                             1EE2     1EE2       1A         0
                text60                             1066     1066        C         0
                text59                             1BD9     1BD9        A         0
                text58                             1DBA     1DBA       12         0
                text57                             1BE3     1BE3        A         0
                text56                             1B26     1B26        3         0
                text55                             1E99     1E99       18         0
                text54                             1E45     1E45       15         0
                text53                             1B46     1B46        4         0
                text52                             1EFC     1EFC       1A         0
                text51                             1B4A     1B4A        4         0
                text50                             1B4E     1B4E        4         0
                text49                             10FA     10FA       25         0
                text48                             1C24     1C24        B         0
                text47                             10B5     10B5       22         0
                text46                             1F84     1F84       1D         0
                text45                             1170     1170       2A         0
                text44                             1426     1426       44         0
                text43                             1B52     1B52        4         0
                text42                             1E5A     1E5A       15         0
                text41                             1F4B     1F4B       1C         0
                text40                             10D7     10D7       23         0
                text39                              834      834       62         0
                text38                              A8F      A8F       68         0
                text37                             1BB6     1BB6        8         0
                text36                             1D35     1D35       10         0
                text35                             1D87     1D87       11         0
                text34                             1EB1     1EB1       18         0
                text33                              CD6      CD6       87         0
                text32                             13A5     13A5       40         0
                text31                             128D     128D       36         0
                text30                              BD8      BD8       77         0
                text29                             1D45     1D45       10         0
                text28                              800      800       34         0
                text27                             1741     1741       5F         0
                text26                             146A     146A       44         0
                text25                              6BF      6BF       BF         0
                text24                             1B29     1B29        3         0
                text23                             1C9D     1C9D        E         0
                text22                             1B56     1B56        4         0
                text21                             1E6F     1E6F       15         0
                text20                             1B64     1B64        5         0
                text19                             1E84     1E84       15         0
                text18                             1C2F     1C2F        B         0
                text17                             1D98     1D98       11         0
                text16                             111F     111F       27         0
                text15                             1DA9     1DA9       11         0
                text14                              1F3      1F3      171         0
                text13                             1B9F     1B9F        7         0
                text12                             1B1F     1B1F        1         0
                text11                             1B2C     1B2C        3         0
                text10                             1EC9     1EC9       19         0
                text9                               45A      45A       D1         0
                text8                              1B2F     1B2F        3         0
                text7                                 2        2        2         0
                text6                              1D55     1D55       10         0
                text5                              1F16     1F16       1A         0
                text4                               B66      B66       72         0
                text3                               896      896       64         0
                text2                              1CAB     1CAB        E         0
                text1                              1333     1333       38         0
                maintext                           16E6     16E6       5B         0
                inittext                           1B69     1B69        6         0
                clrtext                            1B6F     1B6F        6         0
                idataBANK4                         1FE0     1FE0       20         0

        CLASS   STRCODE        
                stringtext                         1000     1000       66         0

        CLASS   ENTRY          

        CLASS   STRING         

        CLASS   COMMON         
                cstackCOMMON                         70       70        A         1
                bitbssCOMMON                        3D0       7A        2         1
                nvCOMMON                             7B       7B        1         1

        CLASS   BANK0          
                cstackBANK0                          20       20       4C         1
                bssBANK0                             6C       6C        2         1

        CLASS   BANK1          
                bssBANK1                             A0       A0       50         1

        CLASS   BANK2          
                cstackBANK2                         16A      16A        4         1
                bssBANK2                            120      120       4A         1

        CLASS   BANK3          
                bssBANK3                            1A0      1A0       4C         1

        CLASS   BANK4          
                dataBANK4                           220      220       20         1
                bssBANK4                            240      240       10         1

        CLASS   BANK5          

        CLASS   BANK6          

        CLASS   BANK7          

        CLASS   BANK8          

        CLASS   BANK9          

        CLASS   BANK10         

        CLASS   BANK11         

        CLASS   BANK12         

        CLASS   BIGRAM         

        CLASS   RAM            

        CLASS   ABS1           
                abs_s1                               7E       7E        2         1

        CLASS   SFR0           

        CLASS   SFR1           

        CLASS   SFR2           

        CLASS   SFR3           

        CLASS   SFR4           

        CLASS   SFR5           

        CLASS   SFR6           

        CLASS   SFR7           

        CLASS   SFR8           

        CLASS   SFR9           

        CLASS   SFR10          

        CLASS   SFR11          

        CLASS   SFR12          

        CLASS   SFR13          

        CLASS   SFR14          

        CLASS   SFR15          

        CLASS   SFR16          

        CLASS   SFR17          

        CLASS   SFR18          

        CLASS   SFR19          

        CLASS   SFR20          

        CLASS   SFR21          

        CLASS   SFR22          

        CLASS   SFR23          

        CLASS   SFR24          

        CLASS   SFR25          

        CLASS   SFR26          

        CLASS   SFR27          

        CLASS   SFR28          

        CLASS   SFR29          

        CLASS   SFR30          

        CLASS   SFR31          

        CLASS   CONFIG         
                config                             8007     8007        2         0

        CLASS   IDLOC          

        CLASS   BANK31         

        CLASS   BANK30         

        CLASS   BANK29         

        CLASS   BANK28         

        CLASS   BANK27         

        CLASS   BANK26         

        CLASS   BANK25         

        CLASS   BANK24         

        CLASS   BANK23         

        CLASS   BANK22         

        CLASS   BANK21         

        CLASS   BANK20         

        CLASS   BANK19         

        CLASS   BANK18         

        CLASS   BANK17         

        CLASS   BANK16         

        CLASS   BANK15         

        CLASS   BANK14         

        CLASS   BANK13         

        CLASS   EEDATA         



SEGMENTS        Name                           Load    Length   Top    Selector   Space  Class     Delta

                reset_vec                      000000  000004  000004         0       0  CODE        2
                intentry                       000004  000830  000834         8       0  CODE        2
                cstackBANK0                    000020  00004E  00006E        20       1  BANK0       1
                cstackCOMMON                   000070  00000C  00007C        70       1  COMMON      1
                bssBANK1                       0000A0  000050  0000F0        A0       1  BANK1       1
                bssBANK2                       000120  00004E  00016E       120       1  BANK2       1
                bssBANK3                       0001A0  00004C  0001EC       1A0       1  BANK3       1
                dataBANK4                      000220  000030  000250       220       1  BANK4       1
                text39                         000834  000062  000896      1068       0  CODE        2
                text3                          000896  000064  0008FA      112C       0  CODE        2
                text122                        0008FA  000065  00095F      11F4       0  CODE        2
                text121                        00095F  000065  0009C4      12BE       0  CODE        2
                text90                         0009C4  000065  000A29      1388       0  CODE        2
                text107                        000A29  000066  000A8F      1452       0  CODE        2
                text38                         000A8F  000068  000AF7      151E       0  CODE        2
                text133                        000AF7  00006F  000B66      15EE       0  CODE        2
                text4                          000B66  000072  000BD8      16CC       0  CODE        2
                text30                         000BD8  000077  000C4F      17B0       0  CODE        2
                text123                        000C4F  000087  000CD6      189E       0  CODE        2
                text33                         000CD6  000087  000D5D      19AC       0  CODE        2
                text98                         000D5D  00008C  000DE9      1ABA       0  CODE        2
                text126                        000DE9  0000A9  000E92      1BD2       0  CODE        2
                text125                        000E92  0000B4  000F46      1D24       0  CODE        2
                text91                         000F46  0000BA  001000      1E8C       0  CODE        2
                stringtext                     001000  000066  001066        20       0  STRCODE     2
                text60                         001066  00000C  001072      20CC       0  CODE        2
                text131                        001072  000021  001093      20E4       0  CODE        2
                text128                        001093  000022  0010B5      2126       0  CODE        2
                text47                         0010B5  000022  0010D7      216A       0  CODE        2
                text40                         0010D7  000023  0010FA      21AE       0  CODE        2
                text49                         0010FA  000025  00111F      21F4       0  CODE        2
                text16                         00111F  000027  001146      223E       0  CODE        2
                text84                         001146  00002A  001170      228C       0  CODE        2
                text45                         001170  00002A  00119A      22E0       0  CODE        2
                text116                        00119A  00002C  0011C6      2334       0  CODE        2
                text114                        0011C6  00002E  0011F4      238C       0  CODE        2
                text151                        0011F4  000030  001224      23E8       0  CODE        2
                text75                         001224  000033  001257      2448       0  CODE        2
                text71                         001257  000036  00128D      24AE       0  CODE        2
                text31                         00128D  000036  0012C3      251A       0  CODE        2
                text149                        0012C3  000038  0012FB      2586       0  CODE        2
                text139                        0012FB  000038  001333      25F6       0  CODE        2
                text1                          001333  000038  00136B      2666       0  CODE        2
                text92                         00136B  00003A  0013A5      26D6       0  CODE        2
                text32                         0013A5  000040  0013E5      274A       0  CODE        2
                text78                         0013E5  000041  001426      27CA       0  CODE        2
                text44                         001426  000044  00146A      284C       0  CODE        2
                text26                         00146A  000044  0014AE      28D4       0  CODE        2
                text145                        0014AE  000046  0014F4      295C       0  CODE        2
                text135                        0014F4  00004A  00153E      29E8       0  CODE        2
                text136                        00153E  000053  001591      2A7C       0  CODE        2
                text115                        001591  000053  0015E4      2B22       0  CODE        2
                text137                        0015E4  000054  001638      2BC8       0  CODE        2
                text104                        001638  000054  00168C      2C70       0  CODE        2
                text119                        00168C  00005A  0016E6      2D18       0  CODE        2
                maintext                       0016E6  00005B  001741      2DCC       0  CODE        2
                text27                         001741  00005F  0017A0      2E82       0  CODE        2
                text129                        0017A0  000060  001800      2F40       0  CODE        2
                text118                        001B1E  000001  001B1F      363C       0  CODE        2
                text12                         001B1F  000001  001B20      363E       0  CODE        2
                text146                        001B20  000003  001B23      3640       0  CODE        2
                text72                         001B23  000003  001B26      3646       0  CODE        2
                text56                         001B26  000003  001B29      364C       0  CODE        2
                text24                         001B29  000003  001B2C      3652       0  CODE        2
                text11                         001B2C  000003  001B2F      3658       0  CODE        2
                text8                          001B2F  000003  001B32      365E       0  CODE        2
                text142                        001B32  000004  001B36      3664       0  CODE        2
                text132                        001B36  000004  001B3A      366C       0  CODE        2
                text76                         001B3A  000004  001B3E      3674       0  CODE        2
                text74                         001B3E  000004  001B42      367C       0  CODE        2
                text63                         001B42  000004  001B46      3684       0  CODE        2
                text53                         001B46  000004  001B4A      368C       0  CODE        2
                text51                         001B4A  000004  001B4E      3694       0  CODE        2
                text50                         001B4E  000004  001B52      369C       0  CODE        2
                text43                         001B52  000004  001B56      36A4       0  CODE        2
                text22                         001B56  000004  001B5A      36AC       0  CODE        2
                text143                        001B5A  000005  001B5F      36B4       0  CODE        2
                text94                         001B5F  000005  001B64      36BE       0  CODE        2
                text20                         001B64  000005  001B69      36C8       0  CODE        2
                inittext                       001B69  000006  001B6F      36D2       0  CODE        2
                clrtext                        001B6F  000006  001B75      36DE       0  CODE        2
                text117                        001B75  000007  001B7C      36EA       0  CODE        2
                text113                        001B7C  000007  001B83      36F8       0  CODE        2
                text105                        001B83  000007  001B8A      3706       0  CODE        2
                text68                         001B8A  000007  001B91      3714       0  CODE        2
                text67                         001B91  000007  001B98      3722       0  CODE        2
                text64                         001B98  000007  001B9F      3730       0  CODE        2
                text13                         001B9F  000007  001BA6      373E       0  CODE        2
                text101                        001BA6  000008  001BAE      374C       0  CODE        2
                text88                         001BAE  000008  001BB6      375C       0  CODE        2
                text37                         001BB6  000008  001BBE      376C       0  CODE        2
                text150                        001BBE  000009  001BC7      377C       0  CODE        2
                text124                        001BC7  000009  001BD0      378E       0  CODE        2
                text85                         001BD0  000009  001BD9      37A0       0  CODE        2
                text59                         001BD9  00000A  001BE3      37B2       0  CODE        2
                text57                         001BE3  00000A  001BED      37C6       0  CODE        2
                text144                        001BED  00000B  001BF8      37DA       0  CODE        2
                text141                        001BF8  00000B  001C03      37F0       0  CODE        2
                text93                         001C03  00000B  001C0E      3806       0  CODE        2
                text83                         001C0E  00000B  001C19      381C       0  CODE        2
                text62                         001C19  00000B  001C24      3832       0  CODE        2
                text48                         001C24  00000B  001C2F      3848       0  CODE        2
                text18                         001C2F  00000B  001C3A      385E       0  CODE        2
                text134                        001C3A  00000C  001C46      3874       0  CODE        2
                text109                        001C46  00000C  001C52      388C       0  CODE        2
                text96                         001C52  00000C  001C5E      38A4       0  CODE        2
                text81                         001C5E  00000C  001C6A      38BC       0  CODE        2
                text66                         001C6A  00000C  001C76      38D4       0  CODE        2
                text138                        001C76  00000D  001C83      38EC       0  CODE        2
                text111                        001C83  00000D  001C90      3906       0  CODE        2
                text108                        001C90  00000D  001C9D      3920       0  CODE        2
                text23                         001C9D  00000E  001CAB      393A       0  CODE        2
                text2                          001CAB  00000E  001CB9      3956       0  CODE        2
                text140                        001CB9  00000F  001CC8      3972       0  CODE        2
                text130                        001CC8  00000F  001CD7      3990       0  CODE        2
                text102                        001CD7  00000F  001CE6      39AE       0  CODE        2
                text69                         001CE6  00000F  001CF5      39CC       0  CODE        2
                text120                        001CF5  000010  001D05      39EA       0  CODE        2
                text106                        001D05  000010  001D15      3A0A       0  CODE        2
                text103                        001D15  000010  001D25      3A2A       0  CODE        2
                text77                         001D25  000010  001D35      3A4A       0  CODE        2
                text36                         001D35  000010  001D45      3A6A       0  CODE        2
                text29                         001D45  000010  001D55      3A8A       0  CODE        2
                text6                          001D55  000010  001D65      3AAA       0  CODE        2
                text99                         001D65  000011  001D76      3ACA       0  CODE        2
                text79                         001D76  000011  001D87      3AEC       0  CODE        2
                text35                         001D87  000011  001D98      3B0E       0  CODE        2
                text17                         001D98  000011  001DA9      3B30       0  CODE        2
                text15                         001DA9  000011  001DBA      3B52       0  CODE        2
                text58                         001DBA  000012  001DCC      3B74       0  CODE        2
                text112                        001DCC  000013  001DDF      3B98       0  CODE        2
                text110                        001DDF  000013  001DF2      3BBE       0  CODE        2
                text86                         001DF2  000014  001E06      3BE4       0  CODE        2
                text100                        001E06  000015  001E1B      3C0C       0  CODE        2
                text97                         001E1B  000015  001E30      3C36       0  CODE        2
                text95                         001E30  000015  001E45      3C60       0  CODE        2
                text54                         001E45  000015  001E5A      3C8A       0  CODE        2
                text42                         001E5A  000015  001E6F      3CB4       0  CODE        2
                text21                         001E6F  000015  001E84      3CDE       0  CODE        2
                text19                         001E84  000015  001E99      3D08       0  CODE        2
                text55                         001E99  000018  001EB1      3D32       0  CODE        2
                text34                         001EB1  000018  001EC9      3D62       0  CODE        2
                text10                         001EC9  000019  001EE2      3D92       0  CODE        2
                text61                         001EE2  00001A  001EFC      3DC4       0  CODE        2
                text52                         001EFC  00001A  001F16      3DF8       0  CODE        2
                text5                          001F16  00001A  001F30      3E2C       0  CODE        2
                text73                         001F30  00001B  001F4B      3E60       0  CODE        2
                text41                         001F4B  00001C  001F67      3E96       0  CODE        2
                text70                         001F67  00001D  001F84      3ECE       0  CODE        2
                text46                         001F84  00001D  001FA1      3F08       0  CODE        2
                text148                        001FA1  00001F  001FC0      3F42       0  CODE        2
                text89                         001FC0  000020  001FE0      3F80       0  CODE        2
                idataBANK4                     001FE0  000020  002000      3FC0       0  CODE        2
                config                         008007  000002  008009     1000E       0  CONFIG      2


UNUSED ADDRESS RANGES

        Name                Unused          Largest block    Delta
        BANK0            0006E-0006F               2           1
        BANK10           00520-0056F              50           1
        BANK11           005A0-005EF              50           1
        BANK12           00620-0064F              30           1
        BANK2            0016E-0016F               2           1
        BANK3            001EC-001EF               4           1
        BANK4            00250-0026F              20           1
        BANK5            002A0-002EF              50           1
        BANK6            00320-0036F              50           1
        BANK7            003A0-003EF              50           1
        BANK8            00420-0046F              50           1
        BANK9            004A0-004EF              50           1
        BIGRAM           02000-023EF             3F0           1
        CODE             01800-01B1D             31E           2
                         02000-03FFF             800
        COMMON           0007C-0007D               2           1
        CONST            01800-01B1D             100           2
                         02000-03FFF             100
        ENTRY            01800-01B1D             100           2
                         02000-03FFF             100
        IDLOC            08000-08003               4           2
        RAM              0006E-0006F               2           1
                         0016E-0016F               2
                         001EC-001EF               4
                         00250-0026F              20
                         002A0-002EF              50
                         00320-0036F              50
                         003A0-003EF              50
                         00420-0046F              50
                         004A0-004EF              50
                         00520-0056F              50
                         005A0-005EF              50
                         00620-0064F              30
        SFR0             00000-0001F              20           1
        SFR1             00080-0009F              20           1
        SFR10            00500-0051F              20           1
        SFR11            00580-0059F              20           1
        SFR12            00600-0061F              20           1
        SFR13            00680-006EF              70           1
        SFR14            00700-0076F              70           1
        SFR15            00780-007EF              70           1
        SFR16            00800-0086F              70           1
        SFR17            00880-008EF              70           1
        SFR18            00900-0096F              70           1
        SFR19            00980-009EF              70           1
        SFR2             00100-0011F              20           1
        SFR20            00A00-00A6F              70           1
        SFR21            00A80-00AEF              70           1
        SFR22            00B00-00B6F              70           1
        SFR23            00B80-00BEF              70           1
        SFR24            00C00-00C6F              70           1
        SFR25            00C80-00CEF              70           1
        SFR26            00D00-00D6F              70           1
        SFR27            00D80-00DEF              70           1
        SFR28            00E00-00E6F              70           1
        SFR29            00E80-00EEF              70           1
        SFR3             00180-0019F              20           1
        SFR30            00F00-00F6F              70           1
        SFR31            00F80-00FEF              70           1
        SFR4             00200-0021F              20           1
        SFR5             00280-0029F              20           1
        SFR6             00300-0031F              20           1
        SFR7             00380-0039F              20           1
        SFR8             00400-0041F              20           1
        SFR9             00480-0049F              20           1
        STACK            02170-0231F             1B0           1
        STRCODE          01800-01B1D             31E           2
                         02000-03FFF            2000
        STRING           01800-01B1D             100           2
                         02000-03FFF             100

                                  Symbol Table

?___awdiv                                 cstackCOMMON 00072
?___awtoft                                cstackBANK0  00020
?___ftadd                                 cstackBANK0  00039
?___ftdiv                                 cstackBANK0  00026
?___ftmul                                 cstackBANK0  00026
?___ftneg                                 cstackBANK0  00036
?___ftpack                                cstackCOMMON 00072
?___fttol                                 cstackBANK0  00046
?___lwdiv                                 cstackCOMMON 00072
?___wmul                                  cstackCOMMON 00072
?_getAD                                   cstackCOMMON 00072
?_getBuz_GO                               cstackCOMMON 00072
CC2500_InitPATable@loop_d                 cstackCOMMON 00079
CC2500_InitPATable@temp                   cstackCOMMON 00078
CC2500_InitSetREG@loop_c                  cstackBANK0  00022
CC2500_InitSetREG@temp1                   cstackBANK0  00020
CC2500_InitSetREG@temp2                   cstackBANK0  00021
CC2500_ReadByte@loop_b                    cstackCOMMON 00073
CC2500_ReadStatus@status_addr             cstackCOMMON 00075
CC2500_RxData@loop_f                      cstackCOMMON 00077
CC2500_TxData@loop_e                      cstackCOMMON 00077
CC2500_WriteByte@loop_a                   cstackCOMMON 00073
CC2500_WriteCommand@command               cstackCOMMON 00075
CC2500_WriteREG@value                     cstackCOMMON 00074
CC2500_WriteREG@w_addr                    cstackCOMMON 00076
DelayOffPointSelect@sw                    cstackCOMMON 00073
DelayTime_1us@count                       cstackCOMMON 00072
DelayTime_1us@i                           cstackCOMMON 00074
DelayTime_1us@j                           cstackCOMMON 00076
DimmerIntr_ValueCalculate@lights          cstackBANK0  00024
DimmerLights_DimmingFunction@lights       cstackBANK0  00026
DimmerLights_SelectPointer@lights         cstackCOMMON 00073
Division@num                              cstackCOMMON 00077
Division@result                           cstackBANK0  00021
Division@value                            cstackBANK0  00020
DlyOff_Initialization@sw                  cstackCOMMON 00074
DlyOff_Main@sw                            cstackBANK0  0005F
Exception_Main@count                      cstackBANK0  00027
Exception_Main@error                      cstackBANK0  00028
Exception_Main@i                          cstackBANK0  00029
Exception_Main@i_4017                     cstackBANK0  0002B
Exception_Main@lights                     cstackBANK0  0002D
Exception_Main@status                     cstackBANK0  00026
Flash_Memory_Initialization@value         cstackCOMMON 00077
Flash_Memory_Main@key_Status              cstackBANK0  00020
Flash_Memory_Modify@i                     cstackCOMMON 00077
Flash_Memory_Read@address                 cstackCOMMON 00074
Flash_Memory_Read@i                       cstackCOMMON 00073
Flash_Memory_Read@ret                     cstackCOMMON 00075
Flash_Memory_Write@i                      cstackCOMMON 00073
LedPointSelect@led                        cstackCOMMON 00073
Load_Main@ErrorCountValue                 cstackBANK0  00025
Load_Main@LightsCount                     cstackBANK0  00027
Load_Main@Load_RunStatus                  cstackBANK0  00026
Load_Main@error                           cstackBANK0  00022
Load_Main@i                               cstackBANK0  00028
SwPointSelect@sw                          cstackCOMMON 00073
_ADCON0                                   (abs)        0009D
_ADCON1                                   (abs)        0009E
_ADC_Set                                  text64       01B98
_ADRESH                                   (abs)        0009C
_ADRESL                                   (abs)        0009B
_ANSELA                                   (abs)        0018C
_ANSELB                                   (abs)        0018D
_ANSELC                                   (abs)        0018E
_Buz1                                     bssBANK1     000CC
_Buzzer_Initialization                    text146      01B20
_Buzzer_Main                              text145      014AE
_CC2500_ClearRXFIFO                       text51       01B4A
_CC2500_ClearTXFIFO                       text50       01B4E
_CC2500_FrequencyCabr                     text48       01C24
_CC2500_InitPATable                       text46       01F84
_CC2500_InitSetREG                        text45       01170
_CC2500_PowerOnInitial                    text42       01E5A
_CC2500_PowerRST                          text44       01426
_CC2500_ReadByte                          text41       01F4B
_CC2500_ReadStatus                        text40       010D7
_CC2500_RxData                            text39       00834
_CC2500_SIDLEMode                         text43       01B52
_CC2500_TxData                            text38       00A8F
_CC2500_WriteByte                         text55       01E99
_CC2500_WriteCommand                      text52       01EFC
_CC2500_WriteREG                          text47       010B5
_CC2500_patable_vaule                     stringtext   0105E
_CC2500_registers_address                 stringtext   01000
_CC2500_rfSettings                        stringtext   0102F
_CFGS                                     (abs)        00CAE
_CRC                                      bssBANK1     000D8
_Cmd                                      bssBANK1     000D9
_DelayOff                                 bssBANK1     000DA
_DelayOffPointSelect                      text144      01BED
_DelayOff_Initialization                  text142      01B32
_DelayOff_Main                            text132      01B36
_DelayTime_1us                            text49       010FA
_Dimmer                                   bssBANK2     00120
_DimmerIntr                               bssBANK2     0012C
_DimmerIntr1                              bssBANK1     000A0
_DimmerIntr_Initialization                text119      0168C
_DimmerIntr_ValueCalculate                text116      0119A
_DimmerLights                             bssBANK0     0006C
_DimmerLights1                            bssBANK2     00158
_DimmerLights_DimmingFunction             text115      01591
_DimmerLights_IOC_1                       text151      011F4
_DimmerLights_Initialization              text117      01B75
_DimmerLights_Main                        text89       01FC0
_DimmerLights_SelectPointer               text141      01BF8
_DimmerLights_TMR_1                       text149      012C3
_Division                                 text130      01CC8
_DlyOff_Initialization                    text143      01B5A
_DlyOff_Main                              text133      00AF7
_DlySw1                                   bssBANK2     00161
_Exception_Main                           text87       0052B
_FREE                                     (abs)        00CAC
_FVRCON                                   (abs)        00117
_Flash_Memory_Erasing                     text81       01C5E
_Flash_Memory_Initialization              text82       005FB
_Flash_Memory_Main                        text78       013E5
_Flash_Memory_Main$3505                   cstackBANK0  00021
_Flash_Memory_Modify                      text80       0077E
_Flash_Memory_Read                        text86       01DF2
_Flash_Memory_Unlock                      text85       01BD0
_Flash_Memory_Write                       text84       01146
_Fosc_Set                                 text63       01B42
_GIE                                      (abs)        0005F
_GO_nDONE                                 (abs)        004E9
_IOCBF                                    (abs)        00396
_IOCBF2                                   (abs)        01CB2
_IOCBN                                    (abs)        00395
_IOCBP                                    (abs)        00394
_IOCIE                                    (abs)        0005B
_IOCIF                                    (abs)        00058
_IOC_ISR                                  text150      01BBE
_IOC_Set                                  text62       01C19
_IO_Set                                   text61       01EE2
_ISR                                      intentry     00004
_LATA                                     (abs)        0010C
_LATB                                     (abs)        0010D
_LATC                                     (abs)        0010E
_LED                                      bssBANK1     000DB
_LED_Initialization                       text76       01B3A
_LED_Main                                 text74       01B3E
_LWLO                                     (abs)        00CAD
_LedPointSelect                           text93       01C03
_Light                                    bssBANK2     0012D
_Load                                     bssBANK2     00130
_Load_Initialization                      text72       01B23
_Load_Main                                text65       00053
_Load_Main$4420                           cstackBANK0  00023
_Mcu_Initialization                       text58       01DBA
_Memory                                   bssBANK3     001BE
_OSCCON                                   (abs)        00099
_PEIE                                     (abs)        0005E
_PMADRH                                   (abs)        00192
_PMADRL                                   (abs)        00191
_PMCON2                                   (abs)        00196
_PMDATH                                   (abs)        00194
_PMDATL                                   (abs)        00193
_PORTA                                    (abs)        0000C
_PORTB                                    (abs)        0000D
_PORTC                                    (abs)        0000E
_RA0                                      (abs)        00060
_RA4                                      (abs)        00064
_RA6                                      (abs)        00066
_RA7                                      (abs)        00067
_RB0                                      (abs)        00068
_RB1                                      (abs)        00069
_RB2                                      (abs)        0006A
_RB3                                      (abs)        0006B
_RB5                                      (abs)        0006D
_RC0                                      (abs)        00070
_RC1                                      (abs)        00071
_RC3                                      (abs)        00073
_RC4                                      (abs)        00074
_RC5                                      (abs)        00075
_RD                                       (abs)        00CA8
_RF1                                      bssBANK1     000B0
_RF_Count                                 bssBANK2     00128
_RF_Data                                  bssBANK3     001A0
_RF_Initialization                        text56       01B26
_RF_Main                                  text24       01B29
_RF_RxDisable                             text37       01BB6
_RF_Timeout_Counter                       text54       01E45
_RSSI                                     bssBANK2     0012E
_Receive_OK                               bitbssCOMMON 003D0
_Rx_Length                                bssBANK1     000DC
_SPI0Buffer                               bssBANK1     000DD
_Sw                                       bssBANK0     0006D
_Sw1                                      bssBANK3     001E3
_SwDetect                                 bssBANK1     000DE
_SwPointSelect                            text18       01C2F
_Switch_Initialization                    text22       01B56
_Switch_Main                              text13       01B9F
_T1CON                                    (abs)        00018
_TMR1H                                    (abs)        00017
_TMR1IE                                   (abs)        00488
_TMR1IF                                   (abs)        00088
_TMR1L                                    (abs)        00016
_TMR1_ISR                                 text148      01FA1
_TMR1_Set                                 text60       01066
_TRISA                                    (abs)        0008C
_TRISB                                    (abs)        0008D
_TRISC                                    (abs)        0008E
_Temp                                     bssBANK1     000E2
_Temp_Initialization                      text11       01B2C
_Temp_Main                                text8        01B2F
_Timeout_Counter                          text21       01E6F
_Timer1                                   bssBANK2     00125
_TouchPower                               text19       01E84
_Transceive_OK                            bitbssCOMMON 003D1
_Tx_Length                                bssBANK1     000DF
_VarErrLED                                bssBANK2     00166
_WDT                                      bssBANK2     0012A
_WDTCON                                   (abs)        00097
_WDT_Clearing                             text7        00002
_WDT_Main                                 text6        01D55
_WDT_Set                                  text59       01BD9
_WPUB                                     (abs)        0020D
_WR                                       (abs)        00CA9
_WREN                                     (abs)        00CAA
__CFG_BOREN$OFF                           (abs)        00000
__CFG_CP$ON                               (abs)        00000
__CFG_FOSC$INTOSC                         (abs)        00000
__CFG_VCAPEN$OFF                          (abs)        00000
__CFG_WDTE$ON                             (abs)        00000
__CFG_WRT$HALF                            (abs)        00000
__Habs1                                   abs1         00000
__Hbank0                                  bank0        00000
__Hbank1                                  bank1        00000
__Hbank10                                 bank10       00000
__Hbank11                                 bank11       00000
__Hbank12                                 bank12       00000
__Hbank13                                 bank13       00000
__Hbank14                                 bank14       00000
__Hbank15                                 bank15       00000
__Hbank16                                 bank16       00000
__Hbank17                                 bank17       00000
__Hbank18                                 bank18       00000
__Hbank19                                 bank19       00000
__Hbank2                                  bank2        00000
__Hbank20                                 bank20       00000
__Hbank21                                 bank21       00000
__Hbank22                                 bank22       00000
__Hbank23                                 bank23       00000
__Hbank24                                 bank24       00000
__Hbank25                                 bank25       00000
__Hbank26                                 bank26       00000
__Hbank27                                 bank27       00000
__Hbank28                                 bank28       00000
__Hbank29                                 bank29       00000
__Hbank3                                  bank3        00000
__Hbank30                                 bank30       00000
__Hbank31                                 bank31       00000
__Hbank4                                  bank4        00000
__Hbank5                                  bank5        00000
__Hbank6                                  bank6        00000
__Hbank7                                  bank7        00000
__Hbank8                                  bank8        00000
__Hbank9                                  bank9        00000
__Hbigram                                 bigram       00000
__HbitbssCOMMON                           bitbssCOMMON 00000
__HbssBANK0                               bssBANK0     00000
__HbssBANK1                               bssBANK1     00000
__HbssBANK2                               bssBANK2     00000
__HbssBANK3                               bssBANK3     00000
__HbssBANK4                               bssBANK4     00000
__Hcinit                                  cinit        00053
__Hclrtext                                clrtext      00000
__Hcode                                   code         00000
__Hcommon                                 common       00000
__Hconfig                                 config       08009
__HcstackBANK0                            cstackBANK0  00000
__HcstackBANK2                            cstackBANK2  00000
__HcstackCOMMON                           cstackCOMMON 00000
__HdataBANK4                              dataBANK4    00000
__Heeprom_data                            eeprom_data  00000
__Hend_init                               end_init     00021
__Hfunctab                                functab      00000
__HidataBANK4                             idataBANK4   00000
__Hidloc                                  idloc        00000
__Hinit                                   init         0001F
__Hinittext                               inittext     00000
__Hintentry                               intentry     0001F
__Hmaintext                               maintext     00000
__HnvCOMMON                               nvCOMMON     00000
__Hpowerup                                powerup      00000
__Hram                                    ram          00000
__Hreset_vec                              reset_vec    00002
__Hsfr0                                   sfr0         00000
__Hsfr1                                   sfr1         00000
__Hsfr10                                  sfr10        00000
__Hsfr11                                  sfr11        00000
__Hsfr12                                  sfr12        00000
__Hsfr13                                  sfr13        00000
__Hsfr14                                  sfr14        00000
__Hsfr15                                  sfr15        00000
__Hsfr16                                  sfr16        00000
__Hsfr17                                  sfr17        00000
__Hsfr18                                  sfr18        00000
__Hsfr19                                  sfr19        00000
__Hsfr2                                   sfr2         00000
__Hsfr20                                  sfr20        00000
__Hsfr21                                  sfr21        00000
__Hsfr22                                  sfr22        00000
__Hsfr23                                  sfr23        00000
__Hsfr24                                  sfr24        00000
__Hsfr25                                  sfr25        00000
__Hsfr26                                  sfr26        00000
__Hsfr27                                  sfr27        00000
__Hsfr28                                  sfr28        00000
__Hsfr29                                  sfr29        00000
__Hsfr3                                   sfr3         00000
__Hsfr30                                  sfr30        00000
__Hsfr31                                  sfr31        00000
__Hsfr4                                   sfr4         00000
__Hsfr5                                   sfr5         00000
__Hsfr6                                   sfr6         00000
__Hsfr7                                   sfr7         00000
__Hsfr8                                   sfr8         00000
__Hsfr9                                   sfr9         00000
__Hspace_0                                (abs)        08009
__Hspace_1                                (abs)        003D2
__Hspace_2                                (abs)        00000
__Hspace_3                                (abs)        00000
__Hstack                                  stack        00000
__Hstrings                                strings      00000
__Hstringtext                             stringtext   00000
__Htext                                   text         00000
__Labs1                                   abs1         00000
__Lbank0                                  bank0        00000
__Lbank1                                  bank1        00000
__Lbank10                                 bank10       00000
__Lbank11                                 bank11       00000
__Lbank12                                 bank12       00000
__Lbank13                                 bank13       00000
__Lbank14                                 bank14       00000
__Lbank15                                 bank15       00000
__Lbank16                                 bank16       00000
__Lbank17                                 bank17       00000
__Lbank18                                 bank18       00000
__Lbank19                                 bank19       00000
__Lbank2                                  bank2        00000
__Lbank20                                 bank20       00000
__Lbank21                                 bank21       00000
__Lbank22                                 bank22       00000
__Lbank23                                 bank23       00000
__Lbank24                                 bank24       00000
__Lbank25                                 bank25       00000
__Lbank26                                 bank26       00000
__Lbank27                                 bank27       00000
__Lbank28                                 bank28       00000
__Lbank29                                 bank29       00000
__Lbank3                                  bank3        00000
__Lbank30                                 bank30       00000
__Lbank31                                 bank31       00000
__Lbank4                                  bank4        00000
__Lbank5                                  bank5        00000
__Lbank6                                  bank6        00000
__Lbank7                                  bank7        00000
__Lbank8                                  bank8        00000
__Lbank9                                  bank9        00000
__Lbigram                                 bigram       00000
__LbitbssCOMMON                           bitbssCOMMON 00000
__LbssBANK0                               bssBANK0     00000
__LbssBANK1                               bssBANK1     00000
__LbssBANK2                               bssBANK2     00000
__LbssBANK3                               bssBANK3     00000
__LbssBANK4                               bssBANK4     00000
__Lcinit                                  cinit        00021
__Lclrtext                                clrtext      00000
__Lcode                                   code         00000
__Lcommon                                 common       00000
__Lconfig                                 config       08007
__LcstackBANK0                            cstackBANK0  00000
__LcstackBANK2                            cstackBANK2  00000
__LcstackCOMMON                           cstackCOMMON 00000
__LdataBANK4                              dataBANK4    00000
__Leeprom_data                            eeprom_data  00000
__Lend_init                               end_init     0001F
__Lfunctab                                functab      00000
__LidataBANK4                             idataBANK4   00000
__Lidloc                                  idloc        00000
__Linit                                   init         0001F
__Linittext                               inittext     00000
__Lintentry                               intentry     00004
__Lmaintext                               maintext     00000
__LnvCOMMON                               nvCOMMON     00000
__Lpowerup                                powerup      00000
__Lram                                    ram          00000
__Lreset_vec                              reset_vec    00000
__Lsfr0                                   sfr0         00000
__Lsfr1                                   sfr1         00000
__Lsfr10                                  sfr10        00000
__Lsfr11                                  sfr11        00000
__Lsfr12                                  sfr12        00000
__Lsfr13                                  sfr13        00000
__Lsfr14                                  sfr14        00000
__Lsfr15                                  sfr15        00000
__Lsfr16                                  sfr16        00000
[...]
 Auto vars:     Size  Location     Type
  sw              1    3[COMMON] unsigned char 
 Return value:  Size  Location     Type
		None               void
 Registers used:
		wreg
 Tracked objects:
		On entry : 
		On exit  : 
		Unchanged: 
 Data sizes:     COMMON   BANK0   BANK1   BANK2   BANK3   BANK4   BANK5   BANK6   BANK7   BANK8   BANK9  BANK10  BANK11  BANK12
      Params:         0       0       0       0       0       0       0       0       0       0       0       0       0       0
      Locals:         1       0       0       0       0       0       0       0       0       0       0       0       0       0
      Temps:          1       0       0       0       0       0       0       0       0       0       0       0       0       0
      Totals:         2       0       0       0       0       0       0       0       0       0       0       0       0       0
Total ram usage:        2 bytes
 Hardware stack levels used:    1
 Hardware stack levels required when called:    3
 This function calls:
		Nothing
 This function is called by:
		_DlyOff_Initialization
		_DlyOff_Main
		_setDelayOff_GO
		_getDelayOff_GO
 This function uses a non-reentrant model


 *************** function _Buzzer_Main *****************
 Defined at:
		line 46 in file "../src/Buzzer_B1.c"
 Parameters:    Size  Location     Type
		None
 Auto vars:     Size  Location     Type
		None
 Return value:  Size  Location     Type
		None               void
 Registers used:
		wreg, status,2, status,0
 Tracked objects:
		On entry : 
		On exit  : 
		Unchanged: 
 Data sizes:     COMMON   BANK0   BANK1   BANK2   BANK3   BANK4   BANK5   BANK6   BANK7   BANK8   BANK9  BANK10  BANK11  BANK12
      Params:         0       0       0       0       0       0       0       0       0       0       0       0       0       0
      Locals:         0       0       0       0       0       0       0       0       0       0       0       0       0       0
      Temps:          1       0       0       0       0       0       0       0       0       0       0       0       0       0
      Totals:         1       0       0       0       0       0       0       0       0       0       0       0       0       0
Total ram usage:        1 bytes
 Hardware stack levels used:    1
 Hardware stack levels required when called:    3
 This function calls:
		Nothing
 This function is called by:
		_main
 This function uses a non-reentrant model


 *************** function _Buzzer_Initialization *****************
 Defined at:
		line 11 in file "../src/Buzzer_B1.c"
 Parameters:    Size  Location     Type
		None
 Auto vars:     Size  Location     Type
		None
 Return value:  Size  Location     Type
		None               void
 Registers used:
		None
 Tracked objects:
		On entry : 
		On exit  : 
		Unchanged: 
 Data sizes:     COMMON   BANK0   BANK1   BANK2   BANK3   BANK4   BANK5   BANK6   BANK7   BANK8   BANK9  BANK10  BANK11  BANK12
      Params:         0       0       0       0       0       0       0       0       0       0       0       0       0       0
      Locals:         0       0       0       0       0       0       0       0       0       0       0       0       0       0
      Temps:          0       0       0       0       0       0       0       0       0       0       0       0       0       0
      Totals:         0       0       0       0       0       0       0       0       0       0       0       0       0       0
Total ram usage:        0 bytes
 Hardware stack levels used:    1
 Hardware stack levels required when called:    3
 This function calls:
		Nothing
 This function is called by:
		_main
 This function uses a non-reentrant model


 *************** function _ISR *****************
 Defined at:
		line 116 in file "../src/MCU_B1.c"
 Parameters:    Size  Location     Type
		None
 Auto vars:     Size  Location     Type
		None
 Return value:  Size  Location     Type
		None               void
 Registers used:
		wreg, fsr1l, fsr1h, status,2, status,0, pclath, cstack
 Tracked objects:
		On entry : 
		On exit  : 
		Unchanged: 
 Data sizes:     COMMON   BANK0   BANK1   BANK2   BANK3   BANK4   BANK5   BANK6   BANK7   BANK8   BANK9  BANK10  BANK11  BANK12
      Params:         0       0       0       0       0       0       0       0       0       0       0       0       0       0
      Locals:         0       0       0       0       0       0       0       0       0       0       0       0       0       0
      Temps:          1       0       0       0       0       0       0       0       0       0       0       0       0       0
      Totals:         1       0       0       0       0       0       0       0       0       0       0       0       0       0
Total ram usage:        1 bytes
 Hardware stack levels used:    1
 Hardware stack levels required when called:    2
 This function calls:
		_IOC_ISR
		_TMR1_ISR
 This function is called by:
		Interrupt level 1
 This function uses a non-reentrant model


 *************** function _TMR1_ISR *****************
 Defined at:
		line 236 in file "../src/MCU_B1.c"
 Parameters:    Size  Location     Type
		None
 Auto vars:     Size  Location     Type
		None
 Return value:  Size  Location     Type
		None               void
 Registers used:
		wreg, fsr1l, fsr1h, status,2, status,0, pclath, cstack
 Tracked objects:
		On entry : 
		On exit  : 
		Unchanged: 
 Data sizes:     COMMON   BANK0   BANK1   BANK2   BANK3   BANK4   BANK5   BANK6   BANK7   BANK8   BANK9  BANK10  BANK11  BANK12
      Params:         0       0       0       0       0       0       0       0       0       0       0       0       0       0
      Locals:         0       0       0       0       0       0       0       0       0       0       0       0       0       0
      Temps:          0       0       0       0       0       0       0       0       0       0       0       0       0       0
      Totals:         0       0       0       0       0       0       0       0       0       0       0       0       0       0
Total ram usage:        0 bytes
 Hardware stack levels used:    1
 Hardware stack levels required when called:    1
 This function calls:
		_DimmerLights_TMR_1
 This function is called by:
		_ISR
 This function uses a non-reentrant model


 *************** function _DimmerLights_TMR_1 *****************
 Defined at:
		line 1521 in file "../src/Dimmer_B1.c"
 Parameters:    Size  Location     Type
		None
 Auto vars:     Size  Location     Type
		None
 Return value:  Size  Location     Type
		None               void
 Registers used:
		wreg, status,2, status,0
 Tracked objects:
		On entry : 
		On exit  : 
		Unchanged: 
 Data sizes:     COMMON   BANK0   BANK1   BANK2   BANK3   BANK4   BANK5   BANK6   BANK7   BANK8   BANK9  BANK10  BANK11  BANK12
      Params:         0       0       0       0       0       0       0       0       0       0       0       0       0       0
      Locals:         0       0       0       0       0       0       0       0       0       0       0       0       0       0
      Temps:          1       0       0       0       0       0       0       0       0       0       0       0       0       0
      Totals:         1       0       0       0       0       0       0       0       0       0       0       0       0       0
Total ram usage:        1 bytes
 Hardware stack levels used:    1
 This function calls:
		Nothing
 This function is called by:
		_TMR1_ISR
 This function uses a non-reentrant model


 *************** function _IOC_ISR *****************
 Defined at:
		line 395 in file "../src/MCU_B1.c"
 Parameters:    Size  Location     Type
		None
 Auto vars:     Size  Location     Type
		None
 Return value:  Size  Location     Type
		None               void
 Registers used:
		wreg, status,2, status,0, pclath, cstack
 Tracked objects:
		On entry : 
		On exit  : 
		Unchanged: 
 Data sizes:     COMMON   BANK0   BANK1   BANK2   BANK3   BANK4   BANK5   BANK6   BANK7   BANK8   BANK9  BANK10  BANK11  BANK12
      Params:         0       0       0       0       0       0       0       0       0       0       0       0       0       0
      Locals:         0       0       0       0       0       0       0       0       0       0       0       0       0       0
      Temps:          0       0       0       0       0       0       0       0       0       0       0       0       0       0
      Totals:         0       0       0       0       0       0       0       0       0       0       0       0       0       0
Total ram usage:        0 bytes
 Hardware stack levels used:    1
 Hardware stack levels required when called:    1
 This function calls:
		_DimmerLights_IOC_1
 This function is called by:
		_ISR
 This function uses a non-reentrant model


 *************** function _DimmerLights_IOC_1 *****************
 Defined at:
		line 1607 in file "../src/Dimmer_B1.c"
 Parameters:    Size  Location     Type
		None
 Auto vars:     Size  Location     Type
		None
 Return value:  Size  Location     Type
		None               void
 Registers used:
		wreg, status,2, status,0
 Tracked objects:
		On entry : 
		On exit  : 
		Unchanged: 
 Data sizes:     COMMON   BANK0   BANK1   BANK2   BANK3   BANK4   BANK5   BANK6   BANK7   BANK8   BANK9  BANK10  BANK11  BANK12
      Params:         0       0       0       0       0       0       0       0       0       0       0       0       0       0
      Locals:         0       0       0       0       0       0       0       0       0       0       0       0       0       0
      Temps:          1       0       0       0       0       0       0       0       0       0       0       0       0       0
      Totals:         1       0       0       0       0       0       0       0       0       0       0       0       0       0
Total ram usage:        1 bytes
 Hardware stack levels used:    1
 This function calls:
		Nothing
 This function is called by:
		_IOC_ISR
 This function uses a non-reentrant model



MODULE INFORMATION

Module		Function		Class		Link	Load	Size
C:\Program Files (x86)\Microchip\xc8\v1.32\sources\common\float.c
		___ftpack      		CODE           	17A0	0000	96

C:\Program Files (x86)\Microchip\xc8\v1.32\sources\common\float.c estimated size: 96

../src/OverLoad_B1.c
		_getLoad_AD    		CODE           	0B66	0000	114
		_getLoad_OK    		CODE           	1B7C	0000	7
		_Load_Initializ		CODE           	1B23	0000	3
		_Load_Main     		CODE           	0053	0000	416
		_setLoad_AH_AL_		CODE           	1F30	0000	27

../src/OverLoad_B1.c estimated size: 567

C:\Program Files (x86)\Microchip\xc8\v1.32\sources\common\awtoft.c
		___awtoft      		CODE           	1093	0000	34

C:\Program Files (x86)\Microchip\xc8\v1.32\sources\common\awtoft.c estimated size: 34

../src/MCU_B1.c
		_Fosc_Set      		CODE           	1B42	0000	4
		_IO_Set        		CODE           	1EE2	0000	26
		_WDT_Set       		CODE           	1BD9	0000	10
		_WDT_Main      		CODE           	1D55	0000	16
		_ADC_Set       		CODE           	1B98	0000	7
		_IOC_ISR       		CODE           	1BBE	0000	9
		_ISR           		CODE           	0004	0000	27
		_Flash_Memory_W		CODE           	1146	0000	42
		_Flash_Memory_M		CODE           	077E	0000	130
		_IOC_Set       		CODE           	1C19	0000	11
		_WDT_Clearing  		CODE           	0002	0000	2
		_setMemory_Modi		CODE           	1CF5	0000	16
		_Mcu_Initializa		CODE           	1DBA	0000	18
		_setMemory_Data		CODE           	1C0E	0000	11
		_Flash_Memory_I		CODE           	05FB	0000	196
		_getAD         		CODE           	1F16	0000	26
		_TMR1_Set      		CODE           	1066	0000	12
		_setMemory_Loop		CODE           	1D45	0000	16
		_Flash_Memory_U		CODE           	1BD0	0000	9
		_Flash_Memory_R		CODE           	1DF2	0000	20
		_Flash_Memory_E		CODE           	1C5E	0000	12
		_TMR1_ISR      		CODE           	1FA1	0000	31
		_Flash_Memory_M		CODE           	13E5	0000	65

../src/MCU_B1.c estimated size: 716

C:\Program Files (x86)\Microchip\xc8\v1.32\sources\common\ftmul.c
		___ftmul       		CODE           	0E92	0000	180

C:\Program Files (x86)\Microchip\xc8\v1.32\sources\common\ftmul.c estimated size: 180

../src/Buzzer_B1.c
		_Buzzer_Main   		CODE           	14AE	0000	70
		_setBuz        		CODE           	153E	0000	83
		_getBuz_GO     		CODE           	1D35	0000	16
		_Buzzer_Initial		CODE           	1B20	0000	3

../src/Buzzer_B1.c estimated size: 172

../src/LED_B1.c
		_setLED        		CODE           	136B	0000	58
		_LED_Main      		CODE           	1B3E	0000	4
		_setLED_Initial		CODE           	1D25	0000	16
		_LedPointSelect		CODE           	1C03	0000	11
		_setLED_Main   		CODE           	1224	0000	51
		_LED_Initializa		CODE           	1B3A	0000	4

../src/LED_B1.c estimated size: 144

../src/OverTemperature_B1.c
		_Temp_Initializ		CODE           	1B2C	0000	3
		_Temp_Main     		CODE           	1B2F	0000	3
		_setTemp_Initia		CODE           	1B1F	0000	1
		_setOverTemp_AD		CODE           	1EC9	0000	25
		_getTemp_AD    		CODE           	0896	0000	100
		_setTemp_Main  		CODE           	045A	0000	209

../src/OverTemperature_B1.c estimated size: 341

../src/CC2500_B1.c
		_DelayTime_1us 		CODE           	10FA	0000	37
		_CC2500_Frequen		CODE           	1C24	0000	11
		_CC2500_SIDLEMo		CODE           	1B52	0000	4
		_CC2500_PowerOn		CODE           	1E5A	0000	21
		_CC2500_WriteBy		CODE           	1E99	0000	24
		_CC2500_RxData 		CODE           	0834	0000	98
		_CC2500_TxData 		CODE           	0A8F	0000	104
		_CC2500_ClearRX		CODE           	1B4A	0000	4
		_CC2500_ClearTX		CODE           	1B4E	0000	4
		_CC2500_InitPAT		CODE           	1F84	0000	29
		_CC2500_WriteRE		CODE           	10B5	0000	34
		_CC2500_ReadSta		CODE           	10D7	0000	35
		_CC2500_PowerRS		CODE           	1426	0000	68
		_CC2500_ReadByt		CODE           	1F4B	0000	28
		_CC2500_InitSet		CODE           	1170	0000	42
		_CC2500_WriteCo		CODE           	1EFC	0000	26

../src/CC2500_B1.c estimated size: 569

C:\Program Files (x86)\Microchip\xc8\v1.32\sources\common\fttol.c
		___fttol       		CODE           	0C4F	0000	135

C:\Program Files (x86)\Microchip\xc8\v1.32\sources\common\fttol.c estimated size: 135

C:\Program Files (x86)\Microchip\xc8\v1.32\sources\common\lwdiv.c
		___lwdiv       		CODE           	1257	0000	54

C:\Program Files (x86)\Microchip\xc8\v1.32\sources\common\lwdiv.c estimated size: 54

../src/RF_Control_B1.c
		_RF_Initializat		CODE           	1B26	0000	3
		_setRF_AdjContr		CODE           	128D	0000	54
		_getRxData     		CODE           	1741	0000	95
		_setRF_Main    		CODE           	06BF	0000	191
		_getRF_KeyStatu		CODE           	1D87	0000	17
		_setRF_Initiali		CODE           	1BE3	0000	10
		_setTxData     		CODE           	1B83	0000	7
		_setRF_TimeoutC		CODE           	1B46	0000	4
		_RF_Timeout_Cou		CODE           	1E45	0000	21
		_setRFSW_Contro		CODE           	13A5	0000	64
		_setRF_Learn   		CODE           	1DA9	0000	17
		_setRF_Transcei		CODE           	1D05	0000	16
		_setData       		CODE           	146A	0000	68
		_RF_Main       		CODE           	1B29	0000	3
		_setRFSW_AdjCon		CODE           	0CD6	0000	135
		_setRF_DimmerLi		CODE           	0A29	0000	102
		_setControl_Lig		CODE           	0BD8	0000	119
		_setLog_Code   		CODE           	0800	0000	52
		_RF_RxDisable  		CODE           	1BB6	0000	8

../src/RF_Control_B1.c estimated size: 986

C:\Program Files (x86)\Microchip\xc8\v1.32\sources\common\awdiv.c
		___awdiv       		CODE           	15E4	0000	84

C:\Program Files (x86)\Microchip\xc8\v1.32\sources\common\awdiv.c estimated size: 84

../src/Main_B1.c
		_Exception_Main		CODE           	052B	0000	208
		_my_MainTimer  		CODE           	1333	0000	56
		_setProductData		CODE           	1C3A	0000	12
		_main          		CODE           	16E6	0000	91
		_Timeout_Counte		CODE           	1E6F	0000	21
		_myMain_Initial		CODE           	1CAB	0000	14
		_getMain_All_Er		CODE           	11C6	0000	46
		_set_TimeoutCle		CODE           	1B64	0000	5
		_getCmd_Status 		CODE           	1D15	0000	16
		_getMain_Lights		CODE           	1C6A	0000	12
		_getMain_All_Li		CODE           	1BA6	0000	8
		_setCmd_Status 		CODE           	1E06	0000	21

../src/Main_B1.c estimated size: 510

C:\Program Files (x86)\Microchip\xc8\v1.32\sources\common\ftadd.c
		___ftadd       		CODE           	0364	0000	246

C:\Program Files (x86)\Microchip\xc8\v1.32\sources\common\ftadd.c estimated size: 246

C:\Program Files (x86)\Microchip\xc8\v1.32\sources\common\Umul16.c
		___wmul        		CODE           	1F67	0000	29

C:\Program Files (x86)\Microchip\xc8\v1.32\sources\common\Umul16.c estimated size: 29

C:\Program Files (x86)\Microchip\xc8\v1.32\sources\common\Umul8.c
		___bmul        		CODE           	1D65	0000	17

C:\Program Files (x86)\Microchip\xc8\v1.32\sources\common\Umul8.c estimated size: 17

shared
		_CC2500_patable		STRCODE        	105E	0000	8
		_CC2500_rfSetti		STRCODE        	102F	0000	47
		__initializatio		CODE           	0021	0000	46
		_CC2500_registe		STRCODE        	1000	0000	47

shared estimated size: 148

C:\Program Files (x86)\Microchip\xc8\v1.32\sources\common\ftneg.c
		___ftneg       		CODE           	1BC7	0000	9

C:\Program Files (x86)\Microchip\xc8\v1.32\sources\common\ftneg.c estimated size: 9

../src/Switch_B1.c
		_Switch_Main   		CODE           	1B9F	0000	7
		_SwPointSelect 		CODE           	1C2F	0000	11
		_TouchPower    		CODE           	1E84	0000	21
		_setSw_Main    		CODE           	01F3	0000	369
		_getAll_Sw_KeyS		CODE           	1D76	0000	17
		_getSw_KeyStatu		CODE           	1D98	0000	17
		_setSw_Initiali		CODE           	1C9D	0000	14
		_Switch_Initial		CODE           	1B56	0000	4

../src/Switch_B1.c estimated size: 460

../src/Dimmer_B1.c
		_DimmerIntr_Val		CODE           	119A	0000	44
		_getDimmerLight		CODE           	1CB9	0000	15
		_DimmerLights_S		CODE           	1BF8	0000	11
		_setDimmerLight		CODE           	12FB	0000	56
		_DimmerLights_D		CODE           	1591	0000	83
		_setDimmerIntr_		CODE           	1E30	0000	21
		_DimmerLights_M		CODE           	1FC0	0000	32
		_setDimmerLight		CODE           	14F4	0000	74
		_DimmerIntr_Ini		CODE           	168C	0000	90
		_getDimmerIntr_		CODE           	1C83	0000	13
		_getAll_DimmerI		CODE           	1CE6	0000	15
		_getDimmerLight		CODE           	1BAE	0000	8
		_setDimmerIntr_		CODE           	1C46	0000	12
		_setDimmerIntr_		CODE           	1C52	0000	12
		_Division      		CODE           	1CC8	0000	15
		_setDimmerLight		CODE           	1C90	0000	13
		_getDimmerLight		CODE           	095F	0000	101
		_getDimmerLight		CODE           	08FA	0000	101
		_getDimmer_Load		CODE           	1B8A	0000	7
		_setDimmerLight		CODE           	1B1E	0000	1
		_getDimmerIntr_		CODE           	1C76	0000	13
		_setDimmerLight		CODE           	1638	0000	84
		_setDimmerLight		CODE           	111F	0000	39
		_setDimmerLight		CODE           	1EB1	0000	24
		_DimmerLights_I		CODE           	1B75	0000	7
		_setDimmerLight		CODE           	1B5F	0000	5
		_getDimmer_Load		CODE           	1B91	0000	7
		_setDimmerLight		CODE           	09C4	0000	101
		_setDimmerIntr_		CODE           	1DDF	0000	19
		_DimmerLights_I		CODE           	11F4	0000	48
		_getDimmerLight		CODE           	1DCC	0000	19
		_setDimmerLight		CODE           	0F46	0000	186
		_DimmerLights_T		CODE           	12C3	0000	56
		_setDimmerIntr_		CODE           	1E1B	0000	21

../src/Dimmer_B1.c estimated size: 1353

../src/DelayOff_B1.c
		_DelayOff_Initi		CODE           	1B32	0000	4
		_DlyOff_Main   		CODE           	0AF7	0000	111
		_DelayOff_Main 		CODE           	1B36	0000	4
		_DelayOffPointS		CODE           	1BED	0000	11
		_getDelayOff_GO		CODE           	1CD7	0000	15
		_setDelayOff_GO		CODE           	0D5D	0000	140
		_DlyOff_Initial		CODE           	1B5A	0000	5

../src/DelayOff_B1.c estimated size: 290

C:\Program Files (x86)\Microchip\xc8\v1.32\sources\common\lbdiv.c
		___lbdiv       		CODE           	1072	0000	33

C:\Program Files (x86)\Microchip\xc8\v1.32\sources\common\lbdiv.c estimated size: 33

C:\Program Files (x86)\Microchip\xc8\v1.32\sources\pic\ftdiv.c
		___ftdiv       		CODE           	0DE9	0000	169

C:\Program Files (x86)\Microchip\xc8\v1.32\sources\pic\ftdiv.c estimated size: 169

