Microchip MPLAB XC8 Compiler V1.32 ()

Linker command line:

--edf=C:\Program Files (x86)\Microchip\xc8\v1.32\dat\en_msgs.txt -cs \
  -h+dist/default/production\1-8-1.Switch_1Key_Dimmer_MOSFET.X.production.sym \
  --cmf=dist/default/production\1-8-1.Switch_1Key_Dimmer_MOSFET.X.production.cmf \
  -z -Q16F1518 -oC:\Users\taianluo\AppData\Local\Temp\s7ug.6 \
  -Mdist/default/production/1-8-1.Switch_1Key_Dimmer_MOSFET.X.production.map \
  -E1 -ver=XC8 -ASTACK=02165h-0231fh -pstack=STACK -ACONST=00h-0FFhx64 \
  -ACODE=00h-07FFhx8 -ASTRCODE=00h-03FFFh -AENTRY=00h-0FFhx64 \
  -ASTRING=00h-0FFhx64 -ACOMMON=070h-07Fh -ABANK0=020h-06Fh \
  -ABANK1=0A0h-0EFh -ABANK2=0120h-016Fh -ABANK3=01A0h-01EFh \
  -ABANK4=0220h-026Fh -ABANK5=02A0h-02EFh -ABANK6=0320h-036Fh \
  -ABANK7=03A0h-03EFh -ABANK8=0420h-046Fh -ABANK9=04A0h-04EFh \
  -ABANK10=0520h-056Fh -ABANK11=05A0h-05EFh -ABANK12=0620h-064Fh \
  -ABIGRAM=02000h-023EFh \
  -ARAM=020h-06Fh,0A0h-0EFh,0120h-016Fh,01A0h-01EFh,0220h-026Fh,02A0h-02EFh,0320h-036Fh,03A0h-03EFh,0420h-046Fh,04A0h-04EFh,0520h-056Fh,05A0h-05EFh,0620h-064Fh \
  -AABS1=020h-07Fh,0A0h-0EFh,0120h-016Fh,01A0h-01EFh,0220h-026Fh,02A0h-02EFh,0320h-036Fh,03A0h-03EFh,0420h-046Fh,04A0h-04EFh,0520h-056Fh,05A0h-05EFh,0620h-064Fh \
  -ASFR0=00h-01Fh -ASFR1=080h-09Fh -ASFR2=0100h-011Fh -ASFR3=0180h-019Fh \
  -ASFR4=0200h-021Fh -ASFR5=0280h-029Fh -ASFR6=0300h-031Fh \
  -ASFR7=0380h-039Fh -ASFR8=0400h-041Fh -ASFR9=0480h-049Fh \
  -ASFR10=0500h-051Fh -ASFR11=0580h-059Fh -ASFR12=0600h-061Fh \
  -ASFR13=0680h-06EFh -ASFR14=0700h-076Fh -ASFR15=0780h-07EFh \
  -ASFR16=0800h-086Fh -ASFR17=0880h-08EFh -ASFR18=0900h-096Fh \
  -ASFR19=0980h-09EFh -ASFR20=0A00h-0A6Fh -ASFR21=0A80h-0AEFh \
  -ASFR22=0B00h-0B6Fh -ASFR23=0B80h-0BEFh -ASFR24=0C00h-0C6Fh \
  -ASFR25=0C80h-0CEFh -ASFR26=0D00h-0D6Fh -ASFR27=0D80h-0DEFh \
  -ASFR28=0E00h-0E6Fh -ASFR29=0E80h-0EEFh -ASFR30=0F00h-0F6Fh \
  -ASFR31=0F80h-0FEFh -preset_vec=00h,intentry=04h,init,end_init \
  -ppowerup=CODE -pcinit=CODE -pfunctab=CODE -ACONFIG=08007h-08008h \
  -pconfig=CONFIG -DCONFIG=2 -AIDLOC=08000h-08003h -pidloc=IDLOC -DIDLOC=2 \
  -DCODE=2 -DSTRCODE=2 -DSTRING=2 -DCONST=2 -DENTRY=2 -k \
  C:\Users\taianluo\AppData\Local\Temp\s7ug.obj \
  dist/default/production\1-8-1.Switch_1Key_Dimmer_MOSFET.X.production.obj 

Object code version is 3.11

Machine type is 16F1518



                Name                               Link     Load   Length Selector   Space Scale
C:\Users\taianluo\AppData\Local\Temp\s7ug.obj
                end_init                             1F       1F        2        8       0
                reset_vec                             0        0        2        0       0
                config                             8007     8007        2    1000E       0
dist/default/production\1-8-1.Switch_1Key_Dimmer_MOSFET.X.production.obj
                cinit                                21       21       32        8       0
                intentry                              4        4       1B        8       0
                text148                            1FBD     1FBD       21     3F7A       0
                text147                            1BE7     1BE7        D     37CE       0
                text146                             7C2      7C2       3D        8       0
                text145                            1B06     1B06        9     360C       0
                text144                            1235     1235       38     246A       0
                text143                            1F3F     1F3F       1F     3E7E       0
                text141                            1A85     1A85        3     350A       0
                text140                            139C     139C       4A     2738       0
                text139                            1B57     1B57        C     36AE       0
                text138                            1AC1     1AC1        6     3582       0
                text137                            1A94     1A94        4     3528       0
                text136                            1B63     1B63        C     36C6       0
                text135                            1C22     1C22       11     3844       0
                text134                            126D     126D       39     24DA       0
                text133                            13E6     13E6       54     27CC       0
                text132                            1490     1490       59     2920       0
                text131                            1193     1193       35     2326       0
                text130                            1B6F     1B6F        C     36DE       0
                text129                             91E      91E       6F     123C       0
                text128                            1A98     1A98        4     3530       0
                text127                            1FDE     1FDE       22     3FBC       0
                text126                            1BF4     1BF4        F     37E8       0
                text125                            15A1     15A1       61     2B42       0
                text124                            100F     100F       22     201E       0
                text123                             384      384       F6        8       0
                text122                             D1E      D1E       A9     1A3C       0
                text121                             DC7      DC7       B4     1B8E       0
                text120                            1B0F     1B0F        9     361E       0
                text119                             B7E      B7E       87     16FC       0
                text118                            1666     1666       65     2CCC       0
                text117                            16CB     16CB       65     2D96       0
                text116                            1CF3     1CF3       13     39E6       0
                text115                            1544     1544       5D     2A88       0
                text114                            1A84     1A84        1     3508       0
                text113                            1AD9     1AD9        7     35B2       0
                text112                            10F8     10F8       33     21F0       0
                text111                            1AEE     1AEE        8     35DC       0
                text110                            1DBA     1DBA       16     3B74       0
                text109                            1C03     1C03        F     3806       0
                text108                            1DD0     1DD0       16     3BA0       0
                text107                            1B7B     1B7B        C     36F6       0
                text106                            1C33     1C33       11     3866       0
                text105                            1730     1730       65     2E60       0
                text104                            1D06     1D06       13     3A0C       0
                text103                             E7B      E7B       BB     1CF6       0
                text102                            143A     143A       56     2874       0
                text101                            1C99     1C99       12     3932       0
                text100                            1C44     1C44       11     3888       0
                text99                             1B21     1B21        A     3642       0
                text98                             1E16     1E16       19     3C2C       0
                text97                             1CAB     1CAB       12     3956       0
                text96                              C05      C05       8C     180A       0
                text95                             1DE6     1DE6       18     3BCC       0
                text94                             1B87     1B87        C     370E       0
                text93                             1DFE     1DFE       18     3BFC       0
                text92                             1AC7     1AC7        6     358E       0
                text91                             1B93     1B93        C     3726       0
                text90                             12A6     12A6       39     254C       0
                text89                              6F7      6F7       CB        8       0
                text88                             1795     1795       6B     2F2A       0
                text87                             1ECC     1ECC       1C     3D98       0
                text86                             1B2B     1B2B        B     3656       0
                text85                              54F      54F       D5        8       0
                text84                             1E48     1E48       1A     3C90       0
                text83                             1B18     1B18        9     3630       0
                text82                             10C9     10C9       2F     2192       0
                text81                             1B9F     1B9F        C     373E       0
                text80                              F36      F36       CA     1E6C       0
                text79                             1BAB     1BAB        C     3756       0
                text78                              AF8      AF8       86     15F0       0
                text77                             1C55     1C55       11     38AA       0
                text76                             135B     135B       41     26B6       0
                text75                             1CBD     1CBD       12     397A       0
                text74                             1A9C     1A9C        4     3538       0
                text73                             11C8     11C8       36     2390       0
                text72                             1AA0     1AA0        4     3540       0
                text71                             1EE8     1EE8       1C     3DD0       0
                text70                             1A88     1A88        3     3510       0
                text69                             11FE     11FE       37     23FC       0
                text68                             1F21     1F21       1E     3E42       0
                text67                             1D19     1D19       13     3A32       0
                text66                             1AF6     1AF6        8     35EC       0
                text65                             1AFE     1AFE        8     35FC       0
                text64                             1B36     1B36        B     366C       0
                text63                               53       53      1B2        8       0
                text62                             1AE0     1AE0        7     35C0       0
                text61                             1AA4     1AA4        4     3548       0
                text60                             1B41     1B41        B     3682       0
                text59                             1E62     1E62       1A     3CC4       0
                text58                             1BB7     1BB7        C     376E       0
                text57                             1BC3     1BC3        C     3786       0
                text56                             1CCF     1CCF       12     399E       0
                text55                             1B4C     1B4C        B     3698       0
                text54                             1A8B     1A8B        3     3516       0
                text53                             1E2F     1E2F       19     3C5E       0
                text52                             1D66     1D66       15     3ACC       0
                text51                             1AA8     1AA8        4     3550       0
                text50                             1E7C     1E7C       1A     3CF8       0
                text49                             1AAC     1AAC        4     3558       0
                text48                             1AB0     1AB0        4     3560       0
                text47                             1079     1079       26     20F2       0
                text46                             1BCF     1BCF        C     379E       0
                text45                             1031     1031       23     2062       0
                text44                             1F5E     1F5E       1F     3EBC       0
                text43                             109F     109F       2A     213E       0
                text42                              803      803       44     1006       0
                text41                             1AB4     1AB4        4     3568       0
                text40                             1D7B     1D7B       15     3AF6       0
                text39                             1F04     1F04       1D     3E08       0
                text38                             1054     1054       25     20A8       0
                text37                              847      847       6B     108E       0
                text36                              8B2      8B2       6C     1164       0
                text35                             1000     1000        F     1E6C       0
                text34                             1C66     1C66       11     38CC       0
                text33                             1C77     1C77       11     38EE       0
                text32                             1E96     1E96       1B     3D2C       0
                text31                              A78      A78       80     14F0       0
                text30                             131B     131B       40     2636       0
                text29                             112B     112B       34     2256       0
                text28                              9FF      9FF       79     13FE       0
                text27                             1D2C     1D2C       13     3A58       0
                text26                             115F     115F       34     22BE       0
                text25                             1602     1602       64     2C04       0
                text24                              47A      47A       D5        8       0
                text23                             1A8E     1A8E        3     351C       0
                text22                             1C12     1C12       10     3824       0
                text21                             1AB8     1AB8        4     3570       0
                text20                             1D90     1D90       15     3B20       0
                text19                             1ABC     1ABC        5     3578       0
                text18                             1DA5     1DA5       15     3B4A       0
                text17                             1BDB     1BDB        C     37B6       0
                text16                             1C88     1C88       11     3910       0
                text15                             1D52     1D52       14     3AA4       0
                text14                              205      205      17F        8       0
                text13                             1AE7     1AE7        7     35CE       0
                text12                              7FF      7FF        1        8       0
                text11                             1A91     1A91        3     3522       0
                text10                             1EB1     1EB1       1B     3D62       0
                text9                               624      624       D3        8       0
                text8                               800      800        3     1000       0
                text7                                 2        2        2        0       0
                text6                              1CE1     1CE1       12     39C2       0
                text5                              1F7D     1F7D       20     3EFA       0
                text4                               98D      98D       72     131A       0
                text3                               C91      C91       8D     1922       0
                text2                              1D3F     1D3F       13     3A7E       0
                text1                              12DF     12DF       3C     25BE       0
                maintext                           14E9     14E9       5B     29D2       0
                cstackBANK0                          20       20       50       20       1
                cstackCOMMON                         70       70        D       70       1
                cstackBANK1                          E6       E6        8       A0       1
                inittext                           1ACD     1ACD        6     359A       0
                clrtext                            1AD3     1AD3        6     35A6       0
                bssBANK4                            220      220       25      220       1
                dataBANK3                           1CC      1CC       20      1A0       1
                bssBANK3                            1A0      1A0       2C      1A0       1
                bssBANK2                            120      120       4C      120       1
                bssBANK1                             A0       A0       46       A0       1
                bitbssBANK1                         778       EF        1       A0       1     8
                bitbssCOMMON                        3E8       7D        1       70       1     8
                nvBANK1                              EE       EE        1       A0       1
                stringtext                         1800     1800       66       30       0
                idataBANK3                         1F9D     1F9D       20     3F3A       0

TOTAL           Name                               Link     Load   Length     Space
        CLASS   STACK          

        CLASS   CONST          

        CLASS   CODE           
                end_init                             1F       1F        2         0
                cinit                                21       21       32         0
                intentry                              4        4       1B         0
                reset_vec                             0        0        2         0
                text148                            1FBD     1FBD       21         0
                text147                            1BE7     1BE7        D         0
                text146                             7C2      7C2       3D         0
                text145                            1B06     1B06        9         0
                text144                            1235     1235       38         0
                text143                            1F3F     1F3F       1F         0
                text141                            1A85     1A85        3         0
                text140                            139C     139C       4A         0
                text139                            1B57     1B57        C         0
                text138                            1AC1     1AC1        6         0
                text137                            1A94     1A94        4         0
                text136                            1B63     1B63        C         0
                text135                            1C22     1C22       11         0
                text134                            126D     126D       39         0
                text133                            13E6     13E6       54         0
                text132                            1490     1490       59         0
                text131                            1193     1193       35         0
                text130                            1B6F     1B6F        C         0
                text129                             91E      91E       6F         0
                text128                            1A98     1A98        4         0
                text127                            1FDE     1FDE       22         0
                text126                            1BF4     1BF4        F         0
                text125                            15A1     15A1       61         0
                text124                            100F     100F       22         0
                text123                             384      384       F6         0
                text122                             D1E      D1E       A9         0
                text121                             DC7      DC7       B4         0
                text120                            1B0F     1B0F        9         0
                text119                             B7E      B7E       87         0
                text118                            1666     1666       65         0
                text117                            16CB     16CB       65         0
                text116                            1CF3     1CF3       13         0
                text115                            1544     1544       5D         0
                text114                            1A84     1A84        1         0
                text113                            1AD9     1AD9        7         0
                text112                            10F8     10F8       33         0
                text111                            1AEE     1AEE        8         0
                text110                            1DBA     1DBA       16         0
                text109                            1C03     1C03        F         0
                text108                            1DD0     1DD0       16         0
                text107                            1B7B     1B7B        C         0
                text106                            1C33     1C33       11         0
                text105                            1730     1730       65         0
                text104                            1D06     1D06       13         0
                text103                             E7B      E7B       BB         0
                text102                            143A     143A       56         0
                text101                            1C99     1C99       12         0
                text100                            1C44     1C44       11         0
                text99                             1B21     1B21        A         0
                text98                             1E16     1E16       19         0
                text97                             1CAB     1CAB       12         0
                text96                              C05      C05       8C         0
                text95                             1DE6     1DE6       18         0
                text94                             1B87     1B87        C         0
                text93                             1DFE     1DFE       18         0
                text92                             1AC7     1AC7        6         0
                text91                             1B93     1B93        C         0
                text90                             12A6     12A6       39         0
                text89                              6F7      6F7       CB         0
                text88                             1795     1795       6B         0
                text87                             1ECC     1ECC       1C         0
                text86                             1B2B     1B2B        B         0
                text85                              54F      54F       D5         0
                text84                             1E48     1E48       1A         0
                text83                             1B18     1B18        9         0
                text82                             10C9     10C9       2F         0
                text81                             1B9F     1B9F        C         0
                text80                              F36      F36       CA         0
                text79                             1BAB     1BAB        C         0
                text78                              AF8      AF8       86         0
                text77                             1C55     1C55       11         0
                text76                             135B     135B       41         0
                text75                             1CBD     1CBD       12         0
                text74                             1A9C     1A9C        4         0
                text73                             11C8     11C8       36         0
                text72                             1AA0     1AA0        4         0
                text71                             1EE8     1EE8       1C         0
                text70                             1A88     1A88        3         0
                text69                             11FE     11FE       37         0
                text68                             1F21     1F21       1E         0
                text67                             1D19     1D19       13         0
                text66                             1AF6     1AF6        8         0
                text65                             1AFE     1AFE        8         0
                text64                             1B36     1B36        B         0
                text63                               53       53      1B2         0
                text62                             1AE0     1AE0        7         0
                text61                             1AA4     1AA4        4         0
                text60                             1B41     1B41        B         0
                text59                             1E62     1E62       1A         0
                text58                             1BB7     1BB7        C         0
                text57                             1BC3     1BC3        C         0
                text56                             1CCF     1CCF       12         0
                text55                             1B4C     1B4C        B         0
                text54                             1A8B     1A8B        3         0
                text53                             1E2F     1E2F       19         0
                text52                             1D66     1D66       15         0
                text51                             1AA8     1AA8        4         0
                text50                             1E7C     1E7C       1A         0
                text49                             1AAC     1AAC        4         0
                text48                             1AB0     1AB0        4         0
                text47                             1079     1079       26         0
                text46                             1BCF     1BCF        C         0
                text45                             1031     1031       23         0
                text44                             1F5E     1F5E       1F         0
                text43                             109F     109F       2A         0
                text42                              803      803       44         0
                text41                             1AB4     1AB4        4         0
                text40                             1D7B     1D7B       15         0
                text39                             1F04     1F04       1D         0
                text38                             1054     1054       25         0
                text37                              847      847       6B         0
                text36                              8B2      8B2       6C         0
                text35                             1000     1000        F         0
                text34                             1C66     1C66       11         0
                text33                             1C77     1C77       11         0
                text32                             1E96     1E96       1B         0
                text31                              A78      A78       80         0
                text30                             131B     131B       40         0
                text29                             112B     112B       34         0
                text28                              9FF      9FF       79         0
                text27                             1D2C     1D2C       13         0
                text26                             115F     115F       34         0
                text25                             1602     1602       64         0
                text24                              47A      47A       D5         0
                text23                             1A8E     1A8E        3         0
                text22                             1C12     1C12       10         0
                text21                             1AB8     1AB8        4         0
                text20                             1D90     1D90       15         0
                text19                             1ABC     1ABC        5         0
                text18                             1DA5     1DA5       15         0
                text17                             1BDB     1BDB        C         0
                text16                             1C88     1C88       11         0
                text15                             1D52     1D52       14         0
                text14                              205      205      17F         0
                text13                             1AE7     1AE7        7         0
                text12                              7FF      7FF        1         0
                text11                             1A91     1A91        3         0
                text10                             1EB1     1EB1       1B         0
                text9                               624      624       D3         0
                text8                               800      800        3         0
                text7                                 2        2        2         0
                text6                              1CE1     1CE1       12         0
                text5                              1F7D     1F7D       20         0
                text4                               98D      98D       72         0
                text3                               C91      C91       8D         0
                text2                              1D3F     1D3F       13         0
                text1                              12DF     12DF       3C         0
                maintext                           14E9     14E9       5B         0
                inittext                           1ACD     1ACD        6         0
                clrtext                            1AD3     1AD3        6         0
                idataBANK3                         1F9D     1F9D       20         0

        CLASS   STRCODE        
                stringtext                         1800     1800       66         0

        CLASS   ENTRY          

        CLASS   STRING         

        CLASS   COMMON         
                cstackCOMMON                         70       70        D         1
                bitbssCOMMON                        3E8       7D        1         1

        CLASS   BANK0          
                cstackBANK0                          20       20       50         1

        CLASS   BANK1          
                cstackBANK1                          E6       E6        8         1
                bssBANK1                             A0       A0       46         1
                bitbssBANK1                         778       EF        1         1
                nvBANK1                              EE       EE        1         1

        CLASS   BANK2          
                bssBANK2                            120      120       4C         1

        CLASS   BANK3          
                dataBANK3                           1CC      1CC       20         1
                bssBANK3                            1A0      1A0       2C         1

        CLASS   BANK4          
                bssBANK4                            220      220       25         1

        CLASS   BANK5          

        CLASS   BANK6          

        CLASS   BANK7          

        CLASS   BANK8          

        CLASS   BANK9          

        CLASS   BANK10         

        CLASS   BANK11         

        CLASS   BANK12         

        CLASS   BIGRAM         

        CLASS   RAM            

        CLASS   ABS1           
                abs_s1                               7E       7E        2         1

        CLASS   SFR0           

        CLASS   SFR1           

        CLASS   SFR2           

        CLASS   SFR3           

        CLASS   SFR4           

        CLASS   SFR5           

        CLASS   SFR6           

        CLASS   SFR7           

        CLASS   SFR8           

        CLASS   SFR9           

        CLASS   SFR10          

        CLASS   SFR11          

        CLASS   SFR12          

        CLASS   SFR13          

        CLASS   SFR14          

        CLASS   SFR15          

        CLASS   SFR16          

        CLASS   SFR17          

        CLASS   SFR18          

        CLASS   SFR19          

        CLASS   SFR20          

        CLASS   SFR21          

        CLASS   SFR22          

        CLASS   SFR23          

        CLASS   SFR24          

        CLASS   SFR25          

        CLASS   SFR26          

        CLASS   SFR27          

        CLASS   SFR28          

        CLASS   SFR29          

        CLASS   SFR30          

        CLASS   SFR31          

        CLASS   CONFIG         
                config                             8007     8007        2         0

        CLASS   IDLOC          

        CLASS   BANK31         

        CLASS   BANK30         

        CLASS   BANK29         

        CLASS   BANK28         

        CLASS   BANK27         

        CLASS   BANK26         

        CLASS   BANK25         

        CLASS   BANK24         

        CLASS   BANK23         

        CLASS   BANK22         

        CLASS   BANK21         

        CLASS   BANK20         

        CLASS   BANK19         

        CLASS   BANK18         

        CLASS   BANK17         

        CLASS   BANK16         

        CLASS   BANK15         

        CLASS   BANK14         

        CLASS   BANK13         

        CLASS   EEDATA         



SEGMENTS        Name                           Load    Length   Top    Selector   Space  Class     Delta

                reset_vec                      000000  000004  000004         0       0  CODE        2
                intentry                       000004  0007FC  000800         8       0  CODE        2
                cstackBANK0                    000020  000050  000070        20       1  BANK0       1
                cstackCOMMON                   000070  00000E  00007E        70       1  COMMON      1
                bssBANK1                       0000A0  000050  0000F0        A0       1  BANK1       1
                bssBANK2                       000120  00004C  00016C       120       1  BANK2       1
                bssBANK3                       0001A0  00004C  0001EC       1A0       1  BANK3       1
                bssBANK4                       000220  000025  000245       220       1  BANK4       1
                text8                          000800  000003  000803      1000       0  CODE        2
                text42                         000803  000044  000847      1006       0  CODE        2
                text37                         000847  00006B  0008B2      108E       0  CODE        2
                text36                         0008B2  00006C  00091E      1164       0  CODE        2
                text129                        00091E  00006F  00098D      123C       0  CODE        2
                text4                          00098D  000072  0009FF      131A       0  CODE        2
                text28                         0009FF  000079  000A78      13FE       0  CODE        2
                text31                         000A78  000080  000AF8      14F0       0  CODE        2
                text78                         000AF8  000086  000B7E      15F0       0  CODE        2
                text119                        000B7E  000087  000C05      16FC       0  CODE        2
                text96                         000C05  00008C  000C91      180A       0  CODE        2
                text3                          000C91  00008D  000D1E      1922       0  CODE        2
                text122                        000D1E  0000A9  000DC7      1A3C       0  CODE        2
                text121                        000DC7  0000B4  000E7B      1B8E       0  CODE        2
                text103                        000E7B  0000BB  000F36      1CF6       0  CODE        2
                text80                         000F36  0000D9  00100F      1E6C       0  CODE        2
                text124                        00100F  000022  001031      201E       0  CODE        2
                text45                         001031  000023  001054      2062       0  CODE        2
                text38                         001054  000025  001079      20A8       0  CODE        2
                text47                         001079  000026  00109F      20F2       0  CODE        2
                text43                         00109F  00002A  0010C9      213E       0  CODE        2
                text82                         0010C9  00002F  0010F8      2192       0  CODE        2
                text112                        0010F8  000033  00112B      21F0       0  CODE        2
                text29                         00112B  000034  00115F      2256       0  CODE        2
                text26                         00115F  000034  001193      22BE       0  CODE        2
                text131                        001193  000035  0011C8      2326       0  CODE        2
                text73                         0011C8  000036  0011FE      2390       0  CODE        2
                text69                         0011FE  000037  001235      23FC       0  CODE        2
                text144                        001235  000038  00126D      246A       0  CODE        2
                text134                        00126D  000039  0012A6      24DA       0  CODE        2
                text90                         0012A6  000039  0012DF      254C       0  CODE        2
                text1                          0012DF  00003C  00131B      25BE       0  CODE        2
                text30                         00131B  000040  00135B      2636       0  CODE        2
                text76                         00135B  000041  00139C      26B6       0  CODE        2
                text140                        00139C  00004A  0013E6      2738       0  CODE        2
                text133                        0013E6  000054  00143A      27CC       0  CODE        2
                text102                        00143A  000056  001490      2874       0  CODE        2
                text132                        001490  000059  0014E9      2920       0  CODE        2
                maintext                       0014E9  00005B  001544      29D2       0  CODE        2
                text115                        001544  00005D  0015A1      2A88       0  CODE        2
                text125                        0015A1  000061  001602      2B42       0  CODE        2
                text25                         001602  000064  001666      2C04       0  CODE        2
                text118                        001666  000065  0016CB      2CCC       0  CODE        2
                text117                        0016CB  000065  001730      2D96       0  CODE        2
                text105                        001730  000065  001795      2E60       0  CODE        2
                text88                         001795  00006B  001800      2F2A       0  CODE        2
                stringtext                     001800  000066  001866        30       0  STRCODE     2
                text114                        001A84  000001  001A85      3508       0  CODE        2
                text141                        001A85  000003  001A88      350A       0  CODE        2
                text70                         001A88  000003  001A8B      3510       0  CODE        2
                text54                         001A8B  000003  001A8E      3516       0  CODE        2
                text23                         001A8E  000003  001A91      351C       0  CODE        2
                text11                         001A91  000003  001A94      3522       0  CODE        2
                text137                        001A94  000004  001A98      3528       0  CODE        2
                text128                        001A98  000004  001A9C      3530       0  CODE        2
                text74                         001A9C  000004  001AA0      3538       0  CODE        2
                text72                         001AA0  000004  001AA4      3540       0  CODE        2
                text61                         001AA4  000004  001AA8      3548       0  CODE        2
                text51                         001AA8  000004  001AAC      3550       0  CODE        2
                text49                         001AAC  000004  001AB0      3558       0  CODE        2
                text48                         001AB0  000004  001AB4      3560       0  CODE        2
                text41                         001AB4  000004  001AB8      3568       0  CODE        2
                text21                         001AB8  000004  001ABC      3570       0  CODE        2
                text19                         001ABC  000005  001AC1      3578       0  CODE        2
                text138                        001AC1  000006  001AC7      3582       0  CODE        2
                text92                         001AC7  000006  001ACD      358E       0  CODE        2
                inittext                       001ACD  000006  001AD3      359A       0  CODE        2
                clrtext                        001AD3  000006  001AD9      35A6       0  CODE        2
                text113                        001AD9  000007  001AE0      35B2       0  CODE        2
                text62                         001AE0  000007  001AE7      35C0       0  CODE        2
                text13                         001AE7  000007  001AEE      35CE       0  CODE        2
                text111                        001AEE  000008  001AF6      35DC       0  CODE        2
                text66                         001AF6  000008  001AFE      35EC       0  CODE        2
                text65                         001AFE  000008  001B06      35FC       0  CODE        2
                text145                        001B06  000009  001B0F      360C       0  CODE        2
                text120                        001B0F  000009  001B18      361E       0  CODE        2
                text83                         001B18  000009  001B21      3630       0  CODE        2
                text99                         001B21  00000A  001B2B      3642       0  CODE        2
                text86                         001B2B  00000B  001B36      3656       0  CODE        2
                text64                         001B36  00000B  001B41      366C       0  CODE        2
                text60                         001B41  00000B  001B4C      3682       0  CODE        2
                text55                         001B4C  00000B  001B57      3698       0  CODE        2
                text139                        001B57  00000C  001B63      36AE       0  CODE        2
                text136                        001B63  00000C  001B6F      36C6       0  CODE        2
                text130                        001B6F  00000C  001B7B      36DE       0  CODE        2
                text107                        001B7B  00000C  001B87      36F6       0  CODE        2
                text94                         001B87  00000C  001B93      370E       0  CODE        2
                text91                         001B93  00000C  001B9F      3726       0  CODE        2
                text81                         001B9F  00000C  001BAB      373E       0  CODE        2
                text79                         001BAB  00000C  001BB7      3756       0  CODE        2
                text58                         001BB7  00000C  001BC3      376E       0  CODE        2
                text57                         001BC3  00000C  001BCF      3786       0  CODE        2
                text46                         001BCF  00000C  001BDB      379E       0  CODE        2
                text17                         001BDB  00000C  001BE7      37B6       0  CODE        2
                text147                        001BE7  00000D  001BF4      37CE       0  CODE        2
                text126                        001BF4  00000F  001C03      37E8       0  CODE        2
                text109                        001C03  00000F  001C12      3806       0  CODE        2
                text22                         001C12  000010  001C22      3824       0  CODE        2
                text135                        001C22  000011  001C33      3844       0  CODE        2
                text106                        001C33  000011  001C44      3866       0  CODE        2
                text100                        001C44  000011  001C55      3888       0  CODE        2
                text77                         001C55  000011  001C66      38AA       0  CODE        2
                text34                         001C66  000011  001C77      38CC       0  CODE        2
                text33                         001C77  000011  001C88      38EE       0  CODE        2
                text16                         001C88  000011  001C99      3910       0  CODE        2
                text101                        001C99  000012  001CAB      3932       0  CODE        2
                text97                         001CAB  000012  001CBD      3956       0  CODE        2
                text75                         001CBD  000012  001CCF      397A       0  CODE        2
                text56                         001CCF  000012  001CE1      399E       0  CODE        2
                text6                          001CE1  000012  001CF3      39C2       0  CODE        2
                text116                        001CF3  000013  001D06      39E6       0  CODE        2
                text104                        001D06  000013  001D19      3A0C       0  CODE        2
                text67                         001D19  000013  001D2C      3A32       0  CODE        2
                text27                         001D2C  000013  001D3F      3A58       0  CODE        2
                text2                          001D3F  000013  001D52      3A7E       0  CODE        2
                text15                         001D52  000014  001D66      3AA4       0  CODE        2
                text52                         001D66  000015  001D7B      3ACC       0  CODE        2
                text40                         001D7B  000015  001D90      3AF6       0  CODE        2
                text20                         001D90  000015  001DA5      3B20       0  CODE        2
                text18                         001DA5  000015  001DBA      3B4A       0  CODE        2
                text110                        001DBA  000016  001DD0      3B74       0  CODE        2
                text108                        001DD0  000016  001DE6      3BA0       0  CODE        2
                text95                         001DE6  000018  001DFE      3BCC       0  CODE        2
                text93                         001DFE  000018  001E16      3BFC       0  CODE        2
                text98                         001E16  000019  001E2F      3C2C       0  CODE        2
                text53                         001E2F  000019  001E48      3C5E       0  CODE        2
                text84                         001E48  00001A  001E62      3C90       0  CODE        2
                text59                         001E62  00001A  001E7C      3CC4       0  CODE        2
                text50                         001E7C  00001A  001E96      3CF8       0  CODE        2
                text32                         001E96  00001B  001EB1      3D2C       0  CODE        2
                text10                         001EB1  00001B  001ECC      3D62       0  CODE        2
                text87                         001ECC  00001C  001EE8      3D98       0  CODE        2
                text71                         001EE8  00001C  001F04      3DD0       0  CODE        2
                text39                         001F04  00001D  001F21      3E08       0  CODE        2
                text68                         001F21  00001E  001F3F      3E42       0  CODE        2
                text143                        001F3F  00001F  001F5E      3E7E       0  CODE        2
                text44                         001F5E  00001F  001F7D      3EBC       0  CODE        2
                text5                          001F7D  000020  001F9D      3EFA       0  CODE        2
                idataBANK3                     001F9D  000020  001FBD      3F3A       0  CODE        2
                text148                        001FBD  000021  001FDE      3F7A       0  CODE        2
                text127                        001FDE  000022  002000      3FBC       0  CODE        2
                config                         008007  000002  008009     1000E       0  CONFIG      2


UNUSED ADDRESS RANGES

        Name                Unused          Largest block    Delta
        BANK10           00520-0056F              50           1
        BANK11           005A0-005EF              50           1
        BANK12           00620-0064F              30           1
        BANK2            0016C-0016F               4           1
        BANK3            001EC-001EF               4           1
        BANK4            00245-0026F              2B           1
        BANK5            002A0-002EF              50           1
        BANK6            00320-0036F              50           1
        BANK7            003A0-003EF              50           1
        BANK8            00420-0046F              50           1
        BANK9            004A0-004EF              50           1
        BIGRAM           02000-023EF             3F0           1
        CODE             01866-01A83             21E           2
                         02000-03FFF             800
        CONST            01866-01A83             100           2
                         02000-03FFF             100
        ENTRY            01866-01A83             100           2
                         02000-03FFF             100
        IDLOC            08000-08003               4           2
        RAM              0016C-0016F               4           1
                         001EC-001EF               4
                         00245-0026F              2B
                         002A0-002EF              50
                         00320-0036F              50
                         003A0-003EF              50
                         00420-0046F              50
                         004A0-004EF              50
                         00520-0056F              50
                         005A0-005EF              50
                         00620-0064F              30
        SFR0             00000-0001F              20           1
        SFR1             00080-0009F              20           1
        SFR10            00500-0051F              20           1
        SFR11            00580-0059F              20           1
        SFR12            00600-0061F              20           1
        SFR13            00680-006EF              70           1
        SFR14            00700-0076F              70           1
        SFR15            00780-007EF              70           1
        SFR16            00800-0086F              70           1
        SFR17            00880-008EF              70           1
        SFR18            00900-0096F              70           1
        SFR19            00980-009EF              70           1
        SFR2             00100-0011F              20           1
        SFR20            00A00-00A6F              70           1
        SFR21            00A80-00AEF              70           1
        SFR22            00B00-00B6F              70           1
        SFR23            00B80-00BEF              70           1
        SFR24            00C00-00C6F              70           1
        SFR25            00C80-00CEF              70           1
        SFR26            00D00-00D6F              70           1
        SFR27            00D80-00DEF              70           1
        SFR28            00E00-00E6F              70           1
        SFR29            00E80-00EEF              70           1
        SFR3             00180-0019F              20           1
        SFR30            00F00-00F6F              70           1
        SFR31            00F80-00FEF              70           1
        SFR4             00200-0021F              20           1
        SFR5             00280-0029F              20           1
        SFR6             00300-0031F              20           1
        SFR7             00380-0039F              20           1
        SFR8             00400-0041F              20           1
        SFR9             00480-0049F              20           1
        STACK            02165-0231F             1BB           1
        STRCODE          01866-01A83             21E           2
                         02000-03FFF            2000
        STRING           01866-01A83             100           2
                         02000-03FFF             100

                                  Symbol Table

?___awdiv                                 cstackBANK0  00020
?___awtoft                                cstackBANK0  00028
?___ftadd                                 cstackBANK0  00041
?___ftdiv                                 cstackBANK0  0002E
?___ftmul                                 cstackBANK0  0002E
?___ftneg                                 cstackBANK0  0003E
?___ftpack                                cstackBANK0  00020
?___fttol                                 cstackBANK0  0004E
?___lwdiv                                 cstackBANK0  00020
?___wmul                                  cstackBANK0  00020
?_getAD                                   cstackBANK0  00020
?_getBuz_GO                               cstackBANK0  00020
CC2500_InitPATable@loop_d                 cstackBANK0  00027
CC2500_InitPATable@temp                   cstackBANK0  00026
CC2500_InitSetREG@loop_c                  cstackBANK0  00028
CC2500_InitSetREG@temp1                   cstackBANK0  00026
CC2500_InitSetREG@temp2                   cstackBANK0  00027
CC2500_ReadByte@loop_b                    cstackBANK0  00021
CC2500_ReadStatus@status_addr             cstackBANK0  00023
CC2500_RxData@loop_f                      cstackBANK0  00025
CC2500_TxData@loop_e                      cstackBANK0  00025
CC2500_WriteByte@loop_a                   cstackBANK0  00021
CC2500_WriteCommand@command               cstackBANK0  00023
CC2500_WriteREG@value                     cstackBANK0  00022
CC2500_WriteREG@w_addr                    cstackBANK0  00024
DelayOffPointSelect@sw                    cstackBANK0  00021
DelayTime_1us@count                       cstackBANK0  00020
DelayTime_1us@i                           cstackBANK0  00022
DelayTime_1us@j                           cstackBANK0  00024
DimmerLights_SelectPointer@lights         cstackBANK0  00021
Division@num                              cstackBANK0  00025
Division@result                           cstackBANK0  00029
Division@value                            cstackBANK0  00028
DlyOff_Initialization@sw                  cstackBANK0  00022
DlyOff_Main@sw                            cstackBANK0  00067
Exception_Main@count                      cstackBANK0  0002F
Exception_Main@error                      cstackBANK0  00034
Exception_Main@i                          cstackBANK0  00030
Exception_Main@i_3624                     cstackBANK0  00032
Exception_Main@lights                     cstackBANK0  00035
Exception_Main@status                     cstackBANK0  0002E
Flash_Memory_Initialization@value         cstackBANK0  00025
Flash_Memory_Main@key_Status              cstackBANK0  00027
Flash_Memory_Modify@i                     cstackBANK0  00025
Flash_Memory_Read@address                 cstackBANK0  00022
Flash_Memory_Read@i                       cstackBANK0  00021
Flash_Memory_Read@ret                     cstackBANK0  00023
Flash_Memory_Write@i                      cstackBANK0  00021
LedPointSelect@led                        cstackBANK0  00021
Load_Main@ErrorCountValue                 cstackBANK0  0002D
Load_Main@LightsCount                     cstackBANK0  0002F
Load_Main@Load_RunStatus                  cstackBANK0  0002E
Load_Main@error                           cstackBANK0  0002C
Load_Main@i                               cstackBANK0  00030
SwPointSelect@sw                          cstackBANK0  00021
_ADCON0                                   (abs)        0009D
_ADCON1                                   (abs)        0009E
_ADC_Set                                  text62       01AE0
_ADRESH                                   (abs)        0009C
_ADRESL                                   (abs)        0009B
_ANSELA                                   (abs)        0018C
_ANSELB                                   (abs)        0018D
_ANSELC                                   (abs)        0018E
_Buz1                                     bssBANK2     00120
_Buzzer_Initialization                    text141      01A85
_Buzzer_Main                              text140      0139C
_CC2500_ClearRXFIFO                       text49       01AAC
_CC2500_ClearTXFIFO                       text48       01AB0
_CC2500_FrequencyCabr                     text46       01BCF
_CC2500_InitPATable                       text44       01F5E
_CC2500_InitSetREG                        text43       0109F
_CC2500_PowerOnInitial                    text40       01D7B
_CC2500_PowerRST                          text42       00803
_CC2500_ReadByte                          text39       01F04
_CC2500_ReadStatus                        text38       01054
_CC2500_RxData                            text37       00847
_CC2500_SIDLEMode                         text41       01AB4
_CC2500_TxData                            text36       008B2
_CC2500_WriteByte                         text53       01E2F
_CC2500_WriteCommand                      text50       01E7C
_CC2500_WriteREG                          text45       01031
_CC2500_patable_vaule                     stringtext   0185E
_CC2500_registers_address                 stringtext   01800
_CC2500_rfSettings                        stringtext   0182F
_CFGS                                     (abs)        00CAE
_CRC                                      bssBANK1     000C8
_Cmd                                      bssBANK1     000C9
_DelayOff                                 bssBANK1     000CA
_DelayOffPointSelect                      text139      01B57
_DelayOff_Initialization                  text137      01A94
_DelayOff_Main                            text128      01A98
_DelayTime_1us                            text47       01079
_Dimmer                                   bssBANK2     0012C
_DimmerIntr                               bssBANK1     000CB
_DimmerIntr1                              bssBANK1     000BC
_DimmerIntr_Initialization                text115      01544
_DimmerLights                             bssBANK1     000CC
_DimmerLights1                            bssBANK2     00160
_DimmerLights_IOC_1                       text146      007C2
_DimmerLights_Initialization              text113      01AD9
_DimmerLights_Main                        text87       01ECC
_DimmerLights_SelectPointer               text136      01B63
_DimmerLights_TMR_1                       text144      01235
_Division                                 text126      01BF4
_DlyOff_Initialization                    text138      01AC1
_DlyOff_Main                              text129      0091E
_DlySw1                                   bssBANK3     001C7
_Exception_Main                           text85       0054F
_FREE                                     (abs)        00CAC
_FVRCON                                   (abs)        00117
_Flash_Memory_Erasing                     text79       01BAB
_Flash_Memory_Initialization              text80       00F36
_Flash_Memory_Main                        text76       0135B
_Flash_Memory_Main$3152                   cstackBANK0  00028
_Flash_Memory_Modify                      text78       00AF8
_Flash_Memory_Read                        text84       01E48
_Flash_Memory_Unlock                      text83       01B18
_Flash_Memory_Write                       text82       010C9
_Fosc_Set                                 text61       01AA4
_GIE                                      (abs)        0005F
_GO_nDONE                                 (abs)        004E9
_IOCBF                                    (abs)        00396
_IOCBF2                                   (abs)        01CB2
_IOCBN                                    (abs)        00395
_IOCBP                                    (abs)        00394
_IOCIE                                    (abs)        0005B
_IOCIF                                    (abs)        00058
_IOC_ISR                                  text145      01B06
_IOC_Set                                  text60       01B41
_IO_Set                                   text59       01E62
_ISR                                      intentry     00004
_LATA                                     (abs)        0010C
_LATB                                     (abs)        0010D
_LATC                                     (abs)        0010E
_LED                                      bssBANK1     000CD
_LED_Initialization                       text74       01A9C
_LED_Main                                 text72       01AA0
_LWLO                                     (abs)        00CAD
_LedPointSelect                           text91       01B93
_Light                                    bssBANK1     000CE
_Load                                     bssBANK2     00138
_Load_Initialization                      text70       01A88
_Load_Main                                text63       00053
_Load_Main$3987                           cstackBANK0  0002A
_Mcu_Initialization                       text56       01CCF
_Memory                                   bssBANK4     00220
_OSCCON                                   (abs)        00099
_PEIE                                     (abs)        0005E
_PMADRH                                   (abs)        00192
_PMADRL                                   (abs)        00191
_PMCON2                                   (abs)        00196
_PMDATH                                   (abs)        00194
_PMDATL                                   (abs)        00193
_PORTA                                    (abs)        0000C
_PORTB                                    (abs)        0000D
_PORTC                                    (abs)        0000E
_RA0                                      (abs)        00060
_RA4                                      (abs)        00064
_RA6                                      (abs)        00066
_RA7                                      (abs)        00067
_RB0                                      (abs)        00068
_RB1                                      (abs)        00069
_RB2                                      (abs)        0006A
_RB3                                      (abs)        0006B
_RB5                                      (abs)        0006D
_RC0                                      (abs)        00070
_RC1                                      (abs)        00071
_RC3                                      (abs)        00073
_RC4                                      (abs)        00074
_RC5                                      (abs)        00075
_RD                                       (abs)        00CA8
_RF1                                      bssBANK1     000A0
_RF_Count                                 bssBANK2     00134
_RF_Data                                  bssBANK3     001A0
_RF_Initialization                        text54       01A8B
_RF_Main                                  text23       01A8E
_RF_RxDisable                             text35       01000
_RF_Timeout_Counter                       text52       01D66
_RSSI                                     bssBANK1     000CF
_Receive_OK                               bitbssBANK1  00778
_Rx_Length                                bssBANK1     000D0
_SPI0Buffer                               bssBANK1     000D1
_Sw                                       bssBANK1     000D2
_Sw1                                      bssBANK3     001BE
_SwDetect                                 bssBANK1     000D3
_SwPointSelect                            text17       01BDB
_Switch_Initialization                    text21       01AB8
_Switch_Main                              text13       01AE7
_T1CON                                    (abs)        00018
_TMR1H                                    (abs)        00017
_TMR1IE                                   (abs)        00488
_TMR1IF                                   (abs)        00088
_TMR1L                                    (abs)        00016
_TMR1_ISR                                 text143      01F3F
_TMR1_Set                                 text58       01BB7
_TRISA                                    (abs)        0008C
_TRISB                                    (abs)        0008D
_TRISC                                    (abs)        0008E
_Temp                                     bssBANK1     000D8
_Temp_Initialization                      text11       01A91
_Temp_Main                                text8        00800
_Timeout_Counter                          text20       01D90
_Timer1                                   bssBANK2     00131
_TouchPower                               text18       01DA5
_Transceive_OK                            bitbssCOMMON 003E8
_Tx_Length                                bssBANK1     000D4
_VarErrLED                                bssBANK2     00168
_WDT                                      bssBANK2     00136
_WDTCON                                   (abs)        00097
_WDT_Clearing                             text7        00002
_WDT_Main                                 text6        01CE1
_WDT_Set                                  text57       01BC3
_WPUB                                     (abs)        0020D
_WR                                       (abs)        00CA9
_WREN                                     (abs)        00CAA
__CFG_BOREN$OFF                           (abs)        00000
__CFG_CP$ON                               (abs)        00000
__CFG_FOSC$INTOSC                         (abs)        00000
__CFG_VCAPEN$OFF                          (abs)        00000
__CFG_WDTE$ON                             (abs)        00000
__CFG_WRT$HALF                            (abs)        00000
__Habs1                                   abs1         00000
__Hbank0                                  bank0        00000
__Hbank1                                  bank1        00000
__Hbank10                                 bank10       00000
__Hbank11                                 bank11       00000
__Hbank12                                 bank12       00000
__Hbank13                                 bank13       00000
__Hbank14                                 bank14       00000
__Hbank15                                 bank15       00000
__Hbank16                                 bank16       00000
__Hbank17                                 bank17       00000
__Hbank18                                 bank18       00000
__Hbank19                                 bank19       00000
__Hbank2                                  bank2        00000
__Hbank20                                 bank20       00000
__Hbank21                                 bank21       00000
__Hbank22                                 bank22       00000
__Hbank23                                 bank23       00000
__Hbank24                                 bank24       00000
__Hbank25                                 bank25       00000
__Hbank26                                 bank26       00000
__Hbank27                                 bank27       00000
__Hbank28                                 bank28       00000
__Hbank29                                 bank29       00000
__Hbank3                                  bank3        00000
__Hbank30                                 bank30       00000
__Hbank31                                 bank31       00000
__Hbank4                                  bank4        00000
__Hbank5                                  bank5        00000
__Hbank6                                  bank6        00000
__Hbank7                                  bank7        00000
__Hbank8                                  bank8        00000
__Hbank9                                  bank9        00000
__Hbigram                                 bigram       00000
__HbitbssBANK1                            bitbssBANK1  00000
__HbitbssCOMMON                           bitbssCOMMON 00000
__HbssBANK1                               bssBANK1     00000
__HbssBANK2                               bssBANK2     00000
__HbssBANK3                               bssBANK3     00000
__HbssBANK4                               bssBANK4     00000
__Hcinit                                  cinit        00053
__Hclrtext                                clrtext      00000
__Hcode                                   code         00000
__Hcommon                                 common       00000
__Hconfig                                 config       08009
__HcstackBANK0                            cstackBANK0  00000
__HcstackBANK1                            cstackBANK1  00000
__HcstackCOMMON                           cstackCOMMON 00000
__HdataBANK3                              dataBANK3    00000
__Heeprom_data                            eeprom_data  00000
__Hend_init                               end_init     00021
__Hfunctab                                functab      00000
__HidataBANK3                             idataBANK3   00000
__Hidloc                                  idloc        00000
__Hinit                                   init         0001F
__Hinittext                               inittext     00000
__Hintentry                               intentry     0001F
__Hmaintext                               maintext     00000
__HnvBANK1                                nvBANK1      00000
__Hpowerup                                powerup      00000
__Hram                                    ram          00000
__Hreset_vec                              reset_vec    00002
__Hsfr0                                   sfr0         00000
__Hsfr1                                   sfr1         00000
__Hsfr10                                  sfr10        00000
__Hsfr11                                  sfr11        00000
__Hsfr12                                  sfr12        00000
__Hsfr13                                  sfr13        00000
__Hsfr14                                  sfr14        00000
__Hsfr15                                  sfr15        00000
__Hsfr16                                  sfr16        00000
__Hsfr17                                  sfr17        00000
__Hsfr18                                  sfr18        00000
__Hsfr19                                  sfr19        00000
__Hsfr2                                   sfr2         00000
__Hsfr20                                  sfr20        00000
__Hsfr21                                  sfr21        00000
__Hsfr22                                  sfr22        00000
__Hsfr23                                  sfr23        00000
__Hsfr24                                  sfr24        00000
__Hsfr25                                  sfr25        00000
__Hsfr26                                  sfr26        00000
__Hsfr27                                  sfr27        00000
__Hsfr28                                  sfr28        00000
__Hsfr29                                  sfr29        00000
__Hsfr3                                   sfr3         00000
__Hsfr30                                  sfr30        00000
__Hsfr31                                  sfr31        00000
__Hsfr4                                   sfr4         00000
__Hsfr5                                   sfr5         00000
__Hsfr6                                   sfr6         00000
__Hsfr7                                   sfr7         00000
__Hsfr8                                   sfr8         00000
__Hsfr9                                   sfr9         00000
__Hspace_0                                (abs)        08009
__Hspace_1                                (abs)        00779
__Hspace_2                                (abs)        00000
__Hspace_3                                (abs)        00000
__Hstack                                  stack        00000
__Hstrings                                strings      00000
__Hstringtext                             stringtext   00000
__Htext                                   text         00000
__Labs1                                   abs1         00000
__Lbank0                                  bank0        00000
__Lbank1                                  bank1        00000
__Lbank10                                 bank10       00000
__Lbank11                                 bank11       00000
__Lbank12                                 bank12       00000
__Lbank13                                 bank13       00000
__Lbank14                                 bank14       00000
__Lbank15                                 bank15       00000
__Lbank16                                 bank16       00000
__Lbank17                                 bank17       00000
__Lbank18                                 bank18       00000
__Lbank19                                 bank19       00000
__Lbank2                                  bank2        00000
__Lbank20                                 bank20       00000
__Lbank21                                 bank21       00000
__Lbank22                                 bank22       00000
__Lbank23                                 bank23       00000
__Lbank24                                 bank24       00000
__Lbank25                                 bank25       00000
__Lbank26                                 bank26       00000
__Lbank27                                 bank27       00000
__Lbank28                                 bank28       00000
__Lbank29                                 bank29       00000
__Lbank3                                  bank3        00000
__Lbank30                                 bank30       00000
__Lbank31                                 bank31       00000
__Lbank4                                  bank4        00000
__Lbank5                                  bank5        00000
__Lbank6                                  bank6        00000
__Lbank7                                  bank7        00000
__Lbank8                                  bank8        00000
__Lbank9                                  bank9        00000
__Lbigram                                 bigram       00000
__LbitbssBANK1                            bitbssBANK1  00000
__LbitbssCOMMON                           bitbssCOMMON 00000
__LbssBANK1                               bssBANK1     00000
__LbssBANK2                               bssBANK2     00000
__LbssBANK3                               bssBANK3     00000
__LbssBANK4                               bssBANK4     00000
__Lcinit                                  cinit        00021
__Lclrtext                                clrtext      00000
__Lcode                                   code         00000
__Lcommon                                 common       00000
__Lconfig                                 config       08007
__LcstackBANK0                            cstackBANK0  00000
__LcstackBANK1                            cstackBANK1  00000
__LcstackCOMMON                           cstackCOMMON 00000
__LdataBANK3                              dataBANK3    00000
__Leeprom_data                            eeprom_data  00000
__Lend_init                               end_init     0001F
__Lfunctab                                functab      00000
__LidataBANK3                             idataBANK3   00000
__Lidloc                                  idloc        00000
__Linit                                   init         0001F
__Linittext                               inittext     00000
__Lintentry                               intentry     00004
__Lmaintext                               maintext     00000
__LnvBANK1                                nvBANK1      00000
__Lpowerup                                powerup      00000
__Lram                                    ram          00000
__Lreset_vec                              reset_vec    00000
__Lsfr0                                   sfr0         00000
__Lsfr1                                   sfr1         00000
__Lsfr10                                  sfr10        00000
__Lsfr11                                  sfr11        00000
__Lsfr12                                  sfr12        00000
__Lsfr13                                  sfr13        00000
__Lsfr14                                  sfr14        00000
__Lsfr15                                  sfr15        00000
__Lsfr16                                  sfr16        00000
__Lsfr17                                  sfr17        00000
__Lsfr18                                  sfr18        00000
__Lsfr19                                  sfr19        00000
__Lsfr2                                   sfr2         00000
__Lsfr20                                  sfr20        00000
__Lsfr21                                  sfr21        00000
__Lsfr22                                  sfr22        00000
__Lsfr23                                  sfr23        00000
__Lsfr24                                  sfr24        00000
__Lsfr25                                  sfr25        00000
__Lsfr26                                  sfr26        00000
__Lsfr27                                  sfr27        00000
__Lsfr28                                  sfr28        00000
__Lsfr29                                  sfr29        00000
__Lsfr3                                   sfr3         00000
__Lsfr30                                  sfr30        00000
__Lsfr31                                  sfr31        00000
__Lsfr4                                   sfr4         00000
__Lsfr5                                   sfr5         00000
__Lsfr6                                   sfr6         00000
__Lsfr7                                   sfr7         00000
__Lsfr8                                   sfr8         00000
__Lsfr9                                   sfr9         00000
[...]
      Params:         0       0       0       0       0       0       0       0       0       0       0       0       0       0
      Locals:         0       0       0       0       0       0       0       0       0       0       0       0       0       0
      Temps:          0       0       0       0       0       0       0       0       0       0       0       0       0       0
      Totals:         0       0       0       0       0       0       0       0       0       0       0       0       0       0
Total ram usage:        0 bytes
 Hardware stack levels used:    1
 Hardware stack levels required when called:    5
 This function calls:
		Nothing
 This function is called by:
		_main
 This function uses a non-reentrant model


 *************** function _ISR *****************
 Defined at:
		line 116 in file "../src/MCU_B1.c"
 Parameters:    Size  Location     Type
		None
 Auto vars:     Size  Location     Type
		None
 Return value:  Size  Location     Type
		None               void
 Registers used:
		wreg, fsr1l, fsr1h, status,2, status,0, pclath, cstack
 Tracked objects:
		On entry : 
		On exit  : 
		Unchanged: 
 Data sizes:     COMMON   BANK0   BANK1   BANK2   BANK3   BANK4   BANK5   BANK6   BANK7   BANK8   BANK9  BANK10  BANK11  BANK12
      Params:         0       0       0       0       0       0       0       0       0       0       0       0       0       0
      Locals:         0       0       0       0       0       0       0       0       0       0       0       0       0       0
      Temps:          1       0       0       0       0       0       0       0       0       0       0       0       0       0
      Totals:         1       0       0       0       0       0       0       0       0       0       0       0       0       0
Total ram usage:        1 bytes
 Hardware stack levels used:    1
 Hardware stack levels required when called:    4
 This function calls:
		_IOC_ISR
		_TMR1_ISR
 This function is called by:
		Interrupt level 1
 This function uses a non-reentrant model


 *************** function _TMR1_ISR *****************
 Defined at:
		line 236 in file "../src/MCU_B1.c"
 Parameters:    Size  Location     Type
		None
 Auto vars:     Size  Location     Type
		None
 Return value:  Size  Location     Type
		None               void
 Registers used:
		wreg, fsr1l, fsr1h, status,2, status,0, pclath, cstack
 Tracked objects:
		On entry : 
		On exit  : 
		Unchanged: 
 Data sizes:     COMMON   BANK0   BANK1   BANK2   BANK3   BANK4   BANK5   BANK6   BANK7   BANK8   BANK9  BANK10  BANK11  BANK12
      Params:         0       0       0       0       0       0       0       0       0       0       0       0       0       0
      Locals:         0       0       0       0       0       0       0       0       0       0       0       0       0       0
      Temps:          0       0       0       0       0       0       0       0       0       0       0       0       0       0
      Totals:         0       0       0       0       0       0       0       0       0       0       0       0       0       0
Total ram usage:        0 bytes
 Hardware stack levels used:    1
 Hardware stack levels required when called:    1
 This function calls:
		_DimmerLights_TMR_1
 This function is called by:
		_ISR
 This function uses a non-reentrant model


 *************** function _DimmerLights_TMR_1 *****************
 Defined at:
		line 1390 in file "../src/Dimmer_B1.c"
 Parameters:    Size  Location     Type
		None
 Auto vars:     Size  Location     Type
		None
 Return value:  Size  Location     Type
		None               void
 Registers used:
		wreg, status,2, status,0
 Tracked objects:
		On entry : 
		On exit  : 
		Unchanged: 
 Data sizes:     COMMON   BANK0   BANK1   BANK2   BANK3   BANK4   BANK5   BANK6   BANK7   BANK8   BANK9  BANK10  BANK11  BANK12
      Params:         0       0       0       0       0       0       0       0       0       0       0       0       0       0
      Locals:         0       0       0       0       0       0       0       0       0       0       0       0       0       0
      Temps:          1       0       0       0       0       0       0       0       0       0       0       0       0       0
      Totals:         1       0       0       0       0       0       0       0       0       0       0       0       0       0
Total ram usage:        1 bytes
 Hardware stack levels used:    1
 This function calls:
		Nothing
 This function is called by:
		_TMR1_ISR
 This function uses a non-reentrant model


 *************** function _IOC_ISR *****************
 Defined at:
		line 395 in file "../src/MCU_B1.c"
 Parameters:    Size  Location     Type
		None
 Auto vars:     Size  Location     Type
		None
 Return value:  Size  Location     Type
		None               void
 Registers used:
		wreg, status,2, status,0, pclath, cstack
 Tracked objects:
		On entry : 
		On exit  : 
		Unchanged: 
 Data sizes:     COMMON   BANK0   BANK1   BANK2   BANK3   BANK4   BANK5   BANK6   BANK7   BANK8   BANK9  BANK10  BANK11  BANK12
      Params:         0       0       0       0       0       0       0       0       0       0       0       0       0       0
      Locals:         0       0       0       0       0       0       0       0       0       0       0       0       0       0
      Temps:          0       0       0       0       0       0       0       0       0       0       0       0       0       0
      Totals:         0       0       0       0       0       0       0       0       0       0       0       0       0       0
Total ram usage:        0 bytes
 Hardware stack levels used:    1
 Hardware stack levels required when called:    3
 This function calls:
		_DimmerLights_IOC_1
 This function is called by:
		_ISR
 This function uses a non-reentrant model


 *************** function _DimmerLights_IOC_1 *****************
 Defined at:
		line 1485 in file "../src/Dimmer_B1.c"
 Parameters:    Size  Location     Type
		None
 Auto vars:     Size  Location     Type
		None
 Return value:  Size  Location     Type
		None               void
 Registers used:
		wreg, status,2, status,0, pclath, cstack
 Tracked objects:
		On entry : 
		On exit  : 
		Unchanged: 
 Data sizes:     COMMON   BANK0   BANK1   BANK2   BANK3   BANK4   BANK5   BANK6   BANK7   BANK8   BANK9  BANK10  BANK11  BANK12
      Params:         0       0       0       0       0       0       0       0       0       0       0       0       0       0
      Locals:         0       0       0       0       0       0       0       0       0       0       0       0       0       0
      Temps:          2       0       0       0       0       0       0       0       0       0       0       0       0       0
      Totals:         2       0       0       0       0       0       0       0       0       0       0       0       0       0
Total ram usage:        2 bytes
 Hardware stack levels used:    1
 Hardware stack levels required when called:    2
 This function calls:
		i1_Division
 This function is called by:
		_IOC_ISR
 This function uses a non-reentrant model


 *************** function i1_Division *****************
 Defined at:
		line 1385 in file "../src/Dimmer_B1.c"
 Parameters:    Size  Location     Type
  value           1    wreg     unsigned char 
  num             1    5[COMMON] unsigned char 
 Auto vars:     Size  Location     Type
  value           1    8[COMMON] unsigned char 
  Division        1    9[COMMON] unsigned char 
 Return value:  Size  Location     Type
                  1    wreg      unsigned char 
 Registers used:
		wreg, status,2, status,0, pclath, cstack
 Tracked objects:
		On entry : 
		On exit  : 
		Unchanged: 
 Data sizes:     COMMON   BANK0   BANK1   BANK2   BANK3   BANK4   BANK5   BANK6   BANK7   BANK8   BANK9  BANK10  BANK11  BANK12
      Params:         1       0       0       0       0       0       0       0       0       0       0       0       0       0
      Locals:         2       0       0       0       0       0       0       0       0       0       0       0       0       0
      Temps:          2       0       0       0       0       0       0       0       0       0       0       0       0       0
      Totals:         5       0       0       0       0       0       0       0       0       0       0       0       0       0
Total ram usage:        5 bytes
 Hardware stack levels used:    1
 Hardware stack levels required when called:    1
 This function calls:
		i1___lbdiv
 This function is called by:
		_DimmerLights_IOC_1
 This function uses a non-reentrant model


 *************** function i1___lbdiv *****************
 Defined at:
		line 4 in file "C:\Program Files (x86)\Microchip\xc8\v1.32\sources\common\lbdiv.c"
 Parameters:    Size  Location     Type
  dividend        1    wreg     unsigned char 
  divisor         1    0[COMMON] unsigned char 
 Auto vars:     Size  Location     Type
  dividend        1    2[COMMON] unsigned char 
  __lbdiv         1    4[COMMON] unsigned char 
  __lbdiv         1    3[COMMON] unsigned char 
 Return value:  Size  Location     Type
                  1    wreg      unsigned char 
 Registers used:
		wreg, status,2, status,0
 Tracked objects:
		On entry : 
		On exit  : 
		Unchanged: 
 Data sizes:     COMMON   BANK0   BANK1   BANK2   BANK3   BANK4   BANK5   BANK6   BANK7   BANK8   BANK9  BANK10  BANK11  BANK12
      Params:         1       0       0       0       0       0       0       0       0       0       0       0       0       0
      Locals:         3       0       0       0       0       0       0       0       0       0       0       0       0       0
      Temps:          1       0       0       0       0       0       0       0       0       0       0       0       0       0
      Totals:         5       0       0       0       0       0       0       0       0       0       0       0       0       0
Total ram usage:        5 bytes
 Hardware stack levels used:    1
 This function calls:
		Nothing
 This function is called by:
		i1_Division
 This function uses a non-reentrant model



MODULE INFORMATION

Module		Function		Class		Link	Load	Size
C:\Program Files (x86)\Microchip\xc8\v1.32\sources\common\float.c
		___ftpack      		CODE           	15A1	0000	97

C:\Program Files (x86)\Microchip\xc8\v1.32\sources\common\float.c estimated size: 97

../src/OverLoad_B1.c
		_getLoad_AD    		CODE           	098D	0000	114
		_getLoad_OK    		CODE           	1AEE	0000	8
		_Load_Initializ		CODE           	1A88	0000	3
		_Load_Main     		CODE           	0053	0000	434
		_setLoad_AH_AL_		CODE           	1EE8	0000	28

../src/OverLoad_B1.c estimated size: 587

C:\Program Files (x86)\Microchip\xc8\v1.32\sources\common\awtoft.c
		___awtoft      		CODE           	100F	0000	34

C:\Program Files (x86)\Microchip\xc8\v1.32\sources\common\awtoft.c estimated size: 34

../src/MCU_B1.c
		_Fosc_Set      		CODE           	1AA4	0000	4
		_IO_Set        		CODE           	1E62	0000	26
		_WDT_Set       		CODE           	1BC3	0000	12
		_WDT_Main      		CODE           	1CE1	0000	18
		_ADC_Set       		CODE           	1AE0	0000	7
		_IOC_ISR       		CODE           	1B06	0000	9
		_ISR           		CODE           	0004	0000	27
		_Flash_Memory_W		CODE           	10C9	0000	47
		_Flash_Memory_M		CODE           	0AF8	0000	134
		_IOC_Set       		CODE           	1B41	0000	11
		_WDT_Clearing  		CODE           	0002	0000	2
		_setMemory_Modi		CODE           	1CF3	0000	19
		_Mcu_Initializa		CODE           	1CCF	0000	18
		_setMemory_Data		CODE           	1B9F	0000	12
		_Flash_Memory_I		CODE           	0F36	0000	202
		_getAD         		CODE           	1F7D	0000	32
		_TMR1_Set      		CODE           	1BB7	0000	12
		_setMemory_Loop		CODE           	1D2C	0000	19
		_Flash_Memory_U		CODE           	1B18	0000	9
		_Flash_Memory_R		CODE           	1E48	0000	26
		_Flash_Memory_E		CODE           	1BAB	0000	12
		_TMR1_ISR      		CODE           	1F3F	0000	31
		_Flash_Memory_M		CODE           	135B	0000	65

../src/MCU_B1.c estimated size: 754

C:\Program Files (x86)\Microchip\xc8\v1.32\sources\common\ftmul.c
		___ftmul       		CODE           	0DC7	0000	180

C:\Program Files (x86)\Microchip\xc8\v1.32\sources\common\ftmul.c estimated size: 180

../src/Buzzer_B1.c
		_Buzzer_Main   		CODE           	139C	0000	74
		_setBuz        		CODE           	1490	0000	89
		_getBuz_GO     		CODE           	1C66	0000	17
		_Buzzer_Initial		CODE           	1A85	0000	3

../src/Buzzer_B1.c estimated size: 183

../src/LED_B1.c
		_setLED        		CODE           	12A6	0000	57
		_LED_Main      		CODE           	1AA0	0000	4
		_setLED_Initial		CODE           	1CBD	0000	18
		_LedPointSelect		CODE           	1B93	0000	12
		_setLED_Main   		CODE           	11C8	0000	54
		_LED_Initializa		CODE           	1A9C	0000	4

../src/LED_B1.c estimated size: 149

../src/OverTemperature_B1.c
		_Temp_Initializ		CODE           	1A91	0000	3
		_Temp_Main     		CODE           	0800	0000	3
		_setTemp_Initia		CODE           	07FF	0000	1
		_setOverTemp_AD		CODE           	1EB1	0000	27
		_getTemp_AD    		CODE           	0C91	0000	141
		_setTemp_Main  		CODE           	0624	0000	211

../src/OverTemperature_B1.c estimated size: 386

../src/CC2500_B1.c
		_DelayTime_1us 		CODE           	1079	0000	38
		_CC2500_Frequen		CODE           	1BCF	0000	12
		_CC2500_SIDLEMo		CODE           	1AB4	0000	4
		_CC2500_PowerOn		CODE           	1D7B	0000	21
		_CC2500_WriteBy		CODE           	1E2F	0000	25
		_CC2500_RxData 		CODE           	0847	0000	107
		_CC2500_TxData 		CODE           	08B2	0000	108
		_CC2500_ClearRX		CODE           	1AAC	0000	4
		_CC2500_ClearTX		CODE           	1AB0	0000	4
		_CC2500_InitPAT		CODE           	1F5E	0000	31
		_CC2500_WriteRE		CODE           	1031	0000	35
		_CC2500_ReadSta		CODE           	1054	0000	37
		_CC2500_PowerRS		CODE           	0803	0000	68
		_CC2500_ReadByt		CODE           	1F04	0000	29
		_CC2500_InitSet		CODE           	109F	0000	42
		_CC2500_WriteCo		CODE           	1E7C	0000	26

../src/CC2500_B1.c estimated size: 591

C:\Program Files (x86)\Microchip\xc8\v1.32\sources\common\fttol.c
		___fttol       		CODE           	0B7E	0000	135

C:\Program Files (x86)\Microchip\xc8\v1.32\sources\common\fttol.c estimated size: 135

C:\Program Files (x86)\Microchip\xc8\v1.32\sources\common\lwdiv.c
		___lwdiv       		CODE           	11FE	0000	55

C:\Program Files (x86)\Microchip\xc8\v1.32\sources\common\lwdiv.c estimated size: 55

../src/RF_Control_B1.c
		_RF_Initializat		CODE           	1A8B	0000	3
		_setRF_AdjContr		CODE           	112B	0000	52
		_getRxData     		CODE           	1602	0000	100
		_setRF_Main    		CODE           	047A	0000	213
		_getRF_KeyStatu		CODE           	1C77	0000	17
		_setRF_Initiali		CODE           	1B4C	0000	11
		_setTxData     		CODE           	0E7B	0000	187
		_setRF_TimeoutC		CODE           	1AA8	0000	4
		_RF_Timeout_Cou		CODE           	1D66	0000	21
		_setRFSW_Contro		CODE           	131B	0000	64
		_setRF_Learn   		CODE           	1D52	0000	20
		_setRF_Transcei		CODE           	1D06	0000	19
		_RF_Main       		CODE           	1A8E	0000	3
		_setRFSW_AdjCon		CODE           	0A78	0000	128
		_setRF_DimmerLi		CODE           	1730	0000	101
		_setControl_Lig		CODE           	09FF	0000	121
		_setLog_Code   		CODE           	115F	0000	52
		_RF_RxDisable  		CODE           	1000	0000	15

../src/RF_Control_B1.c estimated size: 1131

C:\Program Files (x86)\Microchip\xc8\v1.32\sources\common\awdiv.c
		___awdiv       		CODE           	13E6	0000	84

C:\Program Files (x86)\Microchip\xc8\v1.32\sources\common\awdiv.c estimated size: 84

../src/Main_B1.c
		_Exception_Main		CODE           	054F	0000	213
		_my_MainTimer  		CODE           	12DF	0000	60
		_setProductData		CODE           	1B6F	0000	12
		_main          		CODE           	14E9	0000	91
		_Timeout_Counte		CODE           	1D90	0000	21
		_myMain_Initial		CODE           	1D3F	0000	19
		_getMain_All_Er		CODE           	10F8	0000	51
		_set_TimeoutCle		CODE           	1ABC	0000	5
		_getCmd_Status 		CODE           	1C99	0000	18
		_getMain_Lights		CODE           	1B36	0000	11
		_getMain_All_Li		CODE           	1B21	0000	10
		_setCmd_Status 		CODE           	1E16	0000	25

../src/Main_B1.c estimated size: 536

C:\Program Files (x86)\Microchip\xc8\v1.32\sources\common\ftadd.c
		___ftadd       		CODE           	0384	0000	246

C:\Program Files (x86)\Microchip\xc8\v1.32\sources\common\ftadd.c estimated size: 246

C:\Program Files (x86)\Microchip\xc8\v1.32\sources\common\Umul16.c
		___wmul        		CODE           	1F21	0000	30

C:\Program Files (x86)\Microchip\xc8\v1.32\sources\common\Umul16.c estimated size: 30

C:\Program Files (x86)\Microchip\xc8\v1.32\sources\common\Umul8.c
		___bmul        		CODE           	1CAB	0000	18

C:\Program Files (x86)\Microchip\xc8\v1.32\sources\common\Umul8.c estimated size: 18

shared
		i1___lbdiv     		CODE           	1FBD	0000	33
		_CC2500_patable		STRCODE        	185E	0000	8
		i1_Division    		CODE           	1BE7	0000	13
		_CC2500_rfSetti		STRCODE        	182F	0000	47
		__initializatio		CODE           	0021	0000	46
		_CC2500_registe		STRCODE        	1800	0000	47

shared estimated size: 194

C:\Program Files (x86)\Microchip\xc8\v1.32\sources\common\ftneg.c
		___ftneg       		CODE           	1B0F	0000	9

C:\Program Files (x86)\Microchip\xc8\v1.32\sources\common\ftneg.c estimated size: 9

../src/Switch_B1.c
		_Switch_Main   		CODE           	1AE7	0000	7
		_SwPointSelect 		CODE           	1BDB	0000	12
		_TouchPower    		CODE           	1DA5	0000	21
		_setSw_Main    		CODE           	0205	0000	383
		_getAll_Sw_KeyS		CODE           	1C55	0000	17
		_getSw_KeyStatu		CODE           	1C88	0000	17
		_setSw_Initiali		CODE           	1C12	0000	16
		_Switch_Initial		CODE           	1AB8	0000	4

../src/Switch_B1.c estimated size: 477

../src/Dimmer_B1.c
		_getDimmerLight		CODE           	1C22	0000	17
		_DimmerLights_S		CODE           	1B63	0000	12
		_setDimmerLight		CODE           	126D	0000	57
		_setDimmerIntr_		CODE           	1DFE	0000	24
		_DimmerLights_M		CODE           	1ECC	0000	28
		_setDimmerLight		CODE           	1193	0000	53
		_DimmerIntr_Ini		CODE           	1544	0000	93
		_getDimmerIntr_		CODE           	1C03	0000	15
		_getAll_DimmerI		CODE           	1D19	0000	19
		_getDimmerLight		CODE           	1B2B	0000	11
		_setDimmerIntr_		CODE           	1B7B	0000	12
		_setDimmerIntr_		CODE           	1B87	0000	12
		_Division      		CODE           	1BF4	0000	15
		_setDimmerLight		CODE           	1C33	0000	17
		_getDimmerLight		CODE           	16CB	0000	101
		_getDimmerLight		CODE           	1666	0000	101
		_getDimmer_Load		CODE           	1AF6	0000	8
		_setDimmerLight		CODE           	1A84	0000	1
		_setDimmerLight		CODE           	143A	0000	86
		_setDimmerLight		CODE           	1E96	0000	27
		_DimmerLights_I		CODE           	1AD9	0000	7
		_setDimmerLight		CODE           	1AC7	0000	6
		_getDimmer_Load		CODE           	1AFE	0000	8
		_setDimmerLight		CODE           	1795	0000	107
		_setDimmerIntr_		CODE           	1DD0	0000	22
		_DimmerLights_I		CODE           	07C2	0000	61
		_getDimmerLight		CODE           	1DBA	0000	22
		_setDimmerLight		CODE           	06F7	0000	203
		_DimmerLights_T		CODE           	1235	0000	56
		_setDimmerIntr_		CODE           	1DE6	0000	24

../src/Dimmer_B1.c estimated size: 1225

../src/DelayOff_B1.c
		_DelayOff_Initi		CODE           	1A94	0000	4
		_DlyOff_Main   		CODE           	091E	0000	111
		_DelayOff_Main 		CODE           	1A98	0000	4
		_DelayOffPointS		CODE           	1B57	0000	12
		_getDelayOff_GO		CODE           	1C44	0000	17
		_setDelayOff_GO		CODE           	0C05	0000	140
		_DlyOff_Initial		CODE           	1AC1	0000	6

../src/DelayOff_B1.c estimated size: 294

C:\Program Files (x86)\Microchip\xc8\v1.32\sources\common\lbdiv.c
		___lbdiv       		CODE           	1FDE	0000	34

C:\Program Files (x86)\Microchip\xc8\v1.32\sources\common\lbdiv.c estimated size: 34

C:\Program Files (x86)\Microchip\xc8\v1.32\sources\pic\ftdiv.c
		___ftdiv       		CODE           	0D1E	0000	169

C:\Program Files (x86)\Microchip\xc8\v1.32\sources\pic\ftdiv.c estimated size: 169

