Microchip MPLAB XC8 Compiler V1.32 ()

Linker command line:

--edf=C:\Program Files (x86)\Microchip\xc8\v1.32\dat\en_msgs.txt -cs \
  -h+dist/default/production\1-8-1.Switch_1Key_Dimmer_MOSFET.X.production.sym \
  --cmf=dist/default/production\1-8-1.Switch_1Key_Dimmer_MOSFET.X.production.cmf \
  -z -Q16F1518 -oC:\Users\taianluo\AppData\Local\Temp\s5i0.6 \
  -Mdist/default/production/1-8-1.Switch_1Key_Dimmer_MOSFET.X.production.map \
  -E1 -ver=XC8 -ASTACK=02160h-0231fh -pstack=STACK -ACONST=00h-0FFhx64 \
  -ACODE=00h-07FFhx8 -ASTRCODE=00h-03FFFh -AENTRY=00h-0FFhx64 \
  -ASTRING=00h-0FFhx64 -ACOMMON=070h-07Fh -ABANK0=020h-06Fh \
  -ABANK1=0A0h-0EFh -ABANK2=0120h-016Fh -ABANK3=01A0h-01EFh \
  -ABANK4=0220h-026Fh -ABANK5=02A0h-02EFh -ABANK6=0320h-036Fh \
  -ABANK7=03A0h-03EFh -ABANK8=0420h-046Fh -ABANK9=04A0h-04EFh \
  -ABANK10=0520h-056Fh -ABANK11=05A0h-05EFh -ABANK12=0620h-064Fh \
  -ABIGRAM=02000h-023EFh \
  -ARAM=020h-06Fh,0A0h-0EFh,0120h-016Fh,01A0h-01EFh,0220h-026Fh,02A0h-02EFh,0320h-036Fh,03A0h-03EFh,0420h-046Fh,04A0h-04EFh,0520h-056Fh,05A0h-05EFh,0620h-064Fh \
  -AABS1=020h-07Fh,0A0h-0EFh,0120h-016Fh,01A0h-01EFh,0220h-026Fh,02A0h-02EFh,0320h-036Fh,03A0h-03EFh,0420h-046Fh,04A0h-04EFh,0520h-056Fh,05A0h-05EFh,0620h-064Fh \
  -ASFR0=00h-01Fh -ASFR1=080h-09Fh -ASFR2=0100h-011Fh -ASFR3=0180h-019Fh \
  -ASFR4=0200h-021Fh -ASFR5=0280h-029Fh -ASFR6=0300h-031Fh \
  -ASFR7=0380h-039Fh -ASFR8=0400h-041Fh -ASFR9=0480h-049Fh \
  -ASFR10=0500h-051Fh -ASFR11=0580h-059Fh -ASFR12=0600h-061Fh \
  -ASFR13=0680h-06EFh -ASFR14=0700h-076Fh -ASFR15=0780h-07EFh \
  -ASFR16=0800h-086Fh -ASFR17=0880h-08EFh -ASFR18=0900h-096Fh \
  -ASFR19=0980h-09EFh -ASFR20=0A00h-0A6Fh -ASFR21=0A80h-0AEFh \
  -ASFR22=0B00h-0B6Fh -ASFR23=0B80h-0BEFh -ASFR24=0C00h-0C6Fh \
  -ASFR25=0C80h-0CEFh -ASFR26=0D00h-0D6Fh -ASFR27=0D80h-0DEFh \
  -ASFR28=0E00h-0E6Fh -ASFR29=0E80h-0EEFh -ASFR30=0F00h-0F6Fh \
  -ASFR31=0F80h-0FEFh -preset_vec=00h,intentry=04h,init,end_init \
  -ppowerup=CODE -pcinit=CODE -pfunctab=CODE -ACONFIG=08007h-08008h \
  -pconfig=CONFIG -DCONFIG=2 -AIDLOC=08000h-08003h -pidloc=IDLOC -DIDLOC=2 \
  -DCODE=2 -DSTRCODE=2 -DSTRING=2 -DCONST=2 -DENTRY=2 -k \
  C:\Users\taianluo\AppData\Local\Temp\s5i0.obj \
  dist/default/production\1-8-1.Switch_1Key_Dimmer_MOSFET.X.production.obj 

Object code version is 3.11

Machine type is 16F1518



                Name                               Link     Load   Length Selector   Space Scale
C:\Users\taianluo\AppData\Local\Temp\s5i0.obj
                end_init                             1F       1F        2        8       0
                reset_vec                             0        0        2        0       0
                config                             8007     8007        2    1000E       0
dist/default/production\1-8-1.Switch_1Key_Dimmer_MOSFET.X.production.obj
                cinit                                21       21       2A        8       0
                intentry                              4        4       1B        8       0
                text147                            1066     1066       21     20CC       0
                text146                            1BAA     1BAA        D     3754       0
                text145                            130E     130E       3D     261C       0
                text144                            1ACA     1ACA        9     3594       0
                text143                             9B1      9B1       70     1362       0
                text142                            1EF6     1EF6       1F     3DEC       0
                text140                            1A54     1A54        3     34A8       0
                text139                             7AE      7AE       4A        8       0
                text138                            1B26     1B26        C     364C       0
                text137                            1A93     1A93        6     3526       0
                text136                            1A66     1A66        4     34CC       0
                text135                            1B32     1B32        C     3664       0
                text134                            1BF4     1BF4       11     37E8       0
                text133                            129C     129C       39     2538       0
                text132                            1451     1451       54     28A2       0
                text131                            14FB     14FB       59     29F6       0
                text130                            11FA     11FA       35     23F4       0
                text129                            1B3E     1B3E        C     367C       0
                text128                             942      942       6F     1284       0
                text127                            1A6A     1A6A        4     34D4       0
                text126                            1F74     1F74       22     3EE8       0
                text125                            1BB7     1BB7        F     376E       0
                text124                            160C     160C       61     2C18       0
                text123                            1F96     1F96       22     3F2C       0
                text122                             381      381       F6        8       0
                text121                             D25      D25       A9     1A4A       0
                text120                             DCE      DCE       B4     1B9C       0
                text119                            1AD3     1AD3        9     35A6       0
                text118                             C12      C12       87     1824       0
                text117                            16D1     16D1       65     2DA2       0
                text116                            1736     1736       65     2E6C       0
                text115                            1CC5     1CC5       13     398A       0
                text114                            15AF     15AF       5D     2B5E       0
                text113                            1A52     1A52        1     34A4       0
                text112                            1AA5     1AA5        7     354A       0
                text111                            115F     115F       33     22BE       0
                text110                            1ABA     1ABA        8     3574       0
                text109                            1D8C     1D8C       16     3B18       0
                text108                            1BC6     1BC6        F     378C       0
                text107                            1DA2     1DA2       16     3B44       0
                text106                            1B4A     1B4A        C     3694       0
                text105                            1C05     1C05       11     380A       0
                text104                            179B     179B       65     2F36       0
                text103                            1CD8     1CD8       13     39B0       0
                text102                             E82      E82       BB     1D04       0
                text101                            14A5     14A5       56     294A       0
                text100                            1C6B     1C6B       12     38D6       0
                text99                             1C16     1C16       11     382C       0
                text98                             1AE5     1AE5        A     35CA       0
                text97                             1DE8     1DE8       19     3BD0       0
                text96                             1C7D     1C7D       12     38FA       0
                text95                              C99      C99       8C     1932       0
                text94                             1DB8     1DB8       18     3B70       0
                text93                             1B56     1B56        C     36AC       0
                text92                             1DD0     1DD0       18     3BA0       0
                text91                             1B62     1B62        C     36C4       0
                text90                             12D5     12D5       39     25AA       0
                text89                              F3D      F3D       C3     1E7A       0
                text88                              800      800       6B     1000       0
                text87                             1E83     1E83       1C     3D06       0
                text86                             1AEF     1AEF        B     35DE       0
                text85                              54C      54C       D5        8       0
                text84                             1E1A     1E1A       1A     3C34       0
                text83                             1ADC     1ADC        9     35B8       0
                text82                             10FF     10FF       2F     21FE       0
                text81                             1B6E     1B6E        C     36DC       0
                text80                              621      621       CA        8       0
                text79                             1B7A     1B7A        C     36F4       0
                text78                              B8C      B8C       86     1718       0
                text77                             1C27     1C27       11     384E       0
                text76                             138B     138B       41     2716       0
                text75                             1C8F     1C8F       12     391E       0
                text74                             1A6E     1A6E        4     34DC       0
                text73                             122F     122F       36     245E       0
                text72                             1A72     1A72        4     34E4       0
                text71                             1E9F     1E9F       1C     3D3E       0
                text70                             1A57     1A57        3     34AE       0
                text69                             1265     1265       37     24CA       0
                text68                             1ED8     1ED8       1E     3DB0       0
                text67                             1CEB     1CEB       13     39D6       0
                text66                             1AC2     1AC2        8     3584       0
                text65                              7F8      7F8        8        8       0
                text64                             1AFA     1AFA        B     35F4       0
                text63                               4B       4B      1B2        8       0
                text62                             1AAC     1AAC        7     3558       0
                text61                             1A76     1A76        4     34EC       0
                text60                             1B05     1B05        B     360A       0
                text59                             1E34     1E34       1A     3C68       0
                text58                             1B86     1B86        C     370C       0
                text57                             1B10     1B10        B     3620       0
                text56                             1CA1     1CA1       12     3942       0
                text55                             1B1B     1B1B        B     3636       0
                text54                             1A5A     1A5A        3     34B4       0
                text53                             1E01     1E01       19     3C02       0
                text52                             1D38     1D38       15     3A70       0
                text51                             1A7A     1A7A        4     34F4       0
                text50                             1E4E     1E4E       1A     3C9C       0
                text49                             1A7E     1A7E        4     34FC       0
                text48                             1A82     1A82        4     3504       0
                text47                             1087     1087       26     210E       0
                text46                             1B92     1B92        C     3724       0
                text45                             1FB8     1FB8       23     3F70       0
                text44                             1F15     1F15       1F     3E2A       0
                text43                             10D5     10D5       2A     21AA       0
                text42                             140D     140D       44     281A       0
                text41                             1A86     1A86        4     350C       0
                text40                             1D4D     1D4D       15     3A9A       0
                text39                             1EBB     1EBB       1D     3D76       0
                text38                             1FDB     1FDB       25     3FB6       0
                text37                              86B      86B       6B     10D6       0
                text36                              8D6      8D6       6C     11AC       0
                text35                             1BD5     1BD5        F     37AA       0
                text34                             1C38     1C38       11     3870       0
                text33                             1C49     1C49       11     3892       0
                text32                             1E68     1E68       1B     3CD0       0
                text31                              B0C      B0C       80     1618       0
                text30                             134B     134B       40     2696       0
                text29                             1192     1192       34     2324       0
                text28                              A93      A93       79     1526       0
                text27                             1CFE     1CFE       13     39FC       0
                text26                             11C6     11C6       34     238C       0
                text25                             166D     166D       64     2CDA       0
                text24                              477      477       D5        8       0
                text23                             1A5D     1A5D        3     34BA       0
                text22                             1BE4     1BE4       10     37C8       0
                text21                             1A8A     1A8A        4     3514       0
                text20                             1D62     1D62       15     3AC4       0
                text19                             1A8E     1A8E        5     351C       0
                text18                             1D77     1D77       15     3AEE       0
                text17                             1B9E     1B9E        C     373C       0
                text16                             1C5A     1C5A       11     38B4       0
                text15                             10AD     10AD       28     215A       0
                text14                             1D24     1D24       14     3A48       0
                text13                              1FD      1FD      184        8       0
                text12                             1AB3     1AB3        7     3566       0
                text11                             1A53     1A53        1     34A6       0
                text10                             1A60     1A60        3     34C0       0
                text9                               6EB      6EB       C3        8       0
                text8                              1A63     1A63        3     34C6       0
                text7                                 2        2        2        0       0
                text6                              1CB3     1CB3       12     3966       0
                text5                              1F34     1F34       20     3E68       0
                text4                               A21      A21       72     1442       0
                text3                              112E     112E       31     225C       0
                text2                              1D11     1D11       13     3A22       0
                text1                              13CC     13CC       41     2798       0
                maintext                           1554     1554       5B     2AA8       0
                cstackBANK0                          20       20       50       20       1
                cstackCOMMON                         70       70        D       70       1
                cstackBANK1                          E4       E4        8       A0       1
                inittext                           1A99     1A99        6     3532       0
                clrtext                            1A9F     1A9F        6     353E       0
                dataBANK4                           220      220       20      220       1
                bssBANK3                            1A0      1A0       4C      1A0       1
                bssBANK2                            120      120       4F      120       1
                bssBANK1                             A0       A0       44       A0       1
                bitbssBANK1                         768       ED        1       A0       1     8
                bitbssCOMMON                        3E8       7D        1       70       1     8
                nvBANK1                              EC       EC        1       A0       1
                stringtext                         1000     1000       66       20       0
                idataBANK4                         1F54     1F54       20     3EA8       0

TOTAL           Name                               Link     Load   Length     Space
        CLASS   STACK          

        CLASS   CONST          

        CLASS   CODE           
                end_init                             1F       1F        2         0
                cinit                                21       21       2A         0
                intentry                              4        4       1B         0
                reset_vec                             0        0        2         0
                text147                            1066     1066       21         0
                text146                            1BAA     1BAA        D         0
                text145                            130E     130E       3D         0
                text144                            1ACA     1ACA        9         0
                text143                             9B1      9B1       70         0
                text142                            1EF6     1EF6       1F         0
                text140                            1A54     1A54        3         0
                text139                             7AE      7AE       4A         0
                text138                            1B26     1B26        C         0
                text137                            1A93     1A93        6         0
                text136                            1A66     1A66        4         0
                text135                            1B32     1B32        C         0
                text134                            1BF4     1BF4       11         0
                text133                            129C     129C       39         0
                text132                            1451     1451       54         0
                text131                            14FB     14FB       59         0
                text130                            11FA     11FA       35         0
                text129                            1B3E     1B3E        C         0
                text128                             942      942       6F         0
                text127                            1A6A     1A6A        4         0
                text126                            1F74     1F74       22         0
                text125                            1BB7     1BB7        F         0
                text124                            160C     160C       61         0
                text123                            1F96     1F96       22         0
                text122                             381      381       F6         0
                text121                             D25      D25       A9         0
                text120                             DCE      DCE       B4         0
                text119                            1AD3     1AD3        9         0
                text118                             C12      C12       87         0
                text117                            16D1     16D1       65         0
                text116                            1736     1736       65         0
                text115                            1CC5     1CC5       13         0
                text114                            15AF     15AF       5D         0
                text113                            1A52     1A52        1         0
                text112                            1AA5     1AA5        7         0
                text111                            115F     115F       33         0
                text110                            1ABA     1ABA        8         0
                text109                            1D8C     1D8C       16         0
                text108                            1BC6     1BC6        F         0
                text107                            1DA2     1DA2       16         0
                text106                            1B4A     1B4A        C         0
                text105                            1C05     1C05       11         0
                text104                            179B     179B       65         0
                text103                            1CD8     1CD8       13         0
                text102                             E82      E82       BB         0
                text101                            14A5     14A5       56         0
                text100                            1C6B     1C6B       12         0
                text99                             1C16     1C16       11         0
                text98                             1AE5     1AE5        A         0
                text97                             1DE8     1DE8       19         0
                text96                             1C7D     1C7D       12         0
                text95                              C99      C99       8C         0
                text94                             1DB8     1DB8       18         0
                text93                             1B56     1B56        C         0
                text92                             1DD0     1DD0       18         0
                text91                             1B62     1B62        C         0
                text90                             12D5     12D5       39         0
                text89                              F3D      F3D       C3         0
                text88                              800      800       6B         0
                text87                             1E83     1E83       1C         0
                text86                             1AEF     1AEF        B         0
                text85                              54C      54C       D5         0
                text84                             1E1A     1E1A       1A         0
                text83                             1ADC     1ADC        9         0
                text82                             10FF     10FF       2F         0
                text81                             1B6E     1B6E        C         0
                text80                              621      621       CA         0
                text79                             1B7A     1B7A        C         0
                text78                              B8C      B8C       86         0
                text77                             1C27     1C27       11         0
                text76                             138B     138B       41         0
                text75                             1C8F     1C8F       12         0
                text74                             1A6E     1A6E        4         0
                text73                             122F     122F       36         0
                text72                             1A72     1A72        4         0
                text71                             1E9F     1E9F       1C         0
                text70                             1A57     1A57        3         0
                text69                             1265     1265       37         0
                text68                             1ED8     1ED8       1E         0
                text67                             1CEB     1CEB       13         0
                text66                             1AC2     1AC2        8         0
                text65                              7F8      7F8        8         0
                text64                             1AFA     1AFA        B         0
                text63                               4B       4B      1B2         0
                text62                             1AAC     1AAC        7         0
                text61                             1A76     1A76        4         0
                text60                             1B05     1B05        B         0
                text59                             1E34     1E34       1A         0
                text58                             1B86     1B86        C         0
                text57                             1B10     1B10        B         0
                text56                             1CA1     1CA1       12         0
                text55                             1B1B     1B1B        B         0
                text54                             1A5A     1A5A        3         0
                text53                             1E01     1E01       19         0
                text52                             1D38     1D38       15         0
                text51                             1A7A     1A7A        4         0
                text50                             1E4E     1E4E       1A         0
                text49                             1A7E     1A7E        4         0
                text48                             1A82     1A82        4         0
                text47                             1087     1087       26         0
                text46                             1B92     1B92        C         0
                text45                             1FB8     1FB8       23         0
                text44                             1F15     1F15       1F         0
                text43                             10D5     10D5       2A         0
                text42                             140D     140D       44         0
                text41                             1A86     1A86        4         0
                text40                             1D4D     1D4D       15         0
                text39                             1EBB     1EBB       1D         0
                text38                             1FDB     1FDB       25         0
                text37                              86B      86B       6B         0
                text36                              8D6      8D6       6C         0
                text35                             1BD5     1BD5        F         0
                text34                             1C38     1C38       11         0
                text33                             1C49     1C49       11         0
                text32                             1E68     1E68       1B         0
                text31                              B0C      B0C       80         0
                text30                             134B     134B       40         0
                text29                             1192     1192       34         0
                text28                              A93      A93       79         0
                text27                             1CFE     1CFE       13         0
                text26                             11C6     11C6       34         0
                text25                             166D     166D       64         0
                text24                              477      477       D5         0
                text23                             1A5D     1A5D        3         0
                text22                             1BE4     1BE4       10         0
                text21                             1A8A     1A8A        4         0
                text20                             1D62     1D62       15         0
                text19                             1A8E     1A8E        5         0
                text18                             1D77     1D77       15         0
                text17                             1B9E     1B9E        C         0
                text16                             1C5A     1C5A       11         0
                text15                             10AD     10AD       28         0
                text14                             1D24     1D24       14         0
                text13                              1FD      1FD      184         0
                text12                             1AB3     1AB3        7         0
                text11                             1A53     1A53        1         0
                text10                             1A60     1A60        3         0
                text9                               6EB      6EB       C3         0
                text8                              1A63     1A63        3         0
                text7                                 2        2        2         0
                text6                              1CB3     1CB3       12         0
                text5                              1F34     1F34       20         0
                text4                               A21      A21       72         0
                text3                              112E     112E       31         0
                text2                              1D11     1D11       13         0
                text1                              13CC     13CC       41         0
                maintext                           1554     1554       5B         0
                inittext                           1A99     1A99        6         0
                clrtext                            1A9F     1A9F        6         0
                idataBANK4                         1F54     1F54       20         0

        CLASS   STRCODE        
                stringtext                         1000     1000       66         0

        CLASS   ENTRY          

        CLASS   STRING         

        CLASS   COMMON         
                cstackCOMMON                         70       70        D         1
                bitbssCOMMON                        3E8       7D        1         1

        CLASS   BANK0          
                cstackBANK0                          20       20       50         1

        CLASS   BANK1          
                cstackBANK1                          E4       E4        8         1
                bssBANK1                             A0       A0       44         1
                bitbssBANK1                         768       ED        1         1
                nvBANK1                              EC       EC        1         1

        CLASS   BANK2          
                bssBANK2                            120      120       4F         1

        CLASS   BANK3          
                bssBANK3                            1A0      1A0       4C         1

        CLASS   BANK4          
                dataBANK4                           220      220       20         1

        CLASS   BANK5          

        CLASS   BANK6          

        CLASS   BANK7          

        CLASS   BANK8          

        CLASS   BANK9          

        CLASS   BANK10         

        CLASS   BANK11         

        CLASS   BANK12         

        CLASS   BIGRAM         

        CLASS   RAM            

        CLASS   ABS1           
                abs_s1                               7E       7E        2         1

        CLASS   SFR0           

        CLASS   SFR1           

        CLASS   SFR2           

        CLASS   SFR3           

        CLASS   SFR4           

        CLASS   SFR5           

        CLASS   SFR6           

        CLASS   SFR7           

        CLASS   SFR8           

        CLASS   SFR9           

        CLASS   SFR10          

        CLASS   SFR11          

        CLASS   SFR12          

        CLASS   SFR13          

        CLASS   SFR14          

        CLASS   SFR15          

        CLASS   SFR16          

        CLASS   SFR17          

        CLASS   SFR18          

        CLASS   SFR19          

        CLASS   SFR20          

        CLASS   SFR21          

        CLASS   SFR22          

        CLASS   SFR23          

        CLASS   SFR24          

        CLASS   SFR25          

        CLASS   SFR26          

        CLASS   SFR27          

        CLASS   SFR28          

        CLASS   SFR29          

        CLASS   SFR30          

        CLASS   SFR31          

        CLASS   CONFIG         
                config                             8007     8007        2         0

        CLASS   IDLOC          

        CLASS   BANK31         

        CLASS   BANK30         

        CLASS   BANK29         

        CLASS   BANK28         

        CLASS   BANK27         

        CLASS   BANK26         

        CLASS   BANK25         

        CLASS   BANK24         

        CLASS   BANK23         

        CLASS   BANK22         

        CLASS   BANK21         

        CLASS   BANK20         

        CLASS   BANK19         

        CLASS   BANK18         

        CLASS   BANK17         

        CLASS   BANK16         

        CLASS   BANK15         

        CLASS   BANK14         

        CLASS   BANK13         

        CLASS   EEDATA         



SEGMENTS        Name                           Load    Length   Top    Selector   Space  Class     Delta

                reset_vec                      000000  000004  000004         0       0  CODE        2
                intentry                       000004  0007FC  000800         8       0  CODE        2
                cstackBANK0                    000020  000050  000070        20       1  BANK0       1
                cstackCOMMON                   000070  00000E  00007E        70       1  COMMON      1
                bssBANK1                       0000A0  00004E  0000EE        A0       1  BANK1       1
                bssBANK2                       000120  00004F  00016F       120       1  BANK2       1
                bssBANK3                       0001A0  00004C  0001EC       1A0       1  BANK3       1
                dataBANK4                      000220  000020  000240       220       1  BANK4       1
                text88                         000800  00006B  00086B      1000       0  CODE        2
                text37                         00086B  00006B  0008D6      10D6       0  CODE        2
                text36                         0008D6  00006C  000942      11AC       0  CODE        2
                text128                        000942  00006F  0009B1      1284       0  CODE        2
                text143                        0009B1  000070  000A21      1362       0  CODE        2
                text4                          000A21  000072  000A93      1442       0  CODE        2
                text28                         000A93  000079  000B0C      1526       0  CODE        2
                text31                         000B0C  000080  000B8C      1618       0  CODE        2
                text78                         000B8C  000086  000C12      1718       0  CODE        2
                text118                        000C12  000087  000C99      1824       0  CODE        2
                text95                         000C99  00008C  000D25      1932       0  CODE        2
                text121                        000D25  0000A9  000DCE      1A4A       0  CODE        2
                text120                        000DCE  0000B4  000E82      1B9C       0  CODE        2
                text102                        000E82  0000BB  000F3D      1D04       0  CODE        2
                text89                         000F3D  0000C3  001000      1E7A       0  CODE        2
                stringtext                     001000  000066  001066        20       0  STRCODE     2
                text147                        001066  000021  001087      20CC       0  CODE        2
                text47                         001087  000026  0010AD      210E       0  CODE        2
                text15                         0010AD  000028  0010D5      215A       0  CODE        2
                text43                         0010D5  00002A  0010FF      21AA       0  CODE        2
                text82                         0010FF  00002F  00112E      21FE       0  CODE        2
                text3                          00112E  000031  00115F      225C       0  CODE        2
                text111                        00115F  000033  001192      22BE       0  CODE        2
                text29                         001192  000034  0011C6      2324       0  CODE        2
                text26                         0011C6  000034  0011FA      238C       0  CODE        2
                text130                        0011FA  000035  00122F      23F4       0  CODE        2
                text73                         00122F  000036  001265      245E       0  CODE        2
                text69                         001265  000037  00129C      24CA       0  CODE        2
                text133                        00129C  000039  0012D5      2538       0  CODE        2
                text90                         0012D5  000039  00130E      25AA       0  CODE        2
                text145                        00130E  00003D  00134B      261C       0  CODE        2
                text30                         00134B  000040  00138B      2696       0  CODE        2
                text76                         00138B  000041  0013CC      2716       0  CODE        2
                text1                          0013CC  000041  00140D      2798       0  CODE        2
                text42                         00140D  000044  001451      281A       0  CODE        2
                text132                        001451  000054  0014A5      28A2       0  CODE        2
                text101                        0014A5  000056  0014FB      294A       0  CODE        2
                text131                        0014FB  000059  001554      29F6       0  CODE        2
                maintext                       001554  00005B  0015AF      2AA8       0  CODE        2
                text114                        0015AF  00005D  00160C      2B5E       0  CODE        2
                text124                        00160C  000061  00166D      2C18       0  CODE        2
                text25                         00166D  000064  0016D1      2CDA       0  CODE        2
                text117                        0016D1  000065  001736      2DA2       0  CODE        2
                text116                        001736  000065  00179B      2E6C       0  CODE        2
                text104                        00179B  000065  001800      2F36       0  CODE        2
                text113                        001A52  000001  001A53      34A4       0  CODE        2
                text11                         001A53  000001  001A54      34A6       0  CODE        2
                text140                        001A54  000003  001A57      34A8       0  CODE        2
                text70                         001A57  000003  001A5A      34AE       0  CODE        2
                text54                         001A5A  000003  001A5D      34B4       0  CODE        2
                text23                         001A5D  000003  001A60      34BA       0  CODE        2
                text10                         001A60  000003  001A63      34C0       0  CODE        2
                text8                          001A63  000003  001A66      34C6       0  CODE        2
                text136                        001A66  000004  001A6A      34CC       0  CODE        2
                text127                        001A6A  000004  001A6E      34D4       0  CODE        2
                text74                         001A6E  000004  001A72      34DC       0  CODE        2
                text72                         001A72  000004  001A76      34E4       0  CODE        2
                text61                         001A76  000004  001A7A      34EC       0  CODE        2
                text51                         001A7A  000004  001A7E      34F4       0  CODE        2
                text49                         001A7E  000004  001A82      34FC       0  CODE        2
                text48                         001A82  000004  001A86      3504       0  CODE        2
                text41                         001A86  000004  001A8A      350C       0  CODE        2
                text21                         001A8A  000004  001A8E      3514       0  CODE        2
                text19                         001A8E  000005  001A93      351C       0  CODE        2
                text137                        001A93  000006  001A99      3526       0  CODE        2
                inittext                       001A99  000006  001A9F      3532       0  CODE        2
                clrtext                        001A9F  000006  001AA5      353E       0  CODE        2
                text112                        001AA5  000007  001AAC      354A       0  CODE        2
                text62                         001AAC  000007  001AB3      3558       0  CODE        2
                text12                         001AB3  000007  001ABA      3566       0  CODE        2
                text110                        001ABA  000008  001AC2      3574       0  CODE        2
                text66                         001AC2  000008  001ACA      3584       0  CODE        2
                text144                        001ACA  000009  001AD3      3594       0  CODE        2
                text119                        001AD3  000009  001ADC      35A6       0  CODE        2
                text83                         001ADC  000009  001AE5      35B8       0  CODE        2
                text98                         001AE5  00000A  001AEF      35CA       0  CODE        2
                text86                         001AEF  00000B  001AFA      35DE       0  CODE        2
                text64                         001AFA  00000B  001B05      35F4       0  CODE        2
                text60                         001B05  00000B  001B10      360A       0  CODE        2
                text57                         001B10  00000B  001B1B      3620       0  CODE        2
                text55                         001B1B  00000B  001B26      3636       0  CODE        2
                text138                        001B26  00000C  001B32      364C       0  CODE        2
                text135                        001B32  00000C  001B3E      3664       0  CODE        2
                text129                        001B3E  00000C  001B4A      367C       0  CODE        2
                text106                        001B4A  00000C  001B56      3694       0  CODE        2
                text93                         001B56  00000C  001B62      36AC       0  CODE        2
                text91                         001B62  00000C  001B6E      36C4       0  CODE        2
                text81                         001B6E  00000C  001B7A      36DC       0  CODE        2
                text79                         001B7A  00000C  001B86      36F4       0  CODE        2
                text58                         001B86  00000C  001B92      370C       0  CODE        2
                text46                         001B92  00000C  001B9E      3724       0  CODE        2
                text17                         001B9E  00000C  001BAA      373C       0  CODE        2
                text146                        001BAA  00000D  001BB7      3754       0  CODE        2
                text125                        001BB7  00000F  001BC6      376E       0  CODE        2
                text108                        001BC6  00000F  001BD5      378C       0  CODE        2
                text35                         001BD5  00000F  001BE4      37AA       0  CODE        2
                text22                         001BE4  000010  001BF4      37C8       0  CODE        2
                text134                        001BF4  000011  001C05      37E8       0  CODE        2
                text105                        001C05  000011  001C16      380A       0  CODE        2
                text99                         001C16  000011  001C27      382C       0  CODE        2
                text77                         001C27  000011  001C38      384E       0  CODE        2
                text34                         001C38  000011  001C49      3870       0  CODE        2
                text33                         001C49  000011  001C5A      3892       0  CODE        2
                text16                         001C5A  000011  001C6B      38B4       0  CODE        2
                text100                        001C6B  000012  001C7D      38D6       0  CODE        2
                text96                         001C7D  000012  001C8F      38FA       0  CODE        2
                text75                         001C8F  000012  001CA1      391E       0  CODE        2
                text56                         001CA1  000012  001CB3      3942       0  CODE        2
                text6                          001CB3  000012  001CC5      3966       0  CODE        2
                text115                        001CC5  000013  001CD8      398A       0  CODE        2
                text103                        001CD8  000013  001CEB      39B0       0  CODE        2
                text67                         001CEB  000013  001CFE      39D6       0  CODE        2
                text27                         001CFE  000013  001D11      39FC       0  CODE        2
                text2                          001D11  000013  001D24      3A22       0  CODE        2
                text14                         001D24  000014  001D38      3A48       0  CODE        2
                text52                         001D38  000015  001D4D      3A70       0  CODE        2
                text40                         001D4D  000015  001D62      3A9A       0  CODE        2
                text20                         001D62  000015  001D77      3AC4       0  CODE        2
                text18                         001D77  000015  001D8C      3AEE       0  CODE        2
                text109                        001D8C  000016  001DA2      3B18       0  CODE        2
                text107                        001DA2  000016  001DB8      3B44       0  CODE        2
                text94                         001DB8  000018  001DD0      3B70       0  CODE        2
                text92                         001DD0  000018  001DE8      3BA0       0  CODE        2
                text97                         001DE8  000019  001E01      3BD0       0  CODE        2
                text53                         001E01  000019  001E1A      3C02       0  CODE        2
                text84                         001E1A  00001A  001E34      3C34       0  CODE        2
                text59                         001E34  00001A  001E4E      3C68       0  CODE        2
                text50                         001E4E  00001A  001E68      3C9C       0  CODE        2
                text32                         001E68  00001B  001E83      3CD0       0  CODE        2
                text87                         001E83  00001C  001E9F      3D06       0  CODE        2
                text71                         001E9F  00001C  001EBB      3D3E       0  CODE        2
                text39                         001EBB  00001D  001ED8      3D76       0  CODE        2
                text68                         001ED8  00001E  001EF6      3DB0       0  CODE        2
                text142                        001EF6  00001F  001F15      3DEC       0  CODE        2
                text44                         001F15  00001F  001F34      3E2A       0  CODE        2
                text5                          001F34  000020  001F54      3E68       0  CODE        2
                idataBANK4                     001F54  000020  001F74      3EA8       0  CODE        2
                text126                        001F74  000022  001F96      3EE8       0  CODE        2
                text123                        001F96  000022  001FB8      3F2C       0  CODE        2
                text45                         001FB8  000023  001FDB      3F70       0  CODE        2
                text38                         001FDB  000025  002000      3FB6       0  CODE        2
                config                         008007  000002  008009     1000E       0  CONFIG      2


UNUSED ADDRESS RANGES

        Name                Unused          Largest block    Delta
        BANK1            000EE-000EF               2           1
        BANK10           00520-0056F              50           1
        BANK11           005A0-005EF              50           1
        BANK12           00620-0064F              30           1
        BANK2            0016F-0016F               1           1
        BANK3            001EC-001EF               4           1
        BANK4            00240-0026F              30           1
        BANK5            002A0-002EF              50           1
        BANK6            00320-0036F              50           1
        BANK7            003A0-003EF              50           1
        BANK8            00420-0046F              50           1
        BANK9            004A0-004EF              50           1
        BIGRAM           02000-023EF             3F0           1
        CODE             01800-01A51             252           2
                         02000-03FFF             800
        CONST            01800-01A51             100           2
                         02000-03FFF             100
        ENTRY            01800-01A51             100           2
                         02000-03FFF             100
        IDLOC            08000-08003               4           2
        RAM              000EE-000EF               2           1
                         0016F-0016F               1
                         001EC-001EF               4
                         00240-0026F              30
                         002A0-002EF              50
                         00320-0036F              50
                         003A0-003EF              50
                         00420-0046F              50
                         004A0-004EF              50
                         00520-0056F              50
                         005A0-005EF              50
                         00620-0064F              30
        SFR0             00000-0001F              20           1
        SFR1             00080-0009F              20           1
        SFR10            00500-0051F              20           1
        SFR11            00580-0059F              20           1
        SFR12            00600-0061F              20           1
        SFR13            00680-006EF              70           1
        SFR14            00700-0076F              70           1
        SFR15            00780-007EF              70           1
        SFR16            00800-0086F              70           1
        SFR17            00880-008EF              70           1
        SFR18            00900-0096F              70           1
        SFR19            00980-009EF              70           1
        SFR2             00100-0011F              20           1
        SFR20            00A00-00A6F              70           1
        SFR21            00A80-00AEF              70           1
        SFR22            00B00-00B6F              70           1
        SFR23            00B80-00BEF              70           1
        SFR24            00C00-00C6F              70           1
        SFR25            00C80-00CEF              70           1
        SFR26            00D00-00D6F              70           1
        SFR27            00D80-00DEF              70           1
        SFR28            00E00-00E6F              70           1
        SFR29            00E80-00EEF              70           1
        SFR3             00180-0019F              20           1
        SFR30            00F00-00F6F              70           1
        SFR31            00F80-00FEF              70           1
        SFR4             00200-0021F              20           1
        SFR5             00280-0029F              20           1
        SFR6             00300-0031F              20           1
        SFR7             00380-0039F              20           1
        SFR8             00400-0041F              20           1
        SFR9             00480-0049F              20           1
        STACK            02160-0231F             1C0           1
        STRCODE          01800-01A51             252           2
                         02000-03FFF            2000
        STRING           01800-01A51             100           2
                         02000-03FFF             100

                                  Symbol Table

?___awdiv                                 cstackBANK0  00020
?___awtoft                                cstackBANK0  00028
?___ftadd                                 cstackBANK0  00041
?___ftdiv                                 cstackBANK0  0002E
?___ftmul                                 cstackBANK0  0002E
?___ftneg                                 cstackBANK0  0003E
?___ftpack                                cstackBANK0  00020
?___fttol                                 cstackBANK0  0004E
?___lwdiv                                 cstackBANK0  00020
?___wmul                                  cstackBANK0  00020
?_getAD                                   cstackBANK0  00020
?_getBuz_GO                               cstackBANK0  00020
CC2500_InitPATable@loop_d                 cstackBANK0  00027
CC2500_InitPATable@temp                   cstackBANK0  00026
CC2500_InitSetREG@loop_c                  cstackBANK0  00028
CC2500_InitSetREG@temp1                   cstackBANK0  00026
CC2500_InitSetREG@temp2                   cstackBANK0  00027
CC2500_ReadByte@loop_b                    cstackBANK0  00021
CC2500_ReadStatus@status_addr             cstackBANK0  00023
CC2500_RxData@loop_f                      cstackBANK0  00025
CC2500_TxData@loop_e                      cstackBANK0  00025
CC2500_WriteByte@loop_a                   cstackBANK0  00021
CC2500_WriteCommand@command               cstackBANK0  00023
CC2500_WriteREG@value                     cstackBANK0  00022
CC2500_WriteREG@w_addr                    cstackBANK0  00024
DelayOffPointSelect@sw                    cstackBANK0  00021
DelayTime_1us@count                       cstackBANK0  00020
DelayTime_1us@i                           cstackBANK0  00022
DelayTime_1us@j                           cstackBANK0  00024
DimmerLights_SelectPointer@lights         cstackBANK0  00021
Division@num                              cstackBANK0  00025
Division@result                           cstackBANK0  00029
Division@value                            cstackBANK0  00028
DlyOff_Initialization@sw                  cstackBANK0  00022
DlyOff_Main@sw                            cstackBANK0  00067
Exception_Main@count                      cstackBANK0  0002F
Exception_Main@error                      cstackBANK0  00030
Exception_Main@i                          cstackBANK0  00031
Exception_Main@i_3630                     cstackBANK0  00033
Exception_Main@lights                     cstackBANK0  00035
Exception_Main@status                     cstackBANK0  0002E
Flash_Memory_Initialization@value         cstackBANK0  00025
Flash_Memory_Main@key_Status              cstackBANK0  00027
Flash_Memory_Modify@i                     cstackBANK0  00025
Flash_Memory_Read@address                 cstackBANK0  00022
Flash_Memory_Read@i                       cstackBANK0  00021
Flash_Memory_Read@ret                     cstackBANK0  00023
Flash_Memory_Write@i                      cstackBANK0  00021
LedPointSelect@led                        cstackBANK0  00021
Load_Main@ErrorCountValue                 cstackBANK0  0002D
Load_Main@LightsCount                     cstackBANK0  0002F
Load_Main@Load_RunStatus                  cstackBANK0  0002E
Load_Main@error                           cstackBANK0  0002A
Load_Main@i                               cstackBANK0  00030
SwPointSelect@sw                          cstackBANK0  00021
_ADCON0                                   (abs)        0009D
_ADCON1                                   (abs)        0009E
_ADC_Set                                  text62       01AAC
_ADRESH                                   (abs)        0009C
_ADRESL                                   (abs)        0009B
_ANSELA                                   (abs)        0018C
_ANSELB                                   (abs)        0018D
_ANSELC                                   (abs)        0018E
_Buz1                                     bssBANK2     00120
_Buzzer_Initialization                    text140      01A54
_Buzzer_Main                              text139      007AE
_CC2500_ClearRXFIFO                       text49       01A7E
_CC2500_ClearTXFIFO                       text48       01A82
_CC2500_FrequencyCabr                     text46       01B92
_CC2500_InitPATable                       text44       01F15
_CC2500_InitSetREG                        text43       010D5
_CC2500_PowerOnInitial                    text40       01D4D
_CC2500_PowerRST                          text42       0140D
_CC2500_ReadByte                          text39       01EBB
_CC2500_ReadStatus                        text38       01FDB
_CC2500_RxData                            text37       0086B
_CC2500_SIDLEMode                         text41       01A86
_CC2500_TxData                            text36       008D6
_CC2500_WriteByte                         text53       01E01
_CC2500_WriteCommand                      text50       01E4E
_CC2500_WriteREG                          text45       01FB8
_CC2500_patable_vaule                     stringtext   0105E
_CC2500_registers_address                 stringtext   01000
_CC2500_rfSettings                        stringtext   0102F
_CFGS                                     (abs)        00CAE
_CRC                                      bssBANK1     000CA
_Cmd                                      bssBANK1     000CB
_DelayOff                                 bssBANK1     000CC
_DelayOffPointSelect                      text138      01B26
_DelayOff_Initialization                  text136      01A66
_DelayOff_Main                            text127      01A6A
_DelayTime_1us                            text47       01087
_Dimmer                                   bssBANK2     0012C
_DimmerIntr                               bssBANK1     000CD
_DimmerIntr1                              bssBANK1     000BC
_DimmerIntr_Initialization                text114      015AF
_DimmerLights                             bssBANK1     000CE
_DimmerLights1                            bssBANK2     0015E
_DimmerLights_IOC_1                       text145      0130E
_DimmerLights_Initialization              text112      01AA5
_DimmerLights_Main                        text87       01E83
_DimmerLights_SelectPointer               text135      01B32
_DimmerLights_TMR_1                       text143      009B1
_Division                                 text125      01BB7
_DlyOff_Initialization                    text137      01A93
_DlyOff_Main                              text128      00942
_DlySw1                                   bssBANK2     00166
_Exception_Main                           text85       0054C
_FREE                                     (abs)        00CAC
_FVRCON                                   (abs)        00117
_Flash_Memory_Erasing                     text79       01B7A
_Flash_Memory_Initialization              text80       00621
_Flash_Memory_Main                        text76       0138B
_Flash_Memory_Main$3155                   cstackBANK0  00028
_Flash_Memory_Modify                      text78       00B8C
_Flash_Memory_Read                        text84       01E1A
_Flash_Memory_Unlock                      text83       01ADC
_Flash_Memory_Write                       text82       010FF
_Fosc_Set                                 text61       01A76
_GIE                                      (abs)        0005F
_GO_nDONE                                 (abs)        004E9
_IOCBF                                    (abs)        00396
_IOCBF2                                   (abs)        01CB2
_IOCBN                                    (abs)        00395
_IOCBP                                    (abs)        00394
_IOCIE                                    (abs)        0005B
_IOCIF                                    (abs)        00058
_IOC_ISR                                  text144      01ACA
_IOC_Set                                  text60       01B05
_IO_Set                                   text59       01E34
_ISR                                      intentry     00004
_LATA                                     (abs)        0010C
_LATB                                     (abs)        0010D
_LATC                                     (abs)        0010E
_LED                                      bssBANK1     000CF
_LED_Initialization                       text74       01A6E
_LED_Main                                 text72       01A72
_LWLO                                     (abs)        00CAD
_LedPointSelect                           text91       01B62
_Light                                    bssBANK1     000D0
_Load                                     bssBANK2     00136
_Load_Initialization                      text70       01A57
_Load_Main                                text63       0004B
_Load_Main$3994                           cstackBANK0  0002B
_Mcu_Initialization                       text56       01CA1
_Memory                                   bssBANK3     001BE
_OSCCON                                   (abs)        00099
_PEIE                                     (abs)        0005E
_PMADRH                                   (abs)        00192
_PMADRL                                   (abs)        00191
_PMCON2                                   (abs)        00196
_PMDATH                                   (abs)        00194
_PMDATL                                   (abs)        00193
_PORTA                                    (abs)        0000C
_PORTB                                    (abs)        0000D
_PORTC                                    (abs)        0000E
_RA0                                      (abs)        00060
_RA4                                      (abs)        00064
_RA6                                      (abs)        00066
_RA7                                      (abs)        00067
_RB0                                      (abs)        00068
_RB1                                      (abs)        00069
_RB2                                      (abs)        0006A
_RB3                                      (abs)        0006B
_RB5                                      (abs)        0006D
_RC0                                      (abs)        00070
_RC1                                      (abs)        00071
_RC3                                      (abs)        00073
_RC4                                      (abs)        00074
_RC5                                      (abs)        00075
_RD                                       (abs)        00CA8
_RF1                                      bssBANK1     000A0
_RF_Count                                 bssBANK2     00134
_RF_Data                                  bssBANK3     001A0
_RF_Initialization                        text54       01A5A
_RF_Main                                  text23       01A5D
_RF_RxDisable                             text35       01BD5
_RF_Timeout_Counter                       text52       01D38
_RSSI                                     bssBANK1     000D1
_Receive_OK                               bitbssBANK1  00768
_Rx_Length                                bssBANK1     000D2
_SPI0Buffer                               bssBANK1     000D3
_Sw                                       bssBANK1     000D4
_Sw1                                      bssBANK3     001E3
_SwDetect                                 bssBANK1     000D5
_SwPointSelect                            text17       01B9E
_Switch_Initialization                    text21       01A8A
_Switch_Main                              text12       01AB3
_T1CON                                    (abs)        00018
_TMR1H                                    (abs)        00017
_TMR1IE                                   (abs)        00488
_TMR1IF                                   (abs)        00088
_TMR1L                                    (abs)        00016
_TMR1_ISR                                 text142      01EF6
_TMR1_Set                                 text58       01B86
_TRISA                                    (abs)        0008C
_TRISB                                    (abs)        0008D
_TRISC                                    (abs)        0008E
_Temp                                     bssBANK1     000DA
_Temp_Initialization                      text10       01A60
_Temp_Main                                text8        01A63
_Timeout_Counter                          text20       01D62
_Timer1                                   bssBANK2     00131
_TouchPower                               text18       01D77
_Transceive_OK                            bitbssCOMMON 003E8
_Tx_Length                                bssBANK1     000D6
_VarErrLED                                bssBANK2     0016B
_WDT                                      bssBANK1     000C8
_WDTCON                                   (abs)        00097
_WDT_Clearing                             text7        00002
_WDT_Main                                 text6        01CB3
_WDT_Set                                  text57       01B10
_WPUB                                     (abs)        0020D
_WR                                       (abs)        00CA9
_WREN                                     (abs)        00CAA
__CFG_BOREN$OFF                           (abs)        00000
__CFG_CP$ON                               (abs)        00000
__CFG_FOSC$INTOSC                         (abs)        00000
__CFG_VCAPEN$OFF                          (abs)        00000
__CFG_WDTE$ON                             (abs)        00000
__CFG_WRT$HALF                            (abs)        00000
__Habs1                                   abs1         00000
__Hbank0                                  bank0        00000
__Hbank1                                  bank1        00000
__Hbank10                                 bank10       00000
__Hbank11                                 bank11       00000
__Hbank12                                 bank12       00000
__Hbank13                                 bank13       00000
__Hbank14                                 bank14       00000
__Hbank15                                 bank15       00000
__Hbank16                                 bank16       00000
__Hbank17                                 bank17       00000
__Hbank18                                 bank18       00000
__Hbank19                                 bank19       00000
__Hbank2                                  bank2        00000
__Hbank20                                 bank20       00000
__Hbank21                                 bank21       00000
__Hbank22                                 bank22       00000
__Hbank23                                 bank23       00000
__Hbank24                                 bank24       00000
__Hbank25                                 bank25       00000
__Hbank26                                 bank26       00000
__Hbank27                                 bank27       00000
__Hbank28                                 bank28       00000
__Hbank29                                 bank29       00000
__Hbank3                                  bank3        00000
__Hbank30                                 bank30       00000
__Hbank31                                 bank31       00000
__Hbank4                                  bank4        00000
__Hbank5                                  bank5        00000
__Hbank6                                  bank6        00000
__Hbank7                                  bank7        00000
__Hbank8                                  bank8        00000
__Hbank9                                  bank9        00000
__Hbigram                                 bigram       00000
__HbitbssBANK1                            bitbssBANK1  00000
__HbitbssCOMMON                           bitbssCOMMON 00000
__HbssBANK1                               bssBANK1     00000
__HbssBANK2                               bssBANK2     00000
__HbssBANK3                               bssBANK3     00000
__Hcinit                                  cinit        0004B
__Hclrtext                                clrtext      00000
__Hcode                                   code         00000
__Hcommon                                 common       00000
__Hconfig                                 config       08009
__HcstackBANK0                            cstackBANK0  00000
__HcstackBANK1                            cstackBANK1  00000
__HcstackCOMMON                           cstackCOMMON 00000
__HdataBANK4                              dataBANK4    00000
__Heeprom_data                            eeprom_data  00000
__Hend_init                               end_init     00021
__Hfunctab                                functab      00000
__HidataBANK4                             idataBANK4   00000
__Hidloc                                  idloc        00000
__Hinit                                   init         0001F
__Hinittext                               inittext     00000
__Hintentry                               intentry     0001F
__Hmaintext                               maintext     00000
__HnvBANK1                                nvBANK1      00000
__Hpowerup                                powerup      00000
__Hram                                    ram          00000
__Hreset_vec                              reset_vec    00002
__Hsfr0                                   sfr0         00000
__Hsfr1                                   sfr1         00000
__Hsfr10                                  sfr10        00000
__Hsfr11                                  sfr11        00000
__Hsfr12                                  sfr12        00000
__Hsfr13                                  sfr13        00000
__Hsfr14                                  sfr14        00000
__Hsfr15                                  sfr15        00000
__Hsfr16                                  sfr16        00000
__Hsfr17                                  sfr17        00000
__Hsfr18                                  sfr18        00000
__Hsfr19                                  sfr19        00000
__Hsfr2                                   sfr2         00000
__Hsfr20                                  sfr20        00000
__Hsfr21                                  sfr21        00000
__Hsfr22                                  sfr22        00000
__Hsfr23                                  sfr23        00000
__Hsfr24                                  sfr24        00000
__Hsfr25                                  sfr25        00000
__Hsfr26                                  sfr26        00000
__Hsfr27                                  sfr27        00000
__Hsfr28                                  sfr28        00000
__Hsfr29                                  sfr29        00000
__Hsfr3                                   sfr3         00000
__Hsfr30                                  sfr30        00000
__Hsfr31                                  sfr31        00000
__Hsfr4                                   sfr4         00000
__Hsfr5                                   sfr5         00000
__Hsfr6                                   sfr6         00000
__Hsfr7                                   sfr7         00000
__Hsfr8                                   sfr8         00000
__Hsfr9                                   sfr9         00000
__Hspace_0                                (abs)        08009
__Hspace_1                                (abs)        00769
__Hspace_2                                (abs)        00000
__Hspace_3                                (abs)        00000
__Hstack                                  stack        00000
__Hstrings                                strings      00000
__Hstringtext                             stringtext   00000
__Htext                                   text         00000
__Labs1                                   abs1         00000
__Lbank0                                  bank0        00000
__Lbank1                                  bank1        00000
__Lbank10                                 bank10       00000
__Lbank11                                 bank11       00000
__Lbank12                                 bank12       00000
__Lbank13                                 bank13       00000
__Lbank14                                 bank14       00000
__Lbank15                                 bank15       00000
__Lbank16                                 bank16       00000
__Lbank17                                 bank17       00000
__Lbank18                                 bank18       00000
__Lbank19                                 bank19       00000
__Lbank2                                  bank2        00000
__Lbank20                                 bank20       00000
__Lbank21                                 bank21       00000
__Lbank22                                 bank22       00000
__Lbank23                                 bank23       00000
__Lbank24                                 bank24       00000
__Lbank25                                 bank25       00000
__Lbank26                                 bank26       00000
__Lbank27                                 bank27       00000
__Lbank28                                 bank28       00000
__Lbank29                                 bank29       00000
__Lbank3                                  bank3        00000
__Lbank30                                 bank30       00000
__Lbank31                                 bank31       00000
__Lbank4                                  bank4        00000
__Lbank5                                  bank5        00000
__Lbank6                                  bank6        00000
__Lbank7                                  bank7        00000
__Lbank8                                  bank8        00000
__Lbank9                                  bank9        00000
__Lbigram                                 bigram       00000
__LbitbssBANK1                            bitbssBANK1  00000
__LbitbssCOMMON                           bitbssCOMMON 00000
__LbssBANK1                               bssBANK1     00000
__LbssBANK2                               bssBANK2     00000
__LbssBANK3                               bssBANK3     00000
__Lcinit                                  cinit        00021
__Lclrtext                                clrtext      00000
__Lcode                                   code         00000
__Lcommon                                 common       00000
__Lconfig                                 config       08007
__LcstackBANK0                            cstackBANK0  00000
__LcstackBANK1                            cstackBANK1  00000
__LcstackCOMMON                           cstackCOMMON 00000
__LdataBANK4                              dataBANK4    00000
__Leeprom_data                            eeprom_data  00000
__Lend_init                               end_init     0001F
__Lfunctab                                functab      00000
__LidataBANK4                             idataBANK4   00000
__Lidloc                                  idloc        00000
__Linit                                   init         0001F
__Linittext                               inittext     00000
__Lintentry                               intentry     00004
__Lmaintext                               maintext     00000
__LnvBANK1                                nvBANK1      00000
__Lpowerup                                powerup      00000
__Lram                                    ram          00000
__Lreset_vec                              reset_vec    00000
__Lsfr0                                   sfr0         00000
__Lsfr1                                   sfr1         00000
__Lsfr10                                  sfr10        00000
__Lsfr11                                  sfr11        00000
__Lsfr12                                  sfr12        00000
__Lsfr13                                  sfr13        00000
__Lsfr14                                  sfr14        00000
__Lsfr15                                  sfr15        00000
__Lsfr16                                  sfr16        00000
__Lsfr17                                  sfr17        00000
__Lsfr18                                  sfr18        00000
__Lsfr19                                  sfr19        00000
__Lsfr2                                   sfr2         00000
__Lsfr20                                  sfr20        00000
__Lsfr21                                  sfr21        00000
__Lsfr22                                  sfr22        00000
__Lsfr23                                  sfr23        00000
__Lsfr24                                  sfr24        00000
__Lsfr25                                  sfr25        00000
__Lsfr26                                  sfr26        00000
__Lsfr27                                  sfr27        00000
__Lsfr28                                  sfr28        00000
__Lsfr29                                  sfr29        00000
__Lsfr3                                   sfr3         00000
__Lsfr30                                  sfr30        00000
__Lsfr31                                  sfr31        00000
__Lsfr4                                   sfr4         00000
__Lsfr5                                   sfr5         00000
__Lsfr6                                   sfr6         00000
__Lsfr7                                   sfr7         00000
__Lsfr8                                   sfr8         00000
__Lsfr9                                   sfr9         00000
__Lspace_0                                (abs)        00000
__Lspace_1                                (abs)        00000
__Lspace_2                                (abs)        00000
__Lspace_3                                (abs)        00000
__Lstack                                  stack        00000
[...]
      Params:         0       0       0       0       0       0       0       0       0       0       0       0       0       0
      Locals:         0       0       0       0       0       0       0       0       0       0       0       0       0       0
      Temps:          0       0       0       0       0       0       0       0       0       0       0       0       0       0
      Totals:         0       0       0       0       0       0       0       0       0       0       0       0       0       0
Total ram usage:        0 bytes
 Hardware stack levels used:    1
 Hardware stack levels required when called:    5
 This function calls:
		Nothing
 This function is called by:
		_main
 This function uses a non-reentrant model


 *************** function _ISR *****************
 Defined at:
		line 116 in file "../src/MCU_B1.c"
 Parameters:    Size  Location     Type
		None
 Auto vars:     Size  Location     Type
		None
 Return value:  Size  Location     Type
		None               void
 Registers used:
		wreg, fsr1l, fsr1h, status,2, status,0, pclath, cstack
 Tracked objects:
		On entry : 
		On exit  : 
		Unchanged: 
 Data sizes:     COMMON   BANK0   BANK1   BANK2   BANK3   BANK4   BANK5   BANK6   BANK7   BANK8   BANK9  BANK10  BANK11  BANK12
      Params:         0       0       0       0       0       0       0       0       0       0       0       0       0       0
      Locals:         0       0       0       0       0       0       0       0       0       0       0       0       0       0
      Temps:          1       0       0       0       0       0       0       0       0       0       0       0       0       0
      Totals:         1       0       0       0       0       0       0       0       0       0       0       0       0       0
Total ram usage:        1 bytes
 Hardware stack levels used:    1
 Hardware stack levels required when called:    4
 This function calls:
		_IOC_ISR
		_TMR1_ISR
 This function is called by:
		Interrupt level 1
 This function uses a non-reentrant model


 *************** function _TMR1_ISR *****************
 Defined at:
		line 236 in file "../src/MCU_B1.c"
 Parameters:    Size  Location     Type
		None
 Auto vars:     Size  Location     Type
		None
 Return value:  Size  Location     Type
		None               void
 Registers used:
		wreg, fsr1l, fsr1h, status,2, status,0, pclath, cstack
 Tracked objects:
		On entry : 
		On exit  : 
		Unchanged: 
 Data sizes:     COMMON   BANK0   BANK1   BANK2   BANK3   BANK4   BANK5   BANK6   BANK7   BANK8   BANK9  BANK10  BANK11  BANK12
      Params:         0       0       0       0       0       0       0       0       0       0       0       0       0       0
      Locals:         0       0       0       0       0       0       0       0       0       0       0       0       0       0
      Temps:          0       0       0       0       0       0       0       0       0       0       0       0       0       0
      Totals:         0       0       0       0       0       0       0       0       0       0       0       0       0       0
Total ram usage:        0 bytes
 Hardware stack levels used:    1
 Hardware stack levels required when called:    1
 This function calls:
		_DimmerLights_TMR_1
 This function is called by:
		_ISR
 This function uses a non-reentrant model


 *************** function _DimmerLights_TMR_1 *****************
 Defined at:
		line 1387 in file "../src/Dimmer_B1.c"
 Parameters:    Size  Location     Type
		None
 Auto vars:     Size  Location     Type
		None
 Return value:  Size  Location     Type
		None               void
 Registers used:
		wreg, status,2, status,0
 Tracked objects:
		On entry : 
		On exit  : 
		Unchanged: 
 Data sizes:     COMMON   BANK0   BANK1   BANK2   BANK3   BANK4   BANK5   BANK6   BANK7   BANK8   BANK9  BANK10  BANK11  BANK12
      Params:         0       0       0       0       0       0       0       0       0       0       0       0       0       0
      Locals:         0       0       0       0       0       0       0       0       0       0       0       0       0       0
      Temps:          1       0       0       0       0       0       0       0       0       0       0       0       0       0
      Totals:         1       0       0       0       0       0       0       0       0       0       0       0       0       0
Total ram usage:        1 bytes
 Hardware stack levels used:    1
 This function calls:
		Nothing
 This function is called by:
		_TMR1_ISR
 This function uses a non-reentrant model


 *************** function _IOC_ISR *****************
 Defined at:
		line 395 in file "../src/MCU_B1.c"
 Parameters:    Size  Location     Type
		None
 Auto vars:     Size  Location     Type
		None
 Return value:  Size  Location     Type
		None               void
 Registers used:
		wreg, status,2, status,0, pclath, cstack
 Tracked objects:
		On entry : 
		On exit  : 
		Unchanged: 
 Data sizes:     COMMON   BANK0   BANK1   BANK2   BANK3   BANK4   BANK5   BANK6   BANK7   BANK8   BANK9  BANK10  BANK11  BANK12
      Params:         0       0       0       0       0       0       0       0       0       0       0       0       0       0
      Locals:         0       0       0       0       0       0       0       0       0       0       0       0       0       0
      Temps:          0       0       0       0       0       0       0       0       0       0       0       0       0       0
      Totals:         0       0       0       0       0       0       0       0       0       0       0       0       0       0
Total ram usage:        0 bytes
 Hardware stack levels used:    1
 Hardware stack levels required when called:    3
 This function calls:
		_DimmerLights_IOC_1
 This function is called by:
		_ISR
 This function uses a non-reentrant model


 *************** function _DimmerLights_IOC_1 *****************
 Defined at:
		line 1479 in file "../src/Dimmer_B1.c"
 Parameters:    Size  Location     Type
		None
 Auto vars:     Size  Location     Type
		None
 Return value:  Size  Location     Type
		None               void
 Registers used:
		wreg, status,2, status,0, pclath, cstack
 Tracked objects:
		On entry : 
		On exit  : 
		Unchanged: 
 Data sizes:     COMMON   BANK0   BANK1   BANK2   BANK3   BANK4   BANK5   BANK6   BANK7   BANK8   BANK9  BANK10  BANK11  BANK12
      Params:         0       0       0       0       0       0       0       0       0       0       0       0       0       0
      Locals:         0       0       0       0       0       0       0       0       0       0       0       0       0       0
      Temps:          2       0       0       0       0       0       0       0       0       0       0       0       0       0
      Totals:         2       0       0       0       0       0       0       0       0       0       0       0       0       0
Total ram usage:        2 bytes
 Hardware stack levels used:    1
 Hardware stack levels required when called:    2
 This function calls:
		i1_Division
 This function is called by:
		_IOC_ISR
 This function uses a non-reentrant model


 *************** function i1_Division *****************
 Defined at:
		line 1382 in file "../src/Dimmer_B1.c"
 Parameters:    Size  Location     Type
  value           1    wreg     unsigned char 
  num             1    5[COMMON] unsigned char 
 Auto vars:     Size  Location     Type
  value           1    8[COMMON] unsigned char 
  Division        1    9[COMMON] unsigned char 
 Return value:  Size  Location     Type
                  1    wreg      unsigned char 
 Registers used:
		wreg, status,2, status,0, pclath, cstack
 Tracked objects:
		On entry : 
		On exit  : 
		Unchanged: 
 Data sizes:     COMMON   BANK0   BANK1   BANK2   BANK3   BANK4   BANK5   BANK6   BANK7   BANK8   BANK9  BANK10  BANK11  BANK12
      Params:         1       0       0       0       0       0       0       0       0       0       0       0       0       0
      Locals:         2       0       0       0       0       0       0       0       0       0       0       0       0       0
      Temps:          2       0       0       0       0       0       0       0       0       0       0       0       0       0
      Totals:         5       0       0       0       0       0       0       0       0       0       0       0       0       0
Total ram usage:        5 bytes
 Hardware stack levels used:    1
 Hardware stack levels required when called:    1
 This function calls:
		i1___lbdiv
 This function is called by:
		_DimmerLights_IOC_1
 This function uses a non-reentrant model


 *************** function i1___lbdiv *****************
 Defined at:
		line 4 in file "C:\Program Files (x86)\Microchip\xc8\v1.32\sources\common\lbdiv.c"
 Parameters:    Size  Location     Type
  dividend        1    wreg     unsigned char 
  divisor         1    0[COMMON] unsigned char 
 Auto vars:     Size  Location     Type
  dividend        1    2[COMMON] unsigned char 
  __lbdiv         1    4[COMMON] unsigned char 
  __lbdiv         1    3[COMMON] unsigned char 
 Return value:  Size  Location     Type
                  1    wreg      unsigned char 
 Registers used:
		wreg, status,2, status,0
 Tracked objects:
		On entry : 
		On exit  : 
		Unchanged: 
 Data sizes:     COMMON   BANK0   BANK1   BANK2   BANK3   BANK4   BANK5   BANK6   BANK7   BANK8   BANK9  BANK10  BANK11  BANK12
      Params:         1       0       0       0       0       0       0       0       0       0       0       0       0       0
      Locals:         3       0       0       0       0       0       0       0       0       0       0       0       0       0
      Temps:          1       0       0       0       0       0       0       0       0       0       0       0       0       0
      Totals:         5       0       0       0       0       0       0       0       0       0       0       0       0       0
Total ram usage:        5 bytes
 Hardware stack levels used:    1
 This function calls:
		Nothing
 This function is called by:
		i1_Division
 This function uses a non-reentrant model



MODULE INFORMATION

Module		Function		Class		Link	Load	Size
C:\Program Files (x86)\Microchip\xc8\v1.32\sources\common\float.c
		___ftpack      		CODE           	160C	0000	97

C:\Program Files (x86)\Microchip\xc8\v1.32\sources\common\float.c estimated size: 97

../src/OverLoad_B1.c
		_getLoad_AD    		CODE           	0A21	0000	114
		_getLoad_OK    		CODE           	1ABA	0000	8
		_Load_Initializ		CODE           	1A57	0000	3
		_Load_Main     		CODE           	004B	0000	434
		_setLoad_AH_AL_		CODE           	1E9F	0000	28

../src/OverLoad_B1.c estimated size: 587

C:\Program Files (x86)\Microchip\xc8\v1.32\sources\common\awtoft.c
		___awtoft      		CODE           	1F96	0000	34

C:\Program Files (x86)\Microchip\xc8\v1.32\sources\common\awtoft.c estimated size: 34

../src/MCU_B1.c
		_Fosc_Set      		CODE           	1A76	0000	4
		_IO_Set        		CODE           	1E34	0000	26
		_WDT_Set       		CODE           	1B10	0000	11
		_WDT_Main      		CODE           	1CB3	0000	18
		_ADC_Set       		CODE           	1AAC	0000	7
		_IOC_ISR       		CODE           	1ACA	0000	9
		_ISR           		CODE           	0004	0000	27
		_Flash_Memory_W		CODE           	10FF	0000	47
		_Flash_Memory_M		CODE           	0B8C	0000	134
		_IOC_Set       		CODE           	1B05	0000	11
		_WDT_Clearing  		CODE           	0002	0000	2
		_setMemory_Modi		CODE           	1CC5	0000	19
		_Mcu_Initializa		CODE           	1CA1	0000	18
		_setMemory_Data		CODE           	1B6E	0000	12
		_Flash_Memory_I		CODE           	0621	0000	202
		_getAD         		CODE           	1F34	0000	32
		_TMR1_Set      		CODE           	1B86	0000	12
		_setMemory_Loop		CODE           	1CFE	0000	19
		_Flash_Memory_U		CODE           	1ADC	0000	9
		_Flash_Memory_R		CODE           	1E1A	0000	26
		_Flash_Memory_E		CODE           	1B7A	0000	12
		_TMR1_ISR      		CODE           	1EF6	0000	31
		_Flash_Memory_M		CODE           	138B	0000	65

../src/MCU_B1.c estimated size: 753

C:\Program Files (x86)\Microchip\xc8\v1.32\sources\common\ftmul.c
		___ftmul       		CODE           	0DCE	0000	180

C:\Program Files (x86)\Microchip\xc8\v1.32\sources\common\ftmul.c estimated size: 180

../src/Buzzer_B1.c
		_Buzzer_Main   		CODE           	07AE	0000	74
		_setBuz        		CODE           	14FB	0000	89
		_getBuz_GO     		CODE           	1C38	0000	17
		_Buzzer_Initial		CODE           	1A54	0000	3

../src/Buzzer_B1.c estimated size: 183

../src/LED_B1.c
		_setLED        		CODE           	12D5	0000	57
		_LED_Main      		CODE           	1A72	0000	4
		_setLED_Initial		CODE           	1C8F	0000	18
		_LedPointSelect		CODE           	1B62	0000	12
		_setLED_Main   		CODE           	122F	0000	54
		_LED_Initializa		CODE           	1A6E	0000	4

../src/LED_B1.c estimated size: 149

../src/OverTemperature_B1.c
		_Temp_Initializ		CODE           	1A60	0000	3
		_Temp_Main     		CODE           	1A63	0000	3
		_setTemp_Initia		CODE           	1A53	0000	1
		_getTemp_AD    		CODE           	112E	0000	49
		_setTemp_Main  		CODE           	06EB	0000	195

../src/OverTemperature_B1.c estimated size: 251

../src/CC2500_B1.c
		_DelayTime_1us 		CODE           	1087	0000	38
		_CC2500_Frequen		CODE           	1B92	0000	12
		_CC2500_SIDLEMo		CODE           	1A86	0000	4
		_CC2500_PowerOn		CODE           	1D4D	0000	21
		_CC2500_WriteBy		CODE           	1E01	0000	25
		_CC2500_RxData 		CODE           	086B	0000	107
		_CC2500_TxData 		CODE           	08D6	0000	108
		_CC2500_ClearRX		CODE           	1A7E	0000	4
		_CC2500_ClearTX		CODE           	1A82	0000	4
		_CC2500_InitPAT		CODE           	1F15	0000	31
		_CC2500_WriteRE		CODE           	1FB8	0000	35
		_CC2500_ReadSta		CODE           	1FDB	0000	37
		_CC2500_PowerRS		CODE           	140D	0000	68
		_CC2500_ReadByt		CODE           	1EBB	0000	29
		_CC2500_InitSet		CODE           	10D5	0000	42
		_CC2500_WriteCo		CODE           	1E4E	0000	26

../src/CC2500_B1.c estimated size: 591

C:\Program Files (x86)\Microchip\xc8\v1.32\sources\common\fttol.c
		___fttol       		CODE           	0C12	0000	135

C:\Program Files (x86)\Microchip\xc8\v1.32\sources\common\fttol.c estimated size: 135

C:\Program Files (x86)\Microchip\xc8\v1.32\sources\common\lwdiv.c
		___lwdiv       		CODE           	1265	0000	55

C:\Program Files (x86)\Microchip\xc8\v1.32\sources\common\lwdiv.c estimated size: 55

../src/RF_Control_B1.c
		_RF_Initializat		CODE           	1A5A	0000	3
		_setRF_AdjContr		CODE           	1192	0000	52
		_getRxData     		CODE           	166D	0000	100
		_setRF_Main    		CODE           	0477	0000	213
		_getRF_KeyStatu		CODE           	1C49	0000	17
		_setRF_Initiali		CODE           	1B1B	0000	11
		_setTxData     		CODE           	0E82	0000	187
		_setRF_TimeoutC		CODE           	1A7A	0000	4
		_RF_Timeout_Cou		CODE           	1D38	0000	21
		_setRFSW_Contro		CODE           	134B	0000	64
		_setRF_Learn   		CODE           	1D24	0000	20
		_setRF_Transcei		CODE           	1CD8	0000	19
		_RF_Main       		CODE           	1A5D	0000	3
		_setRFSW_AdjCon		CODE           	0B0C	0000	128
		_setRF_DimmerLi		CODE           	179B	0000	101
		_setControl_Lig		CODE           	0A93	0000	121
		_setLog_Code   		CODE           	11C6	0000	52
		_RF_RxDisable  		CODE           	1BD5	0000	15

../src/RF_Control_B1.c estimated size: 1131

C:\Program Files (x86)\Microchip\xc8\v1.32\sources\common\awdiv.c
		___awdiv       		CODE           	1451	0000	84

C:\Program Files (x86)\Microchip\xc8\v1.32\sources\common\awdiv.c estimated size: 84

../src/Main_B1.c
		_Exception_Main		CODE           	054C	0000	213
		_my_MainTimer  		CODE           	13CC	0000	65
		_setProductData		CODE           	1B3E	0000	12
		_main          		CODE           	1554	0000	91
		_Timeout_Counte		CODE           	1D62	0000	21
		_myMain_Initial		CODE           	1D11	0000	19
		_getMain_All_Er		CODE           	115F	0000	51
		_set_TimeoutCle		CODE           	1A8E	0000	5
		_getCmd_Status 		CODE           	1C6B	0000	18
		_getMain_Lights		CODE           	1AFA	0000	11
		_getMain_All_Li		CODE           	1AE5	0000	10
		_setCmd_Status 		CODE           	1DE8	0000	25

../src/Main_B1.c estimated size: 541

C:\Program Files (x86)\Microchip\xc8\v1.32\sources\common\ftadd.c
		___ftadd       		CODE           	0381	0000	246

C:\Program Files (x86)\Microchip\xc8\v1.32\sources\common\ftadd.c estimated size: 246

C:\Program Files (x86)\Microchip\xc8\v1.32\sources\common\Umul16.c
		___wmul        		CODE           	1ED8	0000	30

C:\Program Files (x86)\Microchip\xc8\v1.32\sources\common\Umul16.c estimated size: 30

C:\Program Files (x86)\Microchip\xc8\v1.32\sources\common\Umul8.c
		___bmul        		CODE           	1C7D	0000	18

C:\Program Files (x86)\Microchip\xc8\v1.32\sources\common\Umul8.c estimated size: 18

shared
		i1___lbdiv     		CODE           	1066	0000	33
		_CC2500_patable		STRCODE        	105E	0000	8
		i1_Division    		CODE           	1BAA	0000	13
		_CC2500_rfSetti		STRCODE        	102F	0000	47
		__initializatio		CODE           	0021	0000	38
		_CC2500_registe		STRCODE        	1000	0000	47

shared estimated size: 186

C:\Program Files (x86)\Microchip\xc8\v1.32\sources\common\ftneg.c
		___ftneg       		CODE           	1AD3	0000	9

C:\Program Files (x86)\Microchip\xc8\v1.32\sources\common\ftneg.c estimated size: 9

../src/Switch_B1.c
		_Switch_Main   		CODE           	1AB3	0000	7
		_SwPointSelect 		CODE           	1B9E	0000	12
		_TouchPower    		CODE           	1D77	0000	21
		_setSw_Main    		CODE           	01FD	0000	388
		_getAll_Sw_KeyS		CODE           	1C27	0000	17
		_getSw_KeyStatu		CODE           	1C5A	0000	17
		_setSw_Initiali		CODE           	1BE4	0000	16
		_Switch_Initial		CODE           	1A8A	0000	4

../src/Switch_B1.c estimated size: 482

../src/Dimmer_B1.c
		_getDimmerLight		CODE           	1BF4	0000	17
		_DimmerLights_S		CODE           	1B32	0000	12
		_setDimmerLight		CODE           	129C	0000	57
		_setDimmerIntr_		CODE           	1DD0	0000	24
		_DimmerLights_M		CODE           	1E83	0000	28
		_setDimmerLight		CODE           	11FA	0000	53
		_DimmerIntr_Ini		CODE           	15AF	0000	93
		_getDimmerIntr_		CODE           	1BC6	0000	15
		_getAll_DimmerI		CODE           	1CEB	0000	19
		_getDimmerLight		CODE           	1AEF	0000	11
		_setDimmerIntr_		CODE           	1B4A	0000	12
		_setDimmerIntr_		CODE           	1B56	0000	12
		_Division      		CODE           	1BB7	0000	15
		_setDimmerLight		CODE           	1C05	0000	17
		_getDimmerLight		CODE           	1736	0000	101
		_getDimmerLight		CODE           	16D1	0000	101
		_getDimmer_Load		CODE           	1AC2	0000	8
		_setDimmerLight		CODE           	1A52	0000	1
		_setDimmerLight		CODE           	14A5	0000	86
		_setDimmerLight		CODE           	10AD	0000	40
		_setDimmerLight		CODE           	1E68	0000	27
		_DimmerLights_I		CODE           	1AA5	0000	7
		_getDimmer_Load		CODE           	07F8	0000	8
		_setDimmerLight		CODE           	0800	0000	107
		_setDimmerIntr_		CODE           	1DA2	0000	22
		_DimmerLights_I		CODE           	130E	0000	61
		_getDimmerLight		CODE           	1D8C	0000	22
		_setDimmerLight		CODE           	0F3D	0000	195
		_DimmerLights_T		CODE           	09B1	0000	112
		_setDimmerIntr_		CODE           	1DB8	0000	24

../src/Dimmer_B1.c estimated size: 1307

../src/DelayOff_B1.c
		_DelayOff_Initi		CODE           	1A66	0000	4
		_DlyOff_Main   		CODE           	0942	0000	111
		_DelayOff_Main 		CODE           	1A6A	0000	4
		_DelayOffPointS		CODE           	1B26	0000	12
		_getDelayOff_GO		CODE           	1C16	0000	17
		_setDelayOff_GO		CODE           	0C99	0000	140
		_DlyOff_Initial		CODE           	1A93	0000	6

../src/DelayOff_B1.c estimated size: 294

C:\Program Files (x86)\Microchip\xc8\v1.32\sources\common\lbdiv.c
		___lbdiv       		CODE           	1F74	0000	34

C:\Program Files (x86)\Microchip\xc8\v1.32\sources\common\lbdiv.c estimated size: 34

C:\Program Files (x86)\Microchip\xc8\v1.32\sources\pic\ftdiv.c
		___ftdiv       		CODE           	0D25	0000	169

C:\Program Files (x86)\Microchip\xc8\v1.32\sources\pic\ftdiv.c estimated size: 169

