Microchip MPLAB XC8 Compiler V1.32 ()

Linker command line:

--edf=C:\Program Files (x86)\Microchip\xc8\v1.32\dat\en_msgs.txt -cs \
  -h+dist/default/production\1-8-1.Switch_1Key_Dimmer_MOSFET.X.production.sym \
  --cmf=dist/default/production\1-8-1.Switch_1Key_Dimmer_MOSFET.X.production.cmf \
  -z -Q16F1518 -oC:\Users\taianluo\AppData\Local\Temp\s5p4.6 \
  -Mdist/default/production/1-8-1.Switch_1Key_Dimmer_MOSFET.X.production.map \
  -E1 -ver=XC8 -ASTACK=02160h-0231fh -pstack=STACK -ACONST=00h-0FFhx64 \
  -ACODE=00h-07FFhx8 -ASTRCODE=00h-03FFFh -AENTRY=00h-0FFhx64 \
  -ASTRING=00h-0FFhx64 -ACOMMON=070h-07Fh -ABANK0=020h-06Fh \
  -ABANK1=0A0h-0EFh -ABANK2=0120h-016Fh -ABANK3=01A0h-01EFh \
  -ABANK4=0220h-026Fh -ABANK5=02A0h-02EFh -ABANK6=0320h-036Fh \
  -ABANK7=03A0h-03EFh -ABANK8=0420h-046Fh -ABANK9=04A0h-04EFh \
  -ABANK10=0520h-056Fh -ABANK11=05A0h-05EFh -ABANK12=0620h-064Fh \
  -ABIGRAM=02000h-023EFh \
  -ARAM=020h-06Fh,0A0h-0EFh,0120h-016Fh,01A0h-01EFh,0220h-026Fh,02A0h-02EFh,0320h-036Fh,03A0h-03EFh,0420h-046Fh,04A0h-04EFh,0520h-056Fh,05A0h-05EFh,0620h-064Fh \
  -AABS1=020h-07Fh,0A0h-0EFh,0120h-016Fh,01A0h-01EFh,0220h-026Fh,02A0h-02EFh,0320h-036Fh,03A0h-03EFh,0420h-046Fh,04A0h-04EFh,0520h-056Fh,05A0h-05EFh,0620h-064Fh \
  -ASFR0=00h-01Fh -ASFR1=080h-09Fh -ASFR2=0100h-011Fh -ASFR3=0180h-019Fh \
  -ASFR4=0200h-021Fh -ASFR5=0280h-029Fh -ASFR6=0300h-031Fh \
  -ASFR7=0380h-039Fh -ASFR8=0400h-041Fh -ASFR9=0480h-049Fh \
  -ASFR10=0500h-051Fh -ASFR11=0580h-059Fh -ASFR12=0600h-061Fh \
  -ASFR13=0680h-06EFh -ASFR14=0700h-076Fh -ASFR15=0780h-07EFh \
  -ASFR16=0800h-086Fh -ASFR17=0880h-08EFh -ASFR18=0900h-096Fh \
  -ASFR19=0980h-09EFh -ASFR20=0A00h-0A6Fh -ASFR21=0A80h-0AEFh \
  -ASFR22=0B00h-0B6Fh -ASFR23=0B80h-0BEFh -ASFR24=0C00h-0C6Fh \
  -ASFR25=0C80h-0CEFh -ASFR26=0D00h-0D6Fh -ASFR27=0D80h-0DEFh \
  -ASFR28=0E00h-0E6Fh -ASFR29=0E80h-0EEFh -ASFR30=0F00h-0F6Fh \
  -ASFR31=0F80h-0FEFh -preset_vec=00h,intentry=04h,init,end_init \
  -ppowerup=CODE -pcinit=CODE -pfunctab=CODE -ACONFIG=08007h-08008h \
  -pconfig=CONFIG -DCONFIG=2 -AIDLOC=08000h-08003h -pidloc=IDLOC -DIDLOC=2 \
  -DCODE=2 -DSTRCODE=2 -DSTRING=2 -DCONST=2 -DENTRY=2 -k \
  C:\Users\taianluo\AppData\Local\Temp\s5p4.obj \
  dist/default/production\1-8-1.Switch_1Key_Dimmer_MOSFET.X.production.obj 

Object code version is 3.11

Machine type is 16F1518



                Name                               Link     Load   Length Selector   Space Scale
C:\Users\taianluo\AppData\Local\Temp\s5p4.obj
                end_init                             13       13        2        8       0
                reset_vec                             0        0        2        0       0
                config                             8007     8007        2    1000E       0
dist/default/production\1-8-1.Switch_1Key_Dimmer_MOSFET.X.production.obj
                cinit                                15       15       2E        8       0
                intentry                              4        4        F        8       0
                text136                            1BF9     1BF9        B     37F2       0
                text135                            1346     1346       38     268C       0
                text134                            1B73     1B73        4     36E6       0
                text133                            1CB4     1CB4        F     3968       0
                text132                            1BE5     1BE5        A     37CA       0
                text131                             32F      32F      146        8       0
                text130                            1FDC     1FDC       24     3FB8       0
                text128                            1B64     1B64        3     36C8       0
                text127                            1501     1501       4A     2A02       0
                text126                            1DB2     1DB2       14     3B64       0
                text125                            1DDA     1DDA       15     3BB4       0
                text124                            1B97     1B97        5     372E       0
                text123                            1E48     1E48       19     3C90       0
                text122                            1B77     1B77        4     36EE       0
                text121                            1B7B     1B7B        4     36F6       0
                text120                            1075     1075       26     20EA       0
                text119                            1C51     1C51        C     38A2       0
                text118                            1F54     1F54       21     3EA8       0
                text117                            1EB5     1EB5       1F     3D6A       0
                text116                            10C2     10C2       2A     2184       0
                text115                            1475     1475       43     28EA       0
                text114                            1B7F     1B7F        4     36FE       0
                text113                            1DEF     1DEF       15     3BDE       0
                text112                            1C04     1C04        B     3808       0
                text111                            1BA1     1BA1        6     3742       0
                text110                            1B83     1B83        4     3706       0
                text109                            15E8     15E8       54     2BD0       0
                text108                            1694     1694       59     2D28       0
                text107                            1C0F     1C0F        B     381E       0
                text106                            1CD2     1CD2       10     39A4       0
                text105                            1CE2     1CE2       10     39C4       0
                text104                            1D56     1D56       12     3AAC       0
                text103                            10EC     10EC       2A     21D8       0
                text102                             859      859       5D     10B2       0
                text101                            1E97     1E97       1E     3D2E       0
                text100                            1ED4     1ED4       20     3DA8       0
                text99                             14B8     14B8       49     2970       0
                text98                             163C     163C       58     2C78       0
                text97                              8B6      8B6       5D     116C       0
                text96                             1B87     1B87        4     370E       0
                text95                             1B63     1B63        1     36C6       0
                text94                             109B     109B       27     2136       0
                text93                             1C99     1C99        D     3932       0
                text92                             1BBA     1BBA        8     3774       0
                text91                             1116     1116       2B     222C       0
                text90                             11D2     11D2       33     23A4       0
                text89                             1C5D     1C5D        C     38BA       0
                text88                             1C1A     1C1A        B     3834       0
                text87                             126D     126D       36     24DA       0
                text86                              973      973       61     12E6       0
                text85                             1F75     1F75       22     3EEA       0
                text84                              475      475       F6        8       0
                text83                              DF0      DF0       A9     1BE0       0
                text82                             1BCA     1BCA        9     3794       0
                text81                              C50      C50       87     18A0       0
                text80                              A35      A35       65     146A       0
                text79                             1748     1748       5C     2E90       0
                text78                              726      726       BF        8       0
                text77                              CD7      CD7       89     19AE       0
                text76                              AFF      AFF       66     15FE       0
                text75                              800      800       59     1000       0
                text74                             1170     1170       30     22E0       0
                text73                             1E61     1E61       1A     3CC2       0
                text72                              7E5      7E5       1A        8       0
                text71                             1BD3     1BD3        9     37A6       0
                text70                             1141     1141       2F     2282       0
                text69                             1C69     1C69        C     38D2       0
                text68                              64A      64A       DC        8       0
                text67                             1C75     1C75        C     38EA       0
                text66                             154B     154B       4E     2A96       0
                text65                             12A3     12A3       36     2546       0
                text64                             1D12     1D12       11     3A24       0
                text63                             1B8B     1B8B        4     3716       0
                text62                             1205     1205       33     240A       0
                text61                             1B8F     1B8F        4     371E       0
                text60                             1E7B     1E7B       1C     3CF6       0
                text59                             1B9C     1B9C        5     3738       0
                text58                             130F     130F       37     261E       0
                text57                             1BEF     1BEF        A     37DE       0
                text56                             1CF2     1CF2       10     39E4       0
                text55                             1BC2     1BC2        8     3784       0
                text54                             1CA6     1CA6        E     394C       0
                text53                               43       43      17D        8       0
                text52                             1BB3     1BB3        7     3766       0
                text51                             1B93     1B93        4     3726       0
                text50                             1C81     1C81        C     3902       0
                text49                             1E30     1E30       18     3C60       0
                text48                             1C8D     1C8D        C     391A       0
                text47                             1C25     1C25        B     384A       0
                text46                             1D68     1D68       12     3AD0       0
                text45                             1C30     1C30        B     3860       0
                text44                             1B67     1B67        3     36CE       0
                text43                             1E19     1E19       17     3C32       0
                text42                             1F97     1F97       22     3F2E       0
                text41                              B65      B65       6A     16CA       0
                text40                              9D4      9D4       61     13A8       0
                text39                             1CC3     1CC3        F     3986       0
                text38                             1D23     1D23       11     3A46       0
                text37                             1D34     1D34       11     3A68       0
                text36                             1D8C     1D8C       13     3B18       0
                text35                              F4C      F4C       B4     1E98       0
                text34                              A9A      A9A       65     1534       0
                text33                             1FB9     1FB9       23     3F72       0
                text32                             11A0     11A0       32     2340       0
                text31                             1435     1435       40     286A       0
                text30                             13BA     13BA       3D     2774       0
                text29                             1599     1599       4F     2B32       0
                text28                              913      913       60     1226       0
                text27                             1D9F     1D9F       13     3B3E       0
                text26                             12D9     12D9       36     25B2       0
                text25                              D60      D60       90     1AC0       0
                text24                              56B      56B       DF        8       0
                text23                             1B6A     1B6A        3     36D4       0
                text22                             1E04     1E04       15     3C08       0
                text21                             1D02     1D02       10     3A04       0
                text20                             1BDC     1BDC        9     37B8       0
                text19                             1C3B     1C3B        B     3876       0
                text18                             17A4     17A4       5C     2F48       0
                text17                             1C46     1C46        B     388C       0
                text16                             1D45     1D45       11     3A8A       0
                text15                             1238     1238       35     2470       0
                text14                             1DC6     1DC6       14     3B8C       0
                text13                              1C0      1C0      16F        8       0
                text12                             1EF4     1EF4       20     3DE8       0
                text11                              7FF      7FF        1        8       0
                text10                             1B6D     1B6D        3     36DA       0
                text9                               E99      E99       B3     1D32       0
                text8                              1B70     1B70        3     36E0       0
                text7                                 2        2        2        0       0
                text6                              1D7A     1D7A       12     3AF4       0
                text5                              1F14     1F14       20     3E28       0
                text4                               BCF      BCF       81     179E       0
                text3                              13F7     13F7       3E     27EE       0
                text2                              1066     1066        F     20CC       0
                text1                              137E     137E       3C     26FC       0
                maintext                           16ED     16ED       5B     2DDA       0
                cstackBANK0                          20       20       4E       20       1
                cstackCOMMON                         70       70        8       70       1
                cstackBANK1                          E9       E9        7       A0       1
                inittext                           1BA7     1BA7        6     374E       0
                clrtext                            1BAD     1BAD        6     375A       0
                dataBANK4                           220      220       20      220       1
                bssBANK3                            1A0      1A0       46      1A0       1
                bssBANK2                            120      120       4F      120       1
                bssBANK1                             A0       A0       49       A0       1
                bssBANK0                             6F       6F        1       20       1
                bssCOMMON                            78       78        5       70       1
                bitbssCOMMON                        3E8       7D        2       70       1     8
                nvBANK0                              6E       6E        1       20       1
                stringtext                         1000     1000       66       20       0
                idataBANK4                         1F34     1F34       20     3E68       0

TOTAL           Name                               Link     Load   Length     Space
        CLASS   STACK          

        CLASS   CONST          

        CLASS   CODE           
                end_init                             13       13        2         0
                cinit                                15       15       2E         0
                intentry                              4        4        F         0
                reset_vec                             0        0        2         0
                text136                            1BF9     1BF9        B         0
                text135                            1346     1346       38         0
                text134                            1B73     1B73        4         0
                text133                            1CB4     1CB4        F         0
                text132                            1BE5     1BE5        A         0
                text131                             32F      32F      146         0
                text130                            1FDC     1FDC       24         0
                text128                            1B64     1B64        3         0
                text127                            1501     1501       4A         0
                text126                            1DB2     1DB2       14         0
                text125                            1DDA     1DDA       15         0
                text124                            1B97     1B97        5         0
                text123                            1E48     1E48       19         0
                text122                            1B77     1B77        4         0
                text121                            1B7B     1B7B        4         0
                text120                            1075     1075       26         0
                text119                            1C51     1C51        C         0
                text118                            1F54     1F54       21         0
                text117                            1EB5     1EB5       1F         0
                text116                            10C2     10C2       2A         0
                text115                            1475     1475       43         0
                text114                            1B7F     1B7F        4         0
                text113                            1DEF     1DEF       15         0
                text112                            1C04     1C04        B         0
                text111                            1BA1     1BA1        6         0
                text110                            1B83     1B83        4         0
                text109                            15E8     15E8       54         0
                text108                            1694     1694       59         0
                text107                            1C0F     1C0F        B         0
                text106                            1CD2     1CD2       10         0
                text105                            1CE2     1CE2       10         0
                text104                            1D56     1D56       12         0
                text103                            10EC     10EC       2A         0
                text102                             859      859       5D         0
                text101                            1E97     1E97       1E         0
                text100                            1ED4     1ED4       20         0
                text99                             14B8     14B8       49         0
                text98                             163C     163C       58         0
                text97                              8B6      8B6       5D         0
                text96                             1B87     1B87        4         0
                text95                             1B63     1B63        1         0
                text94                             109B     109B       27         0
                text93                             1C99     1C99        D         0
                text92                             1BBA     1BBA        8         0
                text91                             1116     1116       2B         0
                text90                             11D2     11D2       33         0
                text89                             1C5D     1C5D        C         0
                text88                             1C1A     1C1A        B         0
                text87                             126D     126D       36         0
                text86                              973      973       61         0
                text85                             1F75     1F75       22         0
                text84                              475      475       F6         0
                text83                              DF0      DF0       A9         0
                text82                             1BCA     1BCA        9         0
                text81                              C50      C50       87         0
                text80                              A35      A35       65         0
                text79                             1748     1748       5C         0
                text78                              726      726       BF         0
                text77                              CD7      CD7       89         0
                text76                              AFF      AFF       66         0
                text75                              800      800       59         0
                text74                             1170     1170       30         0
                text73                             1E61     1E61       1A         0
                text72                              7E5      7E5       1A         0
                text71                             1BD3     1BD3        9         0
                text70                             1141     1141       2F         0
                text69                             1C69     1C69        C         0
                text68                              64A      64A       DC         0
                text67                             1C75     1C75        C         0
                text66                             154B     154B       4E         0
                text65                             12A3     12A3       36         0
                text64                             1D12     1D12       11         0
                text63                             1B8B     1B8B        4         0
                text62                             1205     1205       33         0
                text61                             1B8F     1B8F        4         0
                text60                             1E7B     1E7B       1C         0
                text59                             1B9C     1B9C        5         0
                text58                             130F     130F       37         0
                text57                             1BEF     1BEF        A         0
                text56                             1CF2     1CF2       10         0
                text55                             1BC2     1BC2        8         0
                text54                             1CA6     1CA6        E         0
                text53                               43       43      17D         0
                text52                             1BB3     1BB3        7         0
                text51                             1B93     1B93        4         0
                text50                             1C81     1C81        C         0
                text49                             1E30     1E30       18         0
                text48                             1C8D     1C8D        C         0
                text47                             1C25     1C25        B         0
                text46                             1D68     1D68       12         0
                text45                             1C30     1C30        B         0
                text44                             1B67     1B67        3         0
                text43                             1E19     1E19       17         0
                text42                             1F97     1F97       22         0
                text41                              B65      B65       6A         0
                text40                              9D4      9D4       61         0
                text39                             1CC3     1CC3        F         0
                text38                             1D23     1D23       11         0
                text37                             1D34     1D34       11         0
                text36                             1D8C     1D8C       13         0
                text35                              F4C      F4C       B4         0
                text34                              A9A      A9A       65         0
                text33                             1FB9     1FB9       23         0
                text32                             11A0     11A0       32         0
                text31                             1435     1435       40         0
                text30                             13BA     13BA       3D         0
                text29                             1599     1599       4F         0
                text28                              913      913       60         0
                text27                             1D9F     1D9F       13         0
                text26                             12D9     12D9       36         0
                text25                              D60      D60       90         0
                text24                              56B      56B       DF         0
                text23                             1B6A     1B6A        3         0
                text22                             1E04     1E04       15         0
                text21                             1D02     1D02       10         0
                text20                             1BDC     1BDC        9         0
                text19                             1C3B     1C3B        B         0
                text18                             17A4     17A4       5C         0
                text17                             1C46     1C46        B         0
                text16                             1D45     1D45       11         0
                text15                             1238     1238       35         0
                text14                             1DC6     1DC6       14         0
                text13                              1C0      1C0      16F         0
                text12                             1EF4     1EF4       20         0
                text11                              7FF      7FF        1         0
                text10                             1B6D     1B6D        3         0
                text9                               E99      E99       B3         0
                text8                              1B70     1B70        3         0
                text7                                 2        2        2         0
                text6                              1D7A     1D7A       12         0
                text5                              1F14     1F14       20         0
                text4                               BCF      BCF       81         0
                text3                              13F7     13F7       3E         0
                text2                              1066     1066        F         0
                text1                              137E     137E       3C         0
                maintext                           16ED     16ED       5B         0
                inittext                           1BA7     1BA7        6         0
                clrtext                            1BAD     1BAD        6         0
                idataBANK4                         1F34     1F34       20         0

        CLASS   STRCODE        
                stringtext                         1000     1000       66         0

        CLASS   ENTRY          

        CLASS   STRING         

        CLASS   COMMON         
                cstackCOMMON                         70       70        8         1
                bssCOMMON                            78       78        5         1
                bitbssCOMMON                        3E8       7D        2         1

        CLASS   BANK0          
                cstackBANK0                          20       20       4E         1
                bssBANK0                             6F       6F        1         1
                nvBANK0                              6E       6E        1         1

        CLASS   BANK1          
                cstackBANK1                          E9       E9        7         1
                bssBANK1                             A0       A0       49         1

        CLASS   BANK2          
                bssBANK2                            120      120       4F         1

        CLASS   BANK3          
                bssBANK3                            1A0      1A0       46         1

        CLASS   BANK4          
                dataBANK4                           220      220       20         1

        CLASS   BANK5          

        CLASS   BANK6          

        CLASS   BANK7          

        CLASS   BANK8          

        CLASS   BANK9          

        CLASS   BANK10         

        CLASS   BANK11         

        CLASS   BANK12         

        CLASS   BIGRAM         

        CLASS   RAM            

        CLASS   ABS1           
                abs_s1                               7E       7E        2         1

        CLASS   SFR0           

        CLASS   SFR1           

        CLASS   SFR2           

        CLASS   SFR3           

        CLASS   SFR4           

        CLASS   SFR5           

        CLASS   SFR6           

        CLASS   SFR7           

        CLASS   SFR8           

        CLASS   SFR9           

        CLASS   SFR10          

        CLASS   SFR11          

        CLASS   SFR12          

        CLASS   SFR13          

        CLASS   SFR14          

        CLASS   SFR15          

        CLASS   SFR16          

        CLASS   SFR17          

        CLASS   SFR18          

        CLASS   SFR19          

        CLASS   SFR20          

        CLASS   SFR21          

        CLASS   SFR22          

        CLASS   SFR23          

        CLASS   SFR24          

        CLASS   SFR25          

        CLASS   SFR26          

        CLASS   SFR27          

        CLASS   SFR28          

        CLASS   SFR29          

        CLASS   SFR30          

        CLASS   SFR31          

        CLASS   CONFIG         
                config                             8007     8007        2         0

        CLASS   IDLOC          

        CLASS   BANK31         

        CLASS   BANK30         

        CLASS   BANK29         

        CLASS   BANK28         

        CLASS   BANK27         

        CLASS   BANK26         

        CLASS   BANK25         

        CLASS   BANK24         

        CLASS   BANK23         

        CLASS   BANK22         

        CLASS   BANK21         

        CLASS   BANK20         

        CLASS   BANK19         

        CLASS   BANK18         

        CLASS   BANK17         

        CLASS   BANK16         

        CLASS   BANK15         

        CLASS   BANK14         

        CLASS   BANK13         

        CLASS   EEDATA         



SEGMENTS        Name                           Load    Length   Top    Selector   Space  Class     Delta

                reset_vec                      000000  000004  000004         0       0  CODE        2
                intentry                       000004  0007FC  000800         8       0  CODE        2
                cstackBANK0                    000020  000050  000070        20       1  BANK0       1
                cstackCOMMON                   000070  00000E  00007E        70       1  COMMON      1
                bssBANK1                       0000A0  000050  0000F0        A0       1  BANK1       1
                bssBANK2                       000120  00004F  00016F       120       1  BANK2       1
                bssBANK3                       0001A0  000046  0001E6       1A0       1  BANK3       1
                dataBANK4                      000220  000020  000240       220       1  BANK4       1
                text75                         000800  000059  000859      1000       0  CODE        2
                text102                        000859  00005D  0008B6      10B2       0  CODE        2
                text97                         0008B6  00005D  000913      116C       0  CODE        2
                text28                         000913  000060  000973      1226       0  CODE        2
                text86                         000973  000061  0009D4      12E6       0  CODE        2
                text40                         0009D4  000061  000A35      13A8       0  CODE        2
                text80                         000A35  000065  000A9A      146A       0  CODE        2
                text34                         000A9A  000065  000AFF      1534       0  CODE        2
                text76                         000AFF  000066  000B65      15FE       0  CODE        2
                text41                         000B65  00006A  000BCF      16CA       0  CODE        2
                text4                          000BCF  000081  000C50      179E       0  CODE        2
                text81                         000C50  000087  000CD7      18A0       0  CODE        2
                text77                         000CD7  000089  000D60      19AE       0  CODE        2
                text25                         000D60  000090  000DF0      1AC0       0  CODE        2
                text83                         000DF0  0000A9  000E99      1BE0       0  CODE        2
                text9                          000E99  0000B3  000F4C      1D32       0  CODE        2
                text35                         000F4C  0000B4  001000      1E98       0  CODE        2
                stringtext                     001000  000066  001066        20       0  STRCODE     2
                text2                          001066  00000F  001075      20CC       0  CODE        2
                text120                        001075  000026  00109B      20EA       0  CODE        2
                text94                         00109B  000027  0010C2      2136       0  CODE        2
                text116                        0010C2  00002A  0010EC      2184       0  CODE        2
                text103                        0010EC  00002A  001116      21D8       0  CODE        2
                text91                         001116  00002B  001141      222C       0  CODE        2
                text70                         001141  00002F  001170      2282       0  CODE        2
                text74                         001170  000030  0011A0      22E0       0  CODE        2
                text32                         0011A0  000032  0011D2      2340       0  CODE        2
                text90                         0011D2  000033  001205      23A4       0  CODE        2
                text62                         001205  000033  001238      240A       0  CODE        2
                text15                         001238  000035  00126D      2470       0  CODE        2
                text87                         00126D  000036  0012A3      24DA       0  CODE        2
                text65                         0012A3  000036  0012D9      2546       0  CODE        2
                text26                         0012D9  000036  00130F      25B2       0  CODE        2
                text58                         00130F  000037  001346      261E       0  CODE        2
                text135                        001346  000038  00137E      268C       0  CODE        2
                text1                          00137E  00003C  0013BA      26FC       0  CODE        2
                text30                         0013BA  00003D  0013F7      2774       0  CODE        2
                text3                          0013F7  00003E  001435      27EE       0  CODE        2
                text31                         001435  000040  001475      286A       0  CODE        2
                text115                        001475  000043  0014B8      28EA       0  CODE        2
                text99                         0014B8  000049  001501      2970       0  CODE        2
                text127                        001501  00004A  00154B      2A02       0  CODE        2
                text66                         00154B  00004E  001599      2A96       0  CODE        2
                text29                         001599  00004F  0015E8      2B32       0  CODE        2
                text109                        0015E8  000054  00163C      2BD0       0  CODE        2
                text98                         00163C  000058  001694      2C78       0  CODE        2
                text108                        001694  000059  0016ED      2D28       0  CODE        2
                maintext                       0016ED  00005B  001748      2DDA       0  CODE        2
                text79                         001748  00005C  0017A4      2E90       0  CODE        2
                text18                         0017A4  00005C  001800      2F48       0  CODE        2
                text95                         001B63  000001  001B64      36C6       0  CODE        2
                text128                        001B64  000003  001B67      36C8       0  CODE        2
                text44                         001B67  000003  001B6A      36CE       0  CODE        2
                text23                         001B6A  000003  001B6D      36D4       0  CODE        2
                text10                         001B6D  000003  001B70      36DA       0  CODE        2
                text8                          001B70  000003  001B73      36E0       0  CODE        2
                text134                        001B73  000004  001B77      36E6       0  CODE        2
                text122                        001B77  000004  001B7B      36EE       0  CODE        2
                text121                        001B7B  000004  001B7F      36F6       0  CODE        2
                text114                        001B7F  000004  001B83      36FE       0  CODE        2
                text110                        001B83  000004  001B87      3706       0  CODE        2
                text96                         001B87  000004  001B8B      370E       0  CODE        2
                text63                         001B8B  000004  001B8F      3716       0  CODE        2
                text61                         001B8F  000004  001B93      371E       0  CODE        2
                text51                         001B93  000004  001B97      3726       0  CODE        2
                text124                        001B97  000005  001B9C      372E       0  CODE        2
                text59                         001B9C  000005  001BA1      3738       0  CODE        2
                text111                        001BA1  000006  001BA7      3742       0  CODE        2
                inittext                       001BA7  000006  001BAD      374E       0  CODE        2
                clrtext                        001BAD  000006  001BB3      375A       0  CODE        2
                text52                         001BB3  000007  001BBA      3766       0  CODE        2
                text92                         001BBA  000008  001BC2      3774       0  CODE        2
                text55                         001BC2  000008  001BCA      3784       0  CODE        2
                text82                         001BCA  000009  001BD3      3794       0  CODE        2
                text71                         001BD3  000009  001BDC      37A6       0  CODE        2
                text20                         001BDC  000009  001BE5      37B8       0  CODE        2
                text132                        001BE5  00000A  001BEF      37CA       0  CODE        2
                text57                         001BEF  00000A  001BF9      37DE       0  CODE        2
                text136                        001BF9  00000B  001C04      37F2       0  CODE        2
                text112                        001C04  00000B  001C0F      3808       0  CODE        2
                text107                        001C0F  00000B  001C1A      381E       0  CODE        2
                text88                         001C1A  00000B  001C25      3834       0  CODE        2
                text47                         001C25  00000B  001C30      384A       0  CODE        2
                text45                         001C30  00000B  001C3B      3860       0  CODE        2
                text19                         001C3B  00000B  001C46      3876       0  CODE        2
                text17                         001C46  00000B  001C51      388C       0  CODE        2
                text119                        001C51  00000C  001C5D      38A2       0  CODE        2
                text89                         001C5D  00000C  001C69      38BA       0  CODE        2
                text69                         001C69  00000C  001C75      38D2       0  CODE        2
                text67                         001C75  00000C  001C81      38EA       0  CODE        2
                text50                         001C81  00000C  001C8D      3902       0  CODE        2
                text48                         001C8D  00000C  001C99      391A       0  CODE        2
                text93                         001C99  00000D  001CA6      3932       0  CODE        2
                text54                         001CA6  00000E  001CB4      394C       0  CODE        2
                text133                        001CB4  00000F  001CC3      3968       0  CODE        2
                text39                         001CC3  00000F  001CD2      3986       0  CODE        2
                text106                        001CD2  000010  001CE2      39A4       0  CODE        2
                text105                        001CE2  000010  001CF2      39C4       0  CODE        2
                text56                         001CF2  000010  001D02      39E4       0  CODE        2
                text21                         001D02  000010  001D12      3A04       0  CODE        2
                text64                         001D12  000011  001D23      3A24       0  CODE        2
                text38                         001D23  000011  001D34      3A46       0  CODE        2
                text37                         001D34  000011  001D45      3A68       0  CODE        2
                text16                         001D45  000011  001D56      3A8A       0  CODE        2
                text104                        001D56  000012  001D68      3AAC       0  CODE        2
                text46                         001D68  000012  001D7A      3AD0       0  CODE        2
                text6                          001D7A  000012  001D8C      3AF4       0  CODE        2
                text36                         001D8C  000013  001D9F      3B18       0  CODE        2
                text27                         001D9F  000013  001DB2      3B3E       0  CODE        2
                text126                        001DB2  000014  001DC6      3B64       0  CODE        2
                text14                         001DC6  000014  001DDA      3B8C       0  CODE        2
                text125                        001DDA  000015  001DEF      3BB4       0  CODE        2
                text113                        001DEF  000015  001E04      3BDE       0  CODE        2
                text22                         001E04  000015  001E19      3C08       0  CODE        2
                text43                         001E19  000017  001E30      3C32       0  CODE        2
                text49                         001E30  000018  001E48      3C60       0  CODE        2
                text123                        001E48  000019  001E61      3C90       0  CODE        2
                text73                         001E61  00001A  001E7B      3CC2       0  CODE        2
                text60                         001E7B  00001C  001E97      3CF6       0  CODE        2
                text101                        001E97  00001E  001EB5      3D2E       0  CODE        2
                text117                        001EB5  00001F  001ED4      3D6A       0  CODE        2
                text100                        001ED4  000020  001EF4      3DA8       0  CODE        2
                text12                         001EF4  000020  001F14      3DE8       0  CODE        2
                text5                          001F14  000020  001F34      3E28       0  CODE        2
                idataBANK4                     001F34  000020  001F54      3E68       0  CODE        2
                text118                        001F54  000021  001F75      3EA8       0  CODE        2
                text85                         001F75  000022  001F97      3EEA       0  CODE        2
                text42                         001F97  000022  001FB9      3F2E       0  CODE        2
                text33                         001FB9  000023  001FDC      3F72       0  CODE        2
                text130                        001FDC  000024  002000      3FB8       0  CODE        2
                config                         008007  000002  008009     1000E       0  CONFIG      2


UNUSED ADDRESS RANGES

        Name                Unused          Largest block    Delta
        BANK10           00520-0056F              50           1
        BANK11           005A0-005EF              50           1
        BANK12           00620-0064F              30           1
        BANK2            0016F-0016F               1           1
        BANK3            001E6-001EF               A           1
        BANK4            00240-0026F              30           1
        BANK5            002A0-002EF              50           1
        BANK6            00320-0036F              50           1
        BANK7            003A0-003EF              50           1
        BANK8            00420-0046F              50           1
        BANK9            004A0-004EF              50           1
        BIGRAM           02000-023EF             3F0           1
        CODE             01800-01B62             363           2
                         02000-03FFF             800
        CONST            01800-01B62             100           2
                         02000-03FFF             100
        ENTRY            01800-01B62             100           2
                         02000-03FFF             100
        IDLOC            08000-08003               4           2
        RAM              0016F-0016F               1           1
                         001E6-001EF               A
                         00240-0026F              30
                         002A0-002EF              50
                         00320-0036F              50
                         003A0-003EF              50
                         00420-0046F              50
                         004A0-004EF              50
                         00520-0056F              50
                         005A0-005EF              50
                         00620-0064F              30
        SFR0             00000-0001F              20           1
        SFR1             00080-0009F              20           1
        SFR10            00500-0051F              20           1
        SFR11            00580-0059F              20           1
        SFR12            00600-0061F              20           1
        SFR13            00680-006EF              70           1
        SFR14            00700-0076F              70           1
        SFR15            00780-007EF              70           1
        SFR16            00800-0086F              70           1
        SFR17            00880-008EF              70           1
        SFR18            00900-0096F              70           1
        SFR19            00980-009EF              70           1
        SFR2             00100-0011F              20           1
        SFR20            00A00-00A6F              70           1
        SFR21            00A80-00AEF              70           1
        SFR22            00B00-00B6F              70           1
        SFR23            00B80-00BEF              70           1
        SFR24            00C00-00C6F              70           1
        SFR25            00C80-00CEF              70           1
        SFR26            00D00-00D6F              70           1
        SFR27            00D80-00DEF              70           1
        SFR28            00E00-00E6F              70           1
        SFR29            00E80-00EEF              70           1
        SFR3             00180-0019F              20           1
        SFR30            00F00-00F6F              70           1
        SFR31            00F80-00FEF              70           1
        SFR4             00200-0021F              20           1
        SFR5             00280-0029F              20           1
        SFR6             00300-0031F              20           1
        SFR7             00380-0039F              20           1
        SFR8             00400-0041F              20           1
        SFR9             00480-0049F              20           1
        STACK            02160-0231F             1C0           1
        STRCODE          01800-01B62             363           2
                         02000-03FFF            2000
        STRING           01800-01B62             100           2
                         02000-03FFF             100

                                  Symbol Table

?___awdiv                                cstackBANK0  00020
?___awtoft                               cstackBANK0  00028
?___ftadd                                cstackBANK0  00041
?___ftdiv                                cstackBANK0  0002E
?___ftmul                                cstackBANK0  0002E
?___ftneg                                cstackBANK0  0003E
?___ftpack                               cstackBANK0  00020
?___fttol                                cstackBANK0  0004E
?___lwdiv                                cstackBANK0  00020
?_getAD                                  cstackBANK0  00020
?_getBuz_GO                              cstackBANK0  00020
CC2500_InitPATable@loop_d                cstackBANK0  00027
CC2500_InitPATable@temp                  cstackBANK0  00026
CC2500_InitSetREG@loop_c                 cstackBANK0  00028
CC2500_InitSetREG@temp1                  cstackBANK0  00026
CC2500_InitSetREG@temp2                  cstackBANK0  00027
CC2500_ReadByte@loop_b                   cstackBANK0  00021
CC2500_ReadStatus@status_addr            cstackBANK0  00023
CC2500_RxData@loop_f                     cstackBANK0  00025
CC2500_TxData@loop_e                     cstackBANK0  00025
CC2500_WriteByte@loop_a                  cstackBANK0  00021
CC2500_WriteCommand@command              cstackBANK0  00023
CC2500_WriteREG@value                    cstackBANK0  00022
CC2500_WriteREG@w_addr                   cstackBANK0  00024
DelayOffPointSelect@sw                   cstackBANK0  00021
DelayTime_1us@count                      cstackBANK0  00020
DelayTime_1us@i                          cstackBANK0  00022
DelayTime_1us@j                          cstackBANK0  00024
DelayTimejudge@i                         cstackBANK0  00026
DelayTimejudge@j                         cstackBANK0  00027
DelayTimejudge@k                         cstackBANK0  00028
DelayTimejudge@value                     cstackBANK0  00029
DimmerIntrIOCPointSelect@lights          cstackCOMMON 00071
DimmerIntrPointSelect@lights             cstackCOMMON 00071
DimmerLightsPointSelect@lights           cstackBANK0  00021
DlyOff_Initialization@sw                 cstackBANK0  00022
DlyOff_Main@sw                           cstackBANK0  00038
Exception_Main@error                     cstackBANK0  00028
Flash_Memory_Initialization@i            cstackBANK0  00063
Flash_Memory_Modify@i                    cstackBANK0  00025
Flash_Memory_Read@address                cstackBANK0  00022
Flash_Memory_Read@i                      cstackBANK0  00021
Flash_Memory_Read@ret                    cstackBANK0  00023
Flash_Memory_Write@i                     cstackBANK0  00021
LedPointSelect@led                       cstackBANK0  00021
Load_Main@adjgo                          cstackBANK0  0002C
Load_Main@error                          cstackBANK0  0002E
Load_Main@i                              cstackBANK0  0002F
Load_Main@j                              cstackBANK0  0002B
SwPointSelect@sw                         cstackBANK0  00021
Switch_Main@error                        cstackBANK0  0003E
_ADCON0                                  (abs)        0009D
_ADCON1                                  (abs)        0009E
_ADC_Set                                 text52       01BB3
_ADRESH                                  (abs)        0009C
_ADRESL                                  (abs)        0009B
_ANSELA                                  (abs)        0018C
_ANSELB                                  (abs)        0018D
_ANSELC                                  (abs)        0018E
_Buz1                                    bssBANK1     000AE
_Buzzer_Initialization                   text128      01B64
_Buzzer_Main                             text127      01501
_CC2500_ClearRXFIFO                      text122      01B77
_CC2500_ClearTXFIFO                      text121      01B7B
_CC2500_FrequencyCabr                    text119      01C51
_CC2500_InitPATable                      text117      01EB5
_CC2500_InitSetREG                       text116      010C2
_CC2500_PowerOnInitial                   text113      01DEF
_CC2500_PowerRST                         text115      01475
_CC2500_ReadByte                         text43       01E19
_CC2500_ReadStatus                       text42       01F97
_CC2500_RxData                           text41       00B65
_CC2500_SIDLEMode                        text114      01B7F
_CC2500_TxData                           text40       009D4
_CC2500_WriteByte                        text126      01DB2
_CC2500_WriteCommand                     text123      01E48
_CC2500_WriteREG                         text118      01F54
_CC2500_patable_vaule                    stringtext   0105E
_CC2500_registers_address                stringtext   01000
_CC2500_rfSettings                       stringtext   0102F
_CFGS                                    (abs)        00CAE
_CRC                                     bssBANK1     000CD
_DelayOff                                bssCOMMON    00078
_DelayOffPointSelect                     text112      01C04
_DelayOff_Initialization                 text110      01B83
_DelayOff_Main                           text96       01B87
_DelayTime_1us                           text120      01075
_DelayTimejudge                          text103      010EC
_Dimmer                                  bssBANK2     0013E
_DimmerIntrIOCPointSelect                text136      01BF9
_DimmerIntrPointSelect                   text132      01BE5
_DimmerLights                            bssBANK0     0006F
_DimmerLights1                           bssBANK3     001C5
_DimmerLights11                          bssBANK1     000CE
_DimmerLightsIntr                        bssCOMMON    00079
_DimmerLightsIntrIOC                     bssBANK1     000CF
_DimmerLightsPointSelect                 text107      01C0F
_DimmerLights_Initialization             text93       01C99
_DimmerLights_Main                       text74       01170
_DimmerLights_Main$2095                  cstackBANK0  00069
_Dimmer_Initialization                   text95       01B63
_DlyOff_Initialization                   text111      01BA1
_DlyOff_Main                             text97       008B6
_DlySw1                                  bssBANK3     001DD
_Exception_Main                          text73       01E61
_FREE                                    (abs)        00CAC
_FVRCON                                  (abs)        00117
_Flash_Memory_Erasing                    text67       01C75
_Flash_Memory_Initialization             text68       0064A
_Flash_Memory_Main                       text65       012A3
_Flash_Memory_Modify                     text66       0154B
_Flash_Memory_Read                       text72       007E5
_Flash_Memory_Unlock                     text71       01BD3
_Flash_Memory_Write                      text70       01141
_Fosc_Set                                text51       01B93
_GIE                                     (abs)        0005F
_GO_nDONE                                (abs)        004E9
_IOCBF                                   (abs)        00396
_IOCBF2                                  (abs)        01CB2
_IOCBN                                   (abs)        00395
_IOCBP                                   (abs)        00394
_IOCIE                                   (abs)        0005B
_IOCIF                                   (abs)        00058
_IOC_ISR                                 text133      01CB4
_IOC_Set                                 text50       01C81
_IO_Set                                  text49       01E30
_ISR                                     intentry     00004
_LATA                                    (abs)        0010C
_LATB                                    (abs)        0010D
_LATC                                    (abs)        0010E
_LED                                     bssCOMMON    0007A
_LED_Initialization                      text63       01B8B
_LED_Main                                text61       01B8F
_LWLO                                    (abs)        00CAD
_LedPointSelect                          text88       01C1A
_Load                                    bssBANK2     00141
_Load_Initialization                     text59       01B9C
_Load_Main                               text53       00043
_Load_Main$3653                          cstackBANK0  0002D
_Mcu_Initialization                      text46       01D68
_Memory                                  bssBANK3     001A0
_OSCCON                                  (abs)        00099
_PEIE                                    (abs)        0005E
_PMADRH                                  (abs)        00192
_PMADRL                                  (abs)        00191
_PMCON2                                  (abs)        00196
_PMDATH                                  (abs)        00194
_PMDATL                                  (abs)        00193
_PORTA                                   (abs)        0000C
_PORTB                                   (abs)        0000D
_PORTC                                   (abs)        0000E
_RA0                                     (abs)        00060
_RA4                                     (abs)        00064
_RA6                                     (abs)        00066
_RA7                                     (abs)        00067
_RB0                                     (abs)        00068
_RB1                                     (abs)        00069
_RB2                                     (abs)        0006A
_RB3                                     (abs)        0006B
_RB5                                     (abs)        0006D
_RC0                                     (abs)        00070
_RC1                                     (abs)        00071
_RC3                                     (abs)        00073
_RC4                                     (abs)        00074
_RC5                                     (abs)        00075
_RD                                      (abs)        00CA8
_RF1                                     bssBANK1     000BA
_RF_Count                                bssBANK1     000C9
_RF_Data                                 bssBANK2     00120
_RF_Initialization                       text44       01B67
_RF_Main                                 text23       01B6A
_RF_RxDisable                            text39       01CC3
_RSSI                                    bssBANK1     000D0
_Receive_OK                              bitbssCOMMON 003E8
_Rx_Length                               bssBANK1     000D1
_SPI0Buffer                              bssCOMMON    0007B
_Sw                                      bssCOMMON    0007C
_Sw1                                     bssBANK3     001D4
_SwDetect                                bssBANK1     000D2
_SwPointSelect                           text17       01C46
_Switch_Initialization                   text20       01BDC
_Switch_Main                             text12       01EF4
_T1CON                                   (abs)        00018
_TMR1H                                   (abs)        00017
_TMR1IE                                  (abs)        00488
_TMR1IF                                  (abs)        00088
_TMR1L                                   (abs)        00016
_TMR1_ISR                                text130      01FDC
_TMR1_Set                                text48       01C8D
_TRISA                                   (abs)        0008C
_TRISB                                   (abs)        0008D
_TRISC                                   (abs)        0008E
_Temp                                    bssBANK1     000D7
_Temp_Initialization                     text10       01B6D
_Temp_Main                               text8        01B70
_Timeout_Counter                         text125      01DDA
_Timer1                                  bssBANK1     000C6
_TouchPower                              text22       01E04
_Transceive_OK                           bitbssCOMMON 003E9
_Tx_Length                               bssBANK1     000D3
_VarErrLED                               bssBANK3     001E2
_WDT                                     bssBANK1     000CB
_WDTCON                                  (abs)        00097
_WDT_Clearing                            text7        00002
_WDT_Main                                text6        01D7A
_WDT_Set                                 text47       01C25
_WPUB1                                   (abs)        01069
_WPUB2                                   (abs)        0106A
_WR                                      (abs)        00CA9
_WREN                                    (abs)        00CAA
__CFG_BOREN$OFF                          (abs)        00000
__CFG_FOSC$INTOSC                        (abs)        00000
__CFG_VCAPEN$OFF                         (abs)        00000
__CFG_WDTE$ON                            (abs)        00000
__CFG_WRT$HALF                           (abs)        00000
__Habs1                                  abs1         00000
__Hbank0                                 bank0        00000
__Hbank1                                 bank1        00000
__Hbank10                                bank10       00000
__Hbank11                                bank11       00000
__Hbank12                                bank12       00000
__Hbank13                                bank13       00000
__Hbank14                                bank14       00000
__Hbank15                                bank15       00000
__Hbank16                                bank16       00000
__Hbank17                                bank17       00000
__Hbank18                                bank18       00000
__Hbank19                                bank19       00000
__Hbank2                                 bank2        00000
__Hbank20                                bank20       00000
__Hbank21                                bank21       00000
__Hbank22                                bank22       00000
__Hbank23                                bank23       00000
__Hbank24                                bank24       00000
__Hbank25                                bank25       00000
__Hbank26                                bank26       00000
__Hbank27                                bank27       00000
__Hbank28                                bank28       00000
__Hbank29                                bank29       00000
__Hbank3                                 bank3        00000
__Hbank30                                bank30       00000
__Hbank31                                bank31       00000
__Hbank4                                 bank4        00000
__Hbank5                                 bank5        00000
__Hbank6                                 bank6        00000
__Hbank7                                 bank7        00000
__Hbank8                                 bank8        00000
__Hbank9                                 bank9        00000
__Hbigram                                bigram       00000
__HbitbssCOMMON                          bitbssCOMMON 00000
__HbssBANK0                              bssBANK0     00000
__HbssBANK1                              bssBANK1     00000
__HbssBANK2                              bssBANK2     00000
__HbssBANK3                              bssBANK3     00000
__HbssCOMMON                             bssCOMMON    00000
__Hcinit                                 cinit        00043
__Hclrtext                               clrtext      00000
__Hcode                                  code         00000
__Hcommon                                common       00000
__Hconfig                                config       08009
__HcstackBANK0                           cstackBANK0  00000
__HcstackBANK1                           cstackBANK1  00000
__HcstackCOMMON                          cstackCOMMON 00000
__HdataBANK4                             dataBANK4    00000
__Heeprom_data                           eeprom_data  00000
__Hend_init                              end_init     00015
__Hfunctab                               functab      00000
__HidataBANK4                            idataBANK4   00000
__Hidloc                                 idloc        00000
__Hinit                                  init         00013
__Hinittext                              inittext     00000
__Hintentry                              intentry     00013
__Hmaintext                              maintext     00000
__HnvBANK0                               nvBANK0      00000
__Hpowerup                               powerup      00000
__Hram                                   ram          00000
__Hreset_vec                             reset_vec    00002
__Hsfr0                                  sfr0         00000
__Hsfr1                                  sfr1         00000
__Hsfr10                                 sfr10        00000
__Hsfr11                                 sfr11        00000
__Hsfr12                                 sfr12        00000
__Hsfr13                                 sfr13        00000
__Hsfr14                                 sfr14        00000
__Hsfr15                                 sfr15        00000
__Hsfr16                                 sfr16        00000
__Hsfr17                                 sfr17        00000
__Hsfr18                                 sfr18        00000
__Hsfr19                                 sfr19        00000
__Hsfr2                                  sfr2         00000
__Hsfr20                                 sfr20        00000
__Hsfr21                                 sfr21        00000
__Hsfr22                                 sfr22        00000
__Hsfr23                                 sfr23        00000
__Hsfr24                                 sfr24        00000
__Hsfr25                                 sfr25        00000
__Hsfr26                                 sfr26        00000
__Hsfr27                                 sfr27        00000
__Hsfr28                                 sfr28        00000
__Hsfr29                                 sfr29        00000
__Hsfr3                                  sfr3         00000
__Hsfr30                                 sfr30        00000
__Hsfr31                                 sfr31        00000
__Hsfr4                                  sfr4         00000
__Hsfr5                                  sfr5         00000
__Hsfr6                                  sfr6         00000
__Hsfr7                                  sfr7         00000
__Hsfr8                                  sfr8         00000
__Hsfr9                                  sfr9         00000
__Hspace_0                               (abs)        08009
__Hspace_1                               (abs)        003EA
__Hspace_2                               (abs)        00000
__Hspace_3                               (abs)        00000
__Hstack                                 stack        00000
__Hstrings                               strings      00000
__Hstringtext                            stringtext   00000
__Htext                                  text         00000
__Labs1                                  abs1         00000
__Lbank0                                 bank0        00000
__Lbank1                                 bank1        00000
__Lbank10                                bank10       00000
__Lbank11                                bank11       00000
__Lbank12                                bank12       00000
__Lbank13                                bank13       00000
__Lbank14                                bank14       00000
__Lbank15                                bank15       00000
__Lbank16                                bank16       00000
__Lbank17                                bank17       00000
__Lbank18                                bank18       00000
__Lbank19                                bank19       00000
__Lbank2                                 bank2        00000
__Lbank20                                bank20       00000
__Lbank21                                bank21       00000
__Lbank22                                bank22       00000
__Lbank23                                bank23       00000
__Lbank24                                bank24       00000
__Lbank25                                bank25       00000
__Lbank26                                bank26       00000
__Lbank27                                bank27       00000
__Lbank28                                bank28       00000
__Lbank29                                bank29       00000
__Lbank3                                 bank3        00000
__Lbank30                                bank30       00000
__Lbank31                                bank31       00000
__Lbank4                                 bank4        00000
__Lbank5                                 bank5        00000
__Lbank6                                 bank6        00000
__Lbank7                                 bank7        00000
__Lbank8                                 bank8        00000
__Lbank9                                 bank9        00000
__Lbigram                                bigram       00000
__LbitbssCOMMON                          bitbssCOMMON 00000
__LbssBANK0                              bssBANK0     00000
__LbssBANK1                              bssBANK1     00000
__LbssBANK2                              bssBANK2     00000
__LbssBANK3                              bssBANK3     00000
__LbssCOMMON                             bssCOMMON    00000
__Lcinit                                 cinit        00015
__Lclrtext                               clrtext      00000
__Lcode                                  code         00000
__Lcommon                                common       00000
__Lconfig                                config       08007
__LcstackBANK0                           cstackBANK0  00000
__LcstackBANK1                           cstackBANK1  00000
__LcstackCOMMON                          cstackCOMMON 00000
__LdataBANK4                             dataBANK4    00000
__Leeprom_data                           eeprom_data  00000
__Lend_init                              end_init     00013
__Lfunctab                               functab      00000
__LidataBANK4                            idataBANK4   00000
__Lidloc                                 idloc        00000
__Linit                                  init         00013
__Linittext                              inittext     00000
__Lintentry                              intentry     00004
__Lmaintext                              maintext     00000
__LnvBANK0                               nvBANK0      00000
__Lpowerup                               powerup      00000
__Lram                                   ram          00000
__Lreset_vec                             reset_vec    00000
__Lsfr0                                  sfr0         00000
__Lsfr1                                  sfr1         00000
__Lsfr10                                 sfr10        00000
__Lsfr11                                 sfr11        00000
__Lsfr12                                 sfr12        00000
__Lsfr13                                 sfr13        00000
__Lsfr14                                 sfr14        00000
__Lsfr15                                 sfr15        00000
__Lsfr16                                 sfr16        00000
__Lsfr17                                 sfr17        00000
__Lsfr18                                 sfr18        00000
__Lsfr19                                 sfr19        00000
__Lsfr2                                  sfr2         00000
__Lsfr20                                 sfr20        00000
__Lsfr21                                 sfr21        00000
__Lsfr22                                 sfr22        00000
__Lsfr23                                 sfr23        00000
__Lsfr24                                 sfr24        00000
__Lsfr25                                 sfr25        00000
__Lsfr26                                 sfr26        00000
__Lsfr27                                 sfr27        00000
__Lsfr28                                 sfr28        00000
__Lsfr29                                 sfr29        00000
__Lsfr3                                  sfr3         00000
__Lsfr30                                 sfr30        00000
__Lsfr31                                 sfr31        00000
__Lsfr4                                  sfr4         00000
__Lsfr5                                  sfr5         00000
__Lsfr6                                  sfr6         00000
__Lsfr7                                  sfr7         00000
__Lsfr8                                  sfr8         00000
__Lsfr9                                  sfr9         00000
__Lspace_0                               (abs)        00000
__Lspace_1                               (abs)        00000
__Lspace_2                               (abs)        00000
__Lspace_3                               (abs)        00000
__Lstack                                 stack        00000
__Lstrings                               strings      00000
__Lstringtext                            stringtext   00000
__Ltext                                  text         00000
__S0                                     (abs)        08009
__S1                                     (abs)        00240
__S2                                     (abs)        00000
___awdiv                                 text109      015E8
___awdiv@counter                         cstackBANK0  00025
___awdiv@dividend                        cstackBANK0  00022
___awdiv@divisor                         cstackBANK0  00020
___awdiv@quotient                        cstackBANK0  00027
___awdiv@sign                            cstackBANK0  00026
___awtoft                                text85       01F75
___awtoft@c                              cstackBANK0  00028
___awtoft@sign                           cstackBANK0  0002D
___bmul                                  text104      01D56
___bmul@multiplicand                     cstackBANK0  00020
___bmul@multiplier                       cstackBANK0  00023
___bmul@product                          cstackBANK0  00022
___ftadd                                 text84       00475
___ftadd@exp1                            cstackBANK0  0004D
___ftadd@exp2                            cstackBANK0  0004C
___ftadd@f1                              cstackBANK0  00041
___ftadd@f2                              cstackBANK0  00044
___ftadd@sign                            cstackBANK0  0004B
___ftdiv                                 text83       00DF0
___ftdiv@cntr                            cstackBANK0  00038
___ftdiv@exp                             cstackBANK0  0003C
___ftdiv@f1                              cstackBANK0  00031
___ftdiv@f2                              cstackBANK0  0002E
___ftdiv@f3                              cstackBANK0  00039
___ftdiv@sign                            cstackBANK0  0003D
___ftmul                                 text35       00F4C
___ftmul@cntr                            cstackBANK0  0003C
___ftmul@exp                             cstackBANK0  00038
___ftmul@f1                              cstackBANK0  0002E
___ftmul@f2                              cstackBANK0  00031
___ftmul@f3_as_product                   cstackBANK0  00039
___ftmul@sign                            cstackBANK0  0003D
___ftneg                                 text82       01BCA
___ftneg@f1                              cstackBANK0  0003E
___ftpack                                text86       00973
___ftpack@arg                            cstackBANK0  00020
___ftpack@exp                            cstackBANK0  00023
___ftpack@sign                           cstackBANK0  00024
___fttol                                 text81       00C50
___fttol@exp1                            cstackBANK0  0005B
___fttol@f1                              cstackBANK0  0004E
___fttol@lval                            cstackBANK0  00057
___fttol@sign1                           cstackBANK0  00056
___int_sp                                stack        00000
___latbits                               (abs)        00003
___lwdiv                                 text58       0130F
___lwdiv@counter                         cstackBANK0  00027
___lwdiv@dividend                        cstackBANK0  00022
___lwdiv@divisor                         cstackBANK0  00020
___lwdiv@quotient                        cstackBANK0  00025
___sp                                    stack        00000
__end_of_ADC_Set                         text52       01BBA
__end_of_Buzzer_Initialization           text128      01B67
__end_of_Buzzer_Main                     text127      0154B
__end_of_CC2500_ClearRXFIFO              text122      01B7B
[...]
      Totals:         0       0       0       0       0       0       0       0       0       0       0       0       0       0
Total ram usage:        0 bytes
 Hardware stack levels used:    1
 Hardware stack levels required when called:    5
 This function calls:
		Nothing
 This function is called by:
		_main
 This function uses a non-reentrant model


 *************** function _ISR *****************
 Defined at:
		line 107 in file "../src/MCU_B1.c"
 Parameters:    Size  Location     Type
		None
 Auto vars:     Size  Location     Type
		None
 Return value:  Size  Location     Type
		None               void
 Registers used:
		wreg, fsr0l, fsr0h, fsr1l, fsr1h, status,2, status,0, pclath, cstack
 Tracked objects:
		On entry : 
		On exit  : 
		Unchanged: 
 Data sizes:     COMMON   BANK0   BANK1   BANK2   BANK3   BANK4   BANK5   BANK6   BANK7   BANK8   BANK9  BANK10  BANK11  BANK12
      Params:         0       0       0       0       0       0       0       0       0       0       0       0       0       0
      Locals:         0       0       0       0       0       0       0       0       0       0       0       0       0       0
      Temps:          1       0       0       0       0       0       0       0       0       0       0       0       0       0
      Totals:         1       0       0       0       0       0       0       0       0       0       0       0       0       0
Total ram usage:        1 bytes
 Hardware stack levels used:    1
 Hardware stack levels required when called:    4
 This function calls:
		_IOC_ISR
		_TMR1_ISR
 This function is called by:
		Interrupt level 1
 This function uses a non-reentrant model


 *************** function _TMR1_ISR *****************
 Defined at:
		line 209 in file "../src/MCU_B1.c"
 Parameters:    Size  Location     Type
		None
 Auto vars:     Size  Location     Type
		None
 Return value:  Size  Location     Type
		None               void
 Registers used:
		wreg, fsr0l, fsr0h, fsr1l, fsr1h, status,2, status,0, pclath, cstack
 Tracked objects:
		On entry : 
		On exit  : 
		Unchanged: 
 Data sizes:     COMMON   BANK0   BANK1   BANK2   BANK3   BANK4   BANK5   BANK6   BANK7   BANK8   BANK9  BANK10  BANK11  BANK12
      Params:         0       0       0       0       0       0       0       0       0       0       0       0       0       0
      Locals:         0       0       0       0       0       0       0       0       0       0       0       0       0       0
      Temps:          0       0       0       0       0       0       0       0       0       0       0       0       0       0
      Totals:         0       0       0       0       0       0       0       0       0       0       0       0       0       0
Total ram usage:        0 bytes
 Hardware stack levels used:    1
 Hardware stack levels required when called:    2
 This function calls:
		_setDimmerLights_IntrControl
 This function is called by:
		_ISR
 This function uses a non-reentrant model


 *************** function _setDimmerLights_IntrControl *****************
 Defined at:
		line 94 in file "../src/Dimmer_B1.c"
 Parameters:    Size  Location     Type
  lights          1    wreg     unsigned char 
 Auto vars:     Size  Location     Type
  lights          1    6[COMMON] unsigned char 
 Return value:  Size  Location     Type
		None               void
 Registers used:
		wreg, fsr0l, fsr0h, fsr1l, fsr1h, status,2, status,0, pclath, cstack
 Tracked objects:
		On entry : 
		On exit  : 
		Unchanged: 
 Data sizes:     COMMON   BANK0   BANK1   BANK2   BANK3   BANK4   BANK5   BANK6   BANK7   BANK8   BANK9  BANK10  BANK11  BANK12
      Params:         0       0       0       0       0       0       0       0       0       0       0       0       0       0
      Locals:         1       0       0       0       0       0       0       0       0       0       0       0       0       0
      Temps:          4       0       0       0       0       0       0       0       0       0       0       0       0       0
      Totals:         5       0       0       0       0       0       0       0       0       0       0       0       0       0
Total ram usage:        5 bytes
 Hardware stack levels used:    1
 Hardware stack levels required when called:    1
 This function calls:
		_DimmerIntrPointSelect
 This function is called by:
		_TMR1_ISR
 This function uses a non-reentrant model


 *************** function _DimmerIntrPointSelect *****************
 Defined at:
		line 72 in file "../src/Dimmer_B1.c"
 Parameters:    Size  Location     Type
  lights          1    wreg     unsigned char 
 Auto vars:     Size  Location     Type
  lights          1    1[COMMON] unsigned char 
 Return value:  Size  Location     Type
		None               void
 Registers used:
		wreg
 Tracked objects:
		On entry : 
		On exit  : 
		Unchanged: 
 Data sizes:     COMMON   BANK0   BANK1   BANK2   BANK3   BANK4   BANK5   BANK6   BANK7   BANK8   BANK9  BANK10  BANK11  BANK12
      Params:         0       0       0       0       0       0       0       0       0       0       0       0       0       0
      Locals:         1       0       0       0       0       0       0       0       0       0       0       0       0       0
      Temps:          1       0       0       0       0       0       0       0       0       0       0       0       0       0
      Totals:         2       0       0       0       0       0       0       0       0       0       0       0       0       0
Total ram usage:        2 bytes
 Hardware stack levels used:    1
 This function calls:
		Nothing
 This function is called by:
		_setDimmerLights_IntrControl
 This function uses a non-reentrant model


 *************** function _IOC_ISR *****************
 Defined at:
		line 400 in file "../src/MCU_B1.c"
 Parameters:    Size  Location     Type
		None
 Auto vars:     Size  Location     Type
		None
 Return value:  Size  Location     Type
		None               void
 Registers used:
		wreg, fsr1l, fsr1h, status,2, status,0, pclath, cstack
 Tracked objects:
		On entry : 
		On exit  : 
		Unchanged: 
 Data sizes:     COMMON   BANK0   BANK1   BANK2   BANK3   BANK4   BANK5   BANK6   BANK7   BANK8   BANK9  BANK10  BANK11  BANK12
      Params:         0       0       0       0       0       0       0       0       0       0       0       0       0       0
      Locals:         0       0       0       0       0       0       0       0       0       0       0       0       0       0
      Temps:          0       0       0       0       0       0       0       0       0       0       0       0       0       0
      Totals:         0       0       0       0       0       0       0       0       0       0       0       0       0       0
Total ram usage:        0 bytes
 Hardware stack levels used:    1
 Hardware stack levels required when called:    3
 This function calls:
		_setDimmerReClock
 This function is called by:
		_ISR
 This function uses a non-reentrant model


 *************** function _setDimmerReClock *****************
 Defined at:
		line 243 in file "../src/MCU_B1.c"
 Parameters:    Size  Location     Type
		None
 Auto vars:     Size  Location     Type
		None
 Return value:  Size  Location     Type
		None               void
 Registers used:
		wreg, fsr1l, fsr1h, status,2, status,0, pclath, cstack
 Tracked objects:
		On entry : 
		On exit  : 
		Unchanged: 
 Data sizes:     COMMON   BANK0   BANK1   BANK2   BANK3   BANK4   BANK5   BANK6   BANK7   BANK8   BANK9  BANK10  BANK11  BANK12
      Params:         0       0       0       0       0       0       0       0       0       0       0       0       0       0
      Locals:         0       0       0       0       0       0       0       0       0       0       0       0       0       0
      Temps:          0       0       0       0       0       0       0       0       0       0       0       0       0       0
      Totals:         0       0       0       0       0       0       0       0       0       0       0       0       0       0
Total ram usage:        0 bytes
 Hardware stack levels used:    1
 Hardware stack levels required when called:    2
 This function calls:
		_setDimmerLights_IntrIOC_GO
 This function is called by:
		_IOC_ISR
 This function uses a non-reentrant model


 *************** function _setDimmerLights_IntrIOC_GO *****************
 Defined at:
		line 28 in file "../src/Dimmer_B1.c"
 Parameters:    Size  Location     Type
  lights          1    wreg     unsigned char 
 Auto vars:     Size  Location     Type
  lights          1    2[COMMON] unsigned char 
 Return value:  Size  Location     Type
		None               void
 Registers used:
		wreg, fsr1l, fsr1h, status,2, status,0, pclath, cstack
 Tracked objects:
		On entry : 
		On exit  : 
		Unchanged: 
 Data sizes:     COMMON   BANK0   BANK1   BANK2   BANK3   BANK4   BANK5   BANK6   BANK7   BANK8   BANK9  BANK10  BANK11  BANK12
      Params:         0       0       0       0       0       0       0       0       0       0       0       0       0       0
      Locals:         1       0       0       0       0       0       0       0       0       0       0       0       0       0
      Temps:          0       0       0       0       0       0       0       0       0       0       0       0       0       0
      Totals:         1       0       0       0       0       0       0       0       0       0       0       0       0       0
Total ram usage:        1 bytes
 Hardware stack levels used:    1
 Hardware stack levels required when called:    1
 This function calls:
		_DimmerIntrIOCPointSelect
 This function is called by:
		_setDimmerReClock
 This function uses a non-reentrant model


 *************** function _DimmerIntrIOCPointSelect *****************
 Defined at:
		line 8 in file "../src/Dimmer_B1.c"
 Parameters:    Size  Location     Type
  lights          1    wreg     unsigned char 
 Auto vars:     Size  Location     Type
  lights          1    1[COMMON] unsigned char 
 Return value:  Size  Location     Type
		None               void
 Registers used:
		wreg
 Tracked objects:
		On entry : 
		On exit  : 
		Unchanged: 
 Data sizes:     COMMON   BANK0   BANK1   BANK2   BANK3   BANK4   BANK5   BANK6   BANK7   BANK8   BANK9  BANK10  BANK11  BANK12
      Params:         0       0       0       0       0       0       0       0       0       0       0       0       0       0
      Locals:         1       0       0       0       0       0       0       0       0       0       0       0       0       0
      Temps:          1       0       0       0       0       0       0       0       0       0       0       0       0       0
      Totals:         2       0       0       0       0       0       0       0       0       0       0       0       0       0
Total ram usage:        2 bytes
 Hardware stack levels used:    1
 This function calls:
		Nothing
 This function is called by:
		_setDimmerLights_IntrIOC_GO
 This function uses a non-reentrant model



MODULE INFORMATION

Module		Function		Class		Link	Load	Size
C:\Program Files (x86)\Microchip\xc8\v1.32\sources\common\float.c
		___ftpack      		CODE           	0973	0000	97

C:\Program Files (x86)\Microchip\xc8\v1.32\sources\common\float.c estimated size: 97

../src/OverLoad_B1.c
		_getLoad_AD    		CODE           	0BCF	0000	129
		_getLoad_OK    		CODE           	1BBA	0000	8
		_Load_Initializ		CODE           	1B9C	0000	5
		_Load_Main     		CODE           	0043	0000	381
		_setLoad_AH_AL_		CODE           	1E7B	0000	28

../src/OverLoad_B1.c estimated size: 551

C:\Program Files (x86)\Microchip\xc8\v1.32\sources\common\awtoft.c
		___awtoft      		CODE           	1F75	0000	34

C:\Program Files (x86)\Microchip\xc8\v1.32\sources\common\awtoft.c estimated size: 34

../src/MCU_B1.c
		_Fosc_Set      		CODE           	1B93	0000	4
		_IO_Set        		CODE           	1E30	0000	24
		_WDT_Set       		CODE           	1C25	0000	11
		_WDT_Main      		CODE           	1D7A	0000	18
		_ADC_Set       		CODE           	1BB3	0000	7
		_IOC_ISR       		CODE           	1CB4	0000	15
		_ISR           		CODE           	0004	0000	15
		_Flash_Memory_W		CODE           	1141	0000	47
		_Flash_Memory_M		CODE           	154B	0000	78
		_IOC_Set       		CODE           	1C81	0000	12
		_WDT_Clearing  		CODE           	0002	0000	2
		_setMemory_Modi		CODE           	1D8C	0000	19
		_Mcu_Initializa		CODE           	1D68	0000	18
		_setMemory_Data		CODE           	1C69	0000	12
		_Flash_Memory_I		CODE           	064A	0000	220
		_getAD         		CODE           	1F14	0000	32
		_TMR1_Set      		CODE           	1C8D	0000	12
		_setMemory_Loop		CODE           	1D9F	0000	19
		_Flash_Memory_U		CODE           	1BD3	0000	9
		_Flash_Memory_R		CODE           	07E5	0000	26
		_Flash_Memory_E		CODE           	1C75	0000	12
		_TMR1_ISR      		CODE           	1FDC	0000	36
		_setDimmerReClo		CODE           	1B73	0000	4
		_Flash_Memory_M		CODE           	12A3	0000	54

../src/MCU_B1.c estimated size: 706

C:\Program Files (x86)\Microchip\xc8\v1.32\sources\common\ftmul.c
		___ftmul       		CODE           	0F4C	0000	180

C:\Program Files (x86)\Microchip\xc8\v1.32\sources\common\ftmul.c estimated size: 180

../src/Buzzer_B1.c
		_Buzzer_Main   		CODE           	1501	0000	74
		_setBuz        		CODE           	1694	0000	89
		_getBuz_GO     		CODE           	1D23	0000	17
		_Buzzer_Initial		CODE           	1B64	0000	3

../src/Buzzer_B1.c estimated size: 183

../src/LED_B1.c
		_setLED        		CODE           	126D	0000	54
		_LED_Main      		CODE           	1B8F	0000	4
		_setLED_Initial		CODE           	1D12	0000	17
		_LedPointSelect		CODE           	1C1A	0000	11
		_setLED_Main   		CODE           	1205	0000	51
		_LED_Initializa		CODE           	1B8B	0000	4

../src/LED_B1.c estimated size: 141

../src/OverTemperature_B1.c
		_Temp_Initializ		CODE           	1B6D	0000	3
		_Temp_Main     		CODE           	1B70	0000	3
		_setTemp_Initia		CODE           	07FF	0000	1
		_getTemp_AD    		CODE           	13F7	0000	62
		_setTemp_Main  		CODE           	0E99	0000	179

../src/OverTemperature_B1.c estimated size: 248

../src/CC2500_B1.c
		_DelayTime_1us 		CODE           	1075	0000	38
		_CC2500_Frequen		CODE           	1C51	0000	12
		_CC2500_SIDLEMo		CODE           	1B7F	0000	4
		_CC2500_PowerOn		CODE           	1DEF	0000	21
		_CC2500_WriteBy		CODE           	1DB2	0000	20
		_CC2500_RxData 		CODE           	0B65	0000	106
		_CC2500_TxData 		CODE           	09D4	0000	97
		_CC2500_ClearRX		CODE           	1B77	0000	4
		_CC2500_ClearTX		CODE           	1B7B	0000	4
		_CC2500_InitPAT		CODE           	1EB5	0000	31
		_CC2500_WriteRE		CODE           	1F54	0000	33
		_CC2500_ReadSta		CODE           	1F97	0000	34
		_CC2500_PowerRS		CODE           	1475	0000	67
		_CC2500_ReadByt		CODE           	1E19	0000	23
		_CC2500_InitSet		CODE           	10C2	0000	42
		_CC2500_WriteCo		CODE           	1E48	0000	25

../src/CC2500_B1.c estimated size: 561

C:\Program Files (x86)\Microchip\xc8\v1.32\sources\common\fttol.c
		___fttol       		CODE           	0C50	0000	135

C:\Program Files (x86)\Microchip\xc8\v1.32\sources\common\fttol.c estimated size: 135

C:\Program Files (x86)\Microchip\xc8\v1.32\sources\common\lwdiv.c
		___lwdiv       		CODE           	130F	0000	55

C:\Program Files (x86)\Microchip\xc8\v1.32\sources\common\lwdiv.c estimated size: 55

../src/RF_Control_B1.c
		_RF_Initializat		CODE           	1B67	0000	3
		_getRxData     		CODE           	0D60	0000	144
		_setRF_Main    		CODE           	056B	0000	223
		_setRF_DimmerVa		CODE           	11A0	0000	50
		_getRF_KeyStatu		CODE           	1D34	0000	17
		_setRF_Initiali		CODE           	1C30	0000	11
		_setTxData     		CODE           	0726	0000	191
		_setRFSW_Contro		CODE           	1599	0000	79
		_setRF_Learn   		CODE           	1DC6	0000	20
		_RF_Main       		CODE           	1B6A	0000	3
		_setRFSW_AdjCon		CODE           	1435	0000	64
		_setRF_DimmerLi		CODE           	1748	0000	92
		_setControl_Lig		CODE           	0913	0000	96
		_setLog_Code   		CODE           	12D9	0000	54
		_RF_RxDisable  		CODE           	1CC3	0000	15

../src/RF_Control_B1.c estimated size: 1062

C:\Program Files (x86)\Microchip\xc8\v1.32\sources\common\awdiv.c
		___awdiv       		CODE           	15E8	0000	84

C:\Program Files (x86)\Microchip\xc8\v1.32\sources\common\awdiv.c estimated size: 84

../src/Main_B1.c
		_Exception_Main		CODE           	1E61	0000	26
		_getMain_Lights		CODE           	1116	0000	43
		_my_MainTimer  		CODE           	137E	0000	60
		_main          		CODE           	16ED	0000	91
		_Timeout_Counte		CODE           	1DDA	0000	21
		_myMain_Initial		CODE           	1066	0000	15
		_getMain_All_Er		CODE           	11D2	0000	51
		_set_TimeoutCle		CODE           	1B97	0000	5
		_getMain_LoadOK		CODE           	1CA6	0000	14
		_getMain_Lights		CODE           	1CF2	0000	16
		_setMain_Except		CODE           	17A4	0000	92

../src/Main_B1.c estimated size: 434

C:\Program Files (x86)\Microchip\xc8\v1.32\sources\common\ftadd.c
		___ftadd       		CODE           	0475	0000	246

C:\Program Files (x86)\Microchip\xc8\v1.32\sources\common\ftadd.c estimated size: 246

C:\Program Files (x86)\Microchip\xc8\v1.32\sources\common\Umul8.c
		___bmul        		CODE           	1D56	0000	18

C:\Program Files (x86)\Microchip\xc8\v1.32\sources\common\Umul8.c estimated size: 18

shared
		_CC2500_patable		STRCODE        	105E	0000	8
		_CC2500_rfSetti		STRCODE        	102F	0000	47
		__initializatio		CODE           	0015	0000	42
		_CC2500_registe		STRCODE        	1000	0000	47

shared estimated size: 144

C:\Program Files (x86)\Microchip\xc8\v1.32\sources\common\ftneg.c
		___ftneg       		CODE           	1BCA	0000	9

C:\Program Files (x86)\Microchip\xc8\v1.32\sources\common\ftneg.c estimated size: 9

../src/Switch_B1.c
		_Switch_Main   		CODE           	1EF4	0000	32
		_SwPointSelect 		CODE           	1C46	0000	11
		_TouchPower    		CODE           	1E04	0000	21
		_setSw_Main    		CODE           	01C0	0000	367
		_getSw_KeyStatu		CODE           	1D45	0000	17
		_setSw_Initiali		CODE           	1D02	0000	16
		_Switch_Initial		CODE           	1BDC	0000	9

../src/Switch_B1.c estimated size: 473

../src/Dimmer_B1.c
		_DimmerLightsPo		CODE           	1C0F	0000	11
		_getDimmerLight		CODE           	1CD2	0000	16
		_setDimmerLight		CODE           	14B8	0000	73
		_DimmerIntrPoin		CODE           	1BE5	0000	10
		_DimmerLights_M		CODE           	1170	0000	48
		_setDimmerLight		CODE           	13BA	0000	61
		_getAll_DimmerL		CODE           	1BEF	0000	10
		_getDimmerLight		CODE           	1C3B	0000	11
		_setDimmerLight		CODE           	032F	0000	326
		_DimmerIntrIOCP		CODE           	1BF9	0000	11
		_setDimmerLight		CODE           	0AFF	0000	102
		_setDimmerLight		CODE           	0CD7	0000	137
		_setDimmerLight		CODE           	1C5D	0000	12
		_setDimmerLight		CODE           	1FB9	0000	35
		_getPercentValu		CODE           	0A9A	0000	101
		_setDimmerLight		CODE           	163C	0000	88
		_setDimmerLight		CODE           	1E97	0000	30
		_setDimmerLight		CODE           	1ED4	0000	32
		_setPercentValu		CODE           	0A35	0000	101
		_getDimmer_Load		CODE           	1BC2	0000	8
		_setDimmerLight		CODE           	109B	0000	39
		_setDimmerLight		CODE           	1346	0000	56
		_Dimmer_Initial		CODE           	1B63	0000	1
		_DimmerLights_I		CODE           	1C99	0000	13
		_setDimmerLight		CODE           	0800	0000	89
		_setDimmerLight		CODE           	1238	0000	53

../src/Dimmer_B1.c estimated size: 1474

../src/DelayOff_B1.c
		_DelayOff_Initi		CODE           	1B83	0000	4
		_DlyOff_Main   		CODE           	08B6	0000	93
		_DelayTimejudge		CODE           	10EC	0000	42
		_DelayOff_Main 		CODE           	1B87	0000	4
		_DelayOffPointS		CODE           	1C04	0000	11
		_getDelayOff_GO		CODE           	1CE2	0000	16
		_setDelayOff_GO		CODE           	0859	0000	93
		_DlyOff_Initial		CODE           	1BA1	0000	6

../src/DelayOff_B1.c estimated size: 269

C:\Program Files (x86)\Microchip\xc8\v1.32\sources\pic\ftdiv.c
		___ftdiv       		CODE           	0DF0	0000	169

C:\Program Files (x86)\Microchip\xc8\v1.32\sources\pic\ftdiv.c estimated size: 169

