Microchip MPLAB XC8 Compiler V1.32 ()

Linker command line:

--edf=C:\Program Files (x86)\Microchip\xc8\v1.32\dat\en_msgs.txt -cs \
  -h+dist/default/production\1-8-1.Switch_1Key_Dimmer_MOSFET.X.production.sym \
  --cmf=dist/default/production\1-8-1.Switch_1Key_Dimmer_MOSFET.X.production.cmf \
  -z -Q16F1518 -oC:\Users\taianluo\AppData\Local\Temp\s6j4.6 \
  -Mdist/default/production/1-8-1.Switch_1Key_Dimmer_MOSFET.X.production.map \
  -E1 -ver=XC8 -ASTACK=02160h-0231fh -pstack=STACK -ACONST=00h-0FFhx64 \
  -ACODE=00h-07FFhx8 -ASTRCODE=00h-03FFFh -AENTRY=00h-0FFhx64 \
  -ASTRING=00h-0FFhx64 -ACOMMON=070h-07Fh -ABANK0=020h-06Fh \
  -ABANK1=0A0h-0EFh -ABANK2=0120h-016Fh -ABANK3=01A0h-01EFh \
  -ABANK4=0220h-026Fh -ABANK5=02A0h-02EFh -ABANK6=0320h-036Fh \
  -ABANK7=03A0h-03EFh -ABANK8=0420h-046Fh -ABANK9=04A0h-04EFh \
  -ABANK10=0520h-056Fh -ABANK11=05A0h-05EFh -ABANK12=0620h-064Fh \
  -ABIGRAM=02000h-023EFh \
  -ARAM=020h-06Fh,0A0h-0EFh,0120h-016Fh,01A0h-01EFh,0220h-026Fh,02A0h-02EFh,0320h-036Fh,03A0h-03EFh,0420h-046Fh,04A0h-04EFh,0520h-056Fh,05A0h-05EFh,0620h-064Fh \
  -AABS1=020h-07Fh,0A0h-0EFh,0120h-016Fh,01A0h-01EFh,0220h-026Fh,02A0h-02EFh,0320h-036Fh,03A0h-03EFh,0420h-046Fh,04A0h-04EFh,0520h-056Fh,05A0h-05EFh,0620h-064Fh \
  -ASFR0=00h-01Fh -ASFR1=080h-09Fh -ASFR2=0100h-011Fh -ASFR3=0180h-019Fh \
  -ASFR4=0200h-021Fh -ASFR5=0280h-029Fh -ASFR6=0300h-031Fh \
  -ASFR7=0380h-039Fh -ASFR8=0400h-041Fh -ASFR9=0480h-049Fh \
  -ASFR10=0500h-051Fh -ASFR11=0580h-059Fh -ASFR12=0600h-061Fh \
  -ASFR13=0680h-06EFh -ASFR14=0700h-076Fh -ASFR15=0780h-07EFh \
  -ASFR16=0800h-086Fh -ASFR17=0880h-08EFh -ASFR18=0900h-096Fh \
  -ASFR19=0980h-09EFh -ASFR20=0A00h-0A6Fh -ASFR21=0A80h-0AEFh \
  -ASFR22=0B00h-0B6Fh -ASFR23=0B80h-0BEFh -ASFR24=0C00h-0C6Fh \
  -ASFR25=0C80h-0CEFh -ASFR26=0D00h-0D6Fh -ASFR27=0D80h-0DEFh \
  -ASFR28=0E00h-0E6Fh -ASFR29=0E80h-0EEFh -ASFR30=0F00h-0F6Fh \
  -ASFR31=0F80h-0FEFh -preset_vec=00h,intentry=04h,init,end_init \
  -ppowerup=CODE -pcinit=CODE -pfunctab=CODE -ACONFIG=08007h-08008h \
  -pconfig=CONFIG -DCONFIG=2 -AIDLOC=08000h-08003h -pidloc=IDLOC -DIDLOC=2 \
  -DCODE=2 -DSTRCODE=2 -DSTRING=2 -DCONST=2 -DENTRY=2 -k \
  C:\Users\taianluo\AppData\Local\Temp\s6j4.obj \
  dist/default/production\1-8-1.Switch_1Key_Dimmer_MOSFET.X.production.obj 

Object code version is 3.11

Machine type is 16F1518



                Name                               Link     Load   Length Selector   Space Scale
C:\Users\taianluo\AppData\Local\Temp\s6j4.obj
                end_init                             20       20        2        8       0
                reset_vec                             0        0        2        0       0
                config                             8007     8007        2    1000E       0
dist/default/production\1-8-1.Switch_1Key_Dimmer_MOSFET.X.production.obj
                cinit                                22       22       28        8       0
                intentry                              4        4       1C        8       0
                text144                            1044     1044       21     2088       0
                text143                             801      801        D     1002       0
                text142                            12F1     12F1       3B     25E2       0
                text141                            1BB2     1BB2        9     3764       0
                text140                             AAE      AAE       73     155C       0
                text139                            1FC2     1FC2       1F     3F84       0
                text137                            1B3B     1B3B        3     3676       0
                text136                            14AC     14AC       4A     2958       0
                text135                            1C0E     1C0E        C     381C       0
                text134                            1B73     1B73        6     36E6       0
                text133                            1B4A     1B4A        4     3694       0
                text132                            1C1A     1C1A        C     3834       0
                text131                            1CC0     1CC0       11     3980       0
                text130                            127F     127F       39     24FE       0
                text129                             7A9      7A9       54        8       0
                text128                            14F6     14F6       59     29EC       0
                text127                            11DD     11DD       35     23BA       0
                text126                            1C26     1C26        C     384C       0
                text125                             8E9      8E9       6F     11D2       0
                text124                            1B4E     1B4E        4     369C       0
                text123                            1608     1608       61     2C10       0
                text122                            1065     1065       22     20CA       0
                text121                             380      380       F6        8       0
                text120                             D3A      D3A       A9     1A74       0
                text119                             E91      E91       B4     1D22       0
                text118                            1BBB     1BBB        9     3776       0
                text117                             C27      C27       87     184E       0
                text116                            1669     1669       65     2CD2       0
                text115                            16CE     16CE       65     2D9C       0
                text114                            1D91     1D91       13     3B22       0
                text113                            132C     132C       3C     2658       0
                text112                            1B3A     1B3A        1     3674       0
                text111                            1B85     1B85        7     370A       0
                text110                            1176     1176       33     22EC       0
                text109                            1B9A     1B9A        8     3734       0
                text108                            1E58     1E58       16     3CB0       0
                text107                            1C92     1C92        F     3924       0
                text106                            1E6E     1E6E       16     3CDC       0
                text105                            1C32     1C32        C     3864       0
                text104                            1CD1     1CD1       11     39A2       0
                text103                            1733     1733       65     2E66       0
                text102                            1DA4     1DA4       13     3B48       0
                text101                             F45      F45       BB     1E8A       0
                text100                            15AA     15AA       5E     2B54       0
                text99                             1D37     1D37       12     3A6E       0
                text98                             1CE2     1CE2       11     39C4       0
                text97                             1BCD     1BCD        A     379A       0
                text96                             1EB4     1EB4       19     3D68       0
                text95                             1D49     1D49       12     3A92       0
                text94                              CAE      CAE       8C     195C       0
                text93                             1E84     1E84       18     3D08       0
                text92                             1C3E     1C3E        C     387C       0
                text91                             1E9C     1E9C       18     3D38       0
                text90                             1C4A     1C4A        C     3894       0
                text89                             12B8     12B8       39     2570       0
                text88                              6EA      6EA       BF        8       0
                text87                             1798     1798       68     2F30       0
                text86                             1F4F     1F4F       1C     3E9E       0
                text85                             1BD7     1BD7        B     37AE       0
                text84                              54B      54B       D5        8       0
                text83                             1EE6     1EE6       1A     3DCC       0
                text82                             1BC4     1BC4        9     3788       0
                text81                             1147     1147       2F     228E       0
                text80                             1C56     1C56        C     38AC       0
                text79                              620      620       CA        8       0
                text78                             1C62     1C62        C     38C4       0
                text77                              BA1      BA1       86     1742       0
                text76                             1CF3     1CF3       11     39E6       0
                text75                             13E4     13E4       41     27C8       0
                text74                             1D5B     1D5B       12     3AB6       0
                text73                             1B52     1B52        4     36A4       0
                text72                             1212     1212       36     2424       0
                text71                             1B56     1B56        4     36AC       0
                text70                             1F6B     1F6B       1C     3ED6       0
                text69                             1B3E     1B3E        3     367C       0
                text68                             1248     1248       37     2490       0
                text67                             1FA4     1FA4       1E     3F48       0
                text66                             1DB7     1DB7       13     3B6E       0
                text65                             1BA2     1BA2        8     3744       0
                text64                             1BAA     1BAA        8     3754       0
                text63                             1BE2     1BE2        B     37C4       0
                text62                               4A       4A      1B2        8       0
                text61                             1B8C     1B8C        7     3718       0
                text60                             1B5A     1B5A        4     36B4       0
                text59                             1BED     1BED        B     37DA       0
                text58                             1F00     1F00       1A     3E00       0
                text57                             1C6E     1C6E        C     38DC       0
                text56                             1BF8     1BF8        B     37F0       0
                text55                             1D6D     1D6D       12     3ADA       0
                text54                             1C03     1C03        B     3806       0
                text53                             1B41     1B41        3     3682       0
                text52                             1ECD     1ECD       19     3D9A       0
                text51                             1E04     1E04       15     3C08       0
                text50                             1B5E     1B5E        4     36BC       0
                text49                             1F1A     1F1A       1A     3E34       0
                text48                             1B62     1B62        4     36C4       0
                text47                             1B66     1B66        4     36CC       0
                text46                             10CF     10CF       26     219E       0
                text45                             1C7A     1C7A        C     38F4       0
                text44                             1087     1087       23     210E       0
                text43                             1FE1     1FE1       1F     3FC2       0
                text42                             111D     111D       2A     223A       0
                text41                             1468     1468       44     28D0       0
                text40                             1B6A     1B6A        4     36D4       0
                text39                             1E19     1E19       15     3C32       0
                text38                             1F87     1F87       1D     3F0E       0
                text37                             10AA     10AA       25     2154       0
                text36                              87B      87B       6E     10F6       0
                text35                              80E      80E       6D     101C       0
                text34                             1CA1     1CA1        F     3942       0
                text33                             1D04     1D04       11     3A08       0
                text32                             1D15     1D15       11     3A2A       0
                text31                             1F34     1F34       1B     3E68       0
                text30                              B21      B21       80     1642       0
                text29                             1425     1425       43     284A       0
                text28                              958      958       72     12B0       0
                text27                             1DCA     1DCA       13     3B94       0
                text26                             11A9     11A9       34     2352       0
                text25                              9CA      9CA       72     1394       0
                text24                              476      476       D5        8       0
                text23                             1B44     1B44        3     3688       0
                text22                             1CB0     1CB0       10     3960       0
                text21                             1000     1000        4     1E8A       0
                text20                             1E2E     1E2E       15     3C5C       0
                text19                             1B6E     1B6E        5     36DC       0
                text18                             1E43     1E43       15     3C86       0
                text17                             1C86     1C86        C     390C       0
                text16                             1D26     1D26       11     3A4C       0
                text15                             10F5     10F5       28     21EA       0
                text14                             1DF0     1DF0       14     3BE0       0
                text13                              1FC      1FC      184        8       0
                text12                             1B93     1B93        7     3726       0
                text11                              800      800        1        8       0
                text10                             1B47     1B47        3     368E       0
                text9                               DE3      DE3       AE     1BC6       0
                text8                               7FD      7FD        3        8       0
                text7                                 2        2        2        0       0
                text6                              1D7F     1D7F       12     3AFE       0
                text5                              1004     1004       20     2008       0
                text4                               A3C      A3C       72     1478       0
                text3                              13A4     13A4       40     2748       0
                text2                              1DDD     1DDD       13     3BBA       0
                text1                              1368     1368       3C     26D0       0
                maintext                           154F     154F       5B     2A9E       0
                cstackBANK0                          20       20       4E       20       1
                cstackCOMMON                         70       70        E       70       1
                cstackBANK1                          E5       E5        8       A0       1
                cstackBANK3                         1EC      1EC        4      1A0       1
                inittext                           1B79     1B79        6     36F2       0
                clrtext                            1B7F     1B7F        6     36FE       0
                dataBANK4                           220      220       20      220       1
                bssBANK3                            1A0      1A0       4C      1A0       1
                bssBANK2                            120      120       4D      120       1
                bssBANK1                             A0       A0       45       A0       1
                bitbssBANK0                         370       6E        2       20       1     8
                nvBANK1                              ED       ED        1       A0       1
                stringtext                         1800     1800       66       30       0
                idataBANK4                         1024     1024       20     2048       0

TOTAL           Name                               Link     Load   Length     Space
        CLASS   STACK          

        CLASS   CONST          

        CLASS   CODE           
                end_init                             20       20        2         0
                cinit                                22       22       28         0
                intentry                              4        4       1C         0
                reset_vec                             0        0        2         0
                text144                            1044     1044       21         0
                text143                             801      801        D         0
                text142                            12F1     12F1       3B         0
                text141                            1BB2     1BB2        9         0
                text140                             AAE      AAE       73         0
                text139                            1FC2     1FC2       1F         0
                text137                            1B3B     1B3B        3         0
                text136                            14AC     14AC       4A         0
                text135                            1C0E     1C0E        C         0
                text134                            1B73     1B73        6         0
                text133                            1B4A     1B4A        4         0
                text132                            1C1A     1C1A        C         0
                text131                            1CC0     1CC0       11         0
                text130                            127F     127F       39         0
                text129                             7A9      7A9       54         0
                text128                            14F6     14F6       59         0
                text127                            11DD     11DD       35         0
                text126                            1C26     1C26        C         0
                text125                             8E9      8E9       6F         0
                text124                            1B4E     1B4E        4         0
                text123                            1608     1608       61         0
                text122                            1065     1065       22         0
                text121                             380      380       F6         0
                text120                             D3A      D3A       A9         0
                text119                             E91      E91       B4         0
                text118                            1BBB     1BBB        9         0
                text117                             C27      C27       87         0
                text116                            1669     1669       65         0
                text115                            16CE     16CE       65         0
                text114                            1D91     1D91       13         0
                text113                            132C     132C       3C         0
                text112                            1B3A     1B3A        1         0
                text111                            1B85     1B85        7         0
                text110                            1176     1176       33         0
                text109                            1B9A     1B9A        8         0
                text108                            1E58     1E58       16         0
                text107                            1C92     1C92        F         0
                text106                            1E6E     1E6E       16         0
                text105                            1C32     1C32        C         0
                text104                            1CD1     1CD1       11         0
                text103                            1733     1733       65         0
                text102                            1DA4     1DA4       13         0
                text101                             F45      F45       BB         0
                text100                            15AA     15AA       5E         0
                text99                             1D37     1D37       12         0
                text98                             1CE2     1CE2       11         0
                text97                             1BCD     1BCD        A         0
                text96                             1EB4     1EB4       19         0
                text95                             1D49     1D49       12         0
                text94                              CAE      CAE       8C         0
                text93                             1E84     1E84       18         0
                text92                             1C3E     1C3E        C         0
                text91                             1E9C     1E9C       18         0
                text90                             1C4A     1C4A        C         0
                text89                             12B8     12B8       39         0
                text88                              6EA      6EA       BF         0
                text87                             1798     1798       68         0
                text86                             1F4F     1F4F       1C         0
                text85                             1BD7     1BD7        B         0
                text84                              54B      54B       D5         0
                text83                             1EE6     1EE6       1A         0
                text82                             1BC4     1BC4        9         0
                text81                             1147     1147       2F         0
                text80                             1C56     1C56        C         0
                text79                              620      620       CA         0
                text78                             1C62     1C62        C         0
                text77                              BA1      BA1       86         0
                text76                             1CF3     1CF3       11         0
                text75                             13E4     13E4       41         0
                text74                             1D5B     1D5B       12         0
                text73                             1B52     1B52        4         0
                text72                             1212     1212       36         0
                text71                             1B56     1B56        4         0
                text70                             1F6B     1F6B       1C         0
                text69                             1B3E     1B3E        3         0
                text68                             1248     1248       37         0
                text67                             1FA4     1FA4       1E         0
                text66                             1DB7     1DB7       13         0
                text65                             1BA2     1BA2        8         0
                text64                             1BAA     1BAA        8         0
                text63                             1BE2     1BE2        B         0
                text62                               4A       4A      1B2         0
                text61                             1B8C     1B8C        7         0
                text60                             1B5A     1B5A        4         0
                text59                             1BED     1BED        B         0
                text58                             1F00     1F00       1A         0
                text57                             1C6E     1C6E        C         0
                text56                             1BF8     1BF8        B         0
                text55                             1D6D     1D6D       12         0
                text54                             1C03     1C03        B         0
                text53                             1B41     1B41        3         0
                text52                             1ECD     1ECD       19         0
                text51                             1E04     1E04       15         0
                text50                             1B5E     1B5E        4         0
                text49                             1F1A     1F1A       1A         0
                text48                             1B62     1B62        4         0
                text47                             1B66     1B66        4         0
                text46                             10CF     10CF       26         0
                text45                             1C7A     1C7A        C         0
                text44                             1087     1087       23         0
                text43                             1FE1     1FE1       1F         0
                text42                             111D     111D       2A         0
                text41                             1468     1468       44         0
                text40                             1B6A     1B6A        4         0
                text39                             1E19     1E19       15         0
                text38                             1F87     1F87       1D         0
                text37                             10AA     10AA       25         0
                text36                              87B      87B       6E         0
                text35                              80E      80E       6D         0
                text34                             1CA1     1CA1        F         0
                text33                             1D04     1D04       11         0
                text32                             1D15     1D15       11         0
                text31                             1F34     1F34       1B         0
                text30                              B21      B21       80         0
                text29                             1425     1425       43         0
                text28                              958      958       72         0
                text27                             1DCA     1DCA       13         0
                text26                             11A9     11A9       34         0
                text25                              9CA      9CA       72         0
                text24                              476      476       D5         0
                text23                             1B44     1B44        3         0
                text22                             1CB0     1CB0       10         0
                text21                             1000     1000        4         0
                text20                             1E2E     1E2E       15         0
                text19                             1B6E     1B6E        5         0
                text18                             1E43     1E43       15         0
                text17                             1C86     1C86        C         0
                text16                             1D26     1D26       11         0
                text15                             10F5     10F5       28         0
                text14                             1DF0     1DF0       14         0
                text13                              1FC      1FC      184         0
                text12                             1B93     1B93        7         0
                text11                              800      800        1         0
                text10                             1B47     1B47        3         0
                text9                               DE3      DE3       AE         0
                text8                               7FD      7FD        3         0
                text7                                 2        2        2         0
                text6                              1D7F     1D7F       12         0
                text5                              1004     1004       20         0
                text4                               A3C      A3C       72         0
                text3                              13A4     13A4       40         0
                text2                              1DDD     1DDD       13         0
                text1                              1368     1368       3C         0
                maintext                           154F     154F       5B         0
                inittext                           1B79     1B79        6         0
                clrtext                            1B7F     1B7F        6         0
                idataBANK4                         1024     1024       20         0

        CLASS   STRCODE        
                stringtext                         1800     1800       66         0

        CLASS   ENTRY          

        CLASS   STRING         

        CLASS   COMMON         
                cstackCOMMON                         70       70        E         1

        CLASS   BANK0          
                cstackBANK0                          20       20       4E         1
                bitbssBANK0                         370       6E        2         1

        CLASS   BANK1          
                cstackBANK1                          E5       E5        8         1
                bssBANK1                             A0       A0       45         1
                nvBANK1                              ED       ED        1         1

        CLASS   BANK2          
                bssBANK2                            120      120       4D         1

        CLASS   BANK3          
                cstackBANK3                         1EC      1EC        4         1
                bssBANK3                            1A0      1A0       4C         1

        CLASS   BANK4          
                dataBANK4                           220      220       20         1

        CLASS   BANK5          

        CLASS   BANK6          

        CLASS   BANK7          

        CLASS   BANK8          

        CLASS   BANK9          

        CLASS   BANK10         

        CLASS   BANK11         

        CLASS   BANK12         

        CLASS   BIGRAM         

        CLASS   RAM            

        CLASS   ABS1           
                abs_s1                               7E       7E        2         1

        CLASS   SFR0           

        CLASS   SFR1           

        CLASS   SFR2           

        CLASS   SFR3           

        CLASS   SFR4           

        CLASS   SFR5           

        CLASS   SFR6           

        CLASS   SFR7           

        CLASS   SFR8           

        CLASS   SFR9           

        CLASS   SFR10          

        CLASS   SFR11          

        CLASS   SFR12          

        CLASS   SFR13          

        CLASS   SFR14          

        CLASS   SFR15          

        CLASS   SFR16          

        CLASS   SFR17          

        CLASS   SFR18          

        CLASS   SFR19          

        CLASS   SFR20          

        CLASS   SFR21          

        CLASS   SFR22          

        CLASS   SFR23          

        CLASS   SFR24          

        CLASS   SFR25          

        CLASS   SFR26          

        CLASS   SFR27          

        CLASS   SFR28          

        CLASS   SFR29          

        CLASS   SFR30          

        CLASS   SFR31          

        CLASS   CONFIG         
                config                             8007     8007        2         0

        CLASS   IDLOC          

        CLASS   BANK31         

        CLASS   BANK30         

        CLASS   BANK29         

        CLASS   BANK28         

        CLASS   BANK27         

        CLASS   BANK26         

        CLASS   BANK25         

        CLASS   BANK24         

        CLASS   BANK23         

        CLASS   BANK22         

        CLASS   BANK21         

        CLASS   BANK20         

        CLASS   BANK19         

        CLASS   BANK18         

        CLASS   BANK17         

        CLASS   BANK16         

        CLASS   BANK15         

        CLASS   BANK14         

        CLASS   BANK13         

        CLASS   EEDATA         



SEGMENTS        Name                           Load    Length   Top    Selector   Space  Class     Delta

                reset_vec                      000000  000004  000004         0       0  CODE        2
                intentry                       000004  0007FD  000801         8       0  CODE        2
                cstackBANK0                    000020  00004F  00006F        20       1  BANK0       1
                cstackCOMMON                   000070  00000E  00007E        70       1  COMMON      1
                bssBANK1                       0000A0  00004E  0000EE        A0       1  BANK1       1
                bssBANK2                       000120  00004D  00016D       120       1  BANK2       1
                bssBANK3                       0001A0  000050  0001F0       1A0       1  BANK3       1
                dataBANK4                      000220  000020  000240       220       1  BANK4       1
                text143                        000801  00000D  00080E      1002       0  CODE        2
                text35                         00080E  00006D  00087B      101C       0  CODE        2
                text36                         00087B  00006E  0008E9      10F6       0  CODE        2
                text125                        0008E9  00006F  000958      11D2       0  CODE        2
                text28                         000958  000072  0009CA      12B0       0  CODE        2
                text25                         0009CA  000072  000A3C      1394       0  CODE        2
                text4                          000A3C  000072  000AAE      1478       0  CODE        2
                text140                        000AAE  000073  000B21      155C       0  CODE        2
                text30                         000B21  000080  000BA1      1642       0  CODE        2
                text77                         000BA1  000086  000C27      1742       0  CODE        2
                text117                        000C27  000087  000CAE      184E       0  CODE        2
                text94                         000CAE  00008C  000D3A      195C       0  CODE        2
                text120                        000D3A  0000A9  000DE3      1A74       0  CODE        2
                text9                          000DE3  0000AE  000E91      1BC6       0  CODE        2
                text119                        000E91  0000B4  000F45      1D22       0  CODE        2
                text101                        000F45  0000BF  001004      1E8A       0  CODE        2
                text5                          001004  000020  001024      2008       0  CODE        2
                idataBANK4                     001024  000020  001044      2048       0  CODE        2
                text144                        001044  000021  001065      2088       0  CODE        2
                text122                        001065  000022  001087      20CA       0  CODE        2
                text44                         001087  000023  0010AA      210E       0  CODE        2
                text37                         0010AA  000025  0010CF      2154       0  CODE        2
                text46                         0010CF  000026  0010F5      219E       0  CODE        2
                text15                         0010F5  000028  00111D      21EA       0  CODE        2
                text42                         00111D  00002A  001147      223A       0  CODE        2
                text81                         001147  00002F  001176      228E       0  CODE        2
                text110                        001176  000033  0011A9      22EC       0  CODE        2
                text26                         0011A9  000034  0011DD      2352       0  CODE        2
                text127                        0011DD  000035  001212      23BA       0  CODE        2
                text72                         001212  000036  001248      2424       0  CODE        2
                text68                         001248  000037  00127F      2490       0  CODE        2
                text130                        00127F  000039  0012B8      24FE       0  CODE        2
                text89                         0012B8  000039  0012F1      2570       0  CODE        2
                text142                        0012F1  00003B  00132C      25E2       0  CODE        2
                text113                        00132C  00003C  001368      2658       0  CODE        2
                text1                          001368  00003C  0013A4      26D0       0  CODE        2
                text3                          0013A4  000040  0013E4      2748       0  CODE        2
                text75                         0013E4  000041  001425      27C8       0  CODE        2
                text29                         001425  000043  001468      284A       0  CODE        2
                text41                         001468  000044  0014AC      28D0       0  CODE        2
                text136                        0014AC  00004A  0014F6      2958       0  CODE        2
                text128                        0014F6  000059  00154F      29EC       0  CODE        2
                maintext                       00154F  00005B  0015AA      2A9E       0  CODE        2
                text100                        0015AA  00005E  001608      2B54       0  CODE        2
                text123                        001608  000061  001669      2C10       0  CODE        2
                text116                        001669  000065  0016CE      2CD2       0  CODE        2
                text115                        0016CE  000065  001733      2D9C       0  CODE        2
                text103                        001733  000065  001798      2E66       0  CODE        2
                text87                         001798  000068  001800      2F30       0  CODE        2
                stringtext                     001800  000066  001866        30       0  STRCODE     2
                text112                        001B3A  000001  001B3B      3674       0  CODE        2
                text137                        001B3B  000003  001B3E      3676       0  CODE        2
                text69                         001B3E  000003  001B41      367C       0  CODE        2
                text53                         001B41  000003  001B44      3682       0  CODE        2
                text23                         001B44  000003  001B47      3688       0  CODE        2
                text10                         001B47  000003  001B4A      368E       0  CODE        2
                text133                        001B4A  000004  001B4E      3694       0  CODE        2
                text124                        001B4E  000004  001B52      369C       0  CODE        2
                text73                         001B52  000004  001B56      36A4       0  CODE        2
                text71                         001B56  000004  001B5A      36AC       0  CODE        2
                text60                         001B5A  000004  001B5E      36B4       0  CODE        2
                text50                         001B5E  000004  001B62      36BC       0  CODE        2
                text48                         001B62  000004  001B66      36C4       0  CODE        2
                text47                         001B66  000004  001B6A      36CC       0  CODE        2
                text40                         001B6A  000004  001B6E      36D4       0  CODE        2
                text19                         001B6E  000005  001B73      36DC       0  CODE        2
                text134                        001B73  000006  001B79      36E6       0  CODE        2
                inittext                       001B79  000006  001B7F      36F2       0  CODE        2
                clrtext                        001B7F  000006  001B85      36FE       0  CODE        2
                text111                        001B85  000007  001B8C      370A       0  CODE        2
                text61                         001B8C  000007  001B93      3718       0  CODE        2
                text12                         001B93  000007  001B9A      3726       0  CODE        2
                text109                        001B9A  000008  001BA2      3734       0  CODE        2
                text65                         001BA2  000008  001BAA      3744       0  CODE        2
                text64                         001BAA  000008  001BB2      3754       0  CODE        2
                text141                        001BB2  000009  001BBB      3764       0  CODE        2
                text118                        001BBB  000009  001BC4      3776       0  CODE        2
                text82                         001BC4  000009  001BCD      3788       0  CODE        2
                text97                         001BCD  00000A  001BD7      379A       0  CODE        2
                text85                         001BD7  00000B  001BE2      37AE       0  CODE        2
                text63                         001BE2  00000B  001BED      37C4       0  CODE        2
                text59                         001BED  00000B  001BF8      37DA       0  CODE        2
                text56                         001BF8  00000B  001C03      37F0       0  CODE        2
                text54                         001C03  00000B  001C0E      3806       0  CODE        2
                text135                        001C0E  00000C  001C1A      381C       0  CODE        2
                text132                        001C1A  00000C  001C26      3834       0  CODE        2
                text126                        001C26  00000C  001C32      384C       0  CODE        2
                text105                        001C32  00000C  001C3E      3864       0  CODE        2
                text92                         001C3E  00000C  001C4A      387C       0  CODE        2
                text90                         001C4A  00000C  001C56      3894       0  CODE        2
                text80                         001C56  00000C  001C62      38AC       0  CODE        2
                text78                         001C62  00000C  001C6E      38C4       0  CODE        2
                text57                         001C6E  00000C  001C7A      38DC       0  CODE        2
                text45                         001C7A  00000C  001C86      38F4       0  CODE        2
                text17                         001C86  00000C  001C92      390C       0  CODE        2
                text107                        001C92  00000F  001CA1      3924       0  CODE        2
                text34                         001CA1  00000F  001CB0      3942       0  CODE        2
                text22                         001CB0  000010  001CC0      3960       0  CODE        2
                text131                        001CC0  000011  001CD1      3980       0  CODE        2
                text104                        001CD1  000011  001CE2      39A2       0  CODE        2
                text98                         001CE2  000011  001CF3      39C4       0  CODE        2
                text76                         001CF3  000011  001D04      39E6       0  CODE        2
                text33                         001D04  000011  001D15      3A08       0  CODE        2
                text32                         001D15  000011  001D26      3A2A       0  CODE        2
                text16                         001D26  000011  001D37      3A4C       0  CODE        2
                text99                         001D37  000012  001D49      3A6E       0  CODE        2
                text95                         001D49  000012  001D5B      3A92       0  CODE        2
                text74                         001D5B  000012  001D6D      3AB6       0  CODE        2
                text55                         001D6D  000012  001D7F      3ADA       0  CODE        2
                text6                          001D7F  000012  001D91      3AFE       0  CODE        2
                text114                        001D91  000013  001DA4      3B22       0  CODE        2
                text102                        001DA4  000013  001DB7      3B48       0  CODE        2
                text66                         001DB7  000013  001DCA      3B6E       0  CODE        2
                text27                         001DCA  000013  001DDD      3B94       0  CODE        2
                text2                          001DDD  000013  001DF0      3BBA       0  CODE        2
                text14                         001DF0  000014  001E04      3BE0       0  CODE        2
                text51                         001E04  000015  001E19      3C08       0  CODE        2
                text39                         001E19  000015  001E2E      3C32       0  CODE        2
                text20                         001E2E  000015  001E43      3C5C       0  CODE        2
                text18                         001E43  000015  001E58      3C86       0  CODE        2
                text108                        001E58  000016  001E6E      3CB0       0  CODE        2
                text106                        001E6E  000016  001E84      3CDC       0  CODE        2
                text93                         001E84  000018  001E9C      3D08       0  CODE        2
                text91                         001E9C  000018  001EB4      3D38       0  CODE        2
                text96                         001EB4  000019  001ECD      3D68       0  CODE        2
                text52                         001ECD  000019  001EE6      3D9A       0  CODE        2
                text83                         001EE6  00001A  001F00      3DCC       0  CODE        2
                text58                         001F00  00001A  001F1A      3E00       0  CODE        2
                text49                         001F1A  00001A  001F34      3E34       0  CODE        2
                text31                         001F34  00001B  001F4F      3E68       0  CODE        2
                text86                         001F4F  00001C  001F6B      3E9E       0  CODE        2
                text70                         001F6B  00001C  001F87      3ED6       0  CODE        2
                text38                         001F87  00001D  001FA4      3F0E       0  CODE        2
                text67                         001FA4  00001E  001FC2      3F48       0  CODE        2
                text139                        001FC2  00001F  001FE1      3F84       0  CODE        2
                text43                         001FE1  00001F  002000      3FC2       0  CODE        2
                config                         008007  000002  008009     1000E       0  CONFIG      2


UNUSED ADDRESS RANGES

        Name                Unused          Largest block    Delta
        BANK0            0006F-0006F               1           1
        BANK1            000EE-000EF               2           1
        BANK10           00520-0056F              50           1
        BANK11           005A0-005EF              50           1
        BANK12           00620-0064F              30           1
        BANK2            0016D-0016F               3           1
        BANK4            00240-0026F              30           1
        BANK5            002A0-002EF              50           1
        BANK6            00320-0036F              50           1
        BANK7            003A0-003EF              50           1
        BANK8            00420-0046F              50           1
        BANK9            004A0-004EF              50           1
        BIGRAM           02000-023EF             3F0           1
        CODE             01866-01B39             2D4           2
                         02000-03FFF             800
        CONST            01866-01B39             100           2
                         02000-03FFF             100
        ENTRY            01866-01B39             100           2
                         02000-03FFF             100
        IDLOC            08000-08003               4           2
        RAM              0006F-0006F               1           1
                         000EE-000EF               2
                         0016D-0016F               3
                         00240-0026F              30
                         002A0-002EF              50
                         00320-0036F              50
                         003A0-003EF              50
                         00420-0046F              50
                         004A0-004EF              50
                         00520-0056F              50
                         005A0-005EF              50
                         00620-0064F              30
        SFR0             00000-0001F              20           1
        SFR1             00080-0009F              20           1
        SFR10            00500-0051F              20           1
        SFR11            00580-0059F              20           1
        SFR12            00600-0061F              20           1
        SFR13            00680-006EF              70           1
        SFR14            00700-0076F              70           1
        SFR15            00780-007EF              70           1
        SFR16            00800-0086F              70           1
        SFR17            00880-008EF              70           1
        SFR18            00900-0096F              70           1
        SFR19            00980-009EF              70           1
        SFR2             00100-0011F              20           1
        SFR20            00A00-00A6F              70           1
        SFR21            00A80-00AEF              70           1
        SFR22            00B00-00B6F              70           1
        SFR23            00B80-00BEF              70           1
        SFR24            00C00-00C6F              70           1
        SFR25            00C80-00CEF              70           1
        SFR26            00D00-00D6F              70           1
        SFR27            00D80-00DEF              70           1
        SFR28            00E00-00E6F              70           1
        SFR29            00E80-00EEF              70           1
        SFR3             00180-0019F              20           1
        SFR30            00F00-00F6F              70           1
        SFR31            00F80-00FEF              70           1
        SFR4             00200-0021F              20           1
        SFR5             00280-0029F              20           1
        SFR6             00300-0031F              20           1
        SFR7             00380-0039F              20           1
        SFR8             00400-0041F              20           1
        SFR9             00480-0049F              20           1
        STACK            02160-0231F             1C0           1
        STRCODE          01866-01B39             2D4           2
                         02000-03FFF            2000
        STRING           01866-01B39             100           2
                         02000-03FFF             100

                                  Symbol Table

?___awdiv                                 cstackBANK0  00021
?___awtoft                                cstackBANK0  00029
?___ftadd                                 cstackBANK0  00042
?___ftdiv                                 cstackBANK0  0002F
?___ftmul                                 cstackBANK0  0002F
?___ftneg                                 cstackBANK0  0003F
?___ftpack                                cstackBANK0  00021
?___fttol                                 cstackBANK0  0004F
?___lwdiv                                 cstackBANK0  00021
?___wmul                                  cstackBANK0  00021
?_getAD                                   cstackBANK0  00021
?_getBuz_GO                               cstackBANK0  00021
CC2500_InitPATable@loop_d                 cstackBANK0  00028
CC2500_InitPATable@temp                   cstackBANK0  00027
CC2500_InitSetREG@loop_c                  cstackBANK0  00029
CC2500_InitSetREG@temp1                   cstackBANK0  00027
CC2500_InitSetREG@temp2                   cstackBANK0  00028
CC2500_ReadByte@loop_b                    cstackBANK0  00022
CC2500_ReadStatus@status_addr             cstackBANK0  00024
CC2500_RxData@loop_f                      cstackBANK0  00026
CC2500_TxData@loop_e                      cstackBANK0  00026
CC2500_WriteByte@loop_a                   cstackBANK0  00022
CC2500_WriteCommand@command               cstackBANK0  00024
CC2500_WriteREG@value                     cstackBANK0  00023
CC2500_WriteREG@w_addr                    cstackBANK0  00025
DelayOffPointSelect@sw                    cstackBANK0  00022
DelayTime_1us@count                       cstackBANK0  00021
DelayTime_1us@i                           cstackBANK0  00023
DelayTime_1us@j                           cstackBANK0  00025
DimmerLights_IOC_1@count                  cstackCOMMON 0007C
DimmerLights_IOC_1@dimming                cstackCOMMON 0007D
DimmerLights_SelectPointer@lights         cstackBANK0  00022
Division@num                              cstackCOMMON 00075
Division@result                           cstackCOMMON 00079
Division@value                            cstackCOMMON 00078
DlyOff_Initialization@sw                  cstackBANK0  00023
DlyOff_Main@sw                            cstackBANK0  00068
Exception_Main@count                      cstackBANK0  00030
Exception_Main@error                      cstackBANK0  00031
Exception_Main@i                          cstackBANK0  00032
Exception_Main@i_3580                     cstackBANK0  00034
Exception_Main@lights                     cstackBANK0  00036
Exception_Main@status                     cstackBANK0  0002F
Flash_Memory_Initialization@value         cstackBANK0  00026
Flash_Memory_Main@key_Status              cstackBANK0  00028
Flash_Memory_Modify@i                     cstackBANK0  00026
Flash_Memory_Read@address                 cstackBANK0  00023
Flash_Memory_Read@i                       cstackBANK0  00022
Flash_Memory_Read@ret                     cstackBANK0  00024
Flash_Memory_Write@i                      cstackBANK0  00022
LedPointSelect@led                        cstackBANK0  00022
Load_Main@ErrorCountValue                 cstackBANK0  0002E
Load_Main@LightsCount                     cstackBANK0  00030
Load_Main@Load_RunStatus                  cstackBANK0  0002F
Load_Main@error                           cstackBANK0  0002B
Load_Main@i                               cstackBANK0  00031
SwPointSelect@sw                          cstackBANK0  00022
_ADCON0                                   (abs)        0009D
_ADCON1                                   (abs)        0009E
_ADC_Set                                  text61       01B8C
_ADRESH                                   (abs)        0009C
_ADRESL                                   (abs)        0009B
_ANSELA                                   (abs)        0018C
_ANSELB                                   (abs)        0018D
_ANSELC                                   (abs)        0018E
_Buz1                                     bssBANK2     00120
_Buzzer_Initialization                    text137      01B3B
_Buzzer_Main                              text136      014AC
_CC2500_ClearRXFIFO                       text48       01B62
_CC2500_ClearTXFIFO                       text47       01B66
_CC2500_FrequencyCabr                     text45       01C7A
_CC2500_InitPATable                       text43       01FE1
_CC2500_InitSetREG                        text42       0111D
_CC2500_PowerOnInitial                    text39       01E19
_CC2500_PowerRST                          text41       01468
_CC2500_ReadByte                          text38       01F87
_CC2500_ReadStatus                        text37       010AA
_CC2500_RxData                            text36       0087B
_CC2500_SIDLEMode                         text40       01B6A
_CC2500_TxData                            text35       0080E
_CC2500_WriteByte                         text52       01ECD
_CC2500_WriteCommand                      text49       01F1A
_CC2500_WriteREG                          text44       01087
_CC2500_patable_vaule                     stringtext   0185E
_CC2500_registers_address                 stringtext   01800
_CC2500_rfSettings                        stringtext   0182F
_CFGS                                     (abs)        00CAE
_CRC                                      bssBANK1     000CB
_Cmd                                      bssBANK1     000CC
_DelayOff                                 bssBANK1     000CD
_DelayOffPointSelect                      text135      01C0E
_DelayOff_Initialization                  text133      01B4A
_DelayOff_Main                            text124      01B4E
_DelayTime_1us                            text46       010CF
_Dimmer                                   bssBANK2     0012C
_DimmerIntr                               bssBANK1     000CE
_DimmerIntr1                              bssBANK1     000BB
_DimmerIntr_Initialization                text113      0132C
_DimmerLights                             bssBANK1     000CF
_DimmerLights1                            bssBANK2     0015C
_DimmerLights_IOC_1                       text142      012F1
_DimmerLights_Initialization              text111      01B85
_DimmerLights_Main                        text86       01F4F
_DimmerLights_SelectPointer               text132      01C1A
_DimmerLights_TMR_1                       text140      00AAE
_Division                                 text143      00801
_DlyOff_Initialization                    text134      01B73
_DlyOff_Main                              text125      008E9
_DlySw1                                   bssBANK2     00164
_Exception_Main                           text84       0054B
_FREE                                     (abs)        00CAC
_FVRCON                                   (abs)        00117
_Flash_Memory_Erasing                     text78       01C62
_Flash_Memory_Initialization              text79       00620
_Flash_Memory_Main                        text75       013E4
_Flash_Memory_Main$3112                   cstackBANK0  00029
_Flash_Memory_Modify                      text77       00BA1
_Flash_Memory_Read                        text83       01EE6
_Flash_Memory_Unlock                      text82       01BC4
_Flash_Memory_Write                       text81       01147
_Fosc_Set                                 text60       01B5A
_GIE                                      (abs)        0005F
_GO_nDONE                                 (abs)        004E9
_IOCBF                                    (abs)        00396
_IOCBF2                                   (abs)        01CB2
_IOCBN                                    (abs)        00395
_IOCBP                                    (abs)        00394
_IOCIE                                    (abs)        0005B
_IOCIF                                    (abs)        00058
_IOC_ISR                                  text141      01BB2
_IOC_Set                                  text59       01BED
_IO_Set                                   text58       01F00
_ISR                                      intentry     00004
_LATA                                     (abs)        0010C
_LATB                                     (abs)        0010D
_LATC                                     (abs)        0010E
_LED                                      bssBANK1     000D0
_LED_Initialization                       text73       01B52
_LED_Main                                 text71       01B56
_LWLO                                     (abs)        00CAD
_LedPointSelect                           text90       01C4A
_Light                                    bssBANK1     000D1
_Load                                     bssBANK2     00134
_Load_Initialization                      text69       01B3E
_Load_Main                                text62       0004A
_Load_Main$3939                           cstackBANK0  0002C
_Mcu_Initialization                       text55       01D6D
_Memory                                   bssBANK3     001BE
_OSCCON                                   (abs)        00099
_PEIE                                     (abs)        0005E
_PMADRH                                   (abs)        00192
_PMADRL                                   (abs)        00191
_PMCON2                                   (abs)        00196
_PMDATH                                   (abs)        00194
_PMDATL                                   (abs)        00193
_PORTA                                    (abs)        0000C
_PORTB                                    (abs)        0000D
_PORTC                                    (abs)        0000E
_RA0                                      (abs)        00060
_RA4                                      (abs)        00064
_RA6                                      (abs)        00066
_RA7                                      (abs)        00067
_RB0                                      (abs)        00068
_RB1                                      (abs)        00069
_RB2                                      (abs)        0006A
_RB3                                      (abs)        0006B
_RB5                                      (abs)        0006D
_RC0                                      (abs)        00070
_RC1                                      (abs)        00071
_RC3                                      (abs)        00073
_RC4                                      (abs)        00074
_RC5                                      (abs)        00075
_RD                                       (abs)        00CA8
_RF1                                      bssBANK1     000A0
_RF_Count                                 bssBANK1     000C7
_RF_Data                                  bssBANK3     001A0
_RF_Initialization                        text53       01B41
_RF_Main                                  text23       01B44
_RF_RxDisable                             text34       01CA1
_RF_Timeout_Counter                       text51       01E04
_RSSI                                     bssBANK1     000D2
_Receive_OK                               bitbssBANK0  00370
_Rx_Length                                bssBANK1     000D3
_SPI0Buffer                               bssBANK1     000D4
_Sw                                       bssBANK1     000D5
_Sw1                                      bssBANK3     001E3
_SwDetect                                 bssBANK1     000D6
_SwPointSelect                            text17       01C86
_Switch_Initialization                    text21       01000
_Switch_Main                              text12       01B93
_T1CON                                    (abs)        00018
_TMR1H                                    (abs)        00017
_TMR1IE                                   (abs)        00488
_TMR1IF                                   (abs)        00088
_TMR1L                                    (abs)        00016
_TMR1_ISR                                 text139      01FC2
_TMR1_Set                                 text57       01C6E
_TRISA                                    (abs)        0008C
_TRISB                                    (abs)        0008D
_TRISC                                    (abs)        0008E
_Temp                                     bssBANK1     000DB
_Temp_Initialization                      text10       01B47
_Temp_Main                                text8        007FD
_Timeout_Counter                          text20       01E2E
_Timer1                                   bssBANK2     00131
_TouchPower                               text18       01E43
_Transceive_OK                            bitbssBANK0  00371
_Tx_Length                                bssBANK1     000D7
_VarErrLED                                bssBANK2     00169
_WDT                                      bssBANK1     000C9
_WDTCON                                   (abs)        00097
_WDT_Clearing                             text7        00002
_WDT_Main                                 text6        01D7F
_WDT_Set                                  text56       01BF8
_WPUB                                     (abs)        0020D
_WR                                       (abs)        00CA9
_WREN                                     (abs)        00CAA
__CFG_BOREN$OFF                           (abs)        00000
__CFG_FOSC$INTOSC                         (abs)        00000
__CFG_VCAPEN$OFF                          (abs)        00000
__CFG_WDTE$ON                             (abs)        00000
__CFG_WRT$HALF                            (abs)        00000
__Habs1                                   abs1         00000
__Hbank0                                  bank0        00000
__Hbank1                                  bank1        00000
__Hbank10                                 bank10       00000
__Hbank11                                 bank11       00000
__Hbank12                                 bank12       00000
__Hbank13                                 bank13       00000
__Hbank14                                 bank14       00000
__Hbank15                                 bank15       00000
__Hbank16                                 bank16       00000
__Hbank17                                 bank17       00000
__Hbank18                                 bank18       00000
__Hbank19                                 bank19       00000
__Hbank2                                  bank2        00000
__Hbank20                                 bank20       00000
__Hbank21                                 bank21       00000
__Hbank22                                 bank22       00000
__Hbank23                                 bank23       00000
__Hbank24                                 bank24       00000
__Hbank25                                 bank25       00000
__Hbank26                                 bank26       00000
__Hbank27                                 bank27       00000
__Hbank28                                 bank28       00000
__Hbank29                                 bank29       00000
__Hbank3                                  bank3        00000
__Hbank30                                 bank30       00000
__Hbank31                                 bank31       00000
__Hbank4                                  bank4        00000
__Hbank5                                  bank5        00000
__Hbank6                                  bank6        00000
__Hbank7                                  bank7        00000
__Hbank8                                  bank8        00000
__Hbank9                                  bank9        00000
__Hbigram                                 bigram       00000
__HbitbssBANK0                            bitbssBANK0  00000
__HbssBANK1                               bssBANK1     00000
__HbssBANK2                               bssBANK2     00000
__HbssBANK3                               bssBANK3     00000
__Hcinit                                  cinit        0004A
__Hclrtext                                clrtext      00000
__Hcode                                   code         00000
__Hcommon                                 common       00000
__Hconfig                                 config       08009
__HcstackBANK0                            cstackBANK0  00000
__HcstackBANK1                            cstackBANK1  00000
__HcstackBANK3                            cstackBANK3  00000
__HcstackCOMMON                           cstackCOMMON 00000
__HdataBANK4                              dataBANK4    00000
__Heeprom_data                            eeprom_data  00000
__Hend_init                               end_init     00022
__Hfunctab                                functab      00000
__HidataBANK4                             idataBANK4   00000
__Hidloc                                  idloc        00000
__Hinit                                   init         00020
__Hinittext                               inittext     00000
__Hintentry                               intentry     00020
__Hmaintext                               maintext     00000
__HnvBANK1                                nvBANK1      00000
__Hpowerup                                powerup      00000
__Hram                                    ram          00000
__Hreset_vec                              reset_vec    00002
__Hsfr0                                   sfr0         00000
__Hsfr1                                   sfr1         00000
__Hsfr10                                  sfr10        00000
__Hsfr11                                  sfr11        00000
__Hsfr12                                  sfr12        00000
__Hsfr13                                  sfr13        00000
__Hsfr14                                  sfr14        00000
__Hsfr15                                  sfr15        00000
__Hsfr16                                  sfr16        00000
__Hsfr17                                  sfr17        00000
__Hsfr18                                  sfr18        00000
__Hsfr19                                  sfr19        00000
__Hsfr2                                   sfr2         00000
__Hsfr20                                  sfr20        00000
__Hsfr21                                  sfr21        00000
__Hsfr22                                  sfr22        00000
__Hsfr23                                  sfr23        00000
__Hsfr24                                  sfr24        00000
__Hsfr25                                  sfr25        00000
__Hsfr26                                  sfr26        00000
__Hsfr27                                  sfr27        00000
__Hsfr28                                  sfr28        00000
__Hsfr29                                  sfr29        00000
__Hsfr3                                   sfr3         00000
__Hsfr30                                  sfr30        00000
__Hsfr31                                  sfr31        00000
__Hsfr4                                   sfr4         00000
__Hsfr5                                   sfr5         00000
__Hsfr6                                   sfr6         00000
__Hsfr7                                   sfr7         00000
__Hsfr8                                   sfr8         00000
__Hsfr9                                   sfr9         00000
__Hspace_0                                (abs)        08009
__Hspace_1                                (abs)        00372
__Hspace_2                                (abs)        00000
__Hspace_3                                (abs)        00000
__Hstack                                  stack        00000
__Hstrings                                strings      00000
__Hstringtext                             stringtext   00000
__Htext                                   text         00000
__Labs1                                   abs1         00000
__Lbank0                                  bank0        00000
__Lbank1                                  bank1        00000
__Lbank10                                 bank10       00000
__Lbank11                                 bank11       00000
__Lbank12                                 bank12       00000
__Lbank13                                 bank13       00000
__Lbank14                                 bank14       00000
__Lbank15                                 bank15       00000
__Lbank16                                 bank16       00000
__Lbank17                                 bank17       00000
__Lbank18                                 bank18       00000
__Lbank19                                 bank19       00000
__Lbank2                                  bank2        00000
__Lbank20                                 bank20       00000
__Lbank21                                 bank21       00000
__Lbank22                                 bank22       00000
__Lbank23                                 bank23       00000
__Lbank24                                 bank24       00000
__Lbank25                                 bank25       00000
__Lbank26                                 bank26       00000
__Lbank27                                 bank27       00000
__Lbank28                                 bank28       00000
__Lbank29                                 bank29       00000
__Lbank3                                  bank3        00000
__Lbank30                                 bank30       00000
__Lbank31                                 bank31       00000
__Lbank4                                  bank4        00000
__Lbank5                                  bank5        00000
__Lbank6                                  bank6        00000
__Lbank7                                  bank7        00000
__Lbank8                                  bank8        00000
__Lbank9                                  bank9        00000
__Lbigram                                 bigram       00000
__LbitbssBANK0                            bitbssBANK0  00000
__LbssBANK1                               bssBANK1     00000
__LbssBANK2                               bssBANK2     00000
__LbssBANK3                               bssBANK3     00000
__Lcinit                                  cinit        00022
__Lclrtext                                clrtext      00000
__Lcode                                   code         00000
__Lcommon                                 common       00000
__Lconfig                                 config       08007
__LcstackBANK0                            cstackBANK0  00000
__LcstackBANK1                            cstackBANK1  00000
__LcstackBANK3                            cstackBANK3  00000
__LcstackCOMMON                           cstackCOMMON 00000
__LdataBANK4                              dataBANK4    00000
__Leeprom_data                            eeprom_data  00000
__Lend_init                               end_init     00020
__Lfunctab                                functab      00000
__LidataBANK4                             idataBANK4   00000
__Lidloc                                  idloc        00000
__Linit                                   init         00020
__Linittext                               inittext     00000
__Lintentry                               intentry     00004
__Lmaintext                               maintext     00000
__LnvBANK1                                nvBANK1      00000
__Lpowerup                                powerup      00000
__Lram                                    ram          00000
__Lreset_vec                              reset_vec    00000
__Lsfr0                                   sfr0         00000
__Lsfr1                                   sfr1         00000
__Lsfr10                                  sfr10        00000
__Lsfr11                                  sfr11        00000
__Lsfr12                                  sfr12        00000
__Lsfr13                                  sfr13        00000
__Lsfr14                                  sfr14        00000
__Lsfr15                                  sfr15        00000
__Lsfr16                                  sfr16        00000
__Lsfr17                                  sfr17        00000
__Lsfr18                                  sfr18        00000
__Lsfr19                                  sfr19        00000
__Lsfr2                                   sfr2         00000
__Lsfr20                                  sfr20        00000
__Lsfr21                                  sfr21        00000
__Lsfr22                                  sfr22        00000
__Lsfr23                                  sfr23        00000
__Lsfr24                                  sfr24        00000
__Lsfr25                                  sfr25        00000
__Lsfr26                                  sfr26        00000
__Lsfr27                                  sfr27        00000
__Lsfr28                                  sfr28        00000
__Lsfr29                                  sfr29        00000
__Lsfr3                                   sfr3         00000
__Lsfr30                                  sfr30        00000
__Lsfr31                                  sfr31        00000
__Lsfr4                                   sfr4         00000
__Lsfr5                                   sfr5         00000
__Lsfr6                                   sfr6         00000
__Lsfr7                                   sfr7         00000
__Lsfr8                                   sfr8         00000
__Lsfr9                                   sfr9         00000
__Lspace_0                                (abs)        00000
__Lspace_1                                (abs)        00000
__Lspace_2                                (abs)        00000
__Lspace_3                                (abs)        00000
__Lstack                                  stack        00000
__Lstrings                                strings      00000
__Lstringtext                             stringtext   00000
__Ltext                                   text         00000
__S0                                      (abs)        08009
__S1                                      (abs)        00240
__S2                                      (abs)        00000
___awdiv                                  text129      007A9
___awdiv@counter                          cstackBANK0  00026
___awdiv@dividend                         cstackBANK0  00023
___awdiv@divisor                          cstackBANK0  00021
___awdiv@quotient                         cstackBANK0  00028
___awdiv@sign                             cstackBANK0  00027
___awtoft                                 text122      01065
___awtoft@c                               cstackBANK0  00029
___awtoft@sign                            cstackBANK0  0002E
___bmul                                   text95       01D49
___bmul@multiplicand                      cstackBANK0  00021
[...]
		Unchanged: 
 Data sizes:     COMMON   BANK0   BANK1   BANK2   BANK3   BANK4   BANK5   BANK6   BANK7   BANK8   BANK9  BANK10  BANK11  BANK12
      Params:         0       0       0       0       0       0       0       0       0       0       0       0       0       0
      Locals:         0       0       0       0       0       0       0       0       0       0       0       0       0       0
      Temps:          0       0       0       0       0       0       0       0       0       0       0       0       0       0
      Totals:         0       0       0       0       0       0       0       0       0       0       0       0       0       0
Total ram usage:        0 bytes
 Hardware stack levels used:    1
 Hardware stack levels required when called:    5
 This function calls:
		Nothing
 This function is called by:
		_main
 This function uses a non-reentrant model


 *************** function _ISR *****************
 Defined at:
		line 116 in file "../src/MCU_B1.c"
 Parameters:    Size  Location     Type
		None
 Auto vars:     Size  Location     Type
		None
 Return value:  Size  Location     Type
		None               void
 Registers used:
		wreg, fsr1l, fsr1h, status,2, status,0, pclath, cstack
 Tracked objects:
		On entry : 
		On exit  : 
		Unchanged: 
 Data sizes:     COMMON   BANK0   BANK1   BANK2   BANK3   BANK4   BANK5   BANK6   BANK7   BANK8   BANK9  BANK10  BANK11  BANK12
      Params:         0       0       0       0       0       0       0       0       0       0       0       0       0       0
      Locals:         0       0       0       0       0       0       0       0       0       0       0       0       0       0
      Temps:          0       1       0       0       0       0       0       0       0       0       0       0       0       0
      Totals:         0       1       0       0       0       0       0       0       0       0       0       0       0       0
Total ram usage:        1 bytes
 Hardware stack levels used:    1
 Hardware stack levels required when called:    4
 This function calls:
		_IOC_ISR
		_TMR1_ISR
 This function is called by:
		Interrupt level 1
 This function uses a non-reentrant model


 *************** function _TMR1_ISR *****************
 Defined at:
		line 236 in file "../src/MCU_B1.c"
 Parameters:    Size  Location     Type
		None
 Auto vars:     Size  Location     Type
		None
 Return value:  Size  Location     Type
		None               void
 Registers used:
		wreg, fsr1l, fsr1h, status,2, status,0, pclath, cstack
 Tracked objects:
		On entry : 
		On exit  : 
		Unchanged: 
 Data sizes:     COMMON   BANK0   BANK1   BANK2   BANK3   BANK4   BANK5   BANK6   BANK7   BANK8   BANK9  BANK10  BANK11  BANK12
      Params:         0       0       0       0       0       0       0       0       0       0       0       0       0       0
      Locals:         0       0       0       0       0       0       0       0       0       0       0       0       0       0
      Temps:          0       0       0       0       0       0       0       0       0       0       0       0       0       0
      Totals:         0       0       0       0       0       0       0       0       0       0       0       0       0       0
Total ram usage:        0 bytes
 Hardware stack levels used:    1
 Hardware stack levels required when called:    1
 This function calls:
		_DimmerLights_TMR_1
 This function is called by:
		_ISR
 This function uses a non-reentrant model


 *************** function _DimmerLights_TMR_1 *****************
 Defined at:
		line 1350 in file "../src/Dimmer_B1.c"
 Parameters:    Size  Location     Type
		None
 Auto vars:     Size  Location     Type
		None
 Return value:  Size  Location     Type
		None               void
 Registers used:
		wreg, status,2, status,0
 Tracked objects:
		On entry : 
		On exit  : 
		Unchanged: 
 Data sizes:     COMMON   BANK0   BANK1   BANK2   BANK3   BANK4   BANK5   BANK6   BANK7   BANK8   BANK9  BANK10  BANK11  BANK12
      Params:         0       0       0       0       0       0       0       0       0       0       0       0       0       0
      Locals:         0       0       0       0       0       0       0       0       0       0       0       0       0       0
      Temps:          1       0       0       0       0       0       0       0       0       0       0       0       0       0
      Totals:         1       0       0       0       0       0       0       0       0       0       0       0       0       0
Total ram usage:        1 bytes
 Hardware stack levels used:    1
 This function calls:
		Nothing
 This function is called by:
		_TMR1_ISR
 This function uses a non-reentrant model


 *************** function _IOC_ISR *****************
 Defined at:
		line 394 in file "../src/MCU_B1.c"
 Parameters:    Size  Location     Type
		None
 Auto vars:     Size  Location     Type
		None
 Return value:  Size  Location     Type
		None               void
 Registers used:
		wreg, status,2, status,0, pclath, cstack
 Tracked objects:
		On entry : 
		On exit  : 
		Unchanged: 
 Data sizes:     COMMON   BANK0   BANK1   BANK2   BANK3   BANK4   BANK5   BANK6   BANK7   BANK8   BANK9  BANK10  BANK11  BANK12
      Params:         0       0       0       0       0       0       0       0       0       0       0       0       0       0
      Locals:         0       0       0       0       0       0       0       0       0       0       0       0       0       0
      Temps:          0       0       0       0       0       0       0       0       0       0       0       0       0       0
      Totals:         0       0       0       0       0       0       0       0       0       0       0       0       0       0
Total ram usage:        0 bytes
 Hardware stack levels used:    1
 Hardware stack levels required when called:    3
 This function calls:
		_DimmerLights_IOC_1
 This function is called by:
		_ISR
 This function uses a non-reentrant model


 *************** function _DimmerLights_IOC_1 *****************
 Defined at:
		line 1459 in file "../src/Dimmer_B1.c"
 Parameters:    Size  Location     Type
		None
 Auto vars:     Size  Location     Type
  dimming         1   13[COMMON] unsigned char 
  count           1   12[COMMON] unsigned char 
 Return value:  Size  Location     Type
		None               void
 Registers used:
		wreg, status,2, status,0, pclath, cstack
 Tracked objects:
		On entry : 
		On exit  : 
		Unchanged: 
 Data sizes:     COMMON   BANK0   BANK1   BANK2   BANK3   BANK4   BANK5   BANK6   BANK7   BANK8   BANK9  BANK10  BANK11  BANK12
      Params:         0       0       0       0       0       0       0       0       0       0       0       0       0       0
      Locals:         2       0       0       0       0       0       0       0       0       0       0       0       0       0
      Temps:          2       0       0       0       0       0       0       0       0       0       0       0       0       0
      Totals:         4       0       0       0       0       0       0       0       0       0       0       0       0       0
Total ram usage:        4 bytes
 Hardware stack levels used:    1
 Hardware stack levels required when called:    2
 This function calls:
		_Division
 This function is called by:
		_IOC_ISR
 This function uses a non-reentrant model


 *************** function _Division *****************
 Defined at:
		line 1345 in file "../src/Dimmer_B1.c"
 Parameters:    Size  Location     Type
  value           1    wreg     unsigned char 
  num             1    5[COMMON] unsigned char 
 Auto vars:     Size  Location     Type
  value           1    8[COMMON] unsigned char 
  result          1    9[COMMON] unsigned char 
 Return value:  Size  Location     Type
                  1    wreg      unsigned char 
 Registers used:
		wreg, status,2, status,0, pclath, cstack
 Tracked objects:
		On entry : 
		On exit  : 
		Unchanged: 
 Data sizes:     COMMON   BANK0   BANK1   BANK2   BANK3   BANK4   BANK5   BANK6   BANK7   BANK8   BANK9  BANK10  BANK11  BANK12
      Params:         1       0       0       0       0       0       0       0       0       0       0       0       0       0
      Locals:         2       0       0       0       0       0       0       0       0       0       0       0       0       0
      Temps:          2       0       0       0       0       0       0       0       0       0       0       0       0       0
      Totals:         5       0       0       0       0       0       0       0       0       0       0       0       0       0
Total ram usage:        5 bytes
 Hardware stack levels used:    1
 Hardware stack levels required when called:    1
 This function calls:
		___lbdiv
 This function is called by:
		_DimmerLights_IOC_1
 This function uses a non-reentrant model


 *************** function ___lbdiv *****************
 Defined at:
		line 4 in file "C:\Program Files (x86)\Microchip\xc8\v1.32\sources\common\lbdiv.c"
 Parameters:    Size  Location     Type
  dividend        1    wreg     unsigned char 
  divisor         1    0[COMMON] unsigned char 
 Auto vars:     Size  Location     Type
  dividend        1    2[COMMON] unsigned char 
  quotient        1    4[COMMON] unsigned char 
  counter         1    3[COMMON] unsigned char 
 Return value:  Size  Location     Type
                  1    wreg      unsigned char 
 Registers used:
		wreg, status,2, status,0
 Tracked objects:
		On entry : 
		On exit  : 
		Unchanged: 
 Data sizes:     COMMON   BANK0   BANK1   BANK2   BANK3   BANK4   BANK5   BANK6   BANK7   BANK8   BANK9  BANK10  BANK11  BANK12
      Params:         1       0       0       0       0       0       0       0       0       0       0       0       0       0
      Locals:         3       0       0       0       0       0       0       0       0       0       0       0       0       0
      Temps:          1       0       0       0       0       0       0       0       0       0       0       0       0       0
      Totals:         5       0       0       0       0       0       0       0       0       0       0       0       0       0
Total ram usage:        5 bytes
 Hardware stack levels used:    1
 This function calls:
		Nothing
 This function is called by:
		_Division
 This function uses a non-reentrant model



MODULE INFORMATION

Module		Function		Class		Link	Load	Size
C:\Program Files (x86)\Microchip\xc8\v1.32\sources\common\float.c
		___ftpack      		CODE           	1608	0000	97

C:\Program Files (x86)\Microchip\xc8\v1.32\sources\common\float.c estimated size: 97

../src/OverLoad_B1.c
		_getLoad_AD    		CODE           	0A3C	0000	114
		_getLoad_OK    		CODE           	1B9A	0000	8
		_Load_Initializ		CODE           	1B3E	0000	3
		_Load_Main     		CODE           	004A	0000	434
		_setLoad_AH_AL_		CODE           	1F6B	0000	28

../src/OverLoad_B1.c estimated size: 587

C:\Program Files (x86)\Microchip\xc8\v1.32\sources\common\awtoft.c
		___awtoft      		CODE           	1065	0000	34

C:\Program Files (x86)\Microchip\xc8\v1.32\sources\common\awtoft.c estimated size: 34

../src/MCU_B1.c
		_Fosc_Set      		CODE           	1B5A	0000	4
		_IO_Set        		CODE           	1F00	0000	26
		_WDT_Set       		CODE           	1BF8	0000	11
		_WDT_Main      		CODE           	1D7F	0000	18
		_ADC_Set       		CODE           	1B8C	0000	7
		_IOC_ISR       		CODE           	1BB2	0000	9
		_ISR           		CODE           	0004	0000	28
		_Flash_Memory_W		CODE           	1147	0000	47
		_Flash_Memory_M		CODE           	0BA1	0000	134
		_IOC_Set       		CODE           	1BED	0000	11
		_WDT_Clearing  		CODE           	0002	0000	2
		_setMemory_Modi		CODE           	1D91	0000	19
		_Mcu_Initializa		CODE           	1D6D	0000	18
		_setMemory_Data		CODE           	1C56	0000	12
		_Flash_Memory_I		CODE           	0620	0000	202
		_getAD         		CODE           	1004	0000	32
		_TMR1_Set      		CODE           	1C6E	0000	12
		_setMemory_Loop		CODE           	1DCA	0000	19
		_Flash_Memory_U		CODE           	1BC4	0000	9
		_Flash_Memory_R		CODE           	1EE6	0000	26
		_Flash_Memory_E		CODE           	1C62	0000	12
		_TMR1_ISR      		CODE           	1FC2	0000	31
		_Flash_Memory_M		CODE           	13E4	0000	65

../src/MCU_B1.c estimated size: 754

C:\Program Files (x86)\Microchip\xc8\v1.32\sources\common\ftmul.c
		___ftmul       		CODE           	0E91	0000	180

C:\Program Files (x86)\Microchip\xc8\v1.32\sources\common\ftmul.c estimated size: 180

../src/Buzzer_B1.c
		_Buzzer_Main   		CODE           	14AC	0000	74
		_setBuz        		CODE           	14F6	0000	89
		_getBuz_GO     		CODE           	1D04	0000	17
		_Buzzer_Initial		CODE           	1B3B	0000	3

../src/Buzzer_B1.c estimated size: 183

../src/LED_B1.c
		_setLED        		CODE           	12B8	0000	57
		_LED_Main      		CODE           	1B56	0000	4
		_setLED_Initial		CODE           	1D5B	0000	18
		_LedPointSelect		CODE           	1C4A	0000	12
		_setLED_Main   		CODE           	1212	0000	54
		_LED_Initializa		CODE           	1B52	0000	4

../src/LED_B1.c estimated size: 149

../src/OverTemperature_B1.c
		_Temp_Initializ		CODE           	1B47	0000	3
		_Temp_Main     		CODE           	07FD	0000	3
		_setTemp_Initia		CODE           	0800	0000	1
		_getTemp_AD    		CODE           	13A4	0000	64
		_setTemp_Main  		CODE           	0DE3	0000	174

../src/OverTemperature_B1.c estimated size: 245

../src/CC2500_B1.c
		_DelayTime_1us 		CODE           	10CF	0000	38
		_CC2500_Frequen		CODE           	1C7A	0000	12
		_CC2500_SIDLEMo		CODE           	1B6A	0000	4
		_CC2500_PowerOn		CODE           	1E19	0000	21
		_CC2500_WriteBy		CODE           	1ECD	0000	25
		_CC2500_RxData 		CODE           	087B	0000	110
		_CC2500_TxData 		CODE           	080E	0000	109
		_CC2500_ClearRX		CODE           	1B62	0000	4
		_CC2500_ClearTX		CODE           	1B66	0000	4
		_CC2500_InitPAT		CODE           	1FE1	0000	31
		_CC2500_WriteRE		CODE           	1087	0000	35
		_CC2500_ReadSta		CODE           	10AA	0000	37
		_CC2500_PowerRS		CODE           	1468	0000	68
		_CC2500_ReadByt		CODE           	1F87	0000	29
		_CC2500_InitSet		CODE           	111D	0000	42
		_CC2500_WriteCo		CODE           	1F1A	0000	26

../src/CC2500_B1.c estimated size: 595

C:\Program Files (x86)\Microchip\xc8\v1.32\sources\common\fttol.c
		___fttol       		CODE           	0C27	0000	135

C:\Program Files (x86)\Microchip\xc8\v1.32\sources\common\fttol.c estimated size: 135

C:\Program Files (x86)\Microchip\xc8\v1.32\sources\common\lwdiv.c
		___lwdiv       		CODE           	1248	0000	55

C:\Program Files (x86)\Microchip\xc8\v1.32\sources\common\lwdiv.c estimated size: 55

../src/RF_Control_B1.c
		_RF_Initializat		CODE           	1B41	0000	3
		_getRxData     		CODE           	09CA	0000	114
		_setRF_Main    		CODE           	0476	0000	213
		_getRF_KeyStatu		CODE           	1D15	0000	17
		_setRF_Initiali		CODE           	1C03	0000	11
		_setTxData     		CODE           	0F45	0000	187
		_setRF_TimeoutC		CODE           	1B5E	0000	4
		_RF_Timeout_Cou		CODE           	1E04	0000	21
		_setRFSW_Contro		CODE           	1425	0000	67
		_setRF_Learn   		CODE           	1DF0	0000	20
		_setRF_Transcei		CODE           	1DA4	0000	19
		_RF_Main       		CODE           	1B44	0000	3
		_setRFSW_AdjCon		CODE           	0B21	0000	128
		_setRF_DimmerLi		CODE           	1733	0000	101
		_setControl_Lig		CODE           	0958	0000	114
		_setLog_Code   		CODE           	11A9	0000	52
		_RF_RxDisable  		CODE           	1CA1	0000	15

../src/RF_Control_B1.c estimated size: 1089

C:\Program Files (x86)\Microchip\xc8\v1.32\sources\common\awdiv.c
		___awdiv       		CODE           	07A9	0000	84

C:\Program Files (x86)\Microchip\xc8\v1.32\sources\common\awdiv.c estimated size: 84

../src/Main_B1.c
		_Exception_Main		CODE           	054B	0000	213
		_my_MainTimer  		CODE           	1368	0000	60
		_setProductData		CODE           	1C26	0000	12
		_main          		CODE           	154F	0000	91
		_Timeout_Counte		CODE           	1E2E	0000	21
		_myMain_Initial		CODE           	1DDD	0000	19
		_getMain_All_Er		CODE           	1176	0000	51
		_set_TimeoutCle		CODE           	1B6E	0000	5
		_getCmd_Status 		CODE           	1D37	0000	18
		_getMain_Lights		CODE           	1BE2	0000	11
		_getMain_All_Li		CODE           	1BCD	0000	10
		_setCmd_Status 		CODE           	1EB4	0000	25

../src/Main_B1.c estimated size: 536

C:\Program Files (x86)\Microchip\xc8\v1.32\sources\common\ftadd.c
		___ftadd       		CODE           	0380	0000	246

C:\Program Files (x86)\Microchip\xc8\v1.32\sources\common\ftadd.c estimated size: 246

C:\Program Files (x86)\Microchip\xc8\v1.32\sources\common\Umul16.c
		___wmul        		CODE           	1FA4	0000	30

C:\Program Files (x86)\Microchip\xc8\v1.32\sources\common\Umul16.c estimated size: 30

C:\Program Files (x86)\Microchip\xc8\v1.32\sources\common\Umul8.c
		___bmul        		CODE           	1D49	0000	18

C:\Program Files (x86)\Microchip\xc8\v1.32\sources\common\Umul8.c estimated size: 18

shared
		_CC2500_patable		STRCODE        	185E	0000	8
		_CC2500_rfSetti		STRCODE        	182F	0000	47
		__initializatio		CODE           	0022	0000	36
		_CC2500_registe		STRCODE        	1800	0000	47

shared estimated size: 138

C:\Program Files (x86)\Microchip\xc8\v1.32\sources\common\ftneg.c
		___ftneg       		CODE           	1BBB	0000	9

C:\Program Files (x86)\Microchip\xc8\v1.32\sources\common\ftneg.c estimated size: 9

../src/Switch_B1.c
		_Switch_Main   		CODE           	1B93	0000	7
		_SwPointSelect 		CODE           	1C86	0000	12
		_TouchPower    		CODE           	1E43	0000	21
		_setSw_Main    		CODE           	01FC	0000	388
		_getAll_Sw_KeyS		CODE           	1CF3	0000	17
		_getSw_KeyStatu		CODE           	1D26	0000	17
		_setSw_Initiali		CODE           	1CB0	0000	16
		_Switch_Initial		CODE           	1000	0000	4

../src/Switch_B1.c estimated size: 482

../src/Dimmer_B1.c
		_getDimmerLight		CODE           	1CC0	0000	17
		_DimmerLights_S		CODE           	1C1A	0000	12
		_setDimmerLight		CODE           	127F	0000	57
		_setDimmerIntr_		CODE           	1E9C	0000	24
		_DimmerLights_M		CODE           	1F4F	0000	28
		_setDimmerLight		CODE           	11DD	0000	53
		_DimmerIntr_Ini		CODE           	132C	0000	60
		_getDimmerIntr_		CODE           	1C92	0000	15
		_getAll_DimmerI		CODE           	1DB7	0000	19
		_getDimmerLight		CODE           	1BD7	0000	11
		_setDimmerIntr_		CODE           	1C32	0000	12
		_setDimmerIntr_		CODE           	1C3E	0000	12
		_Division      		CODE           	0801	0000	13
		_setDimmerLight		CODE           	1CD1	0000	17
		_getDimmerLight		CODE           	16CE	0000	101
		_getDimmerLight		CODE           	1669	0000	101
		_getDimmer_Load		CODE           	1BA2	0000	8
		_setDimmerLight		CODE           	1B3A	0000	1
		_setDimmerLight		CODE           	15AA	0000	94
		_setDimmerLight		CODE           	10F5	0000	40
		_setDimmerLight		CODE           	1F34	0000	27
		_DimmerLights_I		CODE           	1B85	0000	7
		_getDimmer_Load		CODE           	1BAA	0000	8
		_setDimmerLight		CODE           	1798	0000	104
		_setDimmerIntr_		CODE           	1E6E	0000	22
		_DimmerLights_I		CODE           	12F1	0000	59
		_getDimmerLight		CODE           	1E58	0000	22
		_setDimmerLight		CODE           	06EA	0000	191
		_DimmerLights_T		CODE           	0AAE	0000	115
		_setDimmerIntr_		CODE           	1E84	0000	24

../src/Dimmer_B1.c estimated size: 1274

../src/DelayOff_B1.c
		_DelayOff_Initi		CODE           	1B4A	0000	4
		_DlyOff_Main   		CODE           	08E9	0000	111
		_DelayOff_Main 		CODE           	1B4E	0000	4
		_DelayOffPointS		CODE           	1C0E	0000	12
		_getDelayOff_GO		CODE           	1CE2	0000	17
		_setDelayOff_GO		CODE           	0CAE	0000	140
		_DlyOff_Initial		CODE           	1B73	0000	6

../src/DelayOff_B1.c estimated size: 294

C:\Program Files (x86)\Microchip\xc8\v1.32\sources\common\lbdiv.c
		___lbdiv       		CODE           	1044	0000	33

C:\Program Files (x86)\Microchip\xc8\v1.32\sources\common\lbdiv.c estimated size: 33

C:\Program Files (x86)\Microchip\xc8\v1.32\sources\pic\ftdiv.c
		___ftdiv       		CODE           	0D3A	0000	169

C:\Program Files (x86)\Microchip\xc8\v1.32\sources\pic\ftdiv.c estimated size: 169

