Microchip MPLAB XC8 Compiler V1.32 ()

Linker command line:

--edf=C:\Program Files (x86)\Microchip\xc8\v1.32\dat\en_msgs.txt -cs \
  -h+dist/default/production\1-8-1.Switch_1Key_Dimmer_MOSFET.X.production.sym \
  --cmf=dist/default/production\1-8-1.Switch_1Key_Dimmer_MOSFET.X.production.cmf \
  -z -Q16F1518 -oC:\Users\taianluo\AppData\Local\Temp\s2pk.6 \
  -Mdist/default/production/1-8-1.Switch_1Key_Dimmer_MOSFET.X.production.map \
  -E1 -ver=XC8 -ASTACK=02160h-0231fh -pstack=STACK -ACONST=00h-0FFhx64 \
  -ACODE=00h-07FFhx8 -ASTRCODE=00h-03FFFh -AENTRY=00h-0FFhx64 \
  -ASTRING=00h-0FFhx64 -ACOMMON=070h-07Fh -ABANK0=020h-06Fh \
  -ABANK1=0A0h-0EFh -ABANK2=0120h-016Fh -ABANK3=01A0h-01EFh \
  -ABANK4=0220h-026Fh -ABANK5=02A0h-02EFh -ABANK6=0320h-036Fh \
  -ABANK7=03A0h-03EFh -ABANK8=0420h-046Fh -ABANK9=04A0h-04EFh \
  -ABANK10=0520h-056Fh -ABANK11=05A0h-05EFh -ABANK12=0620h-064Fh \
  -ABIGRAM=02000h-023EFh \
  -ARAM=020h-06Fh,0A0h-0EFh,0120h-016Fh,01A0h-01EFh,0220h-026Fh,02A0h-02EFh,0320h-036Fh,03A0h-03EFh,0420h-046Fh,04A0h-04EFh,0520h-056Fh,05A0h-05EFh,0620h-064Fh \
  -AABS1=020h-07Fh,0A0h-0EFh,0120h-016Fh,01A0h-01EFh,0220h-026Fh,02A0h-02EFh,0320h-036Fh,03A0h-03EFh,0420h-046Fh,04A0h-04EFh,0520h-056Fh,05A0h-05EFh,0620h-064Fh \
  -ASFR0=00h-01Fh -ASFR1=080h-09Fh -ASFR2=0100h-011Fh -ASFR3=0180h-019Fh \
  -ASFR4=0200h-021Fh -ASFR5=0280h-029Fh -ASFR6=0300h-031Fh \
  -ASFR7=0380h-039Fh -ASFR8=0400h-041Fh -ASFR9=0480h-049Fh \
  -ASFR10=0500h-051Fh -ASFR11=0580h-059Fh -ASFR12=0600h-061Fh \
  -ASFR13=0680h-06EFh -ASFR14=0700h-076Fh -ASFR15=0780h-07EFh \
  -ASFR16=0800h-086Fh -ASFR17=0880h-08EFh -ASFR18=0900h-096Fh \
  -ASFR19=0980h-09EFh -ASFR20=0A00h-0A6Fh -ASFR21=0A80h-0AEFh \
  -ASFR22=0B00h-0B6Fh -ASFR23=0B80h-0BEFh -ASFR24=0C00h-0C6Fh \
  -ASFR25=0C80h-0CEFh -ASFR26=0D00h-0D6Fh -ASFR27=0D80h-0DEFh \
  -ASFR28=0E00h-0E6Fh -ASFR29=0E80h-0EEFh -ASFR30=0F00h-0F6Fh \
  -ASFR31=0F80h-0FEFh -preset_vec=00h,intentry=04h,init,end_init \
  -ppowerup=CODE -pcinit=CODE -pfunctab=CODE -ACONFIG=08007h-08008h \
  -pconfig=CONFIG -DCONFIG=2 -AIDLOC=08000h-08003h -pidloc=IDLOC -DIDLOC=2 \
  -DCODE=2 -DSTRCODE=2 -DSTRING=2 -DCONST=2 -DENTRY=2 -k \
  C:\Users\taianluo\AppData\Local\Temp\s2pk.obj \
  dist/default/production\1-8-1.Switch_1Key_Dimmer_MOSFET.X.production.obj 

Object code version is 3.11

Machine type is 16F1518



                Name                               Link     Load   Length Selector   Space Scale
C:\Users\taianluo\AppData\Local\Temp\s2pk.obj
                end_init                             13       13        2        8       0
                reset_vec                             0        0        2        0       0
                config                             8007     8007        2    1000E       0
dist/default/production\1-8-1.Switch_1Key_Dimmer_MOSFET.X.production.obj
                cinit                                15       15       2C        8       0
                intentry                              4        4        F        8       0
                text135                            1CC0     1CC0        B     3980       0
                text134                            12A1     12A1       34     2542       0
                text133                            1C26     1C26        4     384C       0
                text132                            1D7D     1D7D        F     3AFA       0
                text131                            1CA2     1CA2        A     3944       0
                text130                             360      360       FA        8       0
                text129                            10F0     10F0       25     21E0       0
                text127                            1C14     1C14        3     3828       0
                text126                            14D0     14D0       4A     29A0       0
                text125                            1F01     1F01       19     3E02       0
                text124                            1E94     1E94       15     3D28       0
                text123                            1C4A     1C4A        5     3894       0
                text122                            1F1A     1F1A       1A     3E34       0
                text121                            1C2A     1C2A        4     3854       0
                text120                            1C2E     1C2E        4     385C       0
                text119                            113A     113A       26     2274       0
                text118                            1D0D     1D0D        C     3A1A       0
                text117                            10A9     10A9       23     2152       0
                text116                            1FC1     1FC1       1F     3F82       0
                text115                            1160     1160       2A     22C0       0
                text114                             7BC      7BC       44        8       0
                text113                            1C32     1C32        4     3864       0
                text112                            1EA9     1EA9       15     3D52       0
                text111                            1CCB     1CCB        B     3996       0
                text110                            1C4F     1C4F        6     389E       0
                text109                            1C36     1C36        4     386C       0
                text108                            16FB     16FB       54     2DF6       0
                text107                            17A7     17A7       59     2F4E       0
                text106                            1CD6     1CD6        B     39AC       0
                text105                            1DBB     1DBB       11     3B76       0
                text104                            1D9B     1D9B       10     3B36       0
                text103                            1DFF     1DFF       12     3BFE       0
                text102                            118A     118A       2A     2314       0
                text101                            1D61     1D61        E     3AC2       0
                text100                            16A8     16A8       53     2D50       0
                text99                             1568     1568       4F     2AD0       0
                text98                              94D      94D       5E     129A       0
                text97                              8F0      8F0       5D     11E0       0
                text96                             1C3A     1C3A        4     3874       0
                text95                             123D     123D       31     247A       0
                text94                             1CAC     1CAC        A     3958       0
                text93                             126E     126E       33     24DC       0
                text92                             1CB6     1CB6        A     396C       0
                text91                             1C6F     1C6F        8     38DE       0
                text90                             1ED3     1ED3       16     3DA6       0
                text89                             1D6F     1D6F        E     3ADE       0
                text88                             1D19     1D19        C     3A32       0
                text87                             13E2     13E2       39     27C4       0
                text86                              A0A      A0A       61     1414       0
                text85                             1087     1087       22     210E       0
                text84                              45A      45A       F6        8       0
                text83                              EA7      EA7       A9     1D4E       0
                text82                             1C87     1C87        9     390E       0
                text81                              D85      D85       87     1B0A       0
                text80                              ACF      ACF       65     159E       0
                text79                              83C      83C       59     1078       0
                text78                              E0C      E0C       9B     1C18       0
                text77                             1656     1656       52     2CAC       0
                text76                             174F     174F       58     2E9E       0
                text75                             1606     1606       50     2C0C       0
                text74                             1F4E     1F4E       1C     3E9C       0
                text73                             1CE1     1CE1        B     39C2       0
                text72                              62C      62C       DC        8       0
                text71                             1F34     1F34       1A     3E68       0
                text70                             1C90     1C90        9     3920       0
                text69                             11DF     11DF       2F     23BE       0
                text68                             1D25     1D25        C     3A4A       0
                text67                              550      550       DC        8       0
                text66                             1D31     1D31        C     3A62       0
                text65                             151A     151A       4E     2A34       0
                text64                             1309     1309       36     2612       0
                text63                             1E11     1E11       12     3C22       0
                text62                             1C3E     1C3E        4     387C       0
                text61                             133F     133F       36     267E       0
                text60                             1C42     1C42        4     3884       0
                text59                             1F6A     1F6A       1C     3ED4       0
                text58                             1C17     1C17        3     382E       0
                text57                             13AB     13AB       37     2756       0
                text56                             1FA3     1FA3       1E     3F46       0
                text55                             11B4     11B4       2B     2368       0
                text54                             1C77     1C77        8     38EE       0
                text53                             1C7F     1C7F        8     38FE       0
                text52                             1D3D     1D3D        C     3A7A       0
                text51                               41       41      1AC        8       0
                text50                             1C61     1C61        7     38C2       0
                text49                             1C46     1C46        4     388C       0
                text48                             1D49     1D49        C     3A92       0
                text47                             1EE9     1EE9       18     3DD2       0
                text46                             1D55     1D55        C     3AAA       0
                text45                             1CEC     1CEC        B     39D8       0
                text44                             1E23     1E23       12     3C46       0
                text43                             1CF7     1CF7        B     39EE       0
                text42                             1C1A     1C1A        3     3834       0
                text41                             1F86     1F86       1D     3F0C       0
                text40                             1115     1115       25     222A       0
                text39                              B99      B99       6F     1732       0
                text38                              A6B      A6B       64     14D6       0
                text37                             1E47     1E47       13     3C8E       0
                text36                             1DCC     1DCC       11     3B98       0
                text35                             1DDD     1DDD       11     3BBA       0
                text34                             1E5A     1E5A       13     3CB4       0
                text33                              708      708       B4        8       0
                text32                              B34      B34       65     1668       0
                text31                             10CC     10CC       24     2198       0
                text30                             120E     120E       2F     241C       0
                text29                             1454     1454       3E     28A8       0
                text28                             141B     141B       39     2836       0
                text27                             15B7     15B7       4F     2B6E       0
                text26                              9AB      9AB       5F     1356       0
                text25                             1E6D     1E6D       13     3CDA       0
                text24                             12D5     12D5       34     25AA       0
                text23                              C85      C85       7F     190A       0
                text22                              C08      C08       7D     1810       0
                text21                             1C1D     1C1D        3     383A       0
                text20                             1EBE     1EBE       15     3D7C       0
                text19                             1DAB     1DAB       10     3B56       0
                text18                             1C99     1C99        9     3932       0
                text17                             1D02     1D02        B     3A04       0
                text16                             1DEE     1DEE       11     3BDC       0
                text15                             1375     1375       36     26EA       0
                text14                             1E80     1E80       14     3D00       0
                text13                              1ED      1ED      173        8       0
                text12                             1C68     1C68        7     38D0       0
                text11                             1066     1066        1     20CC       0
                text10                             1C20     1C20        3     3840       0
                text9                               F50      F50       B0     1EA0       0
                text8                              1C23     1C23        3     3846       0
                text7                                 2        2        2        0       0
                text6                              1E35     1E35       12     3C6A       0
                text5                              1FE0     1FE0       20     3FC0       0
                text4                               D04      D04       81     1A08       0
                text3                              1492     1492       3E     2924       0
                text2                              1D8C     1D8C        F     3B18       0
                text1                               800      800       3C        8       0
                maintext                            895      895       5B     112A       0
                cstackBANK0                          20       20       4F       20       1
                cstackCOMMON                         70       70        5       70       1
                cstackBANK1                          E9       E9        7       A0       1
                cstackBANK2                         16D      16D        3      120       1
                cstackBANK3                         1EC      1EC        4      1A0       1
                inittext                           1C55     1C55        6     38AA       0
                clrtext                            1C5B     1C5B        6     38B6       0
                dataBANK4                           220      220       20      220       1
                bssBANK3                            1A0      1A0       4C      1A0       1
                bssBANK2                            120      120       4D      120       1
                bssBANK1                             A0       A0       49       A0       1
                bssBANK0                             6F       6F        1       20       1
                bssCOMMON                            75       75        3       70       1
                bitbssCOMMON                        3C0       78        2       70       1     8
                nvCOMMON                             79       79        1       70       1
                stringtext                         1000     1000       66       20       0
                idataBANK4                         1067     1067       20     20CE       0

TOTAL           Name                               Link     Load   Length     Space
        CLASS   STACK          

        CLASS   CONST          

        CLASS   CODE           
                end_init                             13       13        2         0
                cinit                                15       15       2C         0
                intentry                              4        4        F         0
                reset_vec                             0        0        2         0
                text135                            1CC0     1CC0        B         0
                text134                            12A1     12A1       34         0
                text133                            1C26     1C26        4         0
                text132                            1D7D     1D7D        F         0
                text131                            1CA2     1CA2        A         0
                text130                             360      360       FA         0
                text129                            10F0     10F0       25         0
                text127                            1C14     1C14        3         0
                text126                            14D0     14D0       4A         0
                text125                            1F01     1F01       19         0
                text124                            1E94     1E94       15         0
                text123                            1C4A     1C4A        5         0
                text122                            1F1A     1F1A       1A         0
                text121                            1C2A     1C2A        4         0
                text120                            1C2E     1C2E        4         0
                text119                            113A     113A       26         0
                text118                            1D0D     1D0D        C         0
                text117                            10A9     10A9       23         0
                text116                            1FC1     1FC1       1F         0
                text115                            1160     1160       2A         0
                text114                             7BC      7BC       44         0
                text113                            1C32     1C32        4         0
                text112                            1EA9     1EA9       15         0
                text111                            1CCB     1CCB        B         0
                text110                            1C4F     1C4F        6         0
                text109                            1C36     1C36        4         0
                text108                            16FB     16FB       54         0
                text107                            17A7     17A7       59         0
                text106                            1CD6     1CD6        B         0
                text105                            1DBB     1DBB       11         0
                text104                            1D9B     1D9B       10         0
                text103                            1DFF     1DFF       12         0
                text102                            118A     118A       2A         0
                text101                            1D61     1D61        E         0
                text100                            16A8     16A8       53         0
                text99                             1568     1568       4F         0
                text98                              94D      94D       5E         0
                text97                              8F0      8F0       5D         0
                text96                             1C3A     1C3A        4         0
                text95                             123D     123D       31         0
                text94                             1CAC     1CAC        A         0
                text93                             126E     126E       33         0
                text92                             1CB6     1CB6        A         0
                text91                             1C6F     1C6F        8         0
                text90                             1ED3     1ED3       16         0
                text89                             1D6F     1D6F        E         0
                text88                             1D19     1D19        C         0
                text87                             13E2     13E2       39         0
                text86                              A0A      A0A       61         0
                text85                             1087     1087       22         0
                text84                              45A      45A       F6         0
                text83                              EA7      EA7       A9         0
                text82                             1C87     1C87        9         0
                text81                              D85      D85       87         0
                text80                              ACF      ACF       65         0
                text79                              83C      83C       59         0
                text78                              E0C      E0C       9B         0
                text77                             1656     1656       52         0
                text76                             174F     174F       58         0
                text75                             1606     1606       50         0
                text74                             1F4E     1F4E       1C         0
                text73                             1CE1     1CE1        B         0
                text72                              62C      62C       DC         0
                text71                             1F34     1F34       1A         0
                text70                             1C90     1C90        9         0
                text69                             11DF     11DF       2F         0
                text68                             1D25     1D25        C         0
                text67                              550      550       DC         0
                text66                             1D31     1D31        C         0
                text65                             151A     151A       4E         0
                text64                             1309     1309       36         0
                text63                             1E11     1E11       12         0
                text62                             1C3E     1C3E        4         0
                text61                             133F     133F       36         0
                text60                             1C42     1C42        4         0
                text59                             1F6A     1F6A       1C         0
                text58                             1C17     1C17        3         0
                text57                             13AB     13AB       37         0
                text56                             1FA3     1FA3       1E         0
                text55                             11B4     11B4       2B         0
                text54                             1C77     1C77        8         0
                text53                             1C7F     1C7F        8         0
                text52                             1D3D     1D3D        C         0
                text51                               41       41      1AC         0
                text50                             1C61     1C61        7         0
                text49                             1C46     1C46        4         0
                text48                             1D49     1D49        C         0
                text47                             1EE9     1EE9       18         0
                text46                             1D55     1D55        C         0
                text45                             1CEC     1CEC        B         0
                text44                             1E23     1E23       12         0
                text43                             1CF7     1CF7        B         0
                text42                             1C1A     1C1A        3         0
                text41                             1F86     1F86       1D         0
                text40                             1115     1115       25         0
                text39                              B99      B99       6F         0
                text38                              A6B      A6B       64         0
                text37                             1E47     1E47       13         0
                text36                             1DCC     1DCC       11         0
                text35                             1DDD     1DDD       11         0
                text34                             1E5A     1E5A       13         0
                text33                              708      708       B4         0
                text32                              B34      B34       65         0
                text31                             10CC     10CC       24         0
                text30                             120E     120E       2F         0
                text29                             1454     1454       3E         0
                text28                             141B     141B       39         0
                text27                             15B7     15B7       4F         0
                text26                              9AB      9AB       5F         0
                text25                             1E6D     1E6D       13         0
                text24                             12D5     12D5       34         0
                text23                              C85      C85       7F         0
                text22                              C08      C08       7D         0
                text21                             1C1D     1C1D        3         0
                text20                             1EBE     1EBE       15         0
                text19                             1DAB     1DAB       10         0
                text18                             1C99     1C99        9         0
                text17                             1D02     1D02        B         0
                text16                             1DEE     1DEE       11         0
                text15                             1375     1375       36         0
                text14                             1E80     1E80       14         0
                text13                              1ED      1ED      173         0
                text12                             1C68     1C68        7         0
                text11                             1066     1066        1         0
                text10                             1C20     1C20        3         0
                text9                               F50      F50       B0         0
                text8                              1C23     1C23        3         0
                text7                                 2        2        2         0
                text6                              1E35     1E35       12         0
                text5                              1FE0     1FE0       20         0
                text4                               D04      D04       81         0
                text3                              1492     1492       3E         0
                text2                              1D8C     1D8C        F         0
                text1                               800      800       3C         0
                maintext                            895      895       5B         0
                inittext                           1C55     1C55        6         0
                clrtext                            1C5B     1C5B        6         0
                idataBANK4                         1067     1067       20         0

        CLASS   STRCODE        
                stringtext                         1000     1000       66         0

        CLASS   ENTRY          

        CLASS   STRING         

        CLASS   COMMON         
                cstackCOMMON                         70       70        5         1
                bssCOMMON                            75       75        3         1
                bitbssCOMMON                        3C0       78        2         1
                nvCOMMON                             79       79        1         1

        CLASS   BANK0          
                cstackBANK0                          20       20       4F         1
                bssBANK0                             6F       6F        1         1

        CLASS   BANK1          
                cstackBANK1                          E9       E9        7         1
                bssBANK1                             A0       A0       49         1

        CLASS   BANK2          
                cstackBANK2                         16D      16D        3         1
                bssBANK2                            120      120       4D         1

        CLASS   BANK3          
                cstackBANK3                         1EC      1EC        4         1
                bssBANK3                            1A0      1A0       4C         1

        CLASS   BANK4          
                dataBANK4                           220      220       20         1

        CLASS   BANK5          

        CLASS   BANK6          

        CLASS   BANK7          

        CLASS   BANK8          

        CLASS   BANK9          

        CLASS   BANK10         

        CLASS   BANK11         

        CLASS   BANK12         

        CLASS   BIGRAM         

        CLASS   RAM            

        CLASS   ABS1           
                abs_s1                               7E       7E        2         1

        CLASS   SFR0           

        CLASS   SFR1           

        CLASS   SFR2           

        CLASS   SFR3           

        CLASS   SFR4           

        CLASS   SFR5           

        CLASS   SFR6           

        CLASS   SFR7           

        CLASS   SFR8           

        CLASS   SFR9           

        CLASS   SFR10          

        CLASS   SFR11          

        CLASS   SFR12          

        CLASS   SFR13          

        CLASS   SFR14          

        CLASS   SFR15          

        CLASS   SFR16          

        CLASS   SFR17          

        CLASS   SFR18          

        CLASS   SFR19          

        CLASS   SFR20          

        CLASS   SFR21          

        CLASS   SFR22          

        CLASS   SFR23          

        CLASS   SFR24          

        CLASS   SFR25          

        CLASS   SFR26          

        CLASS   SFR27          

        CLASS   SFR28          

        CLASS   SFR29          

        CLASS   SFR30          

        CLASS   SFR31          

        CLASS   CONFIG         
                config                             8007     8007        2         0

        CLASS   IDLOC          

        CLASS   BANK31         

        CLASS   BANK30         

        CLASS   BANK29         

        CLASS   BANK28         

        CLASS   BANK27         

        CLASS   BANK26         

        CLASS   BANK25         

        CLASS   BANK24         

        CLASS   BANK23         

        CLASS   BANK22         

        CLASS   BANK21         

        CLASS   BANK20         

        CLASS   BANK19         

        CLASS   BANK18         

        CLASS   BANK17         

        CLASS   BANK16         

        CLASS   BANK15         

        CLASS   BANK14         

        CLASS   BANK13         

        CLASS   EEDATA         



SEGMENTS        Name                           Load    Length   Top    Selector   Space  Class     Delta

                reset_vec                      000000  000004  000004         0       0  CODE        2
                intentry                       000004  000838  00083C         8       0  CODE        2
                cstackBANK0                    000020  000050  000070        20       1  BANK0       1
                cstackCOMMON                   000070  00000A  00007A        70       1  COMMON      1
                bssBANK1                       0000A0  000050  0000F0        A0       1  BANK1       1
                bssBANK2                       000120  000050  000170       120       1  BANK2       1
                bssBANK3                       0001A0  000050  0001F0       1A0       1  BANK3       1
                dataBANK4                      000220  000020  000240       220       1  BANK4       1
                text79                         00083C  000059  000895      1078       0  CODE        2
                maintext                       000895  00005B  0008F0      112A       0  CODE        2
                text97                         0008F0  00005D  00094D      11E0       0  CODE        2
                text98                         00094D  00005E  0009AB      129A       0  CODE        2
                text26                         0009AB  00005F  000A0A      1356       0  CODE        2
                text86                         000A0A  000061  000A6B      1414       0  CODE        2
                text38                         000A6B  000064  000ACF      14D6       0  CODE        2
                text80                         000ACF  000065  000B34      159E       0  CODE        2
                text32                         000B34  000065  000B99      1668       0  CODE        2
                text39                         000B99  00006F  000C08      1732       0  CODE        2
                text22                         000C08  00007D  000C85      1810       0  CODE        2
                text23                         000C85  00007F  000D04      190A       0  CODE        2
                text4                          000D04  000081  000D85      1A08       0  CODE        2
                text81                         000D85  000087  000E0C      1B0A       0  CODE        2
                text78                         000E0C  00009B  000EA7      1C18       0  CODE        2
                text83                         000EA7  0000A9  000F50      1D4E       0  CODE        2
                text9                          000F50  0000B0  001000      1EA0       0  CODE        2
                stringtext                     001000  000066  001066        20       0  STRCODE     2
                text11                         001066  000001  001067      20CC       0  CODE        2
                idataBANK4                     001067  000020  001087      20CE       0  CODE        2
                text85                         001087  000022  0010A9      210E       0  CODE        2
                text117                        0010A9  000023  0010CC      2152       0  CODE        2
                text31                         0010CC  000024  0010F0      2198       0  CODE        2
                text129                        0010F0  000025  001115      21E0       0  CODE        2
                text40                         001115  000025  00113A      222A       0  CODE        2
                text119                        00113A  000026  001160      2274       0  CODE        2
                text115                        001160  00002A  00118A      22C0       0  CODE        2
                text102                        00118A  00002A  0011B4      2314       0  CODE        2
                text55                         0011B4  00002B  0011DF      2368       0  CODE        2
                text69                         0011DF  00002F  00120E      23BE       0  CODE        2
                text30                         00120E  00002F  00123D      241C       0  CODE        2
                text95                         00123D  000031  00126E      247A       0  CODE        2
                text93                         00126E  000033  0012A1      24DC       0  CODE        2
                text134                        0012A1  000034  0012D5      2542       0  CODE        2
                text24                         0012D5  000034  001309      25AA       0  CODE        2
                text64                         001309  000036  00133F      2612       0  CODE        2
                text61                         00133F  000036  001375      267E       0  CODE        2
                text15                         001375  000036  0013AB      26EA       0  CODE        2
                text57                         0013AB  000037  0013E2      2756       0  CODE        2
                text87                         0013E2  000039  00141B      27C4       0  CODE        2
                text28                         00141B  000039  001454      2836       0  CODE        2
                text29                         001454  00003E  001492      28A8       0  CODE        2
                text3                          001492  00003E  0014D0      2924       0  CODE        2
                text126                        0014D0  00004A  00151A      29A0       0  CODE        2
                text65                         00151A  00004E  001568      2A34       0  CODE        2
                text99                         001568  00004F  0015B7      2AD0       0  CODE        2
                text27                         0015B7  00004F  001606      2B6E       0  CODE        2
                text75                         001606  000050  001656      2C0C       0  CODE        2
                text77                         001656  000052  0016A8      2CAC       0  CODE        2
                text100                        0016A8  000053  0016FB      2D50       0  CODE        2
                text108                        0016FB  000054  00174F      2DF6       0  CODE        2
                text76                         00174F  000058  0017A7      2E9E       0  CODE        2
                text107                        0017A7  000059  001800      2F4E       0  CODE        2
                text127                        001C14  000003  001C17      3828       0  CODE        2
                text58                         001C17  000003  001C1A      382E       0  CODE        2
                text42                         001C1A  000003  001C1D      3834       0  CODE        2
                text21                         001C1D  000003  001C20      383A       0  CODE        2
                text10                         001C20  000003  001C23      3840       0  CODE        2
                text8                          001C23  000003  001C26      3846       0  CODE        2
                text133                        001C26  000004  001C2A      384C       0  CODE        2
                text121                        001C2A  000004  001C2E      3854       0  CODE        2
                text120                        001C2E  000004  001C32      385C       0  CODE        2
                text113                        001C32  000004  001C36      3864       0  CODE        2
                text109                        001C36  000004  001C3A      386C       0  CODE        2
                text96                         001C3A  000004  001C3E      3874       0  CODE        2
                text62                         001C3E  000004  001C42      387C       0  CODE        2
                text60                         001C42  000004  001C46      3884       0  CODE        2
                text49                         001C46  000004  001C4A      388C       0  CODE        2
                text123                        001C4A  000005  001C4F      3894       0  CODE        2
                text110                        001C4F  000006  001C55      389E       0  CODE        2
                inittext                       001C55  000006  001C5B      38AA       0  CODE        2
                clrtext                        001C5B  000006  001C61      38B6       0  CODE        2
                text50                         001C61  000007  001C68      38C2       0  CODE        2
                text12                         001C68  000007  001C6F      38D0       0  CODE        2
                text91                         001C6F  000008  001C77      38DE       0  CODE        2
                text54                         001C77  000008  001C7F      38EE       0  CODE        2
                text53                         001C7F  000008  001C87      38FE       0  CODE        2
                text82                         001C87  000009  001C90      390E       0  CODE        2
                text70                         001C90  000009  001C99      3920       0  CODE        2
                text18                         001C99  000009  001CA2      3932       0  CODE        2
                text131                        001CA2  00000A  001CAC      3944       0  CODE        2
                text94                         001CAC  00000A  001CB6      3958       0  CODE        2
                text92                         001CB6  00000A  001CC0      396C       0  CODE        2
                text135                        001CC0  00000B  001CCB      3980       0  CODE        2
                text111                        001CCB  00000B  001CD6      3996       0  CODE        2
                text106                        001CD6  00000B  001CE1      39AC       0  CODE        2
                text73                         001CE1  00000B  001CEC      39C2       0  CODE        2
                text45                         001CEC  00000B  001CF7      39D8       0  CODE        2
                text43                         001CF7  00000B  001D02      39EE       0  CODE        2
                text17                         001D02  00000B  001D0D      3A04       0  CODE        2
                text118                        001D0D  00000C  001D19      3A1A       0  CODE        2
                text88                         001D19  00000C  001D25      3A32       0  CODE        2
                text68                         001D25  00000C  001D31      3A4A       0  CODE        2
                text66                         001D31  00000C  001D3D      3A62       0  CODE        2
                text52                         001D3D  00000C  001D49      3A7A       0  CODE        2
                text48                         001D49  00000C  001D55      3A92       0  CODE        2
                text46                         001D55  00000C  001D61      3AAA       0  CODE        2
                text101                        001D61  00000E  001D6F      3AC2       0  CODE        2
                text89                         001D6F  00000E  001D7D      3ADE       0  CODE        2
                text132                        001D7D  00000F  001D8C      3AFA       0  CODE        2
                text2                          001D8C  00000F  001D9B      3B18       0  CODE        2
                text104                        001D9B  000010  001DAB      3B36       0  CODE        2
                text19                         001DAB  000010  001DBB      3B56       0  CODE        2
                text105                        001DBB  000011  001DCC      3B76       0  CODE        2
                text36                         001DCC  000011  001DDD      3B98       0  CODE        2
                text35                         001DDD  000011  001DEE      3BBA       0  CODE        2
                text16                         001DEE  000011  001DFF      3BDC       0  CODE        2
                text103                        001DFF  000012  001E11      3BFE       0  CODE        2
                text63                         001E11  000012  001E23      3C22       0  CODE        2
                text44                         001E23  000012  001E35      3C46       0  CODE        2
                text6                          001E35  000012  001E47      3C6A       0  CODE        2
                text37                         001E47  000013  001E5A      3C8E       0  CODE        2
                text34                         001E5A  000013  001E6D      3CB4       0  CODE        2
                text25                         001E6D  000013  001E80      3CDA       0  CODE        2
                text14                         001E80  000014  001E94      3D00       0  CODE        2
                text124                        001E94  000015  001EA9      3D28       0  CODE        2
                text112                        001EA9  000015  001EBE      3D52       0  CODE        2
                text20                         001EBE  000015  001ED3      3D7C       0  CODE        2
                text90                         001ED3  000016  001EE9      3DA6       0  CODE        2
                text47                         001EE9  000018  001F01      3DD2       0  CODE        2
                text125                        001F01  000019  001F1A      3E02       0  CODE        2
                text122                        001F1A  00001A  001F34      3E34       0  CODE        2
                text71                         001F34  00001A  001F4E      3E68       0  CODE        2
                text74                         001F4E  00001C  001F6A      3E9C       0  CODE        2
                text59                         001F6A  00001C  001F86      3ED4       0  CODE        2
                text41                         001F86  00001D  001FA3      3F0C       0  CODE        2
                text56                         001FA3  00001E  001FC1      3F46       0  CODE        2
                text116                        001FC1  00001F  001FE0      3F82       0  CODE        2
                text5                          001FE0  000020  002000      3FC0       0  CODE        2
                config                         008007  000002  008009     1000E       0  CONFIG      2


UNUSED ADDRESS RANGES

        Name                Unused          Largest block    Delta
        BANK10           00520-0056F              50           1
        BANK11           005A0-005EF              50           1
        BANK12           00620-0064F              30           1
        BANK4            00240-0026F              30           1
        BANK5            002A0-002EF              50           1
        BANK6            00320-0036F              50           1
        BANK7            003A0-003EF              50           1
        BANK8            00420-0046F              50           1
        BANK9            004A0-004EF              50           1
        BIGRAM           02000-023EF             3F0           1
        CODE             01800-01C13             414           2
                         02000-03FFF             800
        COMMON           0007A-0007D               4           1
        CONST            01800-01C13             100           2
                         02000-03FFF             100
        ENTRY            01800-01C13             100           2
                         02000-03FFF             100
        IDLOC            08000-08003               4           2
        RAM              00240-0026F              30           1
                         002A0-002EF              50
                         00320-0036F              50
                         003A0-003EF              50
                         00420-0046F              50
                         004A0-004EF              50
                         00520-0056F              50
                         005A0-005EF              50
                         00620-0064F              30
        SFR0             00000-0001F              20           1
        SFR1             00080-0009F              20           1
        SFR10            00500-0051F              20           1
        SFR11            00580-0059F              20           1
        SFR12            00600-0061F              20           1
        SFR13            00680-006EF              70           1
        SFR14            00700-0076F              70           1
        SFR15            00780-007EF              70           1
        SFR16            00800-0086F              70           1
        SFR17            00880-008EF              70           1
        SFR18            00900-0096F              70           1
        SFR19            00980-009EF              70           1
        SFR2             00100-0011F              20           1
        SFR20            00A00-00A6F              70           1
        SFR21            00A80-00AEF              70           1
        SFR22            00B00-00B6F              70           1
        SFR23            00B80-00BEF              70           1
        SFR24            00C00-00C6F              70           1
        SFR25            00C80-00CEF              70           1
        SFR26            00D00-00D6F              70           1
        SFR27            00D80-00DEF              70           1
        SFR28            00E00-00E6F              70           1
        SFR29            00E80-00EEF              70           1
        SFR3             00180-0019F              20           1
        SFR30            00F00-00F6F              70           1
        SFR31            00F80-00FEF              70           1
        SFR4             00200-0021F              20           1
        SFR5             00280-0029F              20           1
        SFR6             00300-0031F              20           1
        SFR7             00380-0039F              20           1
        SFR8             00400-0041F              20           1
        SFR9             00480-0049F              20           1
        STACK            02160-0231F             1C0           1
        STRCODE          01800-01C13             414           2
                         02000-03FFF            2000
        STRING           01800-01C13             100           2
                         02000-03FFF             100

                                  Symbol Table

?___awdiv                                 cstackBANK0  00020
?___awtoft                                cstackBANK0  00028
?___ftadd                                 cstackBANK0  00041
?___ftdiv                                 cstackBANK0  0002E
?___ftmul                                 cstackBANK0  0002E
?___ftneg                                 cstackBANK0  0003E
?___ftpack                                cstackBANK0  00020
?___fttol                                 cstackBANK0  0004E
?___lwdiv                                 cstackBANK0  00020
?___wmul                                  cstackBANK0  00020
?_getAD                                   cstackBANK0  00020
?_getBuz_GO                               cstackBANK0  00020
CC2500_InitPATable@loop_d                 cstackBANK0  00027
CC2500_InitPATable@temp                   cstackBANK0  00026
CC2500_InitSetREG@loop_c                  cstackBANK0  00028
CC2500_InitSetREG@temp1                   cstackBANK0  00026
CC2500_InitSetREG@temp2                   cstackBANK0  00027
CC2500_ReadByte@loop_b                    cstackBANK0  00021
CC2500_ReadStatus@status_addr             cstackBANK0  00023
CC2500_RxData@loop_f                      cstackBANK0  00025
CC2500_TxData@loop_e                      cstackBANK0  00025
CC2500_WriteByte@loop_a                   cstackBANK0  00021
CC2500_WriteCommand@command               cstackBANK0  00023
CC2500_WriteREG@value                     cstackBANK0  00022
CC2500_WriteREG@w_addr                    cstackBANK0  00024
DelayOffPointSelect@sw                    cstackBANK0  00021
DelayTime_1us@count                       cstackBANK0  00020
DelayTime_1us@i                           cstackBANK0  00022
DelayTime_1us@j                           cstackBANK0  00024
DelayTimejudge@i                          cstackBANK0  00026
DelayTimejudge@j                          cstackBANK0  00027
DelayTimejudge@k                          cstackBANK0  00028
DelayTimejudge@value                      cstackBANK0  00029
DimmerIntrIOCPointSelect@lights           cstackCOMMON 00071
DimmerIntrPointSelect@lights              cstackCOMMON 00071
DimmerLightsPointSelect@lights            cstackBANK0  00021
DlyOff_Initialization@sw                  cstackBANK0  00022
DlyOff_Main@sw                            cstackBANK0  0006E
Exception_Main@count                      cstackBANK1  000E9
Exception_Main@error                      cstackBANK1  000EA
Exception_Main@i                          cstackBANK1  000EB
Exception_Main@i_3438                     cstackBANK1  000ED
Exception_Main@lights                     cstackBANK1  000EF
Flash_Memory_Initialization@i             cstackBANK0  00063
Flash_Memory_Modify@i                     cstackBANK0  00025
Flash_Memory_Read@address                 cstackBANK0  00022
Flash_Memory_Read@i                       cstackBANK0  00021
Flash_Memory_Read@ret                     cstackBANK0  00023
Flash_Memory_Write@i                      cstackBANK0  00021
LedPointSelect@led                        cstackBANK0  00021
Load_Main@Load_Status                     cstackBANK0  0002B
Load_Main@error                           cstackBANK0  0002A
Load_Main@i                               cstackBANK0  0002C
SwPointSelect@sw                          cstackBANK0  00021
_ADCON0                                   (abs)        0009D
_ADCON1                                   (abs)        0009E
_ADC_Set                                  text50       01C61
_ADRESH                                   (abs)        0009C
_ADRESL                                   (abs)        0009B
_ANSELA                                   (abs)        0018C
_ANSELB                                   (abs)        0018D
_ANSELC                                   (abs)        0018E
_Buz1                                     bssBANK1     000AE
_Buzzer_Initialization                    text127      01C14
_Buzzer_Main                              text126      014D0
_CC2500_ClearRXFIFO                       text121      01C2A
_CC2500_ClearTXFIFO                       text120      01C2E
_CC2500_FrequencyCabr                     text118      01D0D
_CC2500_InitPATable                       text116      01FC1
_CC2500_InitSetREG                        text115      01160
_CC2500_PowerOnInitial                    text112      01EA9
_CC2500_PowerRST                          text114      007BC
_CC2500_ReadByte                          text41       01F86
_CC2500_ReadStatus                        text40       01115
_CC2500_RxData                            text39       00B99
_CC2500_SIDLEMode                         text113      01C32
_CC2500_TxData                            text38       00A6B
_CC2500_WriteByte                         text125      01F01
_CC2500_WriteCommand                      text122      01F1A
_CC2500_WriteREG                          text117      010A9
_CC2500_patable_vaule                     stringtext   0105E
_CC2500_registers_address                 stringtext   01000
_CC2500_rfSettings                        stringtext   0102F
_CFGS                                     (abs)        00CAE
_CRC                                      bssBANK1     000CB
_DelayOff                                 bssCOMMON    00075
_DelayOffPointSelect                      text111      01CCB
_DelayOff_Initialization                  text109      01C36
_DelayOff_Main                            text96       01C3A
_DelayTime_1us                            text119      0113A
_DelayTimejudge                           text102      0118A
_Dimmer                                   bssBANK1     000C6
_DimmerIntrIOCPointSelect                 text135      01CC0
_DimmerIntrPointSelect                    text131      01CA2
_DimmerLights                             bssBANK0     0006F
_DimmerLights1                            bssBANK2     00153
_DimmerLights11                           bssBANK1     000CC
_DimmerLightsIntr                         bssCOMMON    00076
_DimmerLightsIntrIOC                      bssBANK1     000CD
_DimmerLightsPointSelect                  text106      01CD6
_DimmerLights_Initialization              text94       01CAC
_DimmerLights_Main                        text74       01F4E
_DlyOff_Initialization                    text110      01C4F
_DlyOff_Main                              text97       008F0
_DlySw1                                   bssBANK2     00164
_Exception_Main                           text72       0062C
_FREE                                     (abs)        00CAC
_FVRCON                                   (abs)        00117
_Flash_Memory_Erasing                     text66       01D31
_Flash_Memory_Initialization              text67       00550
_Flash_Memory_Main                        text64       01309
_Flash_Memory_Modify                      text65       0151A
_Flash_Memory_Read                        text71       01F34
_Flash_Memory_Unlock                      text70       01C90
_Flash_Memory_Write                       text69       011DF
_Fosc_Set                                 text49       01C46
_GIE                                      (abs)        0005F
_GO_nDONE                                 (abs)        004E9
_IOCBF                                    (abs)        00396
_IOCBF2                                   (abs)        01CB2
_IOCBN                                    (abs)        00395
_IOCBP                                    (abs)        00394
_IOCIE                                    (abs)        0005B
_IOCIF                                    (abs)        00058
_IOC_ISR                                  text132      01D7D
_IOC_Set                                  text48       01D49
_IO_Set                                   text47       01EE9
_ISR                                      intentry     00004
_LATA                                     (abs)        0010C
_LATB                                     (abs)        0010D
_LATC                                     (abs)        0010E
_LED                                      bssBANK1     000CE
_LED_Initialization                       text62       01C3E
_LED_Main                                 text60       01C42
_LWLO                                     (abs)        00CAD
_LedPointSelect                           text88       01D19
_Load                                     bssBANK2     00125
_Load_Initialization                      text58       01C17
_Load_Main                                text51       00041
_Mcu_Initialization                       text44       01E23
_Memory                                   bssBANK3     001BE
_OSCCON                                   (abs)        00099
_PEIE                                     (abs)        0005E
_PMADRH                                   (abs)        00192
_PMADRL                                   (abs)        00191
_PMCON2                                   (abs)        00196
_PMDATH                                   (abs)        00194
_PMDATL                                   (abs)        00193
_PORTA                                    (abs)        0000C
_PORTB                                    (abs)        0000D
_PORTC                                    (abs)        0000E
_RA0                                      (abs)        00060
_RA4                                      (abs)        00064
_RA6                                      (abs)        00066
_RA7                                      (abs)        00067
_RB0                                      (abs)        00068
_RB1                                      (abs)        00069
_RB2                                      (abs)        0006A
_RB3                                      (abs)        0006B
_RB5                                      (abs)        0006D
_RC0                                      (abs)        00070
_RC1                                      (abs)        00071
_RC3                                      (abs)        00073
_RC4                                      (abs)        00074
_RC5                                      (abs)        00075
_RD                                       (abs)        00CA8
_RF1                                      bssBANK1     000BA
_RF_Count                                 bssBANK2     00123
_RF_Data                                  bssBANK3     001A0
_RF_Initialization                        text42       01C1A
_RF_Main                                  text21       01C1D
_RF_RxDisable                             text37       01E47
_RSSI                                     bssBANK1     000CF
_Receive_OK                               bitbssCOMMON 003C0
_Rx_Length                                bssBANK1     000D0
_SPI0Buffer                               bssBANK1     000D1
_Sw                                       bssCOMMON    00077
_Sw1                                      bssBANK3     001E3
_SwDetect                                 bssBANK1     000D2
_SwPointSelect                            text17       01D02
_Switch_Initialization                    text18       01C99
_Switch_Main                              text12       01C68
_T1CON                                    (abs)        00018
_TMR1H                                    (abs)        00017
_TMR1IE                                   (abs)        00488
_TMR1IF                                   (abs)        00088
_TMR1L                                    (abs)        00016
_TMR1_ISR                                 text129      010F0
_TMR1_Set                                 text46       01D55
_TRISA                                    (abs)        0008C
_TRISB                                    (abs)        0008D
_TRISC                                    (abs)        0008E
_Temp                                     bssBANK1     000D7
_Temp_Initialization                      text10       01C20
_Temp_Main                                text8        01C23
_Timeout_Counter                          text124      01E94
_Timer1                                   bssBANK2     00120
_TouchPower                               text20       01EBE
_Transceive_OK                            bitbssCOMMON 003C1
_Tx_Length                                bssBANK1     000D3
_VarErrLED                                bssBANK2     00169
_WDT                                      bssBANK1     000C9
_WDTCON                                   (abs)        00097
_WDT_Clearing                             text7        00002
_WDT_Main                                 text6        01E35
_WDT_Set                                  text45       01CEC
_WPUB1                                    (abs)        01069
_WPUB2                                    (abs)        0106A
_WR                                       (abs)        00CA9
_WREN                                     (abs)        00CAA
__CFG_BOREN$OFF                           (abs)        00000
__CFG_FOSC$INTOSC                         (abs)        00000
__CFG_VCAPEN$OFF                          (abs)        00000
__CFG_WDTE$ON                             (abs)        00000
__CFG_WRT$HALF                            (abs)        00000
__Habs1                                   abs1         00000
__Hbank0                                  bank0        00000
__Hbank1                                  bank1        00000
__Hbank10                                 bank10       00000
__Hbank11                                 bank11       00000
__Hbank12                                 bank12       00000
__Hbank13                                 bank13       00000
__Hbank14                                 bank14       00000
__Hbank15                                 bank15       00000
__Hbank16                                 bank16       00000
__Hbank17                                 bank17       00000
__Hbank18                                 bank18       00000
__Hbank19                                 bank19       00000
__Hbank2                                  bank2        00000
__Hbank20                                 bank20       00000
__Hbank21                                 bank21       00000
__Hbank22                                 bank22       00000
__Hbank23                                 bank23       00000
__Hbank24                                 bank24       00000
__Hbank25                                 bank25       00000
__Hbank26                                 bank26       00000
__Hbank27                                 bank27       00000
__Hbank28                                 bank28       00000
__Hbank29                                 bank29       00000
__Hbank3                                  bank3        00000
__Hbank30                                 bank30       00000
__Hbank31                                 bank31       00000
__Hbank4                                  bank4        00000
__Hbank5                                  bank5        00000
__Hbank6                                  bank6        00000
__Hbank7                                  bank7        00000
__Hbank8                                  bank8        00000
__Hbank9                                  bank9        00000
__Hbigram                                 bigram       00000
__HbitbssCOMMON                           bitbssCOMMON 00000
__HbssBANK0                               bssBANK0     00000
__HbssBANK1                               bssBANK1     00000
__HbssBANK2                               bssBANK2     00000
__HbssBANK3                               bssBANK3     00000
__HbssCOMMON                              bssCOMMON    00000
__Hcinit                                  cinit        00041
__Hclrtext                                clrtext      00000
__Hcode                                   code         00000
__Hcommon                                 common       00000
__Hconfig                                 config       08009
__HcstackBANK0                            cstackBANK0  00000
__HcstackBANK1                            cstackBANK1  00000
__HcstackBANK2                            cstackBANK2  00000
__HcstackBANK3                            cstackBANK3  00000
__HcstackCOMMON                           cstackCOMMON 00000
__HdataBANK4                              dataBANK4    00000
__Heeprom_data                            eeprom_data  00000
__Hend_init                               end_init     00015
__Hfunctab                                functab      00000
__HidataBANK4                             idataBANK4   00000
__Hidloc                                  idloc        00000
__Hinit                                   init         00013
__Hinittext                               inittext     00000
__Hintentry                               intentry     00013
__Hmaintext                               maintext     00000
__HnvCOMMON                               nvCOMMON     00000
__Hpowerup                                powerup      00000
__Hram                                    ram          00000
__Hreset_vec                              reset_vec    00002
__Hsfr0                                   sfr0         00000
__Hsfr1                                   sfr1         00000
__Hsfr10                                  sfr10        00000
__Hsfr11                                  sfr11        00000
__Hsfr12                                  sfr12        00000
__Hsfr13                                  sfr13        00000
__Hsfr14                                  sfr14        00000
__Hsfr15                                  sfr15        00000
__Hsfr16                                  sfr16        00000
__Hsfr17                                  sfr17        00000
__Hsfr18                                  sfr18        00000
__Hsfr19                                  sfr19        00000
__Hsfr2                                   sfr2         00000
__Hsfr20                                  sfr20        00000
__Hsfr21                                  sfr21        00000
__Hsfr22                                  sfr22        00000
__Hsfr23                                  sfr23        00000
__Hsfr24                                  sfr24        00000
__Hsfr25                                  sfr25        00000
__Hsfr26                                  sfr26        00000
__Hsfr27                                  sfr27        00000
__Hsfr28                                  sfr28        00000
__Hsfr29                                  sfr29        00000
__Hsfr3                                   sfr3         00000
__Hsfr30                                  sfr30        00000
__Hsfr31                                  sfr31        00000
__Hsfr4                                   sfr4         00000
__Hsfr5                                   sfr5         00000
__Hsfr6                                   sfr6         00000
__Hsfr7                                   sfr7         00000
__Hsfr8                                   sfr8         00000
__Hsfr9                                   sfr9         00000
__Hspace_0                                (abs)        08009
__Hspace_1                                (abs)        003C2
__Hspace_2                                (abs)        00000
__Hspace_3                                (abs)        00000
__Hstack                                  stack        00000
__Hstrings                                strings      00000
__Hstringtext                             stringtext   00000
__Htext                                   text         00000
__Labs1                                   abs1         00000
__Lbank0                                  bank0        00000
__Lbank1                                  bank1        00000
__Lbank10                                 bank10       00000
__Lbank11                                 bank11       00000
__Lbank12                                 bank12       00000
__Lbank13                                 bank13       00000
__Lbank14                                 bank14       00000
__Lbank15                                 bank15       00000
__Lbank16                                 bank16       00000
__Lbank17                                 bank17       00000
__Lbank18                                 bank18       00000
__Lbank19                                 bank19       00000
__Lbank2                                  bank2        00000
__Lbank20                                 bank20       00000
__Lbank21                                 bank21       00000
__Lbank22                                 bank22       00000
__Lbank23                                 bank23       00000
__Lbank24                                 bank24       00000
__Lbank25                                 bank25       00000
__Lbank26                                 bank26       00000
__Lbank27                                 bank27       00000
__Lbank28                                 bank28       00000
__Lbank29                                 bank29       00000
__Lbank3                                  bank3        00000
__Lbank30                                 bank30       00000
__Lbank31                                 bank31       00000
__Lbank4                                  bank4        00000
__Lbank5                                  bank5        00000
__Lbank6                                  bank6        00000
__Lbank7                                  bank7        00000
__Lbank8                                  bank8        00000
__Lbank9                                  bank9        00000
__Lbigram                                 bigram       00000
__LbitbssCOMMON                           bitbssCOMMON 00000
__LbssBANK0                               bssBANK0     00000
__LbssBANK1                               bssBANK1     00000
__LbssBANK2                               bssBANK2     00000
__LbssBANK3                               bssBANK3     00000
__LbssCOMMON                              bssCOMMON    00000
__Lcinit                                  cinit        00015
__Lclrtext                                clrtext      00000
__Lcode                                   code         00000
__Lcommon                                 common       00000
__Lconfig                                 config       08007
__LcstackBANK0                            cstackBANK0  00000
__LcstackBANK1                            cstackBANK1  00000
__LcstackBANK2                            cstackBANK2  00000
__LcstackBANK3                            cstackBANK3  00000
__LcstackCOMMON                           cstackCOMMON 00000
__LdataBANK4                              dataBANK4    00000
__Leeprom_data                            eeprom_data  00000
__Lend_init                               end_init     00013
__Lfunctab                                functab      00000
__LidataBANK4                             idataBANK4   00000
__Lidloc                                  idloc        00000
__Linit                                   init         00013
__Linittext                               inittext     00000
__Lintentry                               intentry     00004
__Lmaintext                               maintext     00000
__LnvCOMMON                               nvCOMMON     00000
__Lpowerup                                powerup      00000
__Lram                                    ram          00000
__Lreset_vec                              reset_vec    00000
__Lsfr0                                   sfr0         00000
__Lsfr1                                   sfr1         00000
__Lsfr10                                  sfr10        00000
__Lsfr11                                  sfr11        00000
__Lsfr12                                  sfr12        00000
__Lsfr13                                  sfr13        00000
__Lsfr14                                  sfr14        00000
__Lsfr15                                  sfr15        00000
__Lsfr16                                  sfr16        00000
__Lsfr17                                  sfr17        00000
__Lsfr18                                  sfr18        00000
__Lsfr19                                  sfr19        00000
__Lsfr2                                   sfr2         00000
__Lsfr20                                  sfr20        00000
__Lsfr21                                  sfr21        00000
__Lsfr22                                  sfr22        00000
__Lsfr23                                  sfr23        00000
__Lsfr24                                  sfr24        00000
__Lsfr25                                  sfr25        00000
__Lsfr26                                  sfr26        00000
__Lsfr27                                  sfr27        00000
__Lsfr28                                  sfr28        00000
__Lsfr29                                  sfr29        00000
__Lsfr3                                   sfr3         00000
__Lsfr30                                  sfr30        00000
__Lsfr31                                  sfr31        00000
__Lsfr4                                   sfr4         00000
__Lsfr5                                   sfr5         00000
__Lsfr6                                   sfr6         00000
__Lsfr7                                   sfr7         00000
__Lsfr8                                   sfr8         00000
__Lsfr9                                   sfr9         00000
__Lspace_0                                (abs)        00000
__Lspace_1                                (abs)        00000
__Lspace_2                                (abs)        00000
__Lspace_3                                (abs)        00000
__Lstack                                  stack        00000
__Lstrings                                strings      00000
__Lstringtext                             stringtext   00000
__Ltext                                   text         00000
__S0                                      (abs)        08009
__S1                                      (abs)        00240
__S2                                      (abs)        00000
___awdiv                                  text108      016FB
___awdiv@counter                          cstackBANK0  00025
___awdiv@dividend                         cstackBANK0  00022
___awdiv@divisor                          cstackBANK0  00020
___awdiv@quotient                         cstackBANK0  00027
___awdiv@sign                             cstackBANK0  00026
___awtoft                                 text85       01087
___awtoft@c                               cstackBANK0  00028
___awtoft@sign                            cstackBANK0  0002D
___bmul                                   text103      01DFF
___bmul@multiplicand                      cstackBANK0  00020
___bmul@multiplier                        cstackBANK0  00023
___bmul@product                           cstackBANK0  00022
___ftadd                                  text84       0045A
___ftadd@exp1                             cstackBANK0  0004D
___ftadd@exp2                             cstackBANK0  0004C
___ftadd@f1                               cstackBANK0  00041
___ftadd@f2                               cstackBANK0  00044
___ftadd@sign                             cstackBANK0  0004B
___ftdiv                                  text83       00EA7
___ftdiv@cntr                             cstackBANK0  00038
___ftdiv@exp                              cstackBANK0  0003C
___ftdiv@f1                               cstackBANK0  00031
___ftdiv@f2                               cstackBANK0  0002E
___ftdiv@f3                               cstackBANK0  00039
___ftdiv@sign                             cstackBANK0  0003D
___ftmul                                  text33       00708
___ftmul@cntr                             cstackBANK0  0003C
___ftmul@exp                              cstackBANK0  00038
___ftmul@f1                               cstackBANK0  0002E
___ftmul@f2                               cstackBANK0  00031
___ftmul@f3_as_product                    cstackBANK0  00039
___ftmul@sign                             cstackBANK0  0003D
___ftneg                                  text82       01C87
___ftneg@f1                               cstackBANK0  0003E
___ftpack                                 text86       00A0A
___ftpack@arg                             cstackBANK0  00020
___ftpack@exp                             cstackBANK0  00023
___ftpack@sign                            cstackBANK0  00024
___fttol                                  text81       00D85
___fttol@exp1                             cstackBANK0  0005B
___fttol@f1                               cstackBANK0  0004E
___fttol@lval                             cstackBANK0  00057
___fttol@sign1                            cstackBANK0  00056
___int_sp                                 stack        00000
[...]
Total ram usage:        0 bytes
 Hardware stack levels used:    1
 Hardware stack levels required when called:    5
 This function calls:
		Nothing
 This function is called by:
		_main
 This function uses a non-reentrant model


 *************** function _ISR *****************
 Defined at:
		line 107 in file "../src/MCU_B1.c"
 Parameters:    Size  Location     Type
		None
 Auto vars:     Size  Location     Type
		None
 Return value:  Size  Location     Type
		None               void
 Registers used:
		wreg, fsr0l, fsr0h, fsr1l, fsr1h, status,2, status,0, pclath, cstack
 Tracked objects:
		On entry : 
		On exit  : 
		Unchanged: 
 Data sizes:     COMMON   BANK0   BANK1   BANK2   BANK3   BANK4   BANK5   BANK6   BANK7   BANK8   BANK9  BANK10  BANK11  BANK12
      Params:         0       0       0       0       0       0       0       0       0       0       0       0       0       0
      Locals:         0       0       0       0       0       0       0       0       0       0       0       0       0       0
      Temps:          1       0       0       0       0       0       0       0       0       0       0       0       0       0
      Totals:         1       0       0       0       0       0       0       0       0       0       0       0       0       0
Total ram usage:        1 bytes
 Hardware stack levels used:    1
 Hardware stack levels required when called:    4
 This function calls:
		_IOC_ISR
		_TMR1_ISR
 This function is called by:
		Interrupt level 1
 This function uses a non-reentrant model


 *************** function _TMR1_ISR *****************
 Defined at:
		line 209 in file "../src/MCU_B1.c"
 Parameters:    Size  Location     Type
		None
 Auto vars:     Size  Location     Type
		None
 Return value:  Size  Location     Type
		None               void
 Registers used:
		wreg, fsr0l, fsr0h, fsr1l, fsr1h, status,2, status,0, pclath, cstack
 Tracked objects:
		On entry : 
		On exit  : 
		Unchanged: 
 Data sizes:     COMMON   BANK0   BANK1   BANK2   BANK3   BANK4   BANK5   BANK6   BANK7   BANK8   BANK9  BANK10  BANK11  BANK12
      Params:         0       0       0       0       0       0       0       0       0       0       0       0       0       0
      Locals:         0       0       0       0       0       0       0       0       0       0       0       0       0       0
      Temps:          0       0       0       0       0       0       0       0       0       0       0       0       0       0
      Totals:         0       0       0       0       0       0       0       0       0       0       0       0       0       0
Total ram usage:        0 bytes
 Hardware stack levels used:    1
 Hardware stack levels required when called:    2
 This function calls:
		_setDimmerLights_IntrControl
 This function is called by:
		_ISR
 This function uses a non-reentrant model


 *************** function _setDimmerLights_IntrControl *****************
 Defined at:
		line 96 in file "../src/Dimmer_B1.c"
 Parameters:    Size  Location     Type
  lights          1    wreg     unsigned char 
 Auto vars:     Size  Location     Type
  lights          1    3[COMMON] unsigned char 
 Return value:  Size  Location     Type
		None               void
 Registers used:
		wreg, fsr0l, fsr0h, fsr1l, fsr1h, status,2, status,0, pclath, cstack
 Tracked objects:
		On entry : 
		On exit  : 
		Unchanged: 
 Data sizes:     COMMON   BANK0   BANK1   BANK2   BANK3   BANK4   BANK5   BANK6   BANK7   BANK8   BANK9  BANK10  BANK11  BANK12
      Params:         0       0       0       0       0       0       0       0       0       0       0       0       0       0
      Locals:         1       0       0       0       0       0       0       0       0       0       0       0       0       0
      Temps:          1       0       0       0       0       0       0       0       0       0       0       0       0       0
      Totals:         2       0       0       0       0       0       0       0       0       0       0       0       0       0
Total ram usage:        2 bytes
 Hardware stack levels used:    1
 Hardware stack levels required when called:    1
 This function calls:
		_DimmerIntrPointSelect
 This function is called by:
		_TMR1_ISR
 This function uses a non-reentrant model


 *************** function _DimmerIntrPointSelect *****************
 Defined at:
		line 74 in file "../src/Dimmer_B1.c"
 Parameters:    Size  Location     Type
  lights          1    wreg     unsigned char 
 Auto vars:     Size  Location     Type
  lights          1    1[COMMON] unsigned char 
 Return value:  Size  Location     Type
		None               void
 Registers used:
		wreg
 Tracked objects:
		On entry : 
		On exit  : 
		Unchanged: 
 Data sizes:     COMMON   BANK0   BANK1   BANK2   BANK3   BANK4   BANK5   BANK6   BANK7   BANK8   BANK9  BANK10  BANK11  BANK12
      Params:         0       0       0       0       0       0       0       0       0       0       0       0       0       0
      Locals:         1       0       0       0       0       0       0       0       0       0       0       0       0       0
      Temps:          1       0       0       0       0       0       0       0       0       0       0       0       0       0
      Totals:         2       0       0       0       0       0       0       0       0       0       0       0       0       0
Total ram usage:        2 bytes
 Hardware stack levels used:    1
 This function calls:
		Nothing
 This function is called by:
		_setDimmerLights_IntrControl
 This function uses a non-reentrant model


 *************** function _IOC_ISR *****************
 Defined at:
		line 400 in file "../src/MCU_B1.c"
 Parameters:    Size  Location     Type
		None
 Auto vars:     Size  Location     Type
		None
 Return value:  Size  Location     Type
		None               void
 Registers used:
		wreg, fsr1l, fsr1h, status,2, status,0, pclath, cstack
 Tracked objects:
		On entry : 
		On exit  : 
		Unchanged: 
 Data sizes:     COMMON   BANK0   BANK1   BANK2   BANK3   BANK4   BANK5   BANK6   BANK7   BANK8   BANK9  BANK10  BANK11  BANK12
      Params:         0       0       0       0       0       0       0       0       0       0       0       0       0       0
      Locals:         0       0       0       0       0       0       0       0       0       0       0       0       0       0
      Temps:          0       0       0       0       0       0       0       0       0       0       0       0       0       0
      Totals:         0       0       0       0       0       0       0       0       0       0       0       0       0       0
Total ram usage:        0 bytes
 Hardware stack levels used:    1
 Hardware stack levels required when called:    3
 This function calls:
		_setDimmerReClock
 This function is called by:
		_ISR
 This function uses a non-reentrant model


 *************** function _setDimmerReClock *****************
 Defined at:
		line 243 in file "../src/MCU_B1.c"
 Parameters:    Size  Location     Type
		None
 Auto vars:     Size  Location     Type
		None
 Return value:  Size  Location     Type
		None               void
 Registers used:
		wreg, fsr1l, fsr1h, status,2, status,0, pclath, cstack
 Tracked objects:
		On entry : 
		On exit  : 
		Unchanged: 
 Data sizes:     COMMON   BANK0   BANK1   BANK2   BANK3   BANK4   BANK5   BANK6   BANK7   BANK8   BANK9  BANK10  BANK11  BANK12
      Params:         0       0       0       0       0       0       0       0       0       0       0       0       0       0
      Locals:         0       0       0       0       0       0       0       0       0       0       0       0       0       0
      Temps:          0       0       0       0       0       0       0       0       0       0       0       0       0       0
      Totals:         0       0       0       0       0       0       0       0       0       0       0       0       0       0
Total ram usage:        0 bytes
 Hardware stack levels used:    1
 Hardware stack levels required when called:    2
 This function calls:
		_setDimmerLights_IntrIOC_GO
 This function is called by:
		_IOC_ISR
 This function uses a non-reentrant model


 *************** function _setDimmerLights_IntrIOC_GO *****************
 Defined at:
		line 28 in file "../src/Dimmer_B1.c"
 Parameters:    Size  Location     Type
  lights          1    wreg     unsigned char 
 Auto vars:     Size  Location     Type
  lights          1    2[COMMON] unsigned char 
 Return value:  Size  Location     Type
		None               void
 Registers used:
		wreg, fsr1l, fsr1h, status,2, status,0, pclath, cstack
 Tracked objects:
		On entry : 
		On exit  : 
		Unchanged: 
 Data sizes:     COMMON   BANK0   BANK1   BANK2   BANK3   BANK4   BANK5   BANK6   BANK7   BANK8   BANK9  BANK10  BANK11  BANK12
      Params:         0       0       0       0       0       0       0       0       0       0       0       0       0       0
      Locals:         1       0       0       0       0       0       0       0       0       0       0       0       0       0
      Temps:          0       0       0       0       0       0       0       0       0       0       0       0       0       0
      Totals:         1       0       0       0       0       0       0       0       0       0       0       0       0       0
Total ram usage:        1 bytes
 Hardware stack levels used:    1
 Hardware stack levels required when called:    1
 This function calls:
		_DimmerIntrIOCPointSelect
 This function is called by:
		_setDimmerReClock
 This function uses a non-reentrant model


 *************** function _DimmerIntrIOCPointSelect *****************
 Defined at:
		line 8 in file "../src/Dimmer_B1.c"
 Parameters:    Size  Location     Type
  lights          1    wreg     unsigned char 
 Auto vars:     Size  Location     Type
  lights          1    1[COMMON] unsigned char 
 Return value:  Size  Location     Type
		None               void
 Registers used:
		wreg
 Tracked objects:
		On entry : 
		On exit  : 
		Unchanged: 
 Data sizes:     COMMON   BANK0   BANK1   BANK2   BANK3   BANK4   BANK5   BANK6   BANK7   BANK8   BANK9  BANK10  BANK11  BANK12
      Params:         0       0       0       0       0       0       0       0       0       0       0       0       0       0
      Locals:         1       0       0       0       0       0       0       0       0       0       0       0       0       0
      Temps:          1       0       0       0       0       0       0       0       0       0       0       0       0       0
      Totals:         2       0       0       0       0       0       0       0       0       0       0       0       0       0
Total ram usage:        2 bytes
 Hardware stack levels used:    1
 This function calls:
		Nothing
 This function is called by:
		_setDimmerLights_IntrIOC_GO
 This function uses a non-reentrant model



MODULE INFORMATION

Module		Function		Class		Link	Load	Size
C:\Program Files (x86)\Microchip\xc8\v1.32\sources\common\float.c
		___ftpack      		CODE           	0A0A	0000	97

C:\Program Files (x86)\Microchip\xc8\v1.32\sources\common\float.c estimated size: 97

../src/OverLoad_B1.c
		_getLoad_AD    		CODE           	0D04	0000	129
		_getLoad_OK    		CODE           	1C6F	0000	8
		_Load_Initializ		CODE           	1C17	0000	3
		_Load_Main     		CODE           	0041	0000	428
		_setLoad_AH_AL_		CODE           	1F6A	0000	28

../src/OverLoad_B1.c estimated size: 596

C:\Program Files (x86)\Microchip\xc8\v1.32\sources\common\awtoft.c
		___awtoft      		CODE           	1087	0000	34

C:\Program Files (x86)\Microchip\xc8\v1.32\sources\common\awtoft.c estimated size: 34

../src/MCU_B1.c
		_Fosc_Set      		CODE           	1C46	0000	4
		_IO_Set        		CODE           	1EE9	0000	24
		_WDT_Set       		CODE           	1CEC	0000	11
		_WDT_Main      		CODE           	1E35	0000	18
		_ADC_Set       		CODE           	1C61	0000	7
		_IOC_ISR       		CODE           	1D7D	0000	15
		_ISR           		CODE           	0004	0000	15
		_Flash_Memory_W		CODE           	11DF	0000	47
		_Flash_Memory_M		CODE           	151A	0000	78
		_IOC_Set       		CODE           	1D49	0000	12
		_WDT_Clearing  		CODE           	0002	0000	2
		_setMemory_Modi		CODE           	1E5A	0000	19
		_Mcu_Initializa		CODE           	1E23	0000	18
		_setMemory_Data		CODE           	1D25	0000	12
		_Flash_Memory_I		CODE           	0550	0000	220
		_getAD         		CODE           	1FE0	0000	32
		_TMR1_Set      		CODE           	1D55	0000	12
		_setMemory_Loop		CODE           	1E6D	0000	19
		_Flash_Memory_U		CODE           	1C90	0000	9
		_Flash_Memory_R		CODE           	1F34	0000	26
		_Flash_Memory_E		CODE           	1D31	0000	12
		_TMR1_ISR      		CODE           	10F0	0000	37
		_setDimmerReClo		CODE           	1C26	0000	4
		_Flash_Memory_M		CODE           	1309	0000	54

../src/MCU_B1.c estimated size: 707

C:\Program Files (x86)\Microchip\xc8\v1.32\sources\common\ftmul.c
		___ftmul       		CODE           	0708	0000	180

C:\Program Files (x86)\Microchip\xc8\v1.32\sources\common\ftmul.c estimated size: 180

../src/Buzzer_B1.c
		_Buzzer_Main   		CODE           	14D0	0000	74
		_setBuz        		CODE           	17A7	0000	89
		_getBuz_GO     		CODE           	1DCC	0000	17
		_Buzzer_Initial		CODE           	1C14	0000	3

../src/Buzzer_B1.c estimated size: 183

../src/LED_B1.c
		_setLED        		CODE           	13E2	0000	57
		_LED_Main      		CODE           	1C42	0000	4
		_setLED_Initial		CODE           	1E11	0000	18
		_LedPointSelect		CODE           	1D19	0000	12
		_setLED_Main   		CODE           	133F	0000	54
		_LED_Initializa		CODE           	1C3E	0000	4

../src/LED_B1.c estimated size: 149

../src/OverTemperature_B1.c
		_Temp_Initializ		CODE           	1C20	0000	3
		_Temp_Main     		CODE           	1C23	0000	3
		_setTemp_Initia		CODE           	1066	0000	1
		_getTemp_AD    		CODE           	1492	0000	62
		_setTemp_Main  		CODE           	0F50	0000	176

../src/OverTemperature_B1.c estimated size: 245

../src/CC2500_B1.c
		_DelayTime_1us 		CODE           	113A	0000	38
		_CC2500_Frequen		CODE           	1D0D	0000	12
		_CC2500_SIDLEMo		CODE           	1C32	0000	4
		_CC2500_PowerOn		CODE           	1EA9	0000	21
		_CC2500_WriteBy		CODE           	1F01	0000	25
		_CC2500_RxData 		CODE           	0B99	0000	111
		_CC2500_TxData 		CODE           	0A6B	0000	100
		_CC2500_ClearRX		CODE           	1C2A	0000	4
		_CC2500_ClearTX		CODE           	1C2E	0000	4
		_CC2500_InitPAT		CODE           	1FC1	0000	31
		_CC2500_WriteRE		CODE           	10A9	0000	35
		_CC2500_ReadSta		CODE           	1115	0000	37
		_CC2500_PowerRS		CODE           	07BC	0000	68
		_CC2500_ReadByt		CODE           	1F86	0000	29
		_CC2500_InitSet		CODE           	1160	0000	42
		_CC2500_WriteCo		CODE           	1F1A	0000	26

../src/CC2500_B1.c estimated size: 587

C:\Program Files (x86)\Microchip\xc8\v1.32\sources\common\fttol.c
		___fttol       		CODE           	0D85	0000	135

C:\Program Files (x86)\Microchip\xc8\v1.32\sources\common\fttol.c estimated size: 135

C:\Program Files (x86)\Microchip\xc8\v1.32\sources\common\lwdiv.c
		___lwdiv       		CODE           	13AB	0000	55

C:\Program Files (x86)\Microchip\xc8\v1.32\sources\common\lwdiv.c estimated size: 55

../src/RF_Control_B1.c
		_RF_Initializat		CODE           	1C1A	0000	3
		_getRxData     		CODE           	0C85	0000	127
		_setRF_Main    		CODE           	0C08	0000	125
		_setRF_DimmerVa		CODE           	120E	0000	47
		_getRF_KeyStatu		CODE           	1DDD	0000	17
		_setRF_Initiali		CODE           	1CF7	0000	11
		_setTxData     		CODE           	0E0C	0000	155
		_setRFSW_Contro		CODE           	15B7	0000	79
		_setRF_Learn   		CODE           	1E80	0000	20
		_RF_Main       		CODE           	1C1D	0000	3
		_setRFSW_AdjCon		CODE           	1454	0000	62
		_setRF_DimmerLi		CODE           	083C	0000	89
		_setControl_Lig		CODE           	09AB	0000	95
		_setLog_Code   		CODE           	12D5	0000	52
		_RF_RxDisable  		CODE           	1E47	0000	19

../src/RF_Control_B1.c estimated size: 904

C:\Program Files (x86)\Microchip\xc8\v1.32\sources\common\awdiv.c
		___awdiv       		CODE           	16FB	0000	84

C:\Program Files (x86)\Microchip\xc8\v1.32\sources\common\awdiv.c estimated size: 84

../src/Main_B1.c
		_Exception_Main		CODE           	062C	0000	220
		_getMain_Lights		CODE           	1CB6	0000	10
		_my_MainTimer  		CODE           	0800	0000	60
		_setProductData		CODE           	1D61	0000	14
		_main          		CODE           	0895	0000	91
		_Timeout_Counte		CODE           	1E94	0000	21
		_myMain_Initial		CODE           	1D8C	0000	15
		_getMain_All_Er		CODE           	126E	0000	51
		_set_TimeoutCle		CODE           	1C4A	0000	5
		_getMain_Lights		CODE           	1D3D	0000	12

../src/Main_B1.c estimated size: 499

C:\Program Files (x86)\Microchip\xc8\v1.32\sources\common\ftadd.c
		___ftadd       		CODE           	045A	0000	246

C:\Program Files (x86)\Microchip\xc8\v1.32\sources\common\ftadd.c estimated size: 246

C:\Program Files (x86)\Microchip\xc8\v1.32\sources\common\Umul16.c
		___wmul        		CODE           	1FA3	0000	30

C:\Program Files (x86)\Microchip\xc8\v1.32\sources\common\Umul16.c estimated size: 30

C:\Program Files (x86)\Microchip\xc8\v1.32\sources\common\Umul8.c
		___bmul        		CODE           	1DFF	0000	18

C:\Program Files (x86)\Microchip\xc8\v1.32\sources\common\Umul8.c estimated size: 18

shared
		_CC2500_patable		STRCODE        	105E	0000	8
		_CC2500_rfSetti		STRCODE        	102F	0000	47
		__initializatio		CODE           	0015	0000	40
		_CC2500_registe		STRCODE        	1000	0000	47

shared estimated size: 142

C:\Program Files (x86)\Microchip\xc8\v1.32\sources\common\ftneg.c
		___ftneg       		CODE           	1C87	0000	9

C:\Program Files (x86)\Microchip\xc8\v1.32\sources\common\ftneg.c estimated size: 9

../src/Switch_B1.c
		_Switch_Main   		CODE           	1C68	0000	7
		_SwPointSelect 		CODE           	1D02	0000	11
		_TouchPower    		CODE           	1EBE	0000	21
		_setSw_Main    		CODE           	01ED	0000	371
		_getSw_KeyStatu		CODE           	1DEE	0000	17
		_setSw_Initiali		CODE           	1DAB	0000	16
		_Switch_Initial		CODE           	1C99	0000	9

../src/Switch_B1.c estimated size: 452

../src/Dimmer_B1.c
		_DimmerLightsPo		CODE           	1CD6	0000	11
		_getDimmerLight		CODE           	1DBB	0000	17
		_setDimmerLight		CODE           	1375	0000	54
		_setDimmerLight		CODE           	1568	0000	79
		_DimmerIntrPoin		CODE           	1CA2	0000	10
		_DimmerLights_M		CODE           	1F4E	0000	28
		_setDimmerLight		CODE           	141B	0000	57
		_getDimmerLight		CODE           	1CE1	0000	11
		_setDimmerLight		CODE           	0360	0000	250
		_getAll_DimmerL		CODE           	11B4	0000	43
		_DimmerIntrIOCP		CODE           	1CC0	0000	11
		_setDimmerLight		CODE           	174F	0000	88
		_setDimmerLight		CODE           	1656	0000	82
		_setDimmerLight		CODE           	1D6F	0000	14
		_setDimmerLight		CODE           	10CC	0000	36
		_getPercentValu		CODE           	0B34	0000	101
		_setDimmerLight		CODE           	094D	0000	94
		_setPercentValu		CODE           	0ACF	0000	101
		_getDimmer_Load		CODE           	1C77	0000	8
		_setDimmerLight		CODE           	123D	0000	49
		_setDimmerLight		CODE           	12A1	0000	52
		_DimmerLights_I		CODE           	1CAC	0000	10
		_getDimmer_Load		CODE           	1C7F	0000	8
		_setDimmerLight		CODE           	1606	0000	80
		_getDimmerLight		CODE           	1ED3	0000	22

../src/Dimmer_B1.c estimated size: 1316

../src/DelayOff_B1.c
		_DelayOff_Initi		CODE           	1C36	0000	4
		_DlyOff_Main   		CODE           	08F0	0000	93
		_DelayTimejudge		CODE           	118A	0000	42
		_DelayOff_Main 		CODE           	1C3A	0000	4
		_DelayOffPointS		CODE           	1CCB	0000	11
		_getDelayOff_GO		CODE           	1D9B	0000	16
		_setDelayOff_GO		CODE           	16A8	0000	83
		_DlyOff_Initial		CODE           	1C4F	0000	6

../src/DelayOff_B1.c estimated size: 259

C:\Program Files (x86)\Microchip\xc8\v1.32\sources\pic\ftdiv.c
		___ftdiv       		CODE           	0EA7	0000	169

C:\Program Files (x86)\Microchip\xc8\v1.32\sources\pic\ftdiv.c estimated size: 169

