Microchip MPLAB XC8 Compiler V1.32 ()

Linker command line:

--edf=C:\Program Files (x86)\Microchip\xc8\v1.32\dat\en_msgs.txt -cs \
  -h+dist/default/production\1-8-1.Switch_1Key_Dimmer_MOSFET.X.production.sym \
  --cmf=dist/default/production\1-8-1.Switch_1Key_Dimmer_MOSFET.X.production.cmf \
  -z -Q16F1518 -oC:\Users\taianluo\AppData\Local\Temp\s52s.6 \
  -Mdist/default/production/1-8-1.Switch_1Key_Dimmer_MOSFET.X.production.map \
  -E1 -ver=XC8 -ASTACK=0213Ah-0231fh -pstack=STACK -ACONST=00h-0FFhx64 \
  -ACODE=00h-07FFhx8 -ASTRCODE=00h-03FFFh -AENTRY=00h-0FFhx64 \
  -ASTRING=00h-0FFhx64 -ACOMMON=070h-07Fh -ABANK0=020h-06Fh \
  -ABANK1=0A0h-0EFh -ABANK2=0120h-016Fh -ABANK3=01A0h-01EFh \
  -ABANK4=0220h-026Fh -ABANK5=02A0h-02EFh -ABANK6=0320h-036Fh \
  -ABANK7=03A0h-03EFh -ABANK8=0420h-046Fh -ABANK9=04A0h-04EFh \
  -ABANK10=0520h-056Fh -ABANK11=05A0h-05EFh -ABANK12=0620h-064Fh \
  -ABIGRAM=02000h-023EFh \
  -ARAM=020h-06Fh,0A0h-0EFh,0120h-016Fh,01A0h-01EFh,0220h-026Fh,02A0h-02EFh,0320h-036Fh,03A0h-03EFh,0420h-046Fh,04A0h-04EFh,0520h-056Fh,05A0h-05EFh,0620h-064Fh \
  -AABS1=020h-07Fh,0A0h-0EFh,0120h-016Fh,01A0h-01EFh,0220h-026Fh,02A0h-02EFh,0320h-036Fh,03A0h-03EFh,0420h-046Fh,04A0h-04EFh,0520h-056Fh,05A0h-05EFh,0620h-064Fh \
  -ASFR0=00h-01Fh -ASFR1=080h-09Fh -ASFR2=0100h-011Fh -ASFR3=0180h-019Fh \
  -ASFR4=0200h-021Fh -ASFR5=0280h-029Fh -ASFR6=0300h-031Fh \
  -ASFR7=0380h-039Fh -ASFR8=0400h-041Fh -ASFR9=0480h-049Fh \
  -ASFR10=0500h-051Fh -ASFR11=0580h-059Fh -ASFR12=0600h-061Fh \
  -ASFR13=0680h-06EFh -ASFR14=0700h-076Fh -ASFR15=0780h-07EFh \
  -ASFR16=0800h-086Fh -ASFR17=0880h-08EFh -ASFR18=0900h-096Fh \
  -ASFR19=0980h-09EFh -ASFR20=0A00h-0A6Fh -ASFR21=0A80h-0AEFh \
  -ASFR22=0B00h-0B6Fh -ASFR23=0B80h-0BEFh -ASFR24=0C00h-0C6Fh \
  -ASFR25=0C80h-0CEFh -ASFR26=0D00h-0D6Fh -ASFR27=0D80h-0DEFh \
  -ASFR28=0E00h-0E6Fh -ASFR29=0E80h-0EEFh -ASFR30=0F00h-0F6Fh \
  -ASFR31=0F80h-0FEFh -preset_vec=00h,intentry=04h,init,end_init \
  -ppowerup=CODE -pcinit=CODE -pfunctab=CODE -ACONFIG=08007h-08008h \
  -pconfig=CONFIG -DCONFIG=2 -AIDLOC=08000h-08003h -pidloc=IDLOC -DIDLOC=2 \
  -DCODE=2 -DSTRCODE=2 -DSTRING=2 -DCONST=2 -DENTRY=2 -k \
  C:\Users\taianluo\AppData\Local\Temp\s52s.obj \
  dist/default/production\1-8-1.Switch_1Key_Dimmer_MOSFET.X.production.obj 

Object code version is 3.11

Machine type is 16F1518



                Name                               Link     Load   Length Selector   Space Scale
C:\Users\taianluo\AppData\Local\Temp\s52s.obj
                end_init                             1F       1F        2        8       0
                reset_vec                             0        0        2        0       0
                config                             8007     8007        2    1000E       0
dist/default/production\1-8-1.Switch_1Key_Dimmer_MOSFET.X.production.obj
                cinit                                21       21       2B        8       0
                intentry                              4        4       1B        8       0
                text132                            161F     161F       30     2C3E       0
                text131                            112A     112A        9     2254       0
                text130                            1758     1758       38     2EB0       0
                text129                            1467     1467       1E     28CE       0
                text127                            10AE     10AE        3     215C       0
                text126                             947      947       46     128E       0
                text125                            114E     114E        A     229C       0
                text124                            10E5     10E5        5     21CA       0
                text123                            10BD     10BD        4     217A       0
                text122                            1158     1158        B     22B0       0
                text121                            120C     120C        F     2418       0
                text120                            1790     1790       38     2F20       0
                text119                            11D6     11D6        D     23AC       0
                text118                             ACD      ACD       54     159A       0
                text117                             A27      A27       53     144E       0
                text116                             98D      98D       4A     131A       0
                text115                            119A     119A        C     2334       0
                text114                             E35      E35       68     1C6A       0
                text113                            10C1     10C1        4     2182       0
                text112                            14A5     14A5       21     294A       0
                text111                            121B     121B        F     2436       0
                text110                             B7B      B7B       60     16F6       0
                text109                            14C6     14C6       22     298C       0
                text108                             1BD      1BD       F6        8       0
                text107                             4DF      4DF       A9        8       0
                text106                             37E      37E       B4        8       0
                text105                            1133     1133        9     2266       0
                text104                             72B      72B       87        8       0
                text103                             C3B      C3B       65     1876       0
                text102                             CA0      CA0       65     1940       0
                text101                            1239     1239       10     2472       0
                text100                             B21      B21       5A     1642       0
                text99                                3        3        1        6       0
                text98                             1105     1105        7     220A       0
                text97                             15F3     15F3       2C     2BE6       0
                text96                              A7A      A7A       53     14F4       0
                text95                             10B1     10B1        3     2162       0
                text94                             11E3     11E3        D     23C6       0
                text93                             1310     1310       13     2620       0
                text92                             11A6     11A6        C     234C       0
                text91                              DCF      DCF       66     1B9E       0
                text90                             1249     1249       10     2492       0
                text89                             10EA     10EA        5     21D4       0
                text88                              7B2      7B2       4C        8       0
                text87                             1259     1259       10     24B2       0
                text86                             11F0     11F0        E     23E0       0
                text85                             111A     111A        8     2234       0
                text84                             1337     1337       15     266E       0
                text83                             12A9     12A9       11     2552       0
                text82                              F7C      F7C       84     1EF8       0
                text81                             134C     134C       15     2698       0
                text80                             11B2     11B2        C     2364       0
                text79                             1361     1361       15     26C2       0
                text78                             10EF     10EF        5     21DE       0
                text77                             1163     1163        B     22C6       0
                text76                              80A      80A       3A     1014       0
                text75                              432      432       AD        8       0
                text74                              D05      D05       65     1A0A       0
                text73                             1122     1122        8     2244       0
                text72                             10B4     10B4        3     2168       0
                text71                             16B6     16B6       36     2D6C       0
                text70                             1323     1323       14     2646       0
                text69                             113C     113C        9     2278       0
                text68                             159F     159F       2A     2B3E       0
                text67                             116E     116E        B     22DC       0
                text66                              2B3      2B3       CB        8       0
                text65                             11BE     11BE        C     237C       0
                text64                              61B      61B       89        8       0
                text63                             12BA     12BA       11     2574       0
                text62                              8C2      8C2       41     1184       0
                text61                             1269     1269       10     24D2       0
                text60                             10C5     10C5        4     218A       0
                text59                             164F     164F       33     2C9E       0
                text58                             10C9     10C9        4     2192       0
                text57                             110C     110C        7     2218       0
                text56                             10CD     10CD        4     219A       0
                text55                             1179     1179        B     22F2       0
                text54                             13FA     13FA       1A     27F4       0
                text53                             11CA     11CA        C     2394       0
                text52                             1145     1145        9     228A       0
                text51                             12FE     12FE       12     25FC       0
                text50                             13CA     13CA       18     2794       0
                text49                             1376     1376       15     26EC       0
                text48                             10D1     10D1        4     21A2       0
                text47                             1414     1414       1A     2828       0
                text46                             10D5     10D5        4     21AA       0
                text45                             10D9     10D9        4     21B2       0
                text44                             152D     152D       25     2A5A       0
                text43                             1184     1184        B     2308       0
                text42                             14E8     14E8       22     29D0       0
                text41                             144A     144A       1D     2894       0
                text40                             15C9     15C9       2A     2B92       0
                text39                              903      903       44     1206       0
                text38                             10DD     10DD        4     21BA       0
                text37                             138B     138B       15     2716       0
                text36                             142E     142E       1C     285C       0
                text35                             150A     150A       23     2A14       0
                text34                              BDB      BDB       60     17B6       0
                text33                              E9D      E9D       68     1D3A       0
                text32                              800      800        A     1000       0
                text31                             10B7     10B7        3     216E       0
                text30                             1279     1279       10     24F2       0
                text29                             12CB     12CB       11     2596       0
                text28                             1552     1552       26     2AA4       0
                text27                             16EC     16EC       36     2DD8       0
                text26                             13E2     13E2       18     27C4       0
                text25                              6A4      6A4       87        8       0
                text24                              882      882       40     1104       0
                text23                             1722     1722       36     2E44       0
                text22                              F05      F05       77     1E0A       0
                text21                             1289     1289       10     2512       0
                text20                             1682     1682       34     2D04       0
                text19                              D6A      D6A       65     1AD4       0
                text18                              9D7      9D7       50     13AE       0
                text17                              588      588       93        8       0
                text16                             10BA     10BA        3     2174       0
                text15                             11FE     11FE        E     23FC       0
                text14                             10E1     10E1        4     21C2       0
                text13                             13A0     13A0       15     2740       0
                text12                             10F4     10F4        5     21E8       0
                text11                             13B5     13B5       15     276A       0
                text10                             118F     118F        B     231E       0
                text9                              12DC     12DC       11     25B8       0
                text8                              1578     1578       27     2AF0       0
                text7                              12ED     12ED       11     25DA       0
                text6                                4C       4C      171        8       0
                text5                              1113     1113        7     2226       0
                text4                               7FE      7FE        2        8       0
                text3                              1299     1299       10     2532       0
                text2                              122A     122A        F     2454       0
                text1                              17C8     17C8       38     2F90       0
                maintext                            844      844       3E     1088       0
                cstackBANK0                          20       20       4A       20       1
                cstackCOMMON                         70       70        A       70       1
                cstackBANK1                          EC       EC        4       A0       1
                cstackBANK3                         1E5      1E5        5      1A0       1
                inittext                           10F9     10F9        6     21F2       0
                clrtext                            10FF     10FF        6     21FE       0
                dataBANK3                           1C5      1C5       20      1A0       1
                bssBANK3                            1A0      1A0       25      1A0       1
                bssBANK2                            120      120       4E      120       1
                bssBANK1                             A0       A0       4C       A0       1
                bssBANK0                             6A       6A        2       20       1
                bssCOMMON                            7B       7B        1       70       1
                bitbssCOMMON                        3D0       7A        2       70       1     8
                nvBANK0                              6C       6C        1       20       1
                stringtext                         1000     1000       66       20       0
                idataBANK3                         1485     1485       20     290A       0

TOTAL           Name                               Link     Load   Length     Space
        CLASS   STACK          

        CLASS   CONST          

        CLASS   CODE           
                end_init                             1F       1F        2         0
                cinit                                21       21       2B         0
                intentry                              4        4       1B         0
                reset_vec                             0        0        2         0
                text132                            161F     161F       30         0
                text131                            112A     112A        9         0
                text130                            1758     1758       38         0
                text129                            1467     1467       1E         0
                text127                            10AE     10AE        3         0
                text126                             947      947       46         0
                text125                            114E     114E        A         0
                text124                            10E5     10E5        5         0
                text123                            10BD     10BD        4         0
                text122                            1158     1158        B         0
                text121                            120C     120C        F         0
                text120                            1790     1790       38         0
                text119                            11D6     11D6        D         0
                text118                             ACD      ACD       54         0
                text117                             A27      A27       53         0
                text116                             98D      98D       4A         0
                text115                            119A     119A        C         0
                text114                             E35      E35       68         0
                text113                            10C1     10C1        4         0
                text112                            14A5     14A5       21         0
                text111                            121B     121B        F         0
                text110                             B7B      B7B       60         0
                text109                            14C6     14C6       22         0
                text108                             1BD      1BD       F6         0
                text107                             4DF      4DF       A9         0
                text106                             37E      37E       B4         0
                text105                            1133     1133        9         0
                text104                             72B      72B       87         0
                text103                             C3B      C3B       65         0
                text102                             CA0      CA0       65         0
                text101                            1239     1239       10         0
                text100                             B21      B21       5A         0
                text99                                3        3        1         0
                text98                             1105     1105        7         0
                text97                             15F3     15F3       2C         0
                text96                              A7A      A7A       53         0
                text95                             10B1     10B1        3         0
                text94                             11E3     11E3        D         0
                text93                             1310     1310       13         0
                text92                             11A6     11A6        C         0
                text91                              DCF      DCF       66         0
                text90                             1249     1249       10         0
                text89                             10EA     10EA        5         0
                text88                              7B2      7B2       4C         0
                text87                             1259     1259       10         0
                text86                             11F0     11F0        E         0
                text85                             111A     111A        8         0
                text84                             1337     1337       15         0
                text83                             12A9     12A9       11         0
                text82                              F7C      F7C       84         0
                text81                             134C     134C       15         0
                text80                             11B2     11B2        C         0
                text79                             1361     1361       15         0
                text78                             10EF     10EF        5         0
                text77                             1163     1163        B         0
                text76                              80A      80A       3A         0
                text75                              432      432       AD         0
                text74                              D05      D05       65         0
                text73                             1122     1122        8         0
                text72                             10B4     10B4        3         0
                text71                             16B6     16B6       36         0
                text70                             1323     1323       14         0
                text69                             113C     113C        9         0
                text68                             159F     159F       2A         0
                text67                             116E     116E        B         0
                text66                              2B3      2B3       CB         0
                text65                             11BE     11BE        C         0
                text64                              61B      61B       89         0
                text63                             12BA     12BA       11         0
                text62                              8C2      8C2       41         0
                text61                             1269     1269       10         0
                text60                             10C5     10C5        4         0
                text59                             164F     164F       33         0
                text58                             10C9     10C9        4         0
                text57                             110C     110C        7         0
                text56                             10CD     10CD        4         0
                text55                             1179     1179        B         0
                text54                             13FA     13FA       1A         0
                text53                             11CA     11CA        C         0
                text52                             1145     1145        9         0
                text51                             12FE     12FE       12         0
                text50                             13CA     13CA       18         0
                text49                             1376     1376       15         0
                text48                             10D1     10D1        4         0
                text47                             1414     1414       1A         0
                text46                             10D5     10D5        4         0
                text45                             10D9     10D9        4         0
                text44                             152D     152D       25         0
                text43                             1184     1184        B         0
                text42                             14E8     14E8       22         0
                text41                             144A     144A       1D         0
                text40                             15C9     15C9       2A         0
                text39                              903      903       44         0
                text38                             10DD     10DD        4         0
                text37                             138B     138B       15         0
                text36                             142E     142E       1C         0
                text35                             150A     150A       23         0
                text34                              BDB      BDB       60         0
                text33                              E9D      E9D       68         0
                text32                              800      800        A         0
                text31                             10B7     10B7        3         0
                text30                             1279     1279       10         0
                text29                             12CB     12CB       11         0
                text28                             1552     1552       26         0
                text27                             16EC     16EC       36         0
                text26                             13E2     13E2       18         0
                text25                              6A4      6A4       87         0
                text24                              882      882       40         0
                text23                             1722     1722       36         0
                text22                              F05      F05       77         0
                text21                             1289     1289       10         0
                text20                             1682     1682       34         0
                text19                              D6A      D6A       65         0
                text18                              9D7      9D7       50         0
                text17                              588      588       93         0
                text16                             10BA     10BA        3         0
                text15                             11FE     11FE        E         0
                text14                             10E1     10E1        4         0
                text13                             13A0     13A0       15         0
                text12                             10F4     10F4        5         0
                text11                             13B5     13B5       15         0
                text10                             118F     118F        B         0
                text9                              12DC     12DC       11         0
                text8                              1578     1578       27         0
                text7                              12ED     12ED       11         0
                text6                                4C       4C      171         0
                text5                              1113     1113        7         0
                text4                               7FE      7FE        2         0
                text3                              1299     1299       10         0
                text2                              122A     122A        F         0
                text1                              17C8     17C8       38         0
                maintext                            844      844       3E         0
                inittext                           10F9     10F9        6         0
                clrtext                            10FF     10FF        6         0
                idataBANK3                         1485     1485       20         0

        CLASS   STRCODE        
                stringtext                         1000     1000       66         0

        CLASS   ENTRY          

        CLASS   STRING         

        CLASS   COMMON         
                cstackCOMMON                         70       70        A         1
                bssCOMMON                            7B       7B        1         1
                bitbssCOMMON                        3D0       7A        2         1

        CLASS   BANK0          
                cstackBANK0                          20       20       4A         1
                bssBANK0                             6A       6A        2         1
                nvBANK0                              6C       6C        1         1

        CLASS   BANK1          
                cstackBANK1                          EC       EC        4         1
                bssBANK1                             A0       A0       4C         1

        CLASS   BANK2          
                bssBANK2                            120      120       4E         1

        CLASS   BANK3          
                cstackBANK3                         1E5      1E5        5         1
                dataBANK3                           1C5      1C5       20         1
                bssBANK3                            1A0      1A0       25         1

        CLASS   BANK4          

        CLASS   BANK5          

        CLASS   BANK6          

        CLASS   BANK7          

        CLASS   BANK8          

        CLASS   BANK9          

        CLASS   BANK10         

        CLASS   BANK11         

        CLASS   BANK12         

        CLASS   BIGRAM         

        CLASS   RAM            

        CLASS   ABS1           
                abs_s1                               7E       7E        2         1

        CLASS   SFR0           

        CLASS   SFR1           

        CLASS   SFR2           

        CLASS   SFR3           

        CLASS   SFR4           

        CLASS   SFR5           

        CLASS   SFR6           

        CLASS   SFR7           

        CLASS   SFR8           

        CLASS   SFR9           

        CLASS   SFR10          

        CLASS   SFR11          

        CLASS   SFR12          

        CLASS   SFR13          

        CLASS   SFR14          

        CLASS   SFR15          

        CLASS   SFR16          

        CLASS   SFR17          

        CLASS   SFR18          

        CLASS   SFR19          

        CLASS   SFR20          

        CLASS   SFR21          

        CLASS   SFR22          

        CLASS   SFR23          

        CLASS   SFR24          

        CLASS   SFR25          

        CLASS   SFR26          

        CLASS   SFR27          

        CLASS   SFR28          

        CLASS   SFR29          

        CLASS   SFR30          

        CLASS   SFR31          

        CLASS   CONFIG         
                config                             8007     8007        2         0

        CLASS   IDLOC          

        CLASS   BANK31         

        CLASS   BANK30         

        CLASS   BANK29         

        CLASS   BANK28         

        CLASS   BANK27         

        CLASS   BANK26         

        CLASS   BANK25         

        CLASS   BANK24         

        CLASS   BANK23         

        CLASS   BANK22         

        CLASS   BANK21         

        CLASS   BANK20         

        CLASS   BANK19         

        CLASS   BANK18         

        CLASS   BANK17         

        CLASS   BANK16         

        CLASS   BANK15         

        CLASS   BANK14         

        CLASS   BANK13         

        CLASS   EEDATA         



SEGMENTS        Name                           Load    Length   Top    Selector   Space  Class     Delta

                reset_vec                      000000  000002  000002         0       0  CODE        2
                text99                         000003  000001  000004         6       0  CODE        2
                intentry                       000004  0007FC  000800         8       0  CODE        2
                cstackBANK0                    000020  00004D  00006D        20       1  BANK0       1
                cstackCOMMON                   000070  00000C  00007C        70       1  COMMON      1
                bssBANK1                       0000A0  000050  0000F0        A0       1  BANK1       1
                bssBANK2                       000120  00004E  00016E       120       1  BANK2       1
                bssBANK3                       0001A0  00004A  0001EA       1A0       1  BANK3       1
                text32                         000800  00000A  00080A      1000       0  CODE        2
                text76                         00080A  00003A  000844      1014       0  CODE        2
                maintext                       000844  00003E  000882      1088       0  CODE        2
                text24                         000882  000040  0008C2      1104       0  CODE        2
                text62                         0008C2  000041  000903      1184       0  CODE        2
                text39                         000903  000044  000947      1206       0  CODE        2
                text126                        000947  000046  00098D      128E       0  CODE        2
                text116                        00098D  00004A  0009D7      131A       0  CODE        2
                text18                         0009D7  000050  000A27      13AE       0  CODE        2
                text117                        000A27  000053  000A7A      144E       0  CODE        2
                text96                         000A7A  000053  000ACD      14F4       0  CODE        2
                text118                        000ACD  000054  000B21      159A       0  CODE        2
                text100                        000B21  00005A  000B7B      1642       0  CODE        2
                text110                        000B7B  000060  000BDB      16F6       0  CODE        2
                text34                         000BDB  000060  000C3B      17B6       0  CODE        2
                text103                        000C3B  000065  000CA0      1876       0  CODE        2
                text102                        000CA0  000065  000D05      1940       0  CODE        2
                text74                         000D05  000065  000D6A      1A0A       0  CODE        2
                text19                         000D6A  000065  000DCF      1AD4       0  CODE        2
                text91                         000DCF  000066  000E35      1B9E       0  CODE        2
                text114                        000E35  000068  000E9D      1C6A       0  CODE        2
                text33                         000E9D  000068  000F05      1D3A       0  CODE        2
                text22                         000F05  000077  000F7C      1E0A       0  CODE        2
                text82                         000F7C  000084  001000      1EF8       0  CODE        2
                stringtext                     001000  000066  001066        20       0  STRCODE     2
                text127                        0010AE  000003  0010B1      215C       0  CODE        2
                text95                         0010B1  000003  0010B4      2162       0  CODE        2
                text72                         0010B4  000003  0010B7      2168       0  CODE        2
                text31                         0010B7  000003  0010BA      216E       0  CODE        2
                text16                         0010BA  000003  0010BD      2174       0  CODE        2
                text123                        0010BD  000004  0010C1      217A       0  CODE        2
                text113                        0010C1  000004  0010C5      2182       0  CODE        2
                text60                         0010C5  000004  0010C9      218A       0  CODE        2
                text58                         0010C9  000004  0010CD      2192       0  CODE        2
                text56                         0010CD  000004  0010D1      219A       0  CODE        2
                text48                         0010D1  000004  0010D5      21A2       0  CODE        2
                text46                         0010D5  000004  0010D9      21AA       0  CODE        2
                text45                         0010D9  000004  0010DD      21B2       0  CODE        2
                text38                         0010DD  000004  0010E1      21BA       0  CODE        2
                text14                         0010E1  000004  0010E5      21C2       0  CODE        2
                text124                        0010E5  000005  0010EA      21CA       0  CODE        2
                text89                         0010EA  000005  0010EF      21D4       0  CODE        2
                text78                         0010EF  000005  0010F4      21DE       0  CODE        2
                text12                         0010F4  000005  0010F9      21E8       0  CODE        2
                inittext                       0010F9  000006  0010FF      21F2       0  CODE        2
                clrtext                        0010FF  000006  001105      21FE       0  CODE        2
                text98                         001105  000007  00110C      220A       0  CODE        2
                text57                         00110C  000007  001113      2218       0  CODE        2
                text5                          001113  000007  00111A      2226       0  CODE        2
                text85                         00111A  000008  001122      2234       0  CODE        2
                text73                         001122  000008  00112A      2244       0  CODE        2
                text131                        00112A  000009  001133      2254       0  CODE        2
                text105                        001133  000009  00113C      2266       0  CODE        2
                text69                         00113C  000009  001145      2278       0  CODE        2
                text52                         001145  000009  00114E      228A       0  CODE        2
                text125                        00114E  00000A  001158      229C       0  CODE        2
                text122                        001158  00000B  001163      22B0       0  CODE        2
                text77                         001163  00000B  00116E      22C6       0  CODE        2
                text67                         00116E  00000B  001179      22DC       0  CODE        2
                text55                         001179  00000B  001184      22F2       0  CODE        2
                text43                         001184  00000B  00118F      2308       0  CODE        2
                text10                         00118F  00000B  00119A      231E       0  CODE        2
                text115                        00119A  00000C  0011A6      2334       0  CODE        2
                text92                         0011A6  00000C  0011B2      234C       0  CODE        2
                text80                         0011B2  00000C  0011BE      2364       0  CODE        2
                text65                         0011BE  00000C  0011CA      237C       0  CODE        2
                text53                         0011CA  00000C  0011D6      2394       0  CODE        2
                text119                        0011D6  00000D  0011E3      23AC       0  CODE        2
                text94                         0011E3  00000D  0011F0      23C6       0  CODE        2
                text86                         0011F0  00000E  0011FE      23E0       0  CODE        2
                text15                         0011FE  00000E  00120C      23FC       0  CODE        2
                text121                        00120C  00000F  00121B      2418       0  CODE        2
                text111                        00121B  00000F  00122A      2436       0  CODE        2
                text2                          00122A  00000F  001239      2454       0  CODE        2
                text101                        001239  000010  001249      2472       0  CODE        2
                text90                         001249  000010  001259      2492       0  CODE        2
                text87                         001259  000010  001269      24B2       0  CODE        2
                text61                         001269  000010  001279      24D2       0  CODE        2
                text30                         001279  000010  001289      24F2       0  CODE        2
                text21                         001289  000010  001299      2512       0  CODE        2
                text3                          001299  000010  0012A9      2532       0  CODE        2
                text83                         0012A9  000011  0012BA      2552       0  CODE        2
                text63                         0012BA  000011  0012CB      2574       0  CODE        2
                text29                         0012CB  000011  0012DC      2596       0  CODE        2
                text9                          0012DC  000011  0012ED      25B8       0  CODE        2
                text7                          0012ED  000011  0012FE      25DA       0  CODE        2
                text51                         0012FE  000012  001310      25FC       0  CODE        2
                text93                         001310  000013  001323      2620       0  CODE        2
                text70                         001323  000014  001337      2646       0  CODE        2
                text84                         001337  000015  00134C      266E       0  CODE        2
                text81                         00134C  000015  001361      2698       0  CODE        2
                text79                         001361  000015  001376      26C2       0  CODE        2
                text49                         001376  000015  00138B      26EC       0  CODE        2
                text37                         00138B  000015  0013A0      2716       0  CODE        2
                text13                         0013A0  000015  0013B5      2740       0  CODE        2
                text11                         0013B5  000015  0013CA      276A       0  CODE        2
                text50                         0013CA  000018  0013E2      2794       0  CODE        2
                text26                         0013E2  000018  0013FA      27C4       0  CODE        2
                text54                         0013FA  00001A  001414      27F4       0  CODE        2
                text47                         001414  00001A  00142E      2828       0  CODE        2
                text36                         00142E  00001C  00144A      285C       0  CODE        2
                text41                         00144A  00001D  001467      2894       0  CODE        2
                text129                        001467  00001E  001485      28CE       0  CODE        2
                idataBANK3                     001485  000020  0014A5      290A       0  CODE        2
                text112                        0014A5  000021  0014C6      294A       0  CODE        2
                text109                        0014C6  000022  0014E8      298C       0  CODE        2
                text42                         0014E8  000022  00150A      29D0       0  CODE        2
                text35                         00150A  000023  00152D      2A14       0  CODE        2
                text44                         00152D  000025  001552      2A5A       0  CODE        2
                text28                         001552  000026  001578      2AA4       0  CODE        2
                text8                          001578  000027  00159F      2AF0       0  CODE        2
                text68                         00159F  00002A  0015C9      2B3E       0  CODE        2
                text40                         0015C9  00002A  0015F3      2B92       0  CODE        2
                text97                         0015F3  00002C  00161F      2BE6       0  CODE        2
                text132                        00161F  000030  00164F      2C3E       0  CODE        2
                text59                         00164F  000033  001682      2C9E       0  CODE        2
                text20                         001682  000034  0016B6      2D04       0  CODE        2
                text71                         0016B6  000036  0016EC      2D6C       0  CODE        2
                text27                         0016EC  000036  001722      2DD8       0  CODE        2
                text23                         001722  000036  001758      2E44       0  CODE        2
                text130                        001758  000038  001790      2EB0       0  CODE        2
                text120                        001790  000038  0017C8      2F20       0  CODE        2
                text1                          0017C8  000038  001800      2F90       0  CODE        2
                config                         008007  000002  008009     1000E       0  CONFIG      2


UNUSED ADDRESS RANGES

        Name                Unused          Largest block    Delta
        BANK0            0006D-0006F               3           1
        BANK10           00520-0056F              50           1
        BANK11           005A0-005EF              50           1
        BANK12           00620-0064F              30           1
        BANK2            0016E-0016F               2           1
        BANK3            001EA-001EF               6           1
        BANK4            00220-0026F              50           1
        BANK5            002A0-002EF              50           1
        BANK6            00320-0036F              50           1
        BANK7            003A0-003EF              50           1
        BANK8            00420-0046F              50           1
        BANK9            004A0-004EF              50           1
        BIGRAM           02000-023EF             3F0           1
        CODE             00002-00002               1           2
                         01066-010AD              48
                         01800-03FFF             800
        COMMON           0007C-0007D               2           1
        CONST            00002-00002               1           2
                         01066-010AD              48
                         01800-03FFF             100
        ENTRY            00002-00002               1           2
                         01066-010AD              48
                         01800-03FFF             100
        IDLOC            08000-08003               4           2
        RAM              0006D-0006F               3           1
                         0016E-0016F               2
                         001EA-001EF               6
                         00220-0026F              50
                         002A0-002EF              50
                         00320-0036F              50
                         003A0-003EF              50
                         00420-0046F              50
                         004A0-004EF              50
                         00520-0056F              50
                         005A0-005EF              50
                         00620-0064F              30
        SFR0             00000-0001F              20           1
        SFR1             00080-0009F              20           1
        SFR10            00500-0051F              20           1
        SFR11            00580-0059F              20           1
        SFR12            00600-0061F              20           1
        SFR13            00680-006EF              70           1
        SFR14            00700-0076F              70           1
        SFR15            00780-007EF              70           1
        SFR16            00800-0086F              70           1
        SFR17            00880-008EF              70           1
        SFR18            00900-0096F              70           1
        SFR19            00980-009EF              70           1
        SFR2             00100-0011F              20           1
        SFR20            00A00-00A6F              70           1
        SFR21            00A80-00AEF              70           1
        SFR22            00B00-00B6F              70           1
        SFR23            00B80-00BEF              70           1
        SFR24            00C00-00C6F              70           1
        SFR25            00C80-00CEF              70           1
        SFR26            00D00-00D6F              70           1
        SFR27            00D80-00DEF              70           1
        SFR28            00E00-00E6F              70           1
        SFR29            00E80-00EEF              70           1
        SFR3             00180-0019F              20           1
        SFR30            00F00-00F6F              70           1
        SFR31            00F80-00FEF              70           1
        SFR4             00200-0021F              20           1
        SFR5             00280-0029F              20           1
        SFR6             00300-0031F              20           1
        SFR7             00380-0039F              20           1
        SFR8             00400-0041F              20           1
        SFR9             00480-0049F              20           1
        STACK            0213A-0231F             1E6           1
        STRCODE          00002-00002               1           2
                         01066-010AD              48
                         01800-03FFF            2800
        STRING           00002-00002               1           2
                         01066-010AD              48
                         01800-03FFF             100

                                  Symbol Table

?_RF_getCommand                           cstackCOMMON 00078
?___awdiv                                 cstackCOMMON 00072
?___awtoft                                cstackBANK0  00020
?___ftadd                                 cstackBANK0  00039
?___ftdiv                                 cstackBANK0  00026
?___ftmul                                 cstackBANK0  00026
?___ftneg                                 cstackBANK0  00036
?___ftpack                                cstackCOMMON 00072
?___fttol                                 cstackBANK0  00046
?___lwdiv                                 cstackCOMMON 00072
?_getBuz_GO                               cstackCOMMON 00072
CC2500_InitPATable@loop_d                 cstackCOMMON 00079
CC2500_InitPATable@temp                   cstackCOMMON 00078
CC2500_InitSetREG@loop_c                  cstackBANK0  00022
CC2500_InitSetREG@temp1                   cstackBANK0  00020
CC2500_InitSetREG@temp2                   cstackBANK0  00021
CC2500_ReadByte@loop_b                    cstackCOMMON 00073
CC2500_ReadStatus@status_addr             cstackCOMMON 00075
CC2500_RxData@loop_f                      cstackCOMMON 00077
CC2500_TxData@loop_e                      cstackCOMMON 00077
CC2500_WriteByte@loop_a                   cstackCOMMON 00073
CC2500_WriteCommand@command               cstackCOMMON 00075
CC2500_WriteREG@value                     cstackCOMMON 00074
CC2500_WriteREG@w_addr                    cstackCOMMON 00076
DelayOffPointSelect@sw                    cstackCOMMON 00073
DelayTime_1us@count                       cstackCOMMON 00072
DelayTime_1us@i                           cstackCOMMON 00074
DelayTime_1us@j                           cstackCOMMON 00076
DimmerIntr_ValueCalculate@lights          cstackBANK0  00024
DimmerLights_DimmingFunction@lights       cstackBANK0  00026
DimmerLights_SelectPointer@lights         cstackCOMMON 00073
Division@num                              cstackCOMMON 00077
Division@result                           cstackBANK0  00021
Division@value                            cstackBANK0  00020
DlyOff_Initialization@sw                  cstackCOMMON 00074
DlyOff_Main@sw                            cstackBANK0  0005F
Exception_Main@count                      cstackBANK0  00021
Exception_Main@error                      cstackBANK0  00023
Exception_Main@lights                     cstackBANK0  00020
Exception_Main@status                     cstackBANK0  00022
Flash_Memory_Initialization@value         cstackCOMMON 00077
Flash_Memory_Main@key_Status              cstackBANK0  00020
Flash_Memory_Modify@i                     cstackCOMMON 00077
Flash_Memory_Read@address                 cstackCOMMON 00074
Flash_Memory_Read@i                       cstackCOMMON 00073
Flash_Memory_Read@ret                     cstackCOMMON 00075
Flash_Memory_Write@i                      cstackCOMMON 00073
LedPointSelect@led                        cstackCOMMON 00073
RF_getCommand@command                     cstackBANK0  00020
SwPointSelect@sw                          cstackCOMMON 00073
_ADCON0                                   (abs)        0009D
_ADCON1                                   (abs)        0009E
_ADC_Set                                  text57       0110C
_ADRESH                                   (abs)        0009C
_ADRESL                                   (abs)        0009B
_ANSELA                                   (abs)        0018C
_ANSELB                                   (abs)        0018D
_ANSELC                                   (abs)        0018E
_Buz1                                     bssBANK1     000CC
_Buzzer_Initialization                    text127      010AE
_Buzzer_Main                              text126      00947
_CC2500_ClearRXFIFO                       text46       010D5
_CC2500_ClearTXFIFO                       text45       010D9
_CC2500_FrequencyCabr                     text43       01184
_CC2500_InitPATable                       text41       0144A
_CC2500_InitSetREG                        text40       015C9
_CC2500_PowerOnInitial                    text37       0138B
_CC2500_PowerRST                          text39       00903
_CC2500_ReadByte                          text36       0142E
_CC2500_ReadStatus                        text35       0150A
_CC2500_RxData                            text34       00BDB
_CC2500_SIDLEMode                         text38       010DD
_CC2500_TxData                            text33       00E9D
_CC2500_WriteByte                         text50       013CA
_CC2500_WriteCommand                      text47       01414
_CC2500_WriteREG                          text42       014E8
_CC2500_patable_vaule                     stringtext   0105E
_CC2500_registers_address                 stringtext   01000
_CC2500_rfSettings                        stringtext   0102F
_CFGS                                     (abs)        00CAE
_CRC                                      bssBANK1     000DF
_Cmd                                      bssBANK1     000E0
_DelayOff                                 bssCOMMON    0007B
_DelayOffPointSelect                      text125      0114E
_DelayOff_Initialization                  text123      010BD
_DelayOff_Main                            text113      010C1
_DelayTime_1us                            text44       0152D
_Dimmer                                   bssBANK2     0014E
_DimmerIntr                               bssBANK1     000E1
_DimmerIntr1                              bssBANK1     000A0
_DimmerIntr_Initialization                text100      00B21
_DimmerIntr_ValueCalculate                text97       015F3
_DimmerLights                             bssBANK0     0006A
_DimmerLights1                            bssBANK2     00153
_DimmerLights_DimmingFunction             text96       00A7A
_DimmerLights_IOC_1                       text132      0161F
_DimmerLights_Initialization              text98       01105
_DimmerLights_Main                        text73       01122
_DimmerLights_SelectPointer               text122      01158
_DimmerLights_TMR_1                       text130      01758
_Division                                 text111      0121B
_DlyOff_Initialization                    text124      010E5
_DlyOff_Main                              text114      00E35
_DlySw1                                   bssBANK2     00165
_Exception_Main                           text71       016B6
_FREE                                     (abs)        00CAC
_FVRCON                                   (abs)        00117
_Flash_Memory_Erasing                     text65       011BE
_Flash_Memory_Initialization              text66       002B3
_Flash_Memory_Main                        text62       008C2
_Flash_Memory_Main$3208                   cstackBANK0  00021
_Flash_Memory_Modify                      text64       0061B
_Flash_Memory_Read                        text70       01323
_Flash_Memory_Unlock                      text69       0113C
_Flash_Memory_Write                       text68       0159F
_Fosc_Set                                 text56       010CD
_GIE                                      (abs)        0005F
_GO_nDONE                                 (abs)        004E9
_IOCBF                                    (abs)        00396
_IOCBF2                                   (abs)        01CB2
_IOCBN                                    (abs)        00395
_IOCBP                                    (abs)        00394
_IOCIE                                    (abs)        0005B
_IOCIF                                    (abs)        00058
_IOC_ISR                                  text131      0112A
_IOC_Set                                  text55       01179
_IO_Set                                   text54       013FA
_ISR                                      intentry     00004
_LATA                                     (abs)        0010C
_LATB                                     (abs)        0010D
_LATC                                     (abs)        0010E
_LED                                      bssBANK1     000E2
_LED_Initialization                       text60       010C5
_LED_Main                                 text58       010C9
_LWLO                                     (abs)        00CAD
_LedPointSelect                           text77       01163
_Light                                    bssBANK1     000E3
_Mcu_Initialization                       text51       012FE
_Memory                                   bssBANK3     001A0
_OSCCON                                   (abs)        00099
_PEIE                                     (abs)        0005E
_PMADRH                                   (abs)        00192
_PMADRL                                   (abs)        00191
_PMCON2                                   (abs)        00196
_PMDATH                                   (abs)        00194
_PMDATL                                   (abs)        00193
_PORTA                                    (abs)        0000C
_PORTB                                    (abs)        0000D
_PORTC                                    (abs)        0000E
_RA0                                      (abs)        00060
_RA4                                      (abs)        00064
_RA6                                      (abs)        00066
_RA7                                      (abs)        00067
_RB0                                      (abs)        00068
_RB1                                      (abs)        00069
_RB2                                      (abs)        0006A
_RB3                                      (abs)        0006B
_RB5                                      (abs)        0006D
_RC0                                      (abs)        00070
_RC1                                      (abs)        00071
_RC3                                      (abs)        00073
_RC4                                      (abs)        00074
_RC5                                      (abs)        00075
_RD                                       (abs)        00CA8
_RF1                                      bssBANK1     000B0
_RF_Count                                 bssBANK1     000DB
_RF_Data                                  bssBANK2     00120
_RF_Initialization                        text31       010B7
_RF_Main                                  text16       010BA
_RF_Timeout_Counter                       text49       01376
_RF_getCommand                            text28       01552
_RSSI                                     bssBANK1     000E4
_Receive_OK                               bitbssCOMMON 003D0
_Rx_Length                                bssBANK1     000E5
_SPI0Buffer                               bssBANK1     000E6
_Sw                                       bssBANK0     0006B
_Sw1                                      bssBANK2     0015C
_SwDetect                                 bssBANK1     000E7
_SwPointSelect                            text10       0118F
_Switch_Initialization                    text14       010E1
_Switch_Main                              text5        01113
_T1CON                                    (abs)        00018
_TMR1H                                    (abs)        00017
_TMR1IE                                   (abs)        00488
_TMR1IF                                   (abs)        00088
_TMR1L                                    (abs)        00016
_TMR1_ISR                                 text129      01467
_TMR1_Set                                 text53       011CA
_TRISA                                    (abs)        0008C
_TRISB                                    (abs)        0008D
_TRISC                                    (abs)        0008E
_Timeout_Counter                          text13       013A0
_Timer1                                   bssBANK1     000D8
_TouchPower                               text11       013B5
_Transceive_OK                            bitbssCOMMON 003D1
_Tx_Length                                bssBANK1     000E8
_VarErrLED                                bssBANK2     0016A
_WDT                                      bssBANK1     000DD
_WDTCON                                   (abs)        00097
_WDT_Clearing                             text4        007FE
_WDT_Main                                 text3        01299
_WDT_Set                                  text52       01145
_WPUB                                     (abs)        0020D
_WR                                       (abs)        00CA9
_WREN                                     (abs)        00CAA
__CFG_BOREN$OFF                           (abs)        00000
__CFG_CP$ON                               (abs)        00000
__CFG_FOSC$INTOSC                         (abs)        00000
__CFG_VCAPEN$OFF                          (abs)        00000
__CFG_WDTE$ON                             (abs)        00000
__CFG_WRT$HALF                            (abs)        00000
__Habs1                                   abs1         00000
__Hbank0                                  bank0        00000
__Hbank1                                  bank1        00000
__Hbank10                                 bank10       00000
__Hbank11                                 bank11       00000
__Hbank12                                 bank12       00000
__Hbank13                                 bank13       00000
__Hbank14                                 bank14       00000
__Hbank15                                 bank15       00000
__Hbank16                                 bank16       00000
__Hbank17                                 bank17       00000
__Hbank18                                 bank18       00000
__Hbank19                                 bank19       00000
__Hbank2                                  bank2        00000
__Hbank20                                 bank20       00000
__Hbank21                                 bank21       00000
__Hbank22                                 bank22       00000
__Hbank23                                 bank23       00000
__Hbank24                                 bank24       00000
__Hbank25                                 bank25       00000
__Hbank26                                 bank26       00000
__Hbank27                                 bank27       00000
__Hbank28                                 bank28       00000
__Hbank29                                 bank29       00000
__Hbank3                                  bank3        00000
__Hbank30                                 bank30       00000
__Hbank31                                 bank31       00000
__Hbank4                                  bank4        00000
__Hbank5                                  bank5        00000
__Hbank6                                  bank6        00000
__Hbank7                                  bank7        00000
__Hbank8                                  bank8        00000
__Hbank9                                  bank9        00000
__Hbigram                                 bigram       00000
__HbitbssCOMMON                           bitbssCOMMON 00000
__HbssBANK0                               bssBANK0     00000
__HbssBANK1                               bssBANK1     00000
__HbssBANK2                               bssBANK2     00000
__HbssBANK3                               bssBANK3     00000
__HbssCOMMON                              bssCOMMON    00000
__Hcinit                                  cinit        0004C
__Hclrtext                                clrtext      00000
__Hcode                                   code         00000
__Hcommon                                 common       00000
__Hconfig                                 config       08009
__HcstackBANK0                            cstackBANK0  00000
__HcstackBANK1                            cstackBANK1  00000
__HcstackBANK3                            cstackBANK3  00000
__HcstackCOMMON                           cstackCOMMON 00000
__HdataBANK3                              dataBANK3    00000
__Heeprom_data                            eeprom_data  00000
__Hend_init                               end_init     00021
__Hfunctab                                functab      00000
__HidataBANK3                             idataBANK3   00000
__Hidloc                                  idloc        00000
__Hinit                                   init         0001F
__Hinittext                               inittext     00000
__Hintentry                               intentry     0001F
__Hmaintext                               maintext     00000
__HnvBANK0                                nvBANK0      00000
__Hpowerup                                powerup      00000
__Hram                                    ram          00000
__Hreset_vec                              reset_vec    00002
__Hsfr0                                   sfr0         00000
__Hsfr1                                   sfr1         00000
__Hsfr10                                  sfr10        00000
__Hsfr11                                  sfr11        00000
__Hsfr12                                  sfr12        00000
__Hsfr13                                  sfr13        00000
__Hsfr14                                  sfr14        00000
__Hsfr15                                  sfr15        00000
__Hsfr16                                  sfr16        00000
__Hsfr17                                  sfr17        00000
__Hsfr18                                  sfr18        00000
__Hsfr19                                  sfr19        00000
__Hsfr2                                   sfr2         00000
__Hsfr20                                  sfr20        00000
__Hsfr21                                  sfr21        00000
__Hsfr22                                  sfr22        00000
__Hsfr23                                  sfr23        00000
__Hsfr24                                  sfr24        00000
__Hsfr25                                  sfr25        00000
__Hsfr26                                  sfr26        00000
__Hsfr27                                  sfr27        00000
__Hsfr28                                  sfr28        00000
__Hsfr29                                  sfr29        00000
__Hsfr3                                   sfr3         00000
__Hsfr30                                  sfr30        00000
__Hsfr31                                  sfr31        00000
__Hsfr4                                   sfr4         00000
__Hsfr5                                   sfr5         00000
__Hsfr6                                   sfr6         00000
__Hsfr7                                   sfr7         00000
__Hsfr8                                   sfr8         00000
__Hsfr9                                   sfr9         00000
__Hspace_0                                (abs)        08009
__Hspace_1                                (abs)        003D2
__Hspace_2                                (abs)        00000
__Hspace_3                                (abs)        00000
__Hstack                                  stack        00000
__Hstrings                                strings      00000
__Hstringtext                             stringtext   00000
__Htext                                   text         00000
__Labs1                                   abs1         00000
__Lbank0                                  bank0        00000
__Lbank1                                  bank1        00000
__Lbank10                                 bank10       00000
__Lbank11                                 bank11       00000
__Lbank12                                 bank12       00000
__Lbank13                                 bank13       00000
__Lbank14                                 bank14       00000
__Lbank15                                 bank15       00000
__Lbank16                                 bank16       00000
__Lbank17                                 bank17       00000
__Lbank18                                 bank18       00000
__Lbank19                                 bank19       00000
__Lbank2                                  bank2        00000
__Lbank20                                 bank20       00000
__Lbank21                                 bank21       00000
__Lbank22                                 bank22       00000
__Lbank23                                 bank23       00000
__Lbank24                                 bank24       00000
__Lbank25                                 bank25       00000
__Lbank26                                 bank26       00000
__Lbank27                                 bank27       00000
__Lbank28                                 bank28       00000
__Lbank29                                 bank29       00000
__Lbank3                                  bank3        00000
__Lbank30                                 bank30       00000
__Lbank31                                 bank31       00000
__Lbank4                                  bank4        00000
__Lbank5                                  bank5        00000
__Lbank6                                  bank6        00000
__Lbank7                                  bank7        00000
__Lbank8                                  bank8        00000
__Lbank9                                  bank9        00000
__Lbigram                                 bigram       00000
__LbitbssCOMMON                           bitbssCOMMON 00000
__LbssBANK0                               bssBANK0     00000
__LbssBANK1                               bssBANK1     00000
__LbssBANK2                               bssBANK2     00000
__LbssBANK3                               bssBANK3     00000
__LbssCOMMON                              bssCOMMON    00000
__Lcinit                                  cinit        00021
__Lclrtext                                clrtext      00000
__Lcode                                   code         00000
__Lcommon                                 common       00000
__Lconfig                                 config       08007
__LcstackBANK0                            cstackBANK0  00000
__LcstackBANK1                            cstackBANK1  00000
__LcstackBANK3                            cstackBANK3  00000
__LcstackCOMMON                           cstackCOMMON 00000
__LdataBANK3                              dataBANK3    00000
__Leeprom_data                            eeprom_data  00000
__Lend_init                               end_init     0001F
__Lfunctab                                functab      00000
__LidataBANK3                             idataBANK3   00000
__Lidloc                                  idloc        00000
__Linit                                   init         0001F
__Linittext                               inittext     00000
__Lintentry                               intentry     00004
__Lmaintext                               maintext     00000
__LnvBANK0                                nvBANK0      00000
__Lpowerup                                powerup      00000
__Lram                                    ram          00000
__Lreset_vec                              reset_vec    00000
__Lsfr0                                   sfr0         00000
__Lsfr1                                   sfr1         00000
__Lsfr10                                  sfr10        00000
__Lsfr11                                  sfr11        00000
__Lsfr12                                  sfr12        00000
__Lsfr13                                  sfr13        00000
__Lsfr14                                  sfr14        00000
__Lsfr15                                  sfr15        00000
__Lsfr16                                  sfr16        00000
__Lsfr17                                  sfr17        00000
__Lsfr18                                  sfr18        00000
__Lsfr19                                  sfr19        00000
__Lsfr2                                   sfr2         00000
__Lsfr20                                  sfr20        00000
__Lsfr21                                  sfr21        00000
__Lsfr22                                  sfr22        00000
__Lsfr23                                  sfr23        00000
__Lsfr24                                  sfr24        00000
__Lsfr25                                  sfr25        00000
__Lsfr26                                  sfr26        00000
__Lsfr27                                  sfr27        00000
__Lsfr28                                  sfr28        00000
__Lsfr29                                  sfr29        00000
__Lsfr3                                   sfr3         00000
__Lsfr30                                  sfr30        00000
__Lsfr31                                  sfr31        00000
__Lsfr4                                   sfr4         00000
__Lsfr5                                   sfr5         00000
__Lsfr6                                   sfr6         00000
__Lsfr7                                   sfr7         00000
__Lsfr8                                   sfr8         00000
__Lsfr9                                   sfr9         00000
__Lspace_0                                (abs)        00000
__Lspace_1                                (abs)        00000
__Lspace_2                                (abs)        00000
__Lspace_3                                (abs)        00000
__Lstack                                  stack        00000
__Lstrings                                strings      00000
__Lstringtext                             stringtext   00000
__Ltext                                   text         00000
__S0                                      (abs)        08009
__S1                                      (abs)        001EA
__S2                                      (abs)        00000
___awdiv                                  text118      00ACD
___awdiv@counter                          cstackBANK0  00020
___awdiv@dividend                         cstackCOMMON 00074
___awdiv@divisor                          cstackCOMMON 00072
___awdiv@quotient                         cstackBANK0  00022
___awdiv@sign                             cstackBANK0  00021
___awtoft                                 text109      014C6
___awtoft@c                               cstackBANK0  00020
___awtoft@sign                            cstackBANK0  00025
___bmul                                   text83       012A9
___bmul@multiplicand                      cstackCOMMON 00072
___bmul@multiplier                        cstackCOMMON 00075
___bmul@product                           cstackCOMMON 00074
___ftadd                                  text108      001BD
___ftadd@exp1                             cstackBANK0  00045
___ftadd@exp2                             cstackBANK0  00044
___ftadd@f1                               cstackBANK0  00039
___ftadd@f2                               cstackBANK0  0003C
___ftadd@sign                             cstackBANK0  00043
___ftdiv                                  text107      004DF
___ftdiv@cntr                             cstackBANK0  00030
___ftdiv@exp                              cstackBANK0  00034
___ftdiv@f1                               cstackBANK0  00029
___ftdiv@f2                               cstackBANK0  00026
___ftdiv@f3                               cstackBANK0  00031
___ftdiv@sign                             cstackBANK0  00035
___ftmul                                  text106      0037E
___ftmul@cntr                             cstackBANK0  00034
___ftmul@exp                              cstackBANK0  00030
___ftmul@f1                               cstackBANK0  00026
___ftmul@f2                               cstackBANK0  00029
___ftmul@f3_as_product                    cstackBANK0  00031
___ftmul@sign                             cstackBANK0  00035
___ftneg                                  text105      01133
___ftneg@f1                               cstackBANK0  00036
___ftpack                                 text110      00B7B
___ftpack@arg                             cstackCOMMON 00072
___ftpack@exp                             cstackCOMMON 00075
___ftpack@sign                            cstackCOMMON 00076
___fttol                                  text104      0072B
___fttol@exp1                             cstackBANK0  00053
___fttol@f1                               cstackBANK0  00046
___fttol@lval                             cstackBANK0  0004F
___fttol@sign1                            cstackBANK0  0004E
___int_sp                                 stack        00000
___latbits                                (abs)        00003
___lbdiv                                  text112      014A5
___lbdiv@counter                          cstackCOMMON 00075
___lbdiv@dividend                         cstackCOMMON 00074
___lbdiv@divisor                          cstackCOMMON 00072
___lbdiv@quotient                         cstackCOMMON 00076
___lwdiv                                  text27       016EC
___lwdiv@counter                          cstackCOMMON 00077
___lwdiv@dividend                         cstackCOMMON 00074
___lwdiv@divisor                          cstackCOMMON 00072
___lwdiv@quotient                         cstackCOMMON 00078
___sp                                     stack        00000
__end_of_ADC_Set                          text57       01113
__end_of_Buzzer_Initialization            text127      010B1
__end_of_Buzzer_Main                      text126      0098D
__end_of_CC2500_ClearRXFIFO               text46       010D9
__end_of_CC2500_ClearTXFIFO               text45       010DD
__end_of_CC2500_FrequencyCabr             text43       0118F
[...]
 Registers used:
		wreg, status,2, status,0, pclath, cstack
 Tracked objects:
		On entry : 
		On exit  : 
		Unchanged: 
 Data sizes:     COMMON   BANK0   BANK1   BANK2   BANK3   BANK4   BANK5   BANK6   BANK7   BANK8   BANK9  BANK10  BANK11  BANK12
      Params:         0       0       0       0       0       0       0       0       0       0       0       0       0       0
      Locals:         1       0       0       0       0       0       0       0       0       0       0       0       0       0
      Temps:          0       0       0       0       0       0       0       0       0       0       0       0       0       0
      Totals:         1       0       0       0       0       0       0       0       0       0       0       0       0       0
Total ram usage:        1 bytes
 Hardware stack levels used:    1
 Hardware stack levels required when called:    4
 This function calls:
		_DelayOffPointSelect
 This function is called by:
		_DelayOff_Initialization
 This function uses a non-reentrant model


 *************** function _DelayOffPointSelect *****************
 Defined at:
		line 7 in file "../src/DelayOff_B1.c"
 Parameters:    Size  Location     Type
  sw              1    wreg     unsigned char 
 Auto vars:     Size  Location     Type
  sw              1    3[COMMON] unsigned char 
 Return value:  Size  Location     Type
		None               void
 Registers used:
		wreg
 Tracked objects:
		On entry : 
		On exit  : 
		Unchanged: 
 Data sizes:     COMMON   BANK0   BANK1   BANK2   BANK3   BANK4   BANK5   BANK6   BANK7   BANK8   BANK9  BANK10  BANK11  BANK12
      Params:         0       0       0       0       0       0       0       0       0       0       0       0       0       0
      Locals:         1       0       0       0       0       0       0       0       0       0       0       0       0       0
      Temps:          1       0       0       0       0       0       0       0       0       0       0       0       0       0
      Totals:         2       0       0       0       0       0       0       0       0       0       0       0       0       0
Total ram usage:        2 bytes
 Hardware stack levels used:    1
 Hardware stack levels required when called:    3
 This function calls:
		Nothing
 This function is called by:
		_DlyOff_Initialization
		_DlyOff_Main
		_setDelayOff_GO
		_getDelayOff_GO
 This function uses a non-reentrant model


 *************** function _Buzzer_Main *****************
 Defined at:
		line 46 in file "../src/Buzzer_B1.c"
 Parameters:    Size  Location     Type
		None
 Auto vars:     Size  Location     Type
		None
 Return value:  Size  Location     Type
		None               void
 Registers used:
		wreg, status,2, status,0
 Tracked objects:
		On entry : 
		On exit  : 
		Unchanged: 
 Data sizes:     COMMON   BANK0   BANK1   BANK2   BANK3   BANK4   BANK5   BANK6   BANK7   BANK8   BANK9  BANK10  BANK11  BANK12
      Params:         0       0       0       0       0       0       0       0       0       0       0       0       0       0
      Locals:         0       0       0       0       0       0       0       0       0       0       0       0       0       0
      Temps:          1       0       0       0       0       0       0       0       0       0       0       0       0       0
      Totals:         1       0       0       0       0       0       0       0       0       0       0       0       0       0
Total ram usage:        1 bytes
 Hardware stack levels used:    1
 Hardware stack levels required when called:    3
 This function calls:
		Nothing
 This function is called by:
		_main
 This function uses a non-reentrant model


 *************** function _Buzzer_Initialization *****************
 Defined at:
		line 11 in file "../src/Buzzer_B1.c"
 Parameters:    Size  Location     Type
		None
 Auto vars:     Size  Location     Type
		None
 Return value:  Size  Location     Type
		None               void
 Registers used:
		None
 Tracked objects:
		On entry : 
		On exit  : 
		Unchanged: 
 Data sizes:     COMMON   BANK0   BANK1   BANK2   BANK3   BANK4   BANK5   BANK6   BANK7   BANK8   BANK9  BANK10  BANK11  BANK12
      Params:         0       0       0       0       0       0       0       0       0       0       0       0       0       0
      Locals:         0       0       0       0       0       0       0       0       0       0       0       0       0       0
      Temps:          0       0       0       0       0       0       0       0       0       0       0       0       0       0
      Totals:         0       0       0       0       0       0       0       0       0       0       0       0       0       0
Total ram usage:        0 bytes
 Hardware stack levels used:    1
 Hardware stack levels required when called:    3
 This function calls:
		Nothing
 This function is called by:
		_main
 This function uses a non-reentrant model


 *************** function _ISR *****************
 Defined at:
		line 116 in file "../src/MCU_B1.c"
 Parameters:    Size  Location     Type
		None
 Auto vars:     Size  Location     Type
		None
 Return value:  Size  Location     Type
		None               void
 Registers used:
		wreg, fsr1l, fsr1h, status,2, status,0, pclath, cstack
 Tracked objects:
		On entry : 
		On exit  : 
		Unchanged: 
 Data sizes:     COMMON   BANK0   BANK1   BANK2   BANK3   BANK4   BANK5   BANK6   BANK7   BANK8   BANK9  BANK10  BANK11  BANK12
      Params:         0       0       0       0       0       0       0       0       0       0       0       0       0       0
      Locals:         0       0       0       0       0       0       0       0       0       0       0       0       0       0
      Temps:          1       0       0       0       0       0       0       0       0       0       0       0       0       0
      Totals:         1       0       0       0       0       0       0       0       0       0       0       0       0       0
Total ram usage:        1 bytes
 Hardware stack levels used:    1
 Hardware stack levels required when called:    2
 This function calls:
		_IOC_ISR
		_TMR1_ISR
 This function is called by:
		Interrupt level 1
 This function uses a non-reentrant model


 *************** function _TMR1_ISR *****************
 Defined at:
		line 236 in file "../src/MCU_B1.c"
 Parameters:    Size  Location     Type
		None
 Auto vars:     Size  Location     Type
		None
 Return value:  Size  Location     Type
		None               void
 Registers used:
		wreg, fsr1l, fsr1h, status,2, status,0, pclath, cstack
 Tracked objects:
		On entry : 
		On exit  : 
		Unchanged: 
 Data sizes:     COMMON   BANK0   BANK1   BANK2   BANK3   BANK4   BANK5   BANK6   BANK7   BANK8   BANK9  BANK10  BANK11  BANK12
      Params:         0       0       0       0       0       0       0       0       0       0       0       0       0       0
      Locals:         0       0       0       0       0       0       0       0       0       0       0       0       0       0
      Temps:          0       0       0       0       0       0       0       0       0       0       0       0       0       0
      Totals:         0       0       0       0       0       0       0       0       0       0       0       0       0       0
Total ram usage:        0 bytes
 Hardware stack levels used:    1
 Hardware stack levels required when called:    1
 This function calls:
		_DimmerLights_TMR_1
 This function is called by:
		_ISR
 This function uses a non-reentrant model


 *************** function _DimmerLights_TMR_1 *****************
 Defined at:
		line 1730 in file "../src/Dimmer_B1.c"
 Parameters:    Size  Location     Type
		None
 Auto vars:     Size  Location     Type
		None
 Return value:  Size  Location     Type
		None               void
 Registers used:
		wreg, status,2, status,0
 Tracked objects:
		On entry : 
		On exit  : 
		Unchanged: 
 Data sizes:     COMMON   BANK0   BANK1   BANK2   BANK3   BANK4   BANK5   BANK6   BANK7   BANK8   BANK9  BANK10  BANK11  BANK12
      Params:         0       0       0       0       0       0       0       0       0       0       0       0       0       0
      Locals:         0       0       0       0       0       0       0       0       0       0       0       0       0       0
      Temps:          1       0       0       0       0       0       0       0       0       0       0       0       0       0
      Totals:         1       0       0       0       0       0       0       0       0       0       0       0       0       0
Total ram usage:        1 bytes
 Hardware stack levels used:    1
 This function calls:
		Nothing
 This function is called by:
		_TMR1_ISR
 This function uses a non-reentrant model


 *************** function _IOC_ISR *****************
 Defined at:
		line 396 in file "../src/MCU_B1.c"
 Parameters:    Size  Location     Type
		None
 Auto vars:     Size  Location     Type
		None
 Return value:  Size  Location     Type
		None               void
 Registers used:
		wreg, status,2, status,0, pclath, cstack
 Tracked objects:
		On entry : 
		On exit  : 
		Unchanged: 
 Data sizes:     COMMON   BANK0   BANK1   BANK2   BANK3   BANK4   BANK5   BANK6   BANK7   BANK8   BANK9  BANK10  BANK11  BANK12
      Params:         0       0       0       0       0       0       0       0       0       0       0       0       0       0
      Locals:         0       0       0       0       0       0       0       0       0       0       0       0       0       0
      Temps:          0       0       0       0       0       0       0       0       0       0       0       0       0       0
      Totals:         0       0       0       0       0       0       0       0       0       0       0       0       0       0
Total ram usage:        0 bytes
 Hardware stack levels used:    1
 Hardware stack levels required when called:    1
 This function calls:
		_DimmerLights_IOC_1
 This function is called by:
		_ISR
 This function uses a non-reentrant model


 *************** function _DimmerLights_IOC_1 *****************
 Defined at:
		line 1816 in file "../src/Dimmer_B1.c"
 Parameters:    Size  Location     Type
		None
 Auto vars:     Size  Location     Type
		None
 Return value:  Size  Location     Type
		None               void
 Registers used:
		wreg, status,2, status,0
 Tracked objects:
		On entry : 
		On exit  : 
		Unchanged: 
 Data sizes:     COMMON   BANK0   BANK1   BANK2   BANK3   BANK4   BANK5   BANK6   BANK7   BANK8   BANK9  BANK10  BANK11  BANK12
      Params:         0       0       0       0       0       0       0       0       0       0       0       0       0       0
      Locals:         0       0       0       0       0       0       0       0       0       0       0       0       0       0
      Temps:          1       0       0       0       0       0       0       0       0       0       0       0       0       0
      Totals:         1       0       0       0       0       0       0       0       0       0       0       0       0       0
Total ram usage:        1 bytes
 Hardware stack levels used:    1
 This function calls:
		Nothing
 This function is called by:
		_IOC_ISR
 This function uses a non-reentrant model



MODULE INFORMATION

Module		Function		Class		Link	Load	Size
C:\Program Files (x86)\Microchip\xc8\v1.32\sources\common\float.c
		___ftpack      		CODE           	0B7B	0000	96

C:\Program Files (x86)\Microchip\xc8\v1.32\sources\common\float.c estimated size: 96

C:\Program Files (x86)\Microchip\xc8\v1.32\sources\common\awtoft.c
		___awtoft      		CODE           	14C6	0000	34

C:\Program Files (x86)\Microchip\xc8\v1.32\sources\common\awtoft.c estimated size: 34

../src/MCU_B1.c
		_Fosc_Set      		CODE           	10CD	0000	4
		_IO_Set        		CODE           	13FA	0000	26
		_WDT_Set       		CODE           	1145	0000	9
		_WDT_Main      		CODE           	1299	0000	16
		_ADC_Set       		CODE           	110C	0000	7
		_IOC_ISR       		CODE           	112A	0000	9
		_ISR           		CODE           	0004	0000	27
		_Flash_Memory_W		CODE           	159F	0000	42
		_Flash_Memory_M		CODE           	061B	0000	137
		_IOC_Set       		CODE           	1179	0000	11
		_WDT_Clearing  		CODE           	07FE	0000	2
		_setMemory_Modi		CODE           	1239	0000	16
		_Mcu_Initializa		CODE           	12FE	0000	18
		_setMemory_Data		CODE           	116E	0000	11
		_Flash_Memory_I		CODE           	02B3	0000	203
		_TMR1_Set      		CODE           	11CA	0000	12
		_setMemory_Loop		CODE           	1289	0000	16
		_Flash_Memory_U		CODE           	113C	0000	9
		_Flash_Memory_R		CODE           	1323	0000	20
		_Flash_Memory_E		CODE           	11BE	0000	12
		_TMR1_ISR      		CODE           	1467	0000	30
		_Flash_Memory_M		CODE           	08C2	0000	65

../src/MCU_B1.c estimated size: 702

C:\Program Files (x86)\Microchip\xc8\v1.32\sources\common\ftmul.c
		___ftmul       		CODE           	037E	0000	180

C:\Program Files (x86)\Microchip\xc8\v1.32\sources\common\ftmul.c estimated size: 180

../src/Buzzer_B1.c
		_Buzzer_Main   		CODE           	0947	0000	70
		_setBuz        		CODE           	0A27	0000	83
		_getBuz_GO     		CODE           	1279	0000	16
		_Buzzer_Initial		CODE           	10AE	0000	3

../src/Buzzer_B1.c estimated size: 172

../src/LED_B1.c
		_setLED        		CODE           	080A	0000	58
		_LED_Main      		CODE           	10C9	0000	4
		_setLED_Initial		CODE           	1269	0000	16
		_LedPointSelect		CODE           	1163	0000	11
		_setLED_Main   		CODE           	164F	0000	51
		_LED_Initializa		CODE           	10C5	0000	4

../src/LED_B1.c estimated size: 144

../src/CC2500_B1.c
		_DelayTime_1us 		CODE           	152D	0000	37
		_CC2500_Frequen		CODE           	1184	0000	11
		_CC2500_SIDLEMo		CODE           	10DD	0000	4
		_CC2500_PowerOn		CODE           	138B	0000	21
		_CC2500_WriteBy		CODE           	13CA	0000	24
		_CC2500_RxData 		CODE           	0BDB	0000	96
		_CC2500_TxData 		CODE           	0E9D	0000	104
		_CC2500_ClearRX		CODE           	10D5	0000	4
		_CC2500_ClearTX		CODE           	10D9	0000	4
		_CC2500_InitPAT		CODE           	144A	0000	29
		_CC2500_WriteRE		CODE           	14E8	0000	34
		_CC2500_ReadSta		CODE           	150A	0000	35
		_CC2500_PowerRS		CODE           	0903	0000	68
		_CC2500_ReadByt		CODE           	142E	0000	28
		_CC2500_InitSet		CODE           	15C9	0000	42
		_CC2500_WriteCo		CODE           	1414	0000	26

../src/CC2500_B1.c estimated size: 567

C:\Program Files (x86)\Microchip\xc8\v1.32\sources\common\fttol.c
		___fttol       		CODE           	072B	0000	135

C:\Program Files (x86)\Microchip\xc8\v1.32\sources\common\fttol.c estimated size: 135

C:\Program Files (x86)\Microchip\xc8\v1.32\sources\common\lwdiv.c
		___lwdiv       		CODE           	16EC	0000	54

C:\Program Files (x86)\Microchip\xc8\v1.32\sources\common\lwdiv.c estimated size: 54

../src/RF_Control_B1.c
		_RF_Initializat		CODE           	10B7	0000	3
		_setRF_AdjContr		CODE           	1722	0000	54
		_getRxData     		CODE           	0D6A	0000	101
		_setRF_Main    		CODE           	0588	0000	147
		_getRF_KeyStatu		CODE           	12CB	0000	17
		_setRF_Initiali		CODE           	0800	0000	10
		_setTxData     		CODE           	10EA	0000	5
		_setRF_TimeoutC		CODE           	10D1	0000	4
		_RF_Timeout_Cou		CODE           	1376	0000	21
		_setRFSW_Contro		CODE           	0882	0000	64
		_setRF_Learn   		CODE           	12ED	0000	17
		_setRF_Transcei		CODE           	1249	0000	16
		_setData       		CODE           	09D7	0000	80
		_RF_Main       		CODE           	10BA	0000	3
		_setRFSW_AdjCon		CODE           	06A4	0000	135
		_setRF_DimmerLi		CODE           	0DCF	0000	102
		_setControl_Lig		CODE           	0F05	0000	119
		_RF_getCommand 		CODE           	1552	0000	38
		_setLog_Code   		CODE           	1682	0000	52

../src/RF_Control_B1.c estimated size: 988

C:\Program Files (x86)\Microchip\xc8\v1.32\sources\common\awdiv.c
		___awdiv       		CODE           	0ACD	0000	84

C:\Program Files (x86)\Microchip\xc8\v1.32\sources\common\awdiv.c estimated size: 84

../src/Main_B1.c
		_Exception_Main		CODE           	16B6	0000	54
		_my_MainTimer  		CODE           	17C8	0000	56
		_setProductData		CODE           	119A	0000	12
		_main          		CODE           	0844	0000	62
		_Timeout_Counte		CODE           	13A0	0000	21
		_myMain_Initial		CODE           	122A	0000	15
		_getMain_All_Er		CODE           	10B4	0000	3
		_set_TimeoutCle		CODE           	10F4	0000	5
		_getCmd_Status 		CODE           	1259	0000	16
		_getMain_All_Li		CODE           	111A	0000	8
		_setCmd_Status 		CODE           	1337	0000	21

../src/Main_B1.c estimated size: 273

C:\Program Files (x86)\Microchip\xc8\v1.32\sources\common\ftadd.c
		___ftadd       		CODE           	01BD	0000	246

C:\Program Files (x86)\Microchip\xc8\v1.32\sources\common\ftadd.c estimated size: 246

C:\Program Files (x86)\Microchip\xc8\v1.32\sources\common\Umul8.c
		___bmul        		CODE           	12A9	0000	17

C:\Program Files (x86)\Microchip\xc8\v1.32\sources\common\Umul8.c estimated size: 17

shared
		_CC2500_patable		STRCODE        	105E	0000	8
		_CC2500_rfSetti		STRCODE        	102F	0000	47
		__initializatio		CODE           	0021	0000	39
		_CC2500_registe		STRCODE        	1000	0000	47

shared estimated size: 141

C:\Program Files (x86)\Microchip\xc8\v1.32\sources\common\ftneg.c
		___ftneg       		CODE           	1133	0000	9

C:\Program Files (x86)\Microchip\xc8\v1.32\sources\common\ftneg.c estimated size: 9

../src/Switch_B1.c
		_Switch_Main   		CODE           	1113	0000	7
		_SwPointSelect 		CODE           	118F	0000	11
		_TouchPower    		CODE           	13B5	0000	21
		_setSw_Main    		CODE           	004C	0000	369
		_getAll_Sw_KeyS		CODE           	12BA	0000	17
		_getSw_KeyStatu		CODE           	12DC	0000	17
		_setSw_Initiali		CODE           	11FE	0000	14
		_Switch_Initial		CODE           	10E1	0000	4

../src/Switch_B1.c estimated size: 460

../src/Dimmer_B1.c
		_DimmerIntr_Val		CODE           	15F3	0000	44
		_getDimmerLight		CODE           	120C	0000	15
		_DimmerLights_S		CODE           	1158	0000	11
		_setDimmerLight		CODE           	1790	0000	56
		_DimmerLights_D		CODE           	0A7A	0000	83
		_setDimmerIntr_		CODE           	1361	0000	21
		_DimmerLights_M		CODE           	1122	0000	8
		_setDimmerLight		CODE           	098D	0000	74
		_DimmerIntr_Ini		CODE           	0B21	0000	90
		_getDimmerIntr_		CODE           	11E3	0000	13
		_setDimmerIntr_		CODE           	11A6	0000	12
		_setDimmerIntr_		CODE           	11B2	0000	12
		_Division      		CODE           	121B	0000	15
		_getDimmerLight		CODE           	0CA0	0000	101
		_getDimmerLight		CODE           	0C3B	0000	101
		_setDimmerLight		CODE           	0003	0000	1
		_getDimmerIntr_		CODE           	11D6	0000	13
		_setDimmerLight		CODE           	07B2	0000	76
		_setDimmerLight		CODE           	1578	0000	39
		_setDimmerLight		CODE           	13E2	0000	24
		_DimmerLights_I		CODE           	1105	0000	7
		_setDimmerLight		CODE           	10EF	0000	5
		_setDimmerLight		CODE           	0D05	0000	101
		_setDimmerIntr_		CODE           	1310	0000	19
		_DimmerLights_I		CODE           	161F	0000	48
		_getDimmerLight		CODE           	10B1	0000	3
		_setDimmerLight		CODE           	0432	0000	173
		_DimmerLights_T		CODE           	1758	0000	56
		_setDimmerIntr_		CODE           	134C	0000	21

../src/Dimmer_B1.c estimated size: 1242

../src/DelayOff_B1.c
		_DelayOff_Initi		CODE           	10BD	0000	4
		_DlyOff_Main   		CODE           	0E35	0000	104
		_DelayOff_Main 		CODE           	10C1	0000	4
		_DelayOffPointS		CODE           	114E	0000	10
		_getDelayOff_GO		CODE           	11F0	0000	14
		_setDelayOff_GO		CODE           	0F7C	0000	132
		_DlyOff_Initial		CODE           	10E5	0000	5

../src/DelayOff_B1.c estimated size: 273

C:\Program Files (x86)\Microchip\xc8\v1.32\sources\common\lbdiv.c
		___lbdiv       		CODE           	14A5	0000	33

C:\Program Files (x86)\Microchip\xc8\v1.32\sources\common\lbdiv.c estimated size: 33

C:\Program Files (x86)\Microchip\xc8\v1.32\sources\pic\ftdiv.c
		___ftdiv       		CODE           	04DF	0000	169

C:\Program Files (x86)\Microchip\xc8\v1.32\sources\pic\ftdiv.c estimated size: 169

