Microchip MPLAB XC8 Compiler V1.32 ()

Linker command line:

--edf=C:\Program Files (x86)\Microchip\xc8\v1.32\dat\en_msgs.txt -cs \
  -h+dist/default/production\1-8-1.Switch_1Key_Dimmer_MOSFET.X.production.sym \
  --cmf=dist/default/production\1-8-1.Switch_1Key_Dimmer_MOSFET.X.production.cmf \
  -z -Q16F1518 -oC:\Users\taianluo\AppData\Local\Temp\s13c.6 \
  -Mdist/default/production/1-8-1.Switch_1Key_Dimmer_MOSFET.X.production.map \
  -E1 -ver=XC8 -ASTACK=02135h-0231fh -pstack=STACK -ACONST=00h-0FFhx64 \
  -ACODE=00h-07FFhx8 -ASTRCODE=00h-03FFFh -AENTRY=00h-0FFhx64 \
  -ASTRING=00h-0FFhx64 -ACOMMON=070h-07Fh -ABANK0=020h-06Fh \
  -ABANK1=0A0h-0EFh -ABANK2=0120h-016Fh -ABANK3=01A0h-01EFh \
  -ABANK4=0220h-026Fh -ABANK5=02A0h-02EFh -ABANK6=0320h-036Fh \
  -ABANK7=03A0h-03EFh -ABANK8=0420h-046Fh -ABANK9=04A0h-04EFh \
  -ABANK10=0520h-056Fh -ABANK11=05A0h-05EFh -ABANK12=0620h-064Fh \
  -ABIGRAM=02000h-023EFh \
  -ARAM=020h-06Fh,0A0h-0EFh,0120h-016Fh,01A0h-01EFh,0220h-026Fh,02A0h-02EFh,0320h-036Fh,03A0h-03EFh,0420h-046Fh,04A0h-04EFh,0520h-056Fh,05A0h-05EFh,0620h-064Fh \
  -AABS1=020h-07Fh,0A0h-0EFh,0120h-016Fh,01A0h-01EFh,0220h-026Fh,02A0h-02EFh,0320h-036Fh,03A0h-03EFh,0420h-046Fh,04A0h-04EFh,0520h-056Fh,05A0h-05EFh,0620h-064Fh \
  -ASFR0=00h-01Fh -ASFR1=080h-09Fh -ASFR2=0100h-011Fh -ASFR3=0180h-019Fh \
  -ASFR4=0200h-021Fh -ASFR5=0280h-029Fh -ASFR6=0300h-031Fh \
  -ASFR7=0380h-039Fh -ASFR8=0400h-041Fh -ASFR9=0480h-049Fh \
  -ASFR10=0500h-051Fh -ASFR11=0580h-059Fh -ASFR12=0600h-061Fh \
  -ASFR13=0680h-06EFh -ASFR14=0700h-076Fh -ASFR15=0780h-07EFh \
  -ASFR16=0800h-086Fh -ASFR17=0880h-08EFh -ASFR18=0900h-096Fh \
  -ASFR19=0980h-09EFh -ASFR20=0A00h-0A6Fh -ASFR21=0A80h-0AEFh \
  -ASFR22=0B00h-0B6Fh -ASFR23=0B80h-0BEFh -ASFR24=0C00h-0C6Fh \
  -ASFR25=0C80h-0CEFh -ASFR26=0D00h-0D6Fh -ASFR27=0D80h-0DEFh \
  -ASFR28=0E00h-0E6Fh -ASFR29=0E80h-0EEFh -ASFR30=0F00h-0F6Fh \
  -ASFR31=0F80h-0FEFh -preset_vec=00h,intentry=04h,init,end_init \
  -ppowerup=CODE -pcinit=CODE -pfunctab=CODE -ACONFIG=08007h-08008h \
  -pconfig=CONFIG -DCONFIG=2 -AIDLOC=08000h-08003h -pidloc=IDLOC -DIDLOC=2 \
  -DCODE=2 -DSTRCODE=2 -DSTRING=2 -DCONST=2 -DENTRY=2 -k \
  C:\Users\taianluo\AppData\Local\Temp\s13c.obj \
  dist/default/production\1-8-1.Switch_1Key_Dimmer_MOSFET.X.production.obj 

Object code version is 3.11

Machine type is 16F1518



                Name                               Link     Load   Length Selector   Space Scale
C:\Users\taianluo\AppData\Local\Temp\s13c.obj
                end_init                             1F       1F        2        8       0
                reset_vec                             0        0        2        0       0
                config                             8007     8007        2    1000E       0
dist/default/production\1-8-1.Switch_1Key_Dimmer_MOSFET.X.production.obj
                cinit                                21       21       28        8       0
                intentry                              4        4       1B        8       0
                text113                            154E     154E       21     2A9C       0
                text112                             7F2      7F2        D        8       0
                text111                            17C3     17C3       3D     2F86       0
                text110                            11EA     11EA        9     23D4       0
                text109                            16DB     16DB       38     2DB6       0
                text108                            14B2     14B2       1E     2964       0
                text106                            117C     117C        3     22F8       0
                text105                             8A0      8A0       4A     1140       0
                text104                            1250     1250        C     24A0       0
                text103                            11A5     11A5        6     234A       0
                text102                            1188     1188        4     2310       0
                text101                            1219     1219        B     2432       0
                text100                            12DD     12DD       10     25BA       0
                text99                             1713     1713       38     2E26       0
                text98                             12B0     12B0        F     2560       0
                text97                              986      986       54     130C       0
                text96                              9DA      9DA       59     13B4       0
                text95                              8EA      8EA       4A     11D4       0
                text94                             125C     125C        C     24B8       0
                text93                              C24      C24       6F     1848       0
                text92                             118C     118C        4     2318       0
                text91                             156F     156F       22     2ADE       0
                text90                             12BF     12BF        F     257E       0
                text89                              A91      A91       61     1522       0
                text88                             1591     1591       22     2B22       0
                text87                              367      367       F6        8       0
                text86                              F57      F57       A9     1EAE       0
                text85                              6CC      6CC       B4        8       0
                text84                             11F3     11F3        9     23E6       0
                text83                              D19      D19       87     1A32       0
                text82                              AF2      AF2       65     15E4       0
                text81                              B57      B57       65     16AE       0
                text80                             139B     139B       13     2736       0
                text79                              A33      A33       5E     1466       0
                text78                             117B     117B        1     22F6       0
                text77                             11BD     11BD        7     237A       0
                text76                              85A      85A       46     10B4       0
                text75                             163B     163B       33     2C76       0
                text74                             11D2     11D2        8     23A4       0
                text73                             13EB     13EB       16     27D6       0
                text72                             12CE     12CE        F     259C       0
                text71                             1401     1401       16     2802       0
                text70                             1341     1341       12     2682       0
                text69                             174B     174B       3C     2E96       0
                text68                             1353     1353       12     26A6       0
                text67                             12FD     12FD       11     25FA       0
                text66                             1205     1205        A     240A       0
                text65                              800      800       19     1000       0
                text64                             1365     1365       12     26CA       0
                text63                              DA0      DA0       8C     1B40       0
                text62                             1417     1417       18     282E       0
                text61                             1268     1268        C     24D0       0
                text60                             142F     142F       18     285E       0
                text59                             11AB     11AB        6     2356       0
                text58                             1274     1274        C     24E8       0
                text57                             166E     166E       36     2CDC       0
                text56                              EB9      EB9       9E     1D72       0
                text55                              BBC      BBC       68     1778       0
                text54                             14EE     14EE       20     29DC       0
                text53                             1224     1224        B     2448       0
                text52                              530      530       D2        8       0
                text51                             1447     1447       1A     288E       0
                text50                             11FC     11FC        9     23F8       0
                text49                             15DA     15DA       2F     2BB4       0
                text48                             1280     1280        C     2500       0
                text47                              602      602       CA        8       0
                text46                             128C     128C        C     2518       0
                text45                              C93      C93       86     1926       0
                text44                             130E     130E       11     261C       0
                text43                              819      819       41     1032       0
                text42                             131F     131F       11     263E       0
                text41                             1190     1190        4     2320       0
                text40                             1609     1609       32     2C12       0
                text39                             1194     1194        4     2328       0
                text38                             1496     1496       1C     292C       0
                text37                             117F     117F        3     22FE       0
                text36                             16A4     16A4       37     2D48       0
                text35                             14D0     14D0       1E     29A0       0
                text34                             120F     120F        A     241E       0
                text33                             11DA     11DA        8     23B4       0
                text32                             11E2     11E2        8     23C4       0
                text31                             122F     122F        B     245E       0
                text30                               49       49      1B2        8       0
                text29                             11C4     11C4        7     2388       0
                text28                             1198     1198        4     2330       0
                text27                             123A     123A        B     2474       0
                text26                             1461     1461       1A     28C2       0
                text25                             1298     1298        C     2530       0
                text24                             1245     1245        B     248A       0
                text23                             1377     1377       12     26EE       0
                text22                             12ED     12ED       10     25DA       0
                text21                             119C     119C        4     2338       0
                text20                             13C1     13C1       15     2782       0
                text19                             11A0     11A0        5     2340       0
                text18                             13D6     13D6       15     27AC       0
                text17                             12A4     12A4        C     2548       0
                text16                             1330     1330       11     2660       0
                text15                             15B3     15B3       27     2B66       0
                text14                              1FB      1FB      16C        8       0
                text13                             11CB     11CB        7     2396       0
                text12                              7FF      7FF        1        8       0
                text11                             1182     1182        3     2304       0
                text10                             147B     147B       1B     28F6       0
                text9                               45D      45D       D3        8       0
                text8                              1185     1185        3     230A       0
                text7                                 2        2        2        0       0
                text6                              1389     1389       12     2712       0
                text5                              150E     150E       20     2A1C       0
                text4                               780      780       72        8       0
                text3                               E2C      E2C       8D     1C58       0
                text2                              13AE     13AE       13     275C       0
                text1                              1787     1787       3C     2F0E       0
                maintext                            934      934       52     1268       0
                cstackBANK0                          20       20       50       20       1
                cstackCOMMON                         70       70        D       70       1
                cstackBANK1                          E8       E8        6       A0       1
                inittext                           11B1     11B1        6     2362       0
                clrtext                            11B7     11B7        6     236E       0
                dataBANK3                           1C5      1C5       20      1A0       1
                bssBANK3                            1A0      1A0       25      1A0       1
                bssBANK2                            120      120       3E      120       1
                bssBANK1                             A0       A0       48       A0       1
                bssCOMMON                            7D       7D        1       70       1
                nvBANK1                              EE       EE        1       A0       1
                idataBANK3                         152E     152E       20     2A5C       0

TOTAL           Name                               Link     Load   Length     Space
        CLASS   STACK          

        CLASS   CONST          

        CLASS   CODE           
                end_init                             1F       1F        2         0
                cinit                                21       21       28         0
                intentry                              4        4       1B         0
                reset_vec                             0        0        2         0
                text113                            154E     154E       21         0
                text112                             7F2      7F2        D         0
                text111                            17C3     17C3       3D         0
                text110                            11EA     11EA        9         0
                text109                            16DB     16DB       38         0
                text108                            14B2     14B2       1E         0
                text106                            117C     117C        3         0
                text105                             8A0      8A0       4A         0
                text104                            1250     1250        C         0
                text103                            11A5     11A5        6         0
                text102                            1188     1188        4         0
                text101                            1219     1219        B         0
                text100                            12DD     12DD       10         0
                text99                             1713     1713       38         0
                text98                             12B0     12B0        F         0
                text97                              986      986       54         0
                text96                              9DA      9DA       59         0
                text95                              8EA      8EA       4A         0
                text94                             125C     125C        C         0
                text93                              C24      C24       6F         0
                text92                             118C     118C        4         0
                text91                             156F     156F       22         0
                text90                             12BF     12BF        F         0
                text89                              A91      A91       61         0
                text88                             1591     1591       22         0
                text87                              367      367       F6         0
                text86                              F57      F57       A9         0
                text85                              6CC      6CC       B4         0
                text84                             11F3     11F3        9         0
                text83                              D19      D19       87         0
                text82                              AF2      AF2       65         0
                text81                              B57      B57       65         0
                text80                             139B     139B       13         0
                text79                              A33      A33       5E         0
                text78                             117B     117B        1         0
                text77                             11BD     11BD        7         0
                text76                              85A      85A       46         0
                text75                             163B     163B       33         0
                text74                             11D2     11D2        8         0
                text73                             13EB     13EB       16         0
                text72                             12CE     12CE        F         0
                text71                             1401     1401       16         0
                text70                             1341     1341       12         0
                text69                             174B     174B       3C         0
                text68                             1353     1353       12         0
                text67                             12FD     12FD       11         0
                text66                             1205     1205        A         0
                text65                              800      800       19         0
                text64                             1365     1365       12         0
                text63                              DA0      DA0       8C         0
                text62                             1417     1417       18         0
                text61                             1268     1268        C         0
                text60                             142F     142F       18         0
                text59                             11AB     11AB        6         0
                text58                             1274     1274        C         0
                text57                             166E     166E       36         0
                text56                              EB9      EB9       9E         0
                text55                              BBC      BBC       68         0
                text54                             14EE     14EE       20         0
                text53                             1224     1224        B         0
                text52                              530      530       D2         0
                text51                             1447     1447       1A         0
                text50                             11FC     11FC        9         0
                text49                             15DA     15DA       2F         0
                text48                             1280     1280        C         0
                text47                              602      602       CA         0
                text46                             128C     128C        C         0
                text45                              C93      C93       86         0
                text44                             130E     130E       11         0
                text43                              819      819       41         0
                text42                             131F     131F       11         0
                text41                             1190     1190        4         0
                text40                             1609     1609       32         0
                text39                             1194     1194        4         0
                text38                             1496     1496       1C         0
                text37                             117F     117F        3         0
                text36                             16A4     16A4       37         0
                text35                             14D0     14D0       1E         0
                text34                             120F     120F        A         0
                text33                             11DA     11DA        8         0
                text32                             11E2     11E2        8         0
                text31                             122F     122F        B         0
                text30                               49       49      1B2         0
                text29                             11C4     11C4        7         0
                text28                             1198     1198        4         0
                text27                             123A     123A        B         0
                text26                             1461     1461       1A         0
                text25                             1298     1298        C         0
                text24                             1245     1245        B         0
                text23                             1377     1377       12         0
                text22                             12ED     12ED       10         0
                text21                             119C     119C        4         0
                text20                             13C1     13C1       15         0
                text19                             11A0     11A0        5         0
                text18                             13D6     13D6       15         0
                text17                             12A4     12A4        C         0
                text16                             1330     1330       11         0
                text15                             15B3     15B3       27         0
                text14                              1FB      1FB      16C         0
                text13                             11CB     11CB        7         0
                text12                              7FF      7FF        1         0
                text11                             1182     1182        3         0
                text10                             147B     147B       1B         0
                text9                               45D      45D       D3         0
                text8                              1185     1185        3         0
                text7                                 2        2        2         0
                text6                              1389     1389       12         0
                text5                              150E     150E       20         0
                text4                               780      780       72         0
                text3                               E2C      E2C       8D         0
                text2                              13AE     13AE       13         0
                text1                              1787     1787       3C         0
                maintext                            934      934       52         0
                inittext                           11B1     11B1        6         0
                clrtext                            11B7     11B7        6         0
                idataBANK3                         152E     152E       20         0

        CLASS   STRCODE        

        CLASS   ENTRY          

        CLASS   STRING         

        CLASS   COMMON         
                cstackCOMMON                         70       70        D         1
                bssCOMMON                            7D       7D        1         1

        CLASS   BANK0          
                cstackBANK0                          20       20       50         1

        CLASS   BANK1          
                cstackBANK1                          E8       E8        6         1
                bssBANK1                             A0       A0       48         1
                nvBANK1                              EE       EE        1         1

        CLASS   BANK2          
                bssBANK2                            120      120       3E         1

        CLASS   BANK3          
                dataBANK3                           1C5      1C5       20         1
                bssBANK3                            1A0      1A0       25         1

        CLASS   BANK4          

        CLASS   BANK5          

        CLASS   BANK6          

        CLASS   BANK7          

        CLASS   BANK8          

        CLASS   BANK9          

        CLASS   BANK10         

        CLASS   BANK11         

        CLASS   BANK12         

        CLASS   BIGRAM         

        CLASS   RAM            

        CLASS   ABS1           
                abs_s1                               7E       7E        2         1

        CLASS   SFR0           

        CLASS   SFR1           

        CLASS   SFR2           

        CLASS   SFR3           

        CLASS   SFR4           

        CLASS   SFR5           

        CLASS   SFR6           

        CLASS   SFR7           

        CLASS   SFR8           

        CLASS   SFR9           

        CLASS   SFR10          

        CLASS   SFR11          

        CLASS   SFR12          

        CLASS   SFR13          

        CLASS   SFR14          

        CLASS   SFR15          

        CLASS   SFR16          

        CLASS   SFR17          

        CLASS   SFR18          

        CLASS   SFR19          

        CLASS   SFR20          

        CLASS   SFR21          

        CLASS   SFR22          

        CLASS   SFR23          

        CLASS   SFR24          

        CLASS   SFR25          

        CLASS   SFR26          

        CLASS   SFR27          

        CLASS   SFR28          

        CLASS   SFR29          

        CLASS   SFR30          

        CLASS   SFR31          

        CLASS   CONFIG         
                config                             8007     8007        2         0

        CLASS   IDLOC          

        CLASS   BANK31         

        CLASS   BANK30         

        CLASS   BANK29         

        CLASS   BANK28         

        CLASS   BANK27         

        CLASS   BANK26         

        CLASS   BANK25         

        CLASS   BANK24         

        CLASS   BANK23         

        CLASS   BANK22         

        CLASS   BANK21         

        CLASS   BANK20         

        CLASS   BANK19         

        CLASS   BANK18         

        CLASS   BANK17         

        CLASS   BANK16         

        CLASS   BANK15         

        CLASS   BANK14         

        CLASS   BANK13         

        CLASS   EEDATA         



SEGMENTS        Name                           Load    Length   Top    Selector   Space  Class     Delta

                reset_vec                      000000  000004  000004         0       0  CODE        2
                intentry                       000004  0007FC  000800         8       0  CODE        2
                cstackBANK0                    000020  000050  000070        20       1  BANK0       1
                cstackCOMMON                   000070  00000E  00007E        70       1  COMMON      1
                bssBANK1                       0000A0  00004F  0000EF        A0       1  BANK1       1
                bssBANK2                       000120  00003E  00015E       120       1  BANK2       1
                bssBANK3                       0001A0  000045  0001E5       1A0       1  BANK3       1
                text65                         000800  000019  000819      1000       0  CODE        2
                text43                         000819  000041  00085A      1032       0  CODE        2
                text76                         00085A  000046  0008A0      10B4       0  CODE        2
                text105                        0008A0  00004A  0008EA      1140       0  CODE        2
                text95                         0008EA  00004A  000934      11D4       0  CODE        2
                maintext                       000934  000052  000986      1268       0  CODE        2
                text97                         000986  000054  0009DA      130C       0  CODE        2
                text96                         0009DA  000059  000A33      13B4       0  CODE        2
                text79                         000A33  00005E  000A91      1466       0  CODE        2
                text89                         000A91  000061  000AF2      1522       0  CODE        2
                text82                         000AF2  000065  000B57      15E4       0  CODE        2
                text81                         000B57  000065  000BBC      16AE       0  CODE        2
                text55                         000BBC  000068  000C24      1778       0  CODE        2
                text93                         000C24  00006F  000C93      1848       0  CODE        2
                text45                         000C93  000086  000D19      1926       0  CODE        2
                text83                         000D19  000087  000DA0      1A32       0  CODE        2
                text63                         000DA0  00008C  000E2C      1B40       0  CODE        2
                text3                          000E2C  00008D  000EB9      1C58       0  CODE        2
                text56                         000EB9  00009E  000F57      1D72       0  CODE        2
                text86                         000F57  0000A9  001000      1EAE       0  CODE        2
                text78                         00117B  000001  00117C      22F6       0  CODE        2
                text106                        00117C  000003  00117F      22F8       0  CODE        2
                text37                         00117F  000003  001182      22FE       0  CODE        2
                text11                         001182  000003  001185      2304       0  CODE        2
                text8                          001185  000003  001188      230A       0  CODE        2
                text102                        001188  000004  00118C      2310       0  CODE        2
                text92                         00118C  000004  001190      2318       0  CODE        2
                text41                         001190  000004  001194      2320       0  CODE        2
                text39                         001194  000004  001198      2328       0  CODE        2
                text28                         001198  000004  00119C      2330       0  CODE        2
                text21                         00119C  000004  0011A0      2338       0  CODE        2
                text19                         0011A0  000005  0011A5      2340       0  CODE        2
                text103                        0011A5  000006  0011AB      234A       0  CODE        2
                text59                         0011AB  000006  0011B1      2356       0  CODE        2
                inittext                       0011B1  000006  0011B7      2362       0  CODE        2
                clrtext                        0011B7  000006  0011BD      236E       0  CODE        2
                text77                         0011BD  000007  0011C4      237A       0  CODE        2
                text29                         0011C4  000007  0011CB      2388       0  CODE        2
                text13                         0011CB  000007  0011D2      2396       0  CODE        2
                text74                         0011D2  000008  0011DA      23A4       0  CODE        2
                text33                         0011DA  000008  0011E2      23B4       0  CODE        2
                text32                         0011E2  000008  0011EA      23C4       0  CODE        2
                text110                        0011EA  000009  0011F3      23D4       0  CODE        2
                text84                         0011F3  000009  0011FC      23E6       0  CODE        2
                text50                         0011FC  000009  001205      23F8       0  CODE        2
                text66                         001205  00000A  00120F      240A       0  CODE        2
                text34                         00120F  00000A  001219      241E       0  CODE        2
                text101                        001219  00000B  001224      2432       0  CODE        2
                text53                         001224  00000B  00122F      2448       0  CODE        2
                text31                         00122F  00000B  00123A      245E       0  CODE        2
                text27                         00123A  00000B  001245      2474       0  CODE        2
                text24                         001245  00000B  001250      248A       0  CODE        2
                text104                        001250  00000C  00125C      24A0       0  CODE        2
                text94                         00125C  00000C  001268      24B8       0  CODE        2
                text61                         001268  00000C  001274      24D0       0  CODE        2
                text58                         001274  00000C  001280      24E8       0  CODE        2
                text48                         001280  00000C  00128C      2500       0  CODE        2
                text46                         00128C  00000C  001298      2518       0  CODE        2
                text25                         001298  00000C  0012A4      2530       0  CODE        2
                text17                         0012A4  00000C  0012B0      2548       0  CODE        2
                text98                         0012B0  00000F  0012BF      2560       0  CODE        2
                text90                         0012BF  00000F  0012CE      257E       0  CODE        2
                text72                         0012CE  00000F  0012DD      259C       0  CODE        2
                text100                        0012DD  000010  0012ED      25BA       0  CODE        2
                text22                         0012ED  000010  0012FD      25DA       0  CODE        2
                text67                         0012FD  000011  00130E      25FA       0  CODE        2
                text44                         00130E  000011  00131F      261C       0  CODE        2
                text42                         00131F  000011  001330      263E       0  CODE        2
                text16                         001330  000011  001341      2660       0  CODE        2
                text70                         001341  000012  001353      2682       0  CODE        2
                text68                         001353  000012  001365      26A6       0  CODE        2
                text64                         001365  000012  001377      26CA       0  CODE        2
                text23                         001377  000012  001389      26EE       0  CODE        2
                text6                          001389  000012  00139B      2712       0  CODE        2
                text80                         00139B  000013  0013AE      2736       0  CODE        2
                text2                          0013AE  000013  0013C1      275C       0  CODE        2
                text20                         0013C1  000015  0013D6      2782       0  CODE        2
                text18                         0013D6  000015  0013EB      27AC       0  CODE        2
                text73                         0013EB  000016  001401      27D6       0  CODE        2
                text71                         001401  000016  001417      2802       0  CODE        2
                text62                         001417  000018  00142F      282E       0  CODE        2
                text60                         00142F  000018  001447      285E       0  CODE        2
                text51                         001447  00001A  001461      288E       0  CODE        2
                text26                         001461  00001A  00147B      28C2       0  CODE        2
                text10                         00147B  00001B  001496      28F6       0  CODE        2
                text38                         001496  00001C  0014B2      292C       0  CODE        2
                text108                        0014B2  00001E  0014D0      2964       0  CODE        2
                text35                         0014D0  00001E  0014EE      29A0       0  CODE        2
                text54                         0014EE  000020  00150E      29DC       0  CODE        2
                text5                          00150E  000020  00152E      2A1C       0  CODE        2
                idataBANK3                     00152E  000020  00154E      2A5C       0  CODE        2
                text113                        00154E  000021  00156F      2A9C       0  CODE        2
                text91                         00156F  000022  001591      2ADE       0  CODE        2
                text88                         001591  000022  0015B3      2B22       0  CODE        2
                text15                         0015B3  000027  0015DA      2B66       0  CODE        2
                text49                         0015DA  00002F  001609      2BB4       0  CODE        2
                text40                         001609  000032  00163B      2C12       0  CODE        2
                text75                         00163B  000033  00166E      2C76       0  CODE        2
                text57                         00166E  000036  0016A4      2CDC       0  CODE        2
                text36                         0016A4  000037  0016DB      2D48       0  CODE        2
                text109                        0016DB  000038  001713      2DB6       0  CODE        2
                text99                         001713  000038  00174B      2E26       0  CODE        2
                text69                         00174B  00003C  001787      2E96       0  CODE        2
                text1                          001787  00003C  0017C3      2F0E       0  CODE        2
                text111                        0017C3  00003D  001800      2F86       0  CODE        2
                config                         008007  000002  008009     1000E       0  CONFIG      2


UNUSED ADDRESS RANGES

        Name                Unused          Largest block    Delta
        BANK1            000EF-000EF               1           1
        BANK10           00520-0056F              50           1
        BANK11           005A0-005EF              50           1
        BANK12           00620-0064F              30           1
        BANK2            0015E-0016F              12           1
        BANK3            001E5-001EF               B           1
        BANK4            00220-0026F              50           1
        BANK5            002A0-002EF              50           1
        BANK6            00320-0036F              50           1
        BANK7            003A0-003EF              50           1
        BANK8            00420-0046F              50           1
        BANK9            004A0-004EF              50           1
        BIGRAM           02000-023EF             3F0           1
        CODE             01000-0117A             17B           2
                         01800-03FFF             800
        CONST            01000-0117A             100           2
                         01800-03FFF             100
        ENTRY            01000-0117A             100           2
                         01800-03FFF             100
        IDLOC            08000-08003               4           2
        RAM              000EF-000EF               1           1
                         0015E-0016F              12
                         001E5-001EF               B
                         00220-0026F              50
                         002A0-002EF              50
                         00320-0036F              50
                         003A0-003EF              50
                         00420-0046F              50
                         004A0-004EF              50
                         00520-0056F              50
                         005A0-005EF              50
                         00620-0064F              30
        SFR0             00000-0001F              20           1
        SFR1             00080-0009F              20           1
        SFR10            00500-0051F              20           1
        SFR11            00580-0059F              20           1
        SFR12            00600-0061F              20           1
        SFR13            00680-006EF              70           1
        SFR14            00700-0076F              70           1
        SFR15            00780-007EF              70           1
        SFR16            00800-0086F              70           1
        SFR17            00880-008EF              70           1
        SFR18            00900-0096F              70           1
        SFR19            00980-009EF              70           1
        SFR2             00100-0011F              20           1
        SFR20            00A00-00A6F              70           1
        SFR21            00A80-00AEF              70           1
        SFR22            00B00-00B6F              70           1
        SFR23            00B80-00BEF              70           1
        SFR24            00C00-00C6F              70           1
        SFR25            00C80-00CEF              70           1
        SFR26            00D00-00D6F              70           1
        SFR27            00D80-00DEF              70           1
        SFR28            00E00-00E6F              70           1
        SFR29            00E80-00EEF              70           1
        SFR3             00180-0019F              20           1
        SFR30            00F00-00F6F              70           1
        SFR31            00F80-00FEF              70           1
        SFR4             00200-0021F              20           1
        SFR5             00280-0029F              20           1
        SFR6             00300-0031F              20           1
        SFR7             00380-0039F              20           1
        SFR8             00400-0041F              20           1
        SFR9             00480-0049F              20           1
        STACK            02135-0231F             1EB           1
        STRCODE          01000-0117A             17B           2
                         01800-03FFF            2800
        STRING           01000-0117A             100           2
                         01800-03FFF             100

                                  Symbol Table

?___awdiv                                 cstackBANK0  00020
?___awtoft                                cstackBANK0  00028
?___ftadd                                 cstackBANK0  00041
?___ftdiv                                 cstackBANK0  0002E
?___ftmul                                 cstackBANK0  0002E
?___ftneg                                 cstackBANK0  0003E
?___ftpack                                cstackBANK0  00020
?___fttol                                 cstackBANK0  0004E
?___lwdiv                                 cstackBANK0  00020
?___wmul                                  cstackBANK0  00020
?_getAD                                   cstackBANK0  00020
DelayOffPointSelect@sw                    cstackBANK0  00021
DimmerLights_DimmingFunction@lights       cstackBANK0  00021
DimmerLights_SelectPointer@lights         cstackBANK0  00021
Division@num                              cstackBANK0  00025
Division@result                           cstackBANK0  00029
Division@value                            cstackBANK0  00028
DlyOff_Initialization@sw                  cstackBANK0  00022
DlyOff_Main@sw                            cstackBANK0  00067
Exception_Main@count                      cstackBANK0  0002F
Exception_Main@error                      cstackBANK0  00034
Exception_Main@i                          cstackBANK0  00030
Exception_Main@i_3095                     cstackBANK0  00032
Exception_Main@lights                     cstackBANK0  00035
Exception_Main@status                     cstackBANK0  0002E
Flash_Memory_Initialization@value         cstackBANK0  00025
Flash_Memory_Main@key_Status              cstackBANK0  00027
Flash_Memory_Modify@i                     cstackBANK0  00025
Flash_Memory_Read@address                 cstackBANK0  00022
Flash_Memory_Read@i                       cstackBANK0  00021
Flash_Memory_Read@ret                     cstackBANK0  00023
Flash_Memory_Write@i                      cstackBANK0  00021
LedPointSelect@led                        cstackBANK0  00021
Load_Main@ErrorCountValue                 cstackBANK0  0002D
Load_Main@LightsCount                     cstackBANK0  0002F
Load_Main@Load_RunStatus                  cstackBANK0  0002E
Load_Main@error                           cstackBANK0  0002C
Load_Main@i                               cstackBANK0  00030
SwPointSelect@sw                          cstackBANK0  00021
_ADCON0                                   (abs)        0009D
_ADCON1                                   (abs)        0009E
_ADC_Set                                  text29       011C4
_ADRESH                                   (abs)        0009C
_ADRESL                                   (abs)        0009B
_ANSELA                                   (abs)        0018C
_ANSELB                                   (abs)        0018D
_ANSELC                                   (abs)        0018E
_Buz1                                     bssBANK1     000AD
_Buzzer_Initialization                    text106      0117C
_Buzzer_Main                              text105      008A0
_CFGS                                     (abs)        00CAE
_Cmd                                      bssBANK1     000CF
_DelayOff                                 bssBANK1     000D0
_DelayOffPointSelect                      text104      01250
_DelayOff_Initialization                  text102      01188
_DelayOff_Main                            text92       0118C
_Dimmer                                   bssBANK1     000C5
_DimmerIntr                               bssBANK1     000D1
_DimmerIntr1                              bssBANK1     000B9
_DimmerIntr_Initialization                text79       00A33
_DimmerLights                             bssCOMMON    0007D
_DimmerLights1                            bssBANK2     00151
_DimmerLights_DimmingFunction             text76       0085A
_DimmerLights_IOC_1                       text111      017C3
_DimmerLights_Initialization              text77       011BD
_DimmerLights_Main                        text54       014EE
_DimmerLights_SelectPointer               text101      01219
_DimmerLights_TMR_1                       text109      016DB
_Division                                 text90       012BF
_DlyOff_Initialization                    text103      011A5
_DlyOff_Main                              text93       00C24
_DlySw1                                   bssBANK2     00159
_Exception_Main                           text52       00530
_FREE                                     (abs)        00CAC
_FVRCON                                   (abs)        00117
_Flash_Memory_Erasing                     text46       0128C
_Flash_Memory_Initialization              text47       00602
_Flash_Memory_Main                        text43       00819
_Flash_Memory_Main$2681                   cstackBANK0  00028
_Flash_Memory_Modify                      text45       00C93
_Flash_Memory_Read                        text51       01447
_Flash_Memory_Unlock                      text50       011FC
_Flash_Memory_Write                       text49       015DA
_Fosc_Set                                 text28       01198
_GIE                                      (abs)        0005F
_GO_nDONE                                 (abs)        004E9
_IOCBF                                    (abs)        00396
_IOCBF2                                   (abs)        01CB2
_IOCBN                                    (abs)        00395
_IOCBP                                    (abs)        00394
_IOCIE                                    (abs)        0005B
_IOCIF                                    (abs)        00058
_IOC_ISR                                  text110      011EA
_IOC_Set                                  text27       0123A
_IO_Set                                   text26       01461
_ISR                                      intentry     00004
_LATA                                     (abs)        0010C
_LATB                                     (abs)        0010D
_LATC                                     (abs)        0010E
_LED                                      bssBANK1     000D2
_LED_Initialization                       text41       01190
_LED_Main                                 text39       01194
_LWLO                                     (abs)        00CAD
_LedPointSelect                           text58       01274
_Light                                    bssBANK1     000D3
_Load                                     bssBANK2     00120
_Load_Initialization                      text37       0117F
_Load_Main                                text30       00049
_Load_Main$3412                           cstackBANK0  0002A
_Mcu_Initialization                       text23       01377
_Memory                                   bssBANK3     001A0
_OSCCON                                   (abs)        00099
_PEIE                                     (abs)        0005E
_PMADRH                                   (abs)        00192
_PMADRL                                   (abs)        00191
_PMCON2                                   (abs)        00196
_PMDATH                                   (abs)        00194
_PMDATL                                   (abs)        00193
_PORTA                                    (abs)        0000C
_PORTB                                    (abs)        0000D
_PORTC                                    (abs)        0000E
_RA0                                      (abs)        00060
_RA4                                      (abs)        00064
_RA6                                      (abs)        00066
_RA7                                      (abs)        00067
_RB0                                      (abs)        00068
_RB1                                      (abs)        00069
_RB2                                      (abs)        0006A
_RB3                                      (abs)        0006B
_RB5                                      (abs)        0006D
_RD                                       (abs)        00CA8
_Sw                                       bssBANK1     000D4
_Sw1                                      bssBANK2     00148
_SwDetect                                 bssBANK1     000D5
_SwPointSelect                            text17       012A4
_Switch_Initialization                    text21       0119C
_Switch_Main                              text13       011CB
_T1CON                                    (abs)        00018
_TMR1H                                    (abs)        00017
_TMR1IE                                   (abs)        00488
_TMR1IF                                   (abs)        00088
_TMR1L                                    (abs)        00016
_TMR1_ISR                                 text108      014B2
_TMR1_Set                                 text25       01298
_TRISA                                    (abs)        0008C
_TRISB                                    (abs)        0008D
_TRISC                                    (abs)        0008E
_Temp                                     bssBANK1     000D6
_Temp_Initialization                      text11       01182
_Temp_Main                                text8        01185
_Timeout_Counter                          text20       013C1
_Timer1                                   bssBANK1     000CA
_TouchPower                               text18       013D6
_VarErrLED                                bssBANK1     000E4
_WDT                                      bssBANK1     000CD
_WDTCON                                   (abs)        00097
_WDT_Clearing                             text7        00002
_WDT_Main                                 text6        01389
_WDT_Set                                  text24       01245
_WPUB                                     (abs)        0020D
_WR                                       (abs)        00CA9
_WREN                                     (abs)        00CAA
__CFG_BOREN$OFF                           (abs)        00000
__CFG_CP$ON                               (abs)        00000
__CFG_FOSC$INTOSC                         (abs)        00000
__CFG_VCAPEN$OFF                          (abs)        00000
__CFG_WDTE$ON                             (abs)        00000
__CFG_WRT$HALF                            (abs)        00000
__Habs1                                   abs1         00000
__Hbank0                                  bank0        00000
__Hbank1                                  bank1        00000
__Hbank10                                 bank10       00000
__Hbank11                                 bank11       00000
__Hbank12                                 bank12       00000
__Hbank13                                 bank13       00000
__Hbank14                                 bank14       00000
__Hbank15                                 bank15       00000
__Hbank16                                 bank16       00000
__Hbank17                                 bank17       00000
__Hbank18                                 bank18       00000
__Hbank19                                 bank19       00000
__Hbank2                                  bank2        00000
__Hbank20                                 bank20       00000
__Hbank21                                 bank21       00000
__Hbank22                                 bank22       00000
__Hbank23                                 bank23       00000
__Hbank24                                 bank24       00000
__Hbank25                                 bank25       00000
__Hbank26                                 bank26       00000
__Hbank27                                 bank27       00000
__Hbank28                                 bank28       00000
__Hbank29                                 bank29       00000
__Hbank3                                  bank3        00000
__Hbank30                                 bank30       00000
__Hbank31                                 bank31       00000
__Hbank4                                  bank4        00000
__Hbank5                                  bank5        00000
__Hbank6                                  bank6        00000
__Hbank7                                  bank7        00000
__Hbank8                                  bank8        00000
__Hbank9                                  bank9        00000
__Hbigram                                 bigram       00000
__HbssBANK1                               bssBANK1     00000
__HbssBANK2                               bssBANK2     00000
__HbssBANK3                               bssBANK3     00000
__HbssCOMMON                              bssCOMMON    00000
__Hcinit                                  cinit        00049
__Hclrtext                                clrtext      00000
__Hcode                                   code         00000
__Hcommon                                 common       00000
__Hconfig                                 config       08009
__HcstackBANK0                            cstackBANK0  00000
__HcstackBANK1                            cstackBANK1  00000
__HcstackCOMMON                           cstackCOMMON 00000
__HdataBANK3                              dataBANK3    00000
__Heeprom_data                            eeprom_data  00000
__Hend_init                               end_init     00021
__Hfunctab                                functab      00000
__HidataBANK3                             idataBANK3   00000
__Hidloc                                  idloc        00000
__Hinit                                   init         0001F
__Hinittext                               inittext     00000
__Hintentry                               intentry     0001F
__Hmaintext                               maintext     00000
__HnvBANK1                                nvBANK1      00000
__Hpowerup                                powerup      00000
__Hram                                    ram          00000
__Hreset_vec                              reset_vec    00002
__Hsfr0                                   sfr0         00000
__Hsfr1                                   sfr1         00000
__Hsfr10                                  sfr10        00000
__Hsfr11                                  sfr11        00000
__Hsfr12                                  sfr12        00000
__Hsfr13                                  sfr13        00000
__Hsfr14                                  sfr14        00000
__Hsfr15                                  sfr15        00000
__Hsfr16                                  sfr16        00000
__Hsfr17                                  sfr17        00000
__Hsfr18                                  sfr18        00000
__Hsfr19                                  sfr19        00000
__Hsfr2                                   sfr2         00000
__Hsfr20                                  sfr20        00000
__Hsfr21                                  sfr21        00000
__Hsfr22                                  sfr22        00000
__Hsfr23                                  sfr23        00000
__Hsfr24                                  sfr24        00000
__Hsfr25                                  sfr25        00000
__Hsfr26                                  sfr26        00000
__Hsfr27                                  sfr27        00000
__Hsfr28                                  sfr28        00000
__Hsfr29                                  sfr29        00000
__Hsfr3                                   sfr3         00000
__Hsfr30                                  sfr30        00000
__Hsfr31                                  sfr31        00000
__Hsfr4                                   sfr4         00000
__Hsfr5                                   sfr5         00000
__Hsfr6                                   sfr6         00000
__Hsfr7                                   sfr7         00000
__Hsfr8                                   sfr8         00000
__Hsfr9                                   sfr9         00000
__Hspace_0                                (abs)        08009
__Hspace_1                                (abs)        001E5
__Hspace_2                                (abs)        00000
__Hspace_3                                (abs)        00000
__Hstack                                  stack        00000
__Hstrings                                strings      00000
__Htext                                   text         00000
__Labs1                                   abs1         00000
__Lbank0                                  bank0        00000
__Lbank1                                  bank1        00000
__Lbank10                                 bank10       00000
__Lbank11                                 bank11       00000
__Lbank12                                 bank12       00000
__Lbank13                                 bank13       00000
__Lbank14                                 bank14       00000
__Lbank15                                 bank15       00000
__Lbank16                                 bank16       00000
__Lbank17                                 bank17       00000
__Lbank18                                 bank18       00000
__Lbank19                                 bank19       00000
__Lbank2                                  bank2        00000
__Lbank20                                 bank20       00000
__Lbank21                                 bank21       00000
__Lbank22                                 bank22       00000
__Lbank23                                 bank23       00000
__Lbank24                                 bank24       00000
__Lbank25                                 bank25       00000
__Lbank26                                 bank26       00000
__Lbank27                                 bank27       00000
__Lbank28                                 bank28       00000
__Lbank29                                 bank29       00000
__Lbank3                                  bank3        00000
__Lbank30                                 bank30       00000
__Lbank31                                 bank31       00000
__Lbank4                                  bank4        00000
__Lbank5                                  bank5        00000
__Lbank6                                  bank6        00000
__Lbank7                                  bank7        00000
__Lbank8                                  bank8        00000
__Lbank9                                  bank9        00000
__Lbigram                                 bigram       00000
__LbssBANK1                               bssBANK1     00000
__LbssBANK2                               bssBANK2     00000
__LbssBANK3                               bssBANK3     00000
__LbssCOMMON                              bssCOMMON    00000
__Lcinit                                  cinit        00021
__Lclrtext                                clrtext      00000
__Lcode                                   code         00000
__Lcommon                                 common       00000
__Lconfig                                 config       08007
__LcstackBANK0                            cstackBANK0  00000
__LcstackBANK1                            cstackBANK1  00000
__LcstackCOMMON                           cstackCOMMON 00000
__LdataBANK3                              dataBANK3    00000
__Leeprom_data                            eeprom_data  00000
__Lend_init                               end_init     0001F
__Lfunctab                                functab      00000
__LidataBANK3                             idataBANK3   00000
__Lidloc                                  idloc        00000
__Linit                                   init         0001F
__Linittext                               inittext     00000
__Lintentry                               intentry     00004
__Lmaintext                               maintext     00000
__LnvBANK1                                nvBANK1      00000
__Lpowerup                                powerup      00000
__Lram                                    ram          00000
__Lreset_vec                              reset_vec    00000
__Lsfr0                                   sfr0         00000
__Lsfr1                                   sfr1         00000
__Lsfr10                                  sfr10        00000
__Lsfr11                                  sfr11        00000
__Lsfr12                                  sfr12        00000
__Lsfr13                                  sfr13        00000
__Lsfr14                                  sfr14        00000
__Lsfr15                                  sfr15        00000
__Lsfr16                                  sfr16        00000
__Lsfr17                                  sfr17        00000
__Lsfr18                                  sfr18        00000
__Lsfr19                                  sfr19        00000
__Lsfr2                                   sfr2         00000
__Lsfr20                                  sfr20        00000
__Lsfr21                                  sfr21        00000
__Lsfr22                                  sfr22        00000
__Lsfr23                                  sfr23        00000
__Lsfr24                                  sfr24        00000
__Lsfr25                                  sfr25        00000
__Lsfr26                                  sfr26        00000
__Lsfr27                                  sfr27        00000
__Lsfr28                                  sfr28        00000
__Lsfr29                                  sfr29        00000
__Lsfr3                                   sfr3         00000
__Lsfr30                                  sfr30        00000
__Lsfr31                                  sfr31        00000
__Lsfr4                                   sfr4         00000
__Lsfr5                                   sfr5         00000
__Lsfr6                                   sfr6         00000
__Lsfr7                                   sfr7         00000
__Lsfr8                                   sfr8         00000
__Lsfr9                                   sfr9         00000
__Lspace_0                                (abs)        00000
__Lspace_1                                (abs)        00000
__Lspace_2                                (abs)        00000
__Lspace_3                                (abs)        00000
__Lstack                                  stack        00000
__Lstrings                                strings      00000
__Ltext                                   text         00000
__S0                                      (abs)        08009
__S1                                      (abs)        001E5
__S2                                      (abs)        00000
___awdiv                                  text97       00986
___awdiv@counter                          cstackBANK0  00025
___awdiv@dividend                         cstackBANK0  00022
___awdiv@divisor                          cstackBANK0  00020
___awdiv@quotient                         cstackBANK0  00027
___awdiv@sign                             cstackBANK0  00026
___awtoft                                 text88       01591
___awtoft@c                               cstackBANK0  00028
___awtoft@sign                            cstackBANK0  0002D
___bmul                                   text64       01365
___bmul@multiplicand                      cstackBANK0  00020
___bmul@multiplier                        cstackBANK0  00023
___bmul@product                           cstackBANK0  00022
___ftadd                                  text87       00367
___ftadd@exp1                             cstackBANK0  0004D
___ftadd@exp2                             cstackBANK0  0004C
___ftadd@f1                               cstackBANK0  00041
___ftadd@f2                               cstackBANK0  00044
___ftadd@sign                             cstackBANK0  0004B
___ftdiv                                  text86       00F57
___ftdiv@cntr                             cstackBANK0  00038
___ftdiv@exp                              cstackBANK0  0003C
___ftdiv@f1                               cstackBANK0  00031
___ftdiv@f2                               cstackBANK0  0002E
___ftdiv@f3                               cstackBANK0  00039
___ftdiv@sign                             cstackBANK0  0003D
___ftmul                                  text85       006CC
___ftmul@cntr                             cstackBANK0  0003C
___ftmul@exp                              cstackBANK0  00038
___ftmul@f1                               cstackBANK0  0002E
___ftmul@f2                               cstackBANK0  00031
___ftmul@f3_as_product                    cstackBANK0  00039
___ftmul@sign                             cstackBANK0  0003D
___ftneg                                  text84       011F3
___ftneg@f1                               cstackBANK0  0003E
___ftpack                                 text89       00A91
___ftpack@arg                             cstackBANK0  00020
___ftpack@exp                             cstackBANK0  00023
___ftpack@sign                            cstackBANK0  00024
___fttol                                  text83       00D19
___fttol@exp1                             cstackBANK0  0005B
___fttol@f1                               cstackBANK0  0004E
___fttol@lval                             cstackBANK0  00057
___fttol@sign1                            cstackBANK0  00056
___int_sp                                 stack        00000
___latbits                                (abs)        00003
___lbdiv                                  text91       0156F
___lbdiv@counter                          cstackBANK0  00023
___lbdiv@dividend                         cstackBANK0  00022
___lbdiv@divisor                          cstackBANK0  00020
___lbdiv@quotient                         cstackBANK0  00024
___lwdiv                                  text36       016A4
___lwdiv@counter                          cstackBANK0  00027
___lwdiv@dividend                         cstackBANK0  00022
___lwdiv@divisor                          cstackBANK0  00020
___lwdiv@quotient                         cstackBANK0  00025
___sp                                     stack        00000
___wmul                                   text35       014D0
___wmul@multiplicand                      cstackBANK0  00022
___wmul@multiplier                        cstackBANK0  00020
___wmul@product                           cstackBANK0  00024
__end_of_ADC_Set                          text29       011CB
__end_of_Buzzer_Initialization            text106      0117F
__end_of_Buzzer_Main                      text105      008EA
__end_of_DelayOffPointSelect              text104      0125C
__end_of_DelayOff_Initialization          text102      0118C
__end_of_DelayOff_Main                    text92       01190
__end_of_DimmerIntr_Initialization        text79       00A91
__end_of_DimmerLights_DimmingFunction     text76       008A0
__end_of_DimmerLights_IOC_1               text111      01800
__end_of_DimmerLights_Initialization      text77       011C4
__end_of_DimmerLights_Main                text54       0150E
__end_of_DimmerLights_SelectPointer       text101      01224
__end_of_DimmerLights_TMR_1               text109      01713
__end_of_Division                         text90       012CE
__end_of_DlyOff_Initialization            text103      011AB
__end_of_DlyOff_Main                      text93       00C93
__end_of_Exception_Main                   text52       00602
__end_of_Flash_Memory_Erasing             text46       01298
__end_of_Flash_Memory_Initialization      text47       006CC
__end_of_Flash_Memory_Main                text43       0085A
__end_of_Flash_Memory_Modify              text45       00D19
__end_of_Flash_Memory_Read                text51       01461
__end_of_Flash_Memory_Unlock              text50       01205
__end_of_Flash_Memory_Write               text49       01609
__end_of_Fosc_Set                         text28       0119C
__end_of_IOC_ISR                          text110      011F3
__end_of_IOC_Set                          text27       01245
__end_of_IO_Set                           text26       0147B
__end_of_ISR                              intentry     0001F
__end_of_LED_Initialization               text41       01194
__end_of_LED_Main                         text39       01198
__end_of_LedPointSelect                   text58       01280
__end_of_Load_Initialization              text37       01182
__end_of_Load_Main                        text30       001FB
__end_of_Mcu_Initialization               text23       01389
__end_of_SwPointSelect                    text17       012B0
__end_of_Switch_Initialization            text21       011A0
__end_of_Switch_Main                      text13       011D2
__end_of_TMR1_ISR                         text108      014D0
__end_of_TMR1_Set                         text25       012A4
__end_of_Temp_Initialization              text11       01185
__end_of_Temp_Main                        text8        01188
__end_of_Timeout_Counter                  text20       013D6
__end_of_TouchPower                       text18       013EB
__end_of_WDT_Clearing                     text7        00004
__end_of_WDT_Main                         text6        0139B
__end_of_WDT_Set                          text24       01250
__end_of___awdiv                          text97       009DA
__end_of___awtoft                         text88       015B3
__end_of___bmul                           text64       01377
__end_of___ftadd                          text87       0045D
__end_of___ftdiv                          text86       01000
__end_of___ftmul                          text85       00780
__end_of___ftneg                          text84       011FC
__end_of___ftpack                         text89       00AF2
__end_of___fttol                          text83       00DA0
__end_of___lbdiv                          text91       01591
__end_of___lwdiv                          text36       016DB
__end_of___wmul                           text35       014EE
__end_of__initialization                  cinit        00045
__end_of_getAD                            text5        0152E
__end_of_getAll_DimmerIntr_Dimming_Sw_RF  text34       01219
__end_of_getAll_Sw_KeyStatus              text44       0131F
__end_of_getCmd_Status                    text68       01365
__end_of_getDelayOff_GO                   text67       0130E
__end_of_getDimmerIntr_DimmingValue       text72       012DD
__end_of_getDimmerIntr_Dimming_Sw         text98       012BF
__end_of_getDimmerLights_Allow_Condition  text73       01401
__end_of_getDimmerLights_Line             text53       0122F
__end_of_getDimmerLights_PercentToValue   text82       00B57
__end_of_getDimmerLights_Status           text100      012ED
__end_of_getDimmerLights_ValueToPercent   text81       00BBC
__end_of_getDimmer_LoadGO                 text33       011E2
__end_of_getDimmer_Load_Status            text32       011EA
__end_of_getLoad_AD                       text4        007F2
__end_of_getLoad_OK                       text74       011DA
__end_of_getMain_All_Error_Status         text75       0166E
__end_of_getMain_All_LightsStatus         text66       0120F
__end_of_getMain_Lights_Count             text31       0123A
__end_of_getSw_KeyStatus                  text16       01341
__end_of_getTemp_AD                       text3        00EB9
__end_of_main                             maintext     00986
__end_of_myMain_Initialization            text2        013C1
__end_of_my_MainTimer                     text1        017C3
__end_of_setBuz                           text96       00A33
__end_of_setCmd_Status                    text65       00819
__end_of_setDelayOff_GO                   text63       00E2C
__end_of_setDimmerIntr_ControlStatus      text62       0142F
__end_of_setDimmerIntr_DimmingValue       text61       01274
__end_of_setDimmerIntr_Dimming_RF         text60       01447
__end_of_setDimmerIntr_Dimming_Sw         text71       01417
__end_of_setDimmerLights_Dimming          text69       01787
__end_of_setDimmerLights_DimmingClose     text59       011B1
__end_of_setDimmerLights_DimmingOn        text15       015DA
__end_of_setDimmerLights_Initialization   text78       0117C
__end_of_setDimmerLights_Line             text70       01353
__end_of_setDimmerLights_Main             text55       00C24
__end_of_setDimmerLights_OnOff            text56       00F57
__end_of_setDimmerLights_SwOff            text99       0174B
__end_of_setDimmerLights_SwOn             text95       00934
__end_of_setLED                           text57       016A4
__end_of_setLED_Initialization            text42       01330
__end_of_setLED_Main                      text40       0163B
__end_of_setLoad_AH_AL_Restore            text38       014B2
__end_of_setMemory_Data                   text48       0128C
__end_of_setMemory_Modify                 text80       013AE
__end_of_setOverTemp_ADV_Restore          text10       01496
__end_of_setProductData                   text94       01268
__end_of_setSw_Initialization             text22       012FD
__end_of_setSw_Main                       text14       00367
__end_of_setTemp_Initialization           text12       00800
__end_of_setTemp_Main                     text9        00530
__end_of_set_TimeoutCleared               text19       011A5
__end_ofi1_Division                       text112      007FF
__end_ofi1___lbdiv                        text113      0156F
__initialization                          cinit        00021
__pbssBANK1                               bssBANK1     000A0
__pbssBANK2                               bssBANK2     00120
__pbssBANK3                               bssBANK3     001A0
__pbssCOMMON                              bssCOMMON    0007D
__pcstackBANK0                            cstackBANK0  00020
__pcstackBANK1                            cstackBANK1  000E8
__pcstackCOMMON                           cstackCOMMON 00070
__pdataBANK3                              dataBANK3    001C5
__pidataBANK3                             idataBANK3   0152E
__pintentry                               intentry     00004
__pmaintext                               maintext     00934
__pnvBANK1                                nvBANK1      000EE
__product                                 dataBANK3    001C5
__ptext1                                  text1        01787
__ptext10                                 text10       0147B
__ptext100                                text100      012DD
__ptext101                                text101      01219
__ptext102                                text102      01188
__ptext103                                text103      011A5
__ptext104                                text104      01250
__ptext105                                text105      008A0
__ptext106                                text106      0117C
__ptext108                                text108      014B2
__ptext109                                text109      016DB
__ptext11                                 text11       01182
__ptext110                                text110      011EA
__ptext111                                text111      017C3
__ptext112                                text112      007F2
__ptext113                                text113      0154E
__ptext12                                 text12       007FF
__ptext13                                 text13       011CB
__ptext14                                 text14       001FB
__ptext15                                 text15       015B3
__ptext16                                 text16       01330
__ptext17                                 text17       012A4
__ptext18                                 text18       013D6
__ptext19                                 text19       011A0
__ptext2                                  text2        013AE
__ptext20                                 text20       013C1
__ptext21                                 text21       0119C
[...]
 Hardware stack levels required when called:    5
 This function calls:
		Nothing
 This function is called by:
		_DlyOff_Initialization
		_DlyOff_Main
		_setDelayOff_GO
		_getDelayOff_GO
 This function uses a non-reentrant model


 *************** function _Buzzer_Main *****************
 Defined at:
		line 46 in file "../src/Buzzer_B1.c"
 Parameters:    Size  Location     Type
		None
 Auto vars:     Size  Location     Type
		None
 Return value:  Size  Location     Type
		None               void
 Registers used:
		wreg, status,2, status,0
 Tracked objects:
		On entry : 
		On exit  : 
		Unchanged: 
 Data sizes:     COMMON   BANK0   BANK1   BANK2   BANK3   BANK4   BANK5   BANK6   BANK7   BANK8   BANK9  BANK10  BANK11  BANK12
      Params:         0       0       0       0       0       0       0       0       0       0       0       0       0       0
      Locals:         0       0       0       0       0       0       0       0       0       0       0       0       0       0
      Temps:          0       1       0       0       0       0       0       0       0       0       0       0       0       0
      Totals:         0       1       0       0       0       0       0       0       0       0       0       0       0       0
Total ram usage:        1 bytes
 Hardware stack levels used:    1
 Hardware stack levels required when called:    5
 This function calls:
		Nothing
 This function is called by:
		_main
 This function uses a non-reentrant model


 *************** function _Buzzer_Initialization *****************
 Defined at:
		line 11 in file "../src/Buzzer_B1.c"
 Parameters:    Size  Location     Type
		None
 Auto vars:     Size  Location     Type
		None
 Return value:  Size  Location     Type
		None               void
 Registers used:
		None
 Tracked objects:
		On entry : 
		On exit  : 
		Unchanged: 
 Data sizes:     COMMON   BANK0   BANK1   BANK2   BANK3   BANK4   BANK5   BANK6   BANK7   BANK8   BANK9  BANK10  BANK11  BANK12
      Params:         0       0       0       0       0       0       0       0       0       0       0       0       0       0
      Locals:         0       0       0       0       0       0       0       0       0       0       0       0       0       0
      Temps:          0       0       0       0       0       0       0       0       0       0       0       0       0       0
      Totals:         0       0       0       0       0       0       0       0       0       0       0       0       0       0
Total ram usage:        0 bytes
 Hardware stack levels used:    1
 Hardware stack levels required when called:    5
 This function calls:
		Nothing
 This function is called by:
		_main
 This function uses a non-reentrant model


 *************** function _ISR *****************
 Defined at:
		line 116 in file "../src/MCU_B1.c"
 Parameters:    Size  Location     Type
		None
 Auto vars:     Size  Location     Type
		None
 Return value:  Size  Location     Type
		None               void
 Registers used:
		wreg, fsr1l, fsr1h, status,2, status,0, pclath, cstack
 Tracked objects:
		On entry : 
		On exit  : 
		Unchanged: 
 Data sizes:     COMMON   BANK0   BANK1   BANK2   BANK3   BANK4   BANK5   BANK6   BANK7   BANK8   BANK9  BANK10  BANK11  BANK12
      Params:         0       0       0       0       0       0       0       0       0       0       0       0       0       0
      Locals:         0       0       0       0       0       0       0       0       0       0       0       0       0       0
      Temps:          1       0       0       0       0       0       0       0       0       0       0       0       0       0
      Totals:         1       0       0       0       0       0       0       0       0       0       0       0       0       0
Total ram usage:        1 bytes
 Hardware stack levels used:    1
 Hardware stack levels required when called:    4
 This function calls:
		_IOC_ISR
		_TMR1_ISR
 This function is called by:
		Interrupt level 1
 This function uses a non-reentrant model


 *************** function _TMR1_ISR *****************
 Defined at:
		line 236 in file "../src/MCU_B1.c"
 Parameters:    Size  Location     Type
		None
 Auto vars:     Size  Location     Type
		None
 Return value:  Size  Location     Type
		None               void
 Registers used:
		wreg, fsr1l, fsr1h, status,2, status,0, pclath, cstack
 Tracked objects:
		On entry : 
		On exit  : 
		Unchanged: 
 Data sizes:     COMMON   BANK0   BANK1   BANK2   BANK3   BANK4   BANK5   BANK6   BANK7   BANK8   BANK9  BANK10  BANK11  BANK12
      Params:         0       0       0       0       0       0       0       0       0       0       0       0       0       0
      Locals:         0       0       0       0       0       0       0       0       0       0       0       0       0       0
      Temps:          0       0       0       0       0       0       0       0       0       0       0       0       0       0
      Totals:         0       0       0       0       0       0       0       0       0       0       0       0       0       0
Total ram usage:        0 bytes
 Hardware stack levels used:    1
 Hardware stack levels required when called:    1
 This function calls:
		_DimmerLights_TMR_1
 This function is called by:
		_ISR
 This function uses a non-reentrant model


 *************** function _DimmerLights_TMR_1 *****************
 Defined at:
		line 1442 in file "../src/Dimmer_B1.c"
 Parameters:    Size  Location     Type
		None
 Auto vars:     Size  Location     Type
		None
 Return value:  Size  Location     Type
		None               void
 Registers used:
		wreg, status,2, status,0
 Tracked objects:
		On entry : 
		On exit  : 
		Unchanged: 
 Data sizes:     COMMON   BANK0   BANK1   BANK2   BANK3   BANK4   BANK5   BANK6   BANK7   BANK8   BANK9  BANK10  BANK11  BANK12
      Params:         0       0       0       0       0       0       0       0       0       0       0       0       0       0
      Locals:         0       0       0       0       0       0       0       0       0       0       0       0       0       0
      Temps:          1       0       0       0       0       0       0       0       0       0       0       0       0       0
      Totals:         1       0       0       0       0       0       0       0       0       0       0       0       0       0
Total ram usage:        1 bytes
 Hardware stack levels used:    1
 This function calls:
		Nothing
 This function is called by:
		_TMR1_ISR
 This function uses a non-reentrant model


 *************** function _IOC_ISR *****************
 Defined at:
		line 395 in file "../src/MCU_B1.c"
 Parameters:    Size  Location     Type
		None
 Auto vars:     Size  Location     Type
		None
 Return value:  Size  Location     Type
		None               void
 Registers used:
		wreg, status,2, status,0, pclath, cstack
 Tracked objects:
		On entry : 
		On exit  : 
		Unchanged: 
 Data sizes:     COMMON   BANK0   BANK1   BANK2   BANK3   BANK4   BANK5   BANK6   BANK7   BANK8   BANK9  BANK10  BANK11  BANK12
      Params:         0       0       0       0       0       0       0       0       0       0       0       0       0       0
      Locals:         0       0       0       0       0       0       0       0       0       0       0       0       0       0
      Temps:          0       0       0       0       0       0       0       0       0       0       0       0       0       0
      Totals:         0       0       0       0       0       0       0       0       0       0       0       0       0       0
Total ram usage:        0 bytes
 Hardware stack levels used:    1
 Hardware stack levels required when called:    3
 This function calls:
		_DimmerLights_IOC_1
 This function is called by:
		_ISR
 This function uses a non-reentrant model


 *************** function _DimmerLights_IOC_1 *****************
 Defined at:
		line 1537 in file "../src/Dimmer_B1.c"
 Parameters:    Size  Location     Type
		None
 Auto vars:     Size  Location     Type
		None
 Return value:  Size  Location     Type
		None               void
 Registers used:
		wreg, status,2, status,0, pclath, cstack
 Tracked objects:
		On entry : 
		On exit  : 
		Unchanged: 
 Data sizes:     COMMON   BANK0   BANK1   BANK2   BANK3   BANK4   BANK5   BANK6   BANK7   BANK8   BANK9  BANK10  BANK11  BANK12
      Params:         0       0       0       0       0       0       0       0       0       0       0       0       0       0
      Locals:         0       0       0       0       0       0       0       0       0       0       0       0       0       0
      Temps:          2       0       0       0       0       0       0       0       0       0       0       0       0       0
      Totals:         2       0       0       0       0       0       0       0       0       0       0       0       0       0
Total ram usage:        2 bytes
 Hardware stack levels used:    1
 Hardware stack levels required when called:    2
 This function calls:
		i1_Division
 This function is called by:
		_IOC_ISR
 This function uses a non-reentrant model


 *************** function i1_Division *****************
 Defined at:
		line 1437 in file "../src/Dimmer_B1.c"
 Parameters:    Size  Location     Type
  value           1    wreg     unsigned char 
  num             1    5[COMMON] unsigned char 
 Auto vars:     Size  Location     Type
  value           1    8[COMMON] unsigned char 
  Division        1    9[COMMON] unsigned char 
 Return value:  Size  Location     Type
                  1    wreg      unsigned char 
 Registers used:
		wreg, status,2, status,0, pclath, cstack
 Tracked objects:
		On entry : 
		On exit  : 
		Unchanged: 
 Data sizes:     COMMON   BANK0   BANK1   BANK2   BANK3   BANK4   BANK5   BANK6   BANK7   BANK8   BANK9  BANK10  BANK11  BANK12
      Params:         1       0       0       0       0       0       0       0       0       0       0       0       0       0
      Locals:         2       0       0       0       0       0       0       0       0       0       0       0       0       0
      Temps:          2       0       0       0       0       0       0       0       0       0       0       0       0       0
      Totals:         5       0       0       0       0       0       0       0       0       0       0       0       0       0
Total ram usage:        5 bytes
 Hardware stack levels used:    1
 Hardware stack levels required when called:    1
 This function calls:
		i1___lbdiv
 This function is called by:
		_DimmerLights_IOC_1
 This function uses a non-reentrant model


 *************** function i1___lbdiv *****************
 Defined at:
		line 4 in file "C:\Program Files (x86)\Microchip\xc8\v1.32\sources\common\lbdiv.c"
 Parameters:    Size  Location     Type
  dividend        1    wreg     unsigned char 
  divisor         1    0[COMMON] unsigned char 
 Auto vars:     Size  Location     Type
  dividend        1    2[COMMON] unsigned char 
  __lbdiv         1    4[COMMON] unsigned char 
  __lbdiv         1    3[COMMON] unsigned char 
 Return value:  Size  Location     Type
                  1    wreg      unsigned char 
 Registers used:
		wreg, status,2, status,0
 Tracked objects:
		On entry : 
		On exit  : 
		Unchanged: 
 Data sizes:     COMMON   BANK0   BANK1   BANK2   BANK3   BANK4   BANK5   BANK6   BANK7   BANK8   BANK9  BANK10  BANK11  BANK12
      Params:         1       0       0       0       0       0       0       0       0       0       0       0       0       0
      Locals:         3       0       0       0       0       0       0       0       0       0       0       0       0       0
      Temps:          1       0       0       0       0       0       0       0       0       0       0       0       0       0
      Totals:         5       0       0       0       0       0       0       0       0       0       0       0       0       0
Total ram usage:        5 bytes
 Hardware stack levels used:    1
 This function calls:
		Nothing
 This function is called by:
		i1_Division
 This function uses a non-reentrant model



MODULE INFORMATION

Module		Function		Class		Link	Load	Size
C:\Program Files (x86)\Microchip\xc8\v1.32\sources\common\float.c
		___ftpack      		CODE           	0A91	0000	97

C:\Program Files (x86)\Microchip\xc8\v1.32\sources\common\float.c estimated size: 97

../src/OverLoad_B1.c
		_getLoad_AD    		CODE           	0780	0000	114
		_getLoad_OK    		CODE           	11D2	0000	8
		_Load_Initializ		CODE           	117F	0000	3
		_Load_Main     		CODE           	0049	0000	434
		_setLoad_AH_AL_		CODE           	1496	0000	28

../src/OverLoad_B1.c estimated size: 587

C:\Program Files (x86)\Microchip\xc8\v1.32\sources\common\awtoft.c
		___awtoft      		CODE           	1591	0000	34

C:\Program Files (x86)\Microchip\xc8\v1.32\sources\common\awtoft.c estimated size: 34

../src/MCU_B1.c
		_Fosc_Set      		CODE           	1198	0000	4
		_IO_Set        		CODE           	1461	0000	26
		_WDT_Set       		CODE           	1245	0000	11
		_WDT_Main      		CODE           	1389	0000	18
		_ADC_Set       		CODE           	11C4	0000	7
		_IOC_ISR       		CODE           	11EA	0000	9
		_ISR           		CODE           	0004	0000	27
		_Flash_Memory_W		CODE           	15DA	0000	47
		_Flash_Memory_M		CODE           	0C93	0000	134
		_IOC_Set       		CODE           	123A	0000	11
		_WDT_Clearing  		CODE           	0002	0000	2
		_setMemory_Modi		CODE           	139B	0000	19
		_Mcu_Initializa		CODE           	1377	0000	18
		_setMemory_Data		CODE           	1280	0000	12
		_Flash_Memory_I		CODE           	0602	0000	202
		_getAD         		CODE           	150E	0000	32
		_TMR1_Set      		CODE           	1298	0000	12
		_Flash_Memory_U		CODE           	11FC	0000	9
		_Flash_Memory_R		CODE           	1447	0000	26
		_Flash_Memory_E		CODE           	128C	0000	12
		_TMR1_ISR      		CODE           	14B2	0000	30
		_Flash_Memory_M		CODE           	0819	0000	65

../src/MCU_B1.c estimated size: 733

C:\Program Files (x86)\Microchip\xc8\v1.32\sources\common\ftmul.c
		___ftmul       		CODE           	06CC	0000	180

C:\Program Files (x86)\Microchip\xc8\v1.32\sources\common\ftmul.c estimated size: 180

../src/Buzzer_B1.c
		_Buzzer_Main   		CODE           	08A0	0000	74
		_setBuz        		CODE           	09DA	0000	89
		_Buzzer_Initial		CODE           	117C	0000	3

../src/Buzzer_B1.c estimated size: 166

../src/LED_B1.c
		_setLED        		CODE           	166E	0000	54
		_LED_Main      		CODE           	1194	0000	4
		_setLED_Initial		CODE           	131F	0000	17
		_LedPointSelect		CODE           	1274	0000	12
		_setLED_Main   		CODE           	1609	0000	50
		_LED_Initializa		CODE           	1190	0000	4

../src/LED_B1.c estimated size: 141

../src/OverTemperature_B1.c
		_Temp_Initializ		CODE           	1182	0000	3
		_Temp_Main     		CODE           	1185	0000	3
		_setTemp_Initia		CODE           	07FF	0000	1
		_setOverTemp_AD		CODE           	147B	0000	27
		_getTemp_AD    		CODE           	0E2C	0000	141
		_setTemp_Main  		CODE           	045D	0000	211

../src/OverTemperature_B1.c estimated size: 386

C:\Program Files (x86)\Microchip\xc8\v1.32\sources\common\fttol.c
		___fttol       		CODE           	0D19	0000	135

C:\Program Files (x86)\Microchip\xc8\v1.32\sources\common\fttol.c estimated size: 135

C:\Program Files (x86)\Microchip\xc8\v1.32\sources\common\lwdiv.c
		___lwdiv       		CODE           	16A4	0000	55

C:\Program Files (x86)\Microchip\xc8\v1.32\sources\common\lwdiv.c estimated size: 55

C:\Program Files (x86)\Microchip\xc8\v1.32\sources\common\awdiv.c
		___awdiv       		CODE           	0986	0000	84

C:\Program Files (x86)\Microchip\xc8\v1.32\sources\common\awdiv.c estimated size: 84

../src/Main_B1.c
		_Exception_Main		CODE           	0530	0000	210
		_my_MainTimer  		CODE           	1787	0000	60
		_setProductData		CODE           	125C	0000	12
		_main          		CODE           	0934	0000	82
		_Timeout_Counte		CODE           	13C1	0000	21
		_myMain_Initial		CODE           	13AE	0000	19
		_getMain_All_Er		CODE           	163B	0000	51
		_set_TimeoutCle		CODE           	11A0	0000	5
		_getCmd_Status 		CODE           	1353	0000	18
		_getMain_Lights		CODE           	122F	0000	11
		_getMain_All_Li		CODE           	1205	0000	10
		_setCmd_Status 		CODE           	0800	0000	25

../src/Main_B1.c estimated size: 524

C:\Program Files (x86)\Microchip\xc8\v1.32\sources\common\ftadd.c
		___ftadd       		CODE           	0367	0000	246

C:\Program Files (x86)\Microchip\xc8\v1.32\sources\common\ftadd.c estimated size: 246

C:\Program Files (x86)\Microchip\xc8\v1.32\sources\common\Umul16.c
		___wmul        		CODE           	14D0	0000	30

C:\Program Files (x86)\Microchip\xc8\v1.32\sources\common\Umul16.c estimated size: 30

C:\Program Files (x86)\Microchip\xc8\v1.32\sources\common\Umul8.c
		___bmul        		CODE           	1365	0000	18

C:\Program Files (x86)\Microchip\xc8\v1.32\sources\common\Umul8.c estimated size: 18

shared
		i1___lbdiv     		CODE           	154E	0000	33
		i1_Division    		CODE           	07F2	0000	13
		__initializatio		CODE           	0021	0000	36

shared estimated size: 82

C:\Program Files (x86)\Microchip\xc8\v1.32\sources\common\ftneg.c
		___ftneg       		CODE           	11F3	0000	9

C:\Program Files (x86)\Microchip\xc8\v1.32\sources\common\ftneg.c estimated size: 9

../src/Switch_B1.c
		_Switch_Main   		CODE           	11CB	0000	7
		_SwPointSelect 		CODE           	12A4	0000	12
		_TouchPower    		CODE           	13D6	0000	21
		_setSw_Main    		CODE           	01FB	0000	364
		_getAll_Sw_KeyS		CODE           	130E	0000	17
		_getSw_KeyStatu		CODE           	1330	0000	17
		_setSw_Initiali		CODE           	12ED	0000	16
		_Switch_Initial		CODE           	119C	0000	4

../src/Switch_B1.c estimated size: 458

../src/Dimmer_B1.c
		_getDimmerLight		CODE           	12DD	0000	16
		_DimmerLights_S		CODE           	1219	0000	11
		_setDimmerLight		CODE           	1713	0000	56
		_DimmerLights_D		CODE           	085A	0000	70
		_setDimmerIntr_		CODE           	142F	0000	24
		_DimmerLights_M		CODE           	14EE	0000	32
		_setDimmerLight		CODE           	08EA	0000	74
		_DimmerIntr_Ini		CODE           	0A33	0000	94
		_getDimmerIntr_		CODE           	12CE	0000	15
		_getAll_DimmerI		CODE           	120F	0000	10
		_getDimmerLight		CODE           	1224	0000	11
		_setDimmerIntr_		CODE           	1268	0000	12
		_Division      		CODE           	12BF	0000	15
		_setDimmerLight		CODE           	1341	0000	18
		_getDimmerLight		CODE           	0B57	0000	101
		_getDimmerLight		CODE           	0AF2	0000	101
		_getDimmer_Load		CODE           	11DA	0000	8
		_setDimmerLight		CODE           	117B	0000	1
		_getDimmerIntr_		CODE           	12B0	0000	15
		_setDimmerLight		CODE           	174B	0000	60
		_setDimmerLight		CODE           	15B3	0000	39
		_DimmerLights_I		CODE           	11BD	0000	7
		_setDimmerLight		CODE           	11AB	0000	6
		_getDimmer_Load		CODE           	11E2	0000	8
		_setDimmerLight		CODE           	0BBC	0000	104
		_setDimmerIntr_		CODE           	1401	0000	22
		_DimmerLights_I		CODE           	17C3	0000	61
		_getDimmerLight		CODE           	13EB	0000	22
		_setDimmerLight		CODE           	0EB9	0000	158
		_DimmerLights_T		CODE           	16DB	0000	56
		_setDimmerIntr_		CODE           	1417	0000	24

../src/Dimmer_B1.c estimated size: 1251

../src/DelayOff_B1.c
		_DelayOff_Initi		CODE           	1188	0000	4
		_DlyOff_Main   		CODE           	0C24	0000	111
		_DelayOff_Main 		CODE           	118C	0000	4
		_DelayOffPointS		CODE           	1250	0000	12
		_getDelayOff_GO		CODE           	12FD	0000	17
		_setDelayOff_GO		CODE           	0DA0	0000	140
		_DlyOff_Initial		CODE           	11A5	0000	6

../src/DelayOff_B1.c estimated size: 294

C:\Program Files (x86)\Microchip\xc8\v1.32\sources\common\lbdiv.c
		___lbdiv       		CODE           	156F	0000	34

C:\Program Files (x86)\Microchip\xc8\v1.32\sources\common\lbdiv.c estimated size: 34

C:\Program Files (x86)\Microchip\xc8\v1.32\sources\pic\ftdiv.c
		___ftdiv       		CODE           	0F57	0000	169

C:\Program Files (x86)\Microchip\xc8\v1.32\sources\pic\ftdiv.c estimated size: 169

