Microchip MPLAB XC8 Compiler V1.32 ()

Linker command line:

--edf=C:\Program Files (x86)\Microchip\xc8\v1.32\dat\en_msgs.txt -cs \
  -h+dist/default/production\1-8-1.Switch_1Key_Dimmer_MOSFET.X.production.sym \
  --cmf=dist/default/production\1-8-1.Switch_1Key_Dimmer_MOSFET.X.production.cmf \
  -z -Q16F1518 -oC:\Users\taianluo\AppData\Local\Temp\s5s8.6 \
  -Mdist/default/production/1-8-1.Switch_1Key_Dimmer_MOSFET.X.production.map \
  -E1 -ver=XC8 -ASTACK=02160h-0231fh -pstack=STACK -ACONST=00h-0FFhx64 \
  -ACODE=00h-07FFhx8 -ASTRCODE=00h-03FFFh -AENTRY=00h-0FFhx64 \
  -ASTRING=00h-0FFhx64 -ACOMMON=070h-07Fh -ABANK0=020h-06Fh \
  -ABANK1=0A0h-0EFh -ABANK2=0120h-016Fh -ABANK3=01A0h-01EFh \
  -ABANK4=0220h-026Fh -ABANK5=02A0h-02EFh -ABANK6=0320h-036Fh \
  -ABANK7=03A0h-03EFh -ABANK8=0420h-046Fh -ABANK9=04A0h-04EFh \
  -ABANK10=0520h-056Fh -ABANK11=05A0h-05EFh -ABANK12=0620h-064Fh \
  -ABIGRAM=02000h-023EFh \
  -ARAM=020h-06Fh,0A0h-0EFh,0120h-016Fh,01A0h-01EFh,0220h-026Fh,02A0h-02EFh,0320h-036Fh,03A0h-03EFh,0420h-046Fh,04A0h-04EFh,0520h-056Fh,05A0h-05EFh,0620h-064Fh \
  -AABS1=020h-07Fh,0A0h-0EFh,0120h-016Fh,01A0h-01EFh,0220h-026Fh,02A0h-02EFh,0320h-036Fh,03A0h-03EFh,0420h-046Fh,04A0h-04EFh,0520h-056Fh,05A0h-05EFh,0620h-064Fh \
  -ASFR0=00h-01Fh -ASFR1=080h-09Fh -ASFR2=0100h-011Fh -ASFR3=0180h-019Fh \
  -ASFR4=0200h-021Fh -ASFR5=0280h-029Fh -ASFR6=0300h-031Fh \
  -ASFR7=0380h-039Fh -ASFR8=0400h-041Fh -ASFR9=0480h-049Fh \
  -ASFR10=0500h-051Fh -ASFR11=0580h-059Fh -ASFR12=0600h-061Fh \
  -ASFR13=0680h-06EFh -ASFR14=0700h-076Fh -ASFR15=0780h-07EFh \
  -ASFR16=0800h-086Fh -ASFR17=0880h-08EFh -ASFR18=0900h-096Fh \
  -ASFR19=0980h-09EFh -ASFR20=0A00h-0A6Fh -ASFR21=0A80h-0AEFh \
  -ASFR22=0B00h-0B6Fh -ASFR23=0B80h-0BEFh -ASFR24=0C00h-0C6Fh \
  -ASFR25=0C80h-0CEFh -ASFR26=0D00h-0D6Fh -ASFR27=0D80h-0DEFh \
  -ASFR28=0E00h-0E6Fh -ASFR29=0E80h-0EEFh -ASFR30=0F00h-0F6Fh \
  -ASFR31=0F80h-0FEFh -preset_vec=00h,intentry=04h,init,end_init \
  -ppowerup=CODE -pcinit=CODE -pfunctab=CODE -ACONFIG=08007h-08008h \
  -pconfig=CONFIG -DCONFIG=2 -AIDLOC=08000h-08003h -pidloc=IDLOC -DIDLOC=2 \
  -DCODE=2 -DSTRCODE=2 -DSTRING=2 -DCONST=2 -DENTRY=2 -k \
  C:\Users\taianluo\AppData\Local\Temp\s5s8.obj \
  dist/default/production\1-8-1.Switch_1Key_Dimmer_MOSFET.X.production.obj 

Object code version is 3.11

Machine type is 16F1518



                Name                               Link     Load   Length Selector   Space Scale
C:\Users\taianluo\AppData\Local\Temp\s5s8.obj
                end_init                             13       13        2        8       0
                reset_vec                             0        0        2        0       0
                config                             8007     8007        2    1000E       0
dist/default/production\1-8-1.Switch_1Key_Dimmer_MOSFET.X.production.obj
                cinit                                15       15       2E        8       0
                intentry                              4        4        F        8       0
                text132                            1C0B     1C0B        B     3816       0
                text131                            1159     1159       33     22B2       0
                text130                            1B7A     1B7A        4     36F4       0
                text129                            1CAD     1CAD        F     395A       0
                text128                            1BF7     1BF7        A     37EE       0
                text127                             337      337      144        8       0
                text126                            1F64     1F64       25     3EC8       0
                text124                            1B6B     1B6B        3     36D6       0
                text123                            144D     144D       4A     289A       0
                text122                            1DAC     1DAC       14     3B58       0
                text121                            1DD4     1DD4       15     3BA8       0
                text120                            1BA2     1BA2        5     3744       0
                text119                            1E2D     1E2D       19     3C5A       0
                text118                            1B7E     1B7E        4     36FC       0
                text117                            1B82     1B82        4     3704       0
                text116                            1F89     1F89       26     3F12       0
                text115                            1C63     1C63        C     38C6       0
                text114                            1EDB     1EDB       21     3DB6       0
                text113                            1E7C     1E7C       1F     3CF8       0
                text112                            1FD6     1FD6       2A     3FAC       0
                text111                            13C3     13C3       43     2786       0
                text110                            1B86     1B86        4     370C       0
                text109                            1DE9     1DE9       15     3BD2       0
                text108                            1C16     1C16        B     382C       0
                text107                            1BAC     1BAC        6     3758       0
                text106                            1B8A     1B8A        4     3714       0
                text105                            1534     1534       54     2A68       0
                text104                            15E0     15E0       59     2BC0       0
                text103                            1C21     1C21        B     3842       0
                text102                            1CFB     1CFB       11     39F6       0
                text101                            1CCB     1CCB       10     3996       0
                text100                            1D50     1D50       12     3AA0       0
                text99                             1073     1073       2A     20E6       0
                text98                             17A3     17A3       5D     2F46       0
                text97                             1588     1588       58     2B10       0
                text96                             1692     1692       5A     2D24       0
                text95                              80F      80F       5D     101E       0
                text94                             1B8E     1B8E        4     371C       0
                text93                             1FAF     1FAF       27     3F5E       0
                text92                             1C01     1C01        A     3802       0
                text91                             1BCC     1BCC        8     3798       0
                text90                             109D     109D       2B     213A       0
                text89                             118C     118C       33     2318       0
                text88                             1C6F     1C6F        C     38DE       0
                text87                             1C2C     1C2C        B     3858       0
                text86                             11F2     11F2       36     23E4       0
                text85                              8CC      8CC       61     1198       0
                text84                             1EFC     1EFC       22     3DF8       0
                text83                              47B      47B       F6        8       0
                text82                              D43      D43       A9     1A86       0
                text81                             1BDC     1BDC        9     37B8       0
                text80                              C2C      C2C       87     1858       0
                text79                              9F1      9F1       65     13E2       0
                text78                             1747     1747       5C     2E8E       0
                text77                              72C      72C       BF        8       0
                text76                              BA6      BA6       86     174C       0
                text75                              98E      98E       63     131C       0
                text74                             1639     1639       59     2C72       0
                text73                             10F7     10F7       30     21EE       0
                text72                             1C37     1C37        B     386E       0
                text71                              DEC      DEC       AD     1BD8       0
                text70                             1E46     1E46       1A     3C8C       0
                text69                             1BE5     1BE5        9     37CA       0
                text68                             10C8     10C8       2F     2190       0
                text67                             1C7B     1C7B        C     38F6       0
                text66                              650      650       DC        8       0
                text65                             1C87     1C87        C     390E       0
                text64                             1497     1497       4E     292E       0
                text63                             1228     1228       36     2450       0
                text62                             1D0C     1D0C       11     3A18       0
                text61                             1B92     1B92        4     3724       0
                text60                             11BF     11BF       33     237E       0
                text59                             1B96     1B96        4     372C       0
                text58                             1E60     1E60       1C     3CC0       0
                text57                             1BA7     1BA7        5     374E       0
                text56                             1294     1294       37     2528       0
                text55                             1B9A     1B9A        4     3734       0
                text54                             1CDB     1CDB       10     39B6       0
                text53                             1BD4     1BD4        8     37A8       0
                text52                             1C9F     1C9F        E     393E       0
                text51                               43       43      181        8       0
                text50                             1BBE     1BBE        7     377C       0
                text49                             1B9E     1B9E        4     373C       0
                text48                             1C93     1C93        C     3926       0
                text47                             1E15     1E15       18     3C2A       0
                text46                             1067     1067        C     20CE       0
                text45                             1C42     1C42        B     3884       0
                text44                             1D62     1D62       12     3AC4       0
                text43                             1C4D     1C4D        B     389A       0
                text42                             1B6E     1B6E        3     36DC       0
                text41                             1DFE     1DFE       17     3BFC       0
                text40                             1F1E     1F1E       22     3E3C       0
                text39                              ABB      ABB       6A     1576       0
                text38                              92D      92D       61     125A       0
                text37                             1CBC     1CBC        F     3978       0
                text36                             1D1D     1D1D       11     3A3A       0
                text35                             1D2E     1D2E       11     3A5C       0
                text34                             1D86     1D86       13     3B0C       0
                text33                              F4C      F4C       B4     1E98       0
                text32                              A56      A56       65     14AC       0
                text31                             1F40     1F40       24     3E80       0
                text30                             1127     1127       32     224E       0
                text29                             1383     1383       40     2706       0
                text28                             1406     1406       47     280C       0
                text27                             14E5     14E5       4F     29CA       0
                text26                              86C      86C       60     10D8       0
                text25                             1D99     1D99       13     3B32       0
                text24                             125E     125E       36     24BC       0
                text23                              CB3      CB3       90     1966       0
                text22                              571      571       DF        8       0
                text21                             1B71     1B71        3     36E2       0
                text20                              7EB      7EB       15        8       0
                text19                             1CEB     1CEB       10     39D6       0
                text18                             1BEE     1BEE        9     37DC       0
                text17                             1C58     1C58        B     38B0       0
                text16                             1D3F     1D3F       11     3A7E       0
                text15                             1307     1307       3E     260E       0
                text14                             1DC0     1DC0       14     3B80       0
                text13                              1C4      1C4      173        8       0
                text12                             1BC5     1BC5        7     378A       0
                text11                             1066     1066        1     20CC       0
                text10                             1B74     1B74        3     36E8       0
                text9                               E99      E99       B3     1D32       0
                text8                              1B77     1B77        3     36EE       0
                text7                                 2        2        2        0       0
                text6                              1D74     1D74       12     3AE8       0
                text5                              1E9B     1E9B       20     3D36       0
                text4                               B25      B25       81     164A       0
                text3                              1345     1345       3E     268A       0
                text2                               800      800        F        8       0
                text1                              12CB     12CB       3C     2596       0
                maintext                           16EC     16EC       5B     2DD8       0
                cstackBANK0                          20       20       4E       20       1
                cstackCOMMON                         70       70        8       70       1
                cstackBANK1                          E9       E9        7       A0       1
                inittext                           1BB2     1BB2        6     3764       0
                clrtext                            1BB8     1BB8        6     3770       0
                dataBANK4                           220      220       20      220       1
                bssBANK3                            1A0      1A0       48      1A0       1
                bssBANK2                            120      120       4F      120       1
                bssBANK1                             A0       A0       49       A0       1
                bssBANK0                             6F       6F        1       20       1
                bssCOMMON                            78       78        5       70       1
                bitbssCOMMON                        3E8       7D        2       70       1     8
                nvBANK0                              6E       6E        1       20       1
                stringtext                         1000     1000       66       20       0
                idataBANK4                         1EBB     1EBB       20     3D76       0

TOTAL           Name                               Link     Load   Length     Space
        CLASS   STACK          

        CLASS   CONST          

        CLASS   CODE           
                end_init                             13       13        2         0
                cinit                                15       15       2E         0
                intentry                              4        4        F         0
                reset_vec                             0        0        2         0
                text132                            1C0B     1C0B        B         0
                text131                            1159     1159       33         0
                text130                            1B7A     1B7A        4         0
                text129                            1CAD     1CAD        F         0
                text128                            1BF7     1BF7        A         0
                text127                             337      337      144         0
                text126                            1F64     1F64       25         0
                text124                            1B6B     1B6B        3         0
                text123                            144D     144D       4A         0
                text122                            1DAC     1DAC       14         0
                text121                            1DD4     1DD4       15         0
                text120                            1BA2     1BA2        5         0
                text119                            1E2D     1E2D       19         0
                text118                            1B7E     1B7E        4         0
                text117                            1B82     1B82        4         0
                text116                            1F89     1F89       26         0
                text115                            1C63     1C63        C         0
                text114                            1EDB     1EDB       21         0
                text113                            1E7C     1E7C       1F         0
                text112                            1FD6     1FD6       2A         0
                text111                            13C3     13C3       43         0
                text110                            1B86     1B86        4         0
                text109                            1DE9     1DE9       15         0
                text108                            1C16     1C16        B         0
                text107                            1BAC     1BAC        6         0
                text106                            1B8A     1B8A        4         0
                text105                            1534     1534       54         0
                text104                            15E0     15E0       59         0
                text103                            1C21     1C21        B         0
                text102                            1CFB     1CFB       11         0
                text101                            1CCB     1CCB       10         0
                text100                            1D50     1D50       12         0
                text99                             1073     1073       2A         0
                text98                             17A3     17A3       5D         0
                text97                             1588     1588       58         0
                text96                             1692     1692       5A         0
                text95                              80F      80F       5D         0
                text94                             1B8E     1B8E        4         0
                text93                             1FAF     1FAF       27         0
                text92                             1C01     1C01        A         0
                text91                             1BCC     1BCC        8         0
                text90                             109D     109D       2B         0
                text89                             118C     118C       33         0
                text88                             1C6F     1C6F        C         0
                text87                             1C2C     1C2C        B         0
                text86                             11F2     11F2       36         0
                text85                              8CC      8CC       61         0
                text84                             1EFC     1EFC       22         0
                text83                              47B      47B       F6         0
                text82                              D43      D43       A9         0
                text81                             1BDC     1BDC        9         0
                text80                              C2C      C2C       87         0
                text79                              9F1      9F1       65         0
                text78                             1747     1747       5C         0
                text77                              72C      72C       BF         0
                text76                              BA6      BA6       86         0
                text75                              98E      98E       63         0
                text74                             1639     1639       59         0
                text73                             10F7     10F7       30         0
                text72                             1C37     1C37        B         0
                text71                              DEC      DEC       AD         0
                text70                             1E46     1E46       1A         0
                text69                             1BE5     1BE5        9         0
                text68                             10C8     10C8       2F         0
                text67                             1C7B     1C7B        C         0
                text66                              650      650       DC         0
                text65                             1C87     1C87        C         0
                text64                             1497     1497       4E         0
                text63                             1228     1228       36         0
                text62                             1D0C     1D0C       11         0
                text61                             1B92     1B92        4         0
                text60                             11BF     11BF       33         0
                text59                             1B96     1B96        4         0
                text58                             1E60     1E60       1C         0
                text57                             1BA7     1BA7        5         0
                text56                             1294     1294       37         0
                text55                             1B9A     1B9A        4         0
                text54                             1CDB     1CDB       10         0
                text53                             1BD4     1BD4        8         0
                text52                             1C9F     1C9F        E         0
                text51                               43       43      181         0
                text50                             1BBE     1BBE        7         0
                text49                             1B9E     1B9E        4         0
                text48                             1C93     1C93        C         0
                text47                             1E15     1E15       18         0
                text46                             1067     1067        C         0
                text45                             1C42     1C42        B         0
                text44                             1D62     1D62       12         0
                text43                             1C4D     1C4D        B         0
                text42                             1B6E     1B6E        3         0
                text41                             1DFE     1DFE       17         0
                text40                             1F1E     1F1E       22         0
                text39                              ABB      ABB       6A         0
                text38                              92D      92D       61         0
                text37                             1CBC     1CBC        F         0
                text36                             1D1D     1D1D       11         0
                text35                             1D2E     1D2E       11         0
                text34                             1D86     1D86       13         0
                text33                              F4C      F4C       B4         0
                text32                              A56      A56       65         0
                text31                             1F40     1F40       24         0
                text30                             1127     1127       32         0
                text29                             1383     1383       40         0
                text28                             1406     1406       47         0
                text27                             14E5     14E5       4F         0
                text26                              86C      86C       60         0
                text25                             1D99     1D99       13         0
                text24                             125E     125E       36         0
                text23                              CB3      CB3       90         0
                text22                              571      571       DF         0
                text21                             1B71     1B71        3         0
                text20                              7EB      7EB       15         0
                text19                             1CEB     1CEB       10         0
                text18                             1BEE     1BEE        9         0
                text17                             1C58     1C58        B         0
                text16                             1D3F     1D3F       11         0
                text15                             1307     1307       3E         0
                text14                             1DC0     1DC0       14         0
                text13                              1C4      1C4      173         0
                text12                             1BC5     1BC5        7         0
                text11                             1066     1066        1         0
                text10                             1B74     1B74        3         0
                text9                               E99      E99       B3         0
                text8                              1B77     1B77        3         0
                text7                                 2        2        2         0
                text6                              1D74     1D74       12         0
                text5                              1E9B     1E9B       20         0
                text4                               B25      B25       81         0
                text3                              1345     1345       3E         0
                text2                               800      800        F         0
                text1                              12CB     12CB       3C         0
                maintext                           16EC     16EC       5B         0
                inittext                           1BB2     1BB2        6         0
                clrtext                            1BB8     1BB8        6         0
                idataBANK4                         1EBB     1EBB       20         0

        CLASS   STRCODE        
                stringtext                         1000     1000       66         0

        CLASS   ENTRY          

        CLASS   STRING         

        CLASS   COMMON         
                cstackCOMMON                         70       70        8         1
                bssCOMMON                            78       78        5         1
                bitbssCOMMON                        3E8       7D        2         1

        CLASS   BANK0          
                cstackBANK0                          20       20       4E         1
                bssBANK0                             6F       6F        1         1
                nvBANK0                              6E       6E        1         1

        CLASS   BANK1          
                cstackBANK1                          E9       E9        7         1
                bssBANK1                             A0       A0       49         1

        CLASS   BANK2          
                bssBANK2                            120      120       4F         1

        CLASS   BANK3          
                bssBANK3                            1A0      1A0       48         1

        CLASS   BANK4          
                dataBANK4                           220      220       20         1

        CLASS   BANK5          

        CLASS   BANK6          

        CLASS   BANK7          

        CLASS   BANK8          

        CLASS   BANK9          

        CLASS   BANK10         

        CLASS   BANK11         

        CLASS   BANK12         

        CLASS   BIGRAM         

        CLASS   RAM            

        CLASS   ABS1           
                abs_s1                               7E       7E        2         1

        CLASS   SFR0           

        CLASS   SFR1           

        CLASS   SFR2           

        CLASS   SFR3           

        CLASS   SFR4           

        CLASS   SFR5           

        CLASS   SFR6           

        CLASS   SFR7           

        CLASS   SFR8           

        CLASS   SFR9           

        CLASS   SFR10          

        CLASS   SFR11          

        CLASS   SFR12          

        CLASS   SFR13          

        CLASS   SFR14          

        CLASS   SFR15          

        CLASS   SFR16          

        CLASS   SFR17          

        CLASS   SFR18          

        CLASS   SFR19          

        CLASS   SFR20          

        CLASS   SFR21          

        CLASS   SFR22          

        CLASS   SFR23          

        CLASS   SFR24          

        CLASS   SFR25          

        CLASS   SFR26          

        CLASS   SFR27          

        CLASS   SFR28          

        CLASS   SFR29          

        CLASS   SFR30          

        CLASS   SFR31          

        CLASS   CONFIG         
                config                             8007     8007        2         0

        CLASS   IDLOC          

        CLASS   BANK31         

        CLASS   BANK30         

        CLASS   BANK29         

        CLASS   BANK28         

        CLASS   BANK27         

        CLASS   BANK26         

        CLASS   BANK25         

        CLASS   BANK24         

        CLASS   BANK23         

        CLASS   BANK22         

        CLASS   BANK21         

        CLASS   BANK20         

        CLASS   BANK19         

        CLASS   BANK18         

        CLASS   BANK17         

        CLASS   BANK16         

        CLASS   BANK15         

        CLASS   BANK14         

        CLASS   BANK13         

        CLASS   EEDATA         



SEGMENTS        Name                           Load    Length   Top    Selector   Space  Class     Delta

                reset_vec                      000000  000004  000004         0       0  CODE        2
                intentry                       000004  00080B  00080F         8       0  CODE        2
                cstackBANK0                    000020  000050  000070        20       1  BANK0       1
                cstackCOMMON                   000070  00000E  00007E        70       1  COMMON      1
                bssBANK1                       0000A0  000050  0000F0        A0       1  BANK1       1
                bssBANK2                       000120  00004F  00016F       120       1  BANK2       1
                bssBANK3                       0001A0  000048  0001E8       1A0       1  BANK3       1
                dataBANK4                      000220  000020  000240       220       1  BANK4       1
                text95                         00080F  00005D  00086C      101E       0  CODE        2
                text26                         00086C  000060  0008CC      10D8       0  CODE        2
                text85                         0008CC  000061  00092D      1198       0  CODE        2
                text38                         00092D  000061  00098E      125A       0  CODE        2
                text75                         00098E  000063  0009F1      131C       0  CODE        2
                text79                         0009F1  000065  000A56      13E2       0  CODE        2
                text32                         000A56  000065  000ABB      14AC       0  CODE        2
                text39                         000ABB  00006A  000B25      1576       0  CODE        2
                text4                          000B25  000081  000BA6      164A       0  CODE        2
                text76                         000BA6  000086  000C2C      174C       0  CODE        2
                text80                         000C2C  000087  000CB3      1858       0  CODE        2
                text23                         000CB3  000090  000D43      1966       0  CODE        2
                text82                         000D43  0000A9  000DEC      1A86       0  CODE        2
                text71                         000DEC  0000AD  000E99      1BD8       0  CODE        2
                text9                          000E99  0000B3  000F4C      1D32       0  CODE        2
                text33                         000F4C  0000B4  001000      1E98       0  CODE        2
                stringtext                     001000  000066  001066        20       0  STRCODE     2
                text11                         001066  000001  001067      20CC       0  CODE        2
                text46                         001067  00000C  001073      20CE       0  CODE        2
                text99                         001073  00002A  00109D      20E6       0  CODE        2
                text90                         00109D  00002B  0010C8      213A       0  CODE        2
                text68                         0010C8  00002F  0010F7      2190       0  CODE        2
                text73                         0010F7  000030  001127      21EE       0  CODE        2
                text30                         001127  000032  001159      224E       0  CODE        2
                text131                        001159  000033  00118C      22B2       0  CODE        2
                text89                         00118C  000033  0011BF      2318       0  CODE        2
                text60                         0011BF  000033  0011F2      237E       0  CODE        2
                text86                         0011F2  000036  001228      23E4       0  CODE        2
                text63                         001228  000036  00125E      2450       0  CODE        2
                text24                         00125E  000036  001294      24BC       0  CODE        2
                text56                         001294  000037  0012CB      2528       0  CODE        2
                text1                          0012CB  00003C  001307      2596       0  CODE        2
                text15                         001307  00003E  001345      260E       0  CODE        2
                text3                          001345  00003E  001383      268A       0  CODE        2
                text29                         001383  000040  0013C3      2706       0  CODE        2
                text111                        0013C3  000043  001406      2786       0  CODE        2
                text28                         001406  000047  00144D      280C       0  CODE        2
                text123                        00144D  00004A  001497      289A       0  CODE        2
                text64                         001497  00004E  0014E5      292E       0  CODE        2
                text27                         0014E5  00004F  001534      29CA       0  CODE        2
                text105                        001534  000054  001588      2A68       0  CODE        2
                text97                         001588  000058  0015E0      2B10       0  CODE        2
                text104                        0015E0  000059  001639      2BC0       0  CODE        2
                text74                         001639  000059  001692      2C72       0  CODE        2
                text96                         001692  00005A  0016EC      2D24       0  CODE        2
                maintext                       0016EC  00005B  001747      2DD8       0  CODE        2
                text78                         001747  00005C  0017A3      2E8E       0  CODE        2
                text98                         0017A3  00005D  001800      2F46       0  CODE        2
                text124                        001B6B  000003  001B6E      36D6       0  CODE        2
                text42                         001B6E  000003  001B71      36DC       0  CODE        2
                text21                         001B71  000003  001B74      36E2       0  CODE        2
                text10                         001B74  000003  001B77      36E8       0  CODE        2
                text8                          001B77  000003  001B7A      36EE       0  CODE        2
                text130                        001B7A  000004  001B7E      36F4       0  CODE        2
                text118                        001B7E  000004  001B82      36FC       0  CODE        2
                text117                        001B82  000004  001B86      3704       0  CODE        2
                text110                        001B86  000004  001B8A      370C       0  CODE        2
                text106                        001B8A  000004  001B8E      3714       0  CODE        2
                text94                         001B8E  000004  001B92      371C       0  CODE        2
                text61                         001B92  000004  001B96      3724       0  CODE        2
                text59                         001B96  000004  001B9A      372C       0  CODE        2
                text55                         001B9A  000004  001B9E      3734       0  CODE        2
                text49                         001B9E  000004  001BA2      373C       0  CODE        2
                text120                        001BA2  000005  001BA7      3744       0  CODE        2
                text57                         001BA7  000005  001BAC      374E       0  CODE        2
                text107                        001BAC  000006  001BB2      3758       0  CODE        2
                inittext                       001BB2  000006  001BB8      3764       0  CODE        2
                clrtext                        001BB8  000006  001BBE      3770       0  CODE        2
                text50                         001BBE  000007  001BC5      377C       0  CODE        2
                text12                         001BC5  000007  001BCC      378A       0  CODE        2
                text91                         001BCC  000008  001BD4      3798       0  CODE        2
                text53                         001BD4  000008  001BDC      37A8       0  CODE        2
                text81                         001BDC  000009  001BE5      37B8       0  CODE        2
                text69                         001BE5  000009  001BEE      37CA       0  CODE        2
                text18                         001BEE  000009  001BF7      37DC       0  CODE        2
                text128                        001BF7  00000A  001C01      37EE       0  CODE        2
                text92                         001C01  00000A  001C0B      3802       0  CODE        2
                text132                        001C0B  00000B  001C16      3816       0  CODE        2
                text108                        001C16  00000B  001C21      382C       0  CODE        2
                text103                        001C21  00000B  001C2C      3842       0  CODE        2
                text87                         001C2C  00000B  001C37      3858       0  CODE        2
                text72                         001C37  00000B  001C42      386E       0  CODE        2
                text45                         001C42  00000B  001C4D      3884       0  CODE        2
                text43                         001C4D  00000B  001C58      389A       0  CODE        2
                text17                         001C58  00000B  001C63      38B0       0  CODE        2
                text115                        001C63  00000C  001C6F      38C6       0  CODE        2
                text88                         001C6F  00000C  001C7B      38DE       0  CODE        2
                text67                         001C7B  00000C  001C87      38F6       0  CODE        2
                text65                         001C87  00000C  001C93      390E       0  CODE        2
                text48                         001C93  00000C  001C9F      3926       0  CODE        2
                text52                         001C9F  00000E  001CAD      393E       0  CODE        2
                text129                        001CAD  00000F  001CBC      395A       0  CODE        2
                text37                         001CBC  00000F  001CCB      3978       0  CODE        2
                text101                        001CCB  000010  001CDB      3996       0  CODE        2
                text54                         001CDB  000010  001CEB      39B6       0  CODE        2
                text19                         001CEB  000010  001CFB      39D6       0  CODE        2
                text102                        001CFB  000011  001D0C      39F6       0  CODE        2
                text62                         001D0C  000011  001D1D      3A18       0  CODE        2
                text36                         001D1D  000011  001D2E      3A3A       0  CODE        2
                text35                         001D2E  000011  001D3F      3A5C       0  CODE        2
                text16                         001D3F  000011  001D50      3A7E       0  CODE        2
                text100                        001D50  000012  001D62      3AA0       0  CODE        2
                text44                         001D62  000012  001D74      3AC4       0  CODE        2
                text6                          001D74  000012  001D86      3AE8       0  CODE        2
                text34                         001D86  000013  001D99      3B0C       0  CODE        2
                text25                         001D99  000013  001DAC      3B32       0  CODE        2
                text122                        001DAC  000014  001DC0      3B58       0  CODE        2
                text14                         001DC0  000014  001DD4      3B80       0  CODE        2
                text121                        001DD4  000015  001DE9      3BA8       0  CODE        2
                text109                        001DE9  000015  001DFE      3BD2       0  CODE        2
                text41                         001DFE  000017  001E15      3BFC       0  CODE        2
                text47                         001E15  000018  001E2D      3C2A       0  CODE        2
                text119                        001E2D  000019  001E46      3C5A       0  CODE        2
                text70                         001E46  00001A  001E60      3C8C       0  CODE        2
                text58                         001E60  00001C  001E7C      3CC0       0  CODE        2
                text113                        001E7C  00001F  001E9B      3CF8       0  CODE        2
                text5                          001E9B  000020  001EBB      3D36       0  CODE        2
                idataBANK4                     001EBB  000020  001EDB      3D76       0  CODE        2
                text114                        001EDB  000021  001EFC      3DB6       0  CODE        2
                text84                         001EFC  000022  001F1E      3DF8       0  CODE        2
                text40                         001F1E  000022  001F40      3E3C       0  CODE        2
                text31                         001F40  000024  001F64      3E80       0  CODE        2
                text126                        001F64  000025  001F89      3EC8       0  CODE        2
                text116                        001F89  000026  001FAF      3F12       0  CODE        2
                text93                         001FAF  000027  001FD6      3F5E       0  CODE        2
                text112                        001FD6  00002A  002000      3FAC       0  CODE        2
                config                         008007  000002  008009     1000E       0  CONFIG      2


UNUSED ADDRESS RANGES

        Name                Unused          Largest block    Delta
        BANK10           00520-0056F              50           1
        BANK11           005A0-005EF              50           1
        BANK12           00620-0064F              30           1
        BANK2            0016F-0016F               1           1
        BANK3            001E8-001EF               8           1
        BANK4            00240-0026F              30           1
        BANK5            002A0-002EF              50           1
        BANK6            00320-0036F              50           1
        BANK7            003A0-003EF              50           1
        BANK8            00420-0046F              50           1
        BANK9            004A0-004EF              50           1
        BIGRAM           02000-023EF             3F0           1
        CODE             01800-01B6A             36B           2
                         02000-03FFF             800
        CONST            01800-01B6A             100           2
                         02000-03FFF             100
        ENTRY            01800-01B6A             100           2
                         02000-03FFF             100
        IDLOC            08000-08003               4           2
        RAM              0016F-0016F               1           1
                         001E8-001EF               8
                         00240-0026F              30
                         002A0-002EF              50
                         00320-0036F              50
                         003A0-003EF              50
                         00420-0046F              50
                         004A0-004EF              50
                         00520-0056F              50
                         005A0-005EF              50
                         00620-0064F              30
        SFR0             00000-0001F              20           1
        SFR1             00080-0009F              20           1
        SFR10            00500-0051F              20           1
        SFR11            00580-0059F              20           1
        SFR12            00600-0061F              20           1
        SFR13            00680-006EF              70           1
        SFR14            00700-0076F              70           1
        SFR15            00780-007EF              70           1
        SFR16            00800-0086F              70           1
        SFR17            00880-008EF              70           1
        SFR18            00900-0096F              70           1
        SFR19            00980-009EF              70           1
        SFR2             00100-0011F              20           1
        SFR20            00A00-00A6F              70           1
        SFR21            00A80-00AEF              70           1
        SFR22            00B00-00B6F              70           1
        SFR23            00B80-00BEF              70           1
        SFR24            00C00-00C6F              70           1
        SFR25            00C80-00CEF              70           1
        SFR26            00D00-00D6F              70           1
        SFR27            00D80-00DEF              70           1
        SFR28            00E00-00E6F              70           1
        SFR29            00E80-00EEF              70           1
        SFR3             00180-0019F              20           1
        SFR30            00F00-00F6F              70           1
        SFR31            00F80-00FEF              70           1
        SFR4             00200-0021F              20           1
        SFR5             00280-0029F              20           1
        SFR6             00300-0031F              20           1
        SFR7             00380-0039F              20           1
        SFR8             00400-0041F              20           1
        SFR9             00480-0049F              20           1
        STACK            02160-0231F             1C0           1
        STRCODE          01800-01B6A             36B           2
                         02000-03FFF            2000
        STRING           01800-01B6A             100           2
                         02000-03FFF             100

                                  Symbol Table

?___awdiv                                cstackBANK0  00020
?___awtoft                               cstackBANK0  00028
?___ftadd                                cstackBANK0  00041
?___ftdiv                                cstackBANK0  0002E
?___ftmul                                cstackBANK0  0002E
?___ftneg                                cstackBANK0  0003E
?___ftpack                               cstackBANK0  00020
?___fttol                                cstackBANK0  0004E
?___lwdiv                                cstackBANK0  00020
?_getAD                                  cstackBANK0  00020
?_getBuz_GO                              cstackBANK0  00020
CC2500_InitPATable@loop_d                cstackBANK0  00027
CC2500_InitPATable@temp                  cstackBANK0  00026
CC2500_InitSetREG@loop_c                 cstackBANK0  00028
CC2500_InitSetREG@temp1                  cstackBANK0  00026
CC2500_InitSetREG@temp2                  cstackBANK0  00027
CC2500_ReadByte@loop_b                   cstackBANK0  00021
CC2500_ReadStatus@status_addr            cstackBANK0  00023
CC2500_RxData@loop_f                     cstackBANK0  00025
CC2500_TxData@loop_e                     cstackBANK0  00025
CC2500_WriteByte@loop_a                  cstackBANK0  00021
CC2500_WriteCommand@command              cstackBANK0  00023
CC2500_WriteREG@value                    cstackBANK0  00022
CC2500_WriteREG@w_addr                   cstackBANK0  00024
DelayOffPointSelect@sw                   cstackBANK0  00021
DelayTime_1us@count                      cstackBANK0  00020
DelayTime_1us@i                          cstackBANK0  00022
DelayTime_1us@j                          cstackBANK0  00024
DelayTimejudge@i                         cstackBANK0  00026
DelayTimejudge@j                         cstackBANK0  00027
DelayTimejudge@k                         cstackBANK0  00028
DelayTimejudge@value                     cstackBANK0  00029
DimmerIntrIOCPointSelect@lights          cstackCOMMON 00071
DimmerIntrPointSelect@lights             cstackCOMMON 00071
DimmerLightsPointSelect@lights           cstackBANK0  00021
DlyOff_Initialization@sw                 cstackBANK0  00022
DlyOff_Main@sw                           cstackBANK0  00038
Exception_Main@count                     cstackBANK0  00032
Exception_Main@error                     cstackBANK0  00033
Exception_Main@i                         cstackBANK0  00035
Exception_Main@lights                    cstackBANK0  00034
Flash_Memory_Initialization@i            cstackBANK0  00063
Flash_Memory_Modify@i                    cstackBANK0  00025
Flash_Memory_Read@address                cstackBANK0  00022
Flash_Memory_Read@i                      cstackBANK0  00021
Flash_Memory_Read@ret                    cstackBANK0  00023
Flash_Memory_Write@i                     cstackBANK0  00021
LedPointSelect@led                       cstackBANK0  00021
Load_Main@adjgo                          cstackBANK0  0002D
Load_Main@error                          cstackBANK0  0002F
Load_Main@i                              cstackBANK0  00030
Load_Main@j                              cstackBANK0  0002B
Load_Main@sw                             cstackBANK0  0002C
SwPointSelect@sw                         cstackBANK0  00021
_ADCON0                                  (abs)        0009D
_ADCON1                                  (abs)        0009E
_ADC_Set                                 text50       01BBE
_ADRESH                                  (abs)        0009C
_ADRESL                                  (abs)        0009B
_ANSELA                                  (abs)        0018C
_ANSELB                                  (abs)        0018D
_ANSELC                                  (abs)        0018E
_Buz1                                    bssBANK1     000AE
_Buzzer_Initialization                   text124      01B6B
_Buzzer_Main                             text123      0144D
_CC2500_ClearRXFIFO                      text118      01B7E
_CC2500_ClearTXFIFO                      text117      01B82
_CC2500_FrequencyCabr                    text115      01C63
_CC2500_InitPATable                      text113      01E7C
_CC2500_InitSetREG                       text112      01FD6
_CC2500_PowerOnInitial                   text109      01DE9
_CC2500_PowerRST                         text111      013C3
_CC2500_ReadByte                         text41       01DFE
_CC2500_ReadStatus                       text40       01F1E
_CC2500_RxData                           text39       00ABB
_CC2500_SIDLEMode                        text110      01B86
_CC2500_TxData                           text38       0092D
_CC2500_WriteByte                        text122      01DAC
_CC2500_WriteCommand                     text119      01E2D
_CC2500_WriteREG                         text114      01EDB
_CC2500_patable_vaule                    stringtext   0105E
_CC2500_registers_address                stringtext   01000
_CC2500_rfSettings                       stringtext   0102F
_CFGS                                    (abs)        00CAE
_CRC                                     bssBANK1     000CD
_DelayOff                                bssCOMMON    00078
_DelayOffPointSelect                     text108      01C16
_DelayOff_Initialization                 text106      01B8A
_DelayOff_Main                           text94       01B8E
_DelayTime_1us                           text116      01F89
_DelayTimejudge                          text99       01073
_Dimmer                                  bssBANK1     000C6
_DimmerIntrIOCPointSelect                text132      01C0B
_DimmerIntrPointSelect                   text128      01BF7
_DimmerLights                            bssBANK0     0006F
_DimmerLights1                           bssBANK3     001C5
_DimmerLights11                          bssBANK1     000CE
_DimmerLightsIntr                        bssCOMMON    00079
_DimmerLightsIntrIOC                     bssBANK1     000CF
_DimmerLightsPointSelect                 text103      01C21
_DimmerLights_Initialization             text92       01C01
_DimmerLights_Main                       text73       010F7
_DimmerLights_Main$2139                  cstackBANK0  00069
_DlyOff_Initialization                   text107      01BAC
_DlyOff_Main                             text95       0080F
_DlySw1                                  bssBANK3     001DF
_Exception_Main                          text71       00DEC
_FREE                                    (abs)        00CAC
_FVRCON                                  (abs)        00117
_Flash_Memory_Erasing                    text65       01C87
_Flash_Memory_Initialization             text66       00650
_Flash_Memory_Main                       text63       01228
_Flash_Memory_Modify                     text64       01497
_Flash_Memory_Read                       text70       01E46
_Flash_Memory_Unlock                     text69       01BE5
_Flash_Memory_Write                      text68       010C8
_Fosc_Set                                text49       01B9E
_GIE                                     (abs)        0005F
_GO_nDONE                                (abs)        004E9
_IOCBF                                   (abs)        00396
_IOCBF2                                  (abs)        01CB2
_IOCBN                                   (abs)        00395
_IOCBP                                   (abs)        00394
_IOCIE                                   (abs)        0005B
_IOCIF                                   (abs)        00058
_IOC_ISR                                 text129      01CAD
_IOC_Set                                 text48       01C93
_IO_Set                                  text47       01E15
_ISR                                     intentry     00004
_LATA                                    (abs)        0010C
_LATB                                    (abs)        0010D
_LATC                                    (abs)        0010E
_LED                                     bssCOMMON    0007A
_LED_Initialization                      text61       01B92
_LED_Main                                text59       01B96
_LWLO                                    (abs)        00CAD
_LedPointSelect                          text87       01C2C
_Load                                    bssBANK2     00141
_Load_Initialization                     text57       01BA7
_Load_Main                               text51       00043
_Load_Main$3733                          cstackBANK0  0002E
_Mcu_Initialization                      text44       01D62
_Memory                                  bssBANK3     001A0
_OSCCON                                  (abs)        00099
_PEIE                                    (abs)        0005E
_PMADRH                                  (abs)        00192
_PMADRL                                  (abs)        00191
_PMCON2                                  (abs)        00196
_PMDATH                                  (abs)        00194
_PMDATL                                  (abs)        00193
_PORTA                                   (abs)        0000C
_PORTB                                   (abs)        0000D
_PORTC                                   (abs)        0000E
_RA0                                     (abs)        00060
_RA4                                     (abs)        00064
_RA6                                     (abs)        00066
_RA7                                     (abs)        00067
_RB0                                     (abs)        00068
_RB1                                     (abs)        00069
_RB2                                     (abs)        0006A
_RB3                                     (abs)        0006B
_RB5                                     (abs)        0006D
_RC0                                     (abs)        00070
_RC1                                     (abs)        00071
_RC3                                     (abs)        00073
_RC4                                     (abs)        00074
_RC5                                     (abs)        00075
_RD                                      (abs)        00CA8
_RF1                                     bssBANK1     000BA
_RF_Count                                bssBANK1     000C9
_RF_Data                                 bssBANK2     00120
_RF_Initialization                       text42       01B6E
_RF_Main                                 text21       01B71
_RF_RxDisable                            text37       01CBC
_RSSI                                    bssBANK1     000D0
_Receive_OK                              bitbssCOMMON 003E8
_Rx_Length                               bssBANK1     000D1
_SPI0Buffer                              bssCOMMON    0007B
_Sw                                      bssCOMMON    0007C
_Sw1                                     bssBANK3     001D6
_SwDetect                                bssBANK1     000D2
_SwPointSelect                           text17       01C58
_Switch_Initialization                   text18       01BEE
_Switch_Main                             text12       01BC5
_T1CON                                   (abs)        00018
_TMR1H                                   (abs)        00017
_TMR1IE                                  (abs)        00488
_TMR1IF                                  (abs)        00088
_TMR1L                                   (abs)        00016
_TMR1_ISR                                text126      01F64
_TMR1_Set                                text46       01067
_TRISA                                   (abs)        0008C
_TRISB                                   (abs)        0008D
_TRISC                                   (abs)        0008E
_Temp                                    bssBANK1     000D7
_Temp_Initialization                     text10       01B74
_Temp_Main                               text8        01B77
_Timeout_Counter                         text121      01DD4
_Timer1                                  bssBANK2     0013E
_TouchPower                              text20       007EB
_Transceive_OK                           bitbssCOMMON 003E9
_Tx_Length                               bssBANK1     000D3
_VarErrLED                               bssBANK3     001E4
_WDT                                     bssBANK1     000CB
_WDTCON                                  (abs)        00097
_WDT_Clearing                            text7        00002
_WDT_Main                                text6        01D74
_WDT_Set                                 text45       01C42
_WPUB1                                   (abs)        01069
_WPUB2                                   (abs)        0106A
_WR                                      (abs)        00CA9
_WREN                                    (abs)        00CAA
__CFG_BOREN$OFF                          (abs)        00000
__CFG_FOSC$INTOSC                        (abs)        00000
__CFG_VCAPEN$OFF                         (abs)        00000
__CFG_WDTE$ON                            (abs)        00000
__CFG_WRT$HALF                           (abs)        00000
__Habs1                                  abs1         00000
__Hbank0                                 bank0        00000
__Hbank1                                 bank1        00000
__Hbank10                                bank10       00000
__Hbank11                                bank11       00000
__Hbank12                                bank12       00000
__Hbank13                                bank13       00000
__Hbank14                                bank14       00000
__Hbank15                                bank15       00000
__Hbank16                                bank16       00000
__Hbank17                                bank17       00000
__Hbank18                                bank18       00000
__Hbank19                                bank19       00000
__Hbank2                                 bank2        00000
__Hbank20                                bank20       00000
__Hbank21                                bank21       00000
__Hbank22                                bank22       00000
__Hbank23                                bank23       00000
__Hbank24                                bank24       00000
__Hbank25                                bank25       00000
__Hbank26                                bank26       00000
__Hbank27                                bank27       00000
__Hbank28                                bank28       00000
__Hbank29                                bank29       00000
__Hbank3                                 bank3        00000
__Hbank30                                bank30       00000
__Hbank31                                bank31       00000
__Hbank4                                 bank4        00000
__Hbank5                                 bank5        00000
__Hbank6                                 bank6        00000
__Hbank7                                 bank7        00000
__Hbank8                                 bank8        00000
__Hbank9                                 bank9        00000
__Hbigram                                bigram       00000
__HbitbssCOMMON                          bitbssCOMMON 00000
__HbssBANK0                              bssBANK0     00000
__HbssBANK1                              bssBANK1     00000
__HbssBANK2                              bssBANK2     00000
__HbssBANK3                              bssBANK3     00000
__HbssCOMMON                             bssCOMMON    00000
__Hcinit                                 cinit        00043
__Hclrtext                               clrtext      00000
__Hcode                                  code         00000
__Hcommon                                common       00000
__Hconfig                                config       08009
__HcstackBANK0                           cstackBANK0  00000
__HcstackBANK1                           cstackBANK1  00000
__HcstackCOMMON                          cstackCOMMON 00000
__HdataBANK4                             dataBANK4    00000
__Heeprom_data                           eeprom_data  00000
__Hend_init                              end_init     00015
__Hfunctab                               functab      00000
__HidataBANK4                            idataBANK4   00000
__Hidloc                                 idloc        00000
__Hinit                                  init         00013
__Hinittext                              inittext     00000
__Hintentry                              intentry     00013
__Hmaintext                              maintext     00000
__HnvBANK0                               nvBANK0      00000
__Hpowerup                               powerup      00000
__Hram                                   ram          00000
__Hreset_vec                             reset_vec    00002
__Hsfr0                                  sfr0         00000
__Hsfr1                                  sfr1         00000
__Hsfr10                                 sfr10        00000
__Hsfr11                                 sfr11        00000
__Hsfr12                                 sfr12        00000
__Hsfr13                                 sfr13        00000
__Hsfr14                                 sfr14        00000
__Hsfr15                                 sfr15        00000
__Hsfr16                                 sfr16        00000
__Hsfr17                                 sfr17        00000
__Hsfr18                                 sfr18        00000
__Hsfr19                                 sfr19        00000
__Hsfr2                                  sfr2         00000
__Hsfr20                                 sfr20        00000
__Hsfr21                                 sfr21        00000
__Hsfr22                                 sfr22        00000
__Hsfr23                                 sfr23        00000
__Hsfr24                                 sfr24        00000
__Hsfr25                                 sfr25        00000
__Hsfr26                                 sfr26        00000
__Hsfr27                                 sfr27        00000
__Hsfr28                                 sfr28        00000
__Hsfr29                                 sfr29        00000
__Hsfr3                                  sfr3         00000
__Hsfr30                                 sfr30        00000
__Hsfr31                                 sfr31        00000
__Hsfr4                                  sfr4         00000
__Hsfr5                                  sfr5         00000
__Hsfr6                                  sfr6         00000
__Hsfr7                                  sfr7         00000
__Hsfr8                                  sfr8         00000
__Hsfr9                                  sfr9         00000
__Hspace_0                               (abs)        08009
__Hspace_1                               (abs)        003EA
__Hspace_2                               (abs)        00000
__Hspace_3                               (abs)        00000
__Hstack                                 stack        00000
__Hstrings                               strings      00000
__Hstringtext                            stringtext   00000
__Htext                                  text         00000
__Labs1                                  abs1         00000
__Lbank0                                 bank0        00000
__Lbank1                                 bank1        00000
__Lbank10                                bank10       00000
__Lbank11                                bank11       00000
__Lbank12                                bank12       00000
__Lbank13                                bank13       00000
__Lbank14                                bank14       00000
__Lbank15                                bank15       00000
__Lbank16                                bank16       00000
__Lbank17                                bank17       00000
__Lbank18                                bank18       00000
__Lbank19                                bank19       00000
__Lbank2                                 bank2        00000
__Lbank20                                bank20       00000
__Lbank21                                bank21       00000
__Lbank22                                bank22       00000
__Lbank23                                bank23       00000
__Lbank24                                bank24       00000
__Lbank25                                bank25       00000
__Lbank26                                bank26       00000
__Lbank27                                bank27       00000
__Lbank28                                bank28       00000
__Lbank29                                bank29       00000
__Lbank3                                 bank3        00000
__Lbank30                                bank30       00000
__Lbank31                                bank31       00000
__Lbank4                                 bank4        00000
__Lbank5                                 bank5        00000
__Lbank6                                 bank6        00000
__Lbank7                                 bank7        00000
__Lbank8                                 bank8        00000
__Lbank9                                 bank9        00000
__Lbigram                                bigram       00000
__LbitbssCOMMON                          bitbssCOMMON 00000
__LbssBANK0                              bssBANK0     00000
__LbssBANK1                              bssBANK1     00000
__LbssBANK2                              bssBANK2     00000
__LbssBANK3                              bssBANK3     00000
__LbssCOMMON                             bssCOMMON    00000
__Lcinit                                 cinit        00015
__Lclrtext                               clrtext      00000
__Lcode                                  code         00000
__Lcommon                                common       00000
__Lconfig                                config       08007
__LcstackBANK0                           cstackBANK0  00000
__LcstackBANK1                           cstackBANK1  00000
__LcstackCOMMON                          cstackCOMMON 00000
__LdataBANK4                             dataBANK4    00000
__Leeprom_data                           eeprom_data  00000
__Lend_init                              end_init     00013
__Lfunctab                               functab      00000
__LidataBANK4                            idataBANK4   00000
__Lidloc                                 idloc        00000
__Linit                                  init         00013
__Linittext                              inittext     00000
__Lintentry                              intentry     00004
__Lmaintext                              maintext     00000
__LnvBANK0                               nvBANK0      00000
__Lpowerup                               powerup      00000
__Lram                                   ram          00000
__Lreset_vec                             reset_vec    00000
__Lsfr0                                  sfr0         00000
__Lsfr1                                  sfr1         00000
__Lsfr10                                 sfr10        00000
__Lsfr11                                 sfr11        00000
__Lsfr12                                 sfr12        00000
__Lsfr13                                 sfr13        00000
__Lsfr14                                 sfr14        00000
__Lsfr15                                 sfr15        00000
__Lsfr16                                 sfr16        00000
__Lsfr17                                 sfr17        00000
__Lsfr18                                 sfr18        00000
__Lsfr19                                 sfr19        00000
__Lsfr2                                  sfr2         00000
__Lsfr20                                 sfr20        00000
__Lsfr21                                 sfr21        00000
__Lsfr22                                 sfr22        00000
__Lsfr23                                 sfr23        00000
__Lsfr24                                 sfr24        00000
__Lsfr25                                 sfr25        00000
__Lsfr26                                 sfr26        00000
__Lsfr27                                 sfr27        00000
__Lsfr28                                 sfr28        00000
__Lsfr29                                 sfr29        00000
__Lsfr3                                  sfr3         00000
__Lsfr30                                 sfr30        00000
__Lsfr31                                 sfr31        00000
__Lsfr4                                  sfr4         00000
__Lsfr5                                  sfr5         00000
__Lsfr6                                  sfr6         00000
__Lsfr7                                  sfr7         00000
__Lsfr8                                  sfr8         00000
__Lsfr9                                  sfr9         00000
__Lspace_0                               (abs)        00000
__Lspace_1                               (abs)        00000
__Lspace_2                               (abs)        00000
__Lspace_3                               (abs)        00000
__Lstack                                 stack        00000
__Lstrings                               strings      00000
__Lstringtext                            stringtext   00000
__Ltext                                  text         00000
__S0                                     (abs)        08009
__S1                                     (abs)        00240
__S2                                     (abs)        00000
___awdiv                                 text105      01534
___awdiv@counter                         cstackBANK0  00025
___awdiv@dividend                        cstackBANK0  00022
___awdiv@divisor                         cstackBANK0  00020
___awdiv@quotient                        cstackBANK0  00027
___awdiv@sign                            cstackBANK0  00026
___awtoft                                text84       01EFC
___awtoft@c                              cstackBANK0  00028
___awtoft@sign                           cstackBANK0  0002D
___bmul                                  text100      01D50
___bmul@multiplicand                     cstackBANK0  00020
___bmul@multiplier                       cstackBANK0  00023
___bmul@product                          cstackBANK0  00022
___ftadd                                 text83       0047B
___ftadd@exp1                            cstackBANK0  0004D
___ftadd@exp2                            cstackBANK0  0004C
___ftadd@f1                              cstackBANK0  00041
___ftadd@f2                              cstackBANK0  00044
___ftadd@sign                            cstackBANK0  0004B
___ftdiv                                 text82       00D43
___ftdiv@cntr                            cstackBANK0  00038
___ftdiv@exp                             cstackBANK0  0003C
___ftdiv@f1                              cstackBANK0  00031
___ftdiv@f2                              cstackBANK0  0002E
___ftdiv@f3                              cstackBANK0  00039
___ftdiv@sign                            cstackBANK0  0003D
___ftmul                                 text33       00F4C
___ftmul@cntr                            cstackBANK0  0003C
___ftmul@exp                             cstackBANK0  00038
___ftmul@f1                              cstackBANK0  0002E
___ftmul@f2                              cstackBANK0  00031
___ftmul@f3_as_product                   cstackBANK0  00039
___ftmul@sign                            cstackBANK0  0003D
___ftneg                                 text81       01BDC
___ftneg@f1                              cstackBANK0  0003E
___ftpack                                text85       008CC
___ftpack@arg                            cstackBANK0  00020
___ftpack@exp                            cstackBANK0  00023
___ftpack@sign                           cstackBANK0  00024
___fttol                                 text80       00C2C
___fttol@exp1                            cstackBANK0  0005B
___fttol@f1                              cstackBANK0  0004E
___fttol@lval                            cstackBANK0  00057
___fttol@sign1                           cstackBANK0  00056
___int_sp                                stack        00000
___latbits                               (abs)        00003
___lwdiv                                 text56       01294
___lwdiv@counter                         cstackBANK0  00027
___lwdiv@dividend                        cstackBANK0  00022
___lwdiv@divisor                         cstackBANK0  00020
___lwdiv@quotient                        cstackBANK0  00025
___sp                                    stack        00000
__end_of_ADC_Set                         text50       01BC5
__end_of_Buzzer_Initialization           text124      01B6E
__end_of_Buzzer_Main                     text123      01497
__end_of_CC2500_ClearRXFIFO              text118      01B82
__end_of_CC2500_ClearTXFIFO              text117      01B86
__end_of_CC2500_FrequencyCabr            text115      01C6F
__end_of_CC2500_InitPATable              text113      01E9B
__end_of_CC2500_InitSetREG               text112      02000
__end_of_CC2500_PowerOnInitial           text109      01DFE
__end_of_CC2500_PowerRST                 text111      01406
__end_of_CC2500_ReadByte                 text41       01E15
__end_of_CC2500_ReadStatus               text40       01F40
__end_of_CC2500_RxData                   text39       00B25
__end_of_CC2500_SIDLEMode                text110      01B8A
__end_of_CC2500_TxData                   text38       0098E
__end_of_CC2500_WriteByte                text122      01DC0
__end_of_CC2500_WriteCommand             text119      01E46
__end_of_CC2500_WriteREG                 text114      01EFC
__end_of_CC2500_patable_vaule            stringtext   01066
__end_of_CC2500_registers_address        stringtext   0102F
[...]
      Temps:          0       0       0       0       0       0       0       0       0       0       0       0       0       0
      Totals:         0       0       0       0       0       0       0       0       0       0       0       0       0       0
Total ram usage:        0 bytes
 Hardware stack levels used:    1
 Hardware stack levels required when called:    5
 This function calls:
		Nothing
 This function is called by:
		_main
 This function uses a non-reentrant model


 *************** function _ISR *****************
 Defined at:
		line 107 in file "../src/MCU_B1.c"
 Parameters:    Size  Location     Type
		None
 Auto vars:     Size  Location     Type
		None
 Return value:  Size  Location     Type
		None               void
 Registers used:
		wreg, fsr0l, fsr0h, fsr1l, fsr1h, status,2, status,0, pclath, cstack
 Tracked objects:
		On entry : 
		On exit  : 
		Unchanged: 
 Data sizes:     COMMON   BANK0   BANK1   BANK2   BANK3   BANK4   BANK5   BANK6   BANK7   BANK8   BANK9  BANK10  BANK11  BANK12
      Params:         0       0       0       0       0       0       0       0       0       0       0       0       0       0
      Locals:         0       0       0       0       0       0       0       0       0       0       0       0       0       0
      Temps:          1       0       0       0       0       0       0       0       0       0       0       0       0       0
      Totals:         1       0       0       0       0       0       0       0       0       0       0       0       0       0
Total ram usage:        1 bytes
 Hardware stack levels used:    1
 Hardware stack levels required when called:    4
 This function calls:
		_IOC_ISR
		_TMR1_ISR
 This function is called by:
		Interrupt level 1
 This function uses a non-reentrant model


 *************** function _TMR1_ISR *****************
 Defined at:
		line 209 in file "../src/MCU_B1.c"
 Parameters:    Size  Location     Type
		None
 Auto vars:     Size  Location     Type
		None
 Return value:  Size  Location     Type
		None               void
 Registers used:
		wreg, fsr0l, fsr0h, fsr1l, fsr1h, status,2, status,0, pclath, cstack
 Tracked objects:
		On entry : 
		On exit  : 
		Unchanged: 
 Data sizes:     COMMON   BANK0   BANK1   BANK2   BANK3   BANK4   BANK5   BANK6   BANK7   BANK8   BANK9  BANK10  BANK11  BANK12
      Params:         0       0       0       0       0       0       0       0       0       0       0       0       0       0
      Locals:         0       0       0       0       0       0       0       0       0       0       0       0       0       0
      Temps:          0       0       0       0       0       0       0       0       0       0       0       0       0       0
      Totals:         0       0       0       0       0       0       0       0       0       0       0       0       0       0
Total ram usage:        0 bytes
 Hardware stack levels used:    1
 Hardware stack levels required when called:    2
 This function calls:
		_setDimmerLights_IntrControl
 This function is called by:
		_ISR
 This function uses a non-reentrant model


 *************** function _setDimmerLights_IntrControl *****************
 Defined at:
		line 94 in file "../src/Dimmer_B1.c"
 Parameters:    Size  Location     Type
  lights          1    wreg     unsigned char 
 Auto vars:     Size  Location     Type
  lights          1    6[COMMON] unsigned char 
 Return value:  Size  Location     Type
		None               void
 Registers used:
		wreg, fsr0l, fsr0h, fsr1l, fsr1h, status,2, status,0, pclath, cstack
 Tracked objects:
		On entry : 
		On exit  : 
		Unchanged: 
 Data sizes:     COMMON   BANK0   BANK1   BANK2   BANK3   BANK4   BANK5   BANK6   BANK7   BANK8   BANK9  BANK10  BANK11  BANK12
      Params:         0       0       0       0       0       0       0       0       0       0       0       0       0       0
      Locals:         1       0       0       0       0       0       0       0       0       0       0       0       0       0
      Temps:          4       0       0       0       0       0       0       0       0       0       0       0       0       0
      Totals:         5       0       0       0       0       0       0       0       0       0       0       0       0       0
Total ram usage:        5 bytes
 Hardware stack levels used:    1
 Hardware stack levels required when called:    1
 This function calls:
		_DimmerIntrPointSelect
 This function is called by:
		_TMR1_ISR
 This function uses a non-reentrant model


 *************** function _DimmerIntrPointSelect *****************
 Defined at:
		line 72 in file "../src/Dimmer_B1.c"
 Parameters:    Size  Location     Type
  lights          1    wreg     unsigned char 
 Auto vars:     Size  Location     Type
  lights          1    1[COMMON] unsigned char 
 Return value:  Size  Location     Type
		None               void
 Registers used:
		wreg
 Tracked objects:
		On entry : 
		On exit  : 
		Unchanged: 
 Data sizes:     COMMON   BANK0   BANK1   BANK2   BANK3   BANK4   BANK5   BANK6   BANK7   BANK8   BANK9  BANK10  BANK11  BANK12
      Params:         0       0       0       0       0       0       0       0       0       0       0       0       0       0
      Locals:         1       0       0       0       0       0       0       0       0       0       0       0       0       0
      Temps:          1       0       0       0       0       0       0       0       0       0       0       0       0       0
      Totals:         2       0       0       0       0       0       0       0       0       0       0       0       0       0
Total ram usage:        2 bytes
 Hardware stack levels used:    1
 This function calls:
		Nothing
 This function is called by:
		_setDimmerLights_IntrControl
 This function uses a non-reentrant model


 *************** function _IOC_ISR *****************
 Defined at:
		line 400 in file "../src/MCU_B1.c"
 Parameters:    Size  Location     Type
		None
 Auto vars:     Size  Location     Type
		None
 Return value:  Size  Location     Type
		None               void
 Registers used:
		wreg, fsr1l, fsr1h, status,2, status,0, pclath, cstack
 Tracked objects:
		On entry : 
		On exit  : 
		Unchanged: 
 Data sizes:     COMMON   BANK0   BANK1   BANK2   BANK3   BANK4   BANK5   BANK6   BANK7   BANK8   BANK9  BANK10  BANK11  BANK12
      Params:         0       0       0       0       0       0       0       0       0       0       0       0       0       0
      Locals:         0       0       0       0       0       0       0       0       0       0       0       0       0       0
      Temps:          0       0       0       0       0       0       0       0       0       0       0       0       0       0
      Totals:         0       0       0       0       0       0       0       0       0       0       0       0       0       0
Total ram usage:        0 bytes
 Hardware stack levels used:    1
 Hardware stack levels required when called:    3
 This function calls:
		_setDimmerReClock
 This function is called by:
		_ISR
 This function uses a non-reentrant model


 *************** function _setDimmerReClock *****************
 Defined at:
		line 243 in file "../src/MCU_B1.c"
 Parameters:    Size  Location     Type
		None
 Auto vars:     Size  Location     Type
		None
 Return value:  Size  Location     Type
		None               void
 Registers used:
		wreg, fsr1l, fsr1h, status,2, status,0, pclath, cstack
 Tracked objects:
		On entry : 
		On exit  : 
		Unchanged: 
 Data sizes:     COMMON   BANK0   BANK1   BANK2   BANK3   BANK4   BANK5   BANK6   BANK7   BANK8   BANK9  BANK10  BANK11  BANK12
      Params:         0       0       0       0       0       0       0       0       0       0       0       0       0       0
      Locals:         0       0       0       0       0       0       0       0       0       0       0       0       0       0
      Temps:          0       0       0       0       0       0       0       0       0       0       0       0       0       0
      Totals:         0       0       0       0       0       0       0       0       0       0       0       0       0       0
Total ram usage:        0 bytes
 Hardware stack levels used:    1
 Hardware stack levels required when called:    2
 This function calls:
		_setDimmerLights_IntrIOC_GO
 This function is called by:
		_IOC_ISR
 This function uses a non-reentrant model


 *************** function _setDimmerLights_IntrIOC_GO *****************
 Defined at:
		line 28 in file "../src/Dimmer_B1.c"
 Parameters:    Size  Location     Type
  lights          1    wreg     unsigned char 
 Auto vars:     Size  Location     Type
  lights          1    2[COMMON] unsigned char 
 Return value:  Size  Location     Type
		None               void
 Registers used:
		wreg, fsr1l, fsr1h, status,2, status,0, pclath, cstack
 Tracked objects:
		On entry : 
		On exit  : 
		Unchanged: 
 Data sizes:     COMMON   BANK0   BANK1   BANK2   BANK3   BANK4   BANK5   BANK6   BANK7   BANK8   BANK9  BANK10  BANK11  BANK12
      Params:         0       0       0       0       0       0       0       0       0       0       0       0       0       0
      Locals:         1       0       0       0       0       0       0       0       0       0       0       0       0       0
      Temps:          0       0       0       0       0       0       0       0       0       0       0       0       0       0
      Totals:         1       0       0       0       0       0       0       0       0       0       0       0       0       0
Total ram usage:        1 bytes
 Hardware stack levels used:    1
 Hardware stack levels required when called:    1
 This function calls:
		_DimmerIntrIOCPointSelect
 This function is called by:
		_setDimmerReClock
 This function uses a non-reentrant model


 *************** function _DimmerIntrIOCPointSelect *****************
 Defined at:
		line 8 in file "../src/Dimmer_B1.c"
 Parameters:    Size  Location     Type
  lights          1    wreg     unsigned char 
 Auto vars:     Size  Location     Type
  lights          1    1[COMMON] unsigned char 
 Return value:  Size  Location     Type
		None               void
 Registers used:
		wreg
 Tracked objects:
		On entry : 
		On exit  : 
		Unchanged: 
 Data sizes:     COMMON   BANK0   BANK1   BANK2   BANK3   BANK4   BANK5   BANK6   BANK7   BANK8   BANK9  BANK10  BANK11  BANK12
      Params:         0       0       0       0       0       0       0       0       0       0       0       0       0       0
      Locals:         1       0       0       0       0       0       0       0       0       0       0       0       0       0
      Temps:          1       0       0       0       0       0       0       0       0       0       0       0       0       0
      Totals:         2       0       0       0       0       0       0       0       0       0       0       0       0       0
Total ram usage:        2 bytes
 Hardware stack levels used:    1
 This function calls:
		Nothing
 This function is called by:
		_setDimmerLights_IntrIOC_GO
 This function uses a non-reentrant model



MODULE INFORMATION

Module		Function		Class		Link	Load	Size
C:\Program Files (x86)\Microchip\xc8\v1.32\sources\common\float.c
		___ftpack      		CODE           	08CC	0000	97

C:\Program Files (x86)\Microchip\xc8\v1.32\sources\common\float.c estimated size: 97

../src/OverLoad_B1.c
		_getLoad_AD    		CODE           	0B25	0000	129
		_getLoad_OK    		CODE           	1BCC	0000	8
		_Load_Initializ		CODE           	1BA7	0000	5
		_Load_Main     		CODE           	0043	0000	385
		_setLoad_AH_AL_		CODE           	1E60	0000	28

../src/OverLoad_B1.c estimated size: 555

C:\Program Files (x86)\Microchip\xc8\v1.32\sources\common\awtoft.c
		___awtoft      		CODE           	1EFC	0000	34

C:\Program Files (x86)\Microchip\xc8\v1.32\sources\common\awtoft.c estimated size: 34

../src/MCU_B1.c
		_Fosc_Set      		CODE           	1B9E	0000	4
		_IO_Set        		CODE           	1E15	0000	24
		_WDT_Set       		CODE           	1C42	0000	11
		_WDT_Main      		CODE           	1D74	0000	18
		_ADC_Set       		CODE           	1BBE	0000	7
		_IOC_ISR       		CODE           	1CAD	0000	15
		_ISR           		CODE           	0004	0000	15
		_Flash_Memory_W		CODE           	10C8	0000	47
		_Flash_Memory_M		CODE           	1497	0000	78
		_IOC_Set       		CODE           	1C93	0000	12
		_WDT_Clearing  		CODE           	0002	0000	2
		_setMemory_Modi		CODE           	1D86	0000	19
		_Mcu_Initializa		CODE           	1D62	0000	18
		_setMemory_Data		CODE           	1C7B	0000	12
		_Flash_Memory_I		CODE           	0650	0000	220
		_getAD         		CODE           	1E9B	0000	32
		_TMR1_Set      		CODE           	1067	0000	12
		_setMemory_Loop		CODE           	1D99	0000	19
		_Flash_Memory_U		CODE           	1BE5	0000	9
		_Flash_Memory_R		CODE           	1E46	0000	26
		_Flash_Memory_E		CODE           	1C87	0000	12
		_TMR1_ISR      		CODE           	1F64	0000	37
		_setDimmerReClo		CODE           	1B7A	0000	4
		_Flash_Memory_M		CODE           	1228	0000	54

../src/MCU_B1.c estimated size: 707

C:\Program Files (x86)\Microchip\xc8\v1.32\sources\common\ftmul.c
		___ftmul       		CODE           	0F4C	0000	180

C:\Program Files (x86)\Microchip\xc8\v1.32\sources\common\ftmul.c estimated size: 180

../src/Buzzer_B1.c
		_Buzzer_Main   		CODE           	144D	0000	74
		_setBuz        		CODE           	15E0	0000	89
		_getBuz_GO     		CODE           	1D1D	0000	17
		_Buzzer_Initial		CODE           	1B6B	0000	3

../src/Buzzer_B1.c estimated size: 183

../src/LED_B1.c
		_setLED        		CODE           	11F2	0000	54
		_LED_Main      		CODE           	1B96	0000	4
		_setLED_Initial		CODE           	1D0C	0000	17
		_LedPointSelect		CODE           	1C2C	0000	11
		_setLED_Main   		CODE           	11BF	0000	51
		_LED_Initializa		CODE           	1B92	0000	4

../src/LED_B1.c estimated size: 141

../src/OverTemperature_B1.c
		_Temp_Initializ		CODE           	1B74	0000	3
		_Temp_Main     		CODE           	1B77	0000	3
		_setTemp_Initia		CODE           	1066	0000	1
		_getTemp_AD    		CODE           	1345	0000	62
		_setTemp_Main  		CODE           	0E99	0000	179

../src/OverTemperature_B1.c estimated size: 248

../src/CC2500_B1.c
		_DelayTime_1us 		CODE           	1F89	0000	38
		_CC2500_Frequen		CODE           	1C63	0000	12
		_CC2500_SIDLEMo		CODE           	1B86	0000	4
		_CC2500_PowerOn		CODE           	1DE9	0000	21
		_CC2500_WriteBy		CODE           	1DAC	0000	20
		_CC2500_RxData 		CODE           	0ABB	0000	106
		_CC2500_TxData 		CODE           	092D	0000	97
		_CC2500_ClearRX		CODE           	1B7E	0000	4
		_CC2500_ClearTX		CODE           	1B82	0000	4
		_CC2500_InitPAT		CODE           	1E7C	0000	31
		_CC2500_WriteRE		CODE           	1EDB	0000	33
		_CC2500_ReadSta		CODE           	1F1E	0000	34
		_CC2500_PowerRS		CODE           	13C3	0000	67
		_CC2500_ReadByt		CODE           	1DFE	0000	23
		_CC2500_InitSet		CODE           	1FD6	0000	42
		_CC2500_WriteCo		CODE           	1E2D	0000	25

../src/CC2500_B1.c estimated size: 561

C:\Program Files (x86)\Microchip\xc8\v1.32\sources\common\fttol.c
		___fttol       		CODE           	0C2C	0000	135

C:\Program Files (x86)\Microchip\xc8\v1.32\sources\common\fttol.c estimated size: 135

C:\Program Files (x86)\Microchip\xc8\v1.32\sources\common\lwdiv.c
		___lwdiv       		CODE           	1294	0000	55

C:\Program Files (x86)\Microchip\xc8\v1.32\sources\common\lwdiv.c estimated size: 55

../src/RF_Control_B1.c
		_RF_Initializat		CODE           	1B6E	0000	3
		_getRxData     		CODE           	0CB3	0000	144
		_setRF_Main    		CODE           	0571	0000	223
		_setRF_DimmerVa		CODE           	1127	0000	50
		_getRF_KeyStatu		CODE           	1D2E	0000	17
		_setRF_Initiali		CODE           	1C4D	0000	11
		_setTxData     		CODE           	072C	0000	191
		_setRFSW_Contro		CODE           	14E5	0000	79
		_setRF_Learn   		CODE           	1DC0	0000	20
		_RF_Main       		CODE           	1B71	0000	3
		_setRFSW_AdjCon		CODE           	1383	0000	64
		_setRF_DimmerLi		CODE           	1747	0000	92
		_setControl_Lig		CODE           	086C	0000	96
		_setLog_Code   		CODE           	125E	0000	54
		_RF_RxDisable  		CODE           	1CBC	0000	15

../src/RF_Control_B1.c estimated size: 1062

C:\Program Files (x86)\Microchip\xc8\v1.32\sources\common\awdiv.c
		___awdiv       		CODE           	1534	0000	84

C:\Program Files (x86)\Microchip\xc8\v1.32\sources\common\awdiv.c estimated size: 84

../src/Main_B1.c
		_Exception_Main		CODE           	0DEC	0000	173
		_getMain_Lights		CODE           	109D	0000	43
		_my_MainTimer  		CODE           	12CB	0000	60
		_main          		CODE           	16EC	0000	91
		_Timeout_Counte		CODE           	1DD4	0000	21
		_myMain_Initial		CODE           	0800	0000	15
		_getMain_All_Er		CODE           	118C	0000	51
		_set_TimeoutCle		CODE           	1BA2	0000	5
		_getMain_LoadOK		CODE           	1C9F	0000	14
		_getMain_Lights		CODE           	1CDB	0000	16

../src/Main_B1.c estimated size: 489

C:\Program Files (x86)\Microchip\xc8\v1.32\sources\common\ftadd.c
		___ftadd       		CODE           	047B	0000	246

C:\Program Files (x86)\Microchip\xc8\v1.32\sources\common\ftadd.c estimated size: 246

C:\Program Files (x86)\Microchip\xc8\v1.32\sources\common\Umul8.c
		___bmul        		CODE           	1D50	0000	18

C:\Program Files (x86)\Microchip\xc8\v1.32\sources\common\Umul8.c estimated size: 18

shared
		_CC2500_patable		STRCODE        	105E	0000	8
		_CC2500_rfSetti		STRCODE        	102F	0000	47
		__initializatio		CODE           	0015	0000	42
		_CC2500_registe		STRCODE        	1000	0000	47

shared estimated size: 144

C:\Program Files (x86)\Microchip\xc8\v1.32\sources\common\ftneg.c
		___ftneg       		CODE           	1BDC	0000	9

C:\Program Files (x86)\Microchip\xc8\v1.32\sources\common\ftneg.c estimated size: 9

../src/Switch_B1.c
		_Switch_Main   		CODE           	1BC5	0000	7
		_SwPointSelect 		CODE           	1C58	0000	11
		_TouchPower    		CODE           	07EB	0000	21
		_setSw_Main    		CODE           	01C4	0000	371
		_getSw_KeyStatu		CODE           	1D3F	0000	17
		_setSw_Initiali		CODE           	1CEB	0000	16
		_Switch_Initial		CODE           	1BEE	0000	9

../src/Switch_B1.c estimated size: 452

../src/Dimmer_B1.c
		_DimmerLightsPo		CODE           	1C21	0000	11
		_getDimmerLight		CODE           	1CFB	0000	17
		_setDimmerLight		CODE           	1588	0000	88
		_DimmerIntrPoin		CODE           	1BF7	0000	10
		_DimmerLights_M		CODE           	10F7	0000	48
		_setDimmerLight		CODE           	1406	0000	71
		_getAll_DimmerL		CODE           	1B9A	0000	4
		_getDimmerLight		CODE           	1C37	0000	11
		_setDimmerLight		CODE           	0337	0000	324
		_DimmerIntrIOCP		CODE           	1C0B	0000	11
		_setDimmerLight		CODE           	098E	0000	99
		_setDimmerLight		CODE           	0BA6	0000	134
		_setDimmerLight		CODE           	1C6F	0000	12
		_setDimmerLight		CODE           	1F40	0000	36
		_getPercentValu		CODE           	0A56	0000	101
		_setDimmerLight		CODE           	1692	0000	90
		_setPercentValu		CODE           	09F1	0000	101
		_getDimmer_Load		CODE           	1BD4	0000	8
		_setDimmerLight		CODE           	1FAF	0000	39
		_setDimmerLight		CODE           	1159	0000	51
		_DimmerLights_I		CODE           	1C01	0000	10
		_setDimmerLight		CODE           	1639	0000	89
		_setDimmerLight		CODE           	1307	0000	62

../src/Dimmer_B1.c estimated size: 1427

../src/DelayOff_B1.c
		_DelayOff_Initi		CODE           	1B8A	0000	4
		_DlyOff_Main   		CODE           	080F	0000	93
		_DelayTimejudge		CODE           	1073	0000	42
		_DelayOff_Main 		CODE           	1B8E	0000	4
		_DelayOffPointS		CODE           	1C16	0000	11
		_getDelayOff_GO		CODE           	1CCB	0000	16
		_setDelayOff_GO		CODE           	17A3	0000	93
		_DlyOff_Initial		CODE           	1BAC	0000	6

../src/DelayOff_B1.c estimated size: 269

C:\Program Files (x86)\Microchip\xc8\v1.32\sources\pic\ftdiv.c
		___ftdiv       		CODE           	0D43	0000	169

C:\Program Files (x86)\Microchip\xc8\v1.32\sources\pic\ftdiv.c estimated size: 169

