Microchip MPLAB XC8 Compiler V1.32 ()

Linker command line:

--edf=C:\Program Files (x86)\Microchip\xc8\v1.32\dat\en_msgs.txt -cs \
  -h+dist/default/production\1-8-1.Switch_1Key_Dimmer_MOSFET.X.production.sym \
  --cmf=dist/default/production\1-8-1.Switch_1Key_Dimmer_MOSFET.X.production.cmf \
  -z -Q16F1518 -oC:\Users\taianluo\AppData\Local\Temp\s6b4.6 \
  -Mdist/default/production/1-8-1.Switch_1Key_Dimmer_MOSFET.X.production.map \
  -E1 -ver=XC8 -ASTACK=02160h-0231fh -pstack=STACK -ACONST=00h-0FFhx64 \
  -ACODE=00h-07FFhx8 -ASTRCODE=00h-03FFFh -AENTRY=00h-0FFhx64 \
  -ASTRING=00h-0FFhx64 -ACOMMON=070h-07Fh -ABANK0=020h-06Fh \
  -ABANK1=0A0h-0EFh -ABANK2=0120h-016Fh -ABANK3=01A0h-01EFh \
  -ABANK4=0220h-026Fh -ABANK5=02A0h-02EFh -ABANK6=0320h-036Fh \
  -ABANK7=03A0h-03EFh -ABANK8=0420h-046Fh -ABANK9=04A0h-04EFh \
  -ABANK10=0520h-056Fh -ABANK11=05A0h-05EFh -ABANK12=0620h-064Fh \
  -ABIGRAM=02000h-023EFh \
  -ARAM=020h-06Fh,0A0h-0EFh,0120h-016Fh,01A0h-01EFh,0220h-026Fh,02A0h-02EFh,0320h-036Fh,03A0h-03EFh,0420h-046Fh,04A0h-04EFh,0520h-056Fh,05A0h-05EFh,0620h-064Fh \
  -AABS1=020h-07Fh,0A0h-0EFh,0120h-016Fh,01A0h-01EFh,0220h-026Fh,02A0h-02EFh,0320h-036Fh,03A0h-03EFh,0420h-046Fh,04A0h-04EFh,0520h-056Fh,05A0h-05EFh,0620h-064Fh \
  -ASFR0=00h-01Fh -ASFR1=080h-09Fh -ASFR2=0100h-011Fh -ASFR3=0180h-019Fh \
  -ASFR4=0200h-021Fh -ASFR5=0280h-029Fh -ASFR6=0300h-031Fh \
  -ASFR7=0380h-039Fh -ASFR8=0400h-041Fh -ASFR9=0480h-049Fh \
  -ASFR10=0500h-051Fh -ASFR11=0580h-059Fh -ASFR12=0600h-061Fh \
  -ASFR13=0680h-06EFh -ASFR14=0700h-076Fh -ASFR15=0780h-07EFh \
  -ASFR16=0800h-086Fh -ASFR17=0880h-08EFh -ASFR18=0900h-096Fh \
  -ASFR19=0980h-09EFh -ASFR20=0A00h-0A6Fh -ASFR21=0A80h-0AEFh \
  -ASFR22=0B00h-0B6Fh -ASFR23=0B80h-0BEFh -ASFR24=0C00h-0C6Fh \
  -ASFR25=0C80h-0CEFh -ASFR26=0D00h-0D6Fh -ASFR27=0D80h-0DEFh \
  -ASFR28=0E00h-0E6Fh -ASFR29=0E80h-0EEFh -ASFR30=0F00h-0F6Fh \
  -ASFR31=0F80h-0FEFh -preset_vec=00h,intentry=04h,init,end_init \
  -ppowerup=CODE -pcinit=CODE -pfunctab=CODE -ACONFIG=08007h-08008h \
  -pconfig=CONFIG -DCONFIG=2 -AIDLOC=08000h-08003h -pidloc=IDLOC -DIDLOC=2 \
  -DCODE=2 -DSTRCODE=2 -DSTRING=2 -DCONST=2 -DENTRY=2 -k \
  C:\Users\taianluo\AppData\Local\Temp\s6b4.obj \
  dist/default/production\1-8-1.Switch_1Key_Dimmer_MOSFET.X.production.obj 

Object code version is 3.11

Machine type is 16F1518



                Name                               Link     Load   Length Selector   Space Scale
C:\Users\taianluo\AppData\Local\Temp\s6b4.obj
                end_init                             20       20        2        8       0
                reset_vec                             0        0        2        0       0
                config                             8007     8007        2    1000E       0
dist/default/production\1-8-1.Switch_1Key_Dimmer_MOSFET.X.production.obj
                cinit                                22       22       28        8       0
                intentry                              4        4       1C        8       0
                text144                            105B     105B       21     20B6       0
                text143                            1CA7     1CA7        D     394E       0
                text142                            1233     1233       37     2466       0
                text141                            1BC7     1BC7        9     378E       0
                text140                             823      823       69     1046       0
                text139                            1FC4     1FC4       1E     3F88       0
                text137                            1B4C     1B4C        3     3698       0
                text136                            1458     1458       4A     28B0       0
                text135                            1C23     1C23        C     3846       0
                text134                            1B88     1B88        6     3710       0
                text133                            1B5B     1B5B        4     36B6       0
                text132                            1C2F     1C2F        C     385E       0
                text131                            1CE2     1CE2       11     39C4       0
                text130                            12A1     12A1       39     2542       0
                text129                            14A2     14A2       54     2944       0
                text128                            14F6     14F6       59     29EC       0
                text127                            11C8     11C8       35     2390       0
                text126                            1C3B     1C3B        C     3876       0
                text125                             967      967       6F     12CE       0
                text124                            1B5F     1B5F        4     36BE       0
                text123                            1ED7     1ED7       19     3DAE       0
                text122                            1B4A     1B4A        1     3694       0
                text121                            1B9A     1B9A        7     3734       0
                text120                            1161     1161       33     22C2       0
                text119                            1BAF     1BAF        8     375E       0
                text118                            1E65     1E65       16     3CCA       0
                text117                            1CB4     1CB4        F     3968       0
                text116                            1608     1608       61     2C10       0
                text115                            109D     109D       22     213A       0
                text114                             380      380       F6        8       0
                text113                             D38      D38       A9     1A70       0
                text112                            1BD0     1BD0        9     37A0       0
                text111                             C25      C25       87     184A       0
                text110                            1669     1669       65     2CD2       0
                text109                            1E7B     1E7B       16     3CF6       0
                text108                            1C47     1C47        C     388E       0
                text107                            1CF3     1CF3       11     39E6       0
                text106                            1DB3     1DB3       13     3B66       0
                text105                            16CE     16CE       65     2D9C       0
                text104                            1DC6     1DC6       13     3B8C       0
                text103                             F45      F45       BB     1E8A       0
                text102                            15AA     15AA       5E     2B54       0
                text101                            1D59     1D59       12     3AB2       0
                text100                            1D04     1D04       11     3A08       0
                text99                              E91      E91       B4     1D22       0
                text98                             1733     1733       65     2E66       0
                text97                             1BE2     1BE2        A     37C4       0
                text96                             1EF0     1EF0       19     3DE0       0
                text95                             1D6B     1D6B       12     3AD6       0
                text94                              CAC      CAC       8C     1958       0
                text93                             1EA7     1EA7       18     3D4E       0
                text92                             1C53     1C53        C     38A6       0
                text91                             1EBF     1EBF       18     3D7E       0
                text90                             1C5F     1C5F        C     38BE       0
                text89                             12DA     12DA       39     25B4       0
                text88                              715      715       BE        8       0
                text87                             1798     1798       68     2F30       0
                text86                             1F8B     1F8B       1C     3F16       0
                text85                             1BEC     1BEC        B     37D8       0
                text84                              640      640       D5        8       0
                text83                             1F22     1F22       1A     3E44       0
                text82                             1BD9     1BD9        9     37B2       0
                text81                             1132     1132       2F     2264       0
                text80                             1C6B     1C6B        C     38D6       0
                text79                              476      476       F3        8       0
                text78                             1C77     1C77        C     38EE       0
                text77                              B2C      B2C       79     1658       0
                text76                             1D15     1D15       11     3A2A       0
                text75                             1390     1390       41     2720       0
                text74                             1D7D     1D7D       12     3AFA       0
                text73                             1B63     1B63        4     36C6       0
                text72                             11FD     11FD       36     23FA       0
                text71                             1B67     1B67        4     36CE       0
                text70                             1000     1000       1C     1E8A       0
                text69                             1B4F     1B4F        3     369E       0
                text68                             126A     126A       37     24D4       0
                text67                             1FE2     1FE2       1E     3FC4       0
                text66                             1DD9     1DD9       13     3BB2       0
                text65                             1BB7     1BB7        8     376E       0
                text64                             1BBF     1BBF        8     377E       0
                text63                             1BF7     1BF7        B     37EE       0
                text62                               4A       4A      1B0        8       0
                text61                             1BA1     1BA1        7     3742       0
                text60                             1B6B     1B6B        4     36D6       0
                text59                             1C02     1C02        B     3804       0
                text58                             1F3C     1F3C       1A     3E78       0
                text57                             1C83     1C83        C     3906       0
                text56                             1C0D     1C0D        B     381A       0
                text55                             1D8F     1D8F       12     3B1E       0
                text54                             1C18     1C18        B     3830       0
                text53                             1B52     1B52        3     36A4       0
                text52                             1F09     1F09       19     3E12       0
                text51                             1E26     1E26       15     3C4C       0
                text50                             1B6F     1B6F        4     36DE       0
                text49                             1F56     1F56       1A     3EAC       0
                text48                             1B73     1B73        4     36E6       0
                text47                             1B77     1B77        4     36EE       0
                text46                             10E4     10E4       26     21C8       0
                text45                             1C8F     1C8F        C     391E       0
                text44                              800      800       23     1000       0
                text43                             101C     101C       1F     2038       0
                text42                              7D3      7D3       2A        8       0
                text41                             1414     1414       44     2828       0
                text40                             1B7B     1B7B        4     36F6       0
                text39                             1E3B     1E3B       15     3C76       0
                text38                             1FA7     1FA7       1D     3F4E       0
                text37                             10BF     10BF       25     217E       0
                text36                              8F9      8F9       6E     11F2       0
                text35                              88C      88C       6D     1118       0
                text34                             1CC3     1CC3        F     3986       0
                text33                             1D26     1D26       11     3A4C       0
                text32                             1D37     1D37       11     3A6E       0
                text31                             1F70     1F70       1B     3EE0       0
                text30                              BA5      BA5       80     174A       0
                text29                             13D1     13D1       43     27A2       0
                text28                              9D6      9D6       72     13AC       0
                text27                             1DEC     1DEC       13     3BD8       0
                text26                             1194     1194       34     2328       0
                text25                              A48      A48       72     1490       0
                text24                              569      569       D7        8       0
                text23                             1B55     1B55        3     36AA       0
                text22                             1CD2     1CD2       10     39A4       0
                text21                             1B7F     1B7F        4     36FE       0
                text20                             1E91     1E91       16     3D22       0
                text19                             1B83     1B83        5     3706       0
                text18                             1E50     1E50       15     3CA0       0
                text17                             1C9B     1C9B        C     3936       0
                text16                             1D48     1D48       11     3A90       0
                text15                             110A     110A       28     2214       0
                text14                             1E12     1E12       14     3C24       0
                text13                              1FA      1FA      186        8       0
                text12                             1BA8     1BA8        7     3750       0
                text11                             1B4B     1B4B        1     3696       0
                text10                             1B58     1B58        3     36B0       0
                text9                               DE1      DE1       B0     1BC2       0
                text8                               7FD      7FD        3        8       0
                text7                                 2        2        2        0       0
                text6                              1DA1     1DA1       12     3B42       0
                text5                              107C     107C       21     20F8       0
                text4                               ABA      ABA       72     1574       0
                text3                              1350     1350       40     26A0       0
                text2                              1DFF     1DFF       13     3BFE       0
                text1                              1313     1313       3D     2626       0
                maintext                           154F     154F       5B     2A9E       0
                cstackBANK0                          20       20       4E       20       1
                cstackCOMMON                         70       70        E       70       1
                cstackBANK1                          E5       E5        8       A0       1
                cstackBANK3                         1EC      1EC        4      1A0       1
                inittext                           1B8E     1B8E        6     371C       0
                clrtext                            1B94     1B94        6     3728       0
                dataBANK4                           220      220       20      220       1
                bssBANK3                            1A0      1A0       4C      1A0       1
                bssBANK2                            120      120       4D      120       1
                bssBANK1                             A0       A0       45       A0       1
                bitbssBANK0                         370       6E        2       20       1     8
                nvBANK1                              ED       ED        1       A0       1
                stringtext                         1800     1800       66       30       0
                idataBANK4                         103B     103B       20     2076       0

TOTAL           Name                               Link     Load   Length     Space
        CLASS   STACK          

        CLASS   CONST          

        CLASS   CODE           
                end_init                             20       20        2         0
                cinit                                22       22       28         0
                intentry                              4        4       1C         0
                reset_vec                             0        0        2         0
                text144                            105B     105B       21         0
                text143                            1CA7     1CA7        D         0
                text142                            1233     1233       37         0
                text141                            1BC7     1BC7        9         0
                text140                             823      823       69         0
                text139                            1FC4     1FC4       1E         0
                text137                            1B4C     1B4C        3         0
                text136                            1458     1458       4A         0
                text135                            1C23     1C23        C         0
                text134                            1B88     1B88        6         0
                text133                            1B5B     1B5B        4         0
                text132                            1C2F     1C2F        C         0
                text131                            1CE2     1CE2       11         0
                text130                            12A1     12A1       39         0
                text129                            14A2     14A2       54         0
                text128                            14F6     14F6       59         0
                text127                            11C8     11C8       35         0
                text126                            1C3B     1C3B        C         0
                text125                             967      967       6F         0
                text124                            1B5F     1B5F        4         0
                text123                            1ED7     1ED7       19         0
                text122                            1B4A     1B4A        1         0
                text121                            1B9A     1B9A        7         0
                text120                            1161     1161       33         0
                text119                            1BAF     1BAF        8         0
                text118                            1E65     1E65       16         0
                text117                            1CB4     1CB4        F         0
                text116                            1608     1608       61         0
                text115                            109D     109D       22         0
                text114                             380      380       F6         0
                text113                             D38      D38       A9         0
                text112                            1BD0     1BD0        9         0
                text111                             C25      C25       87         0
                text110                            1669     1669       65         0
                text109                            1E7B     1E7B       16         0
                text108                            1C47     1C47        C         0
                text107                            1CF3     1CF3       11         0
                text106                            1DB3     1DB3       13         0
                text105                            16CE     16CE       65         0
                text104                            1DC6     1DC6       13         0
                text103                             F45      F45       BB         0
                text102                            15AA     15AA       5E         0
                text101                            1D59     1D59       12         0
                text100                            1D04     1D04       11         0
                text99                              E91      E91       B4         0
                text98                             1733     1733       65         0
                text97                             1BE2     1BE2        A         0
                text96                             1EF0     1EF0       19         0
                text95                             1D6B     1D6B       12         0
                text94                              CAC      CAC       8C         0
                text93                             1EA7     1EA7       18         0
                text92                             1C53     1C53        C         0
                text91                             1EBF     1EBF       18         0
                text90                             1C5F     1C5F        C         0
                text89                             12DA     12DA       39         0
                text88                              715      715       BE         0
                text87                             1798     1798       68         0
                text86                             1F8B     1F8B       1C         0
                text85                             1BEC     1BEC        B         0
                text84                              640      640       D5         0
                text83                             1F22     1F22       1A         0
                text82                             1BD9     1BD9        9         0
                text81                             1132     1132       2F         0
                text80                             1C6B     1C6B        C         0
                text79                              476      476       F3         0
                text78                             1C77     1C77        C         0
                text77                              B2C      B2C       79         0
                text76                             1D15     1D15       11         0
                text75                             1390     1390       41         0
                text74                             1D7D     1D7D       12         0
                text73                             1B63     1B63        4         0
                text72                             11FD     11FD       36         0
                text71                             1B67     1B67        4         0
                text70                             1000     1000       1C         0
                text69                             1B4F     1B4F        3         0
                text68                             126A     126A       37         0
                text67                             1FE2     1FE2       1E         0
                text66                             1DD9     1DD9       13         0
                text65                             1BB7     1BB7        8         0
                text64                             1BBF     1BBF        8         0
                text63                             1BF7     1BF7        B         0
                text62                               4A       4A      1B0         0
                text61                             1BA1     1BA1        7         0
                text60                             1B6B     1B6B        4         0
                text59                             1C02     1C02        B         0
                text58                             1F3C     1F3C       1A         0
                text57                             1C83     1C83        C         0
                text56                             1C0D     1C0D        B         0
                text55                             1D8F     1D8F       12         0
                text54                             1C18     1C18        B         0
                text53                             1B52     1B52        3         0
                text52                             1F09     1F09       19         0
                text51                             1E26     1E26       15         0
                text50                             1B6F     1B6F        4         0
                text49                             1F56     1F56       1A         0
                text48                             1B73     1B73        4         0
                text47                             1B77     1B77        4         0
                text46                             10E4     10E4       26         0
                text45                             1C8F     1C8F        C         0
                text44                              800      800       23         0
                text43                             101C     101C       1F         0
                text42                              7D3      7D3       2A         0
                text41                             1414     1414       44         0
                text40                             1B7B     1B7B        4         0
                text39                             1E3B     1E3B       15         0
                text38                             1FA7     1FA7       1D         0
                text37                             10BF     10BF       25         0
                text36                              8F9      8F9       6E         0
                text35                              88C      88C       6D         0
                text34                             1CC3     1CC3        F         0
                text33                             1D26     1D26       11         0
                text32                             1D37     1D37       11         0
                text31                             1F70     1F70       1B         0
                text30                              BA5      BA5       80         0
                text29                             13D1     13D1       43         0
                text28                              9D6      9D6       72         0
                text27                             1DEC     1DEC       13         0
                text26                             1194     1194       34         0
                text25                              A48      A48       72         0
                text24                              569      569       D7         0
                text23                             1B55     1B55        3         0
                text22                             1CD2     1CD2       10         0
                text21                             1B7F     1B7F        4         0
                text20                             1E91     1E91       16         0
                text19                             1B83     1B83        5         0
                text18                             1E50     1E50       15         0
                text17                             1C9B     1C9B        C         0
                text16                             1D48     1D48       11         0
                text15                             110A     110A       28         0
                text14                             1E12     1E12       14         0
                text13                              1FA      1FA      186         0
                text12                             1BA8     1BA8        7         0
                text11                             1B4B     1B4B        1         0
                text10                             1B58     1B58        3         0
                text9                               DE1      DE1       B0         0
                text8                               7FD      7FD        3         0
                text7                                 2        2        2         0
                text6                              1DA1     1DA1       12         0
                text5                              107C     107C       21         0
                text4                               ABA      ABA       72         0
                text3                              1350     1350       40         0
                text2                              1DFF     1DFF       13         0
                text1                              1313     1313       3D         0
                maintext                           154F     154F       5B         0
                inittext                           1B8E     1B8E        6         0
                clrtext                            1B94     1B94        6         0
                idataBANK4                         103B     103B       20         0

        CLASS   STRCODE        
                stringtext                         1800     1800       66         0

        CLASS   ENTRY          

        CLASS   STRING         

        CLASS   COMMON         
                cstackCOMMON                         70       70        E         1

        CLASS   BANK0          
                cstackBANK0                          20       20       4E         1
                bitbssBANK0                         370       6E        2         1

        CLASS   BANK1          
                cstackBANK1                          E5       E5        8         1
                bssBANK1                             A0       A0       45         1
                nvBANK1                              ED       ED        1         1

        CLASS   BANK2          
                bssBANK2                            120      120       4D         1

        CLASS   BANK3          
                cstackBANK3                         1EC      1EC        4         1
                bssBANK3                            1A0      1A0       4C         1

        CLASS   BANK4          
                dataBANK4                           220      220       20         1

        CLASS   BANK5          

        CLASS   BANK6          

        CLASS   BANK7          

        CLASS   BANK8          

        CLASS   BANK9          

        CLASS   BANK10         

        CLASS   BANK11         

        CLASS   BANK12         

        CLASS   BIGRAM         

        CLASS   RAM            

        CLASS   ABS1           
                abs_s1                               7E       7E        2         1

        CLASS   SFR0           

        CLASS   SFR1           

        CLASS   SFR2           

        CLASS   SFR3           

        CLASS   SFR4           

        CLASS   SFR5           

        CLASS   SFR6           

        CLASS   SFR7           

        CLASS   SFR8           

        CLASS   SFR9           

        CLASS   SFR10          

        CLASS   SFR11          

        CLASS   SFR12          

        CLASS   SFR13          

        CLASS   SFR14          

        CLASS   SFR15          

        CLASS   SFR16          

        CLASS   SFR17          

        CLASS   SFR18          

        CLASS   SFR19          

        CLASS   SFR20          

        CLASS   SFR21          

        CLASS   SFR22          

        CLASS   SFR23          

        CLASS   SFR24          

        CLASS   SFR25          

        CLASS   SFR26          

        CLASS   SFR27          

        CLASS   SFR28          

        CLASS   SFR29          

        CLASS   SFR30          

        CLASS   SFR31          

        CLASS   CONFIG         
                config                             8007     8007        2         0

        CLASS   IDLOC          

        CLASS   BANK31         

        CLASS   BANK30         

        CLASS   BANK29         

        CLASS   BANK28         

        CLASS   BANK27         

        CLASS   BANK26         

        CLASS   BANK25         

        CLASS   BANK24         

        CLASS   BANK23         

        CLASS   BANK22         

        CLASS   BANK21         

        CLASS   BANK20         

        CLASS   BANK19         

        CLASS   BANK18         

        CLASS   BANK17         

        CLASS   BANK16         

        CLASS   BANK15         

        CLASS   BANK14         

        CLASS   BANK13         

        CLASS   EEDATA         



SEGMENTS        Name                           Load    Length   Top    Selector   Space  Class     Delta

                reset_vec                      000000  000004  000004         0       0  CODE        2
                intentry                       000004  0007FC  000800         8       0  CODE        2
                cstackBANK0                    000020  00004F  00006F        20       1  BANK0       1
                cstackCOMMON                   000070  00000E  00007E        70       1  COMMON      1
                bssBANK1                       0000A0  00004E  0000EE        A0       1  BANK1       1
                bssBANK2                       000120  00004D  00016D       120       1  BANK2       1
                bssBANK3                       0001A0  000050  0001F0       1A0       1  BANK3       1
                dataBANK4                      000220  000020  000240       220       1  BANK4       1
                text44                         000800  000023  000823      1000       0  CODE        2
                text140                        000823  000069  00088C      1046       0  CODE        2
                text35                         00088C  00006D  0008F9      1118       0  CODE        2
                text36                         0008F9  00006E  000967      11F2       0  CODE        2
                text125                        000967  00006F  0009D6      12CE       0  CODE        2
                text28                         0009D6  000072  000A48      13AC       0  CODE        2
                text25                         000A48  000072  000ABA      1490       0  CODE        2
                text4                          000ABA  000072  000B2C      1574       0  CODE        2
                text77                         000B2C  000079  000BA5      1658       0  CODE        2
                text30                         000BA5  000080  000C25      174A       0  CODE        2
                text111                        000C25  000087  000CAC      184A       0  CODE        2
                text94                         000CAC  00008C  000D38      1958       0  CODE        2
                text113                        000D38  0000A9  000DE1      1A70       0  CODE        2
                text9                          000DE1  0000B0  000E91      1BC2       0  CODE        2
                text99                         000E91  0000B4  000F45      1D22       0  CODE        2
                text103                        000F45  0000D7  00101C      1E8A       0  CODE        2
                text43                         00101C  00001F  00103B      2038       0  CODE        2
                idataBANK4                     00103B  000020  00105B      2076       0  CODE        2
                text144                        00105B  000021  00107C      20B6       0  CODE        2
                text5                          00107C  000021  00109D      20F8       0  CODE        2
                text115                        00109D  000022  0010BF      213A       0  CODE        2
                text37                         0010BF  000025  0010E4      217E       0  CODE        2
                text46                         0010E4  000026  00110A      21C8       0  CODE        2
                text15                         00110A  000028  001132      2214       0  CODE        2
                text81                         001132  00002F  001161      2264       0  CODE        2
                text120                        001161  000033  001194      22C2       0  CODE        2
                text26                         001194  000034  0011C8      2328       0  CODE        2
                text127                        0011C8  000035  0011FD      2390       0  CODE        2
                text72                         0011FD  000036  001233      23FA       0  CODE        2
                text142                        001233  000037  00126A      2466       0  CODE        2
                text68                         00126A  000037  0012A1      24D4       0  CODE        2
                text130                        0012A1  000039  0012DA      2542       0  CODE        2
                text89                         0012DA  000039  001313      25B4       0  CODE        2
                text1                          001313  00003D  001350      2626       0  CODE        2
                text3                          001350  000040  001390      26A0       0  CODE        2
                text75                         001390  000041  0013D1      2720       0  CODE        2
                text29                         0013D1  000043  001414      27A2       0  CODE        2
                text41                         001414  000044  001458      2828       0  CODE        2
                text136                        001458  00004A  0014A2      28B0       0  CODE        2
                text129                        0014A2  000054  0014F6      2944       0  CODE        2
                text128                        0014F6  000059  00154F      29EC       0  CODE        2
                maintext                       00154F  00005B  0015AA      2A9E       0  CODE        2
                text102                        0015AA  00005E  001608      2B54       0  CODE        2
                text116                        001608  000061  001669      2C10       0  CODE        2
                text110                        001669  000065  0016CE      2CD2       0  CODE        2
                text105                        0016CE  000065  001733      2D9C       0  CODE        2
                text98                         001733  000065  001798      2E66       0  CODE        2
                text87                         001798  000068  001800      2F30       0  CODE        2
                stringtext                     001800  000066  001866        30       0  STRCODE     2
                text122                        001B4A  000001  001B4B      3694       0  CODE        2
                text11                         001B4B  000001  001B4C      3696       0  CODE        2
                text137                        001B4C  000003  001B4F      3698       0  CODE        2
                text69                         001B4F  000003  001B52      369E       0  CODE        2
                text53                         001B52  000003  001B55      36A4       0  CODE        2
                text23                         001B55  000003  001B58      36AA       0  CODE        2
                text10                         001B58  000003  001B5B      36B0       0  CODE        2
                text133                        001B5B  000004  001B5F      36B6       0  CODE        2
                text124                        001B5F  000004  001B63      36BE       0  CODE        2
                text73                         001B63  000004  001B67      36C6       0  CODE        2
                text71                         001B67  000004  001B6B      36CE       0  CODE        2
                text60                         001B6B  000004  001B6F      36D6       0  CODE        2
                text50                         001B6F  000004  001B73      36DE       0  CODE        2
                text48                         001B73  000004  001B77      36E6       0  CODE        2
                text47                         001B77  000004  001B7B      36EE       0  CODE        2
                text40                         001B7B  000004  001B7F      36F6       0  CODE        2
                text21                         001B7F  000004  001B83      36FE       0  CODE        2
                text19                         001B83  000005  001B88      3706       0  CODE        2
                text134                        001B88  000006  001B8E      3710       0  CODE        2
                inittext                       001B8E  000006  001B94      371C       0  CODE        2
                clrtext                        001B94  000006  001B9A      3728       0  CODE        2
                text121                        001B9A  000007  001BA1      3734       0  CODE        2
                text61                         001BA1  000007  001BA8      3742       0  CODE        2
                text12                         001BA8  000007  001BAF      3750       0  CODE        2
                text119                        001BAF  000008  001BB7      375E       0  CODE        2
                text65                         001BB7  000008  001BBF      376E       0  CODE        2
                text64                         001BBF  000008  001BC7      377E       0  CODE        2
                text141                        001BC7  000009  001BD0      378E       0  CODE        2
                text112                        001BD0  000009  001BD9      37A0       0  CODE        2
                text82                         001BD9  000009  001BE2      37B2       0  CODE        2
                text97                         001BE2  00000A  001BEC      37C4       0  CODE        2
                text85                         001BEC  00000B  001BF7      37D8       0  CODE        2
                text63                         001BF7  00000B  001C02      37EE       0  CODE        2
                text59                         001C02  00000B  001C0D      3804       0  CODE        2
                text56                         001C0D  00000B  001C18      381A       0  CODE        2
                text54                         001C18  00000B  001C23      3830       0  CODE        2
                text135                        001C23  00000C  001C2F      3846       0  CODE        2
                text132                        001C2F  00000C  001C3B      385E       0  CODE        2
                text126                        001C3B  00000C  001C47      3876       0  CODE        2
                text108                        001C47  00000C  001C53      388E       0  CODE        2
                text92                         001C53  00000C  001C5F      38A6       0  CODE        2
                text90                         001C5F  00000C  001C6B      38BE       0  CODE        2
                text80                         001C6B  00000C  001C77      38D6       0  CODE        2
                text78                         001C77  00000C  001C83      38EE       0  CODE        2
                text57                         001C83  00000C  001C8F      3906       0  CODE        2
                text45                         001C8F  00000C  001C9B      391E       0  CODE        2
                text17                         001C9B  00000C  001CA7      3936       0  CODE        2
                text143                        001CA7  00000D  001CB4      394E       0  CODE        2
                text117                        001CB4  00000F  001CC3      3968       0  CODE        2
                text34                         001CC3  00000F  001CD2      3986       0  CODE        2
                text22                         001CD2  000010  001CE2      39A4       0  CODE        2
                text131                        001CE2  000011  001CF3      39C4       0  CODE        2
                text107                        001CF3  000011  001D04      39E6       0  CODE        2
                text100                        001D04  000011  001D15      3A08       0  CODE        2
                text76                         001D15  000011  001D26      3A2A       0  CODE        2
                text33                         001D26  000011  001D37      3A4C       0  CODE        2
                text32                         001D37  000011  001D48      3A6E       0  CODE        2
                text16                         001D48  000011  001D59      3A90       0  CODE        2
                text101                        001D59  000012  001D6B      3AB2       0  CODE        2
                text95                         001D6B  000012  001D7D      3AD6       0  CODE        2
                text74                         001D7D  000012  001D8F      3AFA       0  CODE        2
                text55                         001D8F  000012  001DA1      3B1E       0  CODE        2
                text6                          001DA1  000012  001DB3      3B42       0  CODE        2
                text106                        001DB3  000013  001DC6      3B66       0  CODE        2
                text104                        001DC6  000013  001DD9      3B8C       0  CODE        2
                text66                         001DD9  000013  001DEC      3BB2       0  CODE        2
                text27                         001DEC  000013  001DFF      3BD8       0  CODE        2
                text2                          001DFF  000013  001E12      3BFE       0  CODE        2
                text14                         001E12  000014  001E26      3C24       0  CODE        2
                text51                         001E26  000015  001E3B      3C4C       0  CODE        2
                text39                         001E3B  000015  001E50      3C76       0  CODE        2
                text18                         001E50  000015  001E65      3CA0       0  CODE        2
                text118                        001E65  000016  001E7B      3CCA       0  CODE        2
                text109                        001E7B  000016  001E91      3CF6       0  CODE        2
                text20                         001E91  000016  001EA7      3D22       0  CODE        2
                text93                         001EA7  000018  001EBF      3D4E       0  CODE        2
                text91                         001EBF  000018  001ED7      3D7E       0  CODE        2
                text123                        001ED7  000019  001EF0      3DAE       0  CODE        2
                text96                         001EF0  000019  001F09      3DE0       0  CODE        2
                text52                         001F09  000019  001F22      3E12       0  CODE        2
                text83                         001F22  00001A  001F3C      3E44       0  CODE        2
                text58                         001F3C  00001A  001F56      3E78       0  CODE        2
                text49                         001F56  00001A  001F70      3EAC       0  CODE        2
                text31                         001F70  00001B  001F8B      3EE0       0  CODE        2
                text86                         001F8B  00001C  001FA7      3F16       0  CODE        2
                text38                         001FA7  00001D  001FC4      3F4E       0  CODE        2
                text139                        001FC4  00001E  001FE2      3F88       0  CODE        2
                text67                         001FE2  00001E  002000      3FC4       0  CODE        2
                config                         008007  000002  008009     1000E       0  CONFIG      2


UNUSED ADDRESS RANGES

        Name                Unused          Largest block    Delta
        BANK0            0006F-0006F               1           1
        BANK1            000EE-000EF               2           1
        BANK10           00520-0056F              50           1
        BANK11           005A0-005EF              50           1
        BANK12           00620-0064F              30           1
        BANK2            0016D-0016F               3           1
        BANK4            00240-0026F              30           1
        BANK5            002A0-002EF              50           1
        BANK6            00320-0036F              50           1
        BANK7            003A0-003EF              50           1
        BANK8            00420-0046F              50           1
        BANK9            004A0-004EF              50           1
        BIGRAM           02000-023EF             3F0           1
        CODE             01866-01B49             2E4           2
                         02000-03FFF             800
        CONST            01866-01B49             100           2
                         02000-03FFF             100
        ENTRY            01866-01B49             100           2
                         02000-03FFF             100
        IDLOC            08000-08003               4           2
        RAM              0006F-0006F               1           1
                         000EE-000EF               2
                         0016D-0016F               3
                         00240-0026F              30
                         002A0-002EF              50
                         00320-0036F              50
                         003A0-003EF              50
                         00420-0046F              50
                         004A0-004EF              50
                         00520-0056F              50
                         005A0-005EF              50
                         00620-0064F              30
        SFR0             00000-0001F              20           1
        SFR1             00080-0009F              20           1
        SFR10            00500-0051F              20           1
        SFR11            00580-0059F              20           1
        SFR12            00600-0061F              20           1
        SFR13            00680-006EF              70           1
        SFR14            00700-0076F              70           1
        SFR15            00780-007EF              70           1
        SFR16            00800-0086F              70           1
        SFR17            00880-008EF              70           1
        SFR18            00900-0096F              70           1
        SFR19            00980-009EF              70           1
        SFR2             00100-0011F              20           1
        SFR20            00A00-00A6F              70           1
        SFR21            00A80-00AEF              70           1
        SFR22            00B00-00B6F              70           1
        SFR23            00B80-00BEF              70           1
        SFR24            00C00-00C6F              70           1
        SFR25            00C80-00CEF              70           1
        SFR26            00D00-00D6F              70           1
        SFR27            00D80-00DEF              70           1
        SFR28            00E00-00E6F              70           1
        SFR29            00E80-00EEF              70           1
        SFR3             00180-0019F              20           1
        SFR30            00F00-00F6F              70           1
        SFR31            00F80-00FEF              70           1
        SFR4             00200-0021F              20           1
        SFR5             00280-0029F              20           1
        SFR6             00300-0031F              20           1
        SFR7             00380-0039F              20           1
        SFR8             00400-0041F              20           1
        SFR9             00480-0049F              20           1
        STACK            02160-0231F             1C0           1
        STRCODE          01866-01B49             2E4           2
                         02000-03FFF            2000
        STRING           01866-01B49             100           2
                         02000-03FFF             100

                                  Symbol Table

?___awdiv                                 cstackBANK0  00021
?___awtoft                                cstackBANK0  00029
?___ftadd                                 cstackBANK0  00042
?___ftdiv                                 cstackBANK0  0002F
?___ftmul                                 cstackBANK0  0002F
?___ftneg                                 cstackBANK0  0003F
?___ftpack                                cstackBANK0  00021
?___fttol                                 cstackBANK0  0004F
?___lwdiv                                 cstackBANK0  00021
?___wmul                                  cstackBANK0  00021
?_getAD                                   cstackBANK0  00021
?_getBuz_GO                               cstackBANK0  00021
CC2500_InitPATable@loop_d                 cstackBANK0  00028
CC2500_InitPATable@temp                   cstackBANK0  00027
CC2500_InitSetREG@loop_c                  cstackBANK0  00029
CC2500_InitSetREG@temp1                   cstackBANK0  00027
CC2500_InitSetREG@temp2                   cstackBANK0  00028
CC2500_ReadByte@loop_b                    cstackBANK0  00022
CC2500_ReadStatus@status_addr             cstackBANK0  00024
CC2500_RxData@loop_f                      cstackBANK0  00026
CC2500_TxData@loop_e                      cstackBANK0  00026
CC2500_WriteByte@loop_a                   cstackBANK0  00022
CC2500_WriteCommand@command               cstackBANK0  00024
CC2500_WriteREG@value                     cstackBANK0  00023
CC2500_WriteREG@w_addr                    cstackBANK0  00025
DelayOffPointSelect@sw                    cstackBANK0  00022
DelayTime_1us@count                       cstackBANK0  00021
DelayTime_1us@i                           cstackBANK0  00023
DelayTime_1us@j                           cstackBANK0  00025
DimmerLights_IOC_1@count                  cstackCOMMON 0007C
DimmerLights_IOC_1@dimming                cstackCOMMON 0007D
DimmerLights_SelectPointer@lights         cstackBANK0  00022
DimmerLights_TMR_1@count                  cstackCOMMON 00071
Division@num                              cstackCOMMON 00075
Division@result                           cstackCOMMON 00079
Division@value                            cstackCOMMON 00078
DlyOff_Initialization@sw                  cstackBANK0  00023
DlyOff_Main@sw                            cstackBANK0  00068
Exception_Main@count                      cstackBANK0  00030
Exception_Main@error                      cstackBANK0  00031
Exception_Main@i                          cstackBANK0  00032
Exception_Main@i_3564                     cstackBANK0  00034
Exception_Main@lights                     cstackBANK0  00036
Exception_Main@status                     cstackBANK0  0002F
Flash_Memory_Initialization@i             cstackBANK0  00064
Flash_Memory_Main@key_Status              cstackBANK0  00028
Flash_Memory_Modify@i                     cstackBANK0  00026
Flash_Memory_Read@address                 cstackBANK0  00023
Flash_Memory_Read@i                       cstackBANK0  00022
Flash_Memory_Read@ret                     cstackBANK0  00024
Flash_Memory_Write@i                      cstackBANK0  00022
LedPointSelect@led                        cstackBANK0  00022
Load_Main@ErrorCountValue                 cstackBANK0  0002E
Load_Main@LightsCount                     cstackBANK0  00030
Load_Main@Load_RunStatus                  cstackBANK0  0002F
Load_Main@error                           cstackBANK0  0002B
Load_Main@i                               cstackBANK0  00031
SwPointSelect@sw                          cstackBANK0  00022
_ADCON0                                   (abs)        0009D
_ADCON1                                   (abs)        0009E
_ADC_Set                                  text61       01BA1
_ADRESH                                   (abs)        0009C
_ADRESL                                   (abs)        0009B
_ANSELA                                   (abs)        0018C
_ANSELB                                   (abs)        0018D
_ANSELC                                   (abs)        0018E
_Buz1                                     bssBANK1     000AE
_Buzzer_Initialization                    text137      01B4C
_Buzzer_Main                              text136      01458
_CC2500_ClearRXFIFO                       text48       01B73
_CC2500_ClearTXFIFO                       text47       01B77
_CC2500_FrequencyCabr                     text45       01C8F
_CC2500_InitPATable                       text43       0101C
_CC2500_InitSetREG                        text42       007D3
_CC2500_PowerOnInitial                    text39       01E3B
_CC2500_PowerRST                          text41       01414
_CC2500_ReadByte                          text38       01FA7
_CC2500_ReadStatus                        text37       010BF
_CC2500_RxData                            text36       008F9
_CC2500_SIDLEMode                         text40       01B7B
_CC2500_TxData                            text35       0088C
_CC2500_WriteByte                         text52       01F09
_CC2500_WriteCommand                      text49       01F56
_CC2500_WriteREG                          text44       00800
_CC2500_patable_vaule                     stringtext   0185E
_CC2500_registers_address                 stringtext   01800
_CC2500_rfSettings                        stringtext   0182F
_CFGS                                     (abs)        00CAE
_CRC                                      bssBANK1     000CB
_Cmd                                      bssBANK1     000CC
_DelayOff                                 bssBANK1     000CD
_DelayOffPointSelect                      text135      01C23
_DelayOff_Initialization                  text133      01B5B
_DelayOff_Main                            text124      01B5F
_DelayTime_1us                            text46       010E4
_Dimmer                                   bssBANK2     0012D
_DimmerIntr                               bssBANK1     000CE
_DimmerIntr1                              bssBANK1     000BA
_DimmerIntr_Initialization                text123      01ED7
_DimmerLights                             bssBANK1     000CF
_DimmerLights1                            bssBANK2     0015C
_DimmerLights_IOC_1                       text142      01233
_DimmerLights_Initialization              text121      01B9A
_DimmerLights_Main                        text86       01F8B
_DimmerLights_SelectPointer               text132      01C2F
_DimmerLights_TMR_1                       text140      00823
_Division                                 text143      01CA7
_DlyOff_Initialization                    text134      01B88
_DlyOff_Main                              text125      00967
_DlySw1                                   bssBANK2     00164
_Exception_Main                           text84       00640
_FREE                                     (abs)        00CAC
_FVRCON                                   (abs)        00117
_Flash_Memory_Erasing                     text78       01C77
_Flash_Memory_Initialization              text79       00476
_Flash_Memory_Main                        text75       01390
_Flash_Memory_Main$3098                   cstackBANK0  00029
_Flash_Memory_Modify                      text77       00B2C
_Flash_Memory_Read                        text83       01F22
_Flash_Memory_Unlock                      text82       01BD9
_Flash_Memory_Write                       text81       01132
_Fosc_Set                                 text60       01B6B
_GIE                                      (abs)        0005F
_GO_nDONE                                 (abs)        004E9
_IOCBF                                    (abs)        00396
_IOCBF2                                   (abs)        01CB2
_IOCBN                                    (abs)        00395
_IOCBP                                    (abs)        00394
_IOCIE                                    (abs)        0005B
_IOCIF                                    (abs)        00058
_IOC_ISR                                  text141      01BC7
_IOC_Set                                  text59       01C02
_IO_Set                                   text58       01F3C
_ISR                                      intentry     00004
_LATA                                     (abs)        0010C
_LATB                                     (abs)        0010D
_LATC                                     (abs)        0010E
_LED                                      bssBANK1     000D0
_LED_Initialization                       text73       01B63
_LED_Main                                 text71       01B67
_LWLO                                     (abs)        00CAD
_LedPointSelect                           text90       01C5F
_Light                                    bssBANK1     000D1
_Load                                     bssBANK2     00134
_Load_Initialization                      text69       01B4F
_Load_Main                                text62       0004A
_Load_Main$3921                           cstackBANK0  0002C
_Mcu_Initialization                       text55       01D8F
_Memory                                   bssBANK3     001BE
_OSCCON                                   (abs)        00099
_PEIE                                     (abs)        0005E
_PMADRH                                   (abs)        00192
_PMADRL                                   (abs)        00191
_PMCON2                                   (abs)        00196
_PMDATH                                   (abs)        00194
_PMDATL                                   (abs)        00193
_PORTA                                    (abs)        0000C
_PORTB                                    (abs)        0000D
_PORTC                                    (abs)        0000E
_RA0                                      (abs)        00060
_RA4                                      (abs)        00064
_RA6                                      (abs)        00066
_RA7                                      (abs)        00067
_RB0                                      (abs)        00068
_RB1                                      (abs)        00069
_RB2                                      (abs)        0006A
_RB3                                      (abs)        0006B
_RB5                                      (abs)        0006D
_RC0                                      (abs)        00070
_RC1                                      (abs)        00071
_RC3                                      (abs)        00073
_RC4                                      (abs)        00074
_RC5                                      (abs)        00075
_RD                                       (abs)        00CA8
_RF1                                      bssBANK1     000A0
_RF_Count                                 bssBANK2     00132
_RF_Data                                  bssBANK3     001A0
_RF_Initialization                        text53       01B52
_RF_Main                                  text23       01B55
_RF_RxDisable                             text34       01CC3
_RF_Timeout_Counter                       text51       01E26
_RSSI                                     bssBANK1     000D2
_Receive_OK                               bitbssBANK0  00370
_Rx_Length                                bssBANK1     000D3
_SPI0Buffer                               bssBANK1     000D4
_Sw                                       bssBANK1     000D5
_Sw1                                      bssBANK3     001E3
_SwDetect                                 bssBANK1     000D6
_SwPointSelect                            text17       01C9B
_Switch_Initialization                    text21       01B7F
_Switch_Main                              text12       01BA8
_T1CON                                    (abs)        00018
_TMR1H                                    (abs)        00017
_TMR1IE                                   (abs)        00488
_TMR1IF                                   (abs)        00088
_TMR1L                                    (abs)        00016
_TMR1_ISR                                 text139      01FC4
_TMR1_Set                                 text57       01C83
_TRISA                                    (abs)        0008C
_TRISB                                    (abs)        0008D
_TRISC                                    (abs)        0008E
_Temp                                     bssBANK1     000DB
_Temp_Initialization                      text10       01B58
_Temp_Main                                text8        007FD
_Timeout_Counter                          text20       01E91
_Timer1                                   bssBANK1     000C6
_TouchPower                               text18       01E50
_Transceive_OK                            bitbssBANK0  00371
_Tx_Length                                bssBANK1     000D7
_VarErrLED                                bssBANK2     00169
_WDT                                      bssBANK1     000C9
_WDTCON                                   (abs)        00097
_WDT_Clearing                             text7        00002
_WDT_Main                                 text6        01DA1
_WDT_Set                                  text56       01C0D
_WPUB                                     (abs)        0020D
_WR                                       (abs)        00CA9
_WREN                                     (abs)        00CAA
__CFG_BOREN$OFF                           (abs)        00000
__CFG_FOSC$INTOSC                         (abs)        00000
__CFG_VCAPEN$OFF                          (abs)        00000
__CFG_WDTE$ON                             (abs)        00000
__CFG_WRT$HALF                            (abs)        00000
__Habs1                                   abs1         00000
__Hbank0                                  bank0        00000
__Hbank1                                  bank1        00000
__Hbank10                                 bank10       00000
__Hbank11                                 bank11       00000
__Hbank12                                 bank12       00000
__Hbank13                                 bank13       00000
__Hbank14                                 bank14       00000
__Hbank15                                 bank15       00000
__Hbank16                                 bank16       00000
__Hbank17                                 bank17       00000
__Hbank18                                 bank18       00000
__Hbank19                                 bank19       00000
__Hbank2                                  bank2        00000
__Hbank20                                 bank20       00000
__Hbank21                                 bank21       00000
__Hbank22                                 bank22       00000
__Hbank23                                 bank23       00000
__Hbank24                                 bank24       00000
__Hbank25                                 bank25       00000
__Hbank26                                 bank26       00000
__Hbank27                                 bank27       00000
__Hbank28                                 bank28       00000
__Hbank29                                 bank29       00000
__Hbank3                                  bank3        00000
__Hbank30                                 bank30       00000
__Hbank31                                 bank31       00000
__Hbank4                                  bank4        00000
__Hbank5                                  bank5        00000
__Hbank6                                  bank6        00000
__Hbank7                                  bank7        00000
__Hbank8                                  bank8        00000
__Hbank9                                  bank9        00000
__Hbigram                                 bigram       00000
__HbitbssBANK0                            bitbssBANK0  00000
__HbssBANK1                               bssBANK1     00000
__HbssBANK2                               bssBANK2     00000
__HbssBANK3                               bssBANK3     00000
__Hcinit                                  cinit        0004A
__Hclrtext                                clrtext      00000
__Hcode                                   code         00000
__Hcommon                                 common       00000
__Hconfig                                 config       08009
__HcstackBANK0                            cstackBANK0  00000
__HcstackBANK1                            cstackBANK1  00000
__HcstackBANK3                            cstackBANK3  00000
__HcstackCOMMON                           cstackCOMMON 00000
__HdataBANK4                              dataBANK4    00000
__Heeprom_data                            eeprom_data  00000
__Hend_init                               end_init     00022
__Hfunctab                                functab      00000
__HidataBANK4                             idataBANK4   00000
__Hidloc                                  idloc        00000
__Hinit                                   init         00020
__Hinittext                               inittext     00000
__Hintentry                               intentry     00020
__Hmaintext                               maintext     00000
__HnvBANK1                                nvBANK1      00000
__Hpowerup                                powerup      00000
__Hram                                    ram          00000
__Hreset_vec                              reset_vec    00002
__Hsfr0                                   sfr0         00000
__Hsfr1                                   sfr1         00000
__Hsfr10                                  sfr10        00000
__Hsfr11                                  sfr11        00000
__Hsfr12                                  sfr12        00000
__Hsfr13                                  sfr13        00000
__Hsfr14                                  sfr14        00000
__Hsfr15                                  sfr15        00000
__Hsfr16                                  sfr16        00000
__Hsfr17                                  sfr17        00000
__Hsfr18                                  sfr18        00000
__Hsfr19                                  sfr19        00000
__Hsfr2                                   sfr2         00000
__Hsfr20                                  sfr20        00000
__Hsfr21                                  sfr21        00000
__Hsfr22                                  sfr22        00000
__Hsfr23                                  sfr23        00000
__Hsfr24                                  sfr24        00000
__Hsfr25                                  sfr25        00000
__Hsfr26                                  sfr26        00000
__Hsfr27                                  sfr27        00000
__Hsfr28                                  sfr28        00000
__Hsfr29                                  sfr29        00000
__Hsfr3                                   sfr3         00000
__Hsfr30                                  sfr30        00000
__Hsfr31                                  sfr31        00000
__Hsfr4                                   sfr4         00000
__Hsfr5                                   sfr5         00000
__Hsfr6                                   sfr6         00000
__Hsfr7                                   sfr7         00000
__Hsfr8                                   sfr8         00000
__Hsfr9                                   sfr9         00000
__Hspace_0                                (abs)        08009
__Hspace_1                                (abs)        00372
__Hspace_2                                (abs)        00000
__Hspace_3                                (abs)        00000
__Hstack                                  stack        00000
__Hstrings                                strings      00000
__Hstringtext                             stringtext   00000
__Htext                                   text         00000
__Labs1                                   abs1         00000
__Lbank0                                  bank0        00000
__Lbank1                                  bank1        00000
__Lbank10                                 bank10       00000
__Lbank11                                 bank11       00000
__Lbank12                                 bank12       00000
__Lbank13                                 bank13       00000
__Lbank14                                 bank14       00000
__Lbank15                                 bank15       00000
__Lbank16                                 bank16       00000
__Lbank17                                 bank17       00000
__Lbank18                                 bank18       00000
__Lbank19                                 bank19       00000
__Lbank2                                  bank2        00000
__Lbank20                                 bank20       00000
__Lbank21                                 bank21       00000
__Lbank22                                 bank22       00000
__Lbank23                                 bank23       00000
__Lbank24                                 bank24       00000
__Lbank25                                 bank25       00000
__Lbank26                                 bank26       00000
__Lbank27                                 bank27       00000
__Lbank28                                 bank28       00000
__Lbank29                                 bank29       00000
__Lbank3                                  bank3        00000
__Lbank30                                 bank30       00000
__Lbank31                                 bank31       00000
__Lbank4                                  bank4        00000
__Lbank5                                  bank5        00000
__Lbank6                                  bank6        00000
__Lbank7                                  bank7        00000
__Lbank8                                  bank8        00000
__Lbank9                                  bank9        00000
__Lbigram                                 bigram       00000
__LbitbssBANK0                            bitbssBANK0  00000
__LbssBANK1                               bssBANK1     00000
__LbssBANK2                               bssBANK2     00000
__LbssBANK3                               bssBANK3     00000
__Lcinit                                  cinit        00022
__Lclrtext                                clrtext      00000
__Lcode                                   code         00000
__Lcommon                                 common       00000
__Lconfig                                 config       08007
__LcstackBANK0                            cstackBANK0  00000
__LcstackBANK1                            cstackBANK1  00000
__LcstackBANK3                            cstackBANK3  00000
__LcstackCOMMON                           cstackCOMMON 00000
__LdataBANK4                              dataBANK4    00000
__Leeprom_data                            eeprom_data  00000
__Lend_init                               end_init     00020
__Lfunctab                                functab      00000
__LidataBANK4                             idataBANK4   00000
__Lidloc                                  idloc        00000
__Linit                                   init         00020
__Linittext                               inittext     00000
__Lintentry                               intentry     00004
__Lmaintext                               maintext     00000
__LnvBANK1                                nvBANK1      00000
__Lpowerup                                powerup      00000
__Lram                                    ram          00000
__Lreset_vec                              reset_vec    00000
__Lsfr0                                   sfr0         00000
__Lsfr1                                   sfr1         00000
__Lsfr10                                  sfr10        00000
__Lsfr11                                  sfr11        00000
__Lsfr12                                  sfr12        00000
__Lsfr13                                  sfr13        00000
__Lsfr14                                  sfr14        00000
__Lsfr15                                  sfr15        00000
__Lsfr16                                  sfr16        00000
__Lsfr17                                  sfr17        00000
__Lsfr18                                  sfr18        00000
__Lsfr19                                  sfr19        00000
__Lsfr2                                   sfr2         00000
__Lsfr20                                  sfr20        00000
__Lsfr21                                  sfr21        00000
__Lsfr22                                  sfr22        00000
__Lsfr23                                  sfr23        00000
__Lsfr24                                  sfr24        00000
__Lsfr25                                  sfr25        00000
__Lsfr26                                  sfr26        00000
__Lsfr27                                  sfr27        00000
__Lsfr28                                  sfr28        00000
__Lsfr29                                  sfr29        00000
__Lsfr3                                   sfr3         00000
__Lsfr30                                  sfr30        00000
__Lsfr31                                  sfr31        00000
__Lsfr4                                   sfr4         00000
__Lsfr5                                   sfr5         00000
__Lsfr6                                   sfr6         00000
__Lsfr7                                   sfr7         00000
__Lsfr8                                   sfr8         00000
__Lsfr9                                   sfr9         00000
__Lspace_0                                (abs)        00000
__Lspace_1                                (abs)        00000
__Lspace_2                                (abs)        00000
__Lspace_3                                (abs)        00000
__Lstack                                  stack        00000
__Lstrings                                strings      00000
__Lstringtext                             stringtext   00000
__Ltext                                   text         00000
__S0                                      (abs)        08009
__S1                                      (abs)        00240
__S2                                      (abs)        00000
___awdiv                                  text129      014A2
___awdiv@counter                          cstackBANK0  00026
___awdiv@dividend                         cstackBANK0  00023
___awdiv@divisor                          cstackBANK0  00021
___awdiv@quotient                         cstackBANK0  00028
___awdiv@sign                             cstackBANK0  00027
___awtoft                                 text115      0109D
___awtoft@c                               cstackBANK0  00029
[...]
      Params:         0       0       0       0       0       0       0       0       0       0       0       0       0       0
      Locals:         0       0       0       0       0       0       0       0       0       0       0       0       0       0
      Temps:          0       0       0       0       0       0       0       0       0       0       0       0       0       0
      Totals:         0       0       0       0       0       0       0       0       0       0       0       0       0       0
Total ram usage:        0 bytes
 Hardware stack levels used:    1
 Hardware stack levels required when called:    5
 This function calls:
		Nothing
 This function is called by:
		_main
 This function uses a non-reentrant model


 *************** function _ISR *****************
 Defined at:
		line 116 in file "../src/MCU_B1.c"
 Parameters:    Size  Location     Type
		None
 Auto vars:     Size  Location     Type
		None
 Return value:  Size  Location     Type
		None               void
 Registers used:
		wreg, fsr1l, fsr1h, status,2, status,0, pclath, cstack
 Tracked objects:
		On entry : 
		On exit  : 
		Unchanged: 
 Data sizes:     COMMON   BANK0   BANK1   BANK2   BANK3   BANK4   BANK5   BANK6   BANK7   BANK8   BANK9  BANK10  BANK11  BANK12
      Params:         0       0       0       0       0       0       0       0       0       0       0       0       0       0
      Locals:         0       0       0       0       0       0       0       0       0       0       0       0       0       0
      Temps:          0       1       0       0       0       0       0       0       0       0       0       0       0       0
      Totals:         0       1       0       0       0       0       0       0       0       0       0       0       0       0
Total ram usage:        1 bytes
 Hardware stack levels used:    1
 Hardware stack levels required when called:    4
 This function calls:
		_IOC_ISR
		_TMR1_ISR
 This function is called by:
		Interrupt level 1
 This function uses a non-reentrant model


 *************** function _TMR1_ISR *****************
 Defined at:
		line 236 in file "../src/MCU_B1.c"
 Parameters:    Size  Location     Type
		None
 Auto vars:     Size  Location     Type
		None
 Return value:  Size  Location     Type
		None               void
 Registers used:
		wreg, fsr1l, fsr1h, status,2, status,0, pclath, cstack
 Tracked objects:
		On entry : 
		On exit  : 
		Unchanged: 
 Data sizes:     COMMON   BANK0   BANK1   BANK2   BANK3   BANK4   BANK5   BANK6   BANK7   BANK8   BANK9  BANK10  BANK11  BANK12
      Params:         0       0       0       0       0       0       0       0       0       0       0       0       0       0
      Locals:         0       0       0       0       0       0       0       0       0       0       0       0       0       0
      Temps:          0       0       0       0       0       0       0       0       0       0       0       0       0       0
      Totals:         0       0       0       0       0       0       0       0       0       0       0       0       0       0
Total ram usage:        0 bytes
 Hardware stack levels used:    1
 Hardware stack levels required when called:    1
 This function calls:
		_DimmerLights_TMR_1
 This function is called by:
		_ISR
 This function uses a non-reentrant model


 *************** function _DimmerLights_TMR_1 *****************
 Defined at:
		line 1331 in file "../src/Dimmer_B1.c"
 Parameters:    Size  Location     Type
		None
 Auto vars:     Size  Location     Type
  count           1    1[COMMON] unsigned char 
 Return value:  Size  Location     Type
		None               void
 Registers used:
		wreg, status,2, status,0
 Tracked objects:
		On entry : 
		On exit  : 
		Unchanged: 
 Data sizes:     COMMON   BANK0   BANK1   BANK2   BANK3   BANK4   BANK5   BANK6   BANK7   BANK8   BANK9  BANK10  BANK11  BANK12
      Params:         0       0       0       0       0       0       0       0       0       0       0       0       0       0
      Locals:         1       0       0       0       0       0       0       0       0       0       0       0       0       0
      Temps:          1       0       0       0       0       0       0       0       0       0       0       0       0       0
      Totals:         2       0       0       0       0       0       0       0       0       0       0       0       0       0
Total ram usage:        2 bytes
 Hardware stack levels used:    1
 This function calls:
		Nothing
 This function is called by:
		_TMR1_ISR
 This function uses a non-reentrant model


 *************** function _IOC_ISR *****************
 Defined at:
		line 394 in file "../src/MCU_B1.c"
 Parameters:    Size  Location     Type
		None
 Auto vars:     Size  Location     Type
		None
 Return value:  Size  Location     Type
		None               void
 Registers used:
		wreg, status,2, status,0, pclath, cstack
 Tracked objects:
		On entry : 
		On exit  : 
		Unchanged: 
 Data sizes:     COMMON   BANK0   BANK1   BANK2   BANK3   BANK4   BANK5   BANK6   BANK7   BANK8   BANK9  BANK10  BANK11  BANK12
      Params:         0       0       0       0       0       0       0       0       0       0       0       0       0       0
      Locals:         0       0       0       0       0       0       0       0       0       0       0       0       0       0
      Temps:          0       0       0       0       0       0       0       0       0       0       0       0       0       0
      Totals:         0       0       0       0       0       0       0       0       0       0       0       0       0       0
Total ram usage:        0 bytes
 Hardware stack levels used:    1
 Hardware stack levels required when called:    3
 This function calls:
		_DimmerLights_IOC_1
 This function is called by:
		_ISR
 This function uses a non-reentrant model


 *************** function _DimmerLights_IOC_1 *****************
 Defined at:
		line 1443 in file "../src/Dimmer_B1.c"
 Parameters:    Size  Location     Type
		None
 Auto vars:     Size  Location     Type
  dimming         1   13[COMMON] unsigned char 
  count           1   12[COMMON] unsigned char 
 Return value:  Size  Location     Type
		None               void
 Registers used:
		wreg, status,2, status,0, pclath, cstack
 Tracked objects:
		On entry : 
		On exit  : 
		Unchanged: 
 Data sizes:     COMMON   BANK0   BANK1   BANK2   BANK3   BANK4   BANK5   BANK6   BANK7   BANK8   BANK9  BANK10  BANK11  BANK12
      Params:         0       0       0       0       0       0       0       0       0       0       0       0       0       0
      Locals:         2       0       0       0       0       0       0       0       0       0       0       0       0       0
      Temps:          2       0       0       0       0       0       0       0       0       0       0       0       0       0
      Totals:         4       0       0       0       0       0       0       0       0       0       0       0       0       0
Total ram usage:        4 bytes
 Hardware stack levels used:    1
 Hardware stack levels required when called:    2
 This function calls:
		_Division
 This function is called by:
		_IOC_ISR
 This function uses a non-reentrant model


 *************** function _Division *****************
 Defined at:
		line 1326 in file "../src/Dimmer_B1.c"
 Parameters:    Size  Location     Type
  value           1    wreg     unsigned char 
  num             1    5[COMMON] unsigned char 
 Auto vars:     Size  Location     Type
  value           1    8[COMMON] unsigned char 
  result          1    9[COMMON] unsigned char 
 Return value:  Size  Location     Type
                  1    wreg      unsigned char 
 Registers used:
		wreg, status,2, status,0, pclath, cstack
 Tracked objects:
		On entry : 
		On exit  : 
		Unchanged: 
 Data sizes:     COMMON   BANK0   BANK1   BANK2   BANK3   BANK4   BANK5   BANK6   BANK7   BANK8   BANK9  BANK10  BANK11  BANK12
      Params:         1       0       0       0       0       0       0       0       0       0       0       0       0       0
      Locals:         2       0       0       0       0       0       0       0       0       0       0       0       0       0
      Temps:          2       0       0       0       0       0       0       0       0       0       0       0       0       0
      Totals:         5       0       0       0       0       0       0       0       0       0       0       0       0       0
Total ram usage:        5 bytes
 Hardware stack levels used:    1
 Hardware stack levels required when called:    1
 This function calls:
		___lbdiv
 This function is called by:
		_DimmerLights_IOC_1
 This function uses a non-reentrant model


 *************** function ___lbdiv *****************
 Defined at:
		line 4 in file "C:\Program Files (x86)\Microchip\xc8\v1.32\sources\common\lbdiv.c"
 Parameters:    Size  Location     Type
  dividend        1    wreg     unsigned char 
  divisor         1    0[COMMON] unsigned char 
 Auto vars:     Size  Location     Type
  dividend        1    2[COMMON] unsigned char 
  quotient        1    4[COMMON] unsigned char 
  counter         1    3[COMMON] unsigned char 
 Return value:  Size  Location     Type
                  1    wreg      unsigned char 
 Registers used:
		wreg, status,2, status,0
 Tracked objects:
		On entry : 
		On exit  : 
		Unchanged: 
 Data sizes:     COMMON   BANK0   BANK1   BANK2   BANK3   BANK4   BANK5   BANK6   BANK7   BANK8   BANK9  BANK10  BANK11  BANK12
      Params:         1       0       0       0       0       0       0       0       0       0       0       0       0       0
      Locals:         3       0       0       0       0       0       0       0       0       0       0       0       0       0
      Temps:          1       0       0       0       0       0       0       0       0       0       0       0       0       0
      Totals:         5       0       0       0       0       0       0       0       0       0       0       0       0       0
Total ram usage:        5 bytes
 Hardware stack levels used:    1
 This function calls:
		Nothing
 This function is called by:
		_Division
 This function uses a non-reentrant model



MODULE INFORMATION

Module		Function		Class		Link	Load	Size
C:\Program Files (x86)\Microchip\xc8\v1.32\sources\common\float.c
		___ftpack      		CODE           	1608	0000	97

C:\Program Files (x86)\Microchip\xc8\v1.32\sources\common\float.c estimated size: 97

../src/OverLoad_B1.c
		_getLoad_AD    		CODE           	0ABA	0000	114
		_getLoad_OK    		CODE           	1BAF	0000	8
		_Load_Initializ		CODE           	1B4F	0000	3
		_Load_Main     		CODE           	004A	0000	432
		_setLoad_AH_AL_		CODE           	1000	0000	28

../src/OverLoad_B1.c estimated size: 585

C:\Program Files (x86)\Microchip\xc8\v1.32\sources\common\awtoft.c
		___awtoft      		CODE           	109D	0000	34

C:\Program Files (x86)\Microchip\xc8\v1.32\sources\common\awtoft.c estimated size: 34

../src/MCU_B1.c
		_Fosc_Set      		CODE           	1B6B	0000	4
		_IO_Set        		CODE           	1F3C	0000	26
		_WDT_Set       		CODE           	1C0D	0000	11
		_WDT_Main      		CODE           	1DA1	0000	18
		_ADC_Set       		CODE           	1BA1	0000	7
		_IOC_ISR       		CODE           	1BC7	0000	9
		_ISR           		CODE           	0004	0000	28
		_Flash_Memory_W		CODE           	1132	0000	47
		_Flash_Memory_M		CODE           	0B2C	0000	121
		_IOC_Set       		CODE           	1C02	0000	11
		_WDT_Clearing  		CODE           	0002	0000	2
		_setMemory_Modi		CODE           	1DB3	0000	19
		_Mcu_Initializa		CODE           	1D8F	0000	18
		_setMemory_Data		CODE           	1C6B	0000	12
		_Flash_Memory_I		CODE           	0476	0000	243
		_getAD         		CODE           	107C	0000	33
		_TMR1_Set      		CODE           	1C83	0000	12
		_setMemory_Loop		CODE           	1DEC	0000	19
		_Flash_Memory_U		CODE           	1BD9	0000	9
		_Flash_Memory_R		CODE           	1F22	0000	26
		_Flash_Memory_E		CODE           	1C77	0000	12
		_TMR1_ISR      		CODE           	1FC4	0000	30
		_Flash_Memory_M		CODE           	1390	0000	65

../src/MCU_B1.c estimated size: 782

C:\Program Files (x86)\Microchip\xc8\v1.32\sources\common\ftmul.c
		___ftmul       		CODE           	0E91	0000	180

C:\Program Files (x86)\Microchip\xc8\v1.32\sources\common\ftmul.c estimated size: 180

../src/Buzzer_B1.c
		_Buzzer_Main   		CODE           	1458	0000	74
		_setBuz        		CODE           	14F6	0000	89
		_getBuz_GO     		CODE           	1D26	0000	17
		_Buzzer_Initial		CODE           	1B4C	0000	3

../src/Buzzer_B1.c estimated size: 183

../src/LED_B1.c
		_setLED        		CODE           	12DA	0000	57
		_LED_Main      		CODE           	1B67	0000	4
		_setLED_Initial		CODE           	1D7D	0000	18
		_LedPointSelect		CODE           	1C5F	0000	12
		_setLED_Main   		CODE           	11FD	0000	54
		_LED_Initializa		CODE           	1B63	0000	4

../src/LED_B1.c estimated size: 149

../src/OverTemperature_B1.c
		_Temp_Initializ		CODE           	1B58	0000	3
		_Temp_Main     		CODE           	07FD	0000	3
		_setTemp_Initia		CODE           	1B4B	0000	1
		_getTemp_AD    		CODE           	1350	0000	64
		_setTemp_Main  		CODE           	0DE1	0000	176

../src/OverTemperature_B1.c estimated size: 247

../src/CC2500_B1.c
		_DelayTime_1us 		CODE           	10E4	0000	38
		_CC2500_Frequen		CODE           	1C8F	0000	12
		_CC2500_SIDLEMo		CODE           	1B7B	0000	4
		_CC2500_PowerOn		CODE           	1E3B	0000	21
		_CC2500_WriteBy		CODE           	1F09	0000	25
		_CC2500_RxData 		CODE           	08F9	0000	110
		_CC2500_TxData 		CODE           	088C	0000	109
		_CC2500_ClearRX		CODE           	1B73	0000	4
		_CC2500_ClearTX		CODE           	1B77	0000	4
		_CC2500_InitPAT		CODE           	101C	0000	31
		_CC2500_WriteRE		CODE           	0800	0000	35
		_CC2500_ReadSta		CODE           	10BF	0000	37
		_CC2500_PowerRS		CODE           	1414	0000	68
		_CC2500_ReadByt		CODE           	1FA7	0000	29
		_CC2500_InitSet		CODE           	07D3	0000	42
		_CC2500_WriteCo		CODE           	1F56	0000	26

../src/CC2500_B1.c estimated size: 595

C:\Program Files (x86)\Microchip\xc8\v1.32\sources\common\fttol.c
		___fttol       		CODE           	0C25	0000	135

C:\Program Files (x86)\Microchip\xc8\v1.32\sources\common\fttol.c estimated size: 135

C:\Program Files (x86)\Microchip\xc8\v1.32\sources\common\lwdiv.c
		___lwdiv       		CODE           	126A	0000	55

C:\Program Files (x86)\Microchip\xc8\v1.32\sources\common\lwdiv.c estimated size: 55

../src/RF_Control_B1.c
		_RF_Initializat		CODE           	1B52	0000	3
		_getRxData     		CODE           	0A48	0000	114
		_setRF_Main    		CODE           	0569	0000	215
		_getRF_KeyStatu		CODE           	1D37	0000	17
		_setRF_Initiali		CODE           	1C18	0000	11
		_setTxData     		CODE           	0F45	0000	187
		_setRF_TimeoutC		CODE           	1B6F	0000	4
		_RF_Timeout_Cou		CODE           	1E26	0000	21
		_setRFSW_Contro		CODE           	13D1	0000	67
		_setRF_Learn   		CODE           	1E12	0000	20
		_setRF_Transcei		CODE           	1DC6	0000	19
		_RF_Main       		CODE           	1B55	0000	3
		_setRFSW_AdjCon		CODE           	0BA5	0000	128
		_setRF_DimmerLi		CODE           	16CE	0000	101
		_setControl_Lig		CODE           	09D6	0000	114
		_setLog_Code   		CODE           	1194	0000	52
		_RF_RxDisable  		CODE           	1CC3	0000	15

../src/RF_Control_B1.c estimated size: 1091

C:\Program Files (x86)\Microchip\xc8\v1.32\sources\common\awdiv.c
		___awdiv       		CODE           	14A2	0000	84

C:\Program Files (x86)\Microchip\xc8\v1.32\sources\common\awdiv.c estimated size: 84

../src/Main_B1.c
		_Exception_Main		CODE           	0640	0000	213
		_my_MainTimer  		CODE           	1313	0000	61
		_setProductData		CODE           	1C3B	0000	12
		_main          		CODE           	154F	0000	91
		_Timeout_Counte		CODE           	1E91	0000	22
		_myMain_Initial		CODE           	1DFF	0000	19
		_getMain_All_Er		CODE           	1161	0000	51
		_set_TimeoutCle		CODE           	1B83	0000	5
		_getCmd_Status 		CODE           	1D59	0000	18
		_getMain_Lights		CODE           	1BF7	0000	11
		_getMain_All_Li		CODE           	1BE2	0000	10
		_setCmd_Status 		CODE           	1EF0	0000	25

../src/Main_B1.c estimated size: 538

C:\Program Files (x86)\Microchip\xc8\v1.32\sources\common\ftadd.c
		___ftadd       		CODE           	0380	0000	246

C:\Program Files (x86)\Microchip\xc8\v1.32\sources\common\ftadd.c estimated size: 246

C:\Program Files (x86)\Microchip\xc8\v1.32\sources\common\Umul16.c
		___wmul        		CODE           	1FE2	0000	30

C:\Program Files (x86)\Microchip\xc8\v1.32\sources\common\Umul16.c estimated size: 30

C:\Program Files (x86)\Microchip\xc8\v1.32\sources\common\Umul8.c
		___bmul        		CODE           	1D6B	0000	18

C:\Program Files (x86)\Microchip\xc8\v1.32\sources\common\Umul8.c estimated size: 18

shared
		_CC2500_patable		STRCODE        	185E	0000	8
		_CC2500_rfSetti		STRCODE        	182F	0000	47
		__initializatio		CODE           	0022	0000	36
		_CC2500_registe		STRCODE        	1800	0000	47

shared estimated size: 138

C:\Program Files (x86)\Microchip\xc8\v1.32\sources\common\ftneg.c
		___ftneg       		CODE           	1BD0	0000	9

C:\Program Files (x86)\Microchip\xc8\v1.32\sources\common\ftneg.c estimated size: 9

../src/Switch_B1.c
		_Switch_Main   		CODE           	1BA8	0000	7
		_SwPointSelect 		CODE           	1C9B	0000	12
		_TouchPower    		CODE           	1E50	0000	21
		_setSw_Main    		CODE           	01FA	0000	390
		_getAll_Sw_KeyS		CODE           	1D15	0000	17
		_getSw_KeyStatu		CODE           	1D48	0000	17
		_setSw_Initiali		CODE           	1CD2	0000	16
		_Switch_Initial		CODE           	1B7F	0000	4

../src/Switch_B1.c estimated size: 484

../src/Dimmer_B1.c
		_getDimmerLight		CODE           	1CE2	0000	17
		_DimmerLights_S		CODE           	1C2F	0000	12
		_setDimmerLight		CODE           	12A1	0000	57
		_setDimmerIntr_		CODE           	1EBF	0000	24
		_DimmerLights_M		CODE           	1F8B	0000	28
		_setDimmerLight		CODE           	11C8	0000	53
		_DimmerIntr_Ini		CODE           	1ED7	0000	25
		_getDimmerIntr_		CODE           	1CB4	0000	15
		_getAll_DimmerI		CODE           	1DD9	0000	19
		_getDimmerLight		CODE           	1BEC	0000	11
		_setDimmerIntr_		CODE           	1C47	0000	12
		_setDimmerIntr_		CODE           	1C53	0000	12
		_Division      		CODE           	1CA7	0000	13
		_setDimmerLight		CODE           	1CF3	0000	17
		_getDimmerLight		CODE           	1669	0000	101
		_getDimmerLight		CODE           	1733	0000	101
		_getDimmer_Load		CODE           	1BB7	0000	8
		_setDimmerLight		CODE           	1B4A	0000	1
		_setDimmerLight		CODE           	15AA	0000	94
		_setDimmerLight		CODE           	110A	0000	40
		_setDimmerLight		CODE           	1F70	0000	27
		_DimmerLights_I		CODE           	1B9A	0000	7
		_getDimmer_Load		CODE           	1BBF	0000	8
		_setDimmerLight		CODE           	1798	0000	104
		_setDimmerIntr_		CODE           	1E7B	0000	22
		_DimmerLights_I		CODE           	1233	0000	55
		_getDimmerLight		CODE           	1E65	0000	22
		_setDimmerLight		CODE           	0715	0000	190
		_DimmerLights_T		CODE           	0823	0000	105
		_setDimmerIntr_		CODE           	1EA7	0000	24

../src/Dimmer_B1.c estimated size: 1224

../src/DelayOff_B1.c
		_DelayOff_Initi		CODE           	1B5B	0000	4
		_DlyOff_Main   		CODE           	0967	0000	111
		_DelayOff_Main 		CODE           	1B5F	0000	4
		_DelayOffPointS		CODE           	1C23	0000	12
		_getDelayOff_GO		CODE           	1D04	0000	17
		_setDelayOff_GO		CODE           	0CAC	0000	140
		_DlyOff_Initial		CODE           	1B88	0000	6

../src/DelayOff_B1.c estimated size: 294

C:\Program Files (x86)\Microchip\xc8\v1.32\sources\common\lbdiv.c
		___lbdiv       		CODE           	105B	0000	33

C:\Program Files (x86)\Microchip\xc8\v1.32\sources\common\lbdiv.c estimated size: 33

C:\Program Files (x86)\Microchip\xc8\v1.32\sources\pic\ftdiv.c
		___ftdiv       		CODE           	0D38	0000	169

C:\Program Files (x86)\Microchip\xc8\v1.32\sources\pic\ftdiv.c estimated size: 169

