Microchip MPLAB XC8 Compiler V1.32 ()

Linker command line:

--edf=C:\Program Files (x86)\Microchip\xc8\v1.32\dat\en_msgs.txt -cs \
  -h+dist/default/production\1-8-1.Switch_1Key_Dimmer_MOSFET.X.production.sym \
  --cmf=dist/default/production\1-8-1.Switch_1Key_Dimmer_MOSFET.X.production.cmf \
  -z -Q16F1518 -oC:\Users\taianluo\AppData\Local\Temp\s778.6 \
  -Mdist/default/production/1-8-1.Switch_1Key_Dimmer_MOSFET.X.production.map \
  -E1 -ver=XC8 -ASTACK=02164h-0231fh -pstack=STACK -ACONST=00h-0FFhx64 \
  -ACODE=00h-07FFhx8 -ASTRCODE=00h-03FFFh -AENTRY=00h-0FFhx64 \
  -ASTRING=00h-0FFhx64 -ACOMMON=070h-07Fh -ABANK0=020h-06Fh \
  -ABANK1=0A0h-0EFh -ABANK2=0120h-016Fh -ABANK3=01A0h-01EFh \
  -ABANK4=0220h-026Fh -ABANK5=02A0h-02EFh -ABANK6=0320h-036Fh \
  -ABANK7=03A0h-03EFh -ABANK8=0420h-046Fh -ABANK9=04A0h-04EFh \
  -ABANK10=0520h-056Fh -ABANK11=05A0h-05EFh -ABANK12=0620h-064Fh \
  -ABIGRAM=02000h-023EFh \
  -ARAM=020h-06Fh,0A0h-0EFh,0120h-016Fh,01A0h-01EFh,0220h-026Fh,02A0h-02EFh,0320h-036Fh,03A0h-03EFh,0420h-046Fh,04A0h-04EFh,0520h-056Fh,05A0h-05EFh,0620h-064Fh \
  -AABS1=020h-07Fh,0A0h-0EFh,0120h-016Fh,01A0h-01EFh,0220h-026Fh,02A0h-02EFh,0320h-036Fh,03A0h-03EFh,0420h-046Fh,04A0h-04EFh,0520h-056Fh,05A0h-05EFh,0620h-064Fh \
  -ASFR0=00h-01Fh -ASFR1=080h-09Fh -ASFR2=0100h-011Fh -ASFR3=0180h-019Fh \
  -ASFR4=0200h-021Fh -ASFR5=0280h-029Fh -ASFR6=0300h-031Fh \
  -ASFR7=0380h-039Fh -ASFR8=0400h-041Fh -ASFR9=0480h-049Fh \
  -ASFR10=0500h-051Fh -ASFR11=0580h-059Fh -ASFR12=0600h-061Fh \
  -ASFR13=0680h-06EFh -ASFR14=0700h-076Fh -ASFR15=0780h-07EFh \
  -ASFR16=0800h-086Fh -ASFR17=0880h-08EFh -ASFR18=0900h-096Fh \
  -ASFR19=0980h-09EFh -ASFR20=0A00h-0A6Fh -ASFR21=0A80h-0AEFh \
  -ASFR22=0B00h-0B6Fh -ASFR23=0B80h-0BEFh -ASFR24=0C00h-0C6Fh \
  -ASFR25=0C80h-0CEFh -ASFR26=0D00h-0D6Fh -ASFR27=0D80h-0DEFh \
  -ASFR28=0E00h-0E6Fh -ASFR29=0E80h-0EEFh -ASFR30=0F00h-0F6Fh \
  -ASFR31=0F80h-0FEFh -preset_vec=00h,intentry=04h,init,end_init \
  -ppowerup=CODE -pcinit=CODE -pfunctab=CODE -ACONFIG=08007h-08008h \
  -pconfig=CONFIG -DCONFIG=2 -AIDLOC=08000h-08003h -pidloc=IDLOC -DIDLOC=2 \
  -DCODE=2 -DSTRCODE=2 -DSTRING=2 -DCONST=2 -DENTRY=2 -k \
  C:\Users\taianluo\AppData\Local\Temp\s778.obj \
  dist/default/production\1-8-1.Switch_1Key_Dimmer_MOSFET.X.production.obj 

Object code version is 3.11

Machine type is 16F1518



                Name                               Link     Load   Length Selector   Space Scale
C:\Users\taianluo\AppData\Local\Temp\s778.obj
                end_init                             20       20        2        8       0
                reset_vec                             0        0        2        0       0
                config                             8007     8007        2    1000E       0
dist/default/production\1-8-1.Switch_1Key_Dimmer_MOSFET.X.production.obj
                cinit                                22       22       2F        8       0
                intentry                              4        4       1C        8       0
                text143                            1C00     1C00        9     3800       0
                text142                            1C09     1C09        9     3812       0
                text141                            1081     1081       21     2102       0
                text140                            1CCD     1CCD        D     399A       0
                text139                             DE4      DE4       AD     1BC8       0
                text138                            1023     1023       1F     2046       0
                text136                            1B87     1B87        3     370E       0
                text135                            140B     140B       4A     2816       0
                text134                            1C2E     1C2E        B     385C       0
                text133                            1BC1     1BC1        6     3782       0
                text132                            1B99     1B99        4     3732       0
                text131                            1C39     1C39        B     3872       0
                text130                            1D14     1D14       10     3A28       0
                text129                            1315     1315       39     262A       0
                text128                            14A7     14A7       54     294E       0
                text127                            1550     1550       59     2AA0       0
                text126                            11A5     11A5       33     234A       0
                text125                            1CE7     1CE7        F     39CE       0
                text124                             843      843       6F     1086       0
                text123                            1B9D     1B9D        4     373A       0
                text122                            1F30     1F30       19     3E60       0
                text121                            1B85     1B85        1     370A       0
                text120                            1BD3     1BD3        7     37A6       0
                text119                            11D8     11D8       33     23B0       0
                text118                            1BE8     1BE8        8     37D0       0
                text117                            1EA7     1EA7       16     3D4E       0
                text116                            1CF6     1CF6        F     39EC       0
                text115                            1663     1663       61     2CC6       0
                text114                            10E4     10E4       22     21C8       0
                text113                             46E      46E       F6        8       0
                text112                             D3B      D3B       A9     1A76       0
                text111                            1C12     1C12        9     3824       0
                text110                             B7E      B7E       87     16FC       0
                text109                             A09      A09       7A     1412       0
                text108                            1EBD     1EBD       16     3D7A       0
                text107                            1CDA     1CDA        D     39B4       0
                text106                            1D44     1D44       11     3A88       0
                text105                            1604     1604       5F     2C08       0
                text104                            1DE1     1DE1       13     3BC2       0
                text103                             F45      F45       BB     1E8A       0
                text102                            14FB     14FB       55     29F6       0
                text101                            1D99     1D99       12     3B32       0
                text100                            1D24     1D24       10     3A48       0
                text99                              E91      E91       B4     1D22       0
                text98                              A83      A83       7A     1506       0
                text97                             1C24     1C24        A     3848       0
                text96                             1F49     1F49       19     3E92       0
                text95                             1DAB     1DAB       12     3B56       0
                text94                              C05      C05       8E     180A       0
                text93                             1F00     1F00       18     3E00       0
                text92                             1C91     1C91        C     3922       0
                text91                             1F18     1F18       18     3E30       0
                text90                             1C44     1C44        B     3888       0
                text89                             1272     1272       36     24E4       0
                text88                              711      711       C5        8       0
                text87                             1793     1793       6D     2F26       0
                text86                             1FC8     1FC8       1C     3F90       0
                text85                             1C4F     1C4F        B     389E       0
                text84                              63F      63F       D2        8       0
                text83                             1F94     1F94       1A     3F28       0
                text82                             1C1B     1C1B        9     3836       0
                text81                             1176     1176       2F     22EC       0
                text80                             1C9D     1C9D        C     393A       0
                text79                              372      372       FC        8       0
                text78                             1CA9     1CA9        C     3952       0
                text77                             1455     1455       52     28AA       0
                text76                             12A8     12A8       36     2550       0
                text75                             1D55     1D55       11     3AAA       0
                text74                             1BA1     1BA1        4     3742       0
                text73                             120B     120B       33     2416       0
                text72                             1BA5     1BA5        4     374A       0
                text71                             1FE4     1FE4       1C     3FC8       0
                text70                             1B8A     1B8A        3     3714       0
                text69                             12DE     12DE       37     25BC       0
                text68                             1005     1005       1E     200A       0
                text67                             1DF4     1DF4       13     3BE8       0
                text66                             1BF0     1BF0        8     37E0       0
                text65                             1BF8     1BF8        8     37F0       0
                text64                             1C5A     1C5A        B     38B4       0
                text63                               51       51      1B0        8       0
                text62                             1BDA     1BDA        7     37B4       0
                text61                             1BA9     1BA9        4     3752       0
                text60                             1C65     1C65        B     38CA       0
                text59                             1FAE     1FAE       1A     3F5C       0
                text58                             1CB5     1CB5        C     396A       0
                text57                             1C70     1C70        B     38E0       0
                text56                             1DBD     1DBD       12     3B7A       0
                text55                             1C7B     1C7B        B     38F6       0
                text54                             1B8D     1B8D        3     371A       0
                text53                             1E40     1E40       14     3C80       0
                text52                             1E68     1E68       15     3CD0       0
                text51                             1BAD     1BAD        4     375A       0
                text50                             1F62     1F62       19     3EC4       0
                text49                             1BB1     1BB1        4     3762       0
                text48                             1BB5     1BB5        4     376A       0
                text47                             1128     1128       26     2250       0
                text46                             1CC1     1CC1        C     3982       0
                text45                             10A2     10A2       21     2144       0
                text44                             1042     1042       1F     2084       0
                text43                              7D6      7D6       2A        8       0
                text42                              800      800       43     1000       0
                text41                             1BB9     1BB9        4     3772       0
                text40                             1E7D     1E7D       15     3CFA       0
                text39                             1EE9     1EE9       17     3DD2       0
                text38                             1106     1106       22     220C       0
                text37                             172A     172A       69     2E54       0
                text36                             16C4     16C4       66     2D88       0
                text35                             1D05     1D05        F     3A0A       0
                text34                             1D66     1D66       11     3ACC       0
                text33                             1D77     1D77       11     3AEE       0
                text32                             1F7B     1F7B       19     3EF6       0
                text31                             1E07     1E07       13     3C0E       0
                text30                              AFD      AFD       81     15FA       0
                text29                             138B     138B       40     2716       0
                text28                              8B2      8B2       71     1164       0
                text27                             1E1A     1E1A       13     3C34       0
                text26                             123E     123E       34     247C       0
                text25                              995      995       74     132A       0
                text24                              564      564       DB        8       0
                text23                             1B90     1B90        3     3720       0
                text22                             1D34     1D34       10     3A68       0
                text21                             1BBD     1BBD        4     377A       0
                text20                             1ED3     1ED3       16     3DA6       0
                text19                             1000     1000        5     1E8A       0
                text18                             1E92     1E92       15     3D24       0
                text17                             1C86     1C86        B     390C       0
                text16                             1D88     1D88       11     3B10       0
                text15                             114E     114E       28     229C       0
                text14                             1E54     1E54       14     3CA8       0
                text13                              201      201      171        8       0
                text12                             1BE1     1BE1        7     37C2       0
                text11                             1B86     1B86        1     370C       0
                text10                             1B93     1B93        3     3726       0
                text9                               C93      C93       A8     1926       0
                text8                              1B96     1B96        3     372C       0
                text7                                 2        2        2        0       0
                text6                              1DCF     1DCF       12     3B9E       0
                text5                              10C3     10C3       21     2186       0
                text4                               923      923       72     1246       0
                text3                              13CB     13CB       40     2796       0
                text2                              1E2D     1E2D       13     3C5A       0
                text1                              134E     134E       3D     269C       0
                maintext                           15A9     15A9       5B     2B52       0
                cstackBANK0                          20       20       43       20       1
                cstackCOMMON                         70       70        D       70       1
                cstackBANK1                          DB       DB       14       A0       1
                cstackBANK2                         16E      16E        2      120       1
                cstackBANK3                         1EC      1EC        1      1A0       1
                cstackBANK4                         240      240        4      220       1
                inittext                           1BC7     1BC7        6     378E       0
                clrtext                            1BCD     1BCD        6     379A       0
                dataBANK4                           220      220       20      220       1
                bssBANK3                            1A0      1A0       4C      1A0       1
                bssBANK2                            120      120       4E      120       1
                bssBANK1                             A0       A0       3B       A0       1
                bssBANK0                             63       63        6       20       1
                bitbssBANK0                         348       69        1       20       1     8
                bitbssCOMMON                        3E8       7D        1       70       1     8
                nvBANK1                              EF       EF        1       A0       1
                stringtext                         1800     1800       66       30       0
                idataBANK4                         1061     1061       20     20C2       0

TOTAL           Name                               Link     Load   Length     Space
        CLASS   STACK          

        CLASS   CONST          

        CLASS   CODE           
                end_init                             20       20        2         0
                cinit                                22       22       2F         0
                intentry                              4        4       1C         0
                reset_vec                             0        0        2         0
                text143                            1C00     1C00        9         0
                text142                            1C09     1C09        9         0
                text141                            1081     1081       21         0
                text140                            1CCD     1CCD        D         0
                text139                             DE4      DE4       AD         0
                text138                            1023     1023       1F         0
                text136                            1B87     1B87        3         0
                text135                            140B     140B       4A         0
                text134                            1C2E     1C2E        B         0
                text133                            1BC1     1BC1        6         0
                text132                            1B99     1B99        4         0
                text131                            1C39     1C39        B         0
                text130                            1D14     1D14       10         0
                text129                            1315     1315       39         0
                text128                            14A7     14A7       54         0
                text127                            1550     1550       59         0
                text126                            11A5     11A5       33         0
                text125                            1CE7     1CE7        F         0
                text124                             843      843       6F         0
                text123                            1B9D     1B9D        4         0
                text122                            1F30     1F30       19         0
                text121                            1B85     1B85        1         0
                text120                            1BD3     1BD3        7         0
                text119                            11D8     11D8       33         0
                text118                            1BE8     1BE8        8         0
                text117                            1EA7     1EA7       16         0
                text116                            1CF6     1CF6        F         0
                text115                            1663     1663       61         0
                text114                            10E4     10E4       22         0
                text113                             46E      46E       F6         0
                text112                             D3B      D3B       A9         0
                text111                            1C12     1C12        9         0
                text110                             B7E      B7E       87         0
                text109                             A09      A09       7A         0
                text108                            1EBD     1EBD       16         0
                text107                            1CDA     1CDA        D         0
                text106                            1D44     1D44       11         0
                text105                            1604     1604       5F         0
                text104                            1DE1     1DE1       13         0
                text103                             F45      F45       BB         0
                text102                            14FB     14FB       55         0
                text101                            1D99     1D99       12         0
                text100                            1D24     1D24       10         0
                text99                              E91      E91       B4         0
                text98                              A83      A83       7A         0
                text97                             1C24     1C24        A         0
                text96                             1F49     1F49       19         0
                text95                             1DAB     1DAB       12         0
                text94                              C05      C05       8E         0
                text93                             1F00     1F00       18         0
                text92                             1C91     1C91        C         0
                text91                             1F18     1F18       18         0
                text90                             1C44     1C44        B         0
                text89                             1272     1272       36         0
                text88                              711      711       C5         0
                text87                             1793     1793       6D         0
                text86                             1FC8     1FC8       1C         0
                text85                             1C4F     1C4F        B         0
                text84                              63F      63F       D2         0
                text83                             1F94     1F94       1A         0
                text82                             1C1B     1C1B        9         0
                text81                             1176     1176       2F         0
                text80                             1C9D     1C9D        C         0
                text79                              372      372       FC         0
                text78                             1CA9     1CA9        C         0
                text77                             1455     1455       52         0
                text76                             12A8     12A8       36         0
                text75                             1D55     1D55       11         0
                text74                             1BA1     1BA1        4         0
                text73                             120B     120B       33         0
                text72                             1BA5     1BA5        4         0
                text71                             1FE4     1FE4       1C         0
                text70                             1B8A     1B8A        3         0
                text69                             12DE     12DE       37         0
                text68                             1005     1005       1E         0
                text67                             1DF4     1DF4       13         0
                text66                             1BF0     1BF0        8         0
                text65                             1BF8     1BF8        8         0
                text64                             1C5A     1C5A        B         0
                text63                               51       51      1B0         0
                text62                             1BDA     1BDA        7         0
                text61                             1BA9     1BA9        4         0
                text60                             1C65     1C65        B         0
                text59                             1FAE     1FAE       1A         0
                text58                             1CB5     1CB5        C         0
                text57                             1C70     1C70        B         0
                text56                             1DBD     1DBD       12         0
                text55                             1C7B     1C7B        B         0
                text54                             1B8D     1B8D        3         0
                text53                             1E40     1E40       14         0
                text52                             1E68     1E68       15         0
                text51                             1BAD     1BAD        4         0
                text50                             1F62     1F62       19         0
                text49                             1BB1     1BB1        4         0
                text48                             1BB5     1BB5        4         0
                text47                             1128     1128       26         0
                text46                             1CC1     1CC1        C         0
                text45                             10A2     10A2       21         0
                text44                             1042     1042       1F         0
                text43                              7D6      7D6       2A         0
                text42                              800      800       43         0
                text41                             1BB9     1BB9        4         0
                text40                             1E7D     1E7D       15         0
                text39                             1EE9     1EE9       17         0
                text38                             1106     1106       22         0
                text37                             172A     172A       69         0
                text36                             16C4     16C4       66         0
                text35                             1D05     1D05        F         0
                text34                             1D66     1D66       11         0
                text33                             1D77     1D77       11         0
                text32                             1F7B     1F7B       19         0
                text31                             1E07     1E07       13         0
                text30                              AFD      AFD       81         0
                text29                             138B     138B       40         0
                text28                              8B2      8B2       71         0
                text27                             1E1A     1E1A       13         0
                text26                             123E     123E       34         0
                text25                              995      995       74         0
                text24                              564      564       DB         0
                text23                             1B90     1B90        3         0
                text22                             1D34     1D34       10         0
                text21                             1BBD     1BBD        4         0
                text20                             1ED3     1ED3       16         0
                text19                             1000     1000        5         0
                text18                             1E92     1E92       15         0
                text17                             1C86     1C86        B         0
                text16                             1D88     1D88       11         0
                text15                             114E     114E       28         0
                text14                             1E54     1E54       14         0
                text13                              201      201      171         0
                text12                             1BE1     1BE1        7         0
                text11                             1B86     1B86        1         0
                text10                             1B93     1B93        3         0
                text9                               C93      C93       A8         0
                text8                              1B96     1B96        3         0
                text7                                 2        2        2         0
                text6                              1DCF     1DCF       12         0
                text5                              10C3     10C3       21         0
                text4                               923      923       72         0
                text3                              13CB     13CB       40         0
                text2                              1E2D     1E2D       13         0
                text1                              134E     134E       3D         0
                maintext                           15A9     15A9       5B         0
                inittext                           1BC7     1BC7        6         0
                clrtext                            1BCD     1BCD        6         0
                idataBANK4                         1061     1061       20         0

        CLASS   STRCODE        
                stringtext                         1800     1800       66         0

        CLASS   ENTRY          

        CLASS   STRING         

        CLASS   COMMON         
                cstackCOMMON                         70       70        D         1
                bitbssCOMMON                        3E8       7D        1         1

        CLASS   BANK0          
                cstackBANK0                          20       20       43         1
                bssBANK0                             63       63        6         1
                bitbssBANK0                         348       69        1         1

        CLASS   BANK1          
                cstackBANK1                          DB       DB       14         1
                bssBANK1                             A0       A0       3B         1
                nvBANK1                              EF       EF        1         1

        CLASS   BANK2          
                cstackBANK2                         16E      16E        2         1
                bssBANK2                            120      120       4E         1

        CLASS   BANK3          
                cstackBANK3                         1EC      1EC        1         1
                bssBANK3                            1A0      1A0       4C         1

        CLASS   BANK4          
                cstackBANK4                         240      240        4         1
                dataBANK4                           220      220       20         1

        CLASS   BANK5          

        CLASS   BANK6          

        CLASS   BANK7          

        CLASS   BANK8          

        CLASS   BANK9          

        CLASS   BANK10         

        CLASS   BANK11         

        CLASS   BANK12         

        CLASS   BIGRAM         

        CLASS   RAM            

        CLASS   ABS1           
                abs_s1                               7E       7E        2         1

        CLASS   SFR0           

        CLASS   SFR1           

        CLASS   SFR2           

        CLASS   SFR3           

        CLASS   SFR4           

        CLASS   SFR5           

        CLASS   SFR6           

        CLASS   SFR7           

        CLASS   SFR8           

        CLASS   SFR9           

        CLASS   SFR10          

        CLASS   SFR11          

        CLASS   SFR12          

        CLASS   SFR13          

        CLASS   SFR14          

        CLASS   SFR15          

        CLASS   SFR16          

        CLASS   SFR17          

        CLASS   SFR18          

        CLASS   SFR19          

        CLASS   SFR20          

        CLASS   SFR21          

        CLASS   SFR22          

        CLASS   SFR23          

        CLASS   SFR24          

        CLASS   SFR25          

        CLASS   SFR26          

        CLASS   SFR27          

        CLASS   SFR28          

        CLASS   SFR29          

        CLASS   SFR30          

        CLASS   SFR31          

        CLASS   CONFIG         
                config                             8007     8007        2         0

        CLASS   IDLOC          

        CLASS   BANK31         

        CLASS   BANK30         

        CLASS   BANK29         

        CLASS   BANK28         

        CLASS   BANK27         

        CLASS   BANK26         

        CLASS   BANK25         

        CLASS   BANK24         

        CLASS   BANK23         

        CLASS   BANK22         

        CLASS   BANK21         

        CLASS   BANK20         

        CLASS   BANK19         

        CLASS   BANK18         

        CLASS   BANK17         

        CLASS   BANK16         

        CLASS   BANK15         

        CLASS   BANK14         

        CLASS   BANK13         

        CLASS   EEDATA         



SEGMENTS        Name                           Load    Length   Top    Selector   Space  Class     Delta

                reset_vec                      000000  000004  000004         0       0  CODE        2
                intentry                       000004  0007FC  000800         8       0  CODE        2
                cstackBANK0                    000020  00004A  00006A        20       1  BANK0       1
                cstackCOMMON                   000070  00000E  00007E        70       1  COMMON      1
                bssBANK1                       0000A0  000050  0000F0        A0       1  BANK1       1
                bssBANK2                       000120  000050  000170       120       1  BANK2       1
                bssBANK3                       0001A0  00004D  0001ED       1A0       1  BANK3       1
                dataBANK4                      000220  000024  000244       220       1  BANK4       1
                text42                         000800  000043  000843      1000       0  CODE        2
                text124                        000843  00006F  0008B2      1086       0  CODE        2
                text28                         0008B2  000071  000923      1164       0  CODE        2
                text4                          000923  000072  000995      1246       0  CODE        2
                text25                         000995  000074  000A09      132A       0  CODE        2
                text109                        000A09  00007A  000A83      1412       0  CODE        2
                text98                         000A83  00007A  000AFD      1506       0  CODE        2
                text30                         000AFD  000081  000B7E      15FA       0  CODE        2
                text110                        000B7E  000087  000C05      16FC       0  CODE        2
                text94                         000C05  00008E  000C93      180A       0  CODE        2
                text9                          000C93  0000A8  000D3B      1926       0  CODE        2
                text112                        000D3B  0000A9  000DE4      1A76       0  CODE        2
                text139                        000DE4  0000AD  000E91      1BC8       0  CODE        2
                text99                         000E91  0000B4  000F45      1D22       0  CODE        2
                text103                        000F45  0000C0  001005      1E8A       0  CODE        2
                text68                         001005  00001E  001023      200A       0  CODE        2
                text138                        001023  00001F  001042      2046       0  CODE        2
                text44                         001042  00001F  001061      2084       0  CODE        2
                idataBANK4                     001061  000020  001081      20C2       0  CODE        2
                text141                        001081  000021  0010A2      2102       0  CODE        2
                text45                         0010A2  000021  0010C3      2144       0  CODE        2
                text5                          0010C3  000021  0010E4      2186       0  CODE        2
                text114                        0010E4  000022  001106      21C8       0  CODE        2
                text38                         001106  000022  001128      220C       0  CODE        2
                text47                         001128  000026  00114E      2250       0  CODE        2
                text15                         00114E  000028  001176      229C       0  CODE        2
                text81                         001176  00002F  0011A5      22EC       0  CODE        2
                text126                        0011A5  000033  0011D8      234A       0  CODE        2
                text119                        0011D8  000033  00120B      23B0       0  CODE        2
                text73                         00120B  000033  00123E      2416       0  CODE        2
                text26                         00123E  000034  001272      247C       0  CODE        2
                text89                         001272  000036  0012A8      24E4       0  CODE        2
                text76                         0012A8  000036  0012DE      2550       0  CODE        2
                text69                         0012DE  000037  001315      25BC       0  CODE        2
                text129                        001315  000039  00134E      262A       0  CODE        2
                text1                          00134E  00003D  00138B      269C       0  CODE        2
                text29                         00138B  000040  0013CB      2716       0  CODE        2
                text3                          0013CB  000040  00140B      2796       0  CODE        2
                text135                        00140B  00004A  001455      2816       0  CODE        2
                text77                         001455  000052  0014A7      28AA       0  CODE        2
                text128                        0014A7  000054  0014FB      294E       0  CODE        2
                text102                        0014FB  000055  001550      29F6       0  CODE        2
                text127                        001550  000059  0015A9      2AA0       0  CODE        2
                maintext                       0015A9  00005B  001604      2B52       0  CODE        2
                text105                        001604  00005F  001663      2C08       0  CODE        2
                text115                        001663  000061  0016C4      2CC6       0  CODE        2
                text36                         0016C4  000066  00172A      2D88       0  CODE        2
                text37                         00172A  000069  001793      2E54       0  CODE        2
                text87                         001793  00006D  001800      2F26       0  CODE        2
                stringtext                     001800  000066  001866        30       0  STRCODE     2
                text121                        001B85  000001  001B86      370A       0  CODE        2
                text11                         001B86  000001  001B87      370C       0  CODE        2
                text136                        001B87  000003  001B8A      370E       0  CODE        2
                text70                         001B8A  000003  001B8D      3714       0  CODE        2
                text54                         001B8D  000003  001B90      371A       0  CODE        2
                text23                         001B90  000003  001B93      3720       0  CODE        2
                text10                         001B93  000003  001B96      3726       0  CODE        2
                text8                          001B96  000003  001B99      372C       0  CODE        2
                text132                        001B99  000004  001B9D      3732       0  CODE        2
                text123                        001B9D  000004  001BA1      373A       0  CODE        2
                text74                         001BA1  000004  001BA5      3742       0  CODE        2
                text72                         001BA5  000004  001BA9      374A       0  CODE        2
                text61                         001BA9  000004  001BAD      3752       0  CODE        2
                text51                         001BAD  000004  001BB1      375A       0  CODE        2
                text49                         001BB1  000004  001BB5      3762       0  CODE        2
                text48                         001BB5  000004  001BB9      376A       0  CODE        2
                text41                         001BB9  000004  001BBD      3772       0  CODE        2
                text21                         001BBD  000004  001BC1      377A       0  CODE        2
                text133                        001BC1  000006  001BC7      3782       0  CODE        2
                inittext                       001BC7  000006  001BCD      378E       0  CODE        2
                clrtext                        001BCD  000006  001BD3      379A       0  CODE        2
                text120                        001BD3  000007  001BDA      37A6       0  CODE        2
                text62                         001BDA  000007  001BE1      37B4       0  CODE        2
                text12                         001BE1  000007  001BE8      37C2       0  CODE        2
                text118                        001BE8  000008  001BF0      37D0       0  CODE        2
                text66                         001BF0  000008  001BF8      37E0       0  CODE        2
                text65                         001BF8  000008  001C00      37F0       0  CODE        2
                text143                        001C00  000009  001C09      3800       0  CODE        2
                text142                        001C09  000009  001C12      3812       0  CODE        2
                text111                        001C12  000009  001C1B      3824       0  CODE        2
                text82                         001C1B  000009  001C24      3836       0  CODE        2
                text97                         001C24  00000A  001C2E      3848       0  CODE        2
                text134                        001C2E  00000B  001C39      385C       0  CODE        2
                text131                        001C39  00000B  001C44      3872       0  CODE        2
                text90                         001C44  00000B  001C4F      3888       0  CODE        2
                text85                         001C4F  00000B  001C5A      389E       0  CODE        2
                text64                         001C5A  00000B  001C65      38B4       0  CODE        2
                text60                         001C65  00000B  001C70      38CA       0  CODE        2
                text57                         001C70  00000B  001C7B      38E0       0  CODE        2
                text55                         001C7B  00000B  001C86      38F6       0  CODE        2
                text17                         001C86  00000B  001C91      390C       0  CODE        2
                text92                         001C91  00000C  001C9D      3922       0  CODE        2
                text80                         001C9D  00000C  001CA9      393A       0  CODE        2
                text78                         001CA9  00000C  001CB5      3952       0  CODE        2
                text58                         001CB5  00000C  001CC1      396A       0  CODE        2
                text46                         001CC1  00000C  001CCD      3982       0  CODE        2
                text140                        001CCD  00000D  001CDA      399A       0  CODE        2
                text107                        001CDA  00000D  001CE7      39B4       0  CODE        2
                text125                        001CE7  00000F  001CF6      39CE       0  CODE        2
                text116                        001CF6  00000F  001D05      39EC       0  CODE        2
                text35                         001D05  00000F  001D14      3A0A       0  CODE        2
                text130                        001D14  000010  001D24      3A28       0  CODE        2
                text100                        001D24  000010  001D34      3A48       0  CODE        2
                text22                         001D34  000010  001D44      3A68       0  CODE        2
                text106                        001D44  000011  001D55      3A88       0  CODE        2
                text75                         001D55  000011  001D66      3AAA       0  CODE        2
                text34                         001D66  000011  001D77      3ACC       0  CODE        2
                text33                         001D77  000011  001D88      3AEE       0  CODE        2
                text16                         001D88  000011  001D99      3B10       0  CODE        2
                text101                        001D99  000012  001DAB      3B32       0  CODE        2
                text95                         001DAB  000012  001DBD      3B56       0  CODE        2
                text56                         001DBD  000012  001DCF      3B7A       0  CODE        2
                text6                          001DCF  000012  001DE1      3B9E       0  CODE        2
                text104                        001DE1  000013  001DF4      3BC2       0  CODE        2
                text67                         001DF4  000013  001E07      3BE8       0  CODE        2
                text31                         001E07  000013  001E1A      3C0E       0  CODE        2
                text27                         001E1A  000013  001E2D      3C34       0  CODE        2
                text2                          001E2D  000013  001E40      3C5A       0  CODE        2
                text53                         001E40  000014  001E54      3C80       0  CODE        2
                text14                         001E54  000014  001E68      3CA8       0  CODE        2
                text52                         001E68  000015  001E7D      3CD0       0  CODE        2
                text40                         001E7D  000015  001E92      3CFA       0  CODE        2
                text18                         001E92  000015  001EA7      3D24       0  CODE        2
                text117                        001EA7  000016  001EBD      3D4E       0  CODE        2
                text108                        001EBD  000016  001ED3      3D7A       0  CODE        2
                text20                         001ED3  000016  001EE9      3DA6       0  CODE        2
                text39                         001EE9  000017  001F00      3DD2       0  CODE        2
                text93                         001F00  000018  001F18      3E00       0  CODE        2
                text91                         001F18  000018  001F30      3E30       0  CODE        2
                text122                        001F30  000019  001F49      3E60       0  CODE        2
                text96                         001F49  000019  001F62      3E92       0  CODE        2
                text50                         001F62  000019  001F7B      3EC4       0  CODE        2
                text32                         001F7B  000019  001F94      3EF6       0  CODE        2
                text83                         001F94  00001A  001FAE      3F28       0  CODE        2
                text59                         001FAE  00001A  001FC8      3F5C       0  CODE        2
                text86                         001FC8  00001C  001FE4      3F90       0  CODE        2
                text71                         001FE4  00001C  002000      3FC8       0  CODE        2
                config                         008007  000002  008009     1000E       0  CONFIG      2


UNUSED ADDRESS RANGES

        Name                Unused          Largest block    Delta
        BANK0            0006A-0006F               6           1
        BANK10           00520-0056F              50           1
        BANK11           005A0-005EF              50           1
        BANK12           00620-0064F              30           1
        BANK3            001ED-001EF               3           1
        BANK4            00244-0026F              2C           1
        BANK5            002A0-002EF              50           1
        BANK6            00320-0036F              50           1
        BANK7            003A0-003EF              50           1
        BANK8            00420-0046F              50           1
        BANK9            004A0-004EF              50           1
        BIGRAM           02000-023EF             3F0           1
        CODE             01866-01B84             31F           2
                         02000-03FFF             800
        CONST            01866-01B84             100           2
                         02000-03FFF             100
        ENTRY            01866-01B84             100           2
                         02000-03FFF             100
        IDLOC            08000-08003               4           2
        RAM              0006A-0006F               6           1
                         001ED-001EF               3
                         00244-0026F              2C
                         002A0-002EF              50
                         00320-0036F              50
                         003A0-003EF              50
                         00420-0046F              50
                         004A0-004EF              50
                         00520-0056F              50
                         005A0-005EF              50
                         00620-0064F              30
        SFR0             00000-0001F              20           1
        SFR1             00080-0009F              20           1
        SFR10            00500-0051F              20           1
        SFR11            00580-0059F              20           1
        SFR12            00600-0061F              20           1
        SFR13            00680-006EF              70           1
        SFR14            00700-0076F              70           1
        SFR15            00780-007EF              70           1
        SFR16            00800-0086F              70           1
        SFR17            00880-008EF              70           1
        SFR18            00900-0096F              70           1
        SFR19            00980-009EF              70           1
        SFR2             00100-0011F              20           1
        SFR20            00A00-00A6F              70           1
        SFR21            00A80-00AEF              70           1
        SFR22            00B00-00B6F              70           1
        SFR23            00B80-00BEF              70           1
        SFR24            00C00-00C6F              70           1
        SFR25            00C80-00CEF              70           1
        SFR26            00D00-00D6F              70           1
        SFR27            00D80-00DEF              70           1
        SFR28            00E00-00E6F              70           1
        SFR29            00E80-00EEF              70           1
        SFR3             00180-0019F              20           1
        SFR30            00F00-00F6F              70           1
        SFR31            00F80-00FEF              70           1
        SFR4             00200-0021F              20           1
        SFR5             00280-0029F              20           1
        SFR6             00300-0031F              20           1
        SFR7             00380-0039F              20           1
        SFR8             00400-0041F              20           1
        SFR9             00480-0049F              20           1
        STACK            02164-0231F             1BC           1
        STRCODE          01866-01B84             31F           2
                         02000-03FFF            2000
        STRING           01866-01B84             100           2
                         02000-03FFF             100

                                  Symbol Table

?___awdiv                                 cstackBANK0  00026
?___awtoft                                cstackBANK0  0002E
?___ftadd                                 cstackBANK0  00047
?___ftdiv                                 cstackBANK0  00034
?___ftmul                                 cstackBANK0  00034
?___ftneg                                 cstackBANK0  00044
?___ftpack                                cstackBANK0  00026
?___fttol                                 cstackBANK0  00054
?___lwdiv                                 cstackBANK0  00026
?___wmul                                  cstackBANK0  00026
?_getAD                                   cstackBANK0  00026
?_getBuz_GO                               cstackBANK0  00026
CC2500_InitPATable@loop_d                 cstackBANK0  0002D
CC2500_InitPATable@temp                   cstackBANK0  0002C
CC2500_InitSetREG@loop_c                  cstackBANK0  0002E
CC2500_InitSetREG@temp1                   cstackBANK0  0002C
CC2500_InitSetREG@temp2                   cstackBANK0  0002D
CC2500_ReadByte@loop_b                    cstackBANK0  00027
CC2500_ReadStatus@status_addr             cstackBANK0  00029
CC2500_RxData@loop_f                      cstackBANK0  0002B
CC2500_TxData@loop_e                      cstackBANK0  0002B
CC2500_WriteByte@loop_a                   cstackBANK0  00027
CC2500_WriteCommand@command               cstackBANK0  00029
CC2500_WriteREG@value                     cstackBANK0  00028
CC2500_WriteREG@w_addr                    cstackBANK0  0002A
DelayOffPointSelect@sw                    cstackBANK0  00027
DelayTime_1us@count                       cstackBANK0  00026
DelayTime_1us@i                           cstackBANK0  00028
DelayTime_1us@j                           cstackBANK0  0002A
DimmerLights_SelectPointer@lights         cstackBANK0  00027
DimmerLights_TMR_1@TuneValue1             cstackBANK0  00023
DimmerLights_TMR_1@TuneValue2             cstackBANK0  00024
DimmerLights_TMR_1@TuneValue3             cstackBANK0  00025
DimmerLights_TMR_1@TuneValue4             cstackBANK0  00020
DimmerLights_TMR_1@count                  cstackBANK0  00021
DimmerLights_TMR_1@dimming                cstackBANK0  00022
Division@num                              cstackCOMMON 00075
Division@result                           cstackCOMMON 00079
Division@value                            cstackCOMMON 00078
DlyOff_Initialization@sw                  cstackBANK0  00028
DlyOff_Main@sw                            cstackBANK1  000E5
Exception_Main@count                      cstackBANK0  00035
Exception_Main@error                      cstackBANK0  0003B
Exception_Main@i                          cstackBANK0  00036
Exception_Main@i_3517                     cstackBANK0  00038
Exception_Main@lights                     cstackBANK0  0003A
Exception_Main@status                     cstackBANK0  00034
Flash_Memory_Initialization@i             cstackBANK1  000E1
Flash_Memory_Modify@i                     cstackBANK0  0002B
Flash_Memory_Read@address                 cstackBANK0  00028
Flash_Memory_Read@i                       cstackBANK0  00027
Flash_Memory_Read@ret                     cstackBANK0  00029
Flash_Memory_Write@i                      cstackBANK0  00027
LedPointSelect@led                        cstackBANK0  00027
Load_Main@ErrorCountValue                 cstackBANK0  00033
Load_Main@LightsCount                     cstackBANK0  00035
Load_Main@Load_RunStatus                  cstackBANK0  00034
Load_Main@error                           cstackBANK0  00030
Load_Main@i                               cstackBANK0  00036
SwPointSelect@sw                          cstackBANK0  00027
_ADCON0                                   (abs)        0009D
_ADCON1                                   (abs)        0009E
_ADC_Set                                  text62       01BDA
_ADRESH                                   (abs)        0009C
_ADRESL                                   (abs)        0009B
_ANSELA                                   (abs)        0018C
_ANSELB                                   (abs)        0018D
_ANSELC                                   (abs)        0018E
_Buz1                                     bssBANK1     000AE
_Buzzer_Initialization                    text136      01B87
_Buzzer_Main                              text135      0140B
_CC2500_ClearRXFIFO                       text49       01BB1
_CC2500_ClearTXFIFO                       text48       01BB5
_CC2500_FrequencyCabr                     text46       01CC1
_CC2500_InitPATable                       text44       01042
_CC2500_InitSetREG                        text43       007D6
_CC2500_PowerOnInitial                    text40       01E7D
_CC2500_PowerRST                          text42       00800
_CC2500_ReadByte                          text39       01EE9
_CC2500_ReadStatus                        text38       01106
_CC2500_RxData                            text37       0172A
_CC2500_SIDLEMode                         text41       01BB9
_CC2500_TxData                            text36       016C4
_CC2500_WriteByte                         text53       01E40
_CC2500_WriteCommand                      text50       01F62
_CC2500_WriteREG                          text45       010A2
_CC2500_patable_vaule                     stringtext   0185E
_CC2500_registers_address                 stringtext   01800
_CC2500_rfSettings                        stringtext   0182F
_CFGS                                     (abs)        00CAE
_CRC                                      bssBANK1     000C7
_Cmd                                      bssBANK1     000C8
_DelayOff                                 bssBANK0     00063
_DelayOffPointSelect                      text134      01C2E
_DelayOff_Initialization                  text132      01B99
_DelayOff_Main                            text123      01B9D
_DelayTime_1us                            text47       01128
_Dimmer                                   bssBANK2     0012D
_DimmerIntr                               bssBANK1     000C9
_DimmerIntr1                              bssBANK1     000BA
_DimmerIntr_Initialization                text122      01F30
_DimmerLights                             bssBANK0     00064
_DimmerLights1                            bssBANK2     0015D
_DimmerLights_IOC_1                       text143      01C00
_DimmerLights_Initialization              text120      01BD3
_DimmerLights_Main                        text86       01FC8
_DimmerLights_SelectPointer               text131      01C39
_DimmerLights_TMR_1                       text139      00DE4
_Division                                 text140      01CCD
_DlyOff_Initialization                    text133      01BC1
_DlyOff_Main                              text124      00843
_DlySw1                                   bssBANK2     00165
_Exception_Main                           text84       0063F
_FREE                                     (abs)        00CAC
_FVRCON                                   (abs)        00117
_Flash_Memory_Erasing                     text78       01CA9
_Flash_Memory_Initialization              text79       00372
_Flash_Memory_Main                        text76       012A8
_Flash_Memory_Modify                      text77       01455
_Flash_Memory_Read                        text83       01F94
_Flash_Memory_Unlock                      text82       01C1B
_Flash_Memory_Write                       text81       01176
_Fosc_Set                                 text61       01BA9
_GIE                                      (abs)        0005F
_GO_nDONE                                 (abs)        004E9
_IOCBF                                    (abs)        00396
_IOCBF2                                   (abs)        01CB2
_IOCBN                                    (abs)        00395
_IOCBP                                    (abs)        00394
_IOCIE                                    (abs)        0005B
_IOCIF                                    (abs)        00058
_IOC_ISR                                  text142      01C09
_IOC_Set                                  text60       01C65
_IO_Set                                   text59       01FAE
_ISR                                      intentry     00004
_LATA                                     (abs)        0010C
_LATB                                     (abs)        0010D
_LATC                                     (abs)        0010E
_LED                                      bssBANK0     00065
_LED_Initialization                       text74       01BA1
_LED_Main                                 text72       01BA5
_LWLO                                     (abs)        00CAD
_LedPointSelect                           text90       01C44
_Light                                    bssBANK1     000CA
_Load                                     bssBANK2     00135
_Load_Initialization                      text70       01B8A
_Load_Main                                text63       00051
_Load_Main$3870                           cstackBANK0  00031
_Mcu_Initialization                       text56       01DBD
_Memory                                   bssBANK3     001BE
_OSCCON                                   (abs)        00099
_PEIE                                     (abs)        0005E
_PMADRH                                   (abs)        00192
_PMADRL                                   (abs)        00191
_PMCON2                                   (abs)        00196
_PMDATH                                   (abs)        00194
_PMDATL                                   (abs)        00193
_PORTA                                    (abs)        0000C
_PORTB                                    (abs)        0000D
_PORTC                                    (abs)        0000E
_RA0                                      (abs)        00060
_RA4                                      (abs)        00064
_RA6                                      (abs)        00066
_RA7                                      (abs)        00067
_RB0                                      (abs)        00068
_RB1                                      (abs)        00069
_RB3                                      (abs)        0006B
_RB5                                      (abs)        0006D
_RC0                                      (abs)        00070
_RC1                                      (abs)        00071
_RC3                                      (abs)        00073
_RC4                                      (abs)        00074
_RC5                                      (abs)        00075
_RD                                       (abs)        00CA8
_RF1                                      bssBANK1     000A0
_RF_Count                                 bssBANK1     000C3
_RF_Data                                  bssBANK3     001A0
_RF_Initialization                        text54       01B8D
_RF_Main                                  text23       01B90
_RF_RxDisable                             text35       01D05
_RF_Timeout_Counter                       text52       01E68
_RSSI                                     bssBANK1     000CB
_Receive_OK                               bitbssBANK0  00348
_Rx_Length                                bssBANK1     000CC
_SPI0Buffer                               bssBANK0     00066
_Sw                                       bssBANK0     00067
_Sw1                                      bssBANK3     001E3
_SwDetect                                 bssBANK1     000CD
_SwPointSelect                            text17       01C86
_Switch_Initialization                    text21       01BBD
_Switch_Main                              text12       01BE1
_T1CON                                    (abs)        00018
_TMR1H                                    (abs)        00017
_TMR1IE                                   (abs)        00488
_TMR1IF                                   (abs)        00088
_TMR1L                                    (abs)        00016
_TMR1_ISR                                 text138      01023
_TMR1_Set                                 text58       01CB5
_TRISA                                    (abs)        0008C
_TRISB                                    (abs)        0008D
_TRISC                                    (abs)        0008E
_Temp                                     bssBANK1     000D1
_Temp_Initialization                      text10       01B93
_Temp_Main                                text8        01B96
_Timeout_Counter                          text20       01ED3
_Timer1                                   bssBANK2     00132
_TouchPower                               text18       01E92
_Transceive_OK                            bitbssCOMMON 003E8
_Tx_Length                                bssBANK0     00068
_VarErrLED                                bssBANK2     0016A
_WDT                                      bssBANK1     000C5
_WDTCON                                   (abs)        00097
_WDT_Clearing                             text7        00002
_WDT_Main                                 text6        01DCF
_WDT_Set                                  text57       01C70
_WPUB                                     (abs)        0020D
_WR                                       (abs)        00CA9
_WREN                                     (abs)        00CAA
__CFG_BOREN$OFF                           (abs)        00000
__CFG_FOSC$INTOSC                         (abs)        00000
__CFG_VCAPEN$OFF                          (abs)        00000
__CFG_WDTE$ON                             (abs)        00000
__CFG_WRT$HALF                            (abs)        00000
__Habs1                                   abs1         00000
__Hbank0                                  bank0        00000
__Hbank1                                  bank1        00000
__Hbank10                                 bank10       00000
__Hbank11                                 bank11       00000
__Hbank12                                 bank12       00000
__Hbank13                                 bank13       00000
__Hbank14                                 bank14       00000
__Hbank15                                 bank15       00000
__Hbank16                                 bank16       00000
__Hbank17                                 bank17       00000
__Hbank18                                 bank18       00000
__Hbank19                                 bank19       00000
__Hbank2                                  bank2        00000
__Hbank20                                 bank20       00000
__Hbank21                                 bank21       00000
__Hbank22                                 bank22       00000
__Hbank23                                 bank23       00000
__Hbank24                                 bank24       00000
__Hbank25                                 bank25       00000
__Hbank26                                 bank26       00000
__Hbank27                                 bank27       00000
__Hbank28                                 bank28       00000
__Hbank29                                 bank29       00000
__Hbank3                                  bank3        00000
__Hbank30                                 bank30       00000
__Hbank31                                 bank31       00000
__Hbank4                                  bank4        00000
__Hbank5                                  bank5        00000
__Hbank6                                  bank6        00000
__Hbank7                                  bank7        00000
__Hbank8                                  bank8        00000
__Hbank9                                  bank9        00000
__Hbigram                                 bigram       00000
__HbitbssBANK0                            bitbssBANK0  00000
__HbitbssCOMMON                           bitbssCOMMON 00000
__HbssBANK0                               bssBANK0     00000
__HbssBANK1                               bssBANK1     00000
__HbssBANK2                               bssBANK2     00000
__HbssBANK3                               bssBANK3     00000
__Hcinit                                  cinit        00051
__Hclrtext                                clrtext      00000
__Hcode                                   code         00000
__Hcommon                                 common       00000
__Hconfig                                 config       08009
__HcstackBANK0                            cstackBANK0  00000
__HcstackBANK1                            cstackBANK1  00000
__HcstackBANK2                            cstackBANK2  00000
__HcstackBANK3                            cstackBANK3  00000
__HcstackBANK4                            cstackBANK4  00000
__HcstackCOMMON                           cstackCOMMON 00000
__HdataBANK4                              dataBANK4    00000
__Heeprom_data                            eeprom_data  00000
__Hend_init                               end_init     00022
__Hfunctab                                functab      00000
__HidataBANK4                             idataBANK4   00000
__Hidloc                                  idloc        00000
__Hinit                                   init         00020
__Hinittext                               inittext     00000
__Hintentry                               intentry     00020
__Hmaintext                               maintext     00000
__HnvBANK1                                nvBANK1      00000
__Hpowerup                                powerup      00000
__Hram                                    ram          00000
__Hreset_vec                              reset_vec    00002
__Hsfr0                                   sfr0         00000
__Hsfr1                                   sfr1         00000
__Hsfr10                                  sfr10        00000
__Hsfr11                                  sfr11        00000
__Hsfr12                                  sfr12        00000
__Hsfr13                                  sfr13        00000
__Hsfr14                                  sfr14        00000
__Hsfr15                                  sfr15        00000
__Hsfr16                                  sfr16        00000
__Hsfr17                                  sfr17        00000
__Hsfr18                                  sfr18        00000
__Hsfr19                                  sfr19        00000
__Hsfr2                                   sfr2         00000
__Hsfr20                                  sfr20        00000
__Hsfr21                                  sfr21        00000
__Hsfr22                                  sfr22        00000
__Hsfr23                                  sfr23        00000
__Hsfr24                                  sfr24        00000
__Hsfr25                                  sfr25        00000
__Hsfr26                                  sfr26        00000
__Hsfr27                                  sfr27        00000
__Hsfr28                                  sfr28        00000
__Hsfr29                                  sfr29        00000
__Hsfr3                                   sfr3         00000
__Hsfr30                                  sfr30        00000
__Hsfr31                                  sfr31        00000
__Hsfr4                                   sfr4         00000
__Hsfr5                                   sfr5         00000
__Hsfr6                                   sfr6         00000
__Hsfr7                                   sfr7         00000
__Hsfr8                                   sfr8         00000
__Hsfr9                                   sfr9         00000
__Hspace_0                                (abs)        08009
__Hspace_1                                (abs)        003E9
__Hspace_2                                (abs)        00000
__Hspace_3                                (abs)        00000
__Hstack                                  stack        00000
__Hstrings                                strings      00000
__Hstringtext                             stringtext   00000
__Htext                                   text         00000
__Labs1                                   abs1         00000
__Lbank0                                  bank0        00000
__Lbank1                                  bank1        00000
__Lbank10                                 bank10       00000
__Lbank11                                 bank11       00000
__Lbank12                                 bank12       00000
__Lbank13                                 bank13       00000
__Lbank14                                 bank14       00000
__Lbank15                                 bank15       00000
__Lbank16                                 bank16       00000
__Lbank17                                 bank17       00000
__Lbank18                                 bank18       00000
__Lbank19                                 bank19       00000
__Lbank2                                  bank2        00000
__Lbank20                                 bank20       00000
__Lbank21                                 bank21       00000
__Lbank22                                 bank22       00000
__Lbank23                                 bank23       00000
__Lbank24                                 bank24       00000
__Lbank25                                 bank25       00000
__Lbank26                                 bank26       00000
__Lbank27                                 bank27       00000
__Lbank28                                 bank28       00000
__Lbank29                                 bank29       00000
__Lbank3                                  bank3        00000
__Lbank30                                 bank30       00000
__Lbank31                                 bank31       00000
__Lbank4                                  bank4        00000
__Lbank5                                  bank5        00000
__Lbank6                                  bank6        00000
__Lbank7                                  bank7        00000
__Lbank8                                  bank8        00000
__Lbank9                                  bank9        00000
__Lbigram                                 bigram       00000
__LbitbssBANK0                            bitbssBANK0  00000
__LbitbssCOMMON                           bitbssCOMMON 00000
__LbssBANK0                               bssBANK0     00000
__LbssBANK1                               bssBANK1     00000
__LbssBANK2                               bssBANK2     00000
__LbssBANK3                               bssBANK3     00000
__Lcinit                                  cinit        00022
__Lclrtext                                clrtext      00000
__Lcode                                   code         00000
__Lcommon                                 common       00000
__Lconfig                                 config       08007
__LcstackBANK0                            cstackBANK0  00000
__LcstackBANK1                            cstackBANK1  00000
__LcstackBANK2                            cstackBANK2  00000
__LcstackBANK3                            cstackBANK3  00000
__LcstackBANK4                            cstackBANK4  00000
__LcstackCOMMON                           cstackCOMMON 00000
__LdataBANK4                              dataBANK4    00000
__Leeprom_data                            eeprom_data  00000
__Lend_init                               end_init     00020
__Lfunctab                                functab      00000
__LidataBANK4                             idataBANK4   00000
__Lidloc                                  idloc        00000
__Linit                                   init         00020
__Linittext                               inittext     00000
__Lintentry                               intentry     00004
__Lmaintext                               maintext     00000
__LnvBANK1                                nvBANK1      00000
__Lpowerup                                powerup      00000
__Lram                                    ram          00000
__Lreset_vec                              reset_vec    00000
__Lsfr0                                   sfr0         00000
__Lsfr1                                   sfr1         00000
__Lsfr10                                  sfr10        00000
__Lsfr11                                  sfr11        00000
__Lsfr12                                  sfr12        00000
__Lsfr13                                  sfr13        00000
__Lsfr14                                  sfr14        00000
__Lsfr15                                  sfr15        00000
__Lsfr16                                  sfr16        00000
__Lsfr17                                  sfr17        00000
__Lsfr18                                  sfr18        00000
__Lsfr19                                  sfr19        00000
__Lsfr2                                   sfr2         00000
__Lsfr20                                  sfr20        00000
__Lsfr21                                  sfr21        00000
__Lsfr22                                  sfr22        00000
__Lsfr23                                  sfr23        00000
__Lsfr24                                  sfr24        00000
__Lsfr25                                  sfr25        00000
__Lsfr26                                  sfr26        00000
__Lsfr27                                  sfr27        00000
__Lsfr28                                  sfr28        00000
__Lsfr29                                  sfr29        00000
__Lsfr3                                   sfr3         00000
__Lsfr30                                  sfr30        00000
__Lsfr31                                  sfr31        00000
__Lsfr4                                   sfr4         00000
__Lsfr5                                   sfr5         00000
__Lsfr6                                   sfr6         00000
__Lsfr7                                   sfr7         00000
__Lsfr8                                   sfr8         00000
__Lsfr9                                   sfr9         00000
__Lspace_0                                (abs)        00000
__Lspace_1                                (abs)        00000
__Lspace_2                                (abs)        00000
__Lspace_3                                (abs)        00000
[...]
      Params:         0       0       0       0       0       0       0       0       0       0       0       0       0       0
      Locals:         0       0       0       0       0       0       0       0       0       0       0       0       0       0
      Temps:          0       0       0       0       0       0       0       0       0       0       0       0       0       0
      Totals:         0       0       0       0       0       0       0       0       0       0       0       0       0       0
Total ram usage:        0 bytes
 Hardware stack levels used:    1
 Hardware stack levels required when called:    5
 This function calls:
		Nothing
 This function is called by:
		_main
 This function uses a non-reentrant model


 *************** function _ISR *****************
 Defined at:
		line 116 in file "../src/MCU_B1.c"
 Parameters:    Size  Location     Type
		None
 Auto vars:     Size  Location     Type
		None
 Return value:  Size  Location     Type
		None               void
 Registers used:
		wreg, fsr1l, fsr1h, status,2, status,0, pclath, cstack
 Tracked objects:
		On entry : 
		On exit  : 
		Unchanged: 
 Data sizes:     COMMON   BANK0   BANK1   BANK2   BANK3   BANK4   BANK5   BANK6   BANK7   BANK8   BANK9  BANK10  BANK11  BANK12
      Params:         0       0       0       0       0       0       0       0       0       0       0       0       0       0
      Locals:         0       0       0       0       0       0       0       0       0       0       0       0       0       0
      Temps:          1       0       0       0       0       0       0       0       0       0       0       0       0       0
      Totals:         1       0       0       0       0       0       0       0       0       0       0       0       0       0
Total ram usage:        1 bytes
 Hardware stack levels used:    1
 Hardware stack levels required when called:    4
 This function calls:
		_IOC_ISR
		_TMR1_ISR
 This function is called by:
		Interrupt level 1
 This function uses a non-reentrant model


 *************** function _TMR1_ISR *****************
 Defined at:
		line 236 in file "../src/MCU_B1.c"
 Parameters:    Size  Location     Type
		None
 Auto vars:     Size  Location     Type
		None
 Return value:  Size  Location     Type
		None               void
 Registers used:
		wreg, fsr1l, fsr1h, status,2, status,0, pclath, cstack
 Tracked objects:
		On entry : 
		On exit  : 
		Unchanged: 
 Data sizes:     COMMON   BANK0   BANK1   BANK2   BANK3   BANK4   BANK5   BANK6   BANK7   BANK8   BANK9  BANK10  BANK11  BANK12
      Params:         0       0       0       0       0       0       0       0       0       0       0       0       0       0
      Locals:         0       0       0       0       0       0       0       0       0       0       0       0       0       0
      Temps:          0       0       0       0       0       0       0       0       0       0       0       0       0       0
      Totals:         0       0       0       0       0       0       0       0       0       0       0       0       0       0
Total ram usage:        0 bytes
 Hardware stack levels used:    1
 Hardware stack levels required when called:    3
 This function calls:
		_DimmerLights_TMR_1
 This function is called by:
		_ISR
 This function uses a non-reentrant model


 *************** function _DimmerLights_TMR_1 *****************
 Defined at:
		line 1313 in file "../src/Dimmer_B1.c"
 Parameters:    Size  Location     Type
		None
 Auto vars:     Size  Location     Type
  TuneValue3      1    5[BANK0 ] unsigned char 
  TuneValue2      1    4[BANK0 ] unsigned char 
  TuneValue1      1    3[BANK0 ] unsigned char 
  dimming         1    2[BANK0 ] unsigned char 
  count           1    1[BANK0 ] unsigned char 
  TuneValue4      1    0[BANK0 ] unsigned char 
 Return value:  Size  Location     Type
		None               void
 Registers used:
		wreg, status,2, status,0, pclath, cstack
 Tracked objects:
		On entry : 
		On exit  : 
		Unchanged: 
 Data sizes:     COMMON   BANK0   BANK1   BANK2   BANK3   BANK4   BANK5   BANK6   BANK7   BANK8   BANK9  BANK10  BANK11  BANK12
      Params:         0       0       0       0       0       0       0       0       0       0       0       0       0       0
      Locals:         0       6       0       0       0       0       0       0       0       0       0       0       0       0
      Temps:          2       0       0       0       0       0       0       0       0       0       0       0       0       0
      Totals:         2       6       0       0       0       0       0       0       0       0       0       0       0       0
Total ram usage:        8 bytes
 Hardware stack levels used:    1
 Hardware stack levels required when called:    2
 This function calls:
		_Division
 This function is called by:
		_TMR1_ISR
 This function uses a non-reentrant model


 *************** function _Division *****************
 Defined at:
		line 1308 in file "../src/Dimmer_B1.c"
 Parameters:    Size  Location     Type
  value           1    wreg     unsigned char 
  num             1    5[COMMON] unsigned char 
 Auto vars:     Size  Location     Type
  value           1    8[COMMON] unsigned char 
  result          1    9[COMMON] unsigned char 
 Return value:  Size  Location     Type
                  1    wreg      unsigned char 
 Registers used:
		wreg, status,2, status,0, pclath, cstack
 Tracked objects:
		On entry : 
		On exit  : 
		Unchanged: 
 Data sizes:     COMMON   BANK0   BANK1   BANK2   BANK3   BANK4   BANK5   BANK6   BANK7   BANK8   BANK9  BANK10  BANK11  BANK12
      Params:         1       0       0       0       0       0       0       0       0       0       0       0       0       0
      Locals:         2       0       0       0       0       0       0       0       0       0       0       0       0       0
      Temps:          2       0       0       0       0       0       0       0       0       0       0       0       0       0
      Totals:         5       0       0       0       0       0       0       0       0       0       0       0       0       0
Total ram usage:        5 bytes
 Hardware stack levels used:    1
 Hardware stack levels required when called:    1
 This function calls:
		___lbdiv
 This function is called by:
		_DimmerLights_TMR_1
 This function uses a non-reentrant model


 *************** function ___lbdiv *****************
 Defined at:
		line 4 in file "C:\Program Files (x86)\Microchip\xc8\v1.32\sources\common\lbdiv.c"
 Parameters:    Size  Location     Type
  dividend        1    wreg     unsigned char 
  divisor         1    0[COMMON] unsigned char 
 Auto vars:     Size  Location     Type
  dividend        1    2[COMMON] unsigned char 
  quotient        1    4[COMMON] unsigned char 
  counter         1    3[COMMON] unsigned char 
 Return value:  Size  Location     Type
                  1    wreg      unsigned char 
 Registers used:
		wreg, status,2, status,0
 Tracked objects:
		On entry : 
		On exit  : 
		Unchanged: 
 Data sizes:     COMMON   BANK0   BANK1   BANK2   BANK3   BANK4   BANK5   BANK6   BANK7   BANK8   BANK9  BANK10  BANK11  BANK12
      Params:         1       0       0       0       0       0       0       0       0       0       0       0       0       0
      Locals:         3       0       0       0       0       0       0       0       0       0       0       0       0       0
      Temps:          1       0       0       0       0       0       0       0       0       0       0       0       0       0
      Totals:         5       0       0       0       0       0       0       0       0       0       0       0       0       0
Total ram usage:        5 bytes
 Hardware stack levels used:    1
 This function calls:
		Nothing
 This function is called by:
		_Division
 This function uses a non-reentrant model


 *************** function _IOC_ISR *****************
 Defined at:
		line 394 in file "../src/MCU_B1.c"
 Parameters:    Size  Location     Type
		None
 Auto vars:     Size  Location     Type
		None
 Return value:  Size  Location     Type
		None               void
 Registers used:
		status,2, status,0, pclath, cstack
 Tracked objects:
		On entry : 
		On exit  : 
		Unchanged: 
 Data sizes:     COMMON   BANK0   BANK1   BANK2   BANK3   BANK4   BANK5   BANK6   BANK7   BANK8   BANK9  BANK10  BANK11  BANK12
      Params:         0       0       0       0       0       0       0       0       0       0       0       0       0       0
      Locals:         0       0       0       0       0       0       0       0       0       0       0       0       0       0
      Temps:          0       0       0       0       0       0       0       0       0       0       0       0       0       0
      Totals:         0       0       0       0       0       0       0       0       0       0       0       0       0       0
Total ram usage:        0 bytes
 Hardware stack levels used:    1
 Hardware stack levels required when called:    1
 This function calls:
		_DimmerLights_IOC_1
 This function is called by:
		_ISR
 This function uses a non-reentrant model


 *************** function _DimmerLights_IOC_1 *****************
 Defined at:
		line 1426 in file "../src/Dimmer_B1.c"
 Parameters:    Size  Location     Type
		None
 Auto vars:     Size  Location     Type
		None
 Return value:  Size  Location     Type
		None               void
 Registers used:
		status,2
 Tracked objects:
		On entry : 
		On exit  : 
		Unchanged: 
 Data sizes:     COMMON   BANK0   BANK1   BANK2   BANK3   BANK4   BANK5   BANK6   BANK7   BANK8   BANK9  BANK10  BANK11  BANK12
      Params:         0       0       0       0       0       0       0       0       0       0       0       0       0       0
      Locals:         0       0       0       0       0       0       0       0       0       0       0       0       0       0
      Temps:          0       0       0       0       0       0       0       0       0       0       0       0       0       0
      Totals:         0       0       0       0       0       0       0       0       0       0       0       0       0       0
Total ram usage:        0 bytes
 Hardware stack levels used:    1
 This function calls:
		Nothing
 This function is called by:
		_IOC_ISR
 This function uses a non-reentrant model



MODULE INFORMATION

Module		Function		Class		Link	Load	Size
C:\Program Files (x86)\Microchip\xc8\v1.32\sources\common\float.c
		___ftpack      		CODE           	1663	0000	97

C:\Program Files (x86)\Microchip\xc8\v1.32\sources\common\float.c estimated size: 97

../src/OverLoad_B1.c
		_getLoad_AD    		CODE           	0923	0000	114
		_getLoad_OK    		CODE           	1BE8	0000	8
		_Load_Initializ		CODE           	1B8A	0000	3
		_Load_Main     		CODE           	0051	0000	432
		_setLoad_AH_AL_		CODE           	1FE4	0000	28

../src/OverLoad_B1.c estimated size: 585

C:\Program Files (x86)\Microchip\xc8\v1.32\sources\common\awtoft.c
		___awtoft      		CODE           	10E4	0000	34

C:\Program Files (x86)\Microchip\xc8\v1.32\sources\common\awtoft.c estimated size: 34

../src/MCU_B1.c
		_Fosc_Set      		CODE           	1BA9	0000	4
		_IO_Set        		CODE           	1FAE	0000	26
		_WDT_Set       		CODE           	1C70	0000	11
		_WDT_Main      		CODE           	1DCF	0000	18
		_ADC_Set       		CODE           	1BDA	0000	7
		_IOC_ISR       		CODE           	1C09	0000	9
		_ISR           		CODE           	0004	0000	28
		_Flash_Memory_W		CODE           	1176	0000	47
		_Flash_Memory_M		CODE           	1455	0000	82
		_IOC_Set       		CODE           	1C65	0000	11
		_WDT_Clearing  		CODE           	0002	0000	2
		_setMemory_Modi		CODE           	1E07	0000	19
		_Mcu_Initializa		CODE           	1DBD	0000	18
		_setMemory_Data		CODE           	1C9D	0000	12
		_Flash_Memory_I		CODE           	0372	0000	252
		_getAD         		CODE           	10C3	0000	33
		_TMR1_Set      		CODE           	1CB5	0000	12
		_setMemory_Loop		CODE           	1E1A	0000	19
		_Flash_Memory_U		CODE           	1C1B	0000	9
		_Flash_Memory_R		CODE           	1F94	0000	26
		_Flash_Memory_E		CODE           	1CA9	0000	12
		_TMR1_ISR      		CODE           	1023	0000	31
		_Flash_Memory_M		CODE           	12A8	0000	54

../src/MCU_B1.c estimated size: 742

C:\Program Files (x86)\Microchip\xc8\v1.32\sources\common\ftmul.c
		___ftmul       		CODE           	0E91	0000	180

C:\Program Files (x86)\Microchip\xc8\v1.32\sources\common\ftmul.c estimated size: 180

../src/Buzzer_B1.c
		_Buzzer_Main   		CODE           	140B	0000	74
		_setBuz        		CODE           	1550	0000	89
		_getBuz_GO     		CODE           	1D66	0000	17
		_Buzzer_Initial		CODE           	1B87	0000	3

../src/Buzzer_B1.c estimated size: 183

../src/LED_B1.c
		_setLED        		CODE           	1272	0000	54
		_LED_Main      		CODE           	1BA5	0000	4
		_setLED_Initial		CODE           	1D55	0000	17
		_LedPointSelect		CODE           	1C44	0000	11
		_setLED_Main   		CODE           	120B	0000	51
		_LED_Initializa		CODE           	1BA1	0000	4

../src/LED_B1.c estimated size: 141

../src/OverTemperature_B1.c
		_Temp_Initializ		CODE           	1B93	0000	3
		_Temp_Main     		CODE           	1B96	0000	3
		_setTemp_Initia		CODE           	1B86	0000	1
		_getTemp_AD    		CODE           	13CB	0000	64
		_setTemp_Main  		CODE           	0C93	0000	168

../src/OverTemperature_B1.c estimated size: 239

../src/CC2500_B1.c
		_DelayTime_1us 		CODE           	1128	0000	38
		_CC2500_Frequen		CODE           	1CC1	0000	12
		_CC2500_SIDLEMo		CODE           	1BB9	0000	4
		_CC2500_PowerOn		CODE           	1E7D	0000	21
		_CC2500_WriteBy		CODE           	1E40	0000	20
		_CC2500_RxData 		CODE           	172A	0000	105
		_CC2500_TxData 		CODE           	16C4	0000	102
		_CC2500_ClearRX		CODE           	1BB1	0000	4
		_CC2500_ClearTX		CODE           	1BB5	0000	4
		_CC2500_InitPAT		CODE           	1042	0000	31
		_CC2500_WriteRE		CODE           	10A2	0000	33
		_CC2500_ReadSta		CODE           	1106	0000	34
		_CC2500_PowerRS		CODE           	0800	0000	67
		_CC2500_ReadByt		CODE           	1EE9	0000	23
		_CC2500_InitSet		CODE           	07D6	0000	42
		_CC2500_WriteCo		CODE           	1F62	0000	25

../src/CC2500_B1.c estimated size: 565

C:\Program Files (x86)\Microchip\xc8\v1.32\sources\common\fttol.c
		___fttol       		CODE           	0B7E	0000	135

C:\Program Files (x86)\Microchip\xc8\v1.32\sources\common\fttol.c estimated size: 135

C:\Program Files (x86)\Microchip\xc8\v1.32\sources\common\lwdiv.c
		___lwdiv       		CODE           	12DE	0000	55

C:\Program Files (x86)\Microchip\xc8\v1.32\sources\common\lwdiv.c estimated size: 55

../src/RF_Control_B1.c
		_RF_Initializat		CODE           	1B8D	0000	3
		_getRxData     		CODE           	0995	0000	116
		_setRF_Main    		CODE           	0564	0000	219
		_getRF_KeyStatu		CODE           	1D77	0000	17
		_setRF_Initiali		CODE           	1C7B	0000	11
		_setTxData     		CODE           	0F45	0000	187
		_setRF_TimeoutC		CODE           	1BAD	0000	4
		_RF_Timeout_Cou		CODE           	1E68	0000	21
		_setRFSW_Contro		CODE           	138B	0000	64
		_setRF_Learn   		CODE           	1E54	0000	20
		_setRF_Transcei		CODE           	1DE1	0000	19
		_RF_Main       		CODE           	1B90	0000	3
		_setRFSW_AdjCon		CODE           	0AFD	0000	129
		_setRF_DimmerLi		CODE           	1604	0000	95
		_setControl_Lig		CODE           	08B2	0000	113
		_setLog_Code   		CODE           	123E	0000	52
		_RF_RxDisable  		CODE           	1D05	0000	15

../src/RF_Control_B1.c estimated size: 1088

C:\Program Files (x86)\Microchip\xc8\v1.32\sources\common\awdiv.c
		___awdiv       		CODE           	14A7	0000	84

C:\Program Files (x86)\Microchip\xc8\v1.32\sources\common\awdiv.c estimated size: 84

../src/Main_B1.c
		_Exception_Main		CODE           	063F	0000	210
		_my_MainTimer  		CODE           	134E	0000	61
		_setProductData		CODE           	1CE7	0000	15
		_main          		CODE           	15A9	0000	91
		_Timeout_Counte		CODE           	1ED3	0000	22
		_myMain_Initial		CODE           	1E2D	0000	19
		_getMain_All_Er		CODE           	11D8	0000	51
		_set_TimeoutCle		CODE           	1000	0000	5
		_getCmd_Status 		CODE           	1D99	0000	18
		_getMain_Lights		CODE           	1C5A	0000	11
		_getMain_All_Li		CODE           	1C24	0000	10
		_setCmd_Status 		CODE           	1F49	0000	25

../src/Main_B1.c estimated size: 538

C:\Program Files (x86)\Microchip\xc8\v1.32\sources\common\ftadd.c
		___ftadd       		CODE           	046E	0000	246

C:\Program Files (x86)\Microchip\xc8\v1.32\sources\common\ftadd.c estimated size: 246

C:\Program Files (x86)\Microchip\xc8\v1.32\sources\common\Umul16.c
		___wmul        		CODE           	1005	0000	30

C:\Program Files (x86)\Microchip\xc8\v1.32\sources\common\Umul16.c estimated size: 30

C:\Program Files (x86)\Microchip\xc8\v1.32\sources\common\Umul8.c
		___bmul        		CODE           	1DAB	0000	18

C:\Program Files (x86)\Microchip\xc8\v1.32\sources\common\Umul8.c estimated size: 18

shared
		_CC2500_patable		STRCODE        	185E	0000	8
		_CC2500_rfSetti		STRCODE        	182F	0000	47
		__initializatio		CODE           	0022	0000	43
		_CC2500_registe		STRCODE        	1800	0000	47

shared estimated size: 145

C:\Program Files (x86)\Microchip\xc8\v1.32\sources\common\ftneg.c
		___ftneg       		CODE           	1C12	0000	9

C:\Program Files (x86)\Microchip\xc8\v1.32\sources\common\ftneg.c estimated size: 9

../src/Switch_B1.c
		_Switch_Main   		CODE           	1BE1	0000	7
		_SwPointSelect 		CODE           	1C86	0000	11
		_TouchPower    		CODE           	1E92	0000	21
		_setSw_Main    		CODE           	0201	0000	369
		_getSw_KeyStatu		CODE           	1D88	0000	17
		_setSw_Initiali		CODE           	1D34	0000	16
		_Switch_Initial		CODE           	1BBD	0000	4

../src/Switch_B1.c estimated size: 445

../src/Dimmer_B1.c
		_getDimmerLight		CODE           	1D14	0000	16
		_DimmerLights_S		CODE           	1C39	0000	11
		_setDimmerLight		CODE           	1315	0000	57
		_setDimmerIntr_		CODE           	1F18	0000	24
		_DimmerLights_M		CODE           	1FC8	0000	28
		_setDimmerLight		CODE           	11A5	0000	51
		_DimmerIntr_Ini		CODE           	1F30	0000	25
		_getDimmerIntr_		CODE           	1CF6	0000	15
		_getAll_DimmerI		CODE           	1DF4	0000	19
		_getDimmerLight		CODE           	1C4F	0000	11
		_setDimmerIntr_		CODE           	1CDA	0000	13
		_setDimmerIntr_		CODE           	1C91	0000	12
		_Division      		CODE           	1CCD	0000	13
		_setDimmerLight		CODE           	1D44	0000	17
		_getDimmerLight		CODE           	0A09	0000	122
		_getDimmerLight		CODE           	0A83	0000	122
		_getDimmer_Load		CODE           	1BF0	0000	8
		_setDimmerLight		CODE           	1B85	0000	1
		_setDimmerLight		CODE           	14FB	0000	85
		_setDimmerLight		CODE           	114E	0000	40
		_setDimmerLight		CODE           	1F7B	0000	25
		_DimmerLights_I		CODE           	1BD3	0000	7
		_getDimmer_Load		CODE           	1BF8	0000	8
		_setDimmerLight		CODE           	1793	0000	109
		_setDimmerIntr_		CODE           	1EBD	0000	22
		_DimmerLights_I		CODE           	1C00	0000	9
		_getDimmerLight		CODE           	1EA7	0000	22
		_setDimmerLight		CODE           	0711	0000	197
		_DimmerLights_T		CODE           	0DE4	0000	173
		_setDimmerIntr_		CODE           	1F00	0000	24

../src/Dimmer_B1.c estimated size: 1286

../src/DelayOff_B1.c
		_DelayOff_Initi		CODE           	1B99	0000	4
		_DlyOff_Main   		CODE           	0843	0000	111
		_DelayOff_Main 		CODE           	1B9D	0000	4
		_DelayOffPointS		CODE           	1C2E	0000	11
		_getDelayOff_GO		CODE           	1D24	0000	16
		_setDelayOff_GO		CODE           	0C05	0000	142
		_DlyOff_Initial		CODE           	1BC1	0000	6

../src/DelayOff_B1.c estimated size: 294

C:\Program Files (x86)\Microchip\xc8\v1.32\sources\common\lbdiv.c
		___lbdiv       		CODE           	1081	0000	33

C:\Program Files (x86)\Microchip\xc8\v1.32\sources\common\lbdiv.c estimated size: 33

C:\Program Files (x86)\Microchip\xc8\v1.32\sources\pic\ftdiv.c
		___ftdiv       		CODE           	0D3B	0000	169

C:\Program Files (x86)\Microchip\xc8\v1.32\sources\pic\ftdiv.c estimated size: 169

