Microchip MPLAB XC8 Compiler V1.32 ()

Linker command line:

--edf=C:\Program Files (x86)\Microchip\xc8\v1.32\dat\en_msgs.txt -cs \
  -h+dist/default/production\1-8-1.Switch_1Key_Dimmer_MOSFET.X.production.sym \
  --cmf=dist/default/production\1-8-1.Switch_1Key_Dimmer_MOSFET.X.production.cmf \
  -z -Q16F1518 -oC:\Users\taianluo\AppData\Local\Temp\s4oo.6 \
  -Mdist/default/production/1-8-1.Switch_1Key_Dimmer_MOSFET.X.production.map \
  -E1 -ver=XC8 -ASTACK=02160h-0231fh -pstack=STACK -ACONST=00h-0FFhx64 \
  -ACODE=00h-07FFhx8 -ASTRCODE=00h-03FFFh -AENTRY=00h-0FFhx64 \
  -ASTRING=00h-0FFhx64 -ACOMMON=070h-07Fh -ABANK0=020h-06Fh \
  -ABANK1=0A0h-0EFh -ABANK2=0120h-016Fh -ABANK3=01A0h-01EFh \
  -ABANK4=0220h-026Fh -ABANK5=02A0h-02EFh -ABANK6=0320h-036Fh \
  -ABANK7=03A0h-03EFh -ABANK8=0420h-046Fh -ABANK9=04A0h-04EFh \
  -ABANK10=0520h-056Fh -ABANK11=05A0h-05EFh -ABANK12=0620h-064Fh \
  -ABIGRAM=02000h-023EFh \
  -ARAM=020h-06Fh,0A0h-0EFh,0120h-016Fh,01A0h-01EFh,0220h-026Fh,02A0h-02EFh,0320h-036Fh,03A0h-03EFh,0420h-046Fh,04A0h-04EFh,0520h-056Fh,05A0h-05EFh,0620h-064Fh \
  -AABS1=020h-07Fh,0A0h-0EFh,0120h-016Fh,01A0h-01EFh,0220h-026Fh,02A0h-02EFh,0320h-036Fh,03A0h-03EFh,0420h-046Fh,04A0h-04EFh,0520h-056Fh,05A0h-05EFh,0620h-064Fh \
  -ASFR0=00h-01Fh -ASFR1=080h-09Fh -ASFR2=0100h-011Fh -ASFR3=0180h-019Fh \
  -ASFR4=0200h-021Fh -ASFR5=0280h-029Fh -ASFR6=0300h-031Fh \
  -ASFR7=0380h-039Fh -ASFR8=0400h-041Fh -ASFR9=0480h-049Fh \
  -ASFR10=0500h-051Fh -ASFR11=0580h-059Fh -ASFR12=0600h-061Fh \
  -ASFR13=0680h-06EFh -ASFR14=0700h-076Fh -ASFR15=0780h-07EFh \
  -ASFR16=0800h-086Fh -ASFR17=0880h-08EFh -ASFR18=0900h-096Fh \
  -ASFR19=0980h-09EFh -ASFR20=0A00h-0A6Fh -ASFR21=0A80h-0AEFh \
  -ASFR22=0B00h-0B6Fh -ASFR23=0B80h-0BEFh -ASFR24=0C00h-0C6Fh \
  -ASFR25=0C80h-0CEFh -ASFR26=0D00h-0D6Fh -ASFR27=0D80h-0DEFh \
  -ASFR28=0E00h-0E6Fh -ASFR29=0E80h-0EEFh -ASFR30=0F00h-0F6Fh \
  -ASFR31=0F80h-0FEFh -preset_vec=00h,intentry=04h,init,end_init \
  -ppowerup=CODE -pcinit=CODE -pfunctab=CODE -ACONFIG=08007h-08008h \
  -pconfig=CONFIG -DCONFIG=2 -AIDLOC=08000h-08003h -pidloc=IDLOC -DIDLOC=2 \
  -DCODE=2 -DSTRCODE=2 -DSTRING=2 -DCONST=2 -DENTRY=2 -k \
  C:\Users\taianluo\AppData\Local\Temp\s4oo.obj \
  dist/default/production\1-8-1.Switch_1Key_Dimmer_MOSFET.X.production.obj 

Object code version is 3.11

Machine type is 16F1518



                Name                               Link     Load   Length Selector   Space Scale
C:\Users\taianluo\AppData\Local\Temp\s4oo.obj
                end_init                             13       13        2        8       0
                reset_vec                             0        0        2        0       0
                config                             8007     8007        2    1000E       0
dist/default/production\1-8-1.Switch_1Key_Dimmer_MOSFET.X.production.obj
                cinit                                15       15       2C        8       0
                intentry                              4        4        F        8       0
                text135                            1C96     1C96        B     392C       0
                text134                            1292     1292       34     2524       0
                text133                            1C06     1C06        4     380C       0
                text132                            1D53     1D53        F     3AA6       0
                text131                            1C78     1C78        A     38F0       0
                text130                             35C      35C       FA        8       0
                text129                            10B3     10B3       25     2166       0
                text127                            1BF4     1BF4        3     37E8       0
                text126                            14C7     14C7       4A     298E       0
                text125                            1EA5     1EA5       19     3D4A       0
                text124                            1E66     1E66       15     3CCC       0
                text123                            1C26     1C26        5     384C       0
                text122                            1EBE     1EBE       1A     3D7C       0
                text121                            1C0A     1C0A        4     3814       0
                text120                            1C0E     1C0E        4     381C       0
                text119                            10FD     10FD       26     21FA       0
                text118                            1CE3     1CE3        C     39C6       0
                text117                            106C     106C       23     20D8       0
                text116                            1F7F     1F7F       1F     3EFE       0
                text115                            1123     1123       2A     2246       0
                text114                             7B8      7B8       44        8       0
                text113                            1C12     1C12        4     3824       0
                text112                            1E7B     1E7B       15     3CF6       0
                text111                            1CA1     1CA1        B     3942       0
                text110                            1C2B     1C2B        6     3856       0
                text109                            1C16     1C16        4     382C       0
                text108                            16A2     16A2       54     2D44       0
                text107                            174E     174E       59     2E9C       0
                text106                            1CAC     1CAC        B     3958       0
                text105                            1DA0     1DA0       11     3B40       0
                text104                            1D80     1D80       10     3B00       0
                text103                            1DE4     1DE4       12     3BC8       0
                text102                            114D     114D       2A     229A       0
                text101                            1D37     1D37        E     3A6E       0
                text100                            164F     164F       53     2C9E       0
                text99                             155F     155F       4F     2ABE       0
                text98                              8CF      8CF       5E     119E       0
                text97                              872      872       5D     10E4       0
                text96                             1C1A     1C1A        4     3834       0
                text95                             122E     122E       31     245C       0
                text94                             1C82     1C82        A     3904       0
                text93                             125F     125F       33     24BE       0
                text92                             1C45     1C45        8     388A       0
                text91                              801      801       16     1002       0
                text90                             1C8C     1C8C        A     3918       0
                text89                             1D45     1D45        E     3A8A       0
                text88                             1CEF     1CEF        C     39DE       0
                text87                             139D     139D       39     273A       0
                text86                              98C      98C       61     1318       0
                text85                             1FDE     1FDE       22     3FBC       0
                text84                              456      456       F6        8       0
                text83                              EA7      EA7       A9     1D4E       0
                text82                             1C5D     1C5D        9     38BA       0
                text81                              D89      D89       87     1B12       0
                text80                              9ED      9ED       65     13DA       0
                text79                             17A7     17A7       59     2F4E       0
                text78                              E10      E10       97     1C20       0
                text77                             15FD     15FD       52     2BFA       0
                text76                             16F6     16F6       58     2DEC       0
                text75                              B23      B23       6D     1646       0
                text74                             1F0C     1F0C       1C     3E18       0
                text73                             1CB7     1CB7        B     396E       0
                text72                              628      628       DC        8       0
                text71                             1ED8     1ED8       1A     3DB0       0
                text70                             1C66     1C66        9     38CC       0
                text69                             11D0     11D0       2F     23A0       0
                text68                             1CFB     1CFB        C     39F6       0
                text67                              54C      54C       DC        8       0
                text66                             1D07     1D07        C     3A0E       0
                text65                             1511     1511       4E     2A22       0
                text64                             12FA     12FA       36     25F4       0
                text63                             1DF6     1DF6       12     3BEC       0
                text62                             1C1E     1C1E        4     383C       0
                text61                             1330     1330       36     2660       0
                text60                             1C22     1C22        4     3844       0
                text59                             1F28     1F28       1C     3E50       0
                text58                             1BF7     1BF7        3     37EE       0
                text57                             1366     1366       37     26CC       0
                text56                             1F61     1F61       1E     3EC2       0
                text55                             1177     1177       2B     22EE       0
                text54                             1C4D     1C4D        8     389A       0
                text53                             1C55     1C55        8     38AA       0
                text52                             1D13     1D13        C     3A26       0
                text51                               41       41      1AC        8       0
                text50                             1C37     1C37        7     386E       0
                text49                              7FC      7FC        4        8       0
                text48                             1D1F     1D1F        C     3A3E       0
                text47                             1EF2     1EF2       1A     3DE4       0
                text46                             1D2B     1D2B        C     3A56       0
                text45                             1CC2     1CC2        B     3984       0
                text44                             1E08     1E08       12     3C10       0
                text43                             1CCD     1CCD        B     399A       0
                text42                             1BFA     1BFA        3     37F4       0
                text41                             1F44     1F44       1D     3E88       0
                text40                             10D8     10D8       25     21B0       0
                text39                              B90      B90       78     1720       0
                text38                              AB7      AB7       6C     156E       0
                text37                             1D62     1D62        F     3AC4       0
                text36                             1DB1     1DB1       11     3B62       0
                text35                             1DC2     1DC2       11     3B84       0
                text34                             1E2C     1E2C       13     3C58       0
                text33                              704      704       B4        8       0
                text32                              A52      A52       65     14A4       0
                text31                             108F     108F       24     211E       0
                text30                             11FF     11FF       2F     23FE       0
                text29                             144B     144B       3E     2896       0
                text28                             13D6     13D6       39     27AC       0
                text27                             15AE     15AE       4F     2B5C       0
                text26                              92D      92D       5F     125A       0
                text25                             1E3F     1E3F       13     3C7E       0
                text24                             12C6     12C6       34     258C       0
                text23                              C08      C08       7A     1810       0
                text22                              D03      D03       86     1A06       0
                text21                             1BFD     1BFD        3     37FA       0
                text20                             1E90     1E90       15     3D20       0
                text19                             1D90     1D90       10     3B20       0
                text18                             1C6F     1C6F        9     38DE       0
                text17                             1CD8     1CD8        B     39B0       0
                text16                             1DD3     1DD3       11     3BA6       0
                text15                             11A2     11A2       2E     2344       0
                text14                             1E52     1E52       14     3CA4       0
                text13                              1ED      1ED      16F        8       0
                text12                             1C3E     1C3E        7     387C       0
                text11                              800      800        1        8       0
                text10                             1C00     1C00        3     3800       0
                text9                               F50      F50       B0     1EA0       0
                text8                              1C03     1C03        3     3806       0
                text7                                 2        2        2        0       0
                text6                              1E1A     1E1A       12     3C34       0
                text5                              1F9E     1F9E       20     3F3C       0
                text4                               C82      C82       81     1904       0
                text3                              1489     1489       3E     2912       0
                text2                              1D71     1D71        F     3AE2       0
                text1                              140F     140F       3C     281E       0
                maintext                            817      817       5B     102E       0
                cstackBANK0                          20       20       4F       20       1
                cstackCOMMON                         70       70        5       70       1
                cstackBANK1                          E9       E9        7       A0       1
                cstackBANK2                         16D      16D        3      120       1
                cstackBANK3                         1EC      1EC        4      1A0       1
                inittext                           1C31     1C31        6     3862       0
                clrtext                            1066     1066        6     20CC       0
                dataBANK4                           220      220       20      220       1
                bssBANK3                            1A0      1A0       4C      1A0       1
                bssBANK2                            120      120       4D      120       1
                bssBANK1                             A0       A0       49       A0       1
                bssBANK0                             6F       6F        1       20       1
                bssCOMMON                            75       75        3       70       1
                bitbssCOMMON                        3C0       78        2       70       1     8
                nvCOMMON                             79       79        1       70       1
                stringtext                         1000     1000       66       20       0
                idataBANK4                         1FBE     1FBE       20     3F7C       0

TOTAL           Name                               Link     Load   Length     Space
        CLASS   STACK          

        CLASS   CONST          

        CLASS   CODE           
                end_init                             13       13        2         0
                cinit                                15       15       2C         0
                intentry                              4        4        F         0
                reset_vec                             0        0        2         0
                text135                            1C96     1C96        B         0
                text134                            1292     1292       34         0
                text133                            1C06     1C06        4         0
                text132                            1D53     1D53        F         0
                text131                            1C78     1C78        A         0
                text130                             35C      35C       FA         0
                text129                            10B3     10B3       25         0
                text127                            1BF4     1BF4        3         0
                text126                            14C7     14C7       4A         0
                text125                            1EA5     1EA5       19         0
                text124                            1E66     1E66       15         0
                text123                            1C26     1C26        5         0
                text122                            1EBE     1EBE       1A         0
                text121                            1C0A     1C0A        4         0
                text120                            1C0E     1C0E        4         0
                text119                            10FD     10FD       26         0
                text118                            1CE3     1CE3        C         0
                text117                            106C     106C       23         0
                text116                            1F7F     1F7F       1F         0
                text115                            1123     1123       2A         0
                text114                             7B8      7B8       44         0
                text113                            1C12     1C12        4         0
                text112                            1E7B     1E7B       15         0
                text111                            1CA1     1CA1        B         0
                text110                            1C2B     1C2B        6         0
                text109                            1C16     1C16        4         0
                text108                            16A2     16A2       54         0
                text107                            174E     174E       59         0
                text106                            1CAC     1CAC        B         0
                text105                            1DA0     1DA0       11         0
                text104                            1D80     1D80       10         0
                text103                            1DE4     1DE4       12         0
                text102                            114D     114D       2A         0
                text101                            1D37     1D37        E         0
                text100                            164F     164F       53         0
                text99                             155F     155F       4F         0
                text98                              8CF      8CF       5E         0
                text97                              872      872       5D         0
                text96                             1C1A     1C1A        4         0
                text95                             122E     122E       31         0
                text94                             1C82     1C82        A         0
                text93                             125F     125F       33         0
                text92                             1C45     1C45        8         0
                text91                              801      801       16         0
                text90                             1C8C     1C8C        A         0
                text89                             1D45     1D45        E         0
                text88                             1CEF     1CEF        C         0
                text87                             139D     139D       39         0
                text86                              98C      98C       61         0
                text85                             1FDE     1FDE       22         0
                text84                              456      456       F6         0
                text83                              EA7      EA7       A9         0
                text82                             1C5D     1C5D        9         0
                text81                              D89      D89       87         0
                text80                              9ED      9ED       65         0
                text79                             17A7     17A7       59         0
                text78                              E10      E10       97         0
                text77                             15FD     15FD       52         0
                text76                             16F6     16F6       58         0
                text75                              B23      B23       6D         0
                text74                             1F0C     1F0C       1C         0
                text73                             1CB7     1CB7        B         0
                text72                              628      628       DC         0
                text71                             1ED8     1ED8       1A         0
                text70                             1C66     1C66        9         0
                text69                             11D0     11D0       2F         0
                text68                             1CFB     1CFB        C         0
                text67                              54C      54C       DC         0
                text66                             1D07     1D07        C         0
                text65                             1511     1511       4E         0
                text64                             12FA     12FA       36         0
                text63                             1DF6     1DF6       12         0
                text62                             1C1E     1C1E        4         0
                text61                             1330     1330       36         0
                text60                             1C22     1C22        4         0
                text59                             1F28     1F28       1C         0
                text58                             1BF7     1BF7        3         0
                text57                             1366     1366       37         0
                text56                             1F61     1F61       1E         0
                text55                             1177     1177       2B         0
                text54                             1C4D     1C4D        8         0
                text53                             1C55     1C55        8         0
                text52                             1D13     1D13        C         0
                text51                               41       41      1AC         0
                text50                             1C37     1C37        7         0
                text49                              7FC      7FC        4         0
                text48                             1D1F     1D1F        C         0
                text47                             1EF2     1EF2       1A         0
                text46                             1D2B     1D2B        C         0
                text45                             1CC2     1CC2        B         0
                text44                             1E08     1E08       12         0
                text43                             1CCD     1CCD        B         0
                text42                             1BFA     1BFA        3         0
                text41                             1F44     1F44       1D         0
                text40                             10D8     10D8       25         0
                text39                              B90      B90       78         0
                text38                              AB7      AB7       6C         0
                text37                             1D62     1D62        F         0
                text36                             1DB1     1DB1       11         0
                text35                             1DC2     1DC2       11         0
                text34                             1E2C     1E2C       13         0
                text33                              704      704       B4         0
                text32                              A52      A52       65         0
                text31                             108F     108F       24         0
                text30                             11FF     11FF       2F         0
                text29                             144B     144B       3E         0
                text28                             13D6     13D6       39         0
                text27                             15AE     15AE       4F         0
                text26                              92D      92D       5F         0
                text25                             1E3F     1E3F       13         0
                text24                             12C6     12C6       34         0
                text23                              C08      C08       7A         0
                text22                              D03      D03       86         0
                text21                             1BFD     1BFD        3         0
                text20                             1E90     1E90       15         0
                text19                             1D90     1D90       10         0
                text18                             1C6F     1C6F        9         0
                text17                             1CD8     1CD8        B         0
                text16                             1DD3     1DD3       11         0
                text15                             11A2     11A2       2E         0
                text14                             1E52     1E52       14         0
                text13                              1ED      1ED      16F         0
                text12                             1C3E     1C3E        7         0
                text11                              800      800        1         0
                text10                             1C00     1C00        3         0
                text9                               F50      F50       B0         0
                text8                              1C03     1C03        3         0
                text7                                 2        2        2         0
                text6                              1E1A     1E1A       12         0
                text5                              1F9E     1F9E       20         0
                text4                               C82      C82       81         0
                text3                              1489     1489       3E         0
                text2                              1D71     1D71        F         0
                text1                              140F     140F       3C         0
                maintext                            817      817       5B         0
                inittext                           1C31     1C31        6         0
                clrtext                            1066     1066        6         0
                idataBANK4                         1FBE     1FBE       20         0

        CLASS   STRCODE        
                stringtext                         1000     1000       66         0

        CLASS   ENTRY          

        CLASS   STRING         

        CLASS   COMMON         
                cstackCOMMON                         70       70        5         1
                bssCOMMON                            75       75        3         1
                bitbssCOMMON                        3C0       78        2         1
                nvCOMMON                             79       79        1         1

        CLASS   BANK0          
                cstackBANK0                          20       20       4F         1
                bssBANK0                             6F       6F        1         1

        CLASS   BANK1          
                cstackBANK1                          E9       E9        7         1
                bssBANK1                             A0       A0       49         1

        CLASS   BANK2          
                cstackBANK2                         16D      16D        3         1
                bssBANK2                            120      120       4D         1

        CLASS   BANK3          
                cstackBANK3                         1EC      1EC        4         1
                bssBANK3                            1A0      1A0       4C         1

        CLASS   BANK4          
                dataBANK4                           220      220       20         1

        CLASS   BANK5          

        CLASS   BANK6          

        CLASS   BANK7          

        CLASS   BANK8          

        CLASS   BANK9          

        CLASS   BANK10         

        CLASS   BANK11         

        CLASS   BANK12         

        CLASS   BIGRAM         

        CLASS   RAM            

        CLASS   ABS1           
                abs_s1                               7E       7E        2         1

        CLASS   SFR0           

        CLASS   SFR1           

        CLASS   SFR2           

        CLASS   SFR3           

        CLASS   SFR4           

        CLASS   SFR5           

        CLASS   SFR6           

        CLASS   SFR7           

        CLASS   SFR8           

        CLASS   SFR9           

        CLASS   SFR10          

        CLASS   SFR11          

        CLASS   SFR12          

        CLASS   SFR13          

        CLASS   SFR14          

        CLASS   SFR15          

        CLASS   SFR16          

        CLASS   SFR17          

        CLASS   SFR18          

        CLASS   SFR19          

        CLASS   SFR20          

        CLASS   SFR21          

        CLASS   SFR22          

        CLASS   SFR23          

        CLASS   SFR24          

        CLASS   SFR25          

        CLASS   SFR26          

        CLASS   SFR27          

        CLASS   SFR28          

        CLASS   SFR29          

        CLASS   SFR30          

        CLASS   SFR31          

        CLASS   CONFIG         
                config                             8007     8007        2         0

        CLASS   IDLOC          

        CLASS   BANK31         

        CLASS   BANK30         

        CLASS   BANK29         

        CLASS   BANK28         

        CLASS   BANK27         

        CLASS   BANK26         

        CLASS   BANK25         

        CLASS   BANK24         

        CLASS   BANK23         

        CLASS   BANK22         

        CLASS   BANK21         

        CLASS   BANK20         

        CLASS   BANK19         

        CLASS   BANK18         

        CLASS   BANK17         

        CLASS   BANK16         

        CLASS   BANK15         

        CLASS   BANK14         

        CLASS   BANK13         

        CLASS   EEDATA         



SEGMENTS        Name                           Load    Length   Top    Selector   Space  Class     Delta

                reset_vec                      000000  000004  000004         0       0  CODE        2
                intentry                       000004  0007FD  000801         8       0  CODE        2
                cstackBANK0                    000020  000050  000070        20       1  BANK0       1
                cstackCOMMON                   000070  00000A  00007A        70       1  COMMON      1
                bssBANK1                       0000A0  000050  0000F0        A0       1  BANK1       1
                bssBANK2                       000120  000050  000170       120       1  BANK2       1
                bssBANK3                       0001A0  000050  0001F0       1A0       1  BANK3       1
                dataBANK4                      000220  000020  000240       220       1  BANK4       1
                text91                         000801  000016  000817      1002       0  CODE        2
                maintext                       000817  00005B  000872      102E       0  CODE        2
                text97                         000872  00005D  0008CF      10E4       0  CODE        2
                text98                         0008CF  00005E  00092D      119E       0  CODE        2
                text26                         00092D  00005F  00098C      125A       0  CODE        2
                text86                         00098C  000061  0009ED      1318       0  CODE        2
                text80                         0009ED  000065  000A52      13DA       0  CODE        2
                text32                         000A52  000065  000AB7      14A4       0  CODE        2
                text38                         000AB7  00006C  000B23      156E       0  CODE        2
                text75                         000B23  00006D  000B90      1646       0  CODE        2
                text39                         000B90  000078  000C08      1720       0  CODE        2
                text23                         000C08  00007A  000C82      1810       0  CODE        2
                text4                          000C82  000081  000D03      1904       0  CODE        2
                text22                         000D03  000086  000D89      1A06       0  CODE        2
                text81                         000D89  000087  000E10      1B12       0  CODE        2
                text78                         000E10  000097  000EA7      1C20       0  CODE        2
                text83                         000EA7  0000A9  000F50      1D4E       0  CODE        2
                text9                          000F50  0000B0  001000      1EA0       0  CODE        2
                stringtext                     001000  000066  001066        20       0  STRCODE     2
                clrtext                        001066  000006  00106C      20CC       0  CODE        2
                text117                        00106C  000023  00108F      20D8       0  CODE        2
                text31                         00108F  000024  0010B3      211E       0  CODE        2
                text129                        0010B3  000025  0010D8      2166       0  CODE        2
                text40                         0010D8  000025  0010FD      21B0       0  CODE        2
                text119                        0010FD  000026  001123      21FA       0  CODE        2
                text115                        001123  00002A  00114D      2246       0  CODE        2
                text102                        00114D  00002A  001177      229A       0  CODE        2
                text55                         001177  00002B  0011A2      22EE       0  CODE        2
                text15                         0011A2  00002E  0011D0      2344       0  CODE        2
                text69                         0011D0  00002F  0011FF      23A0       0  CODE        2
                text30                         0011FF  00002F  00122E      23FE       0  CODE        2
                text95                         00122E  000031  00125F      245C       0  CODE        2
                text93                         00125F  000033  001292      24BE       0  CODE        2
                text134                        001292  000034  0012C6      2524       0  CODE        2
                text24                         0012C6  000034  0012FA      258C       0  CODE        2
                text64                         0012FA  000036  001330      25F4       0  CODE        2
                text61                         001330  000036  001366      2660       0  CODE        2
                text57                         001366  000037  00139D      26CC       0  CODE        2
                text87                         00139D  000039  0013D6      273A       0  CODE        2
                text28                         0013D6  000039  00140F      27AC       0  CODE        2
                text1                          00140F  00003C  00144B      281E       0  CODE        2
                text29                         00144B  00003E  001489      2896       0  CODE        2
                text3                          001489  00003E  0014C7      2912       0  CODE        2
                text126                        0014C7  00004A  001511      298E       0  CODE        2
                text65                         001511  00004E  00155F      2A22       0  CODE        2
                text99                         00155F  00004F  0015AE      2ABE       0  CODE        2
                text27                         0015AE  00004F  0015FD      2B5C       0  CODE        2
                text77                         0015FD  000052  00164F      2BFA       0  CODE        2
                text100                        00164F  000053  0016A2      2C9E       0  CODE        2
                text108                        0016A2  000054  0016F6      2D44       0  CODE        2
                text76                         0016F6  000058  00174E      2DEC       0  CODE        2
                text107                        00174E  000059  0017A7      2E9C       0  CODE        2
                text79                         0017A7  000059  001800      2F4E       0  CODE        2
                text127                        001BF4  000003  001BF7      37E8       0  CODE        2
                text58                         001BF7  000003  001BFA      37EE       0  CODE        2
                text42                         001BFA  000003  001BFD      37F4       0  CODE        2
                text21                         001BFD  000003  001C00      37FA       0  CODE        2
                text10                         001C00  000003  001C03      3800       0  CODE        2
                text8                          001C03  000003  001C06      3806       0  CODE        2
                text133                        001C06  000004  001C0A      380C       0  CODE        2
                text121                        001C0A  000004  001C0E      3814       0  CODE        2
                text120                        001C0E  000004  001C12      381C       0  CODE        2
                text113                        001C12  000004  001C16      3824       0  CODE        2
                text109                        001C16  000004  001C1A      382C       0  CODE        2
                text96                         001C1A  000004  001C1E      3834       0  CODE        2
                text62                         001C1E  000004  001C22      383C       0  CODE        2
                text60                         001C22  000004  001C26      3844       0  CODE        2
                text123                        001C26  000005  001C2B      384C       0  CODE        2
                text110                        001C2B  000006  001C31      3856       0  CODE        2
                inittext                       001C31  000006  001C37      3862       0  CODE        2
                text50                         001C37  000007  001C3E      386E       0  CODE        2
                text12                         001C3E  000007  001C45      387C       0  CODE        2
                text92                         001C45  000008  001C4D      388A       0  CODE        2
                text54                         001C4D  000008  001C55      389A       0  CODE        2
                text53                         001C55  000008  001C5D      38AA       0  CODE        2
                text82                         001C5D  000009  001C66      38BA       0  CODE        2
                text70                         001C66  000009  001C6F      38CC       0  CODE        2
                text18                         001C6F  000009  001C78      38DE       0  CODE        2
                text131                        001C78  00000A  001C82      38F0       0  CODE        2
                text94                         001C82  00000A  001C8C      3904       0  CODE        2
                text90                         001C8C  00000A  001C96      3918       0  CODE        2
                text135                        001C96  00000B  001CA1      392C       0  CODE        2
                text111                        001CA1  00000B  001CAC      3942       0  CODE        2
                text106                        001CAC  00000B  001CB7      3958       0  CODE        2
                text73                         001CB7  00000B  001CC2      396E       0  CODE        2
                text45                         001CC2  00000B  001CCD      3984       0  CODE        2
                text43                         001CCD  00000B  001CD8      399A       0  CODE        2
                text17                         001CD8  00000B  001CE3      39B0       0  CODE        2
                text118                        001CE3  00000C  001CEF      39C6       0  CODE        2
                text88                         001CEF  00000C  001CFB      39DE       0  CODE        2
                text68                         001CFB  00000C  001D07      39F6       0  CODE        2
                text66                         001D07  00000C  001D13      3A0E       0  CODE        2
                text52                         001D13  00000C  001D1F      3A26       0  CODE        2
                text48                         001D1F  00000C  001D2B      3A3E       0  CODE        2
                text46                         001D2B  00000C  001D37      3A56       0  CODE        2
                text101                        001D37  00000E  001D45      3A6E       0  CODE        2
                text89                         001D45  00000E  001D53      3A8A       0  CODE        2
                text132                        001D53  00000F  001D62      3AA6       0  CODE        2
                text37                         001D62  00000F  001D71      3AC4       0  CODE        2
                text2                          001D71  00000F  001D80      3AE2       0  CODE        2
                text104                        001D80  000010  001D90      3B00       0  CODE        2
                text19                         001D90  000010  001DA0      3B20       0  CODE        2
                text105                        001DA0  000011  001DB1      3B40       0  CODE        2
                text36                         001DB1  000011  001DC2      3B62       0  CODE        2
                text35                         001DC2  000011  001DD3      3B84       0  CODE        2
                text16                         001DD3  000011  001DE4      3BA6       0  CODE        2
                text103                        001DE4  000012  001DF6      3BC8       0  CODE        2
                text63                         001DF6  000012  001E08      3BEC       0  CODE        2
                text44                         001E08  000012  001E1A      3C10       0  CODE        2
                text6                          001E1A  000012  001E2C      3C34       0  CODE        2
                text34                         001E2C  000013  001E3F      3C58       0  CODE        2
                text25                         001E3F  000013  001E52      3C7E       0  CODE        2
                text14                         001E52  000014  001E66      3CA4       0  CODE        2
                text124                        001E66  000015  001E7B      3CCC       0  CODE        2
                text112                        001E7B  000015  001E90      3CF6       0  CODE        2
                text20                         001E90  000015  001EA5      3D20       0  CODE        2
                text125                        001EA5  000019  001EBE      3D4A       0  CODE        2
                text122                        001EBE  00001A  001ED8      3D7C       0  CODE        2
                text71                         001ED8  00001A  001EF2      3DB0       0  CODE        2
                text47                         001EF2  00001A  001F0C      3DE4       0  CODE        2
                text74                         001F0C  00001C  001F28      3E18       0  CODE        2
                text59                         001F28  00001C  001F44      3E50       0  CODE        2
                text41                         001F44  00001D  001F61      3E88       0  CODE        2
                text56                         001F61  00001E  001F7F      3EC2       0  CODE        2
                text116                        001F7F  00001F  001F9E      3EFE       0  CODE        2
                text5                          001F9E  000020  001FBE      3F3C       0  CODE        2
                idataBANK4                     001FBE  000020  001FDE      3F7C       0  CODE        2
                text85                         001FDE  000022  002000      3FBC       0  CODE        2
                config                         008007  000002  008009     1000E       0  CONFIG      2


UNUSED ADDRESS RANGES

        Name                Unused          Largest block    Delta
        BANK10           00520-0056F              50           1
        BANK11           005A0-005EF              50           1
        BANK12           00620-0064F              30           1
        BANK4            00240-0026F              30           1
        BANK5            002A0-002EF              50           1
        BANK6            00320-0036F              50           1
        BANK7            003A0-003EF              50           1
        BANK8            00420-0046F              50           1
        BANK9            004A0-004EF              50           1
        BIGRAM           02000-023EF             3F0           1
        CODE             01800-01BF3             3F4           2
                         02000-03FFF             800
        COMMON           0007A-0007D               4           1
        CONST            01800-01BF3             100           2
                         02000-03FFF             100
        ENTRY            01800-01BF3             100           2
                         02000-03FFF             100
        IDLOC            08000-08003               4           2
        RAM              00240-0026F              30           1
                         002A0-002EF              50
                         00320-0036F              50
                         003A0-003EF              50
                         00420-0046F              50
                         004A0-004EF              50
                         00520-0056F              50
                         005A0-005EF              50
                         00620-0064F              30
        SFR0             00000-0001F              20           1
        SFR1             00080-0009F              20           1
        SFR10            00500-0051F              20           1
        SFR11            00580-0059F              20           1
        SFR12            00600-0061F              20           1
        SFR13            00680-006EF              70           1
        SFR14            00700-0076F              70           1
        SFR15            00780-007EF              70           1
        SFR16            00800-0086F              70           1
        SFR17            00880-008EF              70           1
        SFR18            00900-0096F              70           1
        SFR19            00980-009EF              70           1
        SFR2             00100-0011F              20           1
        SFR20            00A00-00A6F              70           1
        SFR21            00A80-00AEF              70           1
        SFR22            00B00-00B6F              70           1
        SFR23            00B80-00BEF              70           1
        SFR24            00C00-00C6F              70           1
        SFR25            00C80-00CEF              70           1
        SFR26            00D00-00D6F              70           1
        SFR27            00D80-00DEF              70           1
        SFR28            00E00-00E6F              70           1
        SFR29            00E80-00EEF              70           1
        SFR3             00180-0019F              20           1
        SFR30            00F00-00F6F              70           1
        SFR31            00F80-00FEF              70           1
        SFR4             00200-0021F              20           1
        SFR5             00280-0029F              20           1
        SFR6             00300-0031F              20           1
        SFR7             00380-0039F              20           1
        SFR8             00400-0041F              20           1
        SFR9             00480-0049F              20           1
        STACK            02160-0231F             1C0           1
        STRCODE          01800-01BF3             3F4           2
                         02000-03FFF            2000
        STRING           01800-01BF3             100           2
                         02000-03FFF             100

                                  Symbol Table

?___awdiv                                 cstackBANK0  00020
?___awtoft                                cstackBANK0  00028
?___ftadd                                 cstackBANK0  00041
?___ftdiv                                 cstackBANK0  0002E
?___ftmul                                 cstackBANK0  0002E
?___ftneg                                 cstackBANK0  0003E
?___ftpack                                cstackBANK0  00020
?___fttol                                 cstackBANK0  0004E
?___lwdiv                                 cstackBANK0  00020
?___wmul                                  cstackBANK0  00020
?_getAD                                   cstackBANK0  00020
?_getBuz_GO                               cstackBANK0  00020
CC2500_InitPATable@loop_d                 cstackBANK0  00027
CC2500_InitPATable@temp                   cstackBANK0  00026
CC2500_InitSetREG@loop_c                  cstackBANK0  00028
CC2500_InitSetREG@temp1                   cstackBANK0  00026
CC2500_InitSetREG@temp2                   cstackBANK0  00027
CC2500_ReadByte@loop_b                    cstackBANK0  00021
CC2500_ReadStatus@status_addr             cstackBANK0  00023
CC2500_RxData@loop_f                      cstackBANK0  00025
CC2500_TxData@loop_e                      cstackBANK0  00025
CC2500_WriteByte@loop_a                   cstackBANK0  00021
CC2500_WriteCommand@command               cstackBANK0  00023
CC2500_WriteREG@value                     cstackBANK0  00022
CC2500_WriteREG@w_addr                    cstackBANK0  00024
DelayOffPointSelect@sw                    cstackBANK0  00021
DelayTime_1us@count                       cstackBANK0  00020
DelayTime_1us@i                           cstackBANK0  00022
DelayTime_1us@j                           cstackBANK0  00024
DelayTimejudge@i                          cstackBANK0  00026
DelayTimejudge@j                          cstackBANK0  00027
DelayTimejudge@k                          cstackBANK0  00028
DelayTimejudge@value                      cstackBANK0  00029
DimmerIntrIOCPointSelect@lights           cstackCOMMON 00071
DimmerIntrPointSelect@lights              cstackCOMMON 00071
DimmerLightsPointSelect@lights            cstackBANK0  00021
DlyOff_Initialization@sw                  cstackBANK0  00022
DlyOff_Main@sw                            cstackBANK0  0006E
Exception_Main@count                      cstackBANK1  000E9
Exception_Main@error                      cstackBANK1  000EA
Exception_Main@i                          cstackBANK1  000EB
Exception_Main@i_3436                     cstackBANK1  000ED
Exception_Main@lights                     cstackBANK1  000EF
Flash_Memory_Initialization@i             cstackBANK0  00063
Flash_Memory_Modify@i                     cstackBANK0  00025
Flash_Memory_Read@address                 cstackBANK0  00022
Flash_Memory_Read@i                       cstackBANK0  00021
Flash_Memory_Read@ret                     cstackBANK0  00023
Flash_Memory_Write@i                      cstackBANK0  00021
LedPointSelect@led                        cstackBANK0  00021
Load_Main@Load_Status                     cstackBANK0  0002B
Load_Main@error                           cstackBANK0  0002A
Load_Main@i                               cstackBANK0  0002C
SwPointSelect@sw                          cstackBANK0  00021
_ADCON0                                   (abs)        0009D
_ADCON1                                   (abs)        0009E
_ADC_Set                                  text50       01C37
_ADRESH                                   (abs)        0009C
_ADRESL                                   (abs)        0009B
_ANSELA                                   (abs)        0018C
_ANSELB                                   (abs)        0018D
_ANSELC                                   (abs)        0018E
_Buz1                                     bssBANK1     000AE
_Buzzer_Initialization                    text127      01BF4
_Buzzer_Main                              text126      014C7
_CC2500_ClearRXFIFO                       text121      01C0A
_CC2500_ClearTXFIFO                       text120      01C0E
_CC2500_FrequencyCabr                     text118      01CE3
_CC2500_InitPATable                       text116      01F7F
_CC2500_InitSetREG                        text115      01123
_CC2500_PowerOnInitial                    text112      01E7B
_CC2500_PowerRST                          text114      007B8
_CC2500_ReadByte                          text41       01F44
_CC2500_ReadStatus                        text40       010D8
_CC2500_RxData                            text39       00B90
_CC2500_SIDLEMode                         text113      01C12
_CC2500_TxData                            text38       00AB7
_CC2500_WriteByte                         text125      01EA5
_CC2500_WriteCommand                      text122      01EBE
_CC2500_WriteREG                          text117      0106C
_CC2500_patable_vaule                     stringtext   0105E
_CC2500_registers_address                 stringtext   01000
_CC2500_rfSettings                        stringtext   0102F
_CFGS                                     (abs)        00CAE
_CRC                                      bssBANK1     000CB
_DelayOff                                 bssCOMMON    00075
_DelayOffPointSelect                      text111      01CA1
_DelayOff_Initialization                  text109      01C16
_DelayOff_Main                            text96       01C1A
_DelayTime_1us                            text119      010FD
_DelayTimejudge                           text102      0114D
_Dimmer                                   bssBANK1     000C6
_DimmerIntrIOCPointSelect                 text135      01C96
_DimmerIntrPointSelect                    text131      01C78
_DimmerLights                             bssBANK0     0006F
_DimmerLights1                            bssBANK2     00153
_DimmerLights11                           bssBANK1     000CC
_DimmerLightsIntr                         bssCOMMON    00076
_DimmerLightsIntrIOC                      bssBANK1     000CD
_DimmerLightsPointSelect                  text106      01CAC
_DimmerLights_Initialization              text94       01C82
_DimmerLights_Main                        text74       01F0C
_DlyOff_Initialization                    text110      01C2B
_DlyOff_Main                              text97       00872
_DlySw1                                   bssBANK2     00164
_Exception_Main                           text72       00628
_FREE                                     (abs)        00CAC
_FVRCON                                   (abs)        00117
_Flash_Memory_Erasing                     text66       01D07
_Flash_Memory_Initialization              text67       0054C
_Flash_Memory_Main                        text64       012FA
_Flash_Memory_Modify                      text65       01511
_Flash_Memory_Read                        text71       01ED8
_Flash_Memory_Unlock                      text70       01C66
_Flash_Memory_Write                       text69       011D0
_Fosc_Set                                 text49       007FC
_GIE                                      (abs)        0005F
_GO_nDONE                                 (abs)        004E9
_IOCBF                                    (abs)        00396
_IOCBF2                                   (abs)        01CB2
_IOCBN                                    (abs)        00395
_IOCBP                                    (abs)        00394
_IOCIE                                    (abs)        0005B
_IOCIF                                    (abs)        00058
_IOC_ISR                                  text132      01D53
_IOC_Set                                  text48       01D1F
_IO_Set                                   text47       01EF2
_ISR                                      intentry     00004
_LATA                                     (abs)        0010C
_LATB                                     (abs)        0010D
_LATC                                     (abs)        0010E
_LED                                      bssBANK1     000CE
_LED_Initialization                       text62       01C1E
_LED_Main                                 text60       01C22
_LWLO                                     (abs)        00CAD
_LedPointSelect                           text88       01CEF
_Load                                     bssBANK2     00125
_Load_Initialization                      text58       01BF7
_Load_Main                                text51       00041
_Mcu_Initialization                       text44       01E08
_Memory                                   bssBANK3     001BE
_OSCCON                                   (abs)        00099
_PEIE                                     (abs)        0005E
_PMADRH                                   (abs)        00192
_PMADRL                                   (abs)        00191
_PMCON2                                   (abs)        00196
_PMDATH                                   (abs)        00194
_PMDATL                                   (abs)        00193
_PORTA                                    (abs)        0000C
_PORTB                                    (abs)        0000D
_PORTC                                    (abs)        0000E
_RA0                                      (abs)        00060
_RA4                                      (abs)        00064
_RA6                                      (abs)        00066
_RA7                                      (abs)        00067
_RB0                                      (abs)        00068
_RB1                                      (abs)        00069
_RB2                                      (abs)        0006A
_RB3                                      (abs)        0006B
_RB5                                      (abs)        0006D
_RC0                                      (abs)        00070
_RC1                                      (abs)        00071
_RC3                                      (abs)        00073
_RC4                                      (abs)        00074
_RC5                                      (abs)        00075
_RD                                       (abs)        00CA8
_RF1                                      bssBANK1     000BA
_RF_Count                                 bssBANK2     00123
_RF_Data                                  bssBANK3     001A0
_RF_Initialization                        text42       01BFA
_RF_Main                                  text21       01BFD
_RF_RxDisable                             text37       01D62
_RSSI                                     bssBANK1     000CF
_Receive_OK                               bitbssCOMMON 003C0
_Rx_Length                                bssBANK1     000D0
_SPI0Buffer                               bssBANK1     000D1
_Sw                                       bssCOMMON    00077
_Sw1                                      bssBANK3     001E3
_SwDetect                                 bssBANK1     000D2
_SwPointSelect                            text17       01CD8
_Switch_Initialization                    text18       01C6F
_Switch_Main                              text12       01C3E
_T1CON                                    (abs)        00018
_TMR1H                                    (abs)        00017
_TMR1IE                                   (abs)        00488
_TMR1IF                                   (abs)        00088
_TMR1L                                    (abs)        00016
_TMR1_ISR                                 text129      010B3
_TMR1_Set                                 text46       01D2B
_TRISA                                    (abs)        0008C
_TRISB                                    (abs)        0008D
_TRISC                                    (abs)        0008E
_Temp                                     bssBANK1     000D7
_Temp_Initialization                      text10       01C00
_Temp_Main                                text8        01C03
_Timeout_Counter                          text124      01E66
_Timer1                                   bssBANK2     00120
_TouchPower                               text20       01E90
_Transceive_OK                            bitbssCOMMON 003C1
_Tx_Length                                bssBANK1     000D3
_VarErrLED                                bssBANK2     00169
_WDT                                      bssBANK1     000C9
_WDTCON                                   (abs)        00097
_WDT_Clearing                             text7        00002
_WDT_Main                                 text6        01E1A
_WDT_Set                                  text45       01CC2
_WPUB                                     (abs)        0020D
_WPUB1                                    (abs)        01069
_WPUB2                                    (abs)        0106A
_WR                                       (abs)        00CA9
_WREN                                     (abs)        00CAA
__CFG_BOREN$OFF                           (abs)        00000
__CFG_FOSC$INTOSC                         (abs)        00000
__CFG_VCAPEN$OFF                          (abs)        00000
__CFG_WDTE$ON                             (abs)        00000
__CFG_WRT$HALF                            (abs)        00000
__Habs1                                   abs1         00000
__Hbank0                                  bank0        00000
__Hbank1                                  bank1        00000
__Hbank10                                 bank10       00000
__Hbank11                                 bank11       00000
__Hbank12                                 bank12       00000
__Hbank13                                 bank13       00000
__Hbank14                                 bank14       00000
__Hbank15                                 bank15       00000
__Hbank16                                 bank16       00000
__Hbank17                                 bank17       00000
__Hbank18                                 bank18       00000
__Hbank19                                 bank19       00000
__Hbank2                                  bank2        00000
__Hbank20                                 bank20       00000
__Hbank21                                 bank21       00000
__Hbank22                                 bank22       00000
__Hbank23                                 bank23       00000
__Hbank24                                 bank24       00000
__Hbank25                                 bank25       00000
__Hbank26                                 bank26       00000
__Hbank27                                 bank27       00000
__Hbank28                                 bank28       00000
__Hbank29                                 bank29       00000
__Hbank3                                  bank3        00000
__Hbank30                                 bank30       00000
__Hbank31                                 bank31       00000
__Hbank4                                  bank4        00000
__Hbank5                                  bank5        00000
__Hbank6                                  bank6        00000
__Hbank7                                  bank7        00000
__Hbank8                                  bank8        00000
__Hbank9                                  bank9        00000
__Hbigram                                 bigram       00000
__HbitbssCOMMON                           bitbssCOMMON 00000
__HbssBANK0                               bssBANK0     00000
__HbssBANK1                               bssBANK1     00000
__HbssBANK2                               bssBANK2     00000
__HbssBANK3                               bssBANK3     00000
__HbssCOMMON                              bssCOMMON    00000
__Hcinit                                  cinit        00041
__Hclrtext                                clrtext      00000
__Hcode                                   code         00000
__Hcommon                                 common       00000
__Hconfig                                 config       08009
__HcstackBANK0                            cstackBANK0  00000
__HcstackBANK1                            cstackBANK1  00000
__HcstackBANK2                            cstackBANK2  00000
__HcstackBANK3                            cstackBANK3  00000
__HcstackCOMMON                           cstackCOMMON 00000
__HdataBANK4                              dataBANK4    00000
__Heeprom_data                            eeprom_data  00000
__Hend_init                               end_init     00015
__Hfunctab                                functab      00000
__HidataBANK4                             idataBANK4   00000
__Hidloc                                  idloc        00000
__Hinit                                   init         00013
__Hinittext                               inittext     00000
__Hintentry                               intentry     00013
__Hmaintext                               maintext     00000
__HnvCOMMON                               nvCOMMON     00000
__Hpowerup                                powerup      00000
__Hram                                    ram          00000
__Hreset_vec                              reset_vec    00002
__Hsfr0                                   sfr0         00000
__Hsfr1                                   sfr1         00000
__Hsfr10                                  sfr10        00000
__Hsfr11                                  sfr11        00000
__Hsfr12                                  sfr12        00000
__Hsfr13                                  sfr13        00000
__Hsfr14                                  sfr14        00000
__Hsfr15                                  sfr15        00000
__Hsfr16                                  sfr16        00000
__Hsfr17                                  sfr17        00000
__Hsfr18                                  sfr18        00000
__Hsfr19                                  sfr19        00000
__Hsfr2                                   sfr2         00000
__Hsfr20                                  sfr20        00000
__Hsfr21                                  sfr21        00000
__Hsfr22                                  sfr22        00000
__Hsfr23                                  sfr23        00000
__Hsfr24                                  sfr24        00000
__Hsfr25                                  sfr25        00000
__Hsfr26                                  sfr26        00000
__Hsfr27                                  sfr27        00000
__Hsfr28                                  sfr28        00000
__Hsfr29                                  sfr29        00000
__Hsfr3                                   sfr3         00000
__Hsfr30                                  sfr30        00000
__Hsfr31                                  sfr31        00000
__Hsfr4                                   sfr4         00000
__Hsfr5                                   sfr5         00000
__Hsfr6                                   sfr6         00000
__Hsfr7                                   sfr7         00000
__Hsfr8                                   sfr8         00000
__Hsfr9                                   sfr9         00000
__Hspace_0                                (abs)        08009
__Hspace_1                                (abs)        003C2
__Hspace_2                                (abs)        00000
__Hspace_3                                (abs)        00000
__Hstack                                  stack        00000
__Hstrings                                strings      00000
__Hstringtext                             stringtext   00000
__Htext                                   text         00000
__Labs1                                   abs1         00000
__Lbank0                                  bank0        00000
__Lbank1                                  bank1        00000
__Lbank10                                 bank10       00000
__Lbank11                                 bank11       00000
__Lbank12                                 bank12       00000
__Lbank13                                 bank13       00000
__Lbank14                                 bank14       00000
__Lbank15                                 bank15       00000
__Lbank16                                 bank16       00000
__Lbank17                                 bank17       00000
__Lbank18                                 bank18       00000
__Lbank19                                 bank19       00000
__Lbank2                                  bank2        00000
__Lbank20                                 bank20       00000
__Lbank21                                 bank21       00000
__Lbank22                                 bank22       00000
__Lbank23                                 bank23       00000
__Lbank24                                 bank24       00000
__Lbank25                                 bank25       00000
__Lbank26                                 bank26       00000
__Lbank27                                 bank27       00000
__Lbank28                                 bank28       00000
__Lbank29                                 bank29       00000
__Lbank3                                  bank3        00000
__Lbank30                                 bank30       00000
__Lbank31                                 bank31       00000
__Lbank4                                  bank4        00000
__Lbank5                                  bank5        00000
__Lbank6                                  bank6        00000
__Lbank7                                  bank7        00000
__Lbank8                                  bank8        00000
__Lbank9                                  bank9        00000
__Lbigram                                 bigram       00000
__LbitbssCOMMON                           bitbssCOMMON 00000
__LbssBANK0                               bssBANK0     00000
__LbssBANK1                               bssBANK1     00000
__LbssBANK2                               bssBANK2     00000
__LbssBANK3                               bssBANK3     00000
__LbssCOMMON                              bssCOMMON    00000
__Lcinit                                  cinit        00015
__Lclrtext                                clrtext      00000
__Lcode                                   code         00000
__Lcommon                                 common       00000
__Lconfig                                 config       08007
__LcstackBANK0                            cstackBANK0  00000
__LcstackBANK1                            cstackBANK1  00000
__LcstackBANK2                            cstackBANK2  00000
__LcstackBANK3                            cstackBANK3  00000
__LcstackCOMMON                           cstackCOMMON 00000
__LdataBANK4                              dataBANK4    00000
__Leeprom_data                            eeprom_data  00000
__Lend_init                               end_init     00013
__Lfunctab                                functab      00000
__LidataBANK4                             idataBANK4   00000
__Lidloc                                  idloc        00000
__Linit                                   init         00013
__Linittext                               inittext     00000
__Lintentry                               intentry     00004
__Lmaintext                               maintext     00000
__LnvCOMMON                               nvCOMMON     00000
__Lpowerup                                powerup      00000
__Lram                                    ram          00000
__Lreset_vec                              reset_vec    00000
__Lsfr0                                   sfr0         00000
__Lsfr1                                   sfr1         00000
__Lsfr10                                  sfr10        00000
__Lsfr11                                  sfr11        00000
__Lsfr12                                  sfr12        00000
__Lsfr13                                  sfr13        00000
__Lsfr14                                  sfr14        00000
__Lsfr15                                  sfr15        00000
__Lsfr16                                  sfr16        00000
__Lsfr17                                  sfr17        00000
__Lsfr18                                  sfr18        00000
__Lsfr19                                  sfr19        00000
__Lsfr2                                   sfr2         00000
__Lsfr20                                  sfr20        00000
__Lsfr21                                  sfr21        00000
__Lsfr22                                  sfr22        00000
__Lsfr23                                  sfr23        00000
__Lsfr24                                  sfr24        00000
__Lsfr25                                  sfr25        00000
__Lsfr26                                  sfr26        00000
__Lsfr27                                  sfr27        00000
__Lsfr28                                  sfr28        00000
__Lsfr29                                  sfr29        00000
__Lsfr3                                   sfr3         00000
__Lsfr30                                  sfr30        00000
__Lsfr31                                  sfr31        00000
__Lsfr4                                   sfr4         00000
__Lsfr5                                   sfr5         00000
__Lsfr6                                   sfr6         00000
__Lsfr7                                   sfr7         00000
__Lsfr8                                   sfr8         00000
__Lsfr9                                   sfr9         00000
__Lspace_0                                (abs)        00000
__Lspace_1                                (abs)        00000
__Lspace_2                                (abs)        00000
__Lspace_3                                (abs)        00000
__Lstack                                  stack        00000
__Lstrings                                strings      00000
__Lstringtext                             stringtext   00000
__Ltext                                   text         00000
__S0                                      (abs)        08009
__S1                                      (abs)        00240
__S2                                      (abs)        00000
___awdiv                                  text108      016A2
___awdiv@counter                          cstackBANK0  00025
___awdiv@dividend                         cstackBANK0  00022
___awdiv@divisor                          cstackBANK0  00020
___awdiv@quotient                         cstackBANK0  00027
___awdiv@sign                             cstackBANK0  00026
___awtoft                                 text85       01FDE
___awtoft@c                               cstackBANK0  00028
___awtoft@sign                            cstackBANK0  0002D
___bmul                                   text103      01DE4
___bmul@multiplicand                      cstackBANK0  00020
___bmul@multiplier                        cstackBANK0  00023
___bmul@product                           cstackBANK0  00022
___ftadd                                  text84       00456
___ftadd@exp1                             cstackBANK0  0004D
___ftadd@exp2                             cstackBANK0  0004C
___ftadd@f1                               cstackBANK0  00041
___ftadd@f2                               cstackBANK0  00044
___ftadd@sign                             cstackBANK0  0004B
___ftdiv                                  text83       00EA7
___ftdiv@cntr                             cstackBANK0  00038
___ftdiv@exp                              cstackBANK0  0003C
___ftdiv@f1                               cstackBANK0  00031
___ftdiv@f2                               cstackBANK0  0002E
___ftdiv@f3                               cstackBANK0  00039
___ftdiv@sign                             cstackBANK0  0003D
___ftmul                                  text33       00704
___ftmul@cntr                             cstackBANK0  0003C
___ftmul@exp                              cstackBANK0  00038
___ftmul@f1                               cstackBANK0  0002E
___ftmul@f2                               cstackBANK0  00031
___ftmul@f3_as_product                    cstackBANK0  00039
___ftmul@sign                             cstackBANK0  0003D
___ftneg                                  text82       01C5D
___ftneg@f1                               cstackBANK0  0003E
___ftpack                                 text86       0098C
___ftpack@arg                             cstackBANK0  00020
___ftpack@exp                             cstackBANK0  00023
___ftpack@sign                            cstackBANK0  00024
___fttol                                  text81       00D89
___fttol@exp1                             cstackBANK0  0005B
___fttol@f1                               cstackBANK0  0004E
___fttol@lval                             cstackBANK0  00057
___fttol@sign1                            cstackBANK0  00056
___int_sp                                 stack        00000
___latbits                                (abs)        00003
[...]
Total ram usage:        0 bytes
 Hardware stack levels used:    1
 Hardware stack levels required when called:    5
 This function calls:
		Nothing
 This function is called by:
		_main
 This function uses a non-reentrant model


 *************** function _ISR *****************
 Defined at:
		line 108 in file "../src/MCU_B1.c"
 Parameters:    Size  Location     Type
		None
 Auto vars:     Size  Location     Type
		None
 Return value:  Size  Location     Type
		None               void
 Registers used:
		wreg, fsr0l, fsr0h, fsr1l, fsr1h, status,2, status,0, pclath, cstack
 Tracked objects:
		On entry : 
		On exit  : 
		Unchanged: 
 Data sizes:     COMMON   BANK0   BANK1   BANK2   BANK3   BANK4   BANK5   BANK6   BANK7   BANK8   BANK9  BANK10  BANK11  BANK12
      Params:         0       0       0       0       0       0       0       0       0       0       0       0       0       0
      Locals:         0       0       0       0       0       0       0       0       0       0       0       0       0       0
      Temps:          1       0       0       0       0       0       0       0       0       0       0       0       0       0
      Totals:         1       0       0       0       0       0       0       0       0       0       0       0       0       0
Total ram usage:        1 bytes
 Hardware stack levels used:    1
 Hardware stack levels required when called:    4
 This function calls:
		_IOC_ISR
		_TMR1_ISR
 This function is called by:
		Interrupt level 1
 This function uses a non-reentrant model


 *************** function _TMR1_ISR *****************
 Defined at:
		line 210 in file "../src/MCU_B1.c"
 Parameters:    Size  Location     Type
		None
 Auto vars:     Size  Location     Type
		None
 Return value:  Size  Location     Type
		None               void
 Registers used:
		wreg, fsr0l, fsr0h, fsr1l, fsr1h, status,2, status,0, pclath, cstack
 Tracked objects:
		On entry : 
		On exit  : 
		Unchanged: 
 Data sizes:     COMMON   BANK0   BANK1   BANK2   BANK3   BANK4   BANK5   BANK6   BANK7   BANK8   BANK9  BANK10  BANK11  BANK12
      Params:         0       0       0       0       0       0       0       0       0       0       0       0       0       0
      Locals:         0       0       0       0       0       0       0       0       0       0       0       0       0       0
      Temps:          0       0       0       0       0       0       0       0       0       0       0       0       0       0
      Totals:         0       0       0       0       0       0       0       0       0       0       0       0       0       0
Total ram usage:        0 bytes
 Hardware stack levels used:    1
 Hardware stack levels required when called:    2
 This function calls:
		_setDimmerLights_IntrControl
 This function is called by:
		_ISR
 This function uses a non-reentrant model


 *************** function _setDimmerLights_IntrControl *****************
 Defined at:
		line 96 in file "../src/Dimmer_B1.c"
 Parameters:    Size  Location     Type
  lights          1    wreg     unsigned char 
 Auto vars:     Size  Location     Type
  lights          1    3[COMMON] unsigned char 
 Return value:  Size  Location     Type
		None               void
 Registers used:
		wreg, fsr0l, fsr0h, fsr1l, fsr1h, status,2, status,0, pclath, cstack
 Tracked objects:
		On entry : 
		On exit  : 
		Unchanged: 
 Data sizes:     COMMON   BANK0   BANK1   BANK2   BANK3   BANK4   BANK5   BANK6   BANK7   BANK8   BANK9  BANK10  BANK11  BANK12
      Params:         0       0       0       0       0       0       0       0       0       0       0       0       0       0
      Locals:         1       0       0       0       0       0       0       0       0       0       0       0       0       0
      Temps:          1       0       0       0       0       0       0       0       0       0       0       0       0       0
      Totals:         2       0       0       0       0       0       0       0       0       0       0       0       0       0
Total ram usage:        2 bytes
 Hardware stack levels used:    1
 Hardware stack levels required when called:    1
 This function calls:
		_DimmerIntrPointSelect
 This function is called by:
		_TMR1_ISR
 This function uses a non-reentrant model


 *************** function _DimmerIntrPointSelect *****************
 Defined at:
		line 74 in file "../src/Dimmer_B1.c"
 Parameters:    Size  Location     Type
  lights          1    wreg     unsigned char 
 Auto vars:     Size  Location     Type
  lights          1    1[COMMON] unsigned char 
 Return value:  Size  Location     Type
		None               void
 Registers used:
		wreg
 Tracked objects:
		On entry : 
		On exit  : 
		Unchanged: 
 Data sizes:     COMMON   BANK0   BANK1   BANK2   BANK3   BANK4   BANK5   BANK6   BANK7   BANK8   BANK9  BANK10  BANK11  BANK12
      Params:         0       0       0       0       0       0       0       0       0       0       0       0       0       0
      Locals:         1       0       0       0       0       0       0       0       0       0       0       0       0       0
      Temps:          1       0       0       0       0       0       0       0       0       0       0       0       0       0
      Totals:         2       0       0       0       0       0       0       0       0       0       0       0       0       0
Total ram usage:        2 bytes
 Hardware stack levels used:    1
 This function calls:
		Nothing
 This function is called by:
		_setDimmerLights_IntrControl
 This function uses a non-reentrant model


 *************** function _IOC_ISR *****************
 Defined at:
		line 402 in file "../src/MCU_B1.c"
 Parameters:    Size  Location     Type
		None
 Auto vars:     Size  Location     Type
		None
 Return value:  Size  Location     Type
		None               void
 Registers used:
		wreg, fsr1l, fsr1h, status,2, status,0, pclath, cstack
 Tracked objects:
		On entry : 
		On exit  : 
		Unchanged: 
 Data sizes:     COMMON   BANK0   BANK1   BANK2   BANK3   BANK4   BANK5   BANK6   BANK7   BANK8   BANK9  BANK10  BANK11  BANK12
      Params:         0       0       0       0       0       0       0       0       0       0       0       0       0       0
      Locals:         0       0       0       0       0       0       0       0       0       0       0       0       0       0
      Temps:          0       0       0       0       0       0       0       0       0       0       0       0       0       0
      Totals:         0       0       0       0       0       0       0       0       0       0       0       0       0       0
Total ram usage:        0 bytes
 Hardware stack levels used:    1
 Hardware stack levels required when called:    3
 This function calls:
		_setDimmerReClock
 This function is called by:
		_ISR
 This function uses a non-reentrant model


 *************** function _setDimmerReClock *****************
 Defined at:
		line 245 in file "../src/MCU_B1.c"
 Parameters:    Size  Location     Type
		None
 Auto vars:     Size  Location     Type
		None
 Return value:  Size  Location     Type
		None               void
 Registers used:
		wreg, fsr1l, fsr1h, status,2, status,0, pclath, cstack
 Tracked objects:
		On entry : 
		On exit  : 
		Unchanged: 
 Data sizes:     COMMON   BANK0   BANK1   BANK2   BANK3   BANK4   BANK5   BANK6   BANK7   BANK8   BANK9  BANK10  BANK11  BANK12
      Params:         0       0       0       0       0       0       0       0       0       0       0       0       0       0
      Locals:         0       0       0       0       0       0       0       0       0       0       0       0       0       0
      Temps:          0       0       0       0       0       0       0       0       0       0       0       0       0       0
      Totals:         0       0       0       0       0       0       0       0       0       0       0       0       0       0
Total ram usage:        0 bytes
 Hardware stack levels used:    1
 Hardware stack levels required when called:    2
 This function calls:
		_setDimmerLights_IntrIOC_GO
 This function is called by:
		_IOC_ISR
 This function uses a non-reentrant model


 *************** function _setDimmerLights_IntrIOC_GO *****************
 Defined at:
		line 28 in file "../src/Dimmer_B1.c"
 Parameters:    Size  Location     Type
  lights          1    wreg     unsigned char 
 Auto vars:     Size  Location     Type
  lights          1    2[COMMON] unsigned char 
 Return value:  Size  Location     Type
		None               void
 Registers used:
		wreg, fsr1l, fsr1h, status,2, status,0, pclath, cstack
 Tracked objects:
		On entry : 
		On exit  : 
		Unchanged: 
 Data sizes:     COMMON   BANK0   BANK1   BANK2   BANK3   BANK4   BANK5   BANK6   BANK7   BANK8   BANK9  BANK10  BANK11  BANK12
      Params:         0       0       0       0       0       0       0       0       0       0       0       0       0       0
      Locals:         1       0       0       0       0       0       0       0       0       0       0       0       0       0
      Temps:          0       0       0       0       0       0       0       0       0       0       0       0       0       0
      Totals:         1       0       0       0       0       0       0       0       0       0       0       0       0       0
Total ram usage:        1 bytes
 Hardware stack levels used:    1
 Hardware stack levels required when called:    1
 This function calls:
		_DimmerIntrIOCPointSelect
 This function is called by:
		_setDimmerReClock
 This function uses a non-reentrant model


 *************** function _DimmerIntrIOCPointSelect *****************
 Defined at:
		line 8 in file "../src/Dimmer_B1.c"
 Parameters:    Size  Location     Type
  lights          1    wreg     unsigned char 
 Auto vars:     Size  Location     Type
  lights          1    1[COMMON] unsigned char 
 Return value:  Size  Location     Type
		None               void
 Registers used:
		wreg
 Tracked objects:
		On entry : 
		On exit  : 
		Unchanged: 
 Data sizes:     COMMON   BANK0   BANK1   BANK2   BANK3   BANK4   BANK5   BANK6   BANK7   BANK8   BANK9  BANK10  BANK11  BANK12
      Params:         0       0       0       0       0       0       0       0       0       0       0       0       0       0
      Locals:         1       0       0       0       0       0       0       0       0       0       0       0       0       0
      Temps:          1       0       0       0       0       0       0       0       0       0       0       0       0       0
      Totals:         2       0       0       0       0       0       0       0       0       0       0       0       0       0
Total ram usage:        2 bytes
 Hardware stack levels used:    1
 This function calls:
		Nothing
 This function is called by:
		_setDimmerLights_IntrIOC_GO
 This function uses a non-reentrant model



MODULE INFORMATION

Module		Function		Class		Link	Load	Size
C:\Program Files (x86)\Microchip\xc8\v1.32\sources\common\float.c
		___ftpack      		CODE           	098C	0000	97

C:\Program Files (x86)\Microchip\xc8\v1.32\sources\common\float.c estimated size: 97

../src/OverLoad_B1.c
		_getLoad_AD    		CODE           	0C82	0000	129
		_getLoad_OK    		CODE           	1C45	0000	8
		_Load_Initializ		CODE           	1BF7	0000	3
		_Load_Main     		CODE           	0041	0000	428
		_setLoad_AH_AL_		CODE           	1F28	0000	28

../src/OverLoad_B1.c estimated size: 596

C:\Program Files (x86)\Microchip\xc8\v1.32\sources\common\awtoft.c
		___awtoft      		CODE           	1FDE	0000	34

C:\Program Files (x86)\Microchip\xc8\v1.32\sources\common\awtoft.c estimated size: 34

../src/MCU_B1.c
		_Fosc_Set      		CODE           	07FC	0000	4
		_IO_Set        		CODE           	1EF2	0000	26
		_WDT_Set       		CODE           	1CC2	0000	11
		_WDT_Main      		CODE           	1E1A	0000	18
		_ADC_Set       		CODE           	1C37	0000	7
		_IOC_ISR       		CODE           	1D53	0000	15
		_ISR           		CODE           	0004	0000	15
		_Flash_Memory_W		CODE           	11D0	0000	47
		_Flash_Memory_M		CODE           	1511	0000	78
		_IOC_Set       		CODE           	1D1F	0000	12
		_WDT_Clearing  		CODE           	0002	0000	2
		_setMemory_Modi		CODE           	1E2C	0000	19
		_Mcu_Initializa		CODE           	1E08	0000	18
		_setMemory_Data		CODE           	1CFB	0000	12
		_Flash_Memory_I		CODE           	054C	0000	220
		_getAD         		CODE           	1F9E	0000	32
		_TMR1_Set      		CODE           	1D2B	0000	12
		_setMemory_Loop		CODE           	1E3F	0000	19
		_Flash_Memory_U		CODE           	1C66	0000	9
		_Flash_Memory_R		CODE           	1ED8	0000	26
		_Flash_Memory_E		CODE           	1D07	0000	12
		_TMR1_ISR      		CODE           	10B3	0000	37
		_setDimmerReClo		CODE           	1C06	0000	4
		_Flash_Memory_M		CODE           	12FA	0000	54

../src/MCU_B1.c estimated size: 709

C:\Program Files (x86)\Microchip\xc8\v1.32\sources\common\ftmul.c
		___ftmul       		CODE           	0704	0000	180

C:\Program Files (x86)\Microchip\xc8\v1.32\sources\common\ftmul.c estimated size: 180

../src/Buzzer_B1.c
		_Buzzer_Main   		CODE           	14C7	0000	74
		_setBuz        		CODE           	174E	0000	89
		_getBuz_GO     		CODE           	1DB1	0000	17
		_Buzzer_Initial		CODE           	1BF4	0000	3

../src/Buzzer_B1.c estimated size: 183

../src/LED_B1.c
		_setLED        		CODE           	139D	0000	57
		_LED_Main      		CODE           	1C22	0000	4
		_setLED_Initial		CODE           	1DF6	0000	18
		_LedPointSelect		CODE           	1CEF	0000	12
		_setLED_Main   		CODE           	1330	0000	54
		_LED_Initializa		CODE           	1C1E	0000	4

../src/LED_B1.c estimated size: 149

../src/OverTemperature_B1.c
		_Temp_Initializ		CODE           	1C00	0000	3
		_Temp_Main     		CODE           	1C03	0000	3
		_setTemp_Initia		CODE           	0800	0000	1
		_getTemp_AD    		CODE           	1489	0000	62
		_setTemp_Main  		CODE           	0F50	0000	176

../src/OverTemperature_B1.c estimated size: 245

../src/CC2500_B1.c
		_DelayTime_1us 		CODE           	10FD	0000	38
		_CC2500_Frequen		CODE           	1CE3	0000	12
		_CC2500_SIDLEMo		CODE           	1C12	0000	4
		_CC2500_PowerOn		CODE           	1E7B	0000	21
		_CC2500_WriteBy		CODE           	1EA5	0000	25
		_CC2500_RxData 		CODE           	0B90	0000	120
		_CC2500_TxData 		CODE           	0AB7	0000	108
		_CC2500_ClearRX		CODE           	1C0A	0000	4
		_CC2500_ClearTX		CODE           	1C0E	0000	4
		_CC2500_InitPAT		CODE           	1F7F	0000	31
		_CC2500_WriteRE		CODE           	106C	0000	35
		_CC2500_ReadSta		CODE           	10D8	0000	37
		_CC2500_PowerRS		CODE           	07B8	0000	68
		_CC2500_ReadByt		CODE           	1F44	0000	29
		_CC2500_InitSet		CODE           	1123	0000	42
		_CC2500_WriteCo		CODE           	1EBE	0000	26

../src/CC2500_B1.c estimated size: 604

C:\Program Files (x86)\Microchip\xc8\v1.32\sources\common\fttol.c
		___fttol       		CODE           	0D89	0000	135

C:\Program Files (x86)\Microchip\xc8\v1.32\sources\common\fttol.c estimated size: 135

C:\Program Files (x86)\Microchip\xc8\v1.32\sources\common\lwdiv.c
		___lwdiv       		CODE           	1366	0000	55

C:\Program Files (x86)\Microchip\xc8\v1.32\sources\common\lwdiv.c estimated size: 55

../src/RF_Control_B1.c
		_RF_Initializat		CODE           	1BFA	0000	3
		_getRxData     		CODE           	0C08	0000	122
		_setRF_Main    		CODE           	0D03	0000	134
		_setRF_DimmerVa		CODE           	11FF	0000	47
		_getRF_KeyStatu		CODE           	1DC2	0000	17
		_setRF_Initiali		CODE           	1CCD	0000	11
		_setTxData     		CODE           	0E10	0000	151
		_setRFSW_Contro		CODE           	15AE	0000	79
		_setRF_Learn   		CODE           	1E52	0000	20
		_RF_Main       		CODE           	1BFD	0000	3
		_setRFSW_AdjCon		CODE           	144B	0000	62
		_setRF_DimmerLi		CODE           	17A7	0000	89
		_setControl_Lig		CODE           	092D	0000	95
		_setLog_Code   		CODE           	12C6	0000	52
		_RF_RxDisable  		CODE           	1D62	0000	15

../src/RF_Control_B1.c estimated size: 900

C:\Program Files (x86)\Microchip\xc8\v1.32\sources\common\awdiv.c
		___awdiv       		CODE           	16A2	0000	84

C:\Program Files (x86)\Microchip\xc8\v1.32\sources\common\awdiv.c estimated size: 84

../src/Main_B1.c
		_Exception_Main		CODE           	0628	0000	220
		_getMain_Lights		CODE           	1C8C	0000	10
		_my_MainTimer  		CODE           	140F	0000	60
		_setProductData		CODE           	1D37	0000	14
		_main          		CODE           	0817	0000	91
		_Timeout_Counte		CODE           	1E66	0000	21
		_myMain_Initial		CODE           	1D71	0000	15
		_getMain_All_Er		CODE           	125F	0000	51
		_set_TimeoutCle		CODE           	1C26	0000	5
		_getMain_Lights		CODE           	1D13	0000	12

../src/Main_B1.c estimated size: 499

C:\Program Files (x86)\Microchip\xc8\v1.32\sources\common\ftadd.c
		___ftadd       		CODE           	0456	0000	246

C:\Program Files (x86)\Microchip\xc8\v1.32\sources\common\ftadd.c estimated size: 246

C:\Program Files (x86)\Microchip\xc8\v1.32\sources\common\Umul16.c
		___wmul        		CODE           	1F61	0000	30

C:\Program Files (x86)\Microchip\xc8\v1.32\sources\common\Umul16.c estimated size: 30

C:\Program Files (x86)\Microchip\xc8\v1.32\sources\common\Umul8.c
		___bmul        		CODE           	1DE4	0000	18

C:\Program Files (x86)\Microchip\xc8\v1.32\sources\common\Umul8.c estimated size: 18

shared
		_CC2500_patable		STRCODE        	105E	0000	8
		_CC2500_rfSetti		STRCODE        	102F	0000	47
		__initializatio		CODE           	0015	0000	40
		_CC2500_registe		STRCODE        	1000	0000	47

shared estimated size: 142

C:\Program Files (x86)\Microchip\xc8\v1.32\sources\common\ftneg.c
		___ftneg       		CODE           	1C5D	0000	9

C:\Program Files (x86)\Microchip\xc8\v1.32\sources\common\ftneg.c estimated size: 9

../src/Switch_B1.c
		_Switch_Main   		CODE           	1C3E	0000	7
		_SwPointSelect 		CODE           	1CD8	0000	11
		_TouchPower    		CODE           	1E90	0000	21
		_setSw_Main    		CODE           	01ED	0000	367
		_getSw_KeyStatu		CODE           	1DD3	0000	17
		_setSw_Initiali		CODE           	1D90	0000	16
		_Switch_Initial		CODE           	1C6F	0000	9

../src/Switch_B1.c estimated size: 448

../src/Dimmer_B1.c
		_DimmerLightsPo		CODE           	1CAC	0000	11
		_getDimmerLight		CODE           	1DA0	0000	17
		_setDimmerLight		CODE           	11A2	0000	46
		_setDimmerLight		CODE           	155F	0000	79
		_DimmerIntrPoin		CODE           	1C78	0000	10
		_DimmerLights_M		CODE           	1F0C	0000	28
		_setDimmerLight		CODE           	13D6	0000	57
		_getDimmerLight		CODE           	1CB7	0000	11
		_setDimmerLight		CODE           	035C	0000	250
		_getAll_DimmerL		CODE           	1177	0000	43
		_DimmerIntrIOCP		CODE           	1C96	0000	11
		_setDimmerLight		CODE           	16F6	0000	88
		_setDimmerLight		CODE           	15FD	0000	82
		_setDimmerLight		CODE           	1D45	0000	14
		_setDimmerLight		CODE           	108F	0000	36
		_getPercentValu		CODE           	0A52	0000	101
		_setDimmerLight		CODE           	08CF	0000	94
		_setPercentValu		CODE           	09ED	0000	101
		_getDimmer_Load		CODE           	1C4D	0000	8
		_setDimmerLight		CODE           	122E	0000	49
		_setDimmerLight		CODE           	1292	0000	52
		_DimmerLights_I		CODE           	1C82	0000	10
		_getDimmer_Load		CODE           	1C55	0000	8
		_setDimmerLight		CODE           	0B23	0000	109
		_getDimmerLight		CODE           	0801	0000	22

../src/Dimmer_B1.c estimated size: 1337

../src/DelayOff_B1.c
		_DelayOff_Initi		CODE           	1C16	0000	4
		_DlyOff_Main   		CODE           	0872	0000	93
		_DelayTimejudge		CODE           	114D	0000	42
		_DelayOff_Main 		CODE           	1C1A	0000	4
		_DelayOffPointS		CODE           	1CA1	0000	11
		_getDelayOff_GO		CODE           	1D80	0000	16
		_setDelayOff_GO		CODE           	164F	0000	83
		_DlyOff_Initial		CODE           	1C2B	0000	6

../src/DelayOff_B1.c estimated size: 259

C:\Program Files (x86)\Microchip\xc8\v1.32\sources\pic\ftdiv.c
		___ftdiv       		CODE           	0EA7	0000	169

C:\Program Files (x86)\Microchip\xc8\v1.32\sources\pic\ftdiv.c estimated size: 169

