Microchip MPLAB XC8 Compiler V1.32 ()

Linker command line:

--edf=C:\Program Files (x86)\Microchip\xc8\v1.32\dat\en_msgs.txt -cs \
  -h+dist/default/production\1-7.Switch_1Key_Dimmer_MOSFET.X.production.sym \
  --cmf=dist/default/production\1-7.Switch_1Key_Dimmer_MOSFET.X.production.cmf \
  -z -Q16F1518 -oC:\Users\taianluo\AppData\Local\Temp\s6f8.6 \
  -Mdist/default/production/1-7.Switch_1Key_Dimmer_MOSFET.X.production.map \
  -E1 -ver=XC8 -ASTACK=02160h-0231fh -pstack=STACK -ACONST=00h-0FFhx64 \
  -ACODE=00h-07FFhx8 -ASTRCODE=00h-03FFFh -AENTRY=00h-0FFhx64 \
  -ASTRING=00h-0FFhx64 -ACOMMON=070h-07Fh -ABANK0=020h-06Fh \
  -ABANK1=0A0h-0EFh -ABANK2=0120h-016Fh -ABANK3=01A0h-01EFh \
  -ABANK4=0220h-026Fh -ABANK5=02A0h-02EFh -ABANK6=0320h-036Fh \
  -ABANK7=03A0h-03EFh -ABANK8=0420h-046Fh -ABANK9=04A0h-04EFh \
  -ABANK10=0520h-056Fh -ABANK11=05A0h-05EFh -ABANK12=0620h-064Fh \
  -ABIGRAM=02000h-023EFh \
  -ARAM=020h-06Fh,0A0h-0EFh,0120h-016Fh,01A0h-01EFh,0220h-026Fh,02A0h-02EFh,0320h-036Fh,03A0h-03EFh,0420h-046Fh,04A0h-04EFh,0520h-056Fh,05A0h-05EFh,0620h-064Fh \
  -AABS1=020h-07Fh,0A0h-0EFh,0120h-016Fh,01A0h-01EFh,0220h-026Fh,02A0h-02EFh,0320h-036Fh,03A0h-03EFh,0420h-046Fh,04A0h-04EFh,0520h-056Fh,05A0h-05EFh,0620h-064Fh \
  -ASFR0=00h-01Fh -ASFR1=080h-09Fh -ASFR2=0100h-011Fh -ASFR3=0180h-019Fh \
  -ASFR4=0200h-021Fh -ASFR5=0280h-029Fh -ASFR6=0300h-031Fh \
  -ASFR7=0380h-039Fh -ASFR8=0400h-041Fh -ASFR9=0480h-049Fh \
  -ASFR10=0500h-051Fh -ASFR11=0580h-059Fh -ASFR12=0600h-061Fh \
  -ASFR13=0680h-06EFh -ASFR14=0700h-076Fh -ASFR15=0780h-07EFh \
  -ASFR16=0800h-086Fh -ASFR17=0880h-08EFh -ASFR18=0900h-096Fh \
  -ASFR19=0980h-09EFh -ASFR20=0A00h-0A6Fh -ASFR21=0A80h-0AEFh \
  -ASFR22=0B00h-0B6Fh -ASFR23=0B80h-0BEFh -ASFR24=0C00h-0C6Fh \
  -ASFR25=0C80h-0CEFh -ASFR26=0D00h-0D6Fh -ASFR27=0D80h-0DEFh \
  -ASFR28=0E00h-0E6Fh -ASFR29=0E80h-0EEFh -ASFR30=0F00h-0F6Fh \
  -ASFR31=0F80h-0FEFh -preset_vec=00h,intentry=04h,init,end_init \
  -ppowerup=CODE -pcinit=CODE -pfunctab=CODE -ACONFIG=08007h-08008h \
  -pconfig=CONFIG -DCONFIG=2 -AIDLOC=08000h-08003h -pidloc=IDLOC -DIDLOC=2 \
  -DCODE=2 -DSTRCODE=2 -DSTRING=2 -DCONST=2 -DENTRY=2 -k \
  C:\Users\taianluo\AppData\Local\Temp\s6f8.obj \
  dist/default/production\1-7.Switch_1Key_Dimmer_MOSFET.X.production.obj 

Object code version is 3.11

Machine type is 16F1518



                Name                               Link     Load   Length Selector   Space Scale
C:\Users\taianluo\AppData\Local\Temp\s6f8.obj
                end_init                             13       13        2        8       0
                reset_vec                             0        0        2        0       0
                config                             8007     8007        2    1000E       0
dist/default/production\1-7.Switch_1Key_Dimmer_MOSFET.X.production.obj
                cinit                                15       15       2E        8       0
                intentry                              4        4        F        8       0
                text134                            1C62     1C62        B     38C4       0
                text133                            13AF     13AF       38     275E       0
                text132                            1BDC     1BDC        4     37B8       0
                text131                            1D1D     1D1D        F     3A3A       0
                text130                            1C4E     1C4E        A     389C       0
                text129                             1B2      1B2      146        8       0
                text128                            10BA     10BA       24     2174       0
                text126                            1BCD     1BCD        3     379A       0
                text125                            14F0     14F0       4A     29E0       0
                text124                            1E1B     1E1B       14     3C36       0
                text123                            1E43     1E43       15     3C86       0
                text122                            1C00     1C00        5     3800       0
                text121                            1EB1     1EB1       19     3D62       0
                text120                            1BE0     1BE0        4     37C0       0
                text119                            1BE4     1BE4        4     37C8       0
                text118                            10DE     10DE       26     21BC       0
                text117                            1CBA     1CBA        C     3974       0
                text116                            1FBD     1FBD       21     3F7A       0
                text115                            1F1E     1F1E       1F     3E3C       0
                text114                            112B     112B       2A     2256       0
                text113                            1464     1464       43     28C8       0
                text112                            1BE8     1BE8        4     37D0       0
                text111                            1E58     1E58       15     3CB0       0
                text110                            1C6D     1C6D        B     38DA       0
                text109                            1C0A     1C0A        6     3814       0
                text108                            1BEC     1BEC        4     37D8       0
                text107                             7AC      7AC       54        8       0
                text106                            1639     1639       59     2C72       0
                text105                            1C78     1C78        B     38F0       0
                text104                            1D3B     1D3B       10     3A76       0
                text103                            1D4B     1D4B       10     3A96       0
                text102                            1DBF     1DBF       12     3B7E       0
                text101                            1155     1155       2A     22AA       0
                text100                            17A3     17A3       5D     2F46       0
                text99                             1F00     1F00       1E     3E00       0
                text98                             1F3D     1F3D       20     3E7A       0
                text97                             14A7     14A7       49     294E       0
                text96                             1589     1589       58     2B12       0
                text95                              84E      84E       5D     109C       0
                text94                             1BF0     1BF0        4     37E0       0
                text93                             1BCB     1BCB        1     3796       0
                text92                             1104     1104       27     2208       0
                text91                             1D02     1D02        D     3A04       0
                text90                             1C23     1C23        8     3846       0
                text89                             117F     117F       2B     22FE       0
                text88                             123B     123B       33     2476       0
                text87                             1CC6     1CC6        C     398C       0
                text86                             1C83     1C83        B     3906       0
                text85                             12D6     12D6       36     25AC       0
                text84                              96B      96B       61     12D6       0
                text83                             1FDE     1FDE       22     3FBC       0
                text82                              43C      43C       F6        8       0
                text81                              DE8      DE8       A9     1BD0       0
                text80                             1C33     1C33        9     3866       0
                text79                              C48      C48       87     1890       0
                text78                              A2D      A2D       65     145A       0
                text77                             16EB     16EB       5C     2DD6       0
                text76                              6ED      6ED       BF        8       0
                text75                              CCF      CCF       89     199E       0
                text74                              AF7      AF7       66     15EE       0
                text73                             1692     1692       59     2D24       0
                text72                             11D9     11D9       30     23B2       0
                text71                             1ECA     1ECA       1A     3D94       0
                text70                             1C3C     1C3C        9     3878       0
                text69                             11AA     11AA       2F     2354       0
                text68                             1CD2     1CD2        C     39A4       0
                text67                              611      611       DC        8       0
                text66                             1CDE     1CDE        C     39BC       0
                text65                              800      800       4E        8       0
                text64                             130C     130C       36     2618       0
                text63                             1D7B     1D7B       11     3AF6       0
                text62                             1BF4     1BF4        4     37E8       0
                text61                             126E     126E       33     24DC       0
                text60                             1BF8     1BF8        4     37F0       0
                text59                             1EE4     1EE4       1C     3DC8       0
                text58                             1C05     1C05        5     380A       0
                text57                             1C58     1C58        A     38B0       0
                text56                             1D5B     1D5B       10     3AB6       0
                text55                             1C2B     1C2B        8     3856       0
                text54                             1D0F     1D0F        E     3A1E       0
                text53                              2F8      2F8      144        8       0
                text52                             1C1C     1C1C        7     3838       0
                text51                             1BFC     1BFC        4     37F8       0
                text50                             1CEA     1CEA        C     39D4       0
                text49                             1E99     1E99       18     3D32       0
                text48                             1CF6     1CF6        C     39EC       0
                text47                             1C8E     1C8E        B     391C       0
                text46                             1DD1     1DD1       12     3BA2       0
                text45                             1C99     1C99        B     3932       0
                text44                             1BD0     1BD0        3     37A0       0
                text43                             1E82     1E82       17     3D04       0
                text42                             1075     1075       22     20EA       0
                text41                              B5D      B5D       6A     16BA       0
                text40                              9CC      9CC       61     1398       0
                text39                             1D2C     1D2C        F     3A58       0
                text38                             1D8C     1D8C       11     3B18       0
                text37                             1D9D     1D9D       11     3B3A       0
                text36                             1DF5     1DF5       13     3BEA       0
                text35                              E91      E91       B4     1D22       0
                text34                              A92      A92       65     1524       0
                text33                             1097     1097       23     212E       0
                text32                             1209     1209       32     2412       0
                text31                             1424     1424       40     2848       0
                text30                             13E7     13E7       3D     27CE       0
                text29                             153A     153A       4F     2A74       0
                text28                              8AB      8AB       60     1156       0
                text27                             1E08     1E08       13     3C10       0
                text26                             1342     1342       36     2684       0
                text25                              D58      D58       90     1AB0       0
                text24                              532      532       DF        8       0
                text23                             1BD3     1BD3        3     37A6       0
                text22                             1E6D     1E6D       15     3CDA       0
                text21                             1D6B     1D6B       10     3AD6       0
                text20                             1C45     1C45        9     388A       0
                text19                             1CA4     1CA4        B     3948       0
                text18                             1747     1747       5C     2E8E       0
                text17                             1CAF     1CAF        B     395E       0
                text16                             1DAE     1DAE       11     3B5C       0
                text15                             12A1     12A1       35     2542       0
                text14                             1E2F     1E2F       14     3C5E       0
                text13                               43       43      16F        8       0
                text12                             1F5D     1F5D       20     3EBA       0
                text11                             1BCC     1BCC        1     3798       0
                text10                             1BD6     1BD6        3     37AC       0
                text9                               F45      F45       BB     1E8A       0
                text8                              1BD9     1BD9        3     37B2       0
                text7                                 2        2        2        0       0
                text6                              1DE3     1DE3       12     3BC6       0
                text5                              1F7D     1F7D       20     3EFA       0
                text4                               BC7      BC7       81     178E       0
                text3                              1378     1378       37     26F0       0
                text2                              1066     1066        F     20CC       0
                text1                               90B      90B       60     1216       0
                maintext                           15E1     15E1       58     2BC2       0
                cstackBANK0                          20       20       4E       20       1
                cstackCOMMON                         70       70        8       70       1
                cstackBANK1                          E8       E8        7       A0       1
                inittext                           1C10     1C10        6     3820       0
                clrtext                            1C16     1C16        6     382C       0
                dataBANK4                           220      220       20      220       1
                bssBANK3                            1A0      1A0       46      1A0       1
                bssBANK2                            120      120       50      120       1
                bssBANK1                             A0       A0       48       A0       1
                bssBANK0                             6F       6F        1       20       1
                bssCOMMON                            78       78        5       70       1
                bitbssCOMMON                        3E8       7D        2       70       1     8
                nvBANK0                              6E       6E        1       20       1
                stringtext                         1000     1000       66       20       0
                idataBANK4                         1F9D     1F9D       20     3F3A       0

TOTAL           Name                               Link     Load   Length     Space
        CLASS   STACK          

        CLASS   CONST          

        CLASS   CODE           
                end_init                             13       13        2         0
                cinit                                15       15       2E         0
                intentry                              4        4        F         0
                reset_vec                             0        0        2         0
                text134                            1C62     1C62        B         0
                text133                            13AF     13AF       38         0
                text132                            1BDC     1BDC        4         0
                text131                            1D1D     1D1D        F         0
                text130                            1C4E     1C4E        A         0
                text129                             1B2      1B2      146         0
                text128                            10BA     10BA       24         0
                text126                            1BCD     1BCD        3         0
                text125                            14F0     14F0       4A         0
                text124                            1E1B     1E1B       14         0
                text123                            1E43     1E43       15         0
                text122                            1C00     1C00        5         0
                text121                            1EB1     1EB1       19         0
                text120                            1BE0     1BE0        4         0
                text119                            1BE4     1BE4        4         0
                text118                            10DE     10DE       26         0
                text117                            1CBA     1CBA        C         0
                text116                            1FBD     1FBD       21         0
                text115                            1F1E     1F1E       1F         0
                text114                            112B     112B       2A         0
                text113                            1464     1464       43         0
                text112                            1BE8     1BE8        4         0
                text111                            1E58     1E58       15         0
                text110                            1C6D     1C6D        B         0
                text109                            1C0A     1C0A        6         0
                text108                            1BEC     1BEC        4         0
                text107                             7AC      7AC       54         0
                text106                            1639     1639       59         0
                text105                            1C78     1C78        B         0
                text104                            1D3B     1D3B       10         0
                text103                            1D4B     1D4B       10         0
                text102                            1DBF     1DBF       12         0
                text101                            1155     1155       2A         0
                text100                            17A3     17A3       5D         0
                text99                             1F00     1F00       1E         0
                text98                             1F3D     1F3D       20         0
                text97                             14A7     14A7       49         0
                text96                             1589     1589       58         0
                text95                              84E      84E       5D         0
                text94                             1BF0     1BF0        4         0
                text93                             1BCB     1BCB        1         0
                text92                             1104     1104       27         0
                text91                             1D02     1D02        D         0
                text90                             1C23     1C23        8         0
                text89                             117F     117F       2B         0
                text88                             123B     123B       33         0
                text87                             1CC6     1CC6        C         0
                text86                             1C83     1C83        B         0
                text85                             12D6     12D6       36         0
                text84                              96B      96B       61         0
                text83                             1FDE     1FDE       22         0
                text82                              43C      43C       F6         0
                text81                              DE8      DE8       A9         0
                text80                             1C33     1C33        9         0
                text79                              C48      C48       87         0
                text78                              A2D      A2D       65         0
                text77                             16EB     16EB       5C         0
                text76                              6ED      6ED       BF         0
                text75                              CCF      CCF       89         0
                text74                              AF7      AF7       66         0
                text73                             1692     1692       59         0
                text72                             11D9     11D9       30         0
                text71                             1ECA     1ECA       1A         0
                text70                             1C3C     1C3C        9         0
                text69                             11AA     11AA       2F         0
                text68                             1CD2     1CD2        C         0
                text67                              611      611       DC         0
                text66                             1CDE     1CDE        C         0
                text65                              800      800       4E         0
                text64                             130C     130C       36         0
                text63                             1D7B     1D7B       11         0
                text62                             1BF4     1BF4        4         0
                text61                             126E     126E       33         0
                text60                             1BF8     1BF8        4         0
                text59                             1EE4     1EE4       1C         0
                text58                             1C05     1C05        5         0
                text57                             1C58     1C58        A         0
                text56                             1D5B     1D5B       10         0
                text55                             1C2B     1C2B        8         0
                text54                             1D0F     1D0F        E         0
                text53                              2F8      2F8      144         0
                text52                             1C1C     1C1C        7         0
                text51                             1BFC     1BFC        4         0
                text50                             1CEA     1CEA        C         0
                text49                             1E99     1E99       18         0
                text48                             1CF6     1CF6        C         0
                text47                             1C8E     1C8E        B         0
                text46                             1DD1     1DD1       12         0
                text45                             1C99     1C99        B         0
                text44                             1BD0     1BD0        3         0
                text43                             1E82     1E82       17         0
                text42                             1075     1075       22         0
                text41                              B5D      B5D       6A         0
                text40                              9CC      9CC       61         0
                text39                             1D2C     1D2C        F         0
                text38                             1D8C     1D8C       11         0
                text37                             1D9D     1D9D       11         0
                text36                             1DF5     1DF5       13         0
                text35                              E91      E91       B4         0
                text34                              A92      A92       65         0
                text33                             1097     1097       23         0
                text32                             1209     1209       32         0
                text31                             1424     1424       40         0
                text30                             13E7     13E7       3D         0
                text29                             153A     153A       4F         0
                text28                              8AB      8AB       60         0
                text27                             1E08     1E08       13         0
                text26                             1342     1342       36         0
                text25                              D58      D58       90         0
                text24                              532      532       DF         0
                text23                             1BD3     1BD3        3         0
                text22                             1E6D     1E6D       15         0
                text21                             1D6B     1D6B       10         0
                text20                             1C45     1C45        9         0
                text19                             1CA4     1CA4        B         0
                text18                             1747     1747       5C         0
                text17                             1CAF     1CAF        B         0
                text16                             1DAE     1DAE       11         0
                text15                             12A1     12A1       35         0
                text14                             1E2F     1E2F       14         0
                text13                               43       43      16F         0
                text12                             1F5D     1F5D       20         0
                text11                             1BCC     1BCC        1         0
                text10                             1BD6     1BD6        3         0
                text9                               F45      F45       BB         0
                text8                              1BD9     1BD9        3         0
                text7                                 2        2        2         0
                text6                              1DE3     1DE3       12         0
                text5                              1F7D     1F7D       20         0
                text4                               BC7      BC7       81         0
                text3                              1378     1378       37         0
                text2                              1066     1066        F         0
                text1                               90B      90B       60         0
                maintext                           15E1     15E1       58         0
                inittext                           1C10     1C10        6         0
                clrtext                            1C16     1C16        6         0
                idataBANK4                         1F9D     1F9D       20         0

        CLASS   STRCODE        
                stringtext                         1000     1000       66         0

        CLASS   ENTRY          

        CLASS   STRING         

        CLASS   COMMON         
                cstackCOMMON                         70       70        8         1
                bssCOMMON                            78       78        5         1
                bitbssCOMMON                        3E8       7D        2         1

        CLASS   BANK0          
                cstackBANK0                          20       20       4E         1
                bssBANK0                             6F       6F        1         1
                nvBANK0                              6E       6E        1         1

        CLASS   BANK1          
                cstackBANK1                          E8       E8        7         1
                bssBANK1                             A0       A0       48         1

        CLASS   BANK2          
                bssBANK2                            120      120       50         1

        CLASS   BANK3          
                bssBANK3                            1A0      1A0       46         1

        CLASS   BANK4          
                dataBANK4                           220      220       20         1

        CLASS   BANK5          

        CLASS   BANK6          

        CLASS   BANK7          

        CLASS   BANK8          

        CLASS   BANK9          

        CLASS   BANK10         

        CLASS   BANK11         

        CLASS   BANK12         

        CLASS   BIGRAM         

        CLASS   RAM            

        CLASS   ABS1           
                abs_s1                               7E       7E        2         1

        CLASS   SFR0           

        CLASS   SFR1           

        CLASS   SFR2           

        CLASS   SFR3           

        CLASS   SFR4           

        CLASS   SFR5           

        CLASS   SFR6           

        CLASS   SFR7           

        CLASS   SFR8           

        CLASS   SFR9           

        CLASS   SFR10          

        CLASS   SFR11          

        CLASS   SFR12          

        CLASS   SFR13          

        CLASS   SFR14          

        CLASS   SFR15          

        CLASS   SFR16          

        CLASS   SFR17          

        CLASS   SFR18          

        CLASS   SFR19          

        CLASS   SFR20          

        CLASS   SFR21          

        CLASS   SFR22          

        CLASS   SFR23          

        CLASS   SFR24          

        CLASS   SFR25          

        CLASS   SFR26          

        CLASS   SFR27          

        CLASS   SFR28          

        CLASS   SFR29          

        CLASS   SFR30          

        CLASS   SFR31          

        CLASS   CONFIG         
                config                             8007     8007        2         0

        CLASS   IDLOC          

        CLASS   BANK31         

        CLASS   BANK30         

        CLASS   BANK29         

        CLASS   BANK28         

        CLASS   BANK27         

        CLASS   BANK26         

        CLASS   BANK25         

        CLASS   BANK24         

        CLASS   BANK23         

        CLASS   BANK22         

        CLASS   BANK21         

        CLASS   BANK20         

        CLASS   BANK19         

        CLASS   BANK18         

        CLASS   BANK17         

        CLASS   BANK16         

        CLASS   BANK15         

        CLASS   BANK14         

        CLASS   BANK13         

        CLASS   EEDATA         



SEGMENTS        Name                           Load    Length   Top    Selector   Space  Class     Delta

                reset_vec                      000000  000004  000004         0       0  CODE        2
                intentry                       000004  00084A  00084E         8       0  CODE        2
                cstackBANK0                    000020  000050  000070        20       1  BANK0       1
                cstackCOMMON                   000070  00000E  00007E        70       1  COMMON      1
                bssBANK1                       0000A0  00004F  0000EF        A0       1  BANK1       1
                bssBANK2                       000120  000050  000170       120       1  BANK2       1
                bssBANK3                       0001A0  000046  0001E6       1A0       1  BANK3       1
                dataBANK4                      000220  000020  000240       220       1  BANK4       1
                text95                         00084E  00005D  0008AB      109C       0  CODE        2
                text28                         0008AB  000060  00090B      1156       0  CODE        2
                text1                          00090B  000060  00096B      1216       0  CODE        2
                text84                         00096B  000061  0009CC      12D6       0  CODE        2
                text40                         0009CC  000061  000A2D      1398       0  CODE        2
                text78                         000A2D  000065  000A92      145A       0  CODE        2
                text34                         000A92  000065  000AF7      1524       0  CODE        2
                text74                         000AF7  000066  000B5D      15EE       0  CODE        2
                text41                         000B5D  00006A  000BC7      16BA       0  CODE        2
                text4                          000BC7  000081  000C48      178E       0  CODE        2
                text79                         000C48  000087  000CCF      1890       0  CODE        2
                text75                         000CCF  000089  000D58      199E       0  CODE        2
                text25                         000D58  000090  000DE8      1AB0       0  CODE        2
                text81                         000DE8  0000A9  000E91      1BD0       0  CODE        2
                text35                         000E91  0000B4  000F45      1D22       0  CODE        2
                text9                          000F45  0000BB  001000      1E8A       0  CODE        2
                stringtext                     001000  000066  001066        20       0  STRCODE     2
                text2                          001066  00000F  001075      20CC       0  CODE        2
                text42                         001075  000022  001097      20EA       0  CODE        2
                text33                         001097  000023  0010BA      212E       0  CODE        2
                text128                        0010BA  000024  0010DE      2174       0  CODE        2
                text118                        0010DE  000026  001104      21BC       0  CODE        2
                text92                         001104  000027  00112B      2208       0  CODE        2
                text114                        00112B  00002A  001155      2256       0  CODE        2
                text101                        001155  00002A  00117F      22AA       0  CODE        2
                text89                         00117F  00002B  0011AA      22FE       0  CODE        2
                text69                         0011AA  00002F  0011D9      2354       0  CODE        2
                text72                         0011D9  000030  001209      23B2       0  CODE        2
                text32                         001209  000032  00123B      2412       0  CODE        2
                text88                         00123B  000033  00126E      2476       0  CODE        2
                text61                         00126E  000033  0012A1      24DC       0  CODE        2
                text15                         0012A1  000035  0012D6      2542       0  CODE        2
                text85                         0012D6  000036  00130C      25AC       0  CODE        2
                text64                         00130C  000036  001342      2618       0  CODE        2
                text26                         001342  000036  001378      2684       0  CODE        2
                text3                          001378  000037  0013AF      26F0       0  CODE        2
                text133                        0013AF  000038  0013E7      275E       0  CODE        2
                text30                         0013E7  00003D  001424      27CE       0  CODE        2
                text31                         001424  000040  001464      2848       0  CODE        2
                text113                        001464  000043  0014A7      28C8       0  CODE        2
                text97                         0014A7  000049  0014F0      294E       0  CODE        2
                text125                        0014F0  00004A  00153A      29E0       0  CODE        2
                text29                         00153A  00004F  001589      2A74       0  CODE        2
                text96                         001589  000058  0015E1      2B12       0  CODE        2
                maintext                       0015E1  000058  001639      2BC2       0  CODE        2
                text106                        001639  000059  001692      2C72       0  CODE        2
                text73                         001692  000059  0016EB      2D24       0  CODE        2
                text77                         0016EB  00005C  001747      2DD6       0  CODE        2
                text18                         001747  00005C  0017A3      2E8E       0  CODE        2
                text100                        0017A3  00005D  001800      2F46       0  CODE        2
                text93                         001BCB  000001  001BCC      3796       0  CODE        2
                text11                         001BCC  000001  001BCD      3798       0  CODE        2
                text126                        001BCD  000003  001BD0      379A       0  CODE        2
                text44                         001BD0  000003  001BD3      37A0       0  CODE        2
                text23                         001BD3  000003  001BD6      37A6       0  CODE        2
                text10                         001BD6  000003  001BD9      37AC       0  CODE        2
                text8                          001BD9  000003  001BDC      37B2       0  CODE        2
                text132                        001BDC  000004  001BE0      37B8       0  CODE        2
                text120                        001BE0  000004  001BE4      37C0       0  CODE        2
                text119                        001BE4  000004  001BE8      37C8       0  CODE        2
                text112                        001BE8  000004  001BEC      37D0       0  CODE        2
                text108                        001BEC  000004  001BF0      37D8       0  CODE        2
                text94                         001BF0  000004  001BF4      37E0       0  CODE        2
                text62                         001BF4  000004  001BF8      37E8       0  CODE        2
                text60                         001BF8  000004  001BFC      37F0       0  CODE        2
                text51                         001BFC  000004  001C00      37F8       0  CODE        2
                text122                        001C00  000005  001C05      3800       0  CODE        2
                text58                         001C05  000005  001C0A      380A       0  CODE        2
                text109                        001C0A  000006  001C10      3814       0  CODE        2
                inittext                       001C10  000006  001C16      3820       0  CODE        2
                clrtext                        001C16  000006  001C1C      382C       0  CODE        2
                text52                         001C1C  000007  001C23      3838       0  CODE        2
                text90                         001C23  000008  001C2B      3846       0  CODE        2
                text55                         001C2B  000008  001C33      3856       0  CODE        2
                text80                         001C33  000009  001C3C      3866       0  CODE        2
                text70                         001C3C  000009  001C45      3878       0  CODE        2
                text20                         001C45  000009  001C4E      388A       0  CODE        2
                text130                        001C4E  00000A  001C58      389C       0  CODE        2
                text57                         001C58  00000A  001C62      38B0       0  CODE        2
                text134                        001C62  00000B  001C6D      38C4       0  CODE        2
                text110                        001C6D  00000B  001C78      38DA       0  CODE        2
                text105                        001C78  00000B  001C83      38F0       0  CODE        2
                text86                         001C83  00000B  001C8E      3906       0  CODE        2
                text47                         001C8E  00000B  001C99      391C       0  CODE        2
                text45                         001C99  00000B  001CA4      3932       0  CODE        2
                text19                         001CA4  00000B  001CAF      3948       0  CODE        2
                text17                         001CAF  00000B  001CBA      395E       0  CODE        2
                text117                        001CBA  00000C  001CC6      3974       0  CODE        2
                text87                         001CC6  00000C  001CD2      398C       0  CODE        2
                text68                         001CD2  00000C  001CDE      39A4       0  CODE        2
                text66                         001CDE  00000C  001CEA      39BC       0  CODE        2
                text50                         001CEA  00000C  001CF6      39D4       0  CODE        2
                text48                         001CF6  00000C  001D02      39EC       0  CODE        2
                text91                         001D02  00000D  001D0F      3A04       0  CODE        2
                text54                         001D0F  00000E  001D1D      3A1E       0  CODE        2
                text131                        001D1D  00000F  001D2C      3A3A       0  CODE        2
                text39                         001D2C  00000F  001D3B      3A58       0  CODE        2
                text104                        001D3B  000010  001D4B      3A76       0  CODE        2
                text103                        001D4B  000010  001D5B      3A96       0  CODE        2
                text56                         001D5B  000010  001D6B      3AB6       0  CODE        2
                text21                         001D6B  000010  001D7B      3AD6       0  CODE        2
                text63                         001D7B  000011  001D8C      3AF6       0  CODE        2
                text38                         001D8C  000011  001D9D      3B18       0  CODE        2
                text37                         001D9D  000011  001DAE      3B3A       0  CODE        2
                text16                         001DAE  000011  001DBF      3B5C       0  CODE        2
                text102                        001DBF  000012  001DD1      3B7E       0  CODE        2
                text46                         001DD1  000012  001DE3      3BA2       0  CODE        2
                text6                          001DE3  000012  001DF5      3BC6       0  CODE        2
                text36                         001DF5  000013  001E08      3BEA       0  CODE        2
                text27                         001E08  000013  001E1B      3C10       0  CODE        2
                text124                        001E1B  000014  001E2F      3C36       0  CODE        2
                text14                         001E2F  000014  001E43      3C5E       0  CODE        2
                text123                        001E43  000015  001E58      3C86       0  CODE        2
                text111                        001E58  000015  001E6D      3CB0       0  CODE        2
                text22                         001E6D  000015  001E82      3CDA       0  CODE        2
                text43                         001E82  000017  001E99      3D04       0  CODE        2
                text49                         001E99  000018  001EB1      3D32       0  CODE        2
                text121                        001EB1  000019  001ECA      3D62       0  CODE        2
                text71                         001ECA  00001A  001EE4      3D94       0  CODE        2
                text59                         001EE4  00001C  001F00      3DC8       0  CODE        2
                text99                         001F00  00001E  001F1E      3E00       0  CODE        2
                text115                        001F1E  00001F  001F3D      3E3C       0  CODE        2
                text98                         001F3D  000020  001F5D      3E7A       0  CODE        2
                text12                         001F5D  000020  001F7D      3EBA       0  CODE        2
                text5                          001F7D  000020  001F9D      3EFA       0  CODE        2
                idataBANK4                     001F9D  000020  001FBD      3F3A       0  CODE        2
                text116                        001FBD  000021  001FDE      3F7A       0  CODE        2
                text83                         001FDE  000022  002000      3FBC       0  CODE        2
                config                         008007  000002  008009     1000E       0  CONFIG      2


UNUSED ADDRESS RANGES

        Name                Unused          Largest block    Delta
        BANK1            000EF-000EF               1           1
        BANK10           00520-0056F              50           1
        BANK11           005A0-005EF              50           1
        BANK12           00620-0064F              30           1
        BANK3            001E6-001EF               A           1
        BANK4            00240-0026F              30           1
        BANK5            002A0-002EF              50           1
        BANK6            00320-0036F              50           1
        BANK7            003A0-003EF              50           1
        BANK8            00420-0046F              50           1
        BANK9            004A0-004EF              50           1
        BIGRAM           02000-023EF             3F0           1
        CODE             01800-01BCA             3CB           2
                         02000-03FFF             800
        CONST            01800-01BCA             100           2
                         02000-03FFF             100
        ENTRY            01800-01BCA             100           2
                         02000-03FFF             100
        IDLOC            08000-08003               4           2
        RAM              000EF-000EF               1           1
                         001E6-001EF               A
                         00240-0026F              30
                         002A0-002EF              50
                         00320-0036F              50
                         003A0-003EF              50
                         00420-0046F              50
                         004A0-004EF              50
                         00520-0056F              50
                         005A0-005EF              50
                         00620-0064F              30
        SFR0             00000-0001F              20           1
        SFR1             00080-0009F              20           1
        SFR10            00500-0051F              20           1
        SFR11            00580-0059F              20           1
        SFR12            00600-0061F              20           1
        SFR13            00680-006EF              70           1
        SFR14            00700-0076F              70           1
        SFR15            00780-007EF              70           1
        SFR16            00800-0086F              70           1
        SFR17            00880-008EF              70           1
        SFR18            00900-0096F              70           1
        SFR19            00980-009EF              70           1
        SFR2             00100-0011F              20           1
        SFR20            00A00-00A6F              70           1
        SFR21            00A80-00AEF              70           1
        SFR22            00B00-00B6F              70           1
        SFR23            00B80-00BEF              70           1
        SFR24            00C00-00C6F              70           1
        SFR25            00C80-00CEF              70           1
        SFR26            00D00-00D6F              70           1
        SFR27            00D80-00DEF              70           1
        SFR28            00E00-00E6F              70           1
        SFR29            00E80-00EEF              70           1
        SFR3             00180-0019F              20           1
        SFR30            00F00-00F6F              70           1
        SFR31            00F80-00FEF              70           1
        SFR4             00200-0021F              20           1
        SFR5             00280-0029F              20           1
        SFR6             00300-0031F              20           1
        SFR7             00380-0039F              20           1
        SFR8             00400-0041F              20           1
        SFR9             00480-0049F              20           1
        STACK            02160-0231F             1C0           1
        STRCODE          01800-01BCA             3CB           2
                         02000-03FFF            2000
        STRING           01800-01BCA             100           2
                         02000-03FFF             100

                                  Symbol Table

?___awdiv                                cstackBANK0  00020
?___awtoft                               cstackBANK0  00028
?___ftadd                                cstackBANK0  00041
?___ftdiv                                cstackBANK0  0002E
?___ftmul                                cstackBANK0  0002E
?___ftneg                                cstackBANK0  0003E
?___ftpack                               cstackBANK0  00020
?___fttol                                cstackBANK0  0004E
?_getAD                                  cstackBANK0  00020
?_getBuz_GO                              cstackBANK0  00020
CC2500_InitPATable@loop_d                cstackBANK0  00027
CC2500_InitPATable@temp                  cstackBANK0  00026
CC2500_InitSetREG@loop_c                 cstackBANK0  00028
CC2500_InitSetREG@temp1                  cstackBANK0  00026
CC2500_InitSetREG@temp2                  cstackBANK0  00027
CC2500_ReadByte@loop_b                   cstackBANK0  00021
CC2500_ReadStatus@status_addr            cstackBANK0  00023
CC2500_RxData@loop_f                     cstackBANK0  00025
CC2500_TxData@loop_e                     cstackBANK0  00025
CC2500_WriteByte@loop_a                  cstackBANK0  00021
CC2500_WriteCommand@command              cstackBANK0  00023
CC2500_WriteREG@value                    cstackBANK0  00022
CC2500_WriteREG@w_addr                   cstackBANK0  00024
DelayOffPointSelect@sw                   cstackBANK0  00021
DelayTime_1us@count                      cstackBANK0  00020
DelayTime_1us@i                          cstackBANK0  00022
DelayTime_1us@j                          cstackBANK0  00024
DelayTimejudge@i                         cstackBANK0  00026
DelayTimejudge@j                         cstackBANK0  00027
DelayTimejudge@k                         cstackBANK0  00028
DelayTimejudge@value                     cstackBANK0  00029
DimmerIntrIOCPointSelect@lights          cstackCOMMON 00071
DimmerIntrPointSelect@lights             cstackCOMMON 00071
DimmerLightsPointSelect@lights           cstackBANK0  00021
DlyOff_Initialization@sw                 cstackBANK0  00022
DlyOff_Main@sw                           cstackBANK0  00038
Flash_Memory_Initialization@i            cstackBANK0  00063
Flash_Memory_Modify@i                    cstackBANK0  00025
Flash_Memory_Read@address                cstackBANK0  00022
Flash_Memory_Read@i                      cstackBANK0  00021
Flash_Memory_Read@ret                    cstackBANK0  00023
Flash_Memory_Write@i                     cstackBANK0  00021
LedPointSelect@led                       cstackBANK0  00021
Load_Main@adjgo                          cstackBANK0  0002C
Load_Main@error                          cstackBANK0  0002E
Load_Main@i                              cstackBANK0  0002F
Load_Main@j                              cstackBANK0  0002B
SwPointSelect@sw                         cstackBANK0  00021
Switch_Main@error                        cstackBANK0  0003E
_ADCON0                                  (abs)        0009D
_ADCON1                                  (abs)        0009E
_ADC_Set                                 text52       01C1C
_ADRESH                                  (abs)        0009C
_ADRESL                                  (abs)        0009B
_ANSELA                                  (abs)        0018C
_ANSELB                                  (abs)        0018D
_ANSELC                                  (abs)        0018E
_Buz1                                    bssBANK1     000AF
_Buzzer_Initialization                   text126      01BCD
_Buzzer_Main                             text125      014F0
_CC2500_ClearRXFIFO                      text120      01BE0
_CC2500_ClearTXFIFO                      text119      01BE4
_CC2500_FrequencyCabr                    text117      01CBA
_CC2500_InitPATable                      text115      01F1E
_CC2500_InitSetREG                       text114      0112B
_CC2500_PowerOnInitial                   text111      01E58
_CC2500_PowerRST                         text113      01464
_CC2500_ReadByte                         text43       01E82
_CC2500_ReadStatus                       text42       01075
_CC2500_RxData                           text41       00B5D
_CC2500_SIDLEMode                        text112      01BE8
_CC2500_TxData                           text40       009CC
_CC2500_WriteByte                        text124      01E1B
_CC2500_WriteCommand                     text121      01EB1
_CC2500_WriteREG                         text116      01FBD
_CC2500_patable_vaule                    stringtext   0105E
_CC2500_registers_address                stringtext   01000
_CC2500_rfSettings                       stringtext   0102F
_CFGS                                    (abs)        00CAE
_CRC                                     bssBANK1     000CC
_DelayOff                                bssCOMMON    00078
_DelayOffPointSelect                     text110      01C6D
_DelayOff_Initialization                 text108      01BEC
_DelayOff_Main                           text94       01BF0
_DelayTime_1us                           text118      010DE
_DelayTimejudge                          text101      01155
_Dimmer                                  bssBANK2     0013E
_DimmerIntrIOCPointSelect                text134      01C62
_DimmerIntrPointSelect                   text130      01C4E
_DimmerLights                            bssBANK0     0006F
_DimmerLights1                           bssBANK3     001C5
_DimmerLights11                          bssBANK1     000CD
_DimmerLightsIntr                        bssCOMMON    00079
_DimmerLightsIntrIOC                     bssBANK1     000CE
_DimmerLightsPointSelect                 text105      01C78
_DimmerLights_Initialization             text91       01D02
_DimmerLights_Main                       text72       011D9
_DimmerLights_Main$2345                  cstackBANK0  00069
_Dimmer_Initialization                   text93       01BCB
_DlyOff_Initialization                   text109      01C0A
_DlyOff_Main                             text95       0084E
_DlySw1                                  bssBANK3     001DD
_FREE                                    (abs)        00CAC
_FVRCON                                  (abs)        00117
_Flash_Memory_Erasing                    text66       01CDE
_Flash_Memory_Initialization             text67       00611
_Flash_Memory_Main                       text64       0130C
_Flash_Memory_Modify                     text65       00800
_Flash_Memory_Read                       text71       01ECA
_Flash_Memory_Unlock                     text70       01C3C
_Flash_Memory_Write                      text69       011AA
_Fosc_Set                                text51       01BFC
_GIE                                     (abs)        0005F
_GO_nDONE                                (abs)        004E9
_IOCBF                                   (abs)        00396
_IOCBF2                                  (abs)        01CB2
_IOCBN                                   (abs)        00395
_IOCBP                                   (abs)        00394
_IOCIE                                   (abs)        0005B
_IOCIF                                   (abs)        00058
_IOC_ISR                                 text131      01D1D
_IOC_Set                                 text50       01CEA
_IO_Set                                  text49       01E99
_ISR                                     intentry     00004
_LATA                                    (abs)        0010C
_LATB                                    (abs)        0010D
_LATC                                    (abs)        0010E
_LED                                     bssCOMMON    0007A
_LED_Initialization                      text62       01BF4
_LED_Main                                text60       01BF8
_LWLO                                    (abs)        00CAD
_LedPointSelect                          text86       01C83
_Load                                    bssBANK2     00143
_Load_Initialization                     text58       01C05
_Load_Main                               text53       002F8
_Load_Main$4108                          cstackBANK0  0002D
_Mcu_Initialization                      text46       01DD1
_Memory                                  bssBANK3     001A0
_OSCCON                                  (abs)        00099
_PEIE                                    (abs)        0005E
_PMADRH                                  (abs)        00192
_PMADRL                                  (abs)        00191
_PMCON2                                  (abs)        00196
_PMDATH                                  (abs)        00194
_PMDATL                                  (abs)        00193
_PORTA                                   (abs)        0000C
_PORTB                                   (abs)        0000D
_PORTC                                   (abs)        0000E
_RA0                                     (abs)        00060
_RA4                                     (abs)        00064
_RA6                                     (abs)        00066
_RA7                                     (abs)        00067
_RB0                                     (abs)        00068
_RB1                                     (abs)        00069
_RB2                                     (abs)        0006A
_RB3                                     (abs)        0006B
_RB5                                     (abs)        0006D
_RC0                                     (abs)        00070
_RC1                                     (abs)        00071
_RC3                                     (abs)        00073
_RC4                                     (abs)        00074
_RC5                                     (abs)        00075
_RD                                      (abs)        00CA8
_RF1                                     bssBANK1     000BB
_RF_Count                                bssBANK2     00141
_RF_Data                                 bssBANK2     00120
_RF_Initialization                       text44       01BD0
_RF_Main                                 text23       01BD3
_RF_RxDisable                            text39       01D2C
_RSSI                                    bssBANK1     000CF
_Receive_OK                              bitbssCOMMON 003E8
_Rx_Length                               bssBANK1     000D0
_SPI0Buffer                              bssCOMMON    0007B
_Sw                                      bssCOMMON    0007C
_Sw1                                     bssBANK3     001D4
_SwDetect                                bssBANK1     000D1
_SwPointSelect                           text17       01CAF
_Switch_Initialization                   text20       01C45
_Switch_Main                             text12       01F5D
_T1CON                                   (abs)        00018
_TMR1H                                   (abs)        00017
_TMR1IE                                  (abs)        00488
_TMR1IF                                  (abs)        00088
_TMR1L                                   (abs)        00016
_TMR1_ISR                                text128      010BA
_TMR1_Set                                text48       01CF6
_TRISA                                   (abs)        0008C
_TRISB                                   (abs)        0008D
_TRISC                                   (abs)        0008E
_Temp                                    bssBANK1     000D6
_Temp_Initialization                     text10       01BD6
_Temp_Main                               text8        01BD9
_Timeout_Counter                         text123      01E43
_Timer1                                  bssBANK1     000C7
_TouchPower                              text22       01E6D
_Transceive_OK                           bitbssCOMMON 003E9
_Tx_Length                               bssBANK1     000D2
_VarErrLED                               bssBANK3     001E2
_WDT                                     bssBANK1     000CA
_WDTCON                                  (abs)        00097
_WDT_Clearing                            text7        00002
_WDT_Main                                text6        01DE3
_WDT_Set                                 text47       01C8E
_WPUB1                                   (abs)        01069
_WPUB2                                   (abs)        0106A
_WR                                      (abs)        00CA9
_WREN                                    (abs)        00CAA
__CFG_BOREN$OFF                          (abs)        00000
__CFG_FOSC$INTOSC                        (abs)        00000
__CFG_VCAPEN$OFF                         (abs)        00000
__CFG_WDTE$ON                            (abs)        00000
__CFG_WRT$HALF                           (abs)        00000
__Habs1                                  abs1         00000
__Hbank0                                 bank0        00000
__Hbank1                                 bank1        00000
__Hbank10                                bank10       00000
__Hbank11                                bank11       00000
__Hbank12                                bank12       00000
__Hbank13                                bank13       00000
__Hbank14                                bank14       00000
__Hbank15                                bank15       00000
__Hbank16                                bank16       00000
__Hbank17                                bank17       00000
__Hbank18                                bank18       00000
__Hbank19                                bank19       00000
__Hbank2                                 bank2        00000
__Hbank20                                bank20       00000
__Hbank21                                bank21       00000
__Hbank22                                bank22       00000
__Hbank23                                bank23       00000
__Hbank24                                bank24       00000
__Hbank25                                bank25       00000
__Hbank26                                bank26       00000
__Hbank27                                bank27       00000
__Hbank28                                bank28       00000
__Hbank29                                bank29       00000
__Hbank3                                 bank3        00000
__Hbank30                                bank30       00000
__Hbank31                                bank31       00000
__Hbank4                                 bank4        00000
__Hbank5                                 bank5        00000
__Hbank6                                 bank6        00000
__Hbank7                                 bank7        00000
__Hbank8                                 bank8        00000
__Hbank9                                 bank9        00000
__Hbigram                                bigram       00000
__HbitbssCOMMON                          bitbssCOMMON 00000
__HbssBANK0                              bssBANK0     00000
__HbssBANK1                              bssBANK1     00000
__HbssBANK2                              bssBANK2     00000
__HbssBANK3                              bssBANK3     00000
__HbssCOMMON                             bssCOMMON    00000
__Hcinit                                 cinit        00043
__Hclrtext                               clrtext      00000
__Hcode                                  code         00000
__Hcommon                                common       00000
__Hconfig                                config       08009
__HcstackBANK0                           cstackBANK0  00000
__HcstackBANK1                           cstackBANK1  00000
__HcstackCOMMON                          cstackCOMMON 00000
__HdataBANK4                             dataBANK4    00000
__Heeprom_data                           eeprom_data  00000
__Hend_init                              end_init     00015
__Hfunctab                               functab      00000
__HidataBANK4                            idataBANK4   00000
__Hidloc                                 idloc        00000
__Hinit                                  init         00013
__Hinittext                              inittext     00000
__Hintentry                              intentry     00013
__Hmaintext                              maintext     00000
__HnvBANK0                               nvBANK0      00000
__Hpowerup                               powerup      00000
__Hram                                   ram          00000
__Hreset_vec                             reset_vec    00002
__Hsfr0                                  sfr0         00000
__Hsfr1                                  sfr1         00000
__Hsfr10                                 sfr10        00000
__Hsfr11                                 sfr11        00000
__Hsfr12                                 sfr12        00000
__Hsfr13                                 sfr13        00000
__Hsfr14                                 sfr14        00000
__Hsfr15                                 sfr15        00000
__Hsfr16                                 sfr16        00000
__Hsfr17                                 sfr17        00000
__Hsfr18                                 sfr18        00000
__Hsfr19                                 sfr19        00000
__Hsfr2                                  sfr2         00000
__Hsfr20                                 sfr20        00000
__Hsfr21                                 sfr21        00000
__Hsfr22                                 sfr22        00000
__Hsfr23                                 sfr23        00000
__Hsfr24                                 sfr24        00000
__Hsfr25                                 sfr25        00000
__Hsfr26                                 sfr26        00000
__Hsfr27                                 sfr27        00000
__Hsfr28                                 sfr28        00000
__Hsfr29                                 sfr29        00000
__Hsfr3                                  sfr3         00000
__Hsfr30                                 sfr30        00000
__Hsfr31                                 sfr31        00000
__Hsfr4                                  sfr4         00000
__Hsfr5                                  sfr5         00000
__Hsfr6                                  sfr6         00000
__Hsfr7                                  sfr7         00000
__Hsfr8                                  sfr8         00000
__Hsfr9                                  sfr9         00000
__Hspace_0                               (abs)        08009
__Hspace_1                               (abs)        003EA
__Hspace_2                               (abs)        00000
__Hspace_3                               (abs)        00000
__Hstack                                 stack        00000
__Hstrings                               strings      00000
__Hstringtext                            stringtext   00000
__Htext                                  text         00000
__Labs1                                  abs1         00000
__Lbank0                                 bank0        00000
__Lbank1                                 bank1        00000
__Lbank10                                bank10       00000
__Lbank11                                bank11       00000
__Lbank12                                bank12       00000
__Lbank13                                bank13       00000
__Lbank14                                bank14       00000
__Lbank15                                bank15       00000
__Lbank16                                bank16       00000
__Lbank17                                bank17       00000
__Lbank18                                bank18       00000
__Lbank19                                bank19       00000
__Lbank2                                 bank2        00000
__Lbank20                                bank20       00000
__Lbank21                                bank21       00000
__Lbank22                                bank22       00000
__Lbank23                                bank23       00000
__Lbank24                                bank24       00000
__Lbank25                                bank25       00000
__Lbank26                                bank26       00000
__Lbank27                                bank27       00000
__Lbank28                                bank28       00000
__Lbank29                                bank29       00000
__Lbank3                                 bank3        00000
__Lbank30                                bank30       00000
__Lbank31                                bank31       00000
__Lbank4                                 bank4        00000
__Lbank5                                 bank5        00000
__Lbank6                                 bank6        00000
__Lbank7                                 bank7        00000
__Lbank8                                 bank8        00000
__Lbank9                                 bank9        00000
__Lbigram                                bigram       00000
__LbitbssCOMMON                          bitbssCOMMON 00000
__LbssBANK0                              bssBANK0     00000
__LbssBANK1                              bssBANK1     00000
__LbssBANK2                              bssBANK2     00000
__LbssBANK3                              bssBANK3     00000
__LbssCOMMON                             bssCOMMON    00000
__Lcinit                                 cinit        00015
__Lclrtext                               clrtext      00000
__Lcode                                  code         00000
__Lcommon                                common       00000
__Lconfig                                config       08007
__LcstackBANK0                           cstackBANK0  00000
__LcstackBANK1                           cstackBANK1  00000
__LcstackCOMMON                          cstackCOMMON 00000
__LdataBANK4                             dataBANK4    00000
__Leeprom_data                           eeprom_data  00000
__Lend_init                              end_init     00013
__Lfunctab                               functab      00000
__LidataBANK4                            idataBANK4   00000
__Lidloc                                 idloc        00000
__Linit                                  init         00013
__Linittext                              inittext     00000
__Lintentry                              intentry     00004
__Lmaintext                              maintext     00000
__LnvBANK0                               nvBANK0      00000
__Lpowerup                               powerup      00000
__Lram                                   ram          00000
__Lreset_vec                             reset_vec    00000
__Lsfr0                                  sfr0         00000
__Lsfr1                                  sfr1         00000
__Lsfr10                                 sfr10        00000
__Lsfr11                                 sfr11        00000
__Lsfr12                                 sfr12        00000
__Lsfr13                                 sfr13        00000
__Lsfr14                                 sfr14        00000
__Lsfr15                                 sfr15        00000
__Lsfr16                                 sfr16        00000
__Lsfr17                                 sfr17        00000
__Lsfr18                                 sfr18        00000
__Lsfr19                                 sfr19        00000
__Lsfr2                                  sfr2         00000
__Lsfr20                                 sfr20        00000
__Lsfr21                                 sfr21        00000
__Lsfr22                                 sfr22        00000
__Lsfr23                                 sfr23        00000
__Lsfr24                                 sfr24        00000
__Lsfr25                                 sfr25        00000
__Lsfr26                                 sfr26        00000
__Lsfr27                                 sfr27        00000
__Lsfr28                                 sfr28        00000
__Lsfr29                                 sfr29        00000
__Lsfr3                                  sfr3         00000
__Lsfr30                                 sfr30        00000
__Lsfr31                                 sfr31        00000
__Lsfr4                                  sfr4         00000
__Lsfr5                                  sfr5         00000
__Lsfr6                                  sfr6         00000
__Lsfr7                                  sfr7         00000
__Lsfr8                                  sfr8         00000
__Lsfr9                                  sfr9         00000
__Lspace_0                               (abs)        00000
__Lspace_1                               (abs)        00000
__Lspace_2                               (abs)        00000
__Lspace_3                               (abs)        00000
__Lstack                                 stack        00000
__Lstrings                               strings      00000
__Lstringtext                            stringtext   00000
__Ltext                                  text         00000
__S0                                     (abs)        08009
__S1                                     (abs)        00240
__S2                                     (abs)        00000
___awdiv                                 text107      007AC
___awdiv@counter                         cstackBANK0  00025
___awdiv@dividend                        cstackBANK0  00022
___awdiv@divisor                         cstackBANK0  00020
___awdiv@quotient                        cstackBANK0  00027
___awdiv@sign                            cstackBANK0  00026
___awtoft                                text83       01FDE
___awtoft@c                              cstackBANK0  00028
___awtoft@sign                           cstackBANK0  0002D
___bmul                                  text102      01DBF
___bmul@multiplicand                     cstackBANK0  00020
___bmul@multiplier                       cstackBANK0  00023
___bmul@product                          cstackBANK0  00022
___ftadd                                 text82       0043C
___ftadd@exp1                            cstackBANK0  0004D
___ftadd@exp2                            cstackBANK0  0004C
___ftadd@f1                              cstackBANK0  00041
___ftadd@f2                              cstackBANK0  00044
___ftadd@sign                            cstackBANK0  0004B
___ftdiv                                 text81       00DE8
___ftdiv@cntr                            cstackBANK0  00038
___ftdiv@exp                             cstackBANK0  0003C
___ftdiv@f1                              cstackBANK0  00031
___ftdiv@f2                              cstackBANK0  0002E
___ftdiv@f3                              cstackBANK0  00039
___ftdiv@sign                            cstackBANK0  0003D
___ftmul                                 text35       00E91
___ftmul@cntr                            cstackBANK0  0003C
___ftmul@exp                             cstackBANK0  00038
___ftmul@f1                              cstackBANK0  0002E
___ftmul@f2                              cstackBANK0  00031
___ftmul@f3_as_product                   cstackBANK0  00039
___ftmul@sign                            cstackBANK0  0003D
___ftneg                                 text80       01C33
___ftneg@f1                              cstackBANK0  0003E
___ftpack                                text84       0096B
___ftpack@arg                            cstackBANK0  00020
___ftpack@exp                            cstackBANK0  00023
___ftpack@sign                           cstackBANK0  00024
___fttol                                 text79       00C48
___fttol@exp1                            cstackBANK0  0005B
___fttol@f1                              cstackBANK0  0004E
___fttol@lval                            cstackBANK0  00057
___fttol@sign1                           cstackBANK0  00056
___int_sp                                stack        00000
___latbits                               (abs)        00003
___sp                                    stack        00000
__end_of_ADC_Set                         text52       01C23
__end_of_Buzzer_Initialization           text126      01BD0
__end_of_Buzzer_Main                     text125      0153A
__end_of_CC2500_ClearRXFIFO              text120      01BE4
__end_of_CC2500_ClearTXFIFO              text119      01BE8
__end_of_CC2500_FrequencyCabr            text117      01CC6
__end_of_CC2500_InitPATable              text115      01F3D
__end_of_CC2500_InitSetREG               text114      01155
__end_of_CC2500_PowerOnInitial           text111      01E6D
__end_of_CC2500_PowerRST                 text113      014A7
__end_of_CC2500_ReadByte                 text43       01E99
__end_of_CC2500_ReadStatus               text42       01097
__end_of_CC2500_RxData                   text41       00BC7
__end_of_CC2500_SIDLEMode                text112      01BEC
__end_of_CC2500_TxData                   text40       00A2D
__end_of_CC2500_WriteByte                text124      01E2F
__end_of_CC2500_WriteCommand             text121      01ECA
__end_of_CC2500_WriteREG                 text116      01FDE
__end_of_CC2500_patable_vaule            stringtext   01066
__end_of_CC2500_registers_address        stringtext   0102F
__end_of_CC2500_rfSettings               stringtext   0105E
[...]
      Locals:         0       0       0       0       0       0       0       0       0       0       0       0       0       0
      Temps:          0       0       0       0       0       0       0       0       0       0       0       0       0       0
      Totals:         0       0       0       0       0       0       0       0       0       0       0       0       0       0
Total ram usage:        0 bytes
 Hardware stack levels used:    1
 Hardware stack levels required when called:    5
 This function calls:
		Nothing
 This function is called by:
		_main
 This function uses a non-reentrant model


 *************** function _ISR *****************
 Defined at:
		line 107 in file "../src/MCU_B1.c"
 Parameters:    Size  Location     Type
		None
 Auto vars:     Size  Location     Type
		None
 Return value:  Size  Location     Type
		None               void
 Registers used:
		wreg, fsr0l, fsr0h, fsr1l, fsr1h, status,2, status,0, pclath, cstack
 Tracked objects:
		On entry : 
		On exit  : 
		Unchanged: 
 Data sizes:     COMMON   BANK0   BANK1   BANK2   BANK3   BANK4   BANK5   BANK6   BANK7   BANK8   BANK9  BANK10  BANK11  BANK12
      Params:         0       0       0       0       0       0       0       0       0       0       0       0       0       0
      Locals:         0       0       0       0       0       0       0       0       0       0       0       0       0       0
      Temps:          1       0       0       0       0       0       0       0       0       0       0       0       0       0
      Totals:         1       0       0       0       0       0       0       0       0       0       0       0       0       0
Total ram usage:        1 bytes
 Hardware stack levels used:    1
 Hardware stack levels required when called:    4
 This function calls:
		_IOC_ISR
		_TMR1_ISR
 This function is called by:
		Interrupt level 1
 This function uses a non-reentrant model


 *************** function _TMR1_ISR *****************
 Defined at:
		line 209 in file "../src/MCU_B1.c"
 Parameters:    Size  Location     Type
		None
 Auto vars:     Size  Location     Type
		None
 Return value:  Size  Location     Type
		None               void
 Registers used:
		wreg, fsr0l, fsr0h, fsr1l, fsr1h, status,2, status,0, pclath, cstack
 Tracked objects:
		On entry : 
		On exit  : 
		Unchanged: 
 Data sizes:     COMMON   BANK0   BANK1   BANK2   BANK3   BANK4   BANK5   BANK6   BANK7   BANK8   BANK9  BANK10  BANK11  BANK12
      Params:         0       0       0       0       0       0       0       0       0       0       0       0       0       0
      Locals:         0       0       0       0       0       0       0       0       0       0       0       0       0       0
      Temps:          0       0       0       0       0       0       0       0       0       0       0       0       0       0
      Totals:         0       0       0       0       0       0       0       0       0       0       0       0       0       0
Total ram usage:        0 bytes
 Hardware stack levels used:    1
 Hardware stack levels required when called:    2
 This function calls:
		_setDimmerLights_IntrControl
 This function is called by:
		_ISR
 This function uses a non-reentrant model


 *************** function _setDimmerLights_IntrControl *****************
 Defined at:
		line 94 in file "../src/Dimmer_B1.c"
 Parameters:    Size  Location     Type
  lights          1    wreg     unsigned char 
 Auto vars:     Size  Location     Type
  lights          1    6[COMMON] unsigned char 
 Return value:  Size  Location     Type
		None               void
 Registers used:
		wreg, fsr0l, fsr0h, fsr1l, fsr1h, status,2, status,0, pclath, cstack
 Tracked objects:
		On entry : 
		On exit  : 
		Unchanged: 
 Data sizes:     COMMON   BANK0   BANK1   BANK2   BANK3   BANK4   BANK5   BANK6   BANK7   BANK8   BANK9  BANK10  BANK11  BANK12
      Params:         0       0       0       0       0       0       0       0       0       0       0       0       0       0
      Locals:         1       0       0       0       0       0       0       0       0       0       0       0       0       0
      Temps:          4       0       0       0       0       0       0       0       0       0       0       0       0       0
      Totals:         5       0       0       0       0       0       0       0       0       0       0       0       0       0
Total ram usage:        5 bytes
 Hardware stack levels used:    1
 Hardware stack levels required when called:    1
 This function calls:
		_DimmerIntrPointSelect
 This function is called by:
		_TMR1_ISR
 This function uses a non-reentrant model


 *************** function _DimmerIntrPointSelect *****************
 Defined at:
		line 72 in file "../src/Dimmer_B1.c"
 Parameters:    Size  Location     Type
  lights          1    wreg     unsigned char 
 Auto vars:     Size  Location     Type
  lights          1    1[COMMON] unsigned char 
 Return value:  Size  Location     Type
		None               void
 Registers used:
		wreg
 Tracked objects:
		On entry : 
		On exit  : 
		Unchanged: 
 Data sizes:     COMMON   BANK0   BANK1   BANK2   BANK3   BANK4   BANK5   BANK6   BANK7   BANK8   BANK9  BANK10  BANK11  BANK12
      Params:         0       0       0       0       0       0       0       0       0       0       0       0       0       0
      Locals:         1       0       0       0       0       0       0       0       0       0       0       0       0       0
      Temps:          1       0       0       0       0       0       0       0       0       0       0       0       0       0
      Totals:         2       0       0       0       0       0       0       0       0       0       0       0       0       0
Total ram usage:        2 bytes
 Hardware stack levels used:    1
 This function calls:
		Nothing
 This function is called by:
		_setDimmerLights_IntrControl
 This function uses a non-reentrant model


 *************** function _IOC_ISR *****************
 Defined at:
		line 401 in file "../src/MCU_B1.c"
 Parameters:    Size  Location     Type
		None
 Auto vars:     Size  Location     Type
		None
 Return value:  Size  Location     Type
		None               void
 Registers used:
		wreg, fsr1l, fsr1h, status,2, status,0, pclath, cstack
 Tracked objects:
		On entry : 
		On exit  : 
		Unchanged: 
 Data sizes:     COMMON   BANK0   BANK1   BANK2   BANK3   BANK4   BANK5   BANK6   BANK7   BANK8   BANK9  BANK10  BANK11  BANK12
      Params:         0       0       0       0       0       0       0       0       0       0       0       0       0       0
      Locals:         0       0       0       0       0       0       0       0       0       0       0       0       0       0
      Temps:          0       0       0       0       0       0       0       0       0       0       0       0       0       0
      Totals:         0       0       0       0       0       0       0       0       0       0       0       0       0       0
Total ram usage:        0 bytes
 Hardware stack levels used:    1
 Hardware stack levels required when called:    3
 This function calls:
		_setDimmerReClock
 This function is called by:
		_ISR
 This function uses a non-reentrant model


 *************** function _setDimmerReClock *****************
 Defined at:
		line 244 in file "../src/MCU_B1.c"
 Parameters:    Size  Location     Type
		None
 Auto vars:     Size  Location     Type
		None
 Return value:  Size  Location     Type
		None               void
 Registers used:
		wreg, fsr1l, fsr1h, status,2, status,0, pclath, cstack
 Tracked objects:
		On entry : 
		On exit  : 
		Unchanged: 
 Data sizes:     COMMON   BANK0   BANK1   BANK2   BANK3   BANK4   BANK5   BANK6   BANK7   BANK8   BANK9  BANK10  BANK11  BANK12
      Params:         0       0       0       0       0       0       0       0       0       0       0       0       0       0
      Locals:         0       0       0       0       0       0       0       0       0       0       0       0       0       0
      Temps:          0       0       0       0       0       0       0       0       0       0       0       0       0       0
      Totals:         0       0       0       0       0       0       0       0       0       0       0       0       0       0
Total ram usage:        0 bytes
 Hardware stack levels used:    1
 Hardware stack levels required when called:    2
 This function calls:
		_setDimmerLights_IntrIOC_GO
 This function is called by:
		_IOC_ISR
 This function uses a non-reentrant model


 *************** function _setDimmerLights_IntrIOC_GO *****************
 Defined at:
		line 28 in file "../src/Dimmer_B1.c"
 Parameters:    Size  Location     Type
  lights          1    wreg     unsigned char 
 Auto vars:     Size  Location     Type
  lights          1    2[COMMON] unsigned char 
 Return value:  Size  Location     Type
		None               void
 Registers used:
		wreg, fsr1l, fsr1h, status,2, status,0, pclath, cstack
 Tracked objects:
		On entry : 
		On exit  : 
		Unchanged: 
 Data sizes:     COMMON   BANK0   BANK1   BANK2   BANK3   BANK4   BANK5   BANK6   BANK7   BANK8   BANK9  BANK10  BANK11  BANK12
      Params:         0       0       0       0       0       0       0       0       0       0       0       0       0       0
      Locals:         1       0       0       0       0       0       0       0       0       0       0       0       0       0
      Temps:          0       0       0       0       0       0       0       0       0       0       0       0       0       0
      Totals:         1       0       0       0       0       0       0       0       0       0       0       0       0       0
Total ram usage:        1 bytes
 Hardware stack levels used:    1
 Hardware stack levels required when called:    1
 This function calls:
		_DimmerIntrIOCPointSelect
 This function is called by:
		_setDimmerReClock
 This function uses a non-reentrant model


 *************** function _DimmerIntrIOCPointSelect *****************
 Defined at:
		line 8 in file "../src/Dimmer_B1.c"
 Parameters:    Size  Location     Type
  lights          1    wreg     unsigned char 
 Auto vars:     Size  Location     Type
  lights          1    1[COMMON] unsigned char 
 Return value:  Size  Location     Type
		None               void
 Registers used:
		wreg
 Tracked objects:
		On entry : 
		On exit  : 
		Unchanged: 
 Data sizes:     COMMON   BANK0   BANK1   BANK2   BANK3   BANK4   BANK5   BANK6   BANK7   BANK8   BANK9  BANK10  BANK11  BANK12
      Params:         0       0       0       0       0       0       0       0       0       0       0       0       0       0
      Locals:         1       0       0       0       0       0       0       0       0       0       0       0       0       0
      Temps:          1       0       0       0       0       0       0       0       0       0       0       0       0       0
      Totals:         2       0       0       0       0       0       0       0       0       0       0       0       0       0
Total ram usage:        2 bytes
 Hardware stack levels used:    1
 This function calls:
		Nothing
 This function is called by:
		_setDimmerLights_IntrIOC_GO
 This function uses a non-reentrant model



MODULE INFORMATION

Module		Function		Class		Link	Load	Size
C:\Program Files (x86)\Microchip\xc8\v1.32\sources\common\float.c
		___ftpack      		CODE           	096B	0000	97

C:\Program Files (x86)\Microchip\xc8\v1.32\sources\common\float.c estimated size: 97

../src/OverLoad_B1.c
		_getLoad_AD    		CODE           	0BC7	0000	129
		_getLoad_OK    		CODE           	1C23	0000	8
		_Load_Initializ		CODE           	1C05	0000	5
		_Load_Main     		CODE           	02F8	0000	324
		_setLoad_AH_AL_		CODE           	1EE4	0000	28

../src/OverLoad_B1.c estimated size: 494

C:\Program Files (x86)\Microchip\xc8\v1.32\sources\common\awtoft.c
		___awtoft      		CODE           	1FDE	0000	34

C:\Program Files (x86)\Microchip\xc8\v1.32\sources\common\awtoft.c estimated size: 34

../src/MCU_B1.c
		_Fosc_Set      		CODE           	1BFC	0000	4
		_IO_Set        		CODE           	1E99	0000	24
		_WDT_Set       		CODE           	1C8E	0000	11
		_WDT_Main      		CODE           	1DE3	0000	18
		_ADC_Set       		CODE           	1C1C	0000	7
		_IOC_ISR       		CODE           	1D1D	0000	15
		_ISR           		CODE           	0004	0000	15
		_Flash_Memory_W		CODE           	11AA	0000	47
		_Flash_Memory_M		CODE           	0800	0000	78
		_IOC_Set       		CODE           	1CEA	0000	12
		_WDT_Clearing  		CODE           	0002	0000	2
		_setMemory_Modi		CODE           	1DF5	0000	19
		_Mcu_Initializa		CODE           	1DD1	0000	18
		_setMemory_Data		CODE           	1CD2	0000	12
		_Flash_Memory_I		CODE           	0611	0000	220
		_getAD         		CODE           	1F7D	0000	32
		_TMR1_Set      		CODE           	1CF6	0000	12
		_setMemory_Loop		CODE           	1E08	0000	19
		_Flash_Memory_U		CODE           	1C3C	0000	9
		_Flash_Memory_R		CODE           	1ECA	0000	26
		_Flash_Memory_E		CODE           	1CDE	0000	12
		_TMR1_ISR      		CODE           	10BA	0000	36
		_setDimmerReClo		CODE           	1BDC	0000	4
		_Flash_Memory_M		CODE           	130C	0000	54

../src/MCU_B1.c estimated size: 706

C:\Program Files (x86)\Microchip\xc8\v1.32\sources\common\ftmul.c
		___ftmul       		CODE           	0E91	0000	180

C:\Program Files (x86)\Microchip\xc8\v1.32\sources\common\ftmul.c estimated size: 180

../src/Buzzer_B1.c
		_Buzzer_Main   		CODE           	14F0	0000	74
		_setBuz        		CODE           	1639	0000	89
		_getBuz_GO     		CODE           	1D8C	0000	17
		_Buzzer_Initial		CODE           	1BCD	0000	3

../src/Buzzer_B1.c estimated size: 183

../src/LED_B1.c
		_setLED        		CODE           	12D6	0000	54
		_LED_Main      		CODE           	1BF8	0000	4
		_setLED_Initial		CODE           	1D7B	0000	17
		_LedPointSelect		CODE           	1C83	0000	11
		_setLED_Main   		CODE           	126E	0000	51
		_LED_Initializa		CODE           	1BF4	0000	4

../src/LED_B1.c estimated size: 141

../src/OverTemperature_B1.c
		_Temp_Initializ		CODE           	1BD6	0000	3
		_Temp_Main     		CODE           	1BD9	0000	3
		_setTemp_Initia		CODE           	1BCC	0000	1
		_getTemp_AD    		CODE           	1378	0000	55
		_setTemp_Main  		CODE           	0F45	0000	187

../src/OverTemperature_B1.c estimated size: 249

../src/CC2500_B1.c
		_DelayTime_1us 		CODE           	10DE	0000	38
		_CC2500_Frequen		CODE           	1CBA	0000	12
		_CC2500_SIDLEMo		CODE           	1BE8	0000	4
		_CC2500_PowerOn		CODE           	1E58	0000	21
		_CC2500_WriteBy		CODE           	1E1B	0000	20
		_CC2500_RxData 		CODE           	0B5D	0000	106
		_CC2500_TxData 		CODE           	09CC	0000	97
		_CC2500_ClearRX		CODE           	1BE0	0000	4
		_CC2500_ClearTX		CODE           	1BE4	0000	4
		_CC2500_InitPAT		CODE           	1F1E	0000	31
		_CC2500_WriteRE		CODE           	1FBD	0000	33
		_CC2500_ReadSta		CODE           	1075	0000	34
		_CC2500_PowerRS		CODE           	1464	0000	67
		_CC2500_ReadByt		CODE           	1E82	0000	23
		_CC2500_InitSet		CODE           	112B	0000	42
		_CC2500_WriteCo		CODE           	1EB1	0000	25

../src/CC2500_B1.c estimated size: 561

C:\Program Files (x86)\Microchip\xc8\v1.32\sources\common\fttol.c
		___fttol       		CODE           	0C48	0000	135

C:\Program Files (x86)\Microchip\xc8\v1.32\sources\common\fttol.c estimated size: 135

../src/RF_Control_B1.c
		_RF_Initializat		CODE           	1BD0	0000	3
		_getRxData     		CODE           	0D58	0000	144
		_setRF_Main    		CODE           	0532	0000	223
		_setRF_DimmerVa		CODE           	1209	0000	50
		_getRF_KeyStatu		CODE           	1D9D	0000	17
		_setRF_Initiali		CODE           	1C99	0000	11
		_setTxData     		CODE           	06ED	0000	191
		_setRFSW_Contro		CODE           	153A	0000	79
		_setRF_Learn   		CODE           	1E2F	0000	20
		_RF_Main       		CODE           	1BD3	0000	3
		_setRFSW_AdjCon		CODE           	1424	0000	64
		_setRF_DimmerLi		CODE           	16EB	0000	92
		_setControl_Lig		CODE           	08AB	0000	96
		_setLog_Code   		CODE           	1342	0000	54
		_RF_RxDisable  		CODE           	1D2C	0000	15

../src/RF_Control_B1.c estimated size: 1062

C:\Program Files (x86)\Microchip\xc8\v1.32\sources\common\awdiv.c
		___awdiv       		CODE           	07AC	0000	84

C:\Program Files (x86)\Microchip\xc8\v1.32\sources\common\awdiv.c estimated size: 84

../src/Main_B1.c
		_getMain_Lights		CODE           	117F	0000	43
		_my_MainTimer  		CODE           	090B	0000	96
		_main          		CODE           	15E1	0000	88
		_Timeout_Counte		CODE           	1E43	0000	21
		_myMain_Initial		CODE           	1066	0000	15
		_getMain_All_Er		CODE           	123B	0000	51
		_set_TimeoutCle		CODE           	1C00	0000	5
		_getMain_LoadOK		CODE           	1D0F	0000	14
		_getMain_Lights		CODE           	1D5B	0000	16
		_setMain_Except		CODE           	1747	0000	92

../src/Main_B1.c estimated size: 441

C:\Program Files (x86)\Microchip\xc8\v1.32\sources\common\ftadd.c
		___ftadd       		CODE           	043C	0000	246

C:\Program Files (x86)\Microchip\xc8\v1.32\sources\common\ftadd.c estimated size: 246

C:\Program Files (x86)\Microchip\xc8\v1.32\sources\common\Umul8.c
		___bmul        		CODE           	1DBF	0000	18

C:\Program Files (x86)\Microchip\xc8\v1.32\sources\common\Umul8.c estimated size: 18

shared
		_CC2500_patable		STRCODE        	105E	0000	8
		_CC2500_rfSetti		STRCODE        	102F	0000	47
		__initializatio		CODE           	0015	0000	42
		_CC2500_registe		STRCODE        	1000	0000	47

shared estimated size: 144

C:\Program Files (x86)\Microchip\xc8\v1.32\sources\common\ftneg.c
		___ftneg       		CODE           	1C33	0000	9

C:\Program Files (x86)\Microchip\xc8\v1.32\sources\common\ftneg.c estimated size: 9

../src/Switch_B1.c
		_Switch_Main   		CODE           	1F5D	0000	32
		_SwPointSelect 		CODE           	1CAF	0000	11
		_TouchPower    		CODE           	1E6D	0000	21
		_setSw_Main    		CODE           	0043	0000	367
		_getSw_KeyStatu		CODE           	1DAE	0000	17
		_setSw_Initiali		CODE           	1D6B	0000	16
		_Switch_Initial		CODE           	1C45	0000	9

../src/Switch_B1.c estimated size: 473

../src/Dimmer_B1.c
		_DimmerLightsPo		CODE           	1C78	0000	11
		_getDimmerLight		CODE           	1D3B	0000	16
		_setDimmerLight		CODE           	14A7	0000	73
		_DimmerIntrPoin		CODE           	1C4E	0000	10
		_DimmerLights_M		CODE           	11D9	0000	48
		_setDimmerLight		CODE           	13E7	0000	61
		_getAll_DimmerL		CODE           	1C58	0000	10
		_getDimmerLight		CODE           	1CA4	0000	11
		_setDimmerLight		CODE           	01B2	0000	326
		_DimmerIntrIOCP		CODE           	1C62	0000	11
		_setDimmerLight		CODE           	0AF7	0000	102
		_setDimmerLight		CODE           	0CCF	0000	137
		_setDimmerLight		CODE           	1CC6	0000	12
		_setDimmerLight		CODE           	1097	0000	35
		_getPercentValu		CODE           	0A92	0000	101
		_setDimmerLight		CODE           	1589	0000	88
		_setDimmerLight		CODE           	1F00	0000	30
		_setDimmerLight		CODE           	1F3D	0000	32
		_setPercentValu		CODE           	0A2D	0000	101
		_getDimmer_Load		CODE           	1C2B	0000	8
		_setDimmerLight		CODE           	1104	0000	39
		_setDimmerLight		CODE           	13AF	0000	56
		_Dimmer_Initial		CODE           	1BCB	0000	1
		_DimmerLights_I		CODE           	1D02	0000	13
		_setDimmerLight		CODE           	1692	0000	89
		_setDimmerLight		CODE           	12A1	0000	53

../src/Dimmer_B1.c estimated size: 1474

../src/DelayOff_B1.c
		_DelayOff_Initi		CODE           	1BEC	0000	4
		_DlyOff_Main   		CODE           	084E	0000	93
		_DelayTimejudge		CODE           	1155	0000	42
		_DelayOff_Main 		CODE           	1BF0	0000	4
		_DelayOffPointS		CODE           	1C6D	0000	11
		_getDelayOff_GO		CODE           	1D4B	0000	16
		_setDelayOff_GO		CODE           	17A3	0000	93
		_DlyOff_Initial		CODE           	1C0A	0000	6

../src/DelayOff_B1.c estimated size: 269

C:\Program Files (x86)\Microchip\xc8\v1.32\sources\pic\ftdiv.c
		___ftdiv       		CODE           	0DE8	0000	169

C:\Program Files (x86)\Microchip\xc8\v1.32\sources\pic\ftdiv.c estimated size: 169

