Microchip MPLAB XC8 Compiler V1.32 ()

Linker command line:

--edf=C:\Program Files (x86)\Microchip\xc8\v1.32\dat\en_msgs.txt -cs \
  -h+dist/default/production\1-7.Switch_1Key_Dimmer_MOSFET.X.production.sym \
  --cmf=dist/default/production\1-7.Switch_1Key_Dimmer_MOSFET.X.production.cmf \
  -z -Q16F1518 -oC:\Users\taianluo\AppData\Local\Temp\s3hg.6 \
  -Mdist/default/production/1-7.Switch_1Key_Dimmer_MOSFET.X.production.map \
  -E1 -ver=XC8 -ASTACK=02160h-0231fh -pstack=STACK -ACONST=00h-0FFhx64 \
  -ACODE=00h-07FFhx8 -ASTRCODE=00h-03FFFh -AENTRY=00h-0FFhx64 \
  -ASTRING=00h-0FFhx64 -ACOMMON=070h-07Fh -ABANK0=020h-06Fh \
  -ABANK1=0A0h-0EFh -ABANK2=0120h-016Fh -ABANK3=01A0h-01EFh \
  -ABANK4=0220h-026Fh -ABANK5=02A0h-02EFh -ABANK6=0320h-036Fh \
  -ABANK7=03A0h-03EFh -ABANK8=0420h-046Fh -ABANK9=04A0h-04EFh \
  -ABANK10=0520h-056Fh -ABANK11=05A0h-05EFh -ABANK12=0620h-064Fh \
  -ABIGRAM=02000h-023EFh \
  -ARAM=020h-06Fh,0A0h-0EFh,0120h-016Fh,01A0h-01EFh,0220h-026Fh,02A0h-02EFh,0320h-036Fh,03A0h-03EFh,0420h-046Fh,04A0h-04EFh,0520h-056Fh,05A0h-05EFh,0620h-064Fh \
  -AABS1=020h-07Fh,0A0h-0EFh,0120h-016Fh,01A0h-01EFh,0220h-026Fh,02A0h-02EFh,0320h-036Fh,03A0h-03EFh,0420h-046Fh,04A0h-04EFh,0520h-056Fh,05A0h-05EFh,0620h-064Fh \
  -ASFR0=00h-01Fh -ASFR1=080h-09Fh -ASFR2=0100h-011Fh -ASFR3=0180h-019Fh \
  -ASFR4=0200h-021Fh -ASFR5=0280h-029Fh -ASFR6=0300h-031Fh \
  -ASFR7=0380h-039Fh -ASFR8=0400h-041Fh -ASFR9=0480h-049Fh \
  -ASFR10=0500h-051Fh -ASFR11=0580h-059Fh -ASFR12=0600h-061Fh \
  -ASFR13=0680h-06EFh -ASFR14=0700h-076Fh -ASFR15=0780h-07EFh \
  -ASFR16=0800h-086Fh -ASFR17=0880h-08EFh -ASFR18=0900h-096Fh \
  -ASFR19=0980h-09EFh -ASFR20=0A00h-0A6Fh -ASFR21=0A80h-0AEFh \
  -ASFR22=0B00h-0B6Fh -ASFR23=0B80h-0BEFh -ASFR24=0C00h-0C6Fh \
  -ASFR25=0C80h-0CEFh -ASFR26=0D00h-0D6Fh -ASFR27=0D80h-0DEFh \
  -ASFR28=0E00h-0E6Fh -ASFR29=0E80h-0EEFh -ASFR30=0F00h-0F6Fh \
  -ASFR31=0F80h-0FEFh -preset_vec=00h,intentry=04h,init,end_init \
  -ppowerup=CODE -pcinit=CODE -pfunctab=CODE -ACONFIG=08007h-08008h \
  -pconfig=CONFIG -DCONFIG=2 -AIDLOC=08000h-08003h -pidloc=IDLOC -DIDLOC=2 \
  -DCODE=2 -DSTRCODE=2 -DSTRING=2 -DCONST=2 -DENTRY=2 -k \
  C:\Users\taianluo\AppData\Local\Temp\s3hg.obj \
  dist/default/production\1-7.Switch_1Key_Dimmer_MOSFET.X.production.obj 

Object code version is 3.11

Machine type is 16F1518



                Name                               Link     Load   Length Selector   Space Scale
C:\Users\taianluo\AppData\Local\Temp\s3hg.obj
                end_init                             13       13        2        8       0
                reset_vec                             0        0        2        0       0
                config                             8007     8007        2    1000E       0
dist/default/production\1-7.Switch_1Key_Dimmer_MOSFET.X.production.obj
                cinit                                15       15       2E        8       0
                intentry                              4        4        F        8       0
                text135                            1C2D     1C2D        B     385A       0
                text134                            137B     137B       38     26F6       0
                text133                            1BA7     1BA7        4     374E       0
                text132                            1CDD     1CDD        F     39BA       0
                text131                            1C19     1C19        A     3832       0
                text130                             32F      32F      146        8       0
                text129                            107A     107A       24     20F4       0
                text127                            1B98     1B98        3     3730       0
                text126                            14BC     14BC       4A     2978       0
                text125                            1DEA     1DEA       14     3BD4       0
                text124                            1DFE     1DFE       15     3BFC       0
                text123                            1BCB     1BCB        5     3796       0
                text122                            1E6C     1E6C       19     3CD8       0
                text121                            1BAB     1BAB        4     3756       0
                text120                            1BAF     1BAF        4     375E       0
                text119                            109E     109E       26     213C       0
                text118                            1C7A     1C7A        C     38F4       0
                text117                            1F78     1F78       21     3EF0       0
                text116                            1ED9     1ED9       1F     3DB2       0
                text115                            10EB     10EB       2A     21D6       0
                text114                            1430     1430       43     2860       0
                text113                            1BB3     1BB3        4     3766       0
                text112                            1E13     1E13       15     3C26       0
                text111                            1C38     1C38        B     3870       0
                text110                            1BD5     1BD5        6     37AA       0
                text109                            1BB7     1BB7        4     376E       0
                text108                            15EE     15EE       54     2BDC       0
                text107                            16F2     16F2       59     2DE4       0
                text106                            1C43     1C43        B     3886       0
                text105                            1D0A     1D0A       10     3A14       0
                text104                            1D1A     1D1A       10     3A34       0
                text103                            1D8E     1D8E       12     3B1C       0
                text102                            1115     1115       2A     222A       0
                text101                             867      867       5D     10CE       0
                text100                            1EBB     1EBB       1E     3D76       0
                text99                             1EF8     1EF8       20     3DF0       0
                text98                             1473     1473       49     28E6       0
                text97                             1642     1642       58     2C84       0
                text96                              8C4      8C4       5D     1188       0
                text95                             1BBB     1BBB        4     3776       0
                text94                             1B97     1B97        1     372E       0
                text93                             10C4     10C4       27     2188       0
                text92                             1CC2     1CC2        D     3984       0
                text91                             1BEE     1BEE        8     37DC       0
                text90                              7D4      7D4       2B        8       0
                text89                             11D0     11D0       33     23A0       0
                text88                             1C86     1C86        C     390C       0
                text87                             1C4E     1C4E        B     389C       0
                text86                             126B     126B       36     24D6       0
                text85                              981      981       61     1302       0
                text84                             1F99     1F99       22     3F32       0
                text83                              475      475       F6        8       0
                text82                              EA3      EA3       A9     1D46       0
                text81                             1BFE     1BFE        9     37FC       0
                text80                              C5E      C5E       87     18BC       0
                text79                              A43      A43       65     1486       0
                text78                             17A4     17A4       5C     2F48       0
                text77                              715      715       BF        8       0
                text76                              CE5      CE5       89     19CA       0
                text75                              B0D      B0D       66     161A       0
                text74                             174B     174B       59     2E96       0
                text73                             116E     116E       30     22DC       0
                text72                             1E85     1E85       1A     3D0A       0
                text71                             1C07     1C07        9     380E       0
                text70                             113F     113F       2F     227E       0
                text69                             1C92     1C92        C     3924       0
                text68                              56B      56B       DC        8       0
                text67                             1C9E     1C9E        C     393C       0
                text66                             1551     1551       4E     2AA2       0
                text65                             12A1     12A1       36     2542       0
                text64                             1D4A     1D4A       11     3A94       0
                text63                             1BBF     1BBF        4     377E       0
                text62                             1203     1203       33     2406       0
                text61                             1BC3     1BC3        4     3786       0
                text60                             1E9F     1E9F       1C     3D3E       0
                text59                             1BD0     1BD0        5     37A0       0
                text58                             130D     130D       37     261A       0
                text57                             1C23     1C23        A     3846       0
                text56                             1D2A     1D2A       10     3A54       0
                text55                             1BF6     1BF6        8     37EC       0
                text54                             1CCF     1CCF        E     399E       0
                text53                               43       43      17D        8       0
                text52                             1BE7     1BE7        7     37CE       0
                text51                             1BC7     1BC7        4     378E       0
                text50                             1CAA     1CAA        C     3954       0
                text49                             1E54     1E54       18     3CA8       0
                text48                             1CB6     1CB6        C     396C       0
                text47                             1C59     1C59        B     38B2       0
                text46                             1DA0     1DA0       12     3B40       0
                text45                             1C64     1C64        B     38C8       0
                text44                             1B9B     1B9B        3     3736       0
                text43                             1E3D     1E3D       17     3C7A       0
                text42                             1FBB     1FBB       22     3F76       0
                text41                              B73      B73       6A     16E6       0
                text40                              9E2      9E2       61     13C4       0
                text39                             1CEC     1CEC        F     39D8       0
                text38                             1D5B     1D5B       11     3AB6       0
                text37                             1D6C     1D6C       11     3AD8       0
                text36                             1DC4     1DC4       13     3B88       0
                text35                              F4C      F4C       B4     1E98       0
                text34                              AA8      AA8       65     1550       0
                text33                             1FDD     1FDD       23     3FBA       0
                text32                             119E     119E       32     233C       0
                text31                             13F0     13F0       40     27E0       0
                text30                             13B3     13B3       3D     2766       0
                text29                             159F     159F       4F     2B3E       0
                text28                              921      921       60     1242       0
                text27                             1DD7     1DD7       13     3BAE       0
                text26                             12D7     12D7       36     25AE       0
                text25                              D6E      D6E       90     1ADC       0
                text24                              647      647       CE        8       0
                text23                             1B9E     1B9E        3     373C       0
                text22                             1E28     1E28       15     3C50       0
                text21                             1D3A     1D3A       10     3A74       0
                text20                             1C10     1C10        9     3820       0
                text19                             1C6F     1C6F        B     38DE       0
                text18                              80B      80B       5C     1016       0
                text17                              800      800        B     1000       0
                text16                             1D7D     1D7D       11     3AFA       0
                text15                             1236     1236       35     246C       0
                text14                             1066     1066       14     20CC       0
                text13                              1C0      1C0      16F        8       0
                text12                             1F18     1F18       20     3E30       0
                text11                              7FF      7FF        1        8       0
                text10                             1BA1     1BA1        3     3742       0
                text9                               DFE      DFE       A5     1BFC       0
                text8                              1BA4     1BA4        3     3748       0
                text7                                 2        2        2        0       0
                text6                              1DB2     1DB2       12     3B64       0
                text5                              1F38     1F38       20     3E70       0
                text4                               BDD      BDD       81     17BA       0
                text3                              1344     1344       37     2688       0
                text2                              1CFB     1CFB        F     39F6       0
                text1                              1506     1506       4B     2A0C       0
                maintext                           169A     169A       58     2D34       0
                cstackBANK0                          20       20       4E       20       1
                cstackCOMMON                         70       70        8       70       1
                cstackBANK1                          E8       E8        7       A0       1
                inittext                           1BDB     1BDB        6     37B6       0
                clrtext                            1BE1     1BE1        6     37C2       0
                dataBANK4                           220      220       20      220       1
                bssBANK3                            1A0      1A0       4C      1A0       1
                bssBANK2                            120      120       4B      120       1
                bssBANK1                             A0       A0       48       A0       1
                bssBANK0                             6F       6F        1       20       1
                bssCOMMON                            78       78        5       70       1
                bitbssCOMMON                        3E8       7D        2       70       1     8
                nvBANK0                              6E       6E        1       20       1
                stringtext                         1000     1000       66       20       0
                idataBANK4                         1F58     1F58       20     3EB0       0

TOTAL           Name                               Link     Load   Length     Space
        CLASS   STACK          

        CLASS   CONST          

        CLASS   CODE           
                end_init                             13       13        2         0
                cinit                                15       15       2E         0
                intentry                              4        4        F         0
                reset_vec                             0        0        2         0
                text135                            1C2D     1C2D        B         0
                text134                            137B     137B       38         0
                text133                            1BA7     1BA7        4         0
                text132                            1CDD     1CDD        F         0
                text131                            1C19     1C19        A         0
                text130                             32F      32F      146         0
                text129                            107A     107A       24         0
                text127                            1B98     1B98        3         0
                text126                            14BC     14BC       4A         0
                text125                            1DEA     1DEA       14         0
                text124                            1DFE     1DFE       15         0
                text123                            1BCB     1BCB        5         0
                text122                            1E6C     1E6C       19         0
                text121                            1BAB     1BAB        4         0
                text120                            1BAF     1BAF        4         0
                text119                            109E     109E       26         0
                text118                            1C7A     1C7A        C         0
                text117                            1F78     1F78       21         0
                text116                            1ED9     1ED9       1F         0
                text115                            10EB     10EB       2A         0
                text114                            1430     1430       43         0
                text113                            1BB3     1BB3        4         0
                text112                            1E13     1E13       15         0
                text111                            1C38     1C38        B         0
                text110                            1BD5     1BD5        6         0
                text109                            1BB7     1BB7        4         0
                text108                            15EE     15EE       54         0
                text107                            16F2     16F2       59         0
                text106                            1C43     1C43        B         0
                text105                            1D0A     1D0A       10         0
                text104                            1D1A     1D1A       10         0
                text103                            1D8E     1D8E       12         0
                text102                            1115     1115       2A         0
                text101                             867      867       5D         0
                text100                            1EBB     1EBB       1E         0
                text99                             1EF8     1EF8       20         0
                text98                             1473     1473       49         0
                text97                             1642     1642       58         0
                text96                              8C4      8C4       5D         0
                text95                             1BBB     1BBB        4         0
                text94                             1B97     1B97        1         0
                text93                             10C4     10C4       27         0
                text92                             1CC2     1CC2        D         0
                text91                             1BEE     1BEE        8         0
                text90                              7D4      7D4       2B         0
                text89                             11D0     11D0       33         0
                text88                             1C86     1C86        C         0
                text87                             1C4E     1C4E        B         0
                text86                             126B     126B       36         0
                text85                              981      981       61         0
                text84                             1F99     1F99       22         0
                text83                              475      475       F6         0
                text82                              EA3      EA3       A9         0
                text81                             1BFE     1BFE        9         0
                text80                              C5E      C5E       87         0
                text79                              A43      A43       65         0
                text78                             17A4     17A4       5C         0
                text77                              715      715       BF         0
                text76                              CE5      CE5       89         0
                text75                              B0D      B0D       66         0
                text74                             174B     174B       59         0
                text73                             116E     116E       30         0
                text72                             1E85     1E85       1A         0
                text71                             1C07     1C07        9         0
                text70                             113F     113F       2F         0
                text69                             1C92     1C92        C         0
                text68                              56B      56B       DC         0
                text67                             1C9E     1C9E        C         0
                text66                             1551     1551       4E         0
                text65                             12A1     12A1       36         0
                text64                             1D4A     1D4A       11         0
                text63                             1BBF     1BBF        4         0
                text62                             1203     1203       33         0
                text61                             1BC3     1BC3        4         0
                text60                             1E9F     1E9F       1C         0
                text59                             1BD0     1BD0        5         0
                text58                             130D     130D       37         0
                text57                             1C23     1C23        A         0
                text56                             1D2A     1D2A       10         0
                text55                             1BF6     1BF6        8         0
                text54                             1CCF     1CCF        E         0
                text53                               43       43      17D         0
                text52                             1BE7     1BE7        7         0
                text51                             1BC7     1BC7        4         0
                text50                             1CAA     1CAA        C         0
                text49                             1E54     1E54       18         0
                text48                             1CB6     1CB6        C         0
                text47                             1C59     1C59        B         0
                text46                             1DA0     1DA0       12         0
                text45                             1C64     1C64        B         0
                text44                             1B9B     1B9B        3         0
                text43                             1E3D     1E3D       17         0
                text42                             1FBB     1FBB       22         0
                text41                              B73      B73       6A         0
                text40                              9E2      9E2       61         0
                text39                             1CEC     1CEC        F         0
                text38                             1D5B     1D5B       11         0
                text37                             1D6C     1D6C       11         0
                text36                             1DC4     1DC4       13         0
                text35                              F4C      F4C       B4         0
                text34                              AA8      AA8       65         0
                text33                             1FDD     1FDD       23         0
                text32                             119E     119E       32         0
                text31                             13F0     13F0       40         0
                text30                             13B3     13B3       3D         0
                text29                             159F     159F       4F         0
                text28                              921      921       60         0
                text27                             1DD7     1DD7       13         0
                text26                             12D7     12D7       36         0
                text25                              D6E      D6E       90         0
                text24                              647      647       CE         0
                text23                             1B9E     1B9E        3         0
                text22                             1E28     1E28       15         0
                text21                             1D3A     1D3A       10         0
                text20                             1C10     1C10        9         0
                text19                             1C6F     1C6F        B         0
                text18                              80B      80B       5C         0
                text17                              800      800        B         0
                text16                             1D7D     1D7D       11         0
                text15                             1236     1236       35         0
                text14                             1066     1066       14         0
                text13                              1C0      1C0      16F         0
                text12                             1F18     1F18       20         0
                text11                              7FF      7FF        1         0
                text10                             1BA1     1BA1        3         0
                text9                               DFE      DFE       A5         0
                text8                              1BA4     1BA4        3         0
                text7                                 2        2        2         0
                text6                              1DB2     1DB2       12         0
                text5                              1F38     1F38       20         0
                text4                               BDD      BDD       81         0
                text3                              1344     1344       37         0
                text2                              1CFB     1CFB        F         0
                text1                              1506     1506       4B         0
                maintext                           169A     169A       58         0
                inittext                           1BDB     1BDB        6         0
                clrtext                            1BE1     1BE1        6         0
                idataBANK4                         1F58     1F58       20         0

        CLASS   STRCODE        
                stringtext                         1000     1000       66         0

        CLASS   ENTRY          

        CLASS   STRING         

        CLASS   COMMON         
                cstackCOMMON                         70       70        8         1
                bssCOMMON                            78       78        5         1
                bitbssCOMMON                        3E8       7D        2         1

        CLASS   BANK0          
                cstackBANK0                          20       20       4E         1
                bssBANK0                             6F       6F        1         1
                nvBANK0                              6E       6E        1         1

        CLASS   BANK1          
                cstackBANK1                          E8       E8        7         1
                bssBANK1                             A0       A0       48         1

        CLASS   BANK2          
                bssBANK2                            120      120       4B         1

        CLASS   BANK3          
                bssBANK3                            1A0      1A0       4C         1

        CLASS   BANK4          
                dataBANK4                           220      220       20         1

        CLASS   BANK5          

        CLASS   BANK6          

        CLASS   BANK7          

        CLASS   BANK8          

        CLASS   BANK9          

        CLASS   BANK10         

        CLASS   BANK11         

        CLASS   BANK12         

        CLASS   BIGRAM         

        CLASS   RAM            

        CLASS   ABS1           
                abs_s1                               7E       7E        2         1

        CLASS   SFR0           

        CLASS   SFR1           

        CLASS   SFR2           

        CLASS   SFR3           

        CLASS   SFR4           

        CLASS   SFR5           

        CLASS   SFR6           

        CLASS   SFR7           

        CLASS   SFR8           

        CLASS   SFR9           

        CLASS   SFR10          

        CLASS   SFR11          

        CLASS   SFR12          

        CLASS   SFR13          

        CLASS   SFR14          

        CLASS   SFR15          

        CLASS   SFR16          

        CLASS   SFR17          

        CLASS   SFR18          

        CLASS   SFR19          

        CLASS   SFR20          

        CLASS   SFR21          

        CLASS   SFR22          

        CLASS   SFR23          

        CLASS   SFR24          

        CLASS   SFR25          

        CLASS   SFR26          

        CLASS   SFR27          

        CLASS   SFR28          

        CLASS   SFR29          

        CLASS   SFR30          

        CLASS   SFR31          

        CLASS   CONFIG         
                config                             8007     8007        2         0

        CLASS   IDLOC          

        CLASS   BANK31         

        CLASS   BANK30         

        CLASS   BANK29         

        CLASS   BANK28         

        CLASS   BANK27         

        CLASS   BANK26         

        CLASS   BANK25         

        CLASS   BANK24         

        CLASS   BANK23         

        CLASS   BANK22         

        CLASS   BANK21         

        CLASS   BANK20         

        CLASS   BANK19         

        CLASS   BANK18         

        CLASS   BANK17         

        CLASS   BANK16         

        CLASS   BANK15         

        CLASS   BANK14         

        CLASS   BANK13         

        CLASS   EEDATA         



SEGMENTS        Name                           Load    Length   Top    Selector   Space  Class     Delta

                reset_vec                      000000  000004  000004         0       0  CODE        2
                intentry                       000004  0007FC  000800         8       0  CODE        2
                cstackBANK0                    000020  000050  000070        20       1  BANK0       1
                cstackCOMMON                   000070  00000E  00007E        70       1  COMMON      1
                bssBANK1                       0000A0  00004F  0000EF        A0       1  BANK1       1
                bssBANK2                       000120  00004B  00016B       120       1  BANK2       1
                bssBANK3                       0001A0  00004C  0001EC       1A0       1  BANK3       1
                dataBANK4                      000220  000020  000240       220       1  BANK4       1
                text17                         000800  00000B  00080B      1000       0  CODE        2
                text18                         00080B  00005C  000867      1016       0  CODE        2
                text101                        000867  00005D  0008C4      10CE       0  CODE        2
                text96                         0008C4  00005D  000921      1188       0  CODE        2
                text28                         000921  000060  000981      1242       0  CODE        2
                text85                         000981  000061  0009E2      1302       0  CODE        2
                text40                         0009E2  000061  000A43      13C4       0  CODE        2
                text79                         000A43  000065  000AA8      1486       0  CODE        2
                text34                         000AA8  000065  000B0D      1550       0  CODE        2
                text75                         000B0D  000066  000B73      161A       0  CODE        2
                text41                         000B73  00006A  000BDD      16E6       0  CODE        2
                text4                          000BDD  000081  000C5E      17BA       0  CODE        2
                text80                         000C5E  000087  000CE5      18BC       0  CODE        2
                text76                         000CE5  000089  000D6E      19CA       0  CODE        2
                text25                         000D6E  000090  000DFE      1ADC       0  CODE        2
                text9                          000DFE  0000A5  000EA3      1BFC       0  CODE        2
                text82                         000EA3  0000A9  000F4C      1D46       0  CODE        2
                text35                         000F4C  0000B4  001000      1E98       0  CODE        2
                stringtext                     001000  000066  001066        20       0  STRCODE     2
                text14                         001066  000014  00107A      20CC       0  CODE        2
                text129                        00107A  000024  00109E      20F4       0  CODE        2
                text119                        00109E  000026  0010C4      213C       0  CODE        2
                text93                         0010C4  000027  0010EB      2188       0  CODE        2
                text115                        0010EB  00002A  001115      21D6       0  CODE        2
                text102                        001115  00002A  00113F      222A       0  CODE        2
                text70                         00113F  00002F  00116E      227E       0  CODE        2
                text73                         00116E  000030  00119E      22DC       0  CODE        2
                text32                         00119E  000032  0011D0      233C       0  CODE        2
                text89                         0011D0  000033  001203      23A0       0  CODE        2
                text62                         001203  000033  001236      2406       0  CODE        2
                text15                         001236  000035  00126B      246C       0  CODE        2
                text86                         00126B  000036  0012A1      24D6       0  CODE        2
                text65                         0012A1  000036  0012D7      2542       0  CODE        2
                text26                         0012D7  000036  00130D      25AE       0  CODE        2
                text58                         00130D  000037  001344      261A       0  CODE        2
                text3                          001344  000037  00137B      2688       0  CODE        2
                text134                        00137B  000038  0013B3      26F6       0  CODE        2
                text30                         0013B3  00003D  0013F0      2766       0  CODE        2
                text31                         0013F0  000040  001430      27E0       0  CODE        2
                text114                        001430  000043  001473      2860       0  CODE        2
                text98                         001473  000049  0014BC      28E6       0  CODE        2
                text126                        0014BC  00004A  001506      2978       0  CODE        2
                text1                          001506  00004B  001551      2A0C       0  CODE        2
                text66                         001551  00004E  00159F      2AA2       0  CODE        2
                text29                         00159F  00004F  0015EE      2B3E       0  CODE        2
                text108                        0015EE  000054  001642      2BDC       0  CODE        2
                text97                         001642  000058  00169A      2C84       0  CODE        2
                maintext                       00169A  000058  0016F2      2D34       0  CODE        2
                text107                        0016F2  000059  00174B      2DE4       0  CODE        2
                text74                         00174B  000059  0017A4      2E96       0  CODE        2
                text78                         0017A4  00005C  001800      2F48       0  CODE        2
                text94                         001B97  000001  001B98      372E       0  CODE        2
                text127                        001B98  000003  001B9B      3730       0  CODE        2
                text44                         001B9B  000003  001B9E      3736       0  CODE        2
                text23                         001B9E  000003  001BA1      373C       0  CODE        2
                text10                         001BA1  000003  001BA4      3742       0  CODE        2
                text8                          001BA4  000003  001BA7      3748       0  CODE        2
                text133                        001BA7  000004  001BAB      374E       0  CODE        2
                text121                        001BAB  000004  001BAF      3756       0  CODE        2
                text120                        001BAF  000004  001BB3      375E       0  CODE        2
                text113                        001BB3  000004  001BB7      3766       0  CODE        2
                text109                        001BB7  000004  001BBB      376E       0  CODE        2
                text95                         001BBB  000004  001BBF      3776       0  CODE        2
                text63                         001BBF  000004  001BC3      377E       0  CODE        2
                text61                         001BC3  000004  001BC7      3786       0  CODE        2
                text51                         001BC7  000004  001BCB      378E       0  CODE        2
                text123                        001BCB  000005  001BD0      3796       0  CODE        2
                text59                         001BD0  000005  001BD5      37A0       0  CODE        2
                text110                        001BD5  000006  001BDB      37AA       0  CODE        2
                inittext                       001BDB  000006  001BE1      37B6       0  CODE        2
                clrtext                        001BE1  000006  001BE7      37C2       0  CODE        2
                text52                         001BE7  000007  001BEE      37CE       0  CODE        2
                text91                         001BEE  000008  001BF6      37DC       0  CODE        2
                text55                         001BF6  000008  001BFE      37EC       0  CODE        2
                text81                         001BFE  000009  001C07      37FC       0  CODE        2
                text71                         001C07  000009  001C10      380E       0  CODE        2
                text20                         001C10  000009  001C19      3820       0  CODE        2
                text131                        001C19  00000A  001C23      3832       0  CODE        2
                text57                         001C23  00000A  001C2D      3846       0  CODE        2
                text135                        001C2D  00000B  001C38      385A       0  CODE        2
                text111                        001C38  00000B  001C43      3870       0  CODE        2
                text106                        001C43  00000B  001C4E      3886       0  CODE        2
                text87                         001C4E  00000B  001C59      389C       0  CODE        2
                text47                         001C59  00000B  001C64      38B2       0  CODE        2
                text45                         001C64  00000B  001C6F      38C8       0  CODE        2
                text19                         001C6F  00000B  001C7A      38DE       0  CODE        2
                text118                        001C7A  00000C  001C86      38F4       0  CODE        2
                text88                         001C86  00000C  001C92      390C       0  CODE        2
                text69                         001C92  00000C  001C9E      3924       0  CODE        2
                text67                         001C9E  00000C  001CAA      393C       0  CODE        2
                text50                         001CAA  00000C  001CB6      3954       0  CODE        2
                text48                         001CB6  00000C  001CC2      396C       0  CODE        2
                text92                         001CC2  00000D  001CCF      3984       0  CODE        2
                text54                         001CCF  00000E  001CDD      399E       0  CODE        2
                text132                        001CDD  00000F  001CEC      39BA       0  CODE        2
                text39                         001CEC  00000F  001CFB      39D8       0  CODE        2
                text2                          001CFB  00000F  001D0A      39F6       0  CODE        2
                text105                        001D0A  000010  001D1A      3A14       0  CODE        2
                text104                        001D1A  000010  001D2A      3A34       0  CODE        2
                text56                         001D2A  000010  001D3A      3A54       0  CODE        2
                text21                         001D3A  000010  001D4A      3A74       0  CODE        2
                text64                         001D4A  000011  001D5B      3A94       0  CODE        2
                text38                         001D5B  000011  001D6C      3AB6       0  CODE        2
                text37                         001D6C  000011  001D7D      3AD8       0  CODE        2
                text16                         001D7D  000011  001D8E      3AFA       0  CODE        2
                text103                        001D8E  000012  001DA0      3B1C       0  CODE        2
                text46                         001DA0  000012  001DB2      3B40       0  CODE        2
                text6                          001DB2  000012  001DC4      3B64       0  CODE        2
                text36                         001DC4  000013  001DD7      3B88       0  CODE        2
                text27                         001DD7  000013  001DEA      3BAE       0  CODE        2
                text125                        001DEA  000014  001DFE      3BD4       0  CODE        2
                text124                        001DFE  000015  001E13      3BFC       0  CODE        2
                text112                        001E13  000015  001E28      3C26       0  CODE        2
                text22                         001E28  000015  001E3D      3C50       0  CODE        2
                text43                         001E3D  000017  001E54      3C7A       0  CODE        2
                text49                         001E54  000018  001E6C      3CA8       0  CODE        2
                text122                        001E6C  000019  001E85      3CD8       0  CODE        2
                text72                         001E85  00001A  001E9F      3D0A       0  CODE        2
                text60                         001E9F  00001C  001EBB      3D3E       0  CODE        2
                text100                        001EBB  00001E  001ED9      3D76       0  CODE        2
                text116                        001ED9  00001F  001EF8      3DB2       0  CODE        2
                text99                         001EF8  000020  001F18      3DF0       0  CODE        2
                text12                         001F18  000020  001F38      3E30       0  CODE        2
                text5                          001F38  000020  001F58      3E70       0  CODE        2
                idataBANK4                     001F58  000020  001F78      3EB0       0  CODE        2
                text117                        001F78  000021  001F99      3EF0       0  CODE        2
                text84                         001F99  000022  001FBB      3F32       0  CODE        2
                text42                         001FBB  000022  001FDD      3F76       0  CODE        2
                text33                         001FDD  000023  002000      3FBA       0  CODE        2
                config                         008007  000002  008009     1000E       0  CONFIG      2


UNUSED ADDRESS RANGES

        Name                Unused          Largest block    Delta
        BANK1            000EF-000EF               1           1
        BANK10           00520-0056F              50           1
        BANK11           005A0-005EF              50           1
        BANK12           00620-0064F              30           1
        BANK2            0016B-0016F               5           1
        BANK3            001EC-001EF               4           1
        BANK4            00240-0026F              30           1
        BANK5            002A0-002EF              50           1
        BANK6            00320-0036F              50           1
        BANK7            003A0-003EF              50           1
        BANK8            00420-0046F              50           1
        BANK9            004A0-004EF              50           1
        BIGRAM           02000-023EF             3F0           1
        CODE             01800-01B96             397           2
                         02000-03FFF             800
        CONST            01800-01B96             100           2
                         02000-03FFF             100
        ENTRY            01800-01B96             100           2
                         02000-03FFF             100
        IDLOC            08000-08003               4           2
        RAM              000EF-000EF               1           1
                         0016B-0016F               5
                         001EC-001EF               4
                         00240-0026F              30
                         002A0-002EF              50
                         00320-0036F              50
                         003A0-003EF              50
                         00420-0046F              50
                         004A0-004EF              50
                         00520-0056F              50
                         005A0-005EF              50
                         00620-0064F              30
        SFR0             00000-0001F              20           1
        SFR1             00080-0009F              20           1
        SFR10            00500-0051F              20           1
        SFR11            00580-0059F              20           1
        SFR12            00600-0061F              20           1
        SFR13            00680-006EF              70           1
        SFR14            00700-0076F              70           1
        SFR15            00780-007EF              70           1
        SFR16            00800-0086F              70           1
        SFR17            00880-008EF              70           1
        SFR18            00900-0096F              70           1
        SFR19            00980-009EF              70           1
        SFR2             00100-0011F              20           1
        SFR20            00A00-00A6F              70           1
        SFR21            00A80-00AEF              70           1
        SFR22            00B00-00B6F              70           1
        SFR23            00B80-00BEF              70           1
        SFR24            00C00-00C6F              70           1
        SFR25            00C80-00CEF              70           1
        SFR26            00D00-00D6F              70           1
        SFR27            00D80-00DEF              70           1
        SFR28            00E00-00E6F              70           1
        SFR29            00E80-00EEF              70           1
        SFR3             00180-0019F              20           1
        SFR30            00F00-00F6F              70           1
        SFR31            00F80-00FEF              70           1
        SFR4             00200-0021F              20           1
        SFR5             00280-0029F              20           1
        SFR6             00300-0031F              20           1
        SFR7             00380-0039F              20           1
        SFR8             00400-0041F              20           1
        SFR9             00480-0049F              20           1
        STACK            02160-0231F             1C0           1
        STRCODE          01800-01B96             397           2
                         02000-03FFF            2000
        STRING           01800-01B96             100           2
                         02000-03FFF             100

                                  Symbol Table

?___awdiv                                cstackBANK0  00020
?___awtoft                               cstackBANK0  00028
?___ftadd                                cstackBANK0  00041
?___ftdiv                                cstackBANK0  0002E
?___ftmul                                cstackBANK0  0002E
?___ftneg                                cstackBANK0  0003E
?___ftpack                               cstackBANK0  00020
?___fttol                                cstackBANK0  0004E
?___lwdiv                                cstackBANK0  00020
?_getAD                                  cstackBANK0  00020
?_getBuz_GO                              cstackBANK0  00020
CC2500_InitPATable@loop_d                cstackBANK0  00027
CC2500_InitPATable@temp                  cstackBANK0  00026
CC2500_InitSetREG@loop_c                 cstackBANK0  00028
CC2500_InitSetREG@temp1                  cstackBANK0  00026
CC2500_InitSetREG@temp2                  cstackBANK0  00027
CC2500_ReadByte@loop_b                   cstackBANK0  00021
CC2500_ReadStatus@status_addr            cstackBANK0  00023
CC2500_RxData@loop_f                     cstackBANK0  00025
CC2500_TxData@loop_e                     cstackBANK0  00025
CC2500_WriteByte@loop_a                  cstackBANK0  00021
CC2500_WriteCommand@command              cstackBANK0  00023
CC2500_WriteREG@value                    cstackBANK0  00022
CC2500_WriteREG@w_addr                   cstackBANK0  00024
DelayOffPointSelect@sw                   cstackBANK0  00021
DelayTime_1us@count                      cstackBANK0  00020
DelayTime_1us@i                          cstackBANK0  00022
DelayTime_1us@j                          cstackBANK0  00024
DelayTimejudge@i                         cstackBANK0  00026
DelayTimejudge@j                         cstackBANK0  00027
DelayTimejudge@k                         cstackBANK0  00028
DelayTimejudge@value                     cstackBANK0  00029
DimmerIntrIOCPointSelect@lights          cstackCOMMON 00071
DimmerIntrPointSelect@lights             cstackCOMMON 00071
DimmerLightsPointSelect@lights           cstackBANK0  00021
DlyOff_Initialization@sw                 cstackBANK0  00022
DlyOff_Main@sw                           cstackBANK0  00038
Flash_Memory_Initialization@i            cstackBANK0  00063
Flash_Memory_Modify@i                    cstackBANK0  00025
Flash_Memory_Read@address                cstackBANK0  00022
Flash_Memory_Read@i                      cstackBANK0  00021
Flash_Memory_Read@ret                    cstackBANK0  00023
Flash_Memory_Write@i                     cstackBANK0  00021
LedPointSelect@led                       cstackBANK0  00021
Load_Main@adjgo                          cstackBANK0  0002C
Load_Main@error                          cstackBANK0  0002E
Load_Main@i                              cstackBANK0  0002F
Load_Main@j                              cstackBANK0  0002B
SwPointSelect@sw                         cstackBANK0  00021
Switch_Main@error                        cstackBANK0  0003E
_ADCON0                                  (abs)        0009D
_ADCON1                                  (abs)        0009E
_ADC_Set                                 text52       01BE7
_ADRESH                                  (abs)        0009C
_ADRESL                                  (abs)        0009B
_ANSELA                                  (abs)        0018C
_ANSELB                                  (abs)        0018D
_ANSELC                                  (abs)        0018E
_Buz1                                    bssBANK1     000AF
_Buzzer_Initialization                   text127      01B98
_Buzzer_Main                             text126      014BC
_CC2500_ClearRXFIFO                      text121      01BAB
_CC2500_ClearTXFIFO                      text120      01BAF
_CC2500_FrequencyCabr                    text118      01C7A
_CC2500_InitPATable                      text116      01ED9
_CC2500_InitSetREG                       text115      010EB
_CC2500_PowerOnInitial                   text112      01E13
_CC2500_PowerRST                         text114      01430
_CC2500_ReadByte                         text43       01E3D
_CC2500_ReadStatus                       text42       01FBB
_CC2500_RxData                           text41       00B73
_CC2500_SIDLEMode                        text113      01BB3
_CC2500_TxData                           text40       009E2
_CC2500_WriteByte                        text125      01DEA
_CC2500_WriteCommand                     text122      01E6C
_CC2500_WriteREG                         text117      01F78
_CC2500_patable_vaule                    stringtext   0105E
_CC2500_registers_address                stringtext   01000
_CC2500_rfSettings                       stringtext   0102F
_CFGS                                    (abs)        00CAE
_CRC                                     bssBANK1     000CC
_DelayOff                                bssCOMMON    00078
_DelayOffPointSelect                     text111      01C38
_DelayOff_Initialization                 text109      01BB7
_DelayOff_Main                           text95       01BBB
_DelayTime_1us                           text119      0109E
_DelayTimejudge                          text102      01115
_Dimmer                                  bssBANK2     00120
_DimmerIntrIOCPointSelect                text135      01C2D
_DimmerIntrPointSelect                   text131      01C19
_DimmerLights                            bssBANK0     0006F
_DimmerLights1                           bssBANK2     00153
_DimmerLights11                          bssBANK1     000CD
_DimmerLightsIntr                        bssCOMMON    00079
_DimmerLightsIntrIOC                     bssBANK1     000CE
_DimmerLightsPointSelect                 text106      01C43
_DimmerLights_Initialization             text92       01CC2
_DimmerLights_Main                       text73       0116E
_DimmerLights_Main$2351                  cstackBANK0  00069
_Dimmer_Initialization                   text94       01B97
_DlyOff_Initialization                   text110      01BD5
_DlyOff_Main                             text96       008C4
_DlySw1                                  bssBANK2     00162
_FREE                                    (abs)        00CAC
_FVRCON                                  (abs)        00117
_Flash_Memory_Erasing                    text67       01C9E
_Flash_Memory_Initialization             text68       0056B
_Flash_Memory_Main                       text65       012A1
_Flash_Memory_Modify                     text66       01551
_Flash_Memory_Read                       text72       01E85
_Flash_Memory_Unlock                     text71       01C07
_Flash_Memory_Write                      text70       0113F
_Fosc_Set                                text51       01BC7
_GIE                                     (abs)        0005F
_GO_nDONE                                (abs)        004E9
_IOCBF                                   (abs)        00396
_IOCBF2                                  (abs)        01CB2
_IOCBN                                   (abs)        00395
_IOCBP                                   (abs)        00394
_IOCIE                                   (abs)        0005B
_IOCIF                                   (abs)        00058
_IOC_ISR                                 text132      01CDD
_IOC_Set                                 text50       01CAA
_IO_Set                                  text49       01E54
_ISR                                     intentry     00004
_LATA                                    (abs)        0010C
_LATB                                    (abs)        0010D
_LATC                                    (abs)        0010E
_LED                                     bssCOMMON    0007A
_LED_Initialization                      text63       01BBF
_LED_Main                                text61       01BC3
_LWLO                                    (abs)        00CAD
_LedPointSelect                          text87       01C4E
_Load                                    bssBANK2     00125
_Load_Initialization                     text59       01BD0
_Load_Main                               text53       00043
_Load_Main$4117                          cstackBANK0  0002D
_Mcu_Initialization                      text46       01DA0
_Memory                                  bssBANK3     001BE
_OSCCON                                  (abs)        00099
_PEIE                                    (abs)        0005E
_PMADRH                                  (abs)        00192
_PMADRL                                  (abs)        00191
_PMCON2                                  (abs)        00196
_PMDATH                                  (abs)        00194
_PMDATL                                  (abs)        00193
_PORTA                                   (abs)        0000C
_PORTB                                   (abs)        0000D
_PORTC                                   (abs)        0000E
_RA0                                     (abs)        00060
_RA4                                     (abs)        00064
_RA6                                     (abs)        00066
_RA7                                     (abs)        00067
_RB0                                     (abs)        00068
_RB1                                     (abs)        00069
_RB2                                     (abs)        0006A
_RB3                                     (abs)        0006B
_RB5                                     (abs)        0006D
_RC0                                     (abs)        00070
_RC1                                     (abs)        00071
_RC3                                     (abs)        00073
_RC4                                     (abs)        00074
_RC5                                     (abs)        00075
_RD                                      (abs)        00CA8
_RF1                                     bssBANK1     000BB
_RF_Count                                bssBANK2     00123
_RF_Data                                 bssBANK3     001A0
_RF_Initialization                       text44       01B9B
_RF_Main                                 text23       01B9E
_RF_RxDisable                            text39       01CEC
_RSSI                                    bssBANK1     000CF
_Receive_OK                              bitbssCOMMON 003E8
_Rx_Length                               bssBANK1     000D0
_SPI0Buffer                              bssCOMMON    0007B
_Sw                                      bssCOMMON    0007C
_Sw1                                     bssBANK3     001E3
_SwDetect                                bssBANK1     000D1
_SwPointSelect                           text17       00800
_Switch_Initialization                   text20       01C10
_Switch_Main                             text12       01F18
_T1CON                                   (abs)        00018
_TMR1H                                   (abs)        00017
_TMR1IE                                  (abs)        00488
_TMR1IF                                  (abs)        00088
_TMR1L                                   (abs)        00016
_TMR1_ISR                                text129      0107A
_TMR1_Set                                text48       01CB6
_TRISA                                   (abs)        0008C
_TRISB                                   (abs)        0008D
_TRISC                                   (abs)        0008E
_Temp                                    bssBANK1     000D6
_Temp_Initialization                     text10       01BA1
_Temp_Main                               text8        01BA4
_Timeout_Counter                         text124      01DFE
_Timer1                                  bssBANK1     000C7
_TouchPower                              text22       01E28
_Transceive_OK                           bitbssCOMMON 003E9
_Tx_Length                               bssBANK1     000D2
_VarErrLED                               bssBANK2     00167
_WDT                                     bssBANK1     000CA
_WDTCON                                  (abs)        00097
_WDT_Clearing                            text7        00002
_WDT_Main                                text6        01DB2
_WDT_Set                                 text47       01C59
_WPUB1                                   (abs)        01069
_WPUB2                                   (abs)        0106A
_WR                                      (abs)        00CA9
_WREN                                    (abs)        00CAA
__CFG_BOREN$OFF                          (abs)        00000
__CFG_FOSC$INTOSC                        (abs)        00000
__CFG_VCAPEN$OFF                         (abs)        00000
__CFG_WDTE$ON                            (abs)        00000
__CFG_WRT$HALF                           (abs)        00000
__Habs1                                  abs1         00000
__Hbank0                                 bank0        00000
__Hbank1                                 bank1        00000
__Hbank10                                bank10       00000
__Hbank11                                bank11       00000
__Hbank12                                bank12       00000
__Hbank13                                bank13       00000
__Hbank14                                bank14       00000
__Hbank15                                bank15       00000
__Hbank16                                bank16       00000
__Hbank17                                bank17       00000
__Hbank18                                bank18       00000
__Hbank19                                bank19       00000
__Hbank2                                 bank2        00000
__Hbank20                                bank20       00000
__Hbank21                                bank21       00000
__Hbank22                                bank22       00000
__Hbank23                                bank23       00000
__Hbank24                                bank24       00000
__Hbank25                                bank25       00000
__Hbank26                                bank26       00000
__Hbank27                                bank27       00000
__Hbank28                                bank28       00000
__Hbank29                                bank29       00000
__Hbank3                                 bank3        00000
__Hbank30                                bank30       00000
__Hbank31                                bank31       00000
__Hbank4                                 bank4        00000
__Hbank5                                 bank5        00000
__Hbank6                                 bank6        00000
__Hbank7                                 bank7        00000
__Hbank8                                 bank8        00000
__Hbank9                                 bank9        00000
__Hbigram                                bigram       00000
__HbitbssCOMMON                          bitbssCOMMON 00000
__HbssBANK0                              bssBANK0     00000
__HbssBANK1                              bssBANK1     00000
__HbssBANK2                              bssBANK2     00000
__HbssBANK3                              bssBANK3     00000
__HbssCOMMON                             bssCOMMON    00000
__Hcinit                                 cinit        00043
__Hclrtext                               clrtext      00000
__Hcode                                  code         00000
__Hcommon                                common       00000
__Hconfig                                config       08009
__HcstackBANK0                           cstackBANK0  00000
__HcstackBANK1                           cstackBANK1  00000
__HcstackCOMMON                          cstackCOMMON 00000
__HdataBANK4                             dataBANK4    00000
__Heeprom_data                           eeprom_data  00000
__Hend_init                              end_init     00015
__Hfunctab                               functab      00000
__HidataBANK4                            idataBANK4   00000
__Hidloc                                 idloc        00000
__Hinit                                  init         00013
__Hinittext                              inittext     00000
__Hintentry                              intentry     00013
__Hmaintext                              maintext     00000
__HnvBANK0                               nvBANK0      00000
__Hpowerup                               powerup      00000
__Hram                                   ram          00000
__Hreset_vec                             reset_vec    00002
__Hsfr0                                  sfr0         00000
__Hsfr1                                  sfr1         00000
__Hsfr10                                 sfr10        00000
__Hsfr11                                 sfr11        00000
__Hsfr12                                 sfr12        00000
__Hsfr13                                 sfr13        00000
__Hsfr14                                 sfr14        00000
__Hsfr15                                 sfr15        00000
__Hsfr16                                 sfr16        00000
__Hsfr17                                 sfr17        00000
__Hsfr18                                 sfr18        00000
__Hsfr19                                 sfr19        00000
__Hsfr2                                  sfr2         00000
__Hsfr20                                 sfr20        00000
__Hsfr21                                 sfr21        00000
__Hsfr22                                 sfr22        00000
__Hsfr23                                 sfr23        00000
__Hsfr24                                 sfr24        00000
__Hsfr25                                 sfr25        00000
__Hsfr26                                 sfr26        00000
__Hsfr27                                 sfr27        00000
__Hsfr28                                 sfr28        00000
__Hsfr29                                 sfr29        00000
__Hsfr3                                  sfr3         00000
__Hsfr30                                 sfr30        00000
__Hsfr31                                 sfr31        00000
__Hsfr4                                  sfr4         00000
__Hsfr5                                  sfr5         00000
__Hsfr6                                  sfr6         00000
__Hsfr7                                  sfr7         00000
__Hsfr8                                  sfr8         00000
__Hsfr9                                  sfr9         00000
__Hspace_0                               (abs)        08009
__Hspace_1                               (abs)        003EA
__Hspace_2                               (abs)        00000
__Hspace_3                               (abs)        00000
__Hstack                                 stack        00000
__Hstrings                               strings      00000
__Hstringtext                            stringtext   00000
__Htext                                  text         00000
__Labs1                                  abs1         00000
__Lbank0                                 bank0        00000
__Lbank1                                 bank1        00000
__Lbank10                                bank10       00000
__Lbank11                                bank11       00000
__Lbank12                                bank12       00000
__Lbank13                                bank13       00000
__Lbank14                                bank14       00000
__Lbank15                                bank15       00000
__Lbank16                                bank16       00000
__Lbank17                                bank17       00000
__Lbank18                                bank18       00000
__Lbank19                                bank19       00000
__Lbank2                                 bank2        00000
__Lbank20                                bank20       00000
__Lbank21                                bank21       00000
__Lbank22                                bank22       00000
__Lbank23                                bank23       00000
__Lbank24                                bank24       00000
__Lbank25                                bank25       00000
__Lbank26                                bank26       00000
__Lbank27                                bank27       00000
__Lbank28                                bank28       00000
__Lbank29                                bank29       00000
__Lbank3                                 bank3        00000
__Lbank30                                bank30       00000
__Lbank31                                bank31       00000
__Lbank4                                 bank4        00000
__Lbank5                                 bank5        00000
__Lbank6                                 bank6        00000
__Lbank7                                 bank7        00000
__Lbank8                                 bank8        00000
__Lbank9                                 bank9        00000
__Lbigram                                bigram       00000
__LbitbssCOMMON                          bitbssCOMMON 00000
__LbssBANK0                              bssBANK0     00000
__LbssBANK1                              bssBANK1     00000
__LbssBANK2                              bssBANK2     00000
__LbssBANK3                              bssBANK3     00000
__LbssCOMMON                             bssCOMMON    00000
__Lcinit                                 cinit        00015
__Lclrtext                               clrtext      00000
__Lcode                                  code         00000
__Lcommon                                common       00000
__Lconfig                                config       08007
__LcstackBANK0                           cstackBANK0  00000
__LcstackBANK1                           cstackBANK1  00000
__LcstackCOMMON                          cstackCOMMON 00000
__LdataBANK4                             dataBANK4    00000
__Leeprom_data                           eeprom_data  00000
__Lend_init                              end_init     00013
__Lfunctab                               functab      00000
__LidataBANK4                            idataBANK4   00000
__Lidloc                                 idloc        00000
__Linit                                  init         00013
__Linittext                              inittext     00000
__Lintentry                              intentry     00004
__Lmaintext                              maintext     00000
__LnvBANK0                               nvBANK0      00000
__Lpowerup                               powerup      00000
__Lram                                   ram          00000
__Lreset_vec                             reset_vec    00000
__Lsfr0                                  sfr0         00000
__Lsfr1                                  sfr1         00000
__Lsfr10                                 sfr10        00000
__Lsfr11                                 sfr11        00000
__Lsfr12                                 sfr12        00000
__Lsfr13                                 sfr13        00000
__Lsfr14                                 sfr14        00000
__Lsfr15                                 sfr15        00000
__Lsfr16                                 sfr16        00000
__Lsfr17                                 sfr17        00000
__Lsfr18                                 sfr18        00000
__Lsfr19                                 sfr19        00000
__Lsfr2                                  sfr2         00000
__Lsfr20                                 sfr20        00000
__Lsfr21                                 sfr21        00000
__Lsfr22                                 sfr22        00000
__Lsfr23                                 sfr23        00000
__Lsfr24                                 sfr24        00000
__Lsfr25                                 sfr25        00000
__Lsfr26                                 sfr26        00000
__Lsfr27                                 sfr27        00000
__Lsfr28                                 sfr28        00000
__Lsfr29                                 sfr29        00000
__Lsfr3                                  sfr3         00000
__Lsfr30                                 sfr30        00000
__Lsfr31                                 sfr31        00000
__Lsfr4                                  sfr4         00000
__Lsfr5                                  sfr5         00000
__Lsfr6                                  sfr6         00000
__Lsfr7                                  sfr7         00000
__Lsfr8                                  sfr8         00000
__Lsfr9                                  sfr9         00000
__Lspace_0                               (abs)        00000
__Lspace_1                               (abs)        00000
__Lspace_2                               (abs)        00000
__Lspace_3                               (abs)        00000
__Lstack                                 stack        00000
__Lstrings                               strings      00000
__Lstringtext                            stringtext   00000
__Ltext                                  text         00000
__S0                                     (abs)        08009
__S1                                     (abs)        00240
__S2                                     (abs)        00000
___awdiv                                 text108      015EE
___awdiv@counter                         cstackBANK0  00025
___awdiv@dividend                        cstackBANK0  00022
___awdiv@divisor                         cstackBANK0  00020
___awdiv@quotient                        cstackBANK0  00027
___awdiv@sign                            cstackBANK0  00026
___awtoft                                text84       01F99
___awtoft@c                              cstackBANK0  00028
___awtoft@sign                           cstackBANK0  0002D
___bmul                                  text103      01D8E
___bmul@multiplicand                     cstackBANK0  00020
___bmul@multiplier                       cstackBANK0  00023
___bmul@product                          cstackBANK0  00022
___ftadd                                 text83       00475
___ftadd@exp1                            cstackBANK0  0004D
___ftadd@exp2                            cstackBANK0  0004C
___ftadd@f1                              cstackBANK0  00041
___ftadd@f2                              cstackBANK0  00044
___ftadd@sign                            cstackBANK0  0004B
___ftdiv                                 text82       00EA3
___ftdiv@cntr                            cstackBANK0  00038
___ftdiv@exp                             cstackBANK0  0003C
___ftdiv@f1                              cstackBANK0  00031
___ftdiv@f2                              cstackBANK0  0002E
___ftdiv@f3                              cstackBANK0  00039
___ftdiv@sign                            cstackBANK0  0003D
___ftmul                                 text35       00F4C
___ftmul@cntr                            cstackBANK0  0003C
___ftmul@exp                             cstackBANK0  00038
___ftmul@f1                              cstackBANK0  0002E
___ftmul@f2                              cstackBANK0  00031
___ftmul@f3_as_product                   cstackBANK0  00039
___ftmul@sign                            cstackBANK0  0003D
___ftneg                                 text81       01BFE
___ftneg@f1                              cstackBANK0  0003E
___ftpack                                text85       00981
___ftpack@arg                            cstackBANK0  00020
___ftpack@exp                            cstackBANK0  00023
___ftpack@sign                           cstackBANK0  00024
___fttol                                 text80       00C5E
___fttol@exp1                            cstackBANK0  0005B
___fttol@f1                              cstackBANK0  0004E
___fttol@lval                            cstackBANK0  00057
___fttol@sign1                           cstackBANK0  00056
___int_sp                                stack        00000
___latbits                               (abs)        00003
___lwdiv                                 text58       0130D
___lwdiv@counter                         cstackBANK0  00027
___lwdiv@dividend                        cstackBANK0  00022
___lwdiv@divisor                         cstackBANK0  00020
___lwdiv@quotient                        cstackBANK0  00025
___sp                                    stack        00000
__end_of_ADC_Set                         text52       01BEE
__end_of_Buzzer_Initialization           text127      01B9B
__end_of_Buzzer_Main                     text126      01506
__end_of_CC2500_ClearRXFIFO              text121      01BAF
__end_of_CC2500_ClearTXFIFO              text120      01BB3
__end_of_CC2500_FrequencyCabr            text118      01C86
__end_of_CC2500_InitPATable              text116      01EF8
__end_of_CC2500_InitSetREG               text115      01115
[...]
      Totals:         0       0       0       0       0       0       0       0       0       0       0       0       0       0
Total ram usage:        0 bytes
 Hardware stack levels used:    1
 Hardware stack levels required when called:    5
 This function calls:
		Nothing
 This function is called by:
		_main
 This function uses a non-reentrant model


 *************** function _ISR *****************
 Defined at:
		line 107 in file "../src/MCU_B1.c"
 Parameters:    Size  Location     Type
		None
 Auto vars:     Size  Location     Type
		None
 Return value:  Size  Location     Type
		None               void
 Registers used:
		wreg, fsr0l, fsr0h, fsr1l, fsr1h, status,2, status,0, pclath, cstack
 Tracked objects:
		On entry : 
		On exit  : 
		Unchanged: 
 Data sizes:     COMMON   BANK0   BANK1   BANK2   BANK3   BANK4   BANK5   BANK6   BANK7   BANK8   BANK9  BANK10  BANK11  BANK12
      Params:         0       0       0       0       0       0       0       0       0       0       0       0       0       0
      Locals:         0       0       0       0       0       0       0       0       0       0       0       0       0       0
      Temps:          1       0       0       0       0       0       0       0       0       0       0       0       0       0
      Totals:         1       0       0       0       0       0       0       0       0       0       0       0       0       0
Total ram usage:        1 bytes
 Hardware stack levels used:    1
 Hardware stack levels required when called:    4
 This function calls:
		_IOC_ISR
		_TMR1_ISR
 This function is called by:
		Interrupt level 1
 This function uses a non-reentrant model


 *************** function _TMR1_ISR *****************
 Defined at:
		line 209 in file "../src/MCU_B1.c"
 Parameters:    Size  Location     Type
		None
 Auto vars:     Size  Location     Type
		None
 Return value:  Size  Location     Type
		None               void
 Registers used:
		wreg, fsr0l, fsr0h, fsr1l, fsr1h, status,2, status,0, pclath, cstack
 Tracked objects:
		On entry : 
		On exit  : 
		Unchanged: 
 Data sizes:     COMMON   BANK0   BANK1   BANK2   BANK3   BANK4   BANK5   BANK6   BANK7   BANK8   BANK9  BANK10  BANK11  BANK12
      Params:         0       0       0       0       0       0       0       0       0       0       0       0       0       0
      Locals:         0       0       0       0       0       0       0       0       0       0       0       0       0       0
      Temps:          0       0       0       0       0       0       0       0       0       0       0       0       0       0
      Totals:         0       0       0       0       0       0       0       0       0       0       0       0       0       0
Total ram usage:        0 bytes
 Hardware stack levels used:    1
 Hardware stack levels required when called:    2
 This function calls:
		_setDimmerLights_IntrControl
 This function is called by:
		_ISR
 This function uses a non-reentrant model


 *************** function _setDimmerLights_IntrControl *****************
 Defined at:
		line 94 in file "../src/Dimmer_B1.c"
 Parameters:    Size  Location     Type
  lights          1    wreg     unsigned char 
 Auto vars:     Size  Location     Type
  lights          1    6[COMMON] unsigned char 
 Return value:  Size  Location     Type
		None               void
 Registers used:
		wreg, fsr0l, fsr0h, fsr1l, fsr1h, status,2, status,0, pclath, cstack
 Tracked objects:
		On entry : 
		On exit  : 
		Unchanged: 
 Data sizes:     COMMON   BANK0   BANK1   BANK2   BANK3   BANK4   BANK5   BANK6   BANK7   BANK8   BANK9  BANK10  BANK11  BANK12
      Params:         0       0       0       0       0       0       0       0       0       0       0       0       0       0
      Locals:         1       0       0       0       0       0       0       0       0       0       0       0       0       0
      Temps:          4       0       0       0       0       0       0       0       0       0       0       0       0       0
      Totals:         5       0       0       0       0       0       0       0       0       0       0       0       0       0
Total ram usage:        5 bytes
 Hardware stack levels used:    1
 Hardware stack levels required when called:    1
 This function calls:
		_DimmerIntrPointSelect
 This function is called by:
		_TMR1_ISR
 This function uses a non-reentrant model


 *************** function _DimmerIntrPointSelect *****************
 Defined at:
		line 72 in file "../src/Dimmer_B1.c"
 Parameters:    Size  Location     Type
  lights          1    wreg     unsigned char 
 Auto vars:     Size  Location     Type
  lights          1    1[COMMON] unsigned char 
 Return value:  Size  Location     Type
		None               void
 Registers used:
		wreg
 Tracked objects:
		On entry : 
		On exit  : 
		Unchanged: 
 Data sizes:     COMMON   BANK0   BANK1   BANK2   BANK3   BANK4   BANK5   BANK6   BANK7   BANK8   BANK9  BANK10  BANK11  BANK12
      Params:         0       0       0       0       0       0       0       0       0       0       0       0       0       0
      Locals:         1       0       0       0       0       0       0       0       0       0       0       0       0       0
      Temps:          1       0       0       0       0       0       0       0       0       0       0       0       0       0
      Totals:         2       0       0       0       0       0       0       0       0       0       0       0       0       0
Total ram usage:        2 bytes
 Hardware stack levels used:    1
 This function calls:
		Nothing
 This function is called by:
		_setDimmerLights_IntrControl
 This function uses a non-reentrant model


 *************** function _IOC_ISR *****************
 Defined at:
		line 401 in file "../src/MCU_B1.c"
 Parameters:    Size  Location     Type
		None
 Auto vars:     Size  Location     Type
		None
 Return value:  Size  Location     Type
		None               void
 Registers used:
		wreg, fsr1l, fsr1h, status,2, status,0, pclath, cstack
 Tracked objects:
		On entry : 
		On exit  : 
		Unchanged: 
 Data sizes:     COMMON   BANK0   BANK1   BANK2   BANK3   BANK4   BANK5   BANK6   BANK7   BANK8   BANK9  BANK10  BANK11  BANK12
      Params:         0       0       0       0       0       0       0       0       0       0       0       0       0       0
      Locals:         0       0       0       0       0       0       0       0       0       0       0       0       0       0
      Temps:          0       0       0       0       0       0       0       0       0       0       0       0       0       0
      Totals:         0       0       0       0       0       0       0       0       0       0       0       0       0       0
Total ram usage:        0 bytes
 Hardware stack levels used:    1
 Hardware stack levels required when called:    3
 This function calls:
		_setDimmerReClock
 This function is called by:
		_ISR
 This function uses a non-reentrant model


 *************** function _setDimmerReClock *****************
 Defined at:
		line 244 in file "../src/MCU_B1.c"
 Parameters:    Size  Location     Type
		None
 Auto vars:     Size  Location     Type
		None
 Return value:  Size  Location     Type
		None               void
 Registers used:
		wreg, fsr1l, fsr1h, status,2, status,0, pclath, cstack
 Tracked objects:
		On entry : 
		On exit  : 
		Unchanged: 
 Data sizes:     COMMON   BANK0   BANK1   BANK2   BANK3   BANK4   BANK5   BANK6   BANK7   BANK8   BANK9  BANK10  BANK11  BANK12
      Params:         0       0       0       0       0       0       0       0       0       0       0       0       0       0
      Locals:         0       0       0       0       0       0       0       0       0       0       0       0       0       0
      Temps:          0       0       0       0       0       0       0       0       0       0       0       0       0       0
      Totals:         0       0       0       0       0       0       0       0       0       0       0       0       0       0
Total ram usage:        0 bytes
 Hardware stack levels used:    1
 Hardware stack levels required when called:    2
 This function calls:
		_setDimmerLights_IntrIOC_GO
 This function is called by:
		_IOC_ISR
 This function uses a non-reentrant model


 *************** function _setDimmerLights_IntrIOC_GO *****************
 Defined at:
		line 28 in file "../src/Dimmer_B1.c"
 Parameters:    Size  Location     Type
  lights          1    wreg     unsigned char 
 Auto vars:     Size  Location     Type
  lights          1    2[COMMON] unsigned char 
 Return value:  Size  Location     Type
		None               void
 Registers used:
		wreg, fsr1l, fsr1h, status,2, status,0, pclath, cstack
 Tracked objects:
		On entry : 
		On exit  : 
		Unchanged: 
 Data sizes:     COMMON   BANK0   BANK1   BANK2   BANK3   BANK4   BANK5   BANK6   BANK7   BANK8   BANK9  BANK10  BANK11  BANK12
      Params:         0       0       0       0       0       0       0       0       0       0       0       0       0       0
      Locals:         1       0       0       0       0       0       0       0       0       0       0       0       0       0
      Temps:          0       0       0       0       0       0       0       0       0       0       0       0       0       0
      Totals:         1       0       0       0       0       0       0       0       0       0       0       0       0       0
Total ram usage:        1 bytes
 Hardware stack levels used:    1
 Hardware stack levels required when called:    1
 This function calls:
		_DimmerIntrIOCPointSelect
 This function is called by:
		_setDimmerReClock
 This function uses a non-reentrant model


 *************** function _DimmerIntrIOCPointSelect *****************
 Defined at:
		line 8 in file "../src/Dimmer_B1.c"
 Parameters:    Size  Location     Type
  lights          1    wreg     unsigned char 
 Auto vars:     Size  Location     Type
  lights          1    1[COMMON] unsigned char 
 Return value:  Size  Location     Type
		None               void
 Registers used:
		wreg
 Tracked objects:
		On entry : 
		On exit  : 
		Unchanged: 
 Data sizes:     COMMON   BANK0   BANK1   BANK2   BANK3   BANK4   BANK5   BANK6   BANK7   BANK8   BANK9  BANK10  BANK11  BANK12
      Params:         0       0       0       0       0       0       0       0       0       0       0       0       0       0
      Locals:         1       0       0       0       0       0       0       0       0       0       0       0       0       0
      Temps:          1       0       0       0       0       0       0       0       0       0       0       0       0       0
      Totals:         2       0       0       0       0       0       0       0       0       0       0       0       0       0
Total ram usage:        2 bytes
 Hardware stack levels used:    1
 This function calls:
		Nothing
 This function is called by:
		_setDimmerLights_IntrIOC_GO
 This function uses a non-reentrant model



MODULE INFORMATION

Module		Function		Class		Link	Load	Size
C:\Program Files (x86)\Microchip\xc8\v1.32\sources\common\float.c
		___ftpack      		CODE           	0981	0000	97

C:\Program Files (x86)\Microchip\xc8\v1.32\sources\common\float.c estimated size: 97

../src/OverLoad_B1.c
		_getLoad_AD    		CODE           	0BDD	0000	129
		_getLoad_OK    		CODE           	1BEE	0000	8
		_Load_Initializ		CODE           	1BD0	0000	5
		_Load_Main     		CODE           	0043	0000	381
		_setLoad_AH_AL_		CODE           	1E9F	0000	28

../src/OverLoad_B1.c estimated size: 551

C:\Program Files (x86)\Microchip\xc8\v1.32\sources\common\awtoft.c
		___awtoft      		CODE           	1F99	0000	34

C:\Program Files (x86)\Microchip\xc8\v1.32\sources\common\awtoft.c estimated size: 34

../src/MCU_B1.c
		_Fosc_Set      		CODE           	1BC7	0000	4
		_IO_Set        		CODE           	1E54	0000	24
		_WDT_Set       		CODE           	1C59	0000	11
		_WDT_Main      		CODE           	1DB2	0000	18
		_ADC_Set       		CODE           	1BE7	0000	7
		_IOC_ISR       		CODE           	1CDD	0000	15
		_ISR           		CODE           	0004	0000	15
		_Flash_Memory_W		CODE           	113F	0000	47
		_Flash_Memory_M		CODE           	1551	0000	78
		_IOC_Set       		CODE           	1CAA	0000	12
		_WDT_Clearing  		CODE           	0002	0000	2
		_setMemory_Modi		CODE           	1DC4	0000	19
		_Mcu_Initializa		CODE           	1DA0	0000	18
		_setMemory_Data		CODE           	1C92	0000	12
		_Flash_Memory_I		CODE           	056B	0000	220
		_getAD         		CODE           	1F38	0000	32
		_TMR1_Set      		CODE           	1CB6	0000	12
		_setMemory_Loop		CODE           	1DD7	0000	19
		_Flash_Memory_U		CODE           	1C07	0000	9
		_Flash_Memory_R		CODE           	1E85	0000	26
		_Flash_Memory_E		CODE           	1C9E	0000	12
		_TMR1_ISR      		CODE           	107A	0000	36
		_setDimmerReClo		CODE           	1BA7	0000	4
		_Flash_Memory_M		CODE           	12A1	0000	54

../src/MCU_B1.c estimated size: 706

C:\Program Files (x86)\Microchip\xc8\v1.32\sources\common\ftmul.c
		___ftmul       		CODE           	0F4C	0000	180

C:\Program Files (x86)\Microchip\xc8\v1.32\sources\common\ftmul.c estimated size: 180

../src/Buzzer_B1.c
		_Buzzer_Main   		CODE           	14BC	0000	74
		_setBuz        		CODE           	16F2	0000	89
		_getBuz_GO     		CODE           	1D5B	0000	17
		_Buzzer_Initial		CODE           	1B98	0000	3

../src/Buzzer_B1.c estimated size: 183

../src/LED_B1.c
		_setLED        		CODE           	126B	0000	54
		_LED_Main      		CODE           	1BC3	0000	4
		_setLED_Initial		CODE           	1D4A	0000	17
		_LedPointSelect		CODE           	1C4E	0000	11
		_setLED_Main   		CODE           	1203	0000	51
		_LED_Initializa		CODE           	1BBF	0000	4

../src/LED_B1.c estimated size: 141

../src/OverTemperature_B1.c
		_Temp_Initializ		CODE           	1BA1	0000	3
		_Temp_Main     		CODE           	1BA4	0000	3
		_setTemp_Initia		CODE           	07FF	0000	1
		_getTemp_AD    		CODE           	1344	0000	55
		_setTemp_Main  		CODE           	0DFE	0000	165

../src/OverTemperature_B1.c estimated size: 227

../src/CC2500_B1.c
		_DelayTime_1us 		CODE           	109E	0000	38
		_CC2500_Frequen		CODE           	1C7A	0000	12
		_CC2500_SIDLEMo		CODE           	1BB3	0000	4
		_CC2500_PowerOn		CODE           	1E13	0000	21
		_CC2500_WriteBy		CODE           	1DEA	0000	20
		_CC2500_RxData 		CODE           	0B73	0000	106
		_CC2500_TxData 		CODE           	09E2	0000	97
		_CC2500_ClearRX		CODE           	1BAB	0000	4
		_CC2500_ClearTX		CODE           	1BAF	0000	4
		_CC2500_InitPAT		CODE           	1ED9	0000	31
		_CC2500_WriteRE		CODE           	1F78	0000	33
		_CC2500_ReadSta		CODE           	1FBB	0000	34
		_CC2500_PowerRS		CODE           	1430	0000	67
		_CC2500_ReadByt		CODE           	1E3D	0000	23
		_CC2500_InitSet		CODE           	10EB	0000	42
		_CC2500_WriteCo		CODE           	1E6C	0000	25

../src/CC2500_B1.c estimated size: 561

C:\Program Files (x86)\Microchip\xc8\v1.32\sources\common\fttol.c
		___fttol       		CODE           	0C5E	0000	135

C:\Program Files (x86)\Microchip\xc8\v1.32\sources\common\fttol.c estimated size: 135

C:\Program Files (x86)\Microchip\xc8\v1.32\sources\common\lwdiv.c
		___lwdiv       		CODE           	130D	0000	55

C:\Program Files (x86)\Microchip\xc8\v1.32\sources\common\lwdiv.c estimated size: 55

../src/RF_Control_B1.c
		_RF_Initializat		CODE           	1B9B	0000	3
		_getRxData     		CODE           	0D6E	0000	144
		_setRF_Main    		CODE           	0647	0000	206
		_setRF_DimmerVa		CODE           	119E	0000	50
		_getRF_KeyStatu		CODE           	1D6C	0000	17
		_setRF_Initiali		CODE           	1C64	0000	11
		_setTxData     		CODE           	0715	0000	191
		_setRFSW_Contro		CODE           	159F	0000	79
		_setRF_Learn   		CODE           	1066	0000	20
		_RF_Main       		CODE           	1B9E	0000	3
		_setRFSW_AdjCon		CODE           	13F0	0000	64
		_setRF_DimmerLi		CODE           	17A4	0000	92
		_setControl_Lig		CODE           	0921	0000	96
		_setLog_Code   		CODE           	12D7	0000	54
		_RF_RxDisable  		CODE           	1CEC	0000	15

../src/RF_Control_B1.c estimated size: 1045

C:\Program Files (x86)\Microchip\xc8\v1.32\sources\common\awdiv.c
		___awdiv       		CODE           	15EE	0000	84

C:\Program Files (x86)\Microchip\xc8\v1.32\sources\common\awdiv.c estimated size: 84

../src/Main_B1.c
		_getMain_Lights		CODE           	07D4	0000	43
		_my_MainTimer  		CODE           	1506	0000	75
		_main          		CODE           	169A	0000	88
		_Timeout_Counte		CODE           	1DFE	0000	21
		_myMain_Initial		CODE           	1CFB	0000	15
		_getMain_All_Er		CODE           	11D0	0000	51
		_set_TimeoutCle		CODE           	1BCB	0000	5
		_getMain_LoadOK		CODE           	1CCF	0000	14
		_getMain_Lights		CODE           	1D2A	0000	16
		_setMain_Except		CODE           	080B	0000	92

../src/Main_B1.c estimated size: 420

C:\Program Files (x86)\Microchip\xc8\v1.32\sources\common\ftadd.c
		___ftadd       		CODE           	0475	0000	246

C:\Program Files (x86)\Microchip\xc8\v1.32\sources\common\ftadd.c estimated size: 246

C:\Program Files (x86)\Microchip\xc8\v1.32\sources\common\Umul8.c
		___bmul        		CODE           	1D8E	0000	18

C:\Program Files (x86)\Microchip\xc8\v1.32\sources\common\Umul8.c estimated size: 18

shared
		_CC2500_patable		STRCODE        	105E	0000	8
		_CC2500_rfSetti		STRCODE        	102F	0000	47
		__initializatio		CODE           	0015	0000	42
		_CC2500_registe		STRCODE        	1000	0000	47

shared estimated size: 144

C:\Program Files (x86)\Microchip\xc8\v1.32\sources\common\ftneg.c
		___ftneg       		CODE           	1BFE	0000	9

C:\Program Files (x86)\Microchip\xc8\v1.32\sources\common\ftneg.c estimated size: 9

../src/Switch_B1.c
		_Switch_Main   		CODE           	1F18	0000	32
		_SwPointSelect 		CODE           	0800	0000	11
		_TouchPower    		CODE           	1E28	0000	21
		_setSw_Main    		CODE           	01C0	0000	367
		_getSw_KeyStatu		CODE           	1D7D	0000	17
		_setSw_Initiali		CODE           	1D3A	0000	16
		_Switch_Initial		CODE           	1C10	0000	9

../src/Switch_B1.c estimated size: 473

../src/Dimmer_B1.c
		_DimmerLightsPo		CODE           	1C43	0000	11
		_getDimmerLight		CODE           	1D0A	0000	16
		_setDimmerLight		CODE           	1473	0000	73
		_DimmerIntrPoin		CODE           	1C19	0000	10
		_DimmerLights_M		CODE           	116E	0000	48
		_setDimmerLight		CODE           	13B3	0000	61
		_getAll_DimmerL		CODE           	1C23	0000	10
		_getDimmerLight		CODE           	1C6F	0000	11
		_setDimmerLight		CODE           	032F	0000	326
		_DimmerIntrIOCP		CODE           	1C2D	0000	11
		_setDimmerLight		CODE           	0B0D	0000	102
		_setDimmerLight		CODE           	0CE5	0000	137
		_setDimmerLight		CODE           	1C86	0000	12
		_setDimmerLight		CODE           	1FDD	0000	35
		_getPercentValu		CODE           	0AA8	0000	101
		_setDimmerLight		CODE           	1642	0000	88
		_setDimmerLight		CODE           	1EBB	0000	30
		_setDimmerLight		CODE           	1EF8	0000	32
		_setPercentValu		CODE           	0A43	0000	101
		_getDimmer_Load		CODE           	1BF6	0000	8
		_setDimmerLight		CODE           	10C4	0000	39
		_setDimmerLight		CODE           	137B	0000	56
		_Dimmer_Initial		CODE           	1B97	0000	1
		_DimmerLights_I		CODE           	1CC2	0000	13
		_setDimmerLight		CODE           	174B	0000	89
		_setDimmerLight		CODE           	1236	0000	53

../src/Dimmer_B1.c estimated size: 1474

../src/DelayOff_B1.c
		_DelayOff_Initi		CODE           	1BB7	0000	4
		_DlyOff_Main   		CODE           	08C4	0000	93
		_DelayTimejudge		CODE           	1115	0000	42
		_DelayOff_Main 		CODE           	1BBB	0000	4
		_DelayOffPointS		CODE           	1C38	0000	11
		_getDelayOff_GO		CODE           	1D1A	0000	16
		_setDelayOff_GO		CODE           	0867	0000	93
		_DlyOff_Initial		CODE           	1BD5	0000	6

../src/DelayOff_B1.c estimated size: 269

C:\Program Files (x86)\Microchip\xc8\v1.32\sources\pic\ftdiv.c
		___ftdiv       		CODE           	0EA3	0000	169

C:\Program Files (x86)\Microchip\xc8\v1.32\sources\pic\ftdiv.c estimated size: 169

