Microchip MPLAB XC8 Compiler V1.32 ()

Linker command line:

--edf=C:\Program Files (x86)\Microchip\xc8\v1.32\dat\en_msgs.txt -cs \
  -h+dist/default/production\1-7.Switch_1Key_Dimmer_MOSFET.X.production.sym \
  --cmf=dist/default/production\1-7.Switch_1Key_Dimmer_MOSFET.X.production.cmf \
  -z -Q16F1518 -oC:\Users\taianluo\AppData\Local\Temp\s39c.6 \
  -Mdist/default/production/1-7.Switch_1Key_Dimmer_MOSFET.X.production.map \
  -E1 -ver=XC8 -ASTACK=02160h-0231fh -pstack=STACK -ACONST=00h-0FFhx64 \
  -ACODE=00h-07FFhx8 -ASTRCODE=00h-03FFFh -AENTRY=00h-0FFhx64 \
  -ASTRING=00h-0FFhx64 -ACOMMON=070h-07Fh -ABANK0=020h-06Fh \
  -ABANK1=0A0h-0EFh -ABANK2=0120h-016Fh -ABANK3=01A0h-01EFh \
  -ABANK4=0220h-026Fh -ABANK5=02A0h-02EFh -ABANK6=0320h-036Fh \
  -ABANK7=03A0h-03EFh -ABANK8=0420h-046Fh -ABANK9=04A0h-04EFh \
  -ABANK10=0520h-056Fh -ABANK11=05A0h-05EFh -ABANK12=0620h-064Fh \
  -ABIGRAM=02000h-023EFh \
  -ARAM=020h-06Fh,0A0h-0EFh,0120h-016Fh,01A0h-01EFh,0220h-026Fh,02A0h-02EFh,0320h-036Fh,03A0h-03EFh,0420h-046Fh,04A0h-04EFh,0520h-056Fh,05A0h-05EFh,0620h-064Fh \
  -AABS1=020h-07Fh,0A0h-0EFh,0120h-016Fh,01A0h-01EFh,0220h-026Fh,02A0h-02EFh,0320h-036Fh,03A0h-03EFh,0420h-046Fh,04A0h-04EFh,0520h-056Fh,05A0h-05EFh,0620h-064Fh \
  -ASFR0=00h-01Fh -ASFR1=080h-09Fh -ASFR2=0100h-011Fh -ASFR3=0180h-019Fh \
  -ASFR4=0200h-021Fh -ASFR5=0280h-029Fh -ASFR6=0300h-031Fh \
  -ASFR7=0380h-039Fh -ASFR8=0400h-041Fh -ASFR9=0480h-049Fh \
  -ASFR10=0500h-051Fh -ASFR11=0580h-059Fh -ASFR12=0600h-061Fh \
  -ASFR13=0680h-06EFh -ASFR14=0700h-076Fh -ASFR15=0780h-07EFh \
  -ASFR16=0800h-086Fh -ASFR17=0880h-08EFh -ASFR18=0900h-096Fh \
  -ASFR19=0980h-09EFh -ASFR20=0A00h-0A6Fh -ASFR21=0A80h-0AEFh \
  -ASFR22=0B00h-0B6Fh -ASFR23=0B80h-0BEFh -ASFR24=0C00h-0C6Fh \
  -ASFR25=0C80h-0CEFh -ASFR26=0D00h-0D6Fh -ASFR27=0D80h-0DEFh \
  -ASFR28=0E00h-0E6Fh -ASFR29=0E80h-0EEFh -ASFR30=0F00h-0F6Fh \
  -ASFR31=0F80h-0FEFh -preset_vec=00h,intentry=04h,init,end_init \
  -ppowerup=CODE -pcinit=CODE -pfunctab=CODE -ACONFIG=08007h-08008h \
  -pconfig=CONFIG -DCONFIG=2 -AIDLOC=08000h-08003h -pidloc=IDLOC -DIDLOC=2 \
  -DCODE=2 -DSTRCODE=2 -DSTRING=2 -DCONST=2 -DENTRY=2 -k \
  C:\Users\taianluo\AppData\Local\Temp\s39c.obj \
  dist/default/production\1-7.Switch_1Key_Dimmer_MOSFET.X.production.obj 

Object code version is 3.11

Machine type is 16F1518



                Name                               Link     Load   Length Selector   Space Scale
C:\Users\taianluo\AppData\Local\Temp\s39c.obj
                end_init                             13       13        2        8       0
                reset_vec                             0        0        2        0       0
                config                             8007     8007        2    1000E       0
dist/default/production\1-7.Switch_1Key_Dimmer_MOSFET.X.production.obj
                cinit                                15       15       2E        8       0
                intentry                              4        4        F        8       0
                text131                            1D42     1D42        B     3A84       0
                text130                            1430     1430       38     2860       0
                text129                            1CC1     1CC1        4     3982       0
                text128                            1DFD     1DFD        F     3BFA       0
                text127                            1D2E     1D2E        A     3A5C       0
                text126                             1B2      1B2      146        8       0
                text125                            1161     1161       24     22C2       0
                text123                            1CB2     1CB2        3     3964       0
                text122                            1571     1571       4A     2AE2       0
                text121                            1F0A     1F0A       14     3E14       0
                text120                            1F32     1F32       15     3E64       0
                text119                            1CE5     1CE5        5     39CA       0
                text118                            1F74     1F74       19     3EE8       0
                text117                            1CC5     1CC5        4     398A       0
                text116                            1CC9     1CC9        4     3992       0
                text115                             800      800       26     1000       0
                text114                            1D9A     1D9A        C     3B34       0
                text113                            10FB     10FB       21     21F6       0
                text112                            1FE1     1FE1       1F     3FC2       0
                text111                            11AC     11AC       2A     2358       0
                text110                            14E5     14E5       43     29CA       0
                text109                            1CCD     1CCD        4     399A       0
                text108                            1F47     1F47       15     3E8E       0
                text107                            1D4D     1D4D        B     3A9A       0
                text106                            1CEA     1CEA        6     39D4       0
                text105                            1CD1     1CD1        4     39A2       0
                text104                            16A3     16A3       54     2D46       0
                text103                            17A7     17A7       59     2F4E       0
                text102                            1D58     1D58        B     3AB0       0
                text101                            1E2A     1E2A       10     3C54       0
                text100                            1E3A     1E3A       10     3C74       0
                text99                             1EAE     1EAE       12     3D5C       0
                text98                             11D6     11D6       2A     23AC       0
                text97                              937      937       5D     126E       0
                text96                             1FC3     1FC3       1E     3F86       0
                text95                             107B     107B       20     20F6       0
                text94                             1528     1528       49     2A50       0
                text93                             16F7     16F7       58     2DEE       0
                text92                              994      994       5D     1328       0
                text91                             1CD5     1CD5        4     39AA       0
                text90                             1CB0     1CB0        1     3960       0
                text89                             1185     1185       27     230A       0
                text88                             1DE2     1DE2        D     3BC4       0
                text87                             1D03     1D03        8     3A06       0
                text86                             1200     1200       2B     2400       0
                text85                             12BC     12BC       33     2578       0
                text84                             1DA6     1DA6        C     3B4C       0
                text83                             1D63     1D63        B     3AC6       0
                text82                             1357     1357       36     26AE       0
                text81                              A51      A51       61     14A2       0
                text80                             111C     111C       22     2238       0
                text79                              43C      43C       F6        8       0
                text78                              EA3      EA3       A9     1D46       0
                text77                             1D13     1D13        9     3A26       0
                text76                              C5E      C5E       87     18BC       0
                text75                              B13      B13       65     1626       0
                text74                              87F      87F       5C     10FE       0
                text73                              6D6      6D6       BF        8       0
                text72                              CE5      CE5       89     19CA       0
                text71                              795      795       66        8       0
                text70                              826      826       59     104C       0
                text69                             125A     125A       30     24B4       0
                text68                             1F8D     1F8D       1A     3F1A       0
                text67                             1D1C     1D1C        9     3A38       0
                text66                             122B     122B       2F     2456       0
                text65                             1DB2     1DB2        C     3B64       0
                text64                              532      532       DC        8       0
                text63                             1DBE     1DBE        C     3B7C       0
                text62                             1606     1606       4E     2C0C       0
                text61                             138D     138D       36     271A       0
                text60                             1E6A     1E6A       11     3CD4       0
                text59                             1CD9     1CD9        4     39B2       0
                text58                             12EF     12EF       33     25DE       0
                text57                             1CDD     1CDD        4     39BA       0
                text56                             1FA7     1FA7       1C     3F4E       0
                text55                              7FB      7FB        5        8       0
                text54                             1D38     1D38        A     3A70       0
                text53                             1E4A     1E4A       10     3C94       0
                text52                             1D0B     1D0B        8     3A16       0
                text51                             1DEF     1DEF        E     3BDE       0
                text50                              2F8      2F8      144        8       0
                text49                             1CFC     1CFC        7     39F8       0
                text48                             1CE1     1CE1        4     39C2       0
                text47                             1DCA     1DCA        C     3B94       0
                text46                             1F5C     1F5C       18     3EB8       0
                text45                             1DD6     1DD6        C     3BAC       0
                text44                             1D6E     1D6E        B     3ADC       0
                text43                             1EC0     1EC0       12     3D80       0
                text42                             1D79     1D79        B     3AF2       0
                text41                             1CB5     1CB5        3     396A       0
                text40                              AB2      AB2       61     1564       0
                text39                             1E0C     1E0C        F     3C18       0
                text38                             1E7B     1E7B       11     3CF6       0
                text37                             1E8C     1E8C       11     3D18       0
                text36                             1EE4     1EE4       13     3DC8       0
                text35                              F4C      F4C       B4     1E98       0
                text34                              B78      B78       65     16F0       0
                text33                             113E     113E       23     227C       0
                text32                             128A     128A       32     2514       0
                text31                             14A5     14A5       40     294A       0
                text30                             1468     1468       3D     28D0       0
                text29                             1654     1654       4F     2CA8       0
                text28                              9F1      9F1       60     13E2       0
                text27                             1EF7     1EF7       13     3DEE       0
                text26                             13C3     13C3       36     2786       0
                text25                              D6E      D6E       90     1ADC       0
                text24                              60E      60E       C8        8       0
                text23                             1CB8     1CB8        3     3970       0
                text22                             1066     1066       15     20CC       0
                text21                             1E5A     1E5A       10     3CB4       0
                text20                             1D25     1D25        9     3A4A       0
                text19                             1D84     1D84        B     3B08       0
                text18                              8DB      8DB       5C     11B6       0
                text17                             1D8F     1D8F        B     3B1E       0
                text16                             1E9D     1E9D       11     3D3A       0
                text15                             1322     1322       35     2644       0
                text14                             1F1E     1F1E       14     3E3C       0
                text13                               43       43      16F        8       0
                text12                             109B     109B       20     2136       0
                text11                             1CB1     1CB1        1     3962       0
                text10                             1CBB     1CBB        3     3976       0
                text9                               DFE      DFE       A5     1BFC       0
                text8                              1CBE     1CBE        3     397C       0
                text7                                 2        2        2        0       0
                text6                              1ED2     1ED2       12     3DA4       0
                text5                              10BB     10BB       20     2176       0
                text4                               BDD      BDD       81     17BA       0
                text3                              13F9     13F9       37     27F2       0
                text2                              1E1B     1E1B        F     3C36       0
                text1                              15BB     15BB       4B     2B76       0
                maintext                           174F     174F       58     2E9E       0
                cstackBANK0                          20       20       4E       20       1
                cstackCOMMON                         70       70        8       70       1
                cstackBANK1                          E8       E8        7       A0       1
                inittext                           1CF0     1CF0        6     39E0       0
                clrtext                            1CF6     1CF6        6     39EC       0
                dataBANK4                           220      220       20      220       1
                bssBANK3                            1A0      1A0       46      1A0       1
                bssBANK2                            120      120       50      120       1
                bssBANK1                             A0       A0       48       A0       1
                bssBANK0                             6F       6F        1       20       1
                bssCOMMON                            78       78        5       70       1
                bitbssCOMMON                        3E8       7D        2       70       1     8
                nvBANK0                              6E       6E        1       20       1
                stringtext                         1000     1000       66       20       0
                idataBANK4                         10DB     10DB       20     21B6       0

TOTAL           Name                               Link     Load   Length     Space
        CLASS   STACK          

        CLASS   CONST          

        CLASS   CODE           
                end_init                             13       13        2         0
                cinit                                15       15       2E         0
                intentry                              4        4        F         0
                reset_vec                             0        0        2         0
                text131                            1D42     1D42        B         0
                text130                            1430     1430       38         0
                text129                            1CC1     1CC1        4         0
                text128                            1DFD     1DFD        F         0
                text127                            1D2E     1D2E        A         0
                text126                             1B2      1B2      146         0
                text125                            1161     1161       24         0
                text123                            1CB2     1CB2        3         0
                text122                            1571     1571       4A         0
                text121                            1F0A     1F0A       14         0
                text120                            1F32     1F32       15         0
                text119                            1CE5     1CE5        5         0
                text118                            1F74     1F74       19         0
                text117                            1CC5     1CC5        4         0
                text116                            1CC9     1CC9        4         0
                text115                             800      800       26         0
                text114                            1D9A     1D9A        C         0
                text113                            10FB     10FB       21         0
                text112                            1FE1     1FE1       1F         0
                text111                            11AC     11AC       2A         0
                text110                            14E5     14E5       43         0
                text109                            1CCD     1CCD        4         0
                text108                            1F47     1F47       15         0
                text107                            1D4D     1D4D        B         0
                text106                            1CEA     1CEA        6         0
                text105                            1CD1     1CD1        4         0
                text104                            16A3     16A3       54         0
                text103                            17A7     17A7       59         0
                text102                            1D58     1D58        B         0
                text101                            1E2A     1E2A       10         0
                text100                            1E3A     1E3A       10         0
                text99                             1EAE     1EAE       12         0
                text98                             11D6     11D6       2A         0
                text97                              937      937       5D         0
                text96                             1FC3     1FC3       1E         0
                text95                             107B     107B       20         0
                text94                             1528     1528       49         0
                text93                             16F7     16F7       58         0
                text92                              994      994       5D         0
                text91                             1CD5     1CD5        4         0
                text90                             1CB0     1CB0        1         0
                text89                             1185     1185       27         0
                text88                             1DE2     1DE2        D         0
                text87                             1D03     1D03        8         0
                text86                             1200     1200       2B         0
                text85                             12BC     12BC       33         0
                text84                             1DA6     1DA6        C         0
                text83                             1D63     1D63        B         0
                text82                             1357     1357       36         0
                text81                              A51      A51       61         0
                text80                             111C     111C       22         0
                text79                              43C      43C       F6         0
                text78                              EA3      EA3       A9         0
                text77                             1D13     1D13        9         0
                text76                              C5E      C5E       87         0
                text75                              B13      B13       65         0
                text74                              87F      87F       5C         0
                text73                              6D6      6D6       BF         0
                text72                              CE5      CE5       89         0
                text71                              795      795       66         0
                text70                              826      826       59         0
                text69                             125A     125A       30         0
                text68                             1F8D     1F8D       1A         0
                text67                             1D1C     1D1C        9         0
                text66                             122B     122B       2F         0
                text65                             1DB2     1DB2        C         0
                text64                              532      532       DC         0
                text63                             1DBE     1DBE        C         0
                text62                             1606     1606       4E         0
                text61                             138D     138D       36         0
                text60                             1E6A     1E6A       11         0
                text59                             1CD9     1CD9        4         0
                text58                             12EF     12EF       33         0
                text57                             1CDD     1CDD        4         0
                text56                             1FA7     1FA7       1C         0
                text55                              7FB      7FB        5         0
                text54                             1D38     1D38        A         0
                text53                             1E4A     1E4A       10         0
                text52                             1D0B     1D0B        8         0
                text51                             1DEF     1DEF        E         0
                text50                              2F8      2F8      144         0
                text49                             1CFC     1CFC        7         0
                text48                             1CE1     1CE1        4         0
                text47                             1DCA     1DCA        C         0
                text46                             1F5C     1F5C       18         0
                text45                             1DD6     1DD6        C         0
                text44                             1D6E     1D6E        B         0
                text43                             1EC0     1EC0       12         0
                text42                             1D79     1D79        B         0
                text41                             1CB5     1CB5        3         0
                text40                              AB2      AB2       61         0
                text39                             1E0C     1E0C        F         0
                text38                             1E7B     1E7B       11         0
                text37                             1E8C     1E8C       11         0
                text36                             1EE4     1EE4       13         0
                text35                              F4C      F4C       B4         0
                text34                              B78      B78       65         0
                text33                             113E     113E       23         0
                text32                             128A     128A       32         0
                text31                             14A5     14A5       40         0
                text30                             1468     1468       3D         0
                text29                             1654     1654       4F         0
                text28                              9F1      9F1       60         0
                text27                             1EF7     1EF7       13         0
                text26                             13C3     13C3       36         0
                text25                              D6E      D6E       90         0
                text24                              60E      60E       C8         0
                text23                             1CB8     1CB8        3         0
                text22                             1066     1066       15         0
                text21                             1E5A     1E5A       10         0
                text20                             1D25     1D25        9         0
                text19                             1D84     1D84        B         0
                text18                              8DB      8DB       5C         0
                text17                             1D8F     1D8F        B         0
                text16                             1E9D     1E9D       11         0
                text15                             1322     1322       35         0
                text14                             1F1E     1F1E       14         0
                text13                               43       43      16F         0
                text12                             109B     109B       20         0
                text11                             1CB1     1CB1        1         0
                text10                             1CBB     1CBB        3         0
                text9                               DFE      DFE       A5         0
                text8                              1CBE     1CBE        3         0
                text7                                 2        2        2         0
                text6                              1ED2     1ED2       12         0
                text5                              10BB     10BB       20         0
                text4                               BDD      BDD       81         0
                text3                              13F9     13F9       37         0
                text2                              1E1B     1E1B        F         0
                text1                              15BB     15BB       4B         0
                maintext                           174F     174F       58         0
                inittext                           1CF0     1CF0        6         0
                clrtext                            1CF6     1CF6        6         0
                idataBANK4                         10DB     10DB       20         0

        CLASS   STRCODE        
                stringtext                         1000     1000       66         0

        CLASS   ENTRY          

        CLASS   STRING         

        CLASS   COMMON         
                cstackCOMMON                         70       70        8         1
                bssCOMMON                            78       78        5         1
                bitbssCOMMON                        3E8       7D        2         1

        CLASS   BANK0          
                cstackBANK0                          20       20       4E         1
                bssBANK0                             6F       6F        1         1
                nvBANK0                              6E       6E        1         1

        CLASS   BANK1          
                cstackBANK1                          E8       E8        7         1
                bssBANK1                             A0       A0       48         1

        CLASS   BANK2          
                bssBANK2                            120      120       50         1

        CLASS   BANK3          
                bssBANK3                            1A0      1A0       46         1

        CLASS   BANK4          
                dataBANK4                           220      220       20         1

        CLASS   BANK5          

        CLASS   BANK6          

        CLASS   BANK7          

        CLASS   BANK8          

        CLASS   BANK9          

        CLASS   BANK10         

        CLASS   BANK11         

        CLASS   BANK12         

        CLASS   BIGRAM         

        CLASS   RAM            

        CLASS   ABS1           
                abs_s1                               7E       7E        2         1

        CLASS   SFR0           

        CLASS   SFR1           

        CLASS   SFR2           

        CLASS   SFR3           

        CLASS   SFR4           

        CLASS   SFR5           

        CLASS   SFR6           

        CLASS   SFR7           

        CLASS   SFR8           

        CLASS   SFR9           

        CLASS   SFR10          

        CLASS   SFR11          

        CLASS   SFR12          

        CLASS   SFR13          

        CLASS   SFR14          

        CLASS   SFR15          

        CLASS   SFR16          

        CLASS   SFR17          

        CLASS   SFR18          

        CLASS   SFR19          

        CLASS   SFR20          

        CLASS   SFR21          

        CLASS   SFR22          

        CLASS   SFR23          

        CLASS   SFR24          

        CLASS   SFR25          

        CLASS   SFR26          

        CLASS   SFR27          

        CLASS   SFR28          

        CLASS   SFR29          

        CLASS   SFR30          

        CLASS   SFR31          

        CLASS   CONFIG         
                config                             8007     8007        2         0

        CLASS   IDLOC          

        CLASS   BANK31         

        CLASS   BANK30         

        CLASS   BANK29         

        CLASS   BANK28         

        CLASS   BANK27         

        CLASS   BANK26         

        CLASS   BANK25         

        CLASS   BANK24         

        CLASS   BANK23         

        CLASS   BANK22         

        CLASS   BANK21         

        CLASS   BANK20         

        CLASS   BANK19         

        CLASS   BANK18         

        CLASS   BANK17         

        CLASS   BANK16         

        CLASS   BANK15         

        CLASS   BANK14         

        CLASS   BANK13         

        CLASS   EEDATA         



SEGMENTS        Name                           Load    Length   Top    Selector   Space  Class     Delta

                reset_vec                      000000  000004  000004         0       0  CODE        2
                intentry                       000004  0007FC  000800         8       0  CODE        2
                cstackBANK0                    000020  000050  000070        20       1  BANK0       1
                cstackCOMMON                   000070  00000E  00007E        70       1  COMMON      1
                bssBANK1                       0000A0  00004F  0000EF        A0       1  BANK1       1
                bssBANK2                       000120  000050  000170       120       1  BANK2       1
                bssBANK3                       0001A0  000046  0001E6       1A0       1  BANK3       1
                dataBANK4                      000220  000020  000240       220       1  BANK4       1
                text115                        000800  000026  000826      1000       0  CODE        2
                text70                         000826  000059  00087F      104C       0  CODE        2
                text74                         00087F  00005C  0008DB      10FE       0  CODE        2
                text18                         0008DB  00005C  000937      11B6       0  CODE        2
                text97                         000937  00005D  000994      126E       0  CODE        2
                text92                         000994  00005D  0009F1      1328       0  CODE        2
                text28                         0009F1  000060  000A51      13E2       0  CODE        2
                text81                         000A51  000061  000AB2      14A2       0  CODE        2
                text40                         000AB2  000061  000B13      1564       0  CODE        2
                text75                         000B13  000065  000B78      1626       0  CODE        2
                text34                         000B78  000065  000BDD      16F0       0  CODE        2
                text4                          000BDD  000081  000C5E      17BA       0  CODE        2
                text76                         000C5E  000087  000CE5      18BC       0  CODE        2
                text72                         000CE5  000089  000D6E      19CA       0  CODE        2
                text25                         000D6E  000090  000DFE      1ADC       0  CODE        2
                text9                          000DFE  0000A5  000EA3      1BFC       0  CODE        2
                text78                         000EA3  0000A9  000F4C      1D46       0  CODE        2
                text35                         000F4C  0000B4  001000      1E98       0  CODE        2
                stringtext                     001000  000066  001066        20       0  STRCODE     2
                text22                         001066  000015  00107B      20CC       0  CODE        2
                text95                         00107B  000020  00109B      20F6       0  CODE        2
                text12                         00109B  000020  0010BB      2136       0  CODE        2
                text5                          0010BB  000020  0010DB      2176       0  CODE        2
                idataBANK4                     0010DB  000020  0010FB      21B6       0  CODE        2
                text113                        0010FB  000021  00111C      21F6       0  CODE        2
                text80                         00111C  000022  00113E      2238       0  CODE        2
                text33                         00113E  000023  001161      227C       0  CODE        2
                text125                        001161  000024  001185      22C2       0  CODE        2
                text89                         001185  000027  0011AC      230A       0  CODE        2
                text111                        0011AC  00002A  0011D6      2358       0  CODE        2
                text98                         0011D6  00002A  001200      23AC       0  CODE        2
                text86                         001200  00002B  00122B      2400       0  CODE        2
                text66                         00122B  00002F  00125A      2456       0  CODE        2
                text69                         00125A  000030  00128A      24B4       0  CODE        2
                text32                         00128A  000032  0012BC      2514       0  CODE        2
                text85                         0012BC  000033  0012EF      2578       0  CODE        2
                text58                         0012EF  000033  001322      25DE       0  CODE        2
                text15                         001322  000035  001357      2644       0  CODE        2
                text82                         001357  000036  00138D      26AE       0  CODE        2
                text61                         00138D  000036  0013C3      271A       0  CODE        2
                text26                         0013C3  000036  0013F9      2786       0  CODE        2
                text3                          0013F9  000037  001430      27F2       0  CODE        2
                text130                        001430  000038  001468      2860       0  CODE        2
                text30                         001468  00003D  0014A5      28D0       0  CODE        2
                text31                         0014A5  000040  0014E5      294A       0  CODE        2
                text110                        0014E5  000043  001528      29CA       0  CODE        2
                text94                         001528  000049  001571      2A50       0  CODE        2
                text122                        001571  00004A  0015BB      2AE2       0  CODE        2
                text1                          0015BB  00004B  001606      2B76       0  CODE        2
                text62                         001606  00004E  001654      2C0C       0  CODE        2
                text29                         001654  00004F  0016A3      2CA8       0  CODE        2
                text104                        0016A3  000054  0016F7      2D46       0  CODE        2
                text93                         0016F7  000058  00174F      2DEE       0  CODE        2
                maintext                       00174F  000058  0017A7      2E9E       0  CODE        2
                text103                        0017A7  000059  001800      2F4E       0  CODE        2
                text90                         001CB0  000001  001CB1      3960       0  CODE        2
                text11                         001CB1  000001  001CB2      3962       0  CODE        2
                text123                        001CB2  000003  001CB5      3964       0  CODE        2
                text41                         001CB5  000003  001CB8      396A       0  CODE        2
                text23                         001CB8  000003  001CBB      3970       0  CODE        2
                text10                         001CBB  000003  001CBE      3976       0  CODE        2
                text8                          001CBE  000003  001CC1      397C       0  CODE        2
                text129                        001CC1  000004  001CC5      3982       0  CODE        2
                text117                        001CC5  000004  001CC9      398A       0  CODE        2
                text116                        001CC9  000004  001CCD      3992       0  CODE        2
                text109                        001CCD  000004  001CD1      399A       0  CODE        2
                text105                        001CD1  000004  001CD5      39A2       0  CODE        2
                text91                         001CD5  000004  001CD9      39AA       0  CODE        2
                text59                         001CD9  000004  001CDD      39B2       0  CODE        2
                text57                         001CDD  000004  001CE1      39BA       0  CODE        2
                text48                         001CE1  000004  001CE5      39C2       0  CODE        2
                text119                        001CE5  000005  001CEA      39CA       0  CODE        2
                text106                        001CEA  000006  001CF0      39D4       0  CODE        2
                inittext                       001CF0  000006  001CF6      39E0       0  CODE        2
                clrtext                        001CF6  000006  001CFC      39EC       0  CODE        2
                text49                         001CFC  000007  001D03      39F8       0  CODE        2
                text87                         001D03  000008  001D0B      3A06       0  CODE        2
                text52                         001D0B  000008  001D13      3A16       0  CODE        2
                text77                         001D13  000009  001D1C      3A26       0  CODE        2
                text67                         001D1C  000009  001D25      3A38       0  CODE        2
                text20                         001D25  000009  001D2E      3A4A       0  CODE        2
                text127                        001D2E  00000A  001D38      3A5C       0  CODE        2
                text54                         001D38  00000A  001D42      3A70       0  CODE        2
                text131                        001D42  00000B  001D4D      3A84       0  CODE        2
                text107                        001D4D  00000B  001D58      3A9A       0  CODE        2
                text102                        001D58  00000B  001D63      3AB0       0  CODE        2
                text83                         001D63  00000B  001D6E      3AC6       0  CODE        2
                text44                         001D6E  00000B  001D79      3ADC       0  CODE        2
                text42                         001D79  00000B  001D84      3AF2       0  CODE        2
                text19                         001D84  00000B  001D8F      3B08       0  CODE        2
                text17                         001D8F  00000B  001D9A      3B1E       0  CODE        2
                text114                        001D9A  00000C  001DA6      3B34       0  CODE        2
                text84                         001DA6  00000C  001DB2      3B4C       0  CODE        2
                text65                         001DB2  00000C  001DBE      3B64       0  CODE        2
                text63                         001DBE  00000C  001DCA      3B7C       0  CODE        2
                text47                         001DCA  00000C  001DD6      3B94       0  CODE        2
                text45                         001DD6  00000C  001DE2      3BAC       0  CODE        2
                text88                         001DE2  00000D  001DEF      3BC4       0  CODE        2
                text51                         001DEF  00000E  001DFD      3BDE       0  CODE        2
                text128                        001DFD  00000F  001E0C      3BFA       0  CODE        2
                text39                         001E0C  00000F  001E1B      3C18       0  CODE        2
                text2                          001E1B  00000F  001E2A      3C36       0  CODE        2
                text101                        001E2A  000010  001E3A      3C54       0  CODE        2
                text100                        001E3A  000010  001E4A      3C74       0  CODE        2
                text53                         001E4A  000010  001E5A      3C94       0  CODE        2
                text21                         001E5A  000010  001E6A      3CB4       0  CODE        2
                text60                         001E6A  000011  001E7B      3CD4       0  CODE        2
                text38                         001E7B  000011  001E8C      3CF6       0  CODE        2
                text37                         001E8C  000011  001E9D      3D18       0  CODE        2
                text16                         001E9D  000011  001EAE      3D3A       0  CODE        2
                text99                         001EAE  000012  001EC0      3D5C       0  CODE        2
                text43                         001EC0  000012  001ED2      3D80       0  CODE        2
                text6                          001ED2  000012  001EE4      3DA4       0  CODE        2
                text36                         001EE4  000013  001EF7      3DC8       0  CODE        2
                text27                         001EF7  000013  001F0A      3DEE       0  CODE        2
                text121                        001F0A  000014  001F1E      3E14       0  CODE        2
                text14                         001F1E  000014  001F32      3E3C       0  CODE        2
                text120                        001F32  000015  001F47      3E64       0  CODE        2
                text108                        001F47  000015  001F5C      3E8E       0  CODE        2
                text46                         001F5C  000018  001F74      3EB8       0  CODE        2
                text118                        001F74  000019  001F8D      3EE8       0  CODE        2
                text68                         001F8D  00001A  001FA7      3F1A       0  CODE        2
                text56                         001FA7  00001C  001FC3      3F4E       0  CODE        2
                text96                         001FC3  00001E  001FE1      3F86       0  CODE        2
                text112                        001FE1  00001F  002000      3FC2       0  CODE        2
                config                         008007  000002  008009     1000E       0  CONFIG      2


UNUSED ADDRESS RANGES

        Name                Unused          Largest block    Delta
        BANK1            000EF-000EF               1           1
        BANK10           00520-0056F              50           1
        BANK11           005A0-005EF              50           1
        BANK12           00620-0064F              30           1
        BANK3            001E6-001EF               A           1
        BANK4            00240-0026F              30           1
        BANK5            002A0-002EF              50           1
        BANK6            00320-0036F              50           1
        BANK7            003A0-003EF              50           1
        BANK8            00420-0046F              50           1
        BANK9            004A0-004EF              50           1
        BIGRAM           02000-023EF             3F0           1
        CODE             01800-01CAF             4B0           2
                         02000-03FFF             800
        CONST            01800-01CAF             100           2
                         02000-03FFF             100
        ENTRY            01800-01CAF             100           2
                         02000-03FFF             100
        IDLOC            08000-08003               4           2
        RAM              000EF-000EF               1           1
                         001E6-001EF               A
                         00240-0026F              30
                         002A0-002EF              50
                         00320-0036F              50
                         003A0-003EF              50
                         00420-0046F              50
                         004A0-004EF              50
                         00520-0056F              50
                         005A0-005EF              50
                         00620-0064F              30
        SFR0             00000-0001F              20           1
        SFR1             00080-0009F              20           1
        SFR10            00500-0051F              20           1
        SFR11            00580-0059F              20           1
        SFR12            00600-0061F              20           1
        SFR13            00680-006EF              70           1
        SFR14            00700-0076F              70           1
        SFR15            00780-007EF              70           1
        SFR16            00800-0086F              70           1
        SFR17            00880-008EF              70           1
        SFR18            00900-0096F              70           1
        SFR19            00980-009EF              70           1
        SFR2             00100-0011F              20           1
        SFR20            00A00-00A6F              70           1
        SFR21            00A80-00AEF              70           1
        SFR22            00B00-00B6F              70           1
        SFR23            00B80-00BEF              70           1
        SFR24            00C00-00C6F              70           1
        SFR25            00C80-00CEF              70           1
        SFR26            00D00-00D6F              70           1
        SFR27            00D80-00DEF              70           1
        SFR28            00E00-00E6F              70           1
        SFR29            00E80-00EEF              70           1
        SFR3             00180-0019F              20           1
        SFR30            00F00-00F6F              70           1
        SFR31            00F80-00FEF              70           1
        SFR4             00200-0021F              20           1
        SFR5             00280-0029F              20           1
        SFR6             00300-0031F              20           1
        SFR7             00380-0039F              20           1
        SFR8             00400-0041F              20           1
        SFR9             00480-0049F              20           1
        STACK            02160-0231F             1C0           1
        STRCODE          01800-01CAF             4B0           2
                         02000-03FFF            2000
        STRING           01800-01CAF             100           2
                         02000-03FFF             100

                                  Symbol Table

?___awdiv                                cstackBANK0  00020
?___awtoft                               cstackBANK0  00028
?___ftadd                                cstackBANK0  00041
?___ftdiv                                cstackBANK0  0002E
?___ftmul                                cstackBANK0  0002E
?___ftneg                                cstackBANK0  0003E
?___ftpack                               cstackBANK0  00020
?___fttol                                cstackBANK0  0004E
?_getAD                                  cstackBANK0  00020
?_getBuz_GO                              cstackBANK0  00020
CC2500_InitPATable@loop_d                cstackBANK0  00027
CC2500_InitPATable@temp                  cstackBANK0  00026
CC2500_InitSetREG@loop_c                 cstackBANK0  00028
CC2500_InitSetREG@temp1                  cstackBANK0  00026
CC2500_InitSetREG@temp2                  cstackBANK0  00027
CC2500_TxData@loop_e                     cstackBANK0  00025
CC2500_WriteByte@loop_a                  cstackBANK0  00021
CC2500_WriteCommand@command              cstackBANK0  00023
CC2500_WriteREG@value                    cstackBANK0  00022
CC2500_WriteREG@w_addr                   cstackBANK0  00024
DelayOffPointSelect@sw                   cstackBANK0  00021
DelayTime_1us@count                      cstackBANK0  00020
DelayTime_1us@i                          cstackBANK0  00022
DelayTime_1us@j                          cstackBANK0  00024
DelayTimejudge@i                         cstackBANK0  00026
DelayTimejudge@j                         cstackBANK0  00027
DelayTimejudge@k                         cstackBANK0  00028
DelayTimejudge@value                     cstackBANK0  00029
DimmerIntrIOCPointSelect@lights          cstackCOMMON 00071
DimmerIntrPointSelect@lights             cstackCOMMON 00071
DimmerLightsPointSelect@lights           cstackBANK0  00021
DlyOff_Initialization@sw                 cstackBANK0  00022
DlyOff_Main@sw                           cstackBANK0  00038
Flash_Memory_Initialization@i            cstackBANK0  00063
Flash_Memory_Modify@i                    cstackBANK0  00025
Flash_Memory_Read@address                cstackBANK0  00022
Flash_Memory_Read@i                      cstackBANK0  00021
Flash_Memory_Read@ret                    cstackBANK0  00023
Flash_Memory_Write@i                     cstackBANK0  00021
LedPointSelect@led                       cstackBANK0  00021
Load_Main@adjgo                          cstackBANK0  0002C
Load_Main@error                          cstackBANK0  0002E
Load_Main@i                              cstackBANK0  0002F
Load_Main@j                              cstackBANK0  0002B
SwPointSelect@sw                         cstackBANK0  00021
Switch_Main@error                        cstackBANK0  0003E
_ADCON0                                  (abs)        0009D
_ADCON1                                  (abs)        0009E
_ADC_Set                                 text49       01CFC
_ADRESH                                  (abs)        0009C
_ADRESL                                  (abs)        0009B
_ANSELA                                  (abs)        0018C
_ANSELB                                  (abs)        0018D
_ANSELC                                  (abs)        0018E
_Buz1                                    bssBANK1     000AF
_Buzzer_Initialization                   text123      01CB2
_Buzzer_Main                             text122      01571
_CC2500_ClearRXFIFO                      text117      01CC5
_CC2500_ClearTXFIFO                      text116      01CC9
_CC2500_FrequencyCabr                    text114      01D9A
_CC2500_InitPATable                      text112      01FE1
_CC2500_InitSetREG                       text111      011AC
_CC2500_PowerOnInitial                   text108      01F47
_CC2500_PowerRST                         text110      014E5
_CC2500_SIDLEMode                        text109      01CCD
_CC2500_TxData                           text40       00AB2
_CC2500_WriteByte                        text121      01F0A
_CC2500_WriteCommand                     text118      01F74
_CC2500_WriteREG                         text113      010FB
_CC2500_patable_vaule                    stringtext   0105E
_CC2500_registers_address                stringtext   01000
_CC2500_rfSettings                       stringtext   0102F
_CFGS                                    (abs)        00CAE
_CRC                                     bssBANK1     000CC
_DelayOff                                bssCOMMON    00078
_DelayOffPointSelect                     text107      01D4D
_DelayOff_Initialization                 text105      01CD1
_DelayOff_Main                           text91       01CD5
_DelayTime_1us                           text115      00800
_DelayTimejudge                          text98       011D6
_Dimmer                                  bssBANK2     0013E
_DimmerIntrIOCPointSelect                text131      01D42
_DimmerIntrPointSelect                   text127      01D2E
_DimmerLights                            bssBANK0     0006F
_DimmerLights1                           bssBANK3     001C5
_DimmerLights11                          bssBANK1     000CD
_DimmerLightsIntr                        bssCOMMON    00079
_DimmerLightsIntrIOC                     bssBANK1     000CE
_DimmerLightsPointSelect                 text102      01D58
_DimmerLights_Initialization             text88       01DE2
_DimmerLights_Main                       text69       0125A
_DimmerLights_Main$2345                  cstackBANK0  00069
_Dimmer_Initialization                   text90       01CB0
_DlyOff_Initialization                   text106      01CEA
_DlyOff_Main                             text92       00994
_DlySw1                                  bssBANK3     001DD
_FREE                                    (abs)        00CAC
_FVRCON                                  (abs)        00117
_Flash_Memory_Erasing                    text63       01DBE
_Flash_Memory_Initialization             text64       00532
_Flash_Memory_Main                       text61       0138D
_Flash_Memory_Modify                     text62       01606
_Flash_Memory_Read                       text68       01F8D
_Flash_Memory_Unlock                     text67       01D1C
_Flash_Memory_Write                      text66       0122B
_Fosc_Set                                text48       01CE1
_GIE                                     (abs)        0005F
_GO_nDONE                                (abs)        004E9
_IOCBF                                   (abs)        00396
_IOCBF2                                  (abs)        01CB2
_IOCBN                                   (abs)        00395
_IOCBP                                   (abs)        00394
_IOCIE                                   (abs)        0005B
_IOCIF                                   (abs)        00058
_IOC_ISR                                 text128      01DFD
_IOC_Set                                 text47       01DCA
_IO_Set                                  text46       01F5C
_ISR                                     intentry     00004
_LATA                                    (abs)        0010C
_LATB                                    (abs)        0010D
_LATC                                    (abs)        0010E
_LED                                     bssCOMMON    0007A
_LED_Initialization                      text59       01CD9
_LED_Main                                text57       01CDD
_LWLO                                    (abs)        00CAD
_LedPointSelect                          text83       01D63
_Load                                    bssBANK2     00143
_Load_Initialization                     text55       007FB
_Load_Main                               text50       002F8
_Load_Main$4107                          cstackBANK0  0002D
_Mcu_Initialization                      text43       01EC0
_Memory                                  bssBANK3     001A0
_OSCCON                                  (abs)        00099
_PEIE                                    (abs)        0005E
_PMADRH                                  (abs)        00192
_PMADRL                                  (abs)        00191
_PMCON2                                  (abs)        00196
_PMDATH                                  (abs)        00194
_PMDATL                                  (abs)        00193
_PORTA                                   (abs)        0000C
_PORTB                                   (abs)        0000D
_PORTC                                   (abs)        0000E
_RA0                                     (abs)        00060
_RA4                                     (abs)        00064
_RA6                                     (abs)        00066
_RA7                                     (abs)        00067
_RB0                                     (abs)        00068
_RB1                                     (abs)        00069
_RB2                                     (abs)        0006A
_RB3                                     (abs)        0006B
_RB5                                     (abs)        0006D
_RC0                                     (abs)        00070
_RC1                                     (abs)        00071
_RC3                                     (abs)        00073
_RC4                                     (abs)        00074
_RC5                                     (abs)        00075
_RD                                      (abs)        00CA8
_RF1                                     bssBANK1     000BB
_RF_Count                                bssBANK2     00141
_RF_Data                                 bssBANK2     00120
_RF_Initialization                       text41       01CB5
_RF_Main                                 text23       01CB8
_RF_RxDisable                            text39       01E0C
_RSSI                                    bssBANK1     000CF
_Receive_OK                              bitbssCOMMON 003E8
_Rx_Length                               bssBANK1     000D0
_SPI0Buffer                              bssCOMMON    0007B
_Sw                                      bssCOMMON    0007C
_Sw1                                     bssBANK3     001D4
_SwDetect                                bssBANK1     000D1
_SwPointSelect                           text17       01D8F
_Switch_Initialization                   text20       01D25
_Switch_Main                             text12       0109B
_T1CON                                   (abs)        00018
_TMR1H                                   (abs)        00017
_TMR1IE                                  (abs)        00488
_TMR1IF                                  (abs)        00088
_TMR1L                                   (abs)        00016
_TMR1_ISR                                text125      01161
_TMR1_Set                                text45       01DD6
_TRISA                                   (abs)        0008C
_TRISB                                   (abs)        0008D
_TRISC                                   (abs)        0008E
_Temp                                    bssBANK1     000D6
_Temp_Initialization                     text10       01CBB
_Temp_Main                               text8        01CBE
_Timeout_Counter                         text120      01F32
_Timer1                                  bssBANK1     000C7
_TouchPower                              text22       01066
_Transceive_OK                           bitbssCOMMON 003E9
_Tx_Length                               bssBANK1     000D2
_VarErrLED                               bssBANK3     001E2
_WDT                                     bssBANK1     000CA
_WDTCON                                  (abs)        00097
_WDT_Clearing                            text7        00002
_WDT_Main                                text6        01ED2
_WDT_Set                                 text44       01D6E
_WPUB1                                   (abs)        01069
_WPUB2                                   (abs)        0106A
_WR                                      (abs)        00CA9
_WREN                                    (abs)        00CAA
__CFG_BOREN$OFF                          (abs)        00000
__CFG_FOSC$INTOSC                        (abs)        00000
__CFG_VCAPEN$OFF                         (abs)        00000
__CFG_WDTE$ON                            (abs)        00000
__CFG_WRT$HALF                           (abs)        00000
__Habs1                                  abs1         00000
__Hbank0                                 bank0        00000
__Hbank1                                 bank1        00000
__Hbank10                                bank10       00000
__Hbank11                                bank11       00000
__Hbank12                                bank12       00000
__Hbank13                                bank13       00000
__Hbank14                                bank14       00000
__Hbank15                                bank15       00000
__Hbank16                                bank16       00000
__Hbank17                                bank17       00000
__Hbank18                                bank18       00000
__Hbank19                                bank19       00000
__Hbank2                                 bank2        00000
__Hbank20                                bank20       00000
__Hbank21                                bank21       00000
__Hbank22                                bank22       00000
__Hbank23                                bank23       00000
__Hbank24                                bank24       00000
__Hbank25                                bank25       00000
__Hbank26                                bank26       00000
__Hbank27                                bank27       00000
__Hbank28                                bank28       00000
__Hbank29                                bank29       00000
__Hbank3                                 bank3        00000
__Hbank30                                bank30       00000
__Hbank31                                bank31       00000
__Hbank4                                 bank4        00000
__Hbank5                                 bank5        00000
__Hbank6                                 bank6        00000
__Hbank7                                 bank7        00000
__Hbank8                                 bank8        00000
__Hbank9                                 bank9        00000
__Hbigram                                bigram       00000
__HbitbssCOMMON                          bitbssCOMMON 00000
__HbssBANK0                              bssBANK0     00000
__HbssBANK1                              bssBANK1     00000
__HbssBANK2                              bssBANK2     00000
__HbssBANK3                              bssBANK3     00000
__HbssCOMMON                             bssCOMMON    00000
__Hcinit                                 cinit        00043
__Hclrtext                               clrtext      00000
__Hcode                                  code         00000
__Hcommon                                common       00000
__Hconfig                                config       08009
__HcstackBANK0                           cstackBANK0  00000
__HcstackBANK1                           cstackBANK1  00000
__HcstackCOMMON                          cstackCOMMON 00000
__HdataBANK4                             dataBANK4    00000
__Heeprom_data                           eeprom_data  00000
__Hend_init                              end_init     00015
__Hfunctab                               functab      00000
__HidataBANK4                            idataBANK4   00000
__Hidloc                                 idloc        00000
__Hinit                                  init         00013
__Hinittext                              inittext     00000
__Hintentry                              intentry     00013
__Hmaintext                              maintext     00000
__HnvBANK0                               nvBANK0      00000
__Hpowerup                               powerup      00000
__Hram                                   ram          00000
__Hreset_vec                             reset_vec    00002
__Hsfr0                                  sfr0         00000
__Hsfr1                                  sfr1         00000
__Hsfr10                                 sfr10        00000
__Hsfr11                                 sfr11        00000
__Hsfr12                                 sfr12        00000
__Hsfr13                                 sfr13        00000
__Hsfr14                                 sfr14        00000
__Hsfr15                                 sfr15        00000
__Hsfr16                                 sfr16        00000
__Hsfr17                                 sfr17        00000
__Hsfr18                                 sfr18        00000
__Hsfr19                                 sfr19        00000
__Hsfr2                                  sfr2         00000
__Hsfr20                                 sfr20        00000
__Hsfr21                                 sfr21        00000
__Hsfr22                                 sfr22        00000
__Hsfr23                                 sfr23        00000
__Hsfr24                                 sfr24        00000
__Hsfr25                                 sfr25        00000
__Hsfr26                                 sfr26        00000
__Hsfr27                                 sfr27        00000
__Hsfr28                                 sfr28        00000
__Hsfr29                                 sfr29        00000
__Hsfr3                                  sfr3         00000
__Hsfr30                                 sfr30        00000
__Hsfr31                                 sfr31        00000
__Hsfr4                                  sfr4         00000
__Hsfr5                                  sfr5         00000
__Hsfr6                                  sfr6         00000
__Hsfr7                                  sfr7         00000
__Hsfr8                                  sfr8         00000
__Hsfr9                                  sfr9         00000
__Hspace_0                               (abs)        08009
__Hspace_1                               (abs)        003EA
__Hspace_2                               (abs)        00000
__Hspace_3                               (abs)        00000
__Hstack                                 stack        00000
__Hstrings                               strings      00000
__Hstringtext                            stringtext   00000
__Htext                                  text         00000
__Labs1                                  abs1         00000
__Lbank0                                 bank0        00000
__Lbank1                                 bank1        00000
__Lbank10                                bank10       00000
__Lbank11                                bank11       00000
__Lbank12                                bank12       00000
__Lbank13                                bank13       00000
__Lbank14                                bank14       00000
__Lbank15                                bank15       00000
__Lbank16                                bank16       00000
__Lbank17                                bank17       00000
__Lbank18                                bank18       00000
__Lbank19                                bank19       00000
__Lbank2                                 bank2        00000
__Lbank20                                bank20       00000
__Lbank21                                bank21       00000
__Lbank22                                bank22       00000
__Lbank23                                bank23       00000
__Lbank24                                bank24       00000
__Lbank25                                bank25       00000
__Lbank26                                bank26       00000
__Lbank27                                bank27       00000
__Lbank28                                bank28       00000
__Lbank29                                bank29       00000
__Lbank3                                 bank3        00000
__Lbank30                                bank30       00000
__Lbank31                                bank31       00000
__Lbank4                                 bank4        00000
__Lbank5                                 bank5        00000
__Lbank6                                 bank6        00000
__Lbank7                                 bank7        00000
__Lbank8                                 bank8        00000
__Lbank9                                 bank9        00000
__Lbigram                                bigram       00000
__LbitbssCOMMON                          bitbssCOMMON 00000
__LbssBANK0                              bssBANK0     00000
__LbssBANK1                              bssBANK1     00000
__LbssBANK2                              bssBANK2     00000
__LbssBANK3                              bssBANK3     00000
__LbssCOMMON                             bssCOMMON    00000
__Lcinit                                 cinit        00015
__Lclrtext                               clrtext      00000
__Lcode                                  code         00000
__Lcommon                                common       00000
__Lconfig                                config       08007
__LcstackBANK0                           cstackBANK0  00000
__LcstackBANK1                           cstackBANK1  00000
__LcstackCOMMON                          cstackCOMMON 00000
__LdataBANK4                             dataBANK4    00000
__Leeprom_data                           eeprom_data  00000
__Lend_init                              end_init     00013
__Lfunctab                               functab      00000
__LidataBANK4                            idataBANK4   00000
__Lidloc                                 idloc        00000
__Linit                                  init         00013
__Linittext                              inittext     00000
__Lintentry                              intentry     00004
__Lmaintext                              maintext     00000
__LnvBANK0                               nvBANK0      00000
__Lpowerup                               powerup      00000
__Lram                                   ram          00000
__Lreset_vec                             reset_vec    00000
__Lsfr0                                  sfr0         00000
__Lsfr1                                  sfr1         00000
__Lsfr10                                 sfr10        00000
__Lsfr11                                 sfr11        00000
__Lsfr12                                 sfr12        00000
__Lsfr13                                 sfr13        00000
__Lsfr14                                 sfr14        00000
__Lsfr15                                 sfr15        00000
__Lsfr16                                 sfr16        00000
__Lsfr17                                 sfr17        00000
__Lsfr18                                 sfr18        00000
__Lsfr19                                 sfr19        00000
__Lsfr2                                  sfr2         00000
__Lsfr20                                 sfr20        00000
__Lsfr21                                 sfr21        00000
__Lsfr22                                 sfr22        00000
__Lsfr23                                 sfr23        00000
__Lsfr24                                 sfr24        00000
__Lsfr25                                 sfr25        00000
__Lsfr26                                 sfr26        00000
__Lsfr27                                 sfr27        00000
__Lsfr28                                 sfr28        00000
__Lsfr29                                 sfr29        00000
__Lsfr3                                  sfr3         00000
__Lsfr30                                 sfr30        00000
__Lsfr31                                 sfr31        00000
__Lsfr4                                  sfr4         00000
__Lsfr5                                  sfr5         00000
__Lsfr6                                  sfr6         00000
__Lsfr7                                  sfr7         00000
__Lsfr8                                  sfr8         00000
__Lsfr9                                  sfr9         00000
__Lspace_0                               (abs)        00000
__Lspace_1                               (abs)        00000
__Lspace_2                               (abs)        00000
__Lspace_3                               (abs)        00000
__Lstack                                 stack        00000
__Lstrings                               strings      00000
__Lstringtext                            stringtext   00000
__Ltext                                  text         00000
__S0                                     (abs)        08009
__S1                                     (abs)        00240
__S2                                     (abs)        00000
___awdiv                                 text104      016A3
___awdiv@counter                         cstackBANK0  00025
___awdiv@dividend                        cstackBANK0  00022
___awdiv@divisor                         cstackBANK0  00020
___awdiv@quotient                        cstackBANK0  00027
___awdiv@sign                            cstackBANK0  00026
___awtoft                                text80       0111C
___awtoft@c                              cstackBANK0  00028
___awtoft@sign                           cstackBANK0  0002D
___bmul                                  text99       01EAE
___bmul@multiplicand                     cstackBANK0  00020
___bmul@multiplier                       cstackBANK0  00023
___bmul@product                          cstackBANK0  00022
___ftadd                                 text79       0043C
___ftadd@exp1                            cstackBANK0  0004D
___ftadd@exp2                            cstackBANK0  0004C
___ftadd@f1                              cstackBANK0  00041
___ftadd@f2                              cstackBANK0  00044
___ftadd@sign                            cstackBANK0  0004B
___ftdiv                                 text78       00EA3
___ftdiv@cntr                            cstackBANK0  00038
___ftdiv@exp                             cstackBANK0  0003C
___ftdiv@f1                              cstackBANK0  00031
___ftdiv@f2                              cstackBANK0  0002E
___ftdiv@f3                              cstackBANK0  00039
___ftdiv@sign                            cstackBANK0  0003D
___ftmul                                 text35       00F4C
___ftmul@cntr                            cstackBANK0  0003C
___ftmul@exp                             cstackBANK0  00038
___ftmul@f1                              cstackBANK0  0002E
___ftmul@f2                              cstackBANK0  00031
___ftmul@f3_as_product                   cstackBANK0  00039
___ftmul@sign                            cstackBANK0  0003D
___ftneg                                 text77       01D13
___ftneg@f1                              cstackBANK0  0003E
___ftpack                                text81       00A51
___ftpack@arg                            cstackBANK0  00020
___ftpack@exp                            cstackBANK0  00023
___ftpack@sign                           cstackBANK0  00024
___fttol                                 text76       00C5E
___fttol@exp1                            cstackBANK0  0005B
___fttol@f1                              cstackBANK0  0004E
___fttol@lval                            cstackBANK0  00057
___fttol@sign1                           cstackBANK0  00056
___int_sp                                stack        00000
___latbits                               (abs)        00003
___sp                                    stack        00000
__end_of_ADC_Set                         text49       01D03
__end_of_Buzzer_Initialization           text123      01CB5
__end_of_Buzzer_Main                     text122      015BB
__end_of_CC2500_ClearRXFIFO              text117      01CC9
__end_of_CC2500_ClearTXFIFO              text116      01CCD
__end_of_CC2500_FrequencyCabr            text114      01DA6
__end_of_CC2500_InitPATable              text112      02000
__end_of_CC2500_InitSetREG               text111      011D6
__end_of_CC2500_PowerOnInitial           text108      01F5C
__end_of_CC2500_PowerRST                 text110      01528
__end_of_CC2500_SIDLEMode                text109      01CD1
__end_of_CC2500_TxData                   text40       00B13
__end_of_CC2500_WriteByte                text121      01F1E
__end_of_CC2500_WriteCommand             text118      01F8D
__end_of_CC2500_WriteREG                 text113      0111C
__end_of_CC2500_patable_vaule            stringtext   01066
__end_of_CC2500_registers_address        stringtext   0102F
__end_of_CC2500_rfSettings               stringtext   0105E
__end_of_DelayOffPointSelect             text107      01D58
__end_of_DelayOff_Initialization         text105      01CD5
__end_of_DelayOff_Main                   text91       01CD9
__end_of_DelayTime_1us                   text115      00826
__end_of_DelayTimejudge                  text98       01200
__end_of_DimmerIntrIOCPointSelect        text131      01D4D
__end_of_DimmerIntrPointSelect           text127      01D38
__end_of_DimmerLightsPointSelect         text102      01D63
__end_of_DimmerLights_Initialization     text88       01DEF
__end_of_DimmerLights_Main               text69       0128A
__end_of_Dimmer_Initialization           text90       01CB1
__end_of_DlyOff_Initialization           text106      01CF0
__end_of_DlyOff_Main                     text92       009F1
__end_of_Flash_Memory_Erasing            text63       01DCA
__end_of_Flash_Memory_Initialization     text64       0060E
__end_of_Flash_Memory_Main               text61       013C3
__end_of_Flash_Memory_Modify             text62       01654
__end_of_Flash_Memory_Read               text68       01FA7
__end_of_Flash_Memory_Unlock             text67       01D25
__end_of_Flash_Memory_Write              text66       0125A
__end_of_Fosc_Set                        text48       01CE5
__end_of_IOC_ISR                         text128      01E0C
__end_of_IOC_Set                         text47       01DD6
[...]
      Params:         0       0       0       0       0       0       0       0       0       0       0       0       0       0
      Locals:         0       0       0       0       0       0       0       0       0       0       0       0       0       0
      Temps:          0       0       0       0       0       0       0       0       0       0       0       0       0       0
      Totals:         0       0       0       0       0       0       0       0       0       0       0       0       0       0
Total ram usage:        0 bytes
 Hardware stack levels used:    1
 Hardware stack levels required when called:    5
 This function calls:
		Nothing
 This function is called by:
		_main
 This function uses a non-reentrant model


 *************** function _ISR *****************
 Defined at:
		line 107 in file "../src/MCU_B1.c"
 Parameters:    Size  Location     Type
		None
 Auto vars:     Size  Location     Type
		None
 Return value:  Size  Location     Type
		None               void
 Registers used:
		wreg, fsr0l, fsr0h, fsr1l, fsr1h, status,2, status,0, pclath, cstack
 Tracked objects:
		On entry : 
		On exit  : 
		Unchanged: 
 Data sizes:     COMMON   BANK0   BANK1   BANK2   BANK3   BANK4   BANK5   BANK6   BANK7   BANK8   BANK9  BANK10  BANK11  BANK12
      Params:         0       0       0       0       0       0       0       0       0       0       0       0       0       0
      Locals:         0       0       0       0       0       0       0       0       0       0       0       0       0       0
      Temps:          1       0       0       0       0       0       0       0       0       0       0       0       0       0
      Totals:         1       0       0       0       0       0       0       0       0       0       0       0       0       0
Total ram usage:        1 bytes
 Hardware stack levels used:    1
 Hardware stack levels required when called:    4
 This function calls:
		_IOC_ISR
		_TMR1_ISR
 This function is called by:
		Interrupt level 1
 This function uses a non-reentrant model


 *************** function _TMR1_ISR *****************
 Defined at:
		line 209 in file "../src/MCU_B1.c"
 Parameters:    Size  Location     Type
		None
 Auto vars:     Size  Location     Type
		None
 Return value:  Size  Location     Type
		None               void
 Registers used:
		wreg, fsr0l, fsr0h, fsr1l, fsr1h, status,2, status,0, pclath, cstack
 Tracked objects:
		On entry : 
		On exit  : 
		Unchanged: 
 Data sizes:     COMMON   BANK0   BANK1   BANK2   BANK3   BANK4   BANK5   BANK6   BANK7   BANK8   BANK9  BANK10  BANK11  BANK12
      Params:         0       0       0       0       0       0       0       0       0       0       0       0       0       0
      Locals:         0       0       0       0       0       0       0       0       0       0       0       0       0       0
      Temps:          0       0       0       0       0       0       0       0       0       0       0       0       0       0
      Totals:         0       0       0       0       0       0       0       0       0       0       0       0       0       0
Total ram usage:        0 bytes
 Hardware stack levels used:    1
 Hardware stack levels required when called:    2
 This function calls:
		_setDimmerLights_IntrControl
 This function is called by:
		_ISR
 This function uses a non-reentrant model


 *************** function _setDimmerLights_IntrControl *****************
 Defined at:
		line 94 in file "../src/Dimmer_B1.c"
 Parameters:    Size  Location     Type
  lights          1    wreg     unsigned char 
 Auto vars:     Size  Location     Type
  lights          1    6[COMMON] unsigned char 
 Return value:  Size  Location     Type
		None               void
 Registers used:
		wreg, fsr0l, fsr0h, fsr1l, fsr1h, status,2, status,0, pclath, cstack
 Tracked objects:
		On entry : 
		On exit  : 
		Unchanged: 
 Data sizes:     COMMON   BANK0   BANK1   BANK2   BANK3   BANK4   BANK5   BANK6   BANK7   BANK8   BANK9  BANK10  BANK11  BANK12
      Params:         0       0       0       0       0       0       0       0       0       0       0       0       0       0
      Locals:         1       0       0       0       0       0       0       0       0       0       0       0       0       0
      Temps:          4       0       0       0       0       0       0       0       0       0       0       0       0       0
      Totals:         5       0       0       0       0       0       0       0       0       0       0       0       0       0
Total ram usage:        5 bytes
 Hardware stack levels used:    1
 Hardware stack levels required when called:    1
 This function calls:
		_DimmerIntrPointSelect
 This function is called by:
		_TMR1_ISR
 This function uses a non-reentrant model


 *************** function _DimmerIntrPointSelect *****************
 Defined at:
		line 72 in file "../src/Dimmer_B1.c"
 Parameters:    Size  Location     Type
  lights          1    wreg     unsigned char 
 Auto vars:     Size  Location     Type
  lights          1    1[COMMON] unsigned char 
 Return value:  Size  Location     Type
		None               void
 Registers used:
		wreg
 Tracked objects:
		On entry : 
		On exit  : 
		Unchanged: 
 Data sizes:     COMMON   BANK0   BANK1   BANK2   BANK3   BANK4   BANK5   BANK6   BANK7   BANK8   BANK9  BANK10  BANK11  BANK12
      Params:         0       0       0       0       0       0       0       0       0       0       0       0       0       0
      Locals:         1       0       0       0       0       0       0       0       0       0       0       0       0       0
      Temps:          1       0       0       0       0       0       0       0       0       0       0       0       0       0
      Totals:         2       0       0       0       0       0       0       0       0       0       0       0       0       0
Total ram usage:        2 bytes
 Hardware stack levels used:    1
 This function calls:
		Nothing
 This function is called by:
		_setDimmerLights_IntrControl
 This function uses a non-reentrant model


 *************** function _IOC_ISR *****************
 Defined at:
		line 401 in file "../src/MCU_B1.c"
 Parameters:    Size  Location     Type
		None
 Auto vars:     Size  Location     Type
		None
 Return value:  Size  Location     Type
		None               void
 Registers used:
		wreg, fsr1l, fsr1h, status,2, status,0, pclath, cstack
 Tracked objects:
		On entry : 
		On exit  : 
		Unchanged: 
 Data sizes:     COMMON   BANK0   BANK1   BANK2   BANK3   BANK4   BANK5   BANK6   BANK7   BANK8   BANK9  BANK10  BANK11  BANK12
      Params:         0       0       0       0       0       0       0       0       0       0       0       0       0       0
      Locals:         0       0       0       0       0       0       0       0       0       0       0       0       0       0
      Temps:          0       0       0       0       0       0       0       0       0       0       0       0       0       0
      Totals:         0       0       0       0       0       0       0       0       0       0       0       0       0       0
Total ram usage:        0 bytes
 Hardware stack levels used:    1
 Hardware stack levels required when called:    3
 This function calls:
		_setDimmerReClock
 This function is called by:
		_ISR
 This function uses a non-reentrant model


 *************** function _setDimmerReClock *****************
 Defined at:
		line 244 in file "../src/MCU_B1.c"
 Parameters:    Size  Location     Type
		None
 Auto vars:     Size  Location     Type
		None
 Return value:  Size  Location     Type
		None               void
 Registers used:
		wreg, fsr1l, fsr1h, status,2, status,0, pclath, cstack
 Tracked objects:
		On entry : 
		On exit  : 
		Unchanged: 
 Data sizes:     COMMON   BANK0   BANK1   BANK2   BANK3   BANK4   BANK5   BANK6   BANK7   BANK8   BANK9  BANK10  BANK11  BANK12
      Params:         0       0       0       0       0       0       0       0       0       0       0       0       0       0
      Locals:         0       0       0       0       0       0       0       0       0       0       0       0       0       0
      Temps:          0       0       0       0       0       0       0       0       0       0       0       0       0       0
      Totals:         0       0       0       0       0       0       0       0       0       0       0       0       0       0
Total ram usage:        0 bytes
 Hardware stack levels used:    1
 Hardware stack levels required when called:    2
 This function calls:
		_setDimmerLights_IntrIOC_GO
 This function is called by:
		_IOC_ISR
 This function uses a non-reentrant model


 *************** function _setDimmerLights_IntrIOC_GO *****************
 Defined at:
		line 28 in file "../src/Dimmer_B1.c"
 Parameters:    Size  Location     Type
  lights          1    wreg     unsigned char 
 Auto vars:     Size  Location     Type
  lights          1    2[COMMON] unsigned char 
 Return value:  Size  Location     Type
		None               void
 Registers used:
		wreg, fsr1l, fsr1h, status,2, status,0, pclath, cstack
 Tracked objects:
		On entry : 
		On exit  : 
		Unchanged: 
 Data sizes:     COMMON   BANK0   BANK1   BANK2   BANK3   BANK4   BANK5   BANK6   BANK7   BANK8   BANK9  BANK10  BANK11  BANK12
      Params:         0       0       0       0       0       0       0       0       0       0       0       0       0       0
      Locals:         1       0       0       0       0       0       0       0       0       0       0       0       0       0
      Temps:          0       0       0       0       0       0       0       0       0       0       0       0       0       0
      Totals:         1       0       0       0       0       0       0       0       0       0       0       0       0       0
Total ram usage:        1 bytes
 Hardware stack levels used:    1
 Hardware stack levels required when called:    1
 This function calls:
		_DimmerIntrIOCPointSelect
 This function is called by:
		_setDimmerReClock
 This function uses a non-reentrant model


 *************** function _DimmerIntrIOCPointSelect *****************
 Defined at:
		line 8 in file "../src/Dimmer_B1.c"
 Parameters:    Size  Location     Type
  lights          1    wreg     unsigned char 
 Auto vars:     Size  Location     Type
  lights          1    1[COMMON] unsigned char 
 Return value:  Size  Location     Type
		None               void
 Registers used:
		wreg
 Tracked objects:
		On entry : 
		On exit  : 
		Unchanged: 
 Data sizes:     COMMON   BANK0   BANK1   BANK2   BANK3   BANK4   BANK5   BANK6   BANK7   BANK8   BANK9  BANK10  BANK11  BANK12
      Params:         0       0       0       0       0       0       0       0       0       0       0       0       0       0
      Locals:         1       0       0       0       0       0       0       0       0       0       0       0       0       0
      Temps:          1       0       0       0       0       0       0       0       0       0       0       0       0       0
      Totals:         2       0       0       0       0       0       0       0       0       0       0       0       0       0
Total ram usage:        2 bytes
 Hardware stack levels used:    1
 This function calls:
		Nothing
 This function is called by:
		_setDimmerLights_IntrIOC_GO
 This function uses a non-reentrant model



MODULE INFORMATION

Module		Function		Class		Link	Load	Size
C:\Program Files (x86)\Microchip\xc8\v1.32\sources\common\float.c
		___ftpack      		CODE           	0A51	0000	97

C:\Program Files (x86)\Microchip\xc8\v1.32\sources\common\float.c estimated size: 97

../src/OverLoad_B1.c
		_getLoad_AD    		CODE           	0BDD	0000	129
		_getLoad_OK    		CODE           	1D03	0000	8
		_Load_Initializ		CODE           	07FB	0000	5
		_Load_Main     		CODE           	02F8	0000	324
		_setLoad_AH_AL_		CODE           	1FA7	0000	28

../src/OverLoad_B1.c estimated size: 494

C:\Program Files (x86)\Microchip\xc8\v1.32\sources\common\awtoft.c
		___awtoft      		CODE           	111C	0000	34

C:\Program Files (x86)\Microchip\xc8\v1.32\sources\common\awtoft.c estimated size: 34

../src/MCU_B1.c
		_Fosc_Set      		CODE           	1CE1	0000	4
		_IO_Set        		CODE           	1F5C	0000	24
		_WDT_Set       		CODE           	1D6E	0000	11
		_WDT_Main      		CODE           	1ED2	0000	18
		_ADC_Set       		CODE           	1CFC	0000	7
		_IOC_ISR       		CODE           	1DFD	0000	15
		_ISR           		CODE           	0004	0000	15
		_Flash_Memory_W		CODE           	122B	0000	47
		_Flash_Memory_M		CODE           	1606	0000	78
		_IOC_Set       		CODE           	1DCA	0000	12
		_WDT_Clearing  		CODE           	0002	0000	2
		_setMemory_Modi		CODE           	1EE4	0000	19
		_Mcu_Initializa		CODE           	1EC0	0000	18
		_setMemory_Data		CODE           	1DB2	0000	12
		_Flash_Memory_I		CODE           	0532	0000	220
		_getAD         		CODE           	10BB	0000	32
		_TMR1_Set      		CODE           	1DD6	0000	12
		_setMemory_Loop		CODE           	1EF7	0000	19
		_Flash_Memory_U		CODE           	1D1C	0000	9
		_Flash_Memory_R		CODE           	1F8D	0000	26
		_Flash_Memory_E		CODE           	1DBE	0000	12
		_TMR1_ISR      		CODE           	1161	0000	36
		_setDimmerReClo		CODE           	1CC1	0000	4
		_Flash_Memory_M		CODE           	138D	0000	54

../src/MCU_B1.c estimated size: 706

C:\Program Files (x86)\Microchip\xc8\v1.32\sources\common\ftmul.c
		___ftmul       		CODE           	0F4C	0000	180

C:\Program Files (x86)\Microchip\xc8\v1.32\sources\common\ftmul.c estimated size: 180

../src/Buzzer_B1.c
		_Buzzer_Main   		CODE           	1571	0000	74
		_setBuz        		CODE           	17A7	0000	89
		_getBuz_GO     		CODE           	1E7B	0000	17
		_Buzzer_Initial		CODE           	1CB2	0000	3

../src/Buzzer_B1.c estimated size: 183

../src/LED_B1.c
		_setLED        		CODE           	1357	0000	54
		_LED_Main      		CODE           	1CDD	0000	4
		_setLED_Initial		CODE           	1E6A	0000	17
		_LedPointSelect		CODE           	1D63	0000	11
		_setLED_Main   		CODE           	12EF	0000	51
		_LED_Initializa		CODE           	1CD9	0000	4

../src/LED_B1.c estimated size: 141

../src/OverTemperature_B1.c
		_Temp_Initializ		CODE           	1CBB	0000	3
		_Temp_Main     		CODE           	1CBE	0000	3
		_setTemp_Initia		CODE           	1CB1	0000	1
		_getTemp_AD    		CODE           	13F9	0000	55
		_setTemp_Main  		CODE           	0DFE	0000	165

../src/OverTemperature_B1.c estimated size: 227

../src/CC2500_B1.c
		_DelayTime_1us 		CODE           	0800	0000	38
		_CC2500_Frequen		CODE           	1D9A	0000	12
		_CC2500_SIDLEMo		CODE           	1CCD	0000	4
		_CC2500_PowerOn		CODE           	1F47	0000	21
		_CC2500_WriteBy		CODE           	1F0A	0000	20
		_CC2500_TxData 		CODE           	0AB2	0000	97
		_CC2500_ClearRX		CODE           	1CC5	0000	4
		_CC2500_ClearTX		CODE           	1CC9	0000	4
		_CC2500_InitPAT		CODE           	1FE1	0000	31
		_CC2500_WriteRE		CODE           	10FB	0000	33
		_CC2500_PowerRS		CODE           	14E5	0000	67
		_CC2500_InitSet		CODE           	11AC	0000	42
		_CC2500_WriteCo		CODE           	1F74	0000	25

../src/CC2500_B1.c estimated size: 398

C:\Program Files (x86)\Microchip\xc8\v1.32\sources\common\fttol.c
		___fttol       		CODE           	0C5E	0000	135

C:\Program Files (x86)\Microchip\xc8\v1.32\sources\common\fttol.c estimated size: 135

../src/RF_Control_B1.c
		_RF_Initializat		CODE           	1CB5	0000	3
		_getRxData     		CODE           	0D6E	0000	144
		_setRF_Main    		CODE           	060E	0000	200
		_setRF_DimmerVa		CODE           	128A	0000	50
		_getRF_KeyStatu		CODE           	1E8C	0000	17
		_setRF_Initiali		CODE           	1D79	0000	11
		_setTxData     		CODE           	06D6	0000	191
		_setRFSW_Contro		CODE           	1654	0000	79
		_setRF_Learn   		CODE           	1F1E	0000	20
		_RF_Main       		CODE           	1CB8	0000	3
		_setRFSW_AdjCon		CODE           	14A5	0000	64
		_setRF_DimmerLi		CODE           	087F	0000	92
		_setControl_Lig		CODE           	09F1	0000	96
		_setLog_Code   		CODE           	13C3	0000	54
		_RF_RxDisable  		CODE           	1E0C	0000	15

../src/RF_Control_B1.c estimated size: 1039

C:\Program Files (x86)\Microchip\xc8\v1.32\sources\common\awdiv.c
		___awdiv       		CODE           	16A3	0000	84

C:\Program Files (x86)\Microchip\xc8\v1.32\sources\common\awdiv.c estimated size: 84

../src/Main_B1.c
		_getMain_Lights		CODE           	1200	0000	43
		_my_MainTimer  		CODE           	15BB	0000	75
		_main          		CODE           	174F	0000	88
		_Timeout_Counte		CODE           	1F32	0000	21
		_myMain_Initial		CODE           	1E1B	0000	15
		_getMain_All_Er		CODE           	12BC	0000	51
		_set_TimeoutCle		CODE           	1CE5	0000	5
		_getMain_LoadOK		CODE           	1DEF	0000	14
		_getMain_Lights		CODE           	1E4A	0000	16
		_setMain_Except		CODE           	08DB	0000	92

../src/Main_B1.c estimated size: 420

C:\Program Files (x86)\Microchip\xc8\v1.32\sources\common\ftadd.c
		___ftadd       		CODE           	043C	0000	246

C:\Program Files (x86)\Microchip\xc8\v1.32\sources\common\ftadd.c estimated size: 246

C:\Program Files (x86)\Microchip\xc8\v1.32\sources\common\Umul8.c
		___bmul        		CODE           	1EAE	0000	18

C:\Program Files (x86)\Microchip\xc8\v1.32\sources\common\Umul8.c estimated size: 18

shared
		_CC2500_patable		STRCODE        	105E	0000	8
		_CC2500_rfSetti		STRCODE        	102F	0000	47
		__initializatio		CODE           	0015	0000	42
		_CC2500_registe		STRCODE        	1000	0000	47

shared estimated size: 144

C:\Program Files (x86)\Microchip\xc8\v1.32\sources\common\ftneg.c
		___ftneg       		CODE           	1D13	0000	9

C:\Program Files (x86)\Microchip\xc8\v1.32\sources\common\ftneg.c estimated size: 9

../src/Switch_B1.c
		_Switch_Main   		CODE           	109B	0000	32
		_SwPointSelect 		CODE           	1D8F	0000	11
		_TouchPower    		CODE           	1066	0000	21
		_setSw_Main    		CODE           	0043	0000	367
		_getSw_KeyStatu		CODE           	1E9D	0000	17
		_setSw_Initiali		CODE           	1E5A	0000	16
		_Switch_Initial		CODE           	1D25	0000	9

../src/Switch_B1.c estimated size: 473

../src/Dimmer_B1.c
		_DimmerLightsPo		CODE           	1D58	0000	11
		_getDimmerLight		CODE           	1E2A	0000	16
		_setDimmerLight		CODE           	1528	0000	73
		_DimmerIntrPoin		CODE           	1D2E	0000	10
		_DimmerLights_M		CODE           	125A	0000	48
		_setDimmerLight		CODE           	1468	0000	61
		_getAll_DimmerL		CODE           	1D38	0000	10
		_getDimmerLight		CODE           	1D84	0000	11
		_setDimmerLight		CODE           	01B2	0000	326
		_DimmerIntrIOCP		CODE           	1D42	0000	11
		_setDimmerLight		CODE           	0795	0000	102
		_setDimmerLight		CODE           	0CE5	0000	137
		_setDimmerLight		CODE           	1DA6	0000	12
		_setDimmerLight		CODE           	113E	0000	35
		_getPercentValu		CODE           	0B78	0000	101
		_setDimmerLight		CODE           	16F7	0000	88
		_setDimmerLight		CODE           	1FC3	0000	30
		_setDimmerLight		CODE           	107B	0000	32
		_setPercentValu		CODE           	0B13	0000	101
		_getDimmer_Load		CODE           	1D0B	0000	8
		_setDimmerLight		CODE           	1185	0000	39
		_setDimmerLight		CODE           	1430	0000	56
		_Dimmer_Initial		CODE           	1CB0	0000	1
		_DimmerLights_I		CODE           	1DE2	0000	13
		_setDimmerLight		CODE           	0826	0000	89
		_setDimmerLight		CODE           	1322	0000	53

../src/Dimmer_B1.c estimated size: 1474

../src/DelayOff_B1.c
		_DelayOff_Initi		CODE           	1CD1	0000	4
		_DlyOff_Main   		CODE           	0994	0000	93
		_DelayTimejudge		CODE           	11D6	0000	42
		_DelayOff_Main 		CODE           	1CD5	0000	4
		_DelayOffPointS		CODE           	1D4D	0000	11
		_getDelayOff_GO		CODE           	1E3A	0000	16
		_setDelayOff_GO		CODE           	0937	0000	93
		_DlyOff_Initial		CODE           	1CEA	0000	6

../src/DelayOff_B1.c estimated size: 269

C:\Program Files (x86)\Microchip\xc8\v1.32\sources\pic\ftdiv.c
		___ftdiv       		CODE           	0EA3	0000	169

C:\Program Files (x86)\Microchip\xc8\v1.32\sources\pic\ftdiv.c estimated size: 169

