Microchip MPLAB XC8 Compiler V1.32 ()

Linker command line:

--edf=C:\Program Files (x86)\Microchip\xc8\v1.32\dat\en_msgs.txt -cs \
  -h+dist/default/production\1-7.Switch_1Key_Dimmer_MOSFET.X.production.sym \
  --cmf=dist/default/production\1-7.Switch_1Key_Dimmer_MOSFET.X.production.cmf \
  -z -Q16F1518 -oC:\Users\taianluo\AppData\Local\Temp\s50g.6 \
  -Mdist/default/production/1-7.Switch_1Key_Dimmer_MOSFET.X.production.map \
  -E1 -ver=XC8 -ASTACK=020E5h-0231fh -pstack=STACK -ACONST=00h-0FFhx64 \
  -ACODE=00h-07FFhx8 -ASTRCODE=00h-03FFFh -AENTRY=00h-0FFhx64 \
  -ASTRING=00h-0FFhx64 -ACOMMON=070h-07Fh -ABANK0=020h-06Fh \
  -ABANK1=0A0h-0EFh -ABANK2=0120h-016Fh -ABANK3=01A0h-01EFh \
  -ABANK4=0220h-026Fh -ABANK5=02A0h-02EFh -ABANK6=0320h-036Fh \
  -ABANK7=03A0h-03EFh -ABANK8=0420h-046Fh -ABANK9=04A0h-04EFh \
  -ABANK10=0520h-056Fh -ABANK11=05A0h-05EFh -ABANK12=0620h-064Fh \
  -ABIGRAM=02000h-023EFh \
  -ARAM=020h-06Fh,0A0h-0EFh,0120h-016Fh,01A0h-01EFh,0220h-026Fh,02A0h-02EFh,0320h-036Fh,03A0h-03EFh,0420h-046Fh,04A0h-04EFh,0520h-056Fh,05A0h-05EFh,0620h-064Fh \
  -AABS1=020h-07Fh,0A0h-0EFh,0120h-016Fh,01A0h-01EFh,0220h-026Fh,02A0h-02EFh,0320h-036Fh,03A0h-03EFh,0420h-046Fh,04A0h-04EFh,0520h-056Fh,05A0h-05EFh,0620h-064Fh \
  -ASFR0=00h-01Fh -ASFR1=080h-09Fh -ASFR2=0100h-011Fh -ASFR3=0180h-019Fh \
  -ASFR4=0200h-021Fh -ASFR5=0280h-029Fh -ASFR6=0300h-031Fh \
  -ASFR7=0380h-039Fh -ASFR8=0400h-041Fh -ASFR9=0480h-049Fh \
  -ASFR10=0500h-051Fh -ASFR11=0580h-059Fh -ASFR12=0600h-061Fh \
  -ASFR13=0680h-06EFh -ASFR14=0700h-076Fh -ASFR15=0780h-07EFh \
  -ASFR16=0800h-086Fh -ASFR17=0880h-08EFh -ASFR18=0900h-096Fh \
  -ASFR19=0980h-09EFh -ASFR20=0A00h-0A6Fh -ASFR21=0A80h-0AEFh \
  -ASFR22=0B00h-0B6Fh -ASFR23=0B80h-0BEFh -ASFR24=0C00h-0C6Fh \
  -ASFR25=0C80h-0CEFh -ASFR26=0D00h-0D6Fh -ASFR27=0D80h-0DEFh \
  -ASFR28=0E00h-0E6Fh -ASFR29=0E80h-0EEFh -ASFR30=0F00h-0F6Fh \
  -ASFR31=0F80h-0FEFh -preset_vec=00h,intentry=04h,init,end_init \
  -ppowerup=CODE -pcinit=CODE -pfunctab=CODE -ACONFIG=08007h-08008h \
  -pconfig=CONFIG -DCONFIG=2 -AIDLOC=08000h-08003h -pidloc=IDLOC -DIDLOC=2 \
  -DCODE=2 -DSTRCODE=2 -DSTRING=2 -DCONST=2 -DENTRY=2 -k \
  C:\Users\taianluo\AppData\Local\Temp\s50g.obj \
  dist/default/production\1-7.Switch_1Key_Dimmer_MOSFET.X.production.obj 

Object code version is 3.11

Machine type is 16F1518



                Name                               Link     Load   Length Selector   Space Scale
C:\Users\taianluo\AppData\Local\Temp\s50g.obj
                end_init                             13       13        2        8       0
                reset_vec                             0        0        2        0       0
                config                             8007     8007        2    1000E       0
dist/default/production\1-7.Switch_1Key_Dimmer_MOSFET.X.production.obj
                cinit                                15       15       28        8       0
                intentry                              4        4        F        8       0
                text74                              A2E      A2E        A     145C       0
                text73                              CB1      CB1       2B     1962       0
                text72                              9E3      9E3        4     13C6       0
                text71                              ACB      ACB        F     1596       0
                text70                              A38      A38        A     1470       0
                text69                              175      175      10F        8       0
                text68                              C63      C63       24     18C6       0
                text66                              9E0      9E0        3     13C0       0
                text65                              E75      E75       4A     1CEA       0
                text64                                3        3        1        6       0
                text63                              A56      A56        B     14AC       0
                text62                              C40      C40       23     1880       0
                text61                              A82      A82        C     1504       0
                text60                              FAC      FAC       54     1F58       0
                text59                              710      710       59        8       0
                text58                              A8E      A8E        C     151C       0
                text57                              A61      A61        B     14C2       0
                text56                              D6C      D6C       33     1AD8       0
                text55                              653      653       61        8       0
                text54                              C1E      C1E       22     183C       0
                text53                              284      284       F6        8       0
                text52                              456      456       A9        8       0
                text51                              A13      A13        9     1426       0
                text50                              4FF      4FF       87        8       0
                text49                              5EE      5EE       65        8       0
                text48                              586      586       68        8       0
                text47                              7BD      7BD       41        8       0
                text46                              F59      F59       53     1EB2       0
                text45                              9E7      9E7        4     13CE       0
                text44                              B8D      B8D       1A     171A       0
                text43                              A1C      A1C        9     1438       0
                text42                              CDC      CDC       2F     19B8       0
                text41                              A9A      A9A        C     1534       0
                text40                              37A      37A       DC        8       0
                text39                              AA6      AA6        C     154C       0
                text38                              F0B      F0B       4E     1E16       0
                text37                              ADA      ADA        F     15B4       0
                text36                              C87      C87       2A     190E       0
                text35                              E06      E06       36     1C0C       0
                text34                              AF8      AF8       10     15F0       0
                text33                              9EB      9EB        4     13D6       0
                text32                              D0B      D0B       2F     1A16       0
                text31                              9EF      9EF        4     13DE       0
                text30                              A0C      A0C        7     1418       0
                text29                              9F3      9F3        4     13E6       0
                text28                              ABE      ABE        D     157C       0
                text27                              B75      B75       18     16EA       0
                text26                              AB2      AB2        C     1564       0
                text25                              A42      A42        A     1484       0
                text24                              B39      B39       12     1672       0
                text23                              B4B      B4B       15     1696       0
                text22                              9FB      9FB        5     13F6       0
                text21                              B60      B60       15     16C0       0
                text20                              B08      B08       10     1610       0
                text19                              A25      A25        9     144A       0
                text18                              9F7      9F7        4     13EE       0
                text17                              A6C      A6C        B     14D8       0
                text16                              BA7      BA7       1C     174E       0
                text15                              BE0      BE0       1E     17C0       0
                text14                              DD2      DD2       34     1BA4       0
                text13                              769      769       54        8       0
                text12                              6B4      6B4       5C        8       0
                text11                              A77      A77        B     14EE       0
                text10                              B28      B28       11     1650       0
                text9                               A4C      A4C        A     1498       0
                text8                               D3A      D3A       32     1A74       0
                text7                               E3C      E3C       39     1C78       0
                text6                                3D       3D      138        8       0
                text5                               BC3      BC3       1D     1786       0
                text4                               7FE      7FE        2        8       0
                text3                               B18      B18       10     1630       0
                text2                               AE9      AE9        F     15D2       0
                text1                               EBF      EBF       4C     1D7E       0
                maintext                            D9F      D9F       33     1B3E       0
                cstackBANK0                          20       20       4B       20       1
                cstackCOMMON                         70       70        8       70       1
                inittext                            A00      A00        6     1400       0
                clrtext                             A06      A06        6     140C       0
                dataBANK2                           145      145       20      120       1
                bssBANK2                            120      120       25      120       1
                bssBANK1                             A0       A0       3E       A0       1
                bssBANK0                             6B       6B        4       20       1
                bssCOMMON                            78       78        5       70       1
                nvBANK0                              6F       6F        1       20       1
                idataBANK2                          BFE      BFE       20     17FC       0

TOTAL           Name                               Link     Load   Length     Space
        CLASS   STACK          

        CLASS   CONST          

        CLASS   CODE           
                end_init                             13       13        2         0
                cinit                                15       15       28         0
                intentry                              4        4        F         0
                reset_vec                             0        0        2         0
                text74                              A2E      A2E        A         0
                text73                              CB1      CB1       2B         0
                text72                              9E3      9E3        4         0
                text71                              ACB      ACB        F         0
                text70                              A38      A38        A         0
                text69                              175      175      10F         0
                text68                              C63      C63       24         0
                text66                              9E0      9E0        3         0
                text65                              E75      E75       4A         0
                text64                                3        3        1         0
                text63                              A56      A56        B         0
                text62                              C40      C40       23         0
                text61                              A82      A82        C         0
                text60                              FAC      FAC       54         0
                text59                              710      710       59         0
                text58                              A8E      A8E        C         0
                text57                              A61      A61        B         0
                text56                              D6C      D6C       33         0
                text55                              653      653       61         0
                text54                              C1E      C1E       22         0
                text53                              284      284       F6         0
                text52                              456      456       A9         0
                text51                              A13      A13        9         0
                text50                              4FF      4FF       87         0
                text49                              5EE      5EE       65         0
                text48                              586      586       68         0
                text47                              7BD      7BD       41         0
                text46                              F59      F59       53         0
                text45                              9E7      9E7        4         0
                text44                              B8D      B8D       1A         0
                text43                              A1C      A1C        9         0
                text42                              CDC      CDC       2F         0
                text41                              A9A      A9A        C         0
                text40                              37A      37A       DC         0
                text39                              AA6      AA6        C         0
                text38                              F0B      F0B       4E         0
                text37                              ADA      ADA        F         0
                text36                              C87      C87       2A         0
                text35                              E06      E06       36         0
                text34                              AF8      AF8       10         0
                text33                              9EB      9EB        4         0
                text32                              D0B      D0B       2F         0
                text31                              9EF      9EF        4         0
                text30                              A0C      A0C        7         0
                text29                              9F3      9F3        4         0
                text28                              ABE      ABE        D         0
                text27                              B75      B75       18         0
                text26                              AB2      AB2        C         0
                text25                              A42      A42        A         0
                text24                              B39      B39       12         0
                text23                              B4B      B4B       15         0
                text22                              9FB      9FB        5         0
                text21                              B60      B60       15         0
                text20                              B08      B08       10         0
                text19                              A25      A25        9         0
                text18                              9F7      9F7        4         0
                text17                              A6C      A6C        B         0
                text16                              BA7      BA7       1C         0
                text15                              BE0      BE0       1E         0
                text14                              DD2      DD2       34         0
                text13                              769      769       54         0
                text12                              6B4      6B4       5C         0
                text11                              A77      A77        B         0
                text10                              B28      B28       11         0
                text9                               A4C      A4C        A         0
                text8                               D3A      D3A       32         0
                text7                               E3C      E3C       39         0
                text6                                3D       3D      138         0
                text5                               BC3      BC3       1D         0
                text4                               7FE      7FE        2         0
                text3                               B18      B18       10         0
                text2                               AE9      AE9        F         0
                text1                               EBF      EBF       4C         0
                maintext                            D9F      D9F       33         0
                inittext                            A00      A00        6         0
                clrtext                             A06      A06        6         0
                idataBANK2                          BFE      BFE       20         0

        CLASS   STRCODE        

        CLASS   ENTRY          

        CLASS   STRING         

        CLASS   COMMON         
                cstackCOMMON                         70       70        8         1
                bssCOMMON                            78       78        5         1

        CLASS   BANK0          
                cstackBANK0                          20       20       4B         1
                bssBANK0                             6B       6B        4         1
                nvBANK0                              6F       6F        1         1

        CLASS   BANK1          
                bssBANK1                             A0       A0       3E         1

        CLASS   BANK2          
                dataBANK2                           145      145       20         1
                bssBANK2                            120      120       25         1

        CLASS   BANK3          

        CLASS   BANK4          

        CLASS   BANK5          

        CLASS   BANK6          

        CLASS   BANK7          

        CLASS   BANK8          

        CLASS   BANK9          

        CLASS   BANK10         

        CLASS   BANK11         

        CLASS   BANK12         

        CLASS   BIGRAM         

        CLASS   RAM            

        CLASS   ABS1           
                abs_s1                               7E       7E        2         1

        CLASS   SFR0           

        CLASS   SFR1           

        CLASS   SFR2           

        CLASS   SFR3           

        CLASS   SFR4           

        CLASS   SFR5           

        CLASS   SFR6           

        CLASS   SFR7           

        CLASS   SFR8           

        CLASS   SFR9           

        CLASS   SFR10          

        CLASS   SFR11          

        CLASS   SFR12          

        CLASS   SFR13          

        CLASS   SFR14          

        CLASS   SFR15          

        CLASS   SFR16          

        CLASS   SFR17          

        CLASS   SFR18          

        CLASS   SFR19          

        CLASS   SFR20          

        CLASS   SFR21          

        CLASS   SFR22          

        CLASS   SFR23          

        CLASS   SFR24          

        CLASS   SFR25          

        CLASS   SFR26          

        CLASS   SFR27          

        CLASS   SFR28          

        CLASS   SFR29          

        CLASS   SFR30          

        CLASS   SFR31          

        CLASS   CONFIG         
                config                             8007     8007        2         0

        CLASS   IDLOC          

        CLASS   BANK31         

        CLASS   BANK30         

        CLASS   BANK29         

        CLASS   BANK28         

        CLASS   BANK27         

        CLASS   BANK26         

        CLASS   BANK25         

        CLASS   BANK24         

        CLASS   BANK23         

        CLASS   BANK22         

        CLASS   BANK21         

        CLASS   BANK20         

        CLASS   BANK19         

        CLASS   BANK18         

        CLASS   BANK17         

        CLASS   BANK16         

        CLASS   BANK15         

        CLASS   BANK14         

        CLASS   BANK13         

        CLASS   EEDATA         



SEGMENTS        Name                           Load    Length   Top    Selector   Space  Class     Delta

                reset_vec                      000000  000002  000002         0       0  CODE        2
                text64                         000003  000001  000004         6       0  CODE        2
                intentry                       000004  0007FC  000800         8       0  CODE        2
                cstackBANK0                    000020  000050  000070        20       1  BANK0       1
                cstackCOMMON                   000070  00000D  00007D        70       1  COMMON      1
                bssBANK1                       0000A0  00003E  0000DE        A0       1  BANK1       1
                bssBANK2                       000120  000045  000165       120       1  BANK2       1
                text66                         0009E0  000003  0009E3      13C0       0  CODE        2
                text72                         0009E3  000004  0009E7      13C6       0  CODE        2
                text45                         0009E7  000004  0009EB      13CE       0  CODE        2
                text33                         0009EB  000004  0009EF      13D6       0  CODE        2
                text31                         0009EF  000004  0009F3      13DE       0  CODE        2
                text29                         0009F3  000004  0009F7      13E6       0  CODE        2
                text18                         0009F7  000004  0009FB      13EE       0  CODE        2
                text22                         0009FB  000005  000A00      13F6       0  CODE        2
                inittext                       000A00  000006  000A06      1400       0  CODE        2
                clrtext                        000A06  000006  000A0C      140C       0  CODE        2
                text30                         000A0C  000007  000A13      1418       0  CODE        2
                text51                         000A13  000009  000A1C      1426       0  CODE        2
                text43                         000A1C  000009  000A25      1438       0  CODE        2
                text19                         000A25  000009  000A2E      144A       0  CODE        2
                text74                         000A2E  00000A  000A38      145C       0  CODE        2
                text70                         000A38  00000A  000A42      1470       0  CODE        2
                text25                         000A42  00000A  000A4C      1484       0  CODE        2
                text9                          000A4C  00000A  000A56      1498       0  CODE        2
                text63                         000A56  00000B  000A61      14AC       0  CODE        2
                text57                         000A61  00000B  000A6C      14C2       0  CODE        2
                text17                         000A6C  00000B  000A77      14D8       0  CODE        2
                text11                         000A77  00000B  000A82      14EE       0  CODE        2
                text61                         000A82  00000C  000A8E      1504       0  CODE        2
                text58                         000A8E  00000C  000A9A      151C       0  CODE        2
                text41                         000A9A  00000C  000AA6      1534       0  CODE        2
                text39                         000AA6  00000C  000AB2      154C       0  CODE        2
                text26                         000AB2  00000C  000ABE      1564       0  CODE        2
                text28                         000ABE  00000D  000ACB      157C       0  CODE        2
                text71                         000ACB  00000F  000ADA      1596       0  CODE        2
                text37                         000ADA  00000F  000AE9      15B4       0  CODE        2
                text2                          000AE9  00000F  000AF8      15D2       0  CODE        2
                text34                         000AF8  000010  000B08      15F0       0  CODE        2
                text20                         000B08  000010  000B18      1610       0  CODE        2
                text3                          000B18  000010  000B28      1630       0  CODE        2
                text10                         000B28  000011  000B39      1650       0  CODE        2
                text24                         000B39  000012  000B4B      1672       0  CODE        2
                text23                         000B4B  000015  000B60      1696       0  CODE        2
                text21                         000B60  000015  000B75      16C0       0  CODE        2
                text27                         000B75  000018  000B8D      16EA       0  CODE        2
                text44                         000B8D  00001A  000BA7      171A       0  CODE        2
                text16                         000BA7  00001C  000BC3      174E       0  CODE        2
                text5                          000BC3  00001D  000BE0      1786       0  CODE        2
                text15                         000BE0  00001E  000BFE      17C0       0  CODE        2
                idataBANK2                     000BFE  000020  000C1E      17FC       0  CODE        2
                text54                         000C1E  000022  000C40      183C       0  CODE        2
                text62                         000C40  000023  000C63      1880       0  CODE        2
                text68                         000C63  000024  000C87      18C6       0  CODE        2
                text36                         000C87  00002A  000CB1      190E       0  CODE        2
                text73                         000CB1  00002B  000CDC      1962       0  CODE        2
                text42                         000CDC  00002F  000D0B      19B8       0  CODE        2
                text32                         000D0B  00002F  000D3A      1A16       0  CODE        2
                text8                          000D3A  000032  000D6C      1A74       0  CODE        2
                text56                         000D6C  000033  000D9F      1AD8       0  CODE        2
                maintext                       000D9F  000033  000DD2      1B3E       0  CODE        2
                text14                         000DD2  000034  000E06      1BA4       0  CODE        2
                text35                         000E06  000036  000E3C      1C0C       0  CODE        2
                text7                          000E3C  000039  000E75      1C78       0  CODE        2
                text65                         000E75  00004A  000EBF      1CEA       0  CODE        2
                text1                          000EBF  00004C  000F0B      1D7E       0  CODE        2
                text38                         000F0B  00004E  000F59      1E16       0  CODE        2
                text46                         000F59  000053  000FAC      1EB2       0  CODE        2
                text60                         000FAC  000054  001000      1F58       0  CODE        2
                config                         008007  000002  008009     1000E       0  CONFIG      2


UNUSED ADDRESS RANGES

        Name                Unused          Largest block    Delta
        BANK1            000DE-000EF              12           1
        BANK10           00520-0056F              50           1
        BANK11           005A0-005EF              50           1
        BANK12           00620-0064F              30           1
        BANK2            00165-0016F               B           1
        BANK3            001A0-001EF              50           1
        BANK4            00220-0026F              50           1
        BANK5            002A0-002EF              50           1
        BANK6            00320-0036F              50           1
        BANK7            003A0-003EF              50           1
        BANK8            00420-0046F              50           1
        BANK9            004A0-004EF              50           1
        BIGRAM           02000-023EF             3F0           1
        CODE             00002-00002               1           2
                         00800-009DF             1E0
                         01000-03FFF             800
        COMMON           0007D-0007D               1           1
        CONST            00002-00002               1           2
                         00800-009DF             100
                         01000-03FFF             100
        ENTRY            00002-00002               1           2
                         00800-009DF             100
                         01000-03FFF             100
        IDLOC            08000-08003               4           2
        RAM              000DE-000EF              12           1
                         00165-0016F               B
                         001A0-001EF              50
                         00220-0026F              50
                         002A0-002EF              50
                         00320-0036F              50
                         003A0-003EF              50
                         00420-0046F              50
                         004A0-004EF              50
                         00520-0056F              50
                         005A0-005EF              50
                         00620-0064F              30
        SFR0             00000-0001F              20           1
        SFR1             00080-0009F              20           1
        SFR10            00500-0051F              20           1
        SFR11            00580-0059F              20           1
        SFR12            00600-0061F              20           1
        SFR13            00680-006EF              70           1
        SFR14            00700-0076F              70           1
        SFR15            00780-007EF              70           1
        SFR16            00800-0086F              70           1
        SFR17            00880-008EF              70           1
        SFR18            00900-0096F              70           1
        SFR19            00980-009EF              70           1
        SFR2             00100-0011F              20           1
        SFR20            00A00-00A6F              70           1
        SFR21            00A80-00AEF              70           1
        SFR22            00B00-00B6F              70           1
        SFR23            00B80-00BEF              70           1
        SFR24            00C00-00C6F              70           1
        SFR25            00C80-00CEF              70           1
        SFR26            00D00-00D6F              70           1
        SFR27            00D80-00DEF              70           1
        SFR28            00E00-00E6F              70           1
        SFR29            00E80-00EEF              70           1
        SFR3             00180-0019F              20           1
        SFR30            00F00-00F6F              70           1
        SFR31            00F80-00FEF              70           1
        SFR4             00200-0021F              20           1
        SFR5             00280-0029F              20           1
        SFR6             00300-0031F              20           1
        SFR7             00380-0039F              20           1
        SFR8             00400-0041F              20           1
        SFR9             00480-0049F              20           1
        STACK            020E5-0231F             23B           1
        STRCODE          00002-00002               1           2
                         00800-009DF             1E0
                         01000-03FFF            3000
        STRING           00002-00002               1           2
                         00800-009DF             100
                         01000-03FFF             100

                                  Symbol Table

?___awdiv                                cstackBANK0  00020
?___awtoft                               cstackBANK0  00028
?___ftadd                                cstackBANK0  00041
?___ftdiv                                cstackBANK0  0002E
?___ftneg                                cstackBANK0  0003E
?___ftpack                               cstackBANK0  00020
?___fttol                                cstackBANK0  0004E
DimmerIntrIOCPointSelect@lights          cstackCOMMON 00071
DimmerIntrPointSelect@lights             cstackCOMMON 00071
DimmerLightsPointSelect@lights           cstackBANK0  00021
Flash_Memory_Initialization@i            cstackBANK0  00063
Flash_Memory_Modify@i                    cstackBANK0  00025
Flash_Memory_Read@address                cstackBANK0  00022
Flash_Memory_Read@i                      cstackBANK0  00021
Flash_Memory_Read@ret                    cstackBANK0  00023
Flash_Memory_Write@i                     cstackBANK0  00021
LedPointSelect@led                       cstackBANK0  00021
SwPointSelect@sw                         cstackBANK0  00021
Switch_Main@error                        cstackBANK0  00035
_ADCON0                                  (abs)        0009D
_ADCON1                                  (abs)        0009E
_ADC_Set                                 text30       00A0C
_ADRESH                                  (abs)        0009C
_ADRESL                                  (abs)        0009B
_ANSELA                                  (abs)        0018C
_ANSELB                                  (abs)        0018D
_ANSELC                                  (abs)        0018E
_Buz1                                    bssBANK1     000B0
_Buzzer_Initialization                   text66       009E0
_Buzzer_Main                             text65       00E75
_CFGS                                    (abs)        00CAE
_Dimmer                                  bssBANK1     000BC
_DimmerIntrIOCPointSelect                text74       00A2E
_DimmerIntrPointSelect                   text70       00A38
_DimmerLights                            bssBANK0     0006B
_DimmerLights1                           bssBANK1     000C2
_DimmerLights11                          bssCOMMON    0007A
_DimmerLightsIntr                        bssCOMMON    0007B
_DimmerLightsIntrIOC                     bssCOMMON    0007C
_DimmerLightsPointSelect                 text63       00A56
_DimmerLights_Initialization             text61       00A82
_DimmerLights_Main                       text45       009E7
_Dimmer_Initialization                   text64       00003
_FREE                                    (abs)        00CAC
_FVRCON                                  (abs)        00117
_Flash_Memory_Erasing                    text39       00AA6
_Flash_Memory_Initialization             text40       0037A
_Flash_Memory_Main                       text35       00E06
_Flash_Memory_Modify                     text38       00F0B
_Flash_Memory_Read                       text44       00B8D
_Flash_Memory_Unlock                     text43       00A1C
_Flash_Memory_Write                      text42       00CDC
_Fosc_Set                                text29       009F3
_GIE                                     (abs)        0005F
_GO_nDONE                                (abs)        004E9
_IOCBF                                   (abs)        00396
_IOCBF2                                  (abs)        01CB2
_IOCBN                                   (abs)        00395
_IOCBP                                   (abs)        00394
_IOCIE                                   (abs)        0005B
_IOCIF                                   (abs)        00058
_IOC_ISR                                 text71       00ACB
_IOC_Set                                 text28       00ABE
_IO_Set                                  text27       00B75
_ISR                                     intentry     00004
_LATA                                    (abs)        0010C
_LATB                                    (abs)        0010D
_LATC                                    (abs)        0010E
_LED                                     bssBANK0     0006C
_LED_Initialization                      text33       009EB
_LED_Main                                text31       009EF
_LWLO                                    (abs)        00CAD
_LedPointSelect                          text57       00A61
_Mcu_Initialization                      text24       00B39
_Memory                                  bssBANK2     00120
_OSCCON                                  (abs)        00099
_PEIE                                    (abs)        0005E
_PMADRH                                  (abs)        00192
_PMADRL                                  (abs)        00191
_PMCON2                                  (abs)        00196
_PMDATH                                  (abs)        00194
_PMDATL                                  (abs)        00193
_PORTA                                   (abs)        0000C
_PORTB                                   (abs)        0000D
_PORTC                                   (abs)        0000E
_RA0                                     (abs)        00060
_RA4                                     (abs)        00064
_RA6                                     (abs)        00066
_RA7                                     (abs)        00067
_RB0                                     (abs)        00068
_RB3                                     (abs)        0006B
_RB4                                     (abs)        0006C
_RB5                                     (abs)        0006D
_RD                                      (abs)        00CA8
_Sw                                      bssBANK0     0006D
_Sw1                                     bssBANK1     000D1
_SwDetect                                bssBANK0     0006E
_SwPointSelect                           text11       00A77
_Switch_Initialization                   text19       00A25
_Switch_Main                             text5        00BC3
_T1CON                                   (abs)        00018
_TMR1H                                   (abs)        00017
_TMR1IE                                  (abs)        00488
_TMR1IF                                  (abs)        00088
_TMR1L                                   (abs)        00016
_TMR1_ISR                                text68       00C63
_TMR1_Set                                text26       00AB2
_TRISA                                   (abs)        0008C
_TRISB                                   (abs)        0008D
_TRISC                                   (abs)        0008E
_Timeout_Counter                         text23       00B4B
_Timer1                                  bssBANK1     000BF
_TouchPower                              text21       00B60
_VarErrLED                               bssBANK1     000DA
_WDT                                     bssCOMMON    00078
_WDTCON                                  (abs)        00097
_WDT_Clearing                            text4        007FE
_WDT_Main                                text3        00B18
_WDT_Set                                 text25       00A42
_WPUB1                                   (abs)        01069
_WPUB2                                   (abs)        0106A
_WR                                      (abs)        00CA9
_WREN                                    (abs)        00CAA
__CFG_BOREN$OFF                          (abs)        00000
__CFG_FOSC$INTOSC                        (abs)        00000
__CFG_VCAPEN$OFF                         (abs)        00000
__CFG_WDTE$ON                            (abs)        00000
__CFG_WRT$HALF                           (abs)        00000
__Habs1                                  abs1         00000
__Hbank0                                 bank0        00000
__Hbank1                                 bank1        00000
__Hbank10                                bank10       00000
__Hbank11                                bank11       00000
__Hbank12                                bank12       00000
__Hbank13                                bank13       00000
__Hbank14                                bank14       00000
__Hbank15                                bank15       00000
__Hbank16                                bank16       00000
__Hbank17                                bank17       00000
__Hbank18                                bank18       00000
__Hbank19                                bank19       00000
__Hbank2                                 bank2        00000
__Hbank20                                bank20       00000
__Hbank21                                bank21       00000
__Hbank22                                bank22       00000
__Hbank23                                bank23       00000
__Hbank24                                bank24       00000
__Hbank25                                bank25       00000
__Hbank26                                bank26       00000
__Hbank27                                bank27       00000
__Hbank28                                bank28       00000
__Hbank29                                bank29       00000
__Hbank3                                 bank3        00000
__Hbank30                                bank30       00000
__Hbank31                                bank31       00000
__Hbank4                                 bank4        00000
__Hbank5                                 bank5        00000
__Hbank6                                 bank6        00000
__Hbank7                                 bank7        00000
__Hbank8                                 bank8        00000
__Hbank9                                 bank9        00000
__Hbigram                                bigram       00000
__HbssBANK0                              bssBANK0     00000
__HbssBANK1                              bssBANK1     00000
__HbssBANK2                              bssBANK2     00000
__HbssCOMMON                             bssCOMMON    00000
__Hcinit                                 cinit        0003D
__Hclrtext                               clrtext      00000
__Hcode                                  code         00000
__Hcommon                                common       00000
__Hconfig                                config       08009
__HcstackBANK0                           cstackBANK0  00000
__HcstackCOMMON                          cstackCOMMON 00000
__HdataBANK2                             dataBANK2    00000
__Heeprom_data                           eeprom_data  00000
__Hend_init                              end_init     00015
__Hfunctab                               functab      00000
__HidataBANK2                            idataBANK2   00000
__Hidloc                                 idloc        00000
__Hinit                                  init         00013
__Hinittext                              inittext     00000
__Hintentry                              intentry     00013
__Hmaintext                              maintext     00000
__HnvBANK0                               nvBANK0      00000
__Hpowerup                               powerup      00000
__Hram                                   ram          00000
__Hreset_vec                             reset_vec    00002
__Hsfr0                                  sfr0         00000
__Hsfr1                                  sfr1         00000
__Hsfr10                                 sfr10        00000
__Hsfr11                                 sfr11        00000
__Hsfr12                                 sfr12        00000
__Hsfr13                                 sfr13        00000
__Hsfr14                                 sfr14        00000
__Hsfr15                                 sfr15        00000
__Hsfr16                                 sfr16        00000
__Hsfr17                                 sfr17        00000
__Hsfr18                                 sfr18        00000
__Hsfr19                                 sfr19        00000
__Hsfr2                                  sfr2         00000
__Hsfr20                                 sfr20        00000
__Hsfr21                                 sfr21        00000
__Hsfr22                                 sfr22        00000
__Hsfr23                                 sfr23        00000
__Hsfr24                                 sfr24        00000
__Hsfr25                                 sfr25        00000
__Hsfr26                                 sfr26        00000
__Hsfr27                                 sfr27        00000
__Hsfr28                                 sfr28        00000
__Hsfr29                                 sfr29        00000
__Hsfr3                                  sfr3         00000
__Hsfr30                                 sfr30        00000
__Hsfr31                                 sfr31        00000
__Hsfr4                                  sfr4         00000
__Hsfr5                                  sfr5         00000
__Hsfr6                                  sfr6         00000
__Hsfr7                                  sfr7         00000
__Hsfr8                                  sfr8         00000
__Hsfr9                                  sfr9         00000
__Hspace_0                               (abs)        08009
__Hspace_1                               (abs)        00165
__Hspace_2                               (abs)        00000
__Hspace_3                               (abs)        00000
__Hstack                                 stack        00000
__Hstrings                               strings      00000
__Htext                                  text         00000
__Labs1                                  abs1         00000
__Lbank0                                 bank0        00000
__Lbank1                                 bank1        00000
__Lbank10                                bank10       00000
__Lbank11                                bank11       00000
__Lbank12                                bank12       00000
__Lbank13                                bank13       00000
__Lbank14                                bank14       00000
__Lbank15                                bank15       00000
__Lbank16                                bank16       00000
__Lbank17                                bank17       00000
__Lbank18                                bank18       00000
__Lbank19                                bank19       00000
__Lbank2                                 bank2        00000
__Lbank20                                bank20       00000
__Lbank21                                bank21       00000
__Lbank22                                bank22       00000
__Lbank23                                bank23       00000
__Lbank24                                bank24       00000
__Lbank25                                bank25       00000
__Lbank26                                bank26       00000
__Lbank27                                bank27       00000
__Lbank28                                bank28       00000
__Lbank29                                bank29       00000
__Lbank3                                 bank3        00000
__Lbank30                                bank30       00000
__Lbank31                                bank31       00000
__Lbank4                                 bank4        00000
__Lbank5                                 bank5        00000
__Lbank6                                 bank6        00000
__Lbank7                                 bank7        00000
__Lbank8                                 bank8        00000
__Lbank9                                 bank9        00000
__Lbigram                                bigram       00000
__LbssBANK0                              bssBANK0     00000
__LbssBANK1                              bssBANK1     00000
__LbssBANK2                              bssBANK2     00000
__LbssCOMMON                             bssCOMMON    00000
__Lcinit                                 cinit        00015
__Lclrtext                               clrtext      00000
__Lcode                                  code         00000
__Lcommon                                common       00000
__Lconfig                                config       08007
__LcstackBANK0                           cstackBANK0  00000
__LcstackCOMMON                          cstackCOMMON 00000
__LdataBANK2                             dataBANK2    00000
__Leeprom_data                           eeprom_data  00000
__Lend_init                              end_init     00013
__Lfunctab                               functab      00000
__LidataBANK2                            idataBANK2   00000
__Lidloc                                 idloc        00000
__Linit                                  init         00013
__Linittext                              inittext     00000
__Lintentry                              intentry     00004
__Lmaintext                              maintext     00000
__LnvBANK0                               nvBANK0      00000
__Lpowerup                               powerup      00000
__Lram                                   ram          00000
__Lreset_vec                             reset_vec    00000
__Lsfr0                                  sfr0         00000
__Lsfr1                                  sfr1         00000
__Lsfr10                                 sfr10        00000
__Lsfr11                                 sfr11        00000
__Lsfr12                                 sfr12        00000
__Lsfr13                                 sfr13        00000
__Lsfr14                                 sfr14        00000
__Lsfr15                                 sfr15        00000
__Lsfr16                                 sfr16        00000
__Lsfr17                                 sfr17        00000
__Lsfr18                                 sfr18        00000
__Lsfr19                                 sfr19        00000
__Lsfr2                                  sfr2         00000
__Lsfr20                                 sfr20        00000
__Lsfr21                                 sfr21        00000
__Lsfr22                                 sfr22        00000
__Lsfr23                                 sfr23        00000
__Lsfr24                                 sfr24        00000
__Lsfr25                                 sfr25        00000
__Lsfr26                                 sfr26        00000
__Lsfr27                                 sfr27        00000
__Lsfr28                                 sfr28        00000
__Lsfr29                                 sfr29        00000
__Lsfr3                                  sfr3         00000
__Lsfr30                                 sfr30        00000
__Lsfr31                                 sfr31        00000
__Lsfr4                                  sfr4         00000
__Lsfr5                                  sfr5         00000
__Lsfr6                                  sfr6         00000
__Lsfr7                                  sfr7         00000
__Lsfr8                                  sfr8         00000
__Lsfr9                                  sfr9         00000
__Lspace_0                               (abs)        00000
__Lspace_1                               (abs)        00000
__Lspace_2                               (abs)        00000
__Lspace_3                               (abs)        00000
__Lstack                                 stack        00000
__Lstrings                               strings      00000
__Ltext                                  text         00000
__S0                                     (abs)        08009
__S1                                     (abs)        00165
__S2                                     (abs)        00000
___awdiv                                 text60       00FAC
___awdiv@counter                         cstackBANK0  00025
___awdiv@dividend                        cstackBANK0  00022
___awdiv@divisor                         cstackBANK0  00020
___awdiv@quotient                        cstackBANK0  00027
___awdiv@sign                            cstackBANK0  00026
___awtoft                                text54       00C1E
___awtoft@c                              cstackBANK0  00028
___awtoft@sign                           cstackBANK0  0002D
___ftadd                                 text53       00284
___ftadd@exp1                            cstackBANK0  0004D
___ftadd@exp2                            cstackBANK0  0004C
___ftadd@f1                              cstackBANK0  00041
___ftadd@f2                              cstackBANK0  00044
___ftadd@sign                            cstackBANK0  0004B
___ftdiv                                 text52       00456
___ftdiv@cntr                            cstackBANK0  00038
___ftdiv@exp                             cstackBANK0  0003C
___ftdiv@f1                              cstackBANK0  00031
___ftdiv@f2                              cstackBANK0  0002E
___ftdiv@f3                              cstackBANK0  00039
___ftdiv@sign                            cstackBANK0  0003D
___ftneg                                 text51       00A13
___ftneg@f1                              cstackBANK0  0003E
___ftpack                                text55       00653
___ftpack@arg                            cstackBANK0  00020
___ftpack@exp                            cstackBANK0  00023
___ftpack@sign                           cstackBANK0  00024
___fttol                                 text50       004FF
___fttol@exp1                            cstackBANK0  0005B
___fttol@f1                              cstackBANK0  0004E
___fttol@lval                            cstackBANK0  00057
___fttol@sign1                           cstackBANK0  00056
___int_sp                                stack        00000
___latbits                               (abs)        00003
___sp                                    stack        00000
__end_of_ADC_Set                         text30       00A13
__end_of_Buzzer_Initialization           text66       009E3
__end_of_Buzzer_Main                     text65       00EBF
__end_of_DimmerIntrIOCPointSelect        text74       00A38
__end_of_DimmerIntrPointSelect           text70       00A42
__end_of_DimmerLightsPointSelect         text63       00A61
__end_of_DimmerLights_Initialization     text61       00A8E
__end_of_DimmerLights_Main               text45       009EB
__end_of_Dimmer_Initialization           text64       00004
__end_of_Flash_Memory_Erasing            text39       00AB2
__end_of_Flash_Memory_Initialization     text40       00456
__end_of_Flash_Memory_Main               text35       00E3C
__end_of_Flash_Memory_Modify             text38       00F59
__end_of_Flash_Memory_Read               text44       00BA7
__end_of_Flash_Memory_Unlock             text43       00A25
__end_of_Flash_Memory_Write              text42       00D0B
__end_of_Fosc_Set                        text29       009F7
__end_of_IOC_ISR                         text71       00ADA
__end_of_IOC_Set                         text28       00ACB
__end_of_IO_Set                          text27       00B8D
__end_of_ISR                             intentry     00013
__end_of_LED_Initialization              text33       009EF
__end_of_LED_Main                        text31       009F3
__end_of_LedPointSelect                  text57       00A6C
__end_of_Mcu_Initialization              text24       00B4B
__end_of_SwPointSelect                   text11       00A82
__end_of_Switch_Initialization           text19       00A2E
__end_of_Switch_Main                     text5        00BE0
__end_of_TMR1_ISR                        text68       00C87
__end_of_TMR1_Set                        text26       00ABE
__end_of_Timeout_Counter                 text23       00B60
__end_of_TouchPower                      text21       00B75
__end_of_WDT_Clearing                    text4        00800
__end_of_WDT_Main                        text3        00B28
__end_of_WDT_Set                         text25       00A4C
__end_of___awdiv                         text60       01000
__end_of___awtoft                        text54       00C40
__end_of___ftadd                         text53       0037A
__end_of___ftdiv                         text52       004FF
__end_of___ftneg                         text51       00A1C
__end_of___ftpack                        text55       006B4
__end_of___fttol                         text50       00586
__end_of__initialization                 cinit        00039
__end_of_getAll_DimmerLights_AdjGO       text9        00A56
__end_of_getDimmerLights_Line            text17       00A77
__end_of_getDimmerLights_Status          text37       00AE9
__end_of_getMain_All_Error_Status        text18       009FB
__end_of_getMain_LightsStatus            text36       00CB1
__end_of_getSw_KeyStatus                 text10       00B39
__end_of_main                            maintext     00DD2
__end_of_myMain_Initialization           text2        00AF8
__end_of_my_MainTimer                    text1        00F0B
__end_of_setBuz                          text59       00769
__end_of_setDimmerLights                 text48       005EE
__end_of_setDimmerLights_Adj             text47       007FE
__end_of_setDimmerLights_AdjControl      text8        00D6C
__end_of_setDimmerLights_ErrorClose      text13       007BD
__end_of_setDimmerLights_Initialization  text62       00C63
__end_of_setDimmerLights_IntrControl     text69       00284
__end_of_setDimmerLights_IntrIOC_GO      text73       00CDC
__end_of_setDimmerLights_Line            text58       00A9A
__end_of_setDimmerLights_Main            text46       00FAC
__end_of_setDimmerLights_SwOff           text14       00E06
__end_of_setDimmerLights_SwOn            text7        00E75
__end_of_setDimmerLights_Trigger         text16       00BC3
__end_of_setDimmerLights_TriggerAdj      text15       00BFE
__end_of_setDimmerReClock                text72       009E7
__end_of_setLED                          text56       00D9F
__end_of_setLED_Initialization           text34       00B08
__end_of_setLED_Main                     text32       00D3A
__end_of_setMain_Exception               text12       00710
__end_of_setMemory_Data                  text41       00AA6
__end_of_setPercentValue                 text49       00653
__end_of_setSw_Initialization            text20       00B18
__end_of_setSw_Main                      text6        00175
__end_of_set_TimeoutCleared              text22       00A00
__initialization                         cinit        00015
__pbssBANK0                              bssBANK0     0006B
__pbssBANK1                              bssBANK1     000A0
__pbssBANK2                              bssBANK2     00120
__pbssCOMMON                             bssCOMMON    00078
__pcstackBANK0                           cstackBANK0  00020
__pcstackCOMMON                          cstackCOMMON 00070
__pdataBANK2                             dataBANK2    00145
__pidataBANK2                            idataBANK2   00BFE
__pintentry                              intentry     00004
__pmaintext                              maintext     00D9F
__pnvBANK0                               nvBANK0      0006F
__product                                dataBANK2    00145
__ptext1                                 text1        00EBF
__ptext10                                text10       00B28
__ptext11                                text11       00A77
__ptext12                                text12       006B4
__ptext13                                text13       00769
__ptext14                                text14       00DD2
__ptext15                                text15       00BE0
__ptext16                                text16       00BA7
__ptext17                                text17       00A6C
__ptext18                                text18       009F7
__ptext19                                text19       00A25
__ptext2                                 text2        00AE9
__ptext20                                text20       00B08
__ptext21                                text21       00B60
__ptext22                                text22       009FB
__ptext23                                text23       00B4B
__ptext24                                text24       00B39
__ptext25                                text25       00A42
__ptext26                                text26       00AB2
__ptext27                                text27       00B75
__ptext28                                text28       00ABE
__ptext29                                text29       009F3
__ptext3                                 text3        00B18
__ptext30                                text30       00A0C
__ptext31                                text31       009EF
__ptext32                                text32       00D0B
__ptext33                                text33       009EB
__ptext34                                text34       00AF8
__ptext35                                text35       00E06
__ptext36                                text36       00C87
__ptext37                                text37       00ADA
__ptext38                                text38       00F0B
__ptext39                                text39       00AA6
__ptext4                                 text4        007FE
__ptext40                                text40       0037A
__ptext41                                text41       00A9A
__ptext42                                text42       00CDC
__ptext43                                text43       00A1C
__ptext44                                text44       00B8D
__ptext45                                text45       009E7
__ptext46                                text46       00F59
__ptext47                                text47       007BD
__ptext48                                text48       00586
__ptext49                                text49       005EE
__ptext5                                 text5        00BC3
__ptext50                                text50       004FF
__ptext51                                text51       00A13
__ptext52                                text52       00456
__ptext53                                text53       00284
__ptext54                                text54       00C1E
__ptext55                                text55       00653
__ptext56                                text56       00D6C
__ptext57                                text57       00A61
__ptext58                                text58       00A8E
__ptext59                                text59       00710
__ptext6                                 text6        0003D
__ptext60                                text60       00FAC
__ptext61                                text61       00A82
__ptext62                                text62       00C40
__ptext63                                text63       00A56
__ptext64                                text64       00003
__ptext65                                text65       00E75
__ptext66                                text66       009E0
__ptext68                                text68       00C63
__ptext69                                text69       00175
__ptext7                                 text7        00E3C
__ptext70                                text70       00A38
__ptext71                                text71       00ACB
__ptext72                                text72       009E3
__ptext73                                text73       00CB1
__ptext74                                text74       00A2E
__ptext8                                 text8        00D3A
__ptext9                                 text9        00A4C
__size_of_ADC_Set                        (abs)        00000
__size_of_Buzzer_Initialization          (abs)        00000
__size_of_Buzzer_Main                    (abs)        00000
__size_of_DimmerIntrIOCPointSelect       (abs)        00000
__size_of_DimmerIntrPointSelect          (abs)        00000
__size_of_DimmerLightsPointSelect        (abs)        00000
__size_of_DimmerLights_Initialization    (abs)        00000
__size_of_DimmerLights_Main              (abs)        00000
__size_of_Dimmer_Initialization          (abs)        00000
__size_of_Flash_Memory_Erasing           (abs)        00000
__size_of_Flash_Memory_Initialization    (abs)        00000
__size_of_Flash_Memory_Main              (abs)        00000
__size_of_Flash_Memory_Modify            (abs)        00000
__size_of_Flash_Memory_Read              (abs)        00000
__size_of_Flash_Memory_Unlock            (abs)        00000
__size_of_Flash_Memory_Write             (abs)        00000
__size_of_Fosc_Set                       (abs)        00000
__size_of_IOC_ISR                        (abs)        00000
__size_of_IOC_Set                        (abs)        00000
__size_of_IO_Set                         (abs)        00000
__size_of_ISR                            (abs)        00000
__size_of_LED_Initialization             (abs)        00000
__size_of_LED_Main                       (abs)        00000
__size_of_LedPointSelect                 (abs)        00000
__size_of_Mcu_Initialization             (abs)        00000
__size_of_SwPointSelect                  (abs)        00000
__size_of_Switch_Initialization          (abs)        00000
__size_of_Switch_Main                    (abs)        00000
__size_of_TMR1_ISR                       (abs)        00000
__size_of_TMR1_Set                       (abs)        00000
__size_of_Timeout_Counter                (abs)        00000
__size_of_TouchPower                     (abs)        00000
__size_of_WDT_Clearing                   (abs)        00000
__size_of_WDT_Main                       (abs)        00000
__size_of_WDT_Set                        (abs)        00000
__size_of___awdiv                        (abs)        00000
__size_of___awtoft                       (abs)        00000
__size_of___ftadd                        (abs)        00000
__size_of___ftdiv                        (abs)        00000
__size_of___ftneg                        (abs)        00000
__size_of___ftpack                       (abs)        00000
__size_of___fttol                        (abs)        00000
__size_of_getAll_DimmerLights_AdjGO      (abs)        00000
__size_of_getDimmerLights_Line           (abs)        00000
__size_of_getDimmerLights_Status         (abs)        00000
__size_of_getMain_All_Error_Status       (abs)        00000
__size_of_getMain_LightsStatus           (abs)        00000
__size_of_getSw_KeyStatus                (abs)        00000
__size_of_main                           (abs)        00000
__size_of_myMain_Initialization          (abs)        00000
__size_of_my_MainTimer                   (abs)        00000
__size_of_setBuz                         (abs)        00000
__size_of_setDimmerLights                (abs)        00000
__size_of_setDimmerLights_Adj            (abs)        00000
__size_of_setDimmerLights_AdjControl     (abs)        00000
__size_of_setDimmerLights_ErrorClose     (abs)        00000
__size_of_setDimmerLights_Initialization (abs)        00000
__size_of_setDimmerLights_IntrControl    (abs)        00000
__size_of_setDimmerLights_IntrIOC_GO     (abs)        00000
__size_of_setDimmerLights_Line           (abs)        00000
__size_of_setDimmerLights_Main           (abs)        00000
__size_of_setDimmerLights_SwOff          (abs)        00000
__size_of_setDimmerLights_SwOn           (abs)        00000
__size_of_setDimmerLights_Trigger        (abs)        00000
__size_of_setDimmerLights_TriggerAdj     (abs)        00000
__size_of_setDimmerReClock               (abs)        00000
__size_of_setLED                         (abs)        00000
__size_of_setLED_Initialization          (abs)        00000
__size_of_setLED_Main                    (abs)        00000
__size_of_setMain_Exception              (abs)        00000
__size_of_setMemory_Data                 (abs)        00000
__size_of_setPercentValue                (abs)        00000
__size_of_setSw_Initialization           (abs)        00000
__size_of_setSw_Main                     (abs)        00000
__size_of_set_TimeoutCleared             (abs)        00000
_getAll_DimmerLights_AdjGO               text9        00A4C
_getDimmerLights_Line                    text17       00A6C
_getDimmerLights_Status                  text37       00ADA
_getMain_All_Error_Status                text18       009F7
_getMain_LightsStatus                    text36       00C87
_getSw_KeyStatus                         text10       00B28
_getSw_KeyStatus$4285                    cstackBANK0  00022
_main                                    maintext     00D9F
_myMain                                  bssBANK1     000A0
_myMain_Initialization                   text2        00AE9
_my_MainTimer                            text1        00EBF
_product                                 nvBANK0      0006F
_setBuz                                  text59       00710
_setDimmerLights                         text48       00586
_setDimmerLights_Adj                     text47       007BD
_setDimmerLights_AdjControl              text8        00D3A
_setDimmerLights_AdjControl$1573         cstackBANK0  00027
_setDimmerLights_ErrorClose              text13       00769
_setDimmerLights_Initialization          text62       00C40
_setDimmerLights_IntrControl             text69       00175
_setDimmerLights_IntrIOC_GO              text73       00CB1
_setDimmerLights_Line                    text58       00A8E
_setDimmerLights_Main                    text46       00F59
_setDimmerLights_SwOff                   text14       00DD2
_setDimmerLights_SwOn                    text7        00E3C
_setDimmerLights_Trigger                 text16       00BA7
_setDimmerLights_TriggerAdj              text15       00BE0
_setDimmerReClock                        text72       009E3
_setLED                                  text56       00D6C
_setLED_Initialization                   text34       00AF8
_setLED_Main                             text32       00D0B
_setMain_Exception                       text12       006B4
_setMain_Exception$2533                  cstackBANK0  00030
_setMemory_Data                          text41       00A9A
_setPercentValue                         text49       005EE
_setSw_Initialization                    text20       00B08
_setSw_Main                              text6        0003D
_set_TimeoutCleared                      text22       009FB
btemp                                    (abs)        0007E
clear_ram0                               clrtext      00A06
end_of_initialization                    cinit        00039
getAll_DimmerLights_AdjGO@adjgo          cstackBANK0  00020
getDimmerLights_Line@line                cstackBANK0  00020
getDimmerLights_Status@lights            cstackBANK0  00022
getDimmerLights_Status@status            cstackBANK0  00023
getMain_All_Error_Status@status          cstackBANK0  00020
getMain_LightsStatus@count               cstackBANK0  00025
getMain_LightsStatus@i                   cstackBANK0  00026
getMain_LightsStatus@status              cstackBANK0  00028
getSw_KeyStatus@status                   cstackBANK0  00021
init_ram                                 inittext     00A00
intlevel0                                functab      00000
intlevel1                                functab      00000
intlevel2                                functab      00000
intlevel3                                functab      00000
intlevel4                                functab      00000
intlevel5                                functab      00000
ltemp                                    (abs)        0007E
ltemp0                                   (abs)        0007E
ltemp1                                   (abs)        00082
ltemp2                                   (abs)        00086
ltemp3                                   (abs)        00080
pic14e$flags                             (abs)        0007E
reset_vec                                reset_vec    00000
setBuz@count                             cstackBANK0  0002C
setBuz@time                              cstackBANK0  00029
setDimmerLights@lights                   cstackBANK0  00065
setDimmerLights@status                   cstackBANK0  00062
setDimmerLights_Adj@lights               cstackBANK0  00065
setDimmerLights_Adj@status               cstackBANK0  00062
setDimmerLights_AdjControl@idle          cstackBANK0  00026
setDimmerLights_AdjControl@sw            cstackBANK0  00028
setDimmerLights_ErrorClose@count         cstackBANK0  00028
setDimmerLights_ErrorClose@i             cstackBANK0  0002A
setDimmerLights_ErrorClose@lights        cstackBANK0  00029
setDimmerLights_Initialization@lights    cstackBANK0  00023
setDimmerLights_IntrControl@lights       cstackCOMMON 00076
setDimmerLights_IntrIOC_GO@lights        cstackCOMMON 00072
setDimmerLights_Line@lights              cstackBANK0  00020
setDimmerLights_Main@lights              cstackBANK0  00066
setDimmerLights_SwOff@command            cstackBANK0  00025
setDimmerLights_SwOff@sw                 cstackBANK0  00026
setDimmerLights_SwOn@idle                cstackBANK0  0002E
setDimmerLights_SwOn@sw                  cstackBANK0  0002F
setDimmerLights_Trigger@command          cstackBANK0  00022
setDimmerLights_Trigger@lights           cstackBANK0  00024
setDimmerLights_TriggerAdj@command       cstackBANK0  00022
setDimmerLights_TriggerAdj@lights        cstackBANK0  00024
setLED@command                           cstackBANK0  00022
setLED@led                               cstackBANK0  00023
setLED_Initialization@led                cstackBANK0  00024
setLED_Main@led                          cstackBANK0  00024
setMain_Exception@buz                    cstackBANK0  0002F
setMain_Exception@command                cstackBANK0  00033
setMain_Exception@status                 cstackBANK0  00032
setMemory_Data@address                   cstackBANK0  00022
setMemory_Data@data                      cstackBANK0  00020
setPercentValue@i                        cstackBANK0  0005F
setPercentValue@value                    cstackBANK0  0005E
setSw_Initialization@sw                  cstackBANK0  00024
setSw_Main@sw                            cstackBANK0  00032
stackhi                                  (abs)        0231F
stacklo                                  (abs)        020E5
start                                    init         00013
start_initialization                     cinit        00015
ttemp                                    (abs)        0007E
ttemp0                                   (abs)        0007E
ttemp1                                   (abs)        00081
ttemp2                                   (abs)        00084
ttemp3                                   (abs)        00087
ttemp4                                   (abs)        0007F
wtemp                                    (abs)        0007E
wtemp0                                   (abs)        0007E
wtemp1                                   (abs)        00080
wtemp2                                   (abs)        00082
wtemp3                                   (abs)        00084
wtemp4                                   (abs)        00086
wtemp5                                   (abs)        00088
wtemp6                                   (abs)        0007F


FUNCTION INFORMATION:

 *************** function _main *****************
 Defined at:
		line 7 in file "../src/Main_B1.c"
 Parameters:    Size  Location     Type
  argc            2   71[BANK0 ] int 
  argv            2   73[BANK0 ] PTR PTR unsigned char 
 Auto vars:     Size  Location     Type
		None
 Return value:  Size  Location     Type
                  2   71[BANK0 ] int 
 Registers used:
		wreg, fsr0l, fsr0h, fsr1l, fsr1h, status,2, status,0, pclath, cstack
 Tracked objects:
		On entry : 
		On exit  : 
		Unchanged: 
 Data sizes:     COMMON   BANK0   BANK1   BANK2   BANK3   BANK4   BANK5   BANK6   BANK7   BANK8   BANK9  BANK10  BANK11  BANK12
      Params:         0       4       0       0       0       0       0       0       0       0       0       0       0       0
      Locals:         0       0       0       0       0       0       0       0       0       0       0       0       0       0
      Temps:          0       0       0       0       0       0       0       0       0       0       0       0       0       0
      Totals:         0       4       0       0       0       0       0       0       0       0       0       0       0       0
Total ram usage:        4 bytes
 Hardware stack levels required when called:   11
 This function calls:
		_Buzzer_Initialization
		_Buzzer_Main
		_DimmerLights_Initialization
		_DimmerLights_Main
		_Flash_Memory_Initialization
		_Flash_Memory_Main
		_LED_Initialization
		_LED_Main
		_Mcu_Initialization
		_Switch_Initialization
		_Switch_Main
		_WDT_Main
		_myMain_Initialization
		_my_MainTimer
 This function is called by:
		Startup code after reset
 This function uses a non-reentrant model


 *************** function _my_MainTimer *****************
 Defined at:
		line 180 in file "../src/Main_B1.c"
 Parameters:    Size  Location     Type
		None
 Auto vars:     Size  Location     Type
		None
 Return value:  Size  Location     Type
		None               void
 Registers used:
		wreg, fsr1l, fsr1h, status,2, status,0, pclath, cstack
 Tracked objects:
		On entry : 
		On exit  : 
		Unchanged: 
 Data sizes:     COMMON   BANK0   BANK1   BANK2   BANK3   BANK4   BANK5   BANK6   BANK7   BANK8   BANK9  BANK10  BANK11  BANK12
      Params:         0       0       0       0       0       0       0       0       0       0       0       0       0       0
      Locals:         0       0       0       0       0       0       0       0       0       0       0       0       0       0
      Temps:          0       0       0       0       0       0       0       0       0       0       0       0       0       0
      Totals:         0       0       0       0       0       0       0       0       0       0       0       0       0       0
Total ram usage:        0 bytes
 Hardware stack levels used:    1
 Hardware stack levels required when called:    7
 This function calls:
		_setBuz
 This function is called by:
		_main
 This function uses a non-reentrant model


 *************** function _myMain_Initialization *****************
 Defined at:
		line 167 in file "../src/Main_B1.c"
 Parameters:    Size  Location     Type
		None
 Auto vars:     Size  Location     Type
		None
 Return value:  Size  Location     Type
		None               void
 Registers used:
		wreg, fsr1l, fsr1h
 Tracked objects:
		On entry : 
		On exit  : 
		Unchanged: 
 Data sizes:     COMMON   BANK0   BANK1   BANK2   BANK3   BANK4   BANK5   BANK6   BANK7   BANK8   BANK9  BANK10  BANK11  BANK12
      Params:         0       0       0       0       0       0       0       0       0       0       0       0       0       0
      Locals:         0       0       0       0       0       0       0       0       0       0       0       0       0       0
[...]
 Hardware stack levels required when called:    5
 This function calls:
		Nothing
 This function is called by:
		_setDimmerLights_Initialization
		_setDimmerLights_Main
		_getDimmerLights_Status
		_setDimmerLights_SwOn
		_setDimmerLights_SwOff
		_setDimmerLights_AdjControl
		_setDimmerLights_ErrorClose
		_setDimmerLights
		_setDimmerLights_Adj
		_setDimmerLights_Trigger
		_setDimmerLights_TriggerAdj
		_setDimmerLights_Status
		_setDimmerLights_AdjRF
		_setDimmerLights_GO
		_setDimmerLights_MaxmumValue
 This function uses a non-reentrant model


 *************** function _Dimmer_Initialization *****************
 Defined at:
		line 904 in file "../src/Dimmer_B1.c"
 Parameters:    Size  Location     Type
		None
 Auto vars:     Size  Location     Type
		None
 Return value:  Size  Location     Type
		None               void
 Registers used:
		None
 Tracked objects:
		On entry : 
		On exit  : 
		Unchanged: 
 Data sizes:     COMMON   BANK0   BANK1   BANK2   BANK3   BANK4   BANK5   BANK6   BANK7   BANK8   BANK9  BANK10  BANK11  BANK12
      Params:         0       0       0       0       0       0       0       0       0       0       0       0       0       0
      Locals:         0       0       0       0       0       0       0       0       0       0       0       0       0       0
      Temps:          0       0       0       0       0       0       0       0       0       0       0       0       0       0
      Totals:         0       0       0       0       0       0       0       0       0       0       0       0       0       0
Total ram usage:        0 bytes
 Hardware stack levels used:    1
 Hardware stack levels required when called:    5
 This function calls:
		Nothing
 This function is called by:
		_DimmerLights_Initialization
 This function uses a non-reentrant model


 *************** function _Buzzer_Main *****************
 Defined at:
		line 46 in file "../src/Buzzer_B1.c"
 Parameters:    Size  Location     Type
		None
 Auto vars:     Size  Location     Type
		None
 Return value:  Size  Location     Type
		None               void
 Registers used:
		wreg, status,2, status,0
 Tracked objects:
		On entry : 
		On exit  : 
		Unchanged: 
 Data sizes:     COMMON   BANK0   BANK1   BANK2   BANK3   BANK4   BANK5   BANK6   BANK7   BANK8   BANK9  BANK10  BANK11  BANK12
      Params:         0       0       0       0       0       0       0       0       0       0       0       0       0       0
      Locals:         0       0       0       0       0       0       0       0       0       0       0       0       0       0
      Temps:          0       1       0       0       0       0       0       0       0       0       0       0       0       0
      Totals:         0       1       0       0       0       0       0       0       0       0       0       0       0       0
Total ram usage:        1 bytes
 Hardware stack levels used:    1
 Hardware stack levels required when called:    5
 This function calls:
		Nothing
 This function is called by:
		_main
 This function uses a non-reentrant model


 *************** function _Buzzer_Initialization *****************
 Defined at:
		line 11 in file "../src/Buzzer_B1.c"
 Parameters:    Size  Location     Type
		None
 Auto vars:     Size  Location     Type
		None
 Return value:  Size  Location     Type
		None               void
 Registers used:
		None
 Tracked objects:
		On entry : 
		On exit  : 
		Unchanged: 
 Data sizes:     COMMON   BANK0   BANK1   BANK2   BANK3   BANK4   BANK5   BANK6   BANK7   BANK8   BANK9  BANK10  BANK11  BANK12
      Params:         0       0       0       0       0       0       0       0       0       0       0       0       0       0
      Locals:         0       0       0       0       0       0       0       0       0       0       0       0       0       0
      Temps:          0       0       0       0       0       0       0       0       0       0       0       0       0       0
      Totals:         0       0       0       0       0       0       0       0       0       0       0       0       0       0
Total ram usage:        0 bytes
 Hardware stack levels used:    1
 Hardware stack levels required when called:    5
 This function calls:
		Nothing
 This function is called by:
		_main
 This function uses a non-reentrant model


 *************** function _ISR *****************
 Defined at:
		line 107 in file "../src/MCU_B1.c"
 Parameters:    Size  Location     Type
		None
 Auto vars:     Size  Location     Type
		None
 Return value:  Size  Location     Type
		None               void
 Registers used:
		wreg, fsr0l, fsr0h, fsr1l, fsr1h, status,2, status,0, pclath, cstack
 Tracked objects:
		On entry : 
		On exit  : 
		Unchanged: 
 Data sizes:     COMMON   BANK0   BANK1   BANK2   BANK3   BANK4   BANK5   BANK6   BANK7   BANK8   BANK9  BANK10  BANK11  BANK12
      Params:         0       0       0       0       0       0       0       0       0       0       0       0       0       0
      Locals:         0       0       0       0       0       0       0       0       0       0       0       0       0       0
      Temps:          1       0       0       0       0       0       0       0       0       0       0       0       0       0
      Totals:         1       0       0       0       0       0       0       0       0       0       0       0       0       0
Total ram usage:        1 bytes
 Hardware stack levels used:    1
 Hardware stack levels required when called:    4
 This function calls:
		_IOC_ISR
		_TMR1_ISR
 This function is called by:
		Interrupt level 1
 This function uses a non-reentrant model


 *************** function _TMR1_ISR *****************
 Defined at:
		line 209 in file "../src/MCU_B1.c"
 Parameters:    Size  Location     Type
		None
 Auto vars:     Size  Location     Type
		None
 Return value:  Size  Location     Type
		None               void
 Registers used:
		wreg, fsr0l, fsr0h, fsr1l, fsr1h, status,2, status,0, pclath, cstack
 Tracked objects:
		On entry : 
		On exit  : 
		Unchanged: 
 Data sizes:     COMMON   BANK0   BANK1   BANK2   BANK3   BANK4   BANK5   BANK6   BANK7   BANK8   BANK9  BANK10  BANK11  BANK12
      Params:         0       0       0       0       0       0       0       0       0       0       0       0       0       0
      Locals:         0       0       0       0       0       0       0       0       0       0       0       0       0       0
      Temps:          0       0       0       0       0       0       0       0       0       0       0       0       0       0
      Totals:         0       0       0       0       0       0       0       0       0       0       0       0       0       0
Total ram usage:        0 bytes
 Hardware stack levels used:    1
 Hardware stack levels required when called:    2
 This function calls:
		_setDimmerLights_IntrControl
 This function is called by:
		_ISR
 This function uses a non-reentrant model


 *************** function _setDimmerLights_IntrControl *****************
 Defined at:
		line 92 in file "../src/Dimmer_B1.c"
 Parameters:    Size  Location     Type
  lights          1    wreg     unsigned char 
 Auto vars:     Size  Location     Type
  lights          1    6[COMMON] unsigned char 
 Return value:  Size  Location     Type
		None               void
 Registers used:
		wreg, fsr0l, fsr0h, fsr1l, fsr1h, status,2, status,0, pclath, cstack
 Tracked objects:
		On entry : 
		On exit  : 
		Unchanged: 
 Data sizes:     COMMON   BANK0   BANK1   BANK2   BANK3   BANK4   BANK5   BANK6   BANK7   BANK8   BANK9  BANK10  BANK11  BANK12
      Params:         0       0       0       0       0       0       0       0       0       0       0       0       0       0
      Locals:         1       0       0       0       0       0       0       0       0       0       0       0       0       0
      Temps:          4       0       0       0       0       0       0       0       0       0       0       0       0       0
      Totals:         5       0       0       0       0       0       0       0       0       0       0       0       0       0
Total ram usage:        5 bytes
 Hardware stack levels used:    1
 Hardware stack levels required when called:    1
 This function calls:
		_DimmerIntrPointSelect
 This function is called by:
		_TMR1_ISR
 This function uses a non-reentrant model


 *************** function _DimmerIntrPointSelect *****************
 Defined at:
		line 70 in file "../src/Dimmer_B1.c"
 Parameters:    Size  Location     Type
  lights          1    wreg     unsigned char 
 Auto vars:     Size  Location     Type
  lights          1    1[COMMON] unsigned char 
 Return value:  Size  Location     Type
		None               void
 Registers used:
		wreg
 Tracked objects:
		On entry : 
		On exit  : 
		Unchanged: 
 Data sizes:     COMMON   BANK0   BANK1   BANK2   BANK3   BANK4   BANK5   BANK6   BANK7   BANK8   BANK9  BANK10  BANK11  BANK12
      Params:         0       0       0       0       0       0       0       0       0       0       0       0       0       0
      Locals:         1       0       0       0       0       0       0       0       0       0       0       0       0       0
      Temps:          1       0       0       0       0       0       0       0       0       0       0       0       0       0
      Totals:         2       0       0       0       0       0       0       0       0       0       0       0       0       0
Total ram usage:        2 bytes
 Hardware stack levels used:    1
 This function calls:
		Nothing
 This function is called by:
		_setDimmerLights_IntrControl
 This function uses a non-reentrant model


 *************** function _IOC_ISR *****************
 Defined at:
		line 401 in file "../src/MCU_B1.c"
 Parameters:    Size  Location     Type
		None
 Auto vars:     Size  Location     Type
		None
 Return value:  Size  Location     Type
		None               void
 Registers used:
		wreg, fsr1l, fsr1h, status,2, status,0, pclath, cstack
 Tracked objects:
		On entry : 
		On exit  : 
		Unchanged: 
 Data sizes:     COMMON   BANK0   BANK1   BANK2   BANK3   BANK4   BANK5   BANK6   BANK7   BANK8   BANK9  BANK10  BANK11  BANK12
      Params:         0       0       0       0       0       0       0       0       0       0       0       0       0       0
      Locals:         0       0       0       0       0       0       0       0       0       0       0       0       0       0
      Temps:          0       0       0       0       0       0       0       0       0       0       0       0       0       0
      Totals:         0       0       0       0       0       0       0       0       0       0       0       0       0       0
Total ram usage:        0 bytes
 Hardware stack levels used:    1
 Hardware stack levels required when called:    3
 This function calls:
		_setDimmerReClock
 This function is called by:
		_ISR
 This function uses a non-reentrant model


 *************** function _setDimmerReClock *****************
 Defined at:
		line 244 in file "../src/MCU_B1.c"
 Parameters:    Size  Location     Type
		None
 Auto vars:     Size  Location     Type
		None
 Return value:  Size  Location     Type
		None               void
 Registers used:
		wreg, fsr1l, fsr1h, status,2, status,0, pclath, cstack
 Tracked objects:
		On entry : 
		On exit  : 
		Unchanged: 
 Data sizes:     COMMON   BANK0   BANK1   BANK2   BANK3   BANK4   BANK5   BANK6   BANK7   BANK8   BANK9  BANK10  BANK11  BANK12
      Params:         0       0       0       0       0       0       0       0       0       0       0       0       0       0
      Locals:         0       0       0       0       0       0       0       0       0       0       0       0       0       0
      Temps:          0       0       0       0       0       0       0       0       0       0       0       0       0       0
      Totals:         0       0       0       0       0       0       0       0       0       0       0       0       0       0
Total ram usage:        0 bytes
 Hardware stack levels used:    1
 Hardware stack levels required when called:    2
 This function calls:
		_setDimmerLights_IntrIOC_GO
 This function is called by:
		_IOC_ISR
 This function uses a non-reentrant model


 *************** function _setDimmerLights_IntrIOC_GO *****************
 Defined at:
		line 28 in file "../src/Dimmer_B1.c"
 Parameters:    Size  Location     Type
  lights          1    wreg     unsigned char 
 Auto vars:     Size  Location     Type
  lights          1    2[COMMON] unsigned char 
 Return value:  Size  Location     Type
		None               void
 Registers used:
		wreg, fsr1l, fsr1h, status,2, status,0, pclath, cstack
 Tracked objects:
		On entry : 
		On exit  : 
		Unchanged: 
 Data sizes:     COMMON   BANK0   BANK1   BANK2   BANK3   BANK4   BANK5   BANK6   BANK7   BANK8   BANK9  BANK10  BANK11  BANK12
      Params:         0       0       0       0       0       0       0       0       0       0       0       0       0       0
      Locals:         1       0       0       0       0       0       0       0       0       0       0       0       0       0
      Temps:          0       0       0       0       0       0       0       0       0       0       0       0       0       0
      Totals:         1       0       0       0       0       0       0       0       0       0       0       0       0       0
Total ram usage:        1 bytes
 Hardware stack levels used:    1
 Hardware stack levels required when called:    1
 This function calls:
		_DimmerIntrIOCPointSelect
 This function is called by:
		_setDimmerReClock
 This function uses a non-reentrant model


 *************** function _DimmerIntrIOCPointSelect *****************
 Defined at:
		line 8 in file "../src/Dimmer_B1.c"
 Parameters:    Size  Location     Type
  lights          1    wreg     unsigned char 
 Auto vars:     Size  Location     Type
  lights          1    1[COMMON] unsigned char 
 Return value:  Size  Location     Type
		None               void
 Registers used:
		wreg
 Tracked objects:
		On entry : 
		On exit  : 
		Unchanged: 
 Data sizes:     COMMON   BANK0   BANK1   BANK2   BANK3   BANK4   BANK5   BANK6   BANK7   BANK8   BANK9  BANK10  BANK11  BANK12
      Params:         0       0       0       0       0       0       0       0       0       0       0       0       0       0
      Locals:         1       0       0       0       0       0       0       0       0       0       0       0       0       0
      Temps:          1       0       0       0       0       0       0       0       0       0       0       0       0       0
      Totals:         2       0       0       0       0       0       0       0       0       0       0       0       0       0
Total ram usage:        2 bytes
 Hardware stack levels used:    1
 This function calls:
		Nothing
 This function is called by:
		_setDimmerLights_IntrIOC_GO
 This function uses a non-reentrant model



MODULE INFORMATION

Module		Function		Class		Link	Load	Size
C:\Program Files (x86)\Microchip\xc8\v1.32\sources\common\float.c
		___ftpack      		CODE           	0653	0000	97

C:\Program Files (x86)\Microchip\xc8\v1.32\sources\common\float.c estimated size: 97

C:\Program Files (x86)\Microchip\xc8\v1.32\sources\common\awtoft.c
		___awtoft      		CODE           	0C1E	0000	34

C:\Program Files (x86)\Microchip\xc8\v1.32\sources\common\awtoft.c estimated size: 34

../src/MCU_B1.c
		_Fosc_Set      		CODE           	09F3	0000	4
		_IO_Set        		CODE           	0B75	0000	24
		_WDT_Set       		CODE           	0A42	0000	10
		_WDT_Main      		CODE           	0B18	0000	16
		_ADC_Set       		CODE           	0A0C	0000	7
		_IOC_ISR       		CODE           	0ACB	0000	15
		_ISR           		CODE           	0004	0000	15
		_Flash_Memory_W		CODE           	0CDC	0000	47
		_Flash_Memory_M		CODE           	0F0B	0000	78
		_IOC_Set       		CODE           	0ABE	0000	13
		_WDT_Clearing  		CODE           	07FE	0000	2
		_Mcu_Initializa		CODE           	0B39	0000	18
		_setMemory_Data		CODE           	0A9A	0000	12
		_Flash_Memory_I		CODE           	037A	0000	220
		_TMR1_Set      		CODE           	0AB2	0000	12
		_Flash_Memory_U		CODE           	0A1C	0000	9
		_Flash_Memory_R		CODE           	0B8D	0000	26
		_Flash_Memory_E		CODE           	0AA6	0000	12
		_TMR1_ISR      		CODE           	0C63	0000	36
		_setDimmerReClo		CODE           	09E3	0000	4
		_Flash_Memory_M		CODE           	0E06	0000	54

../src/MCU_B1.c estimated size: 634

../src/Buzzer_B1.c
		_Buzzer_Main   		CODE           	0E75	0000	74
		_setBuz        		CODE           	0710	0000	89
		_Buzzer_Initial		CODE           	09E0	0000	3

../src/Buzzer_B1.c estimated size: 166

../src/LED_B1.c
		_setLED        		CODE           	0D6C	0000	51
		_LED_Main      		CODE           	09EF	0000	4
		_setLED_Initial		CODE           	0AF8	0000	16
		_LedPointSelect		CODE           	0A61	0000	11
		_setLED_Main   		CODE           	0D0B	0000	47
		_LED_Initializa		CODE           	09EB	0000	4

../src/LED_B1.c estimated size: 133

C:\Program Files (x86)\Microchip\xc8\v1.32\sources\common\fttol.c
		___fttol       		CODE           	04FF	0000	135

C:\Program Files (x86)\Microchip\xc8\v1.32\sources\common\fttol.c estimated size: 135

C:\Program Files (x86)\Microchip\xc8\v1.32\sources\common\awdiv.c
		___awdiv       		CODE           	0FAC	0000	84

C:\Program Files (x86)\Microchip\xc8\v1.32\sources\common\awdiv.c estimated size: 84

../src/Main_B1.c
		_getMain_Lights		CODE           	0C87	0000	42
		_my_MainTimer  		CODE           	0EBF	0000	76
		_main          		CODE           	0D9F	0000	51
		_Timeout_Counte		CODE           	0B4B	0000	21
		_myMain_Initial		CODE           	0AE9	0000	15
		_getMain_All_Er		CODE           	09F7	0000	4
		_set_TimeoutCle		CODE           	09FB	0000	5
		_setMain_Except		CODE           	06B4	0000	92

../src/Main_B1.c estimated size: 306

C:\Program Files (x86)\Microchip\xc8\v1.32\sources\common\ftadd.c
		___ftadd       		CODE           	0284	0000	246

C:\Program Files (x86)\Microchip\xc8\v1.32\sources\common\ftadd.c estimated size: 246

shared
		__initializatio		CODE           	0015	0000	36

shared estimated size: 36

C:\Program Files (x86)\Microchip\xc8\v1.32\sources\common\ftneg.c
		___ftneg       		CODE           	0A13	0000	9

C:\Program Files (x86)\Microchip\xc8\v1.32\sources\common\ftneg.c estimated size: 9

../src/Switch_B1.c
		_Switch_Main   		CODE           	0BC3	0000	29
		_SwPointSelect 		CODE           	0A77	0000	11
		_TouchPower    		CODE           	0B60	0000	21
		_setSw_Main    		CODE           	003D	0000	312
		_getSw_KeyStatu		CODE           	0B28	0000	17
		_setSw_Initiali		CODE           	0B08	0000	16
		_Switch_Initial		CODE           	0A25	0000	9

../src/Switch_B1.c estimated size: 415

../src/Dimmer_B1.c
		_DimmerLightsPo		CODE           	0A56	0000	11
		_getDimmerLight		CODE           	0ADA	0000	15
		_setDimmerLight		CODE           	0DD2	0000	52
		_DimmerIntrPoin		CODE           	0A38	0000	10
		_DimmerLights_M		CODE           	09E7	0000	4
		_setDimmerLight		CODE           	0E3C	0000	57
		_getAll_DimmerL		CODE           	0A4C	0000	10
		_getDimmerLight		CODE           	0A6C	0000	11
		_setDimmerLight		CODE           	0175	0000	271
		_DimmerIntrIOCP		CODE           	0A2E	0000	10
		_setDimmerLight		CODE           	07BD	0000	65
		_setDimmerLight		CODE           	0586	0000	104
		_setDimmerLight		CODE           	0A8E	0000	12
		_setDimmerLight		CODE           	0769	0000	84
		_setDimmerLight		CODE           	0BA7	0000	28
		_setDimmerLight		CODE           	0BE0	0000	30
		_setPercentValu		CODE           	05EE	0000	101
		_setDimmerLight		CODE           	0C40	0000	35
		_setDimmerLight		CODE           	0CB1	0000	43
		_Dimmer_Initial		CODE           	0003	0000	1
		_DimmerLights_I		CODE           	0A82	0000	12
		_setDimmerLight		CODE           	0F59	0000	83
		_setDimmerLight		CODE           	0D3A	0000	50

../src/Dimmer_B1.c estimated size: 1099

C:\Program Files (x86)\Microchip\xc8\v1.32\sources\pic\ftdiv.c
		___ftdiv       		CODE           	0456	0000	169

C:\Program Files (x86)\Microchip\xc8\v1.32\sources\pic\ftdiv.c estimated size: 169

