Microchip MPLAB XC8 Compiler V1.32 ()

Linker command line:

--edf=C:\Program Files (x86)\Microchip\xc8\v1.32\dat\en_msgs.txt -cs \
  -h+dist/default/production\1-7.Switch_1Key_Dimmer_MOSFET.X.production.sym \
  --cmf=dist/default/production\1-7.Switch_1Key_Dimmer_MOSFET.X.production.cmf \
  -z -Q16F1518 -oC:\Users\taianluo\AppData\Local\Temp\sfo.6 \
  -Mdist/default/production/1-7.Switch_1Key_Dimmer_MOSFET.X.production.map \
  -E1 -ver=XC8 -ASTACK=02160h-0231fh -pstack=STACK -ACONST=00h-0FFhx64 \
  -ACODE=00h-07FFhx8 -ASTRCODE=00h-03FFFh -AENTRY=00h-0FFhx64 \
  -ASTRING=00h-0FFhx64 -ACOMMON=070h-07Fh -ABANK0=020h-06Fh \
  -ABANK1=0A0h-0EFh -ABANK2=0120h-016Fh -ABANK3=01A0h-01EFh \
  -ABANK4=0220h-026Fh -ABANK5=02A0h-02EFh -ABANK6=0320h-036Fh \
  -ABANK7=03A0h-03EFh -ABANK8=0420h-046Fh -ABANK9=04A0h-04EFh \
  -ABANK10=0520h-056Fh -ABANK11=05A0h-05EFh -ABANK12=0620h-064Fh \
  -ABIGRAM=02000h-023EFh \
  -ARAM=020h-06Fh,0A0h-0EFh,0120h-016Fh,01A0h-01EFh,0220h-026Fh,02A0h-02EFh,0320h-036Fh,03A0h-03EFh,0420h-046Fh,04A0h-04EFh,0520h-056Fh,05A0h-05EFh,0620h-064Fh \
  -AABS1=020h-07Fh,0A0h-0EFh,0120h-016Fh,01A0h-01EFh,0220h-026Fh,02A0h-02EFh,0320h-036Fh,03A0h-03EFh,0420h-046Fh,04A0h-04EFh,0520h-056Fh,05A0h-05EFh,0620h-064Fh \
  -ASFR0=00h-01Fh -ASFR1=080h-09Fh -ASFR2=0100h-011Fh -ASFR3=0180h-019Fh \
  -ASFR4=0200h-021Fh -ASFR5=0280h-029Fh -ASFR6=0300h-031Fh \
  -ASFR7=0380h-039Fh -ASFR8=0400h-041Fh -ASFR9=0480h-049Fh \
  -ASFR10=0500h-051Fh -ASFR11=0580h-059Fh -ASFR12=0600h-061Fh \
  -ASFR13=0680h-06EFh -ASFR14=0700h-076Fh -ASFR15=0780h-07EFh \
  -ASFR16=0800h-086Fh -ASFR17=0880h-08EFh -ASFR18=0900h-096Fh \
  -ASFR19=0980h-09EFh -ASFR20=0A00h-0A6Fh -ASFR21=0A80h-0AEFh \
  -ASFR22=0B00h-0B6Fh -ASFR23=0B80h-0BEFh -ASFR24=0C00h-0C6Fh \
  -ASFR25=0C80h-0CEFh -ASFR26=0D00h-0D6Fh -ASFR27=0D80h-0DEFh \
  -ASFR28=0E00h-0E6Fh -ASFR29=0E80h-0EEFh -ASFR30=0F00h-0F6Fh \
  -ASFR31=0F80h-0FEFh -preset_vec=00h,intentry=04h,init,end_init \
  -ppowerup=CODE -pcinit=CODE -pfunctab=CODE -ACONFIG=08007h-08008h \
  -pconfig=CONFIG -DCONFIG=2 -AIDLOC=08000h-08003h -pidloc=IDLOC -DIDLOC=2 \
  -DCODE=2 -DSTRCODE=2 -DSTRING=2 -DCONST=2 -DENTRY=2 -k \
  C:\Users\taianluo\AppData\Local\Temp\sfo.obj \
  dist/default/production\1-7.Switch_1Key_Dimmer_MOSFET.X.production.obj 

Object code version is 3.11

Machine type is 16F1518



                Name                               Link     Load   Length Selector   Space Scale
C:\Users\taianluo\AppData\Local\Temp\sfo.obj
                end_init                             13       13        2        8       0
                reset_vec                             0        0        2        0       0
                config                             8007     8007        2    1000E       0
dist/default/production\1-7.Switch_1Key_Dimmer_MOSFET.X.production.obj
                cinit                                15       15       2E        8       0
                intentry                              4        4        F        8       0
                text133                            1C83     1C83        B     3906       0
                text132                            1223     1223       32     2446       0
                text131                            1C0D     1C0D        4     381A       0
                text130                            1D3F     1D3F        F     3A7E       0
                text129                            1C6F     1C6F        A     38DE       0
                text128                             2F6      2F6      137        8       0
                text127                            10D4     10D4       24     21A8       0
                text125                            1BFE     1BFE        3     37FC       0
                text124                            1504     1504       4A     2A08       0
                text123                            1E3D     1E3D       14     3C7A       0
                text122                            1E65     1E65       15     3CCA       0
                text121                            1C31     1C31        5     3862       0
                text120                            1ED3     1ED3       19     3DA6       0
                text119                            1C11     1C11        4     3822       0
                text118                            1C15     1C15        4     382A       0
                text117                            10F8     10F8       26     21F0       0
                text116                            1CDB     1CDB        C     39B6       0
                text115                            1FDF     1FDF       21     3FBE       0
                text114                            1F40     1F40       1F     3E80       0
                text113                            1145     1145       2A     228A       0
                text112                            1478     1478       43     28F0       0
                text111                            1C19     1C19        4     3832       0
                text110                            1E7A     1E7A       15     3CF4       0
                text109                            1C8E     1C8E        B     391C       0
                text108                            1C3B     1C3B        6     3876       0
                text107                            1C1D     1C1D        4     383A       0
                text106                            15EB     15EB       54     2BD6       0
                text105                            16EF     16EF       59     2DDE       0
                text104                            1C99     1C99        B     3932       0
                text103                            1D5D     1D5D       10     3ABA       0
                text102                            1D6D     1D6D       10     3ADA       0
                text101                            1DE1     1DE1       12     3BC2       0
                text100                            116F     116F       2A     22DE       0
                text99                              809      809       5D     1012       0
                text98                             1F22     1F22       1E     3E44       0
                text97                             1F5F     1F5F       20     3EBE       0
                text96                             14BB     14BB       49     2976       0
                text95                             163F     163F       58     2C7E       0
                text94                              866      866       5D     10CC       0
                text93                             1C21     1C21        4     3842       0
                text92                                2        2        1        0       0
                text91                             111E     111E       27     223C       0
                text90                             1D17     1D17        D     3A2E       0
                text89                             1C4D     1C4D        8     389A       0
                text88                             1199     1199       2B     2332       0
                text87                             1287     1287       33     250E       0
                text86                             1CE7     1CE7        C     39CE       0
                text85                             1CA4     1CA4        B     3948       0
                text84                             1322     1322       36     2644       0
                text83                              981      981       61     1302       0
                text82                             106D     106D       22     20DA       0
                text81                              42D      42D       F6        8       0
                text80                              EA3      EA3       A9     1D46       0
                text79                             1C5D     1C5D        9     38BA       0
                text78                              C5E      C5E       87     18BC       0
                text77                              A43      A43       65     1486       0
                text76                             1748     1748       5C     2E90       0
                text75                              6E6      6E6       BF        8       0
                text74                              CE5      CE5       89     19CA       0
                text73                              B0D      B0D       66     161A       0
                text72                              7A5      7A5       59        8       0
                text71                             11F3     11F3       30     23E6       0
                text70                             1EEC     1EEC       1A     3DD8       0
                text69                             1C66     1C66        9     38CC       0
                text68                             11C4     11C4       2F     2388       0
                text67                             1CF3     1CF3        C     39E6       0
                text66                              60A      60A       DC        8       0
                text65                             1CFF     1CFF        C     39FE       0
                text64                             154E     154E       4E     2A9C       0
                text63                             1358     1358       36     26B0       0
                text62                             1D9D     1D9D       11     3B3A       0
                text61                             1C25     1C25        4     384A       0
                text60                             12BA     12BA       33     2574       0
                text59                             1C29     1C29        4     3852       0
                text58                             1F06     1F06       1C     3E0C       0
                text57                             1C36     1C36        5     386C       0
                text56                             1C79     1C79        A     38F2       0
                text55                             1D7D     1D7D       10     3AFA       0
                text54                             1C55     1C55        8     38AA       0
                text53                             1D31     1D31        E     3A62       0
                text52                              1B2      1B2      144        8       0
                text51                             1066     1066        7     20CC       0
                text50                             1C2D     1C2D        4     385A       0
                text49                             1D24     1D24        D     3A48       0
                text48                             1EBB     1EBB       18     3D76       0
                text47                             1D0B     1D0B        C     3A16       0
                text46                             1CAF     1CAF        B     395E       0
                text45                             1DF3     1DF3       12     3BE6       0
                text44                             1CBA     1CBA        B     3974       0
                text43                             1C01     1C01        3     3802       0
                text42                             1EA4     1EA4       17     3D48       0
                text41                             108F     108F       22     211E       0
                text40                              B73      B73       6A     16E6       0
                text39                              9E2      9E2       61     13C4       0
                text38                             1DAE     1DAE       11     3B5C       0
                text37                             1DBF     1DBF       11     3B7E       0
                text36                             1E17     1E17       13     3C2E       0
                text35                              F4C      F4C       B4     1E98       0
                text34                              AA8      AA8       65     1550       0
                text33                             10B1     10B1       23     2162       0
                text32                             1255     1255       32     24AA       0
                text31                             1438     1438       40     2870       0
                text30                             13FB     13FB       3D     27F6       0
                text29                             159C     159C       4F     2B38       0
                text28                              921      921       60     1242       0
                text27                             1E2A     1E2A       13     3C54       0
                text26                             138E     138E       36     271C       0
                text25                              D6E      D6E       90     1ADC       0
                text24                              523      523       E7        8       0
                text23                             1C04     1C04        3     3808       0
                text22                             1E8F     1E8F       15     3D1E       0
                text21                             1D8D     1D8D       10     3B1A       0
                text20                              800      800        9     1000       0
                text19                             1CC5     1CC5        B     398A       0
                text18                             17A4     17A4       5C     2F48       0
                text17                             1CD0     1CD0        B     39A0       0
                text16                             1DD0     1DD0       11     3BA0       0
                text15                             12ED     12ED       35     25DA       0
                text14                             1E51     1E51       14     3CA2       0
                text13                               43       43      16F        8       0
                text12                             1F7F     1F7F       20     3EFE       0
                text11                                3        3        1        6       0
                text10                             1C07     1C07        3     380E       0
                text9                               DFE      DFE       A5     1BFC       0
                text8                              1C0A     1C0A        3     3814       0
                text7                               7FE      7FE        2        8       0
                text6                              1E05     1E05       12     3C0A       0
                text5                              1F9F     1F9F       20     3F3E       0
                text4                               BDD      BDD       81     17BA       0
                text3                              13C4     13C4       37     2788       0
                text2                              1D4E     1D4E        F     3A9C       0
                text1                               8C3      8C3       5E     1186       0
                maintext                           1697     1697       58     2D2E       0
                cstackBANK0                          20       20       4E       20       1
                cstackCOMMON                         70       70        8       70       1
                cstackBANK1                          E8       E8        7       A0       1
                inittext                           1C41     1C41        6     3882       0
                clrtext                            1C47     1C47        6     388E       0
                dataBANK4                           220      220       20      220       1
                bssBANK3                            1A0      1A0       46      1A0       1
                bssBANK2                            120      120       50      120       1
                bssBANK1                             A0       A0       48       A0       1
                bssBANK0                             6F       6F        1       20       1
                bssCOMMON                            78       78        5       70       1
                bitbssCOMMON                        3E8       7D        2       70       1     8
                nvBANK0                              6E       6E        1       20       1
                stringtext                         1000     1000       66       20       0
                idataBANK4                         1FBF     1FBF       20     3F7E       0

TOTAL           Name                               Link     Load   Length     Space
        CLASS   STACK          

        CLASS   CONST          

        CLASS   CODE           
                end_init                             13       13        2         0
                cinit                                15       15       2E         0
                intentry                              4        4        F         0
                reset_vec                             0        0        2         0
                text133                            1C83     1C83        B         0
                text132                            1223     1223       32         0
                text131                            1C0D     1C0D        4         0
                text130                            1D3F     1D3F        F         0
                text129                            1C6F     1C6F        A         0
                text128                             2F6      2F6      137         0
                text127                            10D4     10D4       24         0
                text125                            1BFE     1BFE        3         0
                text124                            1504     1504       4A         0
                text123                            1E3D     1E3D       14         0
                text122                            1E65     1E65       15         0
                text121                            1C31     1C31        5         0
                text120                            1ED3     1ED3       19         0
                text119                            1C11     1C11        4         0
                text118                            1C15     1C15        4         0
                text117                            10F8     10F8       26         0
                text116                            1CDB     1CDB        C         0
                text115                            1FDF     1FDF       21         0
                text114                            1F40     1F40       1F         0
                text113                            1145     1145       2A         0
                text112                            1478     1478       43         0
                text111                            1C19     1C19        4         0
                text110                            1E7A     1E7A       15         0
                text109                            1C8E     1C8E        B         0
                text108                            1C3B     1C3B        6         0
                text107                            1C1D     1C1D        4         0
                text106                            15EB     15EB       54         0
                text105                            16EF     16EF       59         0
                text104                            1C99     1C99        B         0
                text103                            1D5D     1D5D       10         0
                text102                            1D6D     1D6D       10         0
                text101                            1DE1     1DE1       12         0
                text100                            116F     116F       2A         0
                text99                              809      809       5D         0
                text98                             1F22     1F22       1E         0
                text97                             1F5F     1F5F       20         0
                text96                             14BB     14BB       49         0
                text95                             163F     163F       58         0
                text94                              866      866       5D         0
                text93                             1C21     1C21        4         0
                text92                                2        2        1         0
                text91                             111E     111E       27         0
                text90                             1D17     1D17        D         0
                text89                             1C4D     1C4D        8         0
                text88                             1199     1199       2B         0
                text87                             1287     1287       33         0
                text86                             1CE7     1CE7        C         0
                text85                             1CA4     1CA4        B         0
                text84                             1322     1322       36         0
                text83                              981      981       61         0
                text82                             106D     106D       22         0
                text81                              42D      42D       F6         0
                text80                              EA3      EA3       A9         0
                text79                             1C5D     1C5D        9         0
                text78                              C5E      C5E       87         0
                text77                              A43      A43       65         0
                text76                             1748     1748       5C         0
                text75                              6E6      6E6       BF         0
                text74                              CE5      CE5       89         0
                text73                              B0D      B0D       66         0
                text72                              7A5      7A5       59         0
                text71                             11F3     11F3       30         0
                text70                             1EEC     1EEC       1A         0
                text69                             1C66     1C66        9         0
                text68                             11C4     11C4       2F         0
                text67                             1CF3     1CF3        C         0
                text66                              60A      60A       DC         0
                text65                             1CFF     1CFF        C         0
                text64                             154E     154E       4E         0
                text63                             1358     1358       36         0
                text62                             1D9D     1D9D       11         0
                text61                             1C25     1C25        4         0
                text60                             12BA     12BA       33         0
                text59                             1C29     1C29        4         0
                text58                             1F06     1F06       1C         0
                text57                             1C36     1C36        5         0
                text56                             1C79     1C79        A         0
                text55                             1D7D     1D7D       10         0
                text54                             1C55     1C55        8         0
                text53                             1D31     1D31        E         0
                text52                              1B2      1B2      144         0
                text51                             1066     1066        7         0
                text50                             1C2D     1C2D        4         0
                text49                             1D24     1D24        D         0
                text48                             1EBB     1EBB       18         0
                text47                             1D0B     1D0B        C         0
                text46                             1CAF     1CAF        B         0
                text45                             1DF3     1DF3       12         0
                text44                             1CBA     1CBA        B         0
                text43                             1C01     1C01        3         0
                text42                             1EA4     1EA4       17         0
                text41                             108F     108F       22         0
                text40                              B73      B73       6A         0
                text39                              9E2      9E2       61         0
                text38                             1DAE     1DAE       11         0
                text37                             1DBF     1DBF       11         0
                text36                             1E17     1E17       13         0
                text35                              F4C      F4C       B4         0
                text34                              AA8      AA8       65         0
                text33                             10B1     10B1       23         0
                text32                             1255     1255       32         0
                text31                             1438     1438       40         0
                text30                             13FB     13FB       3D         0
                text29                             159C     159C       4F         0
                text28                              921      921       60         0
                text27                             1E2A     1E2A       13         0
                text26                             138E     138E       36         0
                text25                              D6E      D6E       90         0
                text24                              523      523       E7         0
                text23                             1C04     1C04        3         0
                text22                             1E8F     1E8F       15         0
                text21                             1D8D     1D8D       10         0
                text20                              800      800        9         0
                text19                             1CC5     1CC5        B         0
                text18                             17A4     17A4       5C         0
                text17                             1CD0     1CD0        B         0
                text16                             1DD0     1DD0       11         0
                text15                             12ED     12ED       35         0
                text14                             1E51     1E51       14         0
                text13                               43       43      16F         0
                text12                             1F7F     1F7F       20         0
                text11                                3        3        1         0
                text10                             1C07     1C07        3         0
                text9                               DFE      DFE       A5         0
                text8                              1C0A     1C0A        3         0
                text7                               7FE      7FE        2         0
                text6                              1E05     1E05       12         0
                text5                              1F9F     1F9F       20         0
                text4                               BDD      BDD       81         0
                text3                              13C4     13C4       37         0
                text2                              1D4E     1D4E        F         0
                text1                               8C3      8C3       5E         0
                maintext                           1697     1697       58         0
                inittext                           1C41     1C41        6         0
                clrtext                            1C47     1C47        6         0
                idataBANK4                         1FBF     1FBF       20         0

        CLASS   STRCODE        
                stringtext                         1000     1000       66         0

        CLASS   ENTRY          

        CLASS   STRING         

        CLASS   COMMON         
                cstackCOMMON                         70       70        8         1
                bssCOMMON                            78       78        5         1
                bitbssCOMMON                        3E8       7D        2         1

        CLASS   BANK0          
                cstackBANK0                          20       20       4E         1
                bssBANK0                             6F       6F        1         1
                nvBANK0                              6E       6E        1         1

        CLASS   BANK1          
                cstackBANK1                          E8       E8        7         1
                bssBANK1                             A0       A0       48         1

        CLASS   BANK2          
                bssBANK2                            120      120       50         1

        CLASS   BANK3          
                bssBANK3                            1A0      1A0       46         1

        CLASS   BANK4          
                dataBANK4                           220      220       20         1

        CLASS   BANK5          

        CLASS   BANK6          

        CLASS   BANK7          

        CLASS   BANK8          

        CLASS   BANK9          

        CLASS   BANK10         

        CLASS   BANK11         

        CLASS   BANK12         

        CLASS   BIGRAM         

        CLASS   RAM            

        CLASS   ABS1           
                abs_s1                               7E       7E        2         1

        CLASS   SFR0           

        CLASS   SFR1           

        CLASS   SFR2           

        CLASS   SFR3           

        CLASS   SFR4           

        CLASS   SFR5           

        CLASS   SFR6           

        CLASS   SFR7           

        CLASS   SFR8           

        CLASS   SFR9           

        CLASS   SFR10          

        CLASS   SFR11          

        CLASS   SFR12          

        CLASS   SFR13          

        CLASS   SFR14          

        CLASS   SFR15          

        CLASS   SFR16          

        CLASS   SFR17          

        CLASS   SFR18          

        CLASS   SFR19          

        CLASS   SFR20          

        CLASS   SFR21          

        CLASS   SFR22          

        CLASS   SFR23          

        CLASS   SFR24          

        CLASS   SFR25          

        CLASS   SFR26          

        CLASS   SFR27          

        CLASS   SFR28          

        CLASS   SFR29          

        CLASS   SFR30          

        CLASS   SFR31          

        CLASS   CONFIG         
                config                             8007     8007        2         0

        CLASS   IDLOC          

        CLASS   BANK31         

        CLASS   BANK30         

        CLASS   BANK29         

        CLASS   BANK28         

        CLASS   BANK27         

        CLASS   BANK26         

        CLASS   BANK25         

        CLASS   BANK24         

        CLASS   BANK23         

        CLASS   BANK22         

        CLASS   BANK21         

        CLASS   BANK20         

        CLASS   BANK19         

        CLASS   BANK18         

        CLASS   BANK17         

        CLASS   BANK16         

        CLASS   BANK15         

        CLASS   BANK14         

        CLASS   BANK13         

        CLASS   EEDATA         



SEGMENTS        Name                           Load    Length   Top    Selector   Space  Class     Delta

                reset_vec                      000000  000003  000003         0       0  CODE        2
                text11                         000003  000001  000004         6       0  CODE        2
                intentry                       000004  0007FC  000800         8       0  CODE        2
                cstackBANK0                    000020  000050  000070        20       1  BANK0       1
                cstackCOMMON                   000070  00000E  00007E        70       1  COMMON      1
                bssBANK1                       0000A0  00004F  0000EF        A0       1  BANK1       1
                bssBANK2                       000120  000050  000170       120       1  BANK2       1
                bssBANK3                       0001A0  000046  0001E6       1A0       1  BANK3       1
                dataBANK4                      000220  000020  000240       220       1  BANK4       1
                text20                         000800  000009  000809      1000       0  CODE        2
                text99                         000809  00005D  000866      1012       0  CODE        2
                text94                         000866  00005D  0008C3      10CC       0  CODE        2
                text1                          0008C3  00005E  000921      1186       0  CODE        2
                text28                         000921  000060  000981      1242       0  CODE        2
                text83                         000981  000061  0009E2      1302       0  CODE        2
                text39                         0009E2  000061  000A43      13C4       0  CODE        2
                text77                         000A43  000065  000AA8      1486       0  CODE        2
                text34                         000AA8  000065  000B0D      1550       0  CODE        2
                text73                         000B0D  000066  000B73      161A       0  CODE        2
                text40                         000B73  00006A  000BDD      16E6       0  CODE        2
                text4                          000BDD  000081  000C5E      17BA       0  CODE        2
                text78                         000C5E  000087  000CE5      18BC       0  CODE        2
                text74                         000CE5  000089  000D6E      19CA       0  CODE        2
                text25                         000D6E  000090  000DFE      1ADC       0  CODE        2
                text9                          000DFE  0000A5  000EA3      1BFC       0  CODE        2
                text80                         000EA3  0000A9  000F4C      1D46       0  CODE        2
                text35                         000F4C  0000B4  001000      1E98       0  CODE        2
                stringtext                     001000  000066  001066        20       0  STRCODE     2
                text51                         001066  000007  00106D      20CC       0  CODE        2
                text82                         00106D  000022  00108F      20DA       0  CODE        2
                text41                         00108F  000022  0010B1      211E       0  CODE        2
                text33                         0010B1  000023  0010D4      2162       0  CODE        2
                text127                        0010D4  000024  0010F8      21A8       0  CODE        2
                text117                        0010F8  000026  00111E      21F0       0  CODE        2
                text91                         00111E  000027  001145      223C       0  CODE        2
                text113                        001145  00002A  00116F      228A       0  CODE        2
                text100                        00116F  00002A  001199      22DE       0  CODE        2
                text88                         001199  00002B  0011C4      2332       0  CODE        2
                text68                         0011C4  00002F  0011F3      2388       0  CODE        2
                text71                         0011F3  000030  001223      23E6       0  CODE        2
                text132                        001223  000032  001255      2446       0  CODE        2
                text32                         001255  000032  001287      24AA       0  CODE        2
                text87                         001287  000033  0012BA      250E       0  CODE        2
                text60                         0012BA  000033  0012ED      2574       0  CODE        2
                text15                         0012ED  000035  001322      25DA       0  CODE        2
                text84                         001322  000036  001358      2644       0  CODE        2
                text63                         001358  000036  00138E      26B0       0  CODE        2
                text26                         00138E  000036  0013C4      271C       0  CODE        2
                text3                          0013C4  000037  0013FB      2788       0  CODE        2
                text30                         0013FB  00003D  001438      27F6       0  CODE        2
                text31                         001438  000040  001478      2870       0  CODE        2
                text112                        001478  000043  0014BB      28F0       0  CODE        2
                text96                         0014BB  000049  001504      2976       0  CODE        2
                text124                        001504  00004A  00154E      2A08       0  CODE        2
                text64                         00154E  00004E  00159C      2A9C       0  CODE        2
                text29                         00159C  00004F  0015EB      2B38       0  CODE        2
                text106                        0015EB  000054  00163F      2BD6       0  CODE        2
                text95                         00163F  000058  001697      2C7E       0  CODE        2
                maintext                       001697  000058  0016EF      2D2E       0  CODE        2
                text105                        0016EF  000059  001748      2DDE       0  CODE        2
                text76                         001748  00005C  0017A4      2E90       0  CODE        2
                text18                         0017A4  00005C  001800      2F48       0  CODE        2
                text125                        001BFE  000003  001C01      37FC       0  CODE        2
                text43                         001C01  000003  001C04      3802       0  CODE        2
                text23                         001C04  000003  001C07      3808       0  CODE        2
                text10                         001C07  000003  001C0A      380E       0  CODE        2
                text8                          001C0A  000003  001C0D      3814       0  CODE        2
                text131                        001C0D  000004  001C11      381A       0  CODE        2
                text119                        001C11  000004  001C15      3822       0  CODE        2
                text118                        001C15  000004  001C19      382A       0  CODE        2
                text111                        001C19  000004  001C1D      3832       0  CODE        2
                text107                        001C1D  000004  001C21      383A       0  CODE        2
                text93                         001C21  000004  001C25      3842       0  CODE        2
                text61                         001C25  000004  001C29      384A       0  CODE        2
                text59                         001C29  000004  001C2D      3852       0  CODE        2
                text50                         001C2D  000004  001C31      385A       0  CODE        2
                text121                        001C31  000005  001C36      3862       0  CODE        2
                text57                         001C36  000005  001C3B      386C       0  CODE        2
                text108                        001C3B  000006  001C41      3876       0  CODE        2
                inittext                       001C41  000006  001C47      3882       0  CODE        2
                clrtext                        001C47  000006  001C4D      388E       0  CODE        2
                text89                         001C4D  000008  001C55      389A       0  CODE        2
                text54                         001C55  000008  001C5D      38AA       0  CODE        2
                text79                         001C5D  000009  001C66      38BA       0  CODE        2
                text69                         001C66  000009  001C6F      38CC       0  CODE        2
                text129                        001C6F  00000A  001C79      38DE       0  CODE        2
                text56                         001C79  00000A  001C83      38F2       0  CODE        2
                text133                        001C83  00000B  001C8E      3906       0  CODE        2
                text109                        001C8E  00000B  001C99      391C       0  CODE        2
                text104                        001C99  00000B  001CA4      3932       0  CODE        2
                text85                         001CA4  00000B  001CAF      3948       0  CODE        2
                text46                         001CAF  00000B  001CBA      395E       0  CODE        2
                text44                         001CBA  00000B  001CC5      3974       0  CODE        2
                text19                         001CC5  00000B  001CD0      398A       0  CODE        2
                text17                         001CD0  00000B  001CDB      39A0       0  CODE        2
                text116                        001CDB  00000C  001CE7      39B6       0  CODE        2
                text86                         001CE7  00000C  001CF3      39CE       0  CODE        2
                text67                         001CF3  00000C  001CFF      39E6       0  CODE        2
                text65                         001CFF  00000C  001D0B      39FE       0  CODE        2
                text47                         001D0B  00000C  001D17      3A16       0  CODE        2
                text90                         001D17  00000D  001D24      3A2E       0  CODE        2
                text49                         001D24  00000D  001D31      3A48       0  CODE        2
                text53                         001D31  00000E  001D3F      3A62       0  CODE        2
                text130                        001D3F  00000F  001D4E      3A7E       0  CODE        2
                text2                          001D4E  00000F  001D5D      3A9C       0  CODE        2
                text103                        001D5D  000010  001D6D      3ABA       0  CODE        2
                text102                        001D6D  000010  001D7D      3ADA       0  CODE        2
                text55                         001D7D  000010  001D8D      3AFA       0  CODE        2
                text21                         001D8D  000010  001D9D      3B1A       0  CODE        2
                text62                         001D9D  000011  001DAE      3B3A       0  CODE        2
                text38                         001DAE  000011  001DBF      3B5C       0  CODE        2
                text37                         001DBF  000011  001DD0      3B7E       0  CODE        2
                text16                         001DD0  000011  001DE1      3BA0       0  CODE        2
                text101                        001DE1  000012  001DF3      3BC2       0  CODE        2
                text45                         001DF3  000012  001E05      3BE6       0  CODE        2
                text6                          001E05  000012  001E17      3C0A       0  CODE        2
                text36                         001E17  000013  001E2A      3C2E       0  CODE        2
                text27                         001E2A  000013  001E3D      3C54       0  CODE        2
                text123                        001E3D  000014  001E51      3C7A       0  CODE        2
                text14                         001E51  000014  001E65      3CA2       0  CODE        2
                text122                        001E65  000015  001E7A      3CCA       0  CODE        2
                text110                        001E7A  000015  001E8F      3CF4       0  CODE        2
                text22                         001E8F  000015  001EA4      3D1E       0  CODE        2
                text42                         001EA4  000017  001EBB      3D48       0  CODE        2
                text48                         001EBB  000018  001ED3      3D76       0  CODE        2
                text120                        001ED3  000019  001EEC      3DA6       0  CODE        2
                text70                         001EEC  00001A  001F06      3DD8       0  CODE        2
                text58                         001F06  00001C  001F22      3E0C       0  CODE        2
                text98                         001F22  00001E  001F40      3E44       0  CODE        2
                text114                        001F40  00001F  001F5F      3E80       0  CODE        2
                text97                         001F5F  000020  001F7F      3EBE       0  CODE        2
                text12                         001F7F  000020  001F9F      3EFE       0  CODE        2
                text5                          001F9F  000020  001FBF      3F3E       0  CODE        2
                idataBANK4                     001FBF  000020  001FDF      3F7E       0  CODE        2
                text115                        001FDF  000021  002000      3FBE       0  CODE        2
                config                         008007  000002  008009     1000E       0  CONFIG      2


UNUSED ADDRESS RANGES

        Name                Unused          Largest block    Delta
        BANK1            000EF-000EF               1           1
        BANK10           00520-0056F              50           1
        BANK11           005A0-005EF              50           1
        BANK12           00620-0064F              30           1
        BANK3            001E6-001EF               A           1
        BANK4            00240-0026F              30           1
        BANK5            002A0-002EF              50           1
        BANK6            00320-0036F              50           1
        BANK7            003A0-003EF              50           1
        BANK8            00420-0046F              50           1
        BANK9            004A0-004EF              50           1
        BIGRAM           02000-023EF             3F0           1
        CODE             01800-01BFD             3FE           2
                         02000-03FFF             800
        CONST            01800-01BFD             100           2
                         02000-03FFF             100
        ENTRY            01800-01BFD             100           2
                         02000-03FFF             100
        IDLOC            08000-08003               4           2
        RAM              000EF-000EF               1           1
                         001E6-001EF               A
                         00240-0026F              30
                         002A0-002EF              50
                         00320-0036F              50
                         003A0-003EF              50
                         00420-0046F              50
                         004A0-004EF              50
                         00520-0056F              50
                         005A0-005EF              50
                         00620-0064F              30
        SFR0             00000-0001F              20           1
        SFR1             00080-0009F              20           1
        SFR10            00500-0051F              20           1
        SFR11            00580-0059F              20           1
        SFR12            00600-0061F              20           1
        SFR13            00680-006EF              70           1
        SFR14            00700-0076F              70           1
        SFR15            00780-007EF              70           1
        SFR16            00800-0086F              70           1
        SFR17            00880-008EF              70           1
        SFR18            00900-0096F              70           1
        SFR19            00980-009EF              70           1
        SFR2             00100-0011F              20           1
        SFR20            00A00-00A6F              70           1
        SFR21            00A80-00AEF              70           1
        SFR22            00B00-00B6F              70           1
        SFR23            00B80-00BEF              70           1
        SFR24            00C00-00C6F              70           1
        SFR25            00C80-00CEF              70           1
        SFR26            00D00-00D6F              70           1
        SFR27            00D80-00DEF              70           1
        SFR28            00E00-00E6F              70           1
        SFR29            00E80-00EEF              70           1
        SFR3             00180-0019F              20           1
        SFR30            00F00-00F6F              70           1
        SFR31            00F80-00FEF              70           1
        SFR4             00200-0021F              20           1
        SFR5             00280-0029F              20           1
        SFR6             00300-0031F              20           1
        SFR7             00380-0039F              20           1
        SFR8             00400-0041F              20           1
        SFR9             00480-0049F              20           1
        STACK            02160-0231F             1C0           1
        STRCODE          01800-01BFD             3FE           2
                         02000-03FFF            2000
        STRING           01800-01BFD             100           2
                         02000-03FFF             100

                                  Symbol Table

?___awdiv                                cstackBANK0  00020
?___awtoft                               cstackBANK0  00028
?___ftadd                                cstackBANK0  00041
?___ftdiv                                cstackBANK0  0002E
?___ftmul                                cstackBANK0  0002E
?___ftneg                                cstackBANK0  0003E
?___ftpack                               cstackBANK0  00020
?___fttol                                cstackBANK0  0004E
?_getAD                                  cstackBANK0  00020
?_getBuz_GO                              cstackBANK0  00020
CC2500_InitPATable@loop_d                cstackBANK0  00027
CC2500_InitPATable@temp                  cstackBANK0  00026
CC2500_InitSetREG@loop_c                 cstackBANK0  00028
CC2500_InitSetREG@temp1                  cstackBANK0  00026
CC2500_InitSetREG@temp2                  cstackBANK0  00027
CC2500_ReadByte@loop_b                   cstackBANK0  00021
CC2500_ReadStatus@status_addr            cstackBANK0  00023
CC2500_RxData@loop_f                     cstackBANK0  00025
CC2500_TxData@loop_e                     cstackBANK0  00025
CC2500_WriteByte@loop_a                  cstackBANK0  00021
CC2500_WriteCommand@command              cstackBANK0  00023
CC2500_WriteREG@value                    cstackBANK0  00022
CC2500_WriteREG@w_addr                   cstackBANK0  00024
DelayOffPointSelect@sw                   cstackBANK0  00021
DelayTime_1us@count                      cstackBANK0  00020
DelayTime_1us@i                          cstackBANK0  00022
DelayTime_1us@j                          cstackBANK0  00024
DelayTimejudge@i                         cstackBANK0  00026
DelayTimejudge@j                         cstackBANK0  00027
DelayTimejudge@k                         cstackBANK0  00028
DelayTimejudge@value                     cstackBANK0  00029
DimmerIntrIOCPointSelect@lights          cstackCOMMON 00071
DimmerIntrPointSelect@lights             cstackCOMMON 00071
DimmerLightsPointSelect@lights           cstackBANK0  00021
DlyOff_Initialization@sw                 cstackBANK0  00022
DlyOff_Main@sw                           cstackBANK0  00038
Flash_Memory_Initialization@i            cstackBANK0  00063
Flash_Memory_Modify@i                    cstackBANK0  00025
Flash_Memory_Read@address                cstackBANK0  00022
Flash_Memory_Read@i                      cstackBANK0  00021
Flash_Memory_Read@ret                    cstackBANK0  00023
Flash_Memory_Write@i                     cstackBANK0  00021
LedPointSelect@led                       cstackBANK0  00021
Load_Main@adjgo                          cstackBANK0  0002C
Load_Main@error                          cstackBANK0  0002E
Load_Main@i                              cstackBANK0  0002F
Load_Main@j                              cstackBANK0  0002B
SwPointSelect@sw                         cstackBANK0  00021
Switch_Main@error                        cstackBANK0  0003E
_ADCON0                                  (abs)        0009D
_ADCON1                                  (abs)        0009E
_ADC_Set                                 text51       01066
_ADRESH                                  (abs)        0009C
_ADRESL                                  (abs)        0009B
_ANSELA                                  (abs)        0018C
_ANSELB                                  (abs)        0018D
_ANSELC                                  (abs)        0018E
_Buz1                                    bssBANK1     000AF
_Buzzer_Initialization                   text125      01BFE
_Buzzer_Main                             text124      01504
_CC2500_ClearRXFIFO                      text119      01C11
_CC2500_ClearTXFIFO                      text118      01C15
_CC2500_FrequencyCabr                    text116      01CDB
_CC2500_InitPATable                      text114      01F40
_CC2500_InitSetREG                       text113      01145
_CC2500_PowerOnInitial                   text110      01E7A
_CC2500_PowerRST                         text112      01478
_CC2500_ReadByte                         text42       01EA4
_CC2500_ReadStatus                       text41       0108F
_CC2500_RxData                           text40       00B73
_CC2500_SIDLEMode                        text111      01C19
_CC2500_TxData                           text39       009E2
_CC2500_WriteByte                        text123      01E3D
_CC2500_WriteCommand                     text120      01ED3
_CC2500_WriteREG                         text115      01FDF
_CC2500_patable_vaule                    stringtext   0105E
_CC2500_registers_address                stringtext   01000
_CC2500_rfSettings                       stringtext   0102F
_CFGS                                    (abs)        00CAE
_CRC                                     bssBANK1     000CC
_DelayOff                                bssCOMMON    00078
_DelayOffPointSelect                     text109      01C8E
_DelayOff_Initialization                 text107      01C1D
_DelayOff_Main                           text93       01C21
_DelayTime_1us                           text117      010F8
_DelayTimejudge                          text100      0116F
_Dimmer                                  bssBANK2     0013E
_DimmerIntrIOCPointSelect                text133      01C83
_DimmerIntrPointSelect                   text129      01C6F
_DimmerLights                            bssBANK0     0006F
_DimmerLights1                           bssBANK3     001C5
_DimmerLights11                          bssBANK1     000CD
_DimmerLightsIntr                        bssCOMMON    00079
_DimmerLightsIntrIOC                     bssBANK1     000CE
_DimmerLightsPointSelect                 text104      01C99
_DimmerLights_Initialization             text90       01D17
_DimmerLights_Main                       text71       011F3
_DimmerLights_Main$2344                  cstackBANK0  00069
_Dimmer_Initialization                   text92       00002
_DlyOff_Initialization                   text108      01C3B
_DlyOff_Main                             text94       00866
_DlySw1                                  bssBANK3     001DD
_FREE                                    (abs)        00CAC
_FVRCON                                  (abs)        00117
_Flash_Memory_Erasing                    text65       01CFF
_Flash_Memory_Initialization             text66       0060A
_Flash_Memory_Main                       text63       01358
_Flash_Memory_Modify                     text64       0154E
_Flash_Memory_Read                       text70       01EEC
_Flash_Memory_Unlock                     text69       01C66
_Flash_Memory_Write                      text68       011C4
_Fosc_Set                                text50       01C2D
_GIE                                     (abs)        0005F
_GO_nDONE                                (abs)        004E9
_IOCBF                                   (abs)        00396
_IOCBF2                                  (abs)        01CB2
_IOCBN                                   (abs)        00395
_IOCBP                                   (abs)        00394
_IOCIE                                   (abs)        0005B
_IOCIF                                   (abs)        00058
_IOC_ISR                                 text130      01D3F
_IOC_Set                                 text49       01D24
_IO_Set                                  text48       01EBB
_ISR                                     intentry     00004
_LATA                                    (abs)        0010C
_LATB                                    (abs)        0010D
_LATC                                    (abs)        0010E
_LED                                     bssCOMMON    0007A
_LED_Initialization                      text61       01C25
_LED_Main                                text59       01C29
_LWLO                                    (abs)        00CAD
_LedPointSelect                          text85       01CA4
_Load                                    bssBANK2     00143
_Load_Initialization                     text57       01C36
_Load_Main                               text52       001B2
_Load_Main$4106                          cstackBANK0  0002D
_Mcu_Initialization                      text45       01DF3
_Memory                                  bssBANK3     001A0
_OSCCON                                  (abs)        00099
_PEIE                                    (abs)        0005E
_PMADRH                                  (abs)        00192
_PMADRL                                  (abs)        00191
_PMCON2                                  (abs)        00196
_PMDATH                                  (abs)        00194
_PMDATL                                  (abs)        00193
_PORTA                                   (abs)        0000C
_PORTB                                   (abs)        0000D
_PORTC                                   (abs)        0000E
_RA0                                     (abs)        00060
_RA4                                     (abs)        00064
_RA6                                     (abs)        00066
_RA7                                     (abs)        00067
_RB0                                     (abs)        00068
_RB3                                     (abs)        0006B
_RB4                                     (abs)        0006C
_RB5                                     (abs)        0006D
_RC0                                     (abs)        00070
_RC1                                     (abs)        00071
_RC3                                     (abs)        00073
_RC4                                     (abs)        00074
_RC5                                     (abs)        00075
_RD                                      (abs)        00CA8
_RF1                                     bssBANK1     000BB
_RF_Count                                bssBANK2     00141
_RF_Data                                 bssBANK2     00120
_RF_Initialization                       text43       01C01
_RF_Main                                 text23       01C04
_RSSI                                    bssBANK1     000CF
_Receive_OK                              bitbssCOMMON 003E8
_Rx_Length                               bssBANK1     000D0
_SPI0Buffer                              bssCOMMON    0007B
_Sw                                      bssCOMMON    0007C
_Sw1                                     bssBANK3     001D4
_SwDetect                                bssBANK1     000D1
_SwPointSelect                           text17       01CD0
_Switch_Initialization                   text20       00800
_Switch_Main                             text12       01F7F
_T1CON                                   (abs)        00018
_TMR1H                                   (abs)        00017
_TMR1IE                                  (abs)        00488
_TMR1IF                                  (abs)        00088
_TMR1L                                   (abs)        00016
_TMR1_ISR                                text127      010D4
_TMR1_Set                                text47       01D0B
_TRISA                                   (abs)        0008C
_TRISB                                   (abs)        0008D
_TRISC                                   (abs)        0008E
_Temp                                    bssBANK1     000D6
_Temp_Initialization                     text10       01C07
_Temp_Main                               text8        01C0A
_Timeout_Counter                         text122      01E65
_Timer1                                  bssBANK1     000C7
_TouchPower                              text22       01E8F
_Transceive_OK                           bitbssCOMMON 003E9
_Tx_Length                               bssBANK1     000D2
_VarErrLED                               bssBANK3     001E2
_WDT                                     bssBANK1     000CA
_WDTCON                                  (abs)        00097
_WDT_Clearing                            text7        007FE
_WDT_Main                                text6        01E05
_WDT_Set                                 text46       01CAF
_WPUB1                                   (abs)        01069
_WPUB2                                   (abs)        0106A
_WR                                      (abs)        00CA9
_WREN                                    (abs)        00CAA
__CFG_BOREN$OFF                          (abs)        00000
__CFG_FOSC$INTOSC                        (abs)        00000
__CFG_VCAPEN$OFF                         (abs)        00000
__CFG_WDTE$ON                            (abs)        00000
__CFG_WRT$HALF                           (abs)        00000
__Habs1                                  abs1         00000
__Hbank0                                 bank0        00000
__Hbank1                                 bank1        00000
__Hbank10                                bank10       00000
__Hbank11                                bank11       00000
__Hbank12                                bank12       00000
__Hbank13                                bank13       00000
__Hbank14                                bank14       00000
__Hbank15                                bank15       00000
__Hbank16                                bank16       00000
__Hbank17                                bank17       00000
__Hbank18                                bank18       00000
__Hbank19                                bank19       00000
__Hbank2                                 bank2        00000
__Hbank20                                bank20       00000
__Hbank21                                bank21       00000
__Hbank22                                bank22       00000
__Hbank23                                bank23       00000
__Hbank24                                bank24       00000
__Hbank25                                bank25       00000
__Hbank26                                bank26       00000
__Hbank27                                bank27       00000
__Hbank28                                bank28       00000
__Hbank29                                bank29       00000
__Hbank3                                 bank3        00000
__Hbank30                                bank30       00000
__Hbank31                                bank31       00000
__Hbank4                                 bank4        00000
__Hbank5                                 bank5        00000
__Hbank6                                 bank6        00000
__Hbank7                                 bank7        00000
__Hbank8                                 bank8        00000
__Hbank9                                 bank9        00000
__Hbigram                                bigram       00000
__HbitbssCOMMON                          bitbssCOMMON 00000
__HbssBANK0                              bssBANK0     00000
__HbssBANK1                              bssBANK1     00000
__HbssBANK2                              bssBANK2     00000
__HbssBANK3                              bssBANK3     00000
__HbssCOMMON                             bssCOMMON    00000
__Hcinit                                 cinit        00043
__Hclrtext                               clrtext      00000
__Hcode                                  code         00000
__Hcommon                                common       00000
__Hconfig                                config       08009
__HcstackBANK0                           cstackBANK0  00000
__HcstackBANK1                           cstackBANK1  00000
__HcstackCOMMON                          cstackCOMMON 00000
__HdataBANK4                             dataBANK4    00000
__Heeprom_data                           eeprom_data  00000
__Hend_init                              end_init     00015
__Hfunctab                               functab      00000
__HidataBANK4                            idataBANK4   00000
__Hidloc                                 idloc        00000
__Hinit                                  init         00013
__Hinittext                              inittext     00000
__Hintentry                              intentry     00013
__Hmaintext                              maintext     00000
__HnvBANK0                               nvBANK0      00000
__Hpowerup                               powerup      00000
__Hram                                   ram          00000
__Hreset_vec                             reset_vec    00002
__Hsfr0                                  sfr0         00000
__Hsfr1                                  sfr1         00000
__Hsfr10                                 sfr10        00000
__Hsfr11                                 sfr11        00000
__Hsfr12                                 sfr12        00000
__Hsfr13                                 sfr13        00000
__Hsfr14                                 sfr14        00000
__Hsfr15                                 sfr15        00000
__Hsfr16                                 sfr16        00000
__Hsfr17                                 sfr17        00000
__Hsfr18                                 sfr18        00000
__Hsfr19                                 sfr19        00000
__Hsfr2                                  sfr2         00000
__Hsfr20                                 sfr20        00000
__Hsfr21                                 sfr21        00000
__Hsfr22                                 sfr22        00000
__Hsfr23                                 sfr23        00000
__Hsfr24                                 sfr24        00000
__Hsfr25                                 sfr25        00000
__Hsfr26                                 sfr26        00000
__Hsfr27                                 sfr27        00000
__Hsfr28                                 sfr28        00000
__Hsfr29                                 sfr29        00000
__Hsfr3                                  sfr3         00000
__Hsfr30                                 sfr30        00000
__Hsfr31                                 sfr31        00000
__Hsfr4                                  sfr4         00000
__Hsfr5                                  sfr5         00000
__Hsfr6                                  sfr6         00000
__Hsfr7                                  sfr7         00000
__Hsfr8                                  sfr8         00000
__Hsfr9                                  sfr9         00000
__Hspace_0                               (abs)        08009
__Hspace_1                               (abs)        003EA
__Hspace_2                               (abs)        00000
__Hspace_3                               (abs)        00000
__Hstack                                 stack        00000
__Hstrings                               strings      00000
__Hstringtext                            stringtext   00000
__Htext                                  text         00000
__Labs1                                  abs1         00000
__Lbank0                                 bank0        00000
__Lbank1                                 bank1        00000
__Lbank10                                bank10       00000
__Lbank11                                bank11       00000
__Lbank12                                bank12       00000
__Lbank13                                bank13       00000
__Lbank14                                bank14       00000
__Lbank15                                bank15       00000
__Lbank16                                bank16       00000
__Lbank17                                bank17       00000
__Lbank18                                bank18       00000
__Lbank19                                bank19       00000
__Lbank2                                 bank2        00000
__Lbank20                                bank20       00000
__Lbank21                                bank21       00000
__Lbank22                                bank22       00000
__Lbank23                                bank23       00000
__Lbank24                                bank24       00000
__Lbank25                                bank25       00000
__Lbank26                                bank26       00000
__Lbank27                                bank27       00000
__Lbank28                                bank28       00000
__Lbank29                                bank29       00000
__Lbank3                                 bank3        00000
__Lbank30                                bank30       00000
__Lbank31                                bank31       00000
__Lbank4                                 bank4        00000
__Lbank5                                 bank5        00000
__Lbank6                                 bank6        00000
__Lbank7                                 bank7        00000
__Lbank8                                 bank8        00000
__Lbank9                                 bank9        00000
__Lbigram                                bigram       00000
__LbitbssCOMMON                          bitbssCOMMON 00000
__LbssBANK0                              bssBANK0     00000
__LbssBANK1                              bssBANK1     00000
__LbssBANK2                              bssBANK2     00000
__LbssBANK3                              bssBANK3     00000
__LbssCOMMON                             bssCOMMON    00000
__Lcinit                                 cinit        00015
__Lclrtext                               clrtext      00000
__Lcode                                  code         00000
__Lcommon                                common       00000
__Lconfig                                config       08007
__LcstackBANK0                           cstackBANK0  00000
__LcstackBANK1                           cstackBANK1  00000
__LcstackCOMMON                          cstackCOMMON 00000
__LdataBANK4                             dataBANK4    00000
__Leeprom_data                           eeprom_data  00000
__Lend_init                              end_init     00013
__Lfunctab                               functab      00000
__LidataBANK4                            idataBANK4   00000
__Lidloc                                 idloc        00000
__Linit                                  init         00013
__Linittext                              inittext     00000
__Lintentry                              intentry     00004
__Lmaintext                              maintext     00000
__LnvBANK0                               nvBANK0      00000
__Lpowerup                               powerup      00000
__Lram                                   ram          00000
__Lreset_vec                             reset_vec    00000
__Lsfr0                                  sfr0         00000
__Lsfr1                                  sfr1         00000
__Lsfr10                                 sfr10        00000
__Lsfr11                                 sfr11        00000
__Lsfr12                                 sfr12        00000
__Lsfr13                                 sfr13        00000
__Lsfr14                                 sfr14        00000
__Lsfr15                                 sfr15        00000
__Lsfr16                                 sfr16        00000
__Lsfr17                                 sfr17        00000
__Lsfr18                                 sfr18        00000
__Lsfr19                                 sfr19        00000
__Lsfr2                                  sfr2         00000
__Lsfr20                                 sfr20        00000
__Lsfr21                                 sfr21        00000
__Lsfr22                                 sfr22        00000
__Lsfr23                                 sfr23        00000
__Lsfr24                                 sfr24        00000
__Lsfr25                                 sfr25        00000
__Lsfr26                                 sfr26        00000
__Lsfr27                                 sfr27        00000
__Lsfr28                                 sfr28        00000
__Lsfr29                                 sfr29        00000
__Lsfr3                                  sfr3         00000
__Lsfr30                                 sfr30        00000
__Lsfr31                                 sfr31        00000
__Lsfr4                                  sfr4         00000
__Lsfr5                                  sfr5         00000
__Lsfr6                                  sfr6         00000
__Lsfr7                                  sfr7         00000
__Lsfr8                                  sfr8         00000
__Lsfr9                                  sfr9         00000
__Lspace_0                               (abs)        00000
__Lspace_1                               (abs)        00000
__Lspace_2                               (abs)        00000
__Lspace_3                               (abs)        00000
__Lstack                                 stack        00000
__Lstrings                               strings      00000
__Lstringtext                            stringtext   00000
__Ltext                                  text         00000
__S0                                     (abs)        08009
__S1                                     (abs)        00240
__S2                                     (abs)        00000
___awdiv                                 text106      015EB
___awdiv@counter                         cstackBANK0  00025
___awdiv@dividend                        cstackBANK0  00022
___awdiv@divisor                         cstackBANK0  00020
___awdiv@quotient                        cstackBANK0  00027
___awdiv@sign                            cstackBANK0  00026
___awtoft                                text82       0106D
___awtoft@c                              cstackBANK0  00028
___awtoft@sign                           cstackBANK0  0002D
___bmul                                  text101      01DE1
___bmul@multiplicand                     cstackBANK0  00020
___bmul@multiplier                       cstackBANK0  00023
___bmul@product                          cstackBANK0  00022
___ftadd                                 text81       0042D
___ftadd@exp1                            cstackBANK0  0004D
___ftadd@exp2                            cstackBANK0  0004C
___ftadd@f1                              cstackBANK0  00041
___ftadd@f2                              cstackBANK0  00044
___ftadd@sign                            cstackBANK0  0004B
___ftdiv                                 text80       00EA3
___ftdiv@cntr                            cstackBANK0  00038
___ftdiv@exp                             cstackBANK0  0003C
___ftdiv@f1                              cstackBANK0  00031
___ftdiv@f2                              cstackBANK0  0002E
___ftdiv@f3                              cstackBANK0  00039
___ftdiv@sign                            cstackBANK0  0003D
___ftmul                                 text35       00F4C
___ftmul@cntr                            cstackBANK0  0003C
___ftmul@exp                             cstackBANK0  00038
___ftmul@f1                              cstackBANK0  0002E
___ftmul@f2                              cstackBANK0  00031
___ftmul@f3_as_product                   cstackBANK0  00039
___ftmul@sign                            cstackBANK0  0003D
___ftneg                                 text79       01C5D
___ftneg@f1                              cstackBANK0  0003E
___ftpack                                text83       00981
___ftpack@arg                            cstackBANK0  00020
___ftpack@exp                            cstackBANK0  00023
___ftpack@sign                           cstackBANK0  00024
___fttol                                 text78       00C5E
___fttol@exp1                            cstackBANK0  0005B
___fttol@f1                              cstackBANK0  0004E
___fttol@lval                            cstackBANK0  00057
___fttol@sign1                           cstackBANK0  00056
___int_sp                                stack        00000
___latbits                               (abs)        00003
___sp                                    stack        00000
__end_of_ADC_Set                         text51       0106D
__end_of_Buzzer_Initialization           text125      01C01
__end_of_Buzzer_Main                     text124      0154E
__end_of_CC2500_ClearRXFIFO              text119      01C15
__end_of_CC2500_ClearTXFIFO              text118      01C19
__end_of_CC2500_FrequencyCabr            text116      01CE7
__end_of_CC2500_InitPATable              text114      01F5F
__end_of_CC2500_InitSetREG               text113      0116F
__end_of_CC2500_PowerOnInitial           text110      01E8F
__end_of_CC2500_PowerRST                 text112      014BB
__end_of_CC2500_ReadByte                 text42       01EBB
__end_of_CC2500_ReadStatus               text41       010B1
__end_of_CC2500_RxData                   text40       00BDD
__end_of_CC2500_SIDLEMode                text111      01C1D
__end_of_CC2500_TxData                   text39       00A43
__end_of_CC2500_WriteByte                text123      01E51
__end_of_CC2500_WriteCommand             text120      01EEC
__end_of_CC2500_WriteREG                 text115      02000
__end_of_CC2500_patable_vaule            stringtext   01066
__end_of_CC2500_registers_address        stringtext   0102F
__end_of_CC2500_rfSettings               stringtext   0105E
__end_of_DelayOffPointSelect             text109      01C99
__end_of_DelayOff_Initialization         text107      01C21
__end_of_DelayOff_Main                   text93       01C25
__end_of_DelayTime_1us                   text117      0111E
__end_of_DelayTimejudge                  text100      01199
__end_of_DimmerIntrIOCPointSelect        text133      01C8E
__end_of_DimmerIntrPointSelect           text129      01C79
[...]
      Locals:         0       0       0       0       0       0       0       0       0       0       0       0       0       0
      Temps:          0       0       0       0       0       0       0       0       0       0       0       0       0       0
      Totals:         0       0       0       0       0       0       0       0       0       0       0       0       0       0
Total ram usage:        0 bytes
 Hardware stack levels used:    1
 Hardware stack levels required when called:    5
 This function calls:
		Nothing
 This function is called by:
		_main
 This function uses a non-reentrant model


 *************** function _ISR *****************
 Defined at:
		line 107 in file "../src/MCU_B1.c"
 Parameters:    Size  Location     Type
		None
 Auto vars:     Size  Location     Type
		None
 Return value:  Size  Location     Type
		None               void
 Registers used:
		wreg, fsr0l, fsr0h, fsr1l, fsr1h, status,2, status,0, pclath, cstack
 Tracked objects:
		On entry : 
		On exit  : 
		Unchanged: 
 Data sizes:     COMMON   BANK0   BANK1   BANK2   BANK3   BANK4   BANK5   BANK6   BANK7   BANK8   BANK9  BANK10  BANK11  BANK12
      Params:         0       0       0       0       0       0       0       0       0       0       0       0       0       0
      Locals:         0       0       0       0       0       0       0       0       0       0       0       0       0       0
      Temps:          1       0       0       0       0       0       0       0       0       0       0       0       0       0
      Totals:         1       0       0       0       0       0       0       0       0       0       0       0       0       0
Total ram usage:        1 bytes
 Hardware stack levels used:    1
 Hardware stack levels required when called:    4
 This function calls:
		_IOC_ISR
		_TMR1_ISR
 This function is called by:
		Interrupt level 1
 This function uses a non-reentrant model


 *************** function _TMR1_ISR *****************
 Defined at:
		line 209 in file "../src/MCU_B1.c"
 Parameters:    Size  Location     Type
		None
 Auto vars:     Size  Location     Type
		None
 Return value:  Size  Location     Type
		None               void
 Registers used:
		wreg, fsr0l, fsr0h, fsr1l, fsr1h, status,2, status,0, pclath, cstack
 Tracked objects:
		On entry : 
		On exit  : 
		Unchanged: 
 Data sizes:     COMMON   BANK0   BANK1   BANK2   BANK3   BANK4   BANK5   BANK6   BANK7   BANK8   BANK9  BANK10  BANK11  BANK12
      Params:         0       0       0       0       0       0       0       0       0       0       0       0       0       0
      Locals:         0       0       0       0       0       0       0       0       0       0       0       0       0       0
      Temps:          0       0       0       0       0       0       0       0       0       0       0       0       0       0
      Totals:         0       0       0       0       0       0       0       0       0       0       0       0       0       0
Total ram usage:        0 bytes
 Hardware stack levels used:    1
 Hardware stack levels required when called:    2
 This function calls:
		_setDimmerLights_IntrControl
 This function is called by:
		_ISR
 This function uses a non-reentrant model


 *************** function _setDimmerLights_IntrControl *****************
 Defined at:
		line 92 in file "../src/Dimmer_B1.c"
 Parameters:    Size  Location     Type
  lights          1    wreg     unsigned char 
 Auto vars:     Size  Location     Type
  lights          1    6[COMMON] unsigned char 
 Return value:  Size  Location     Type
		None               void
 Registers used:
		wreg, fsr0l, fsr0h, fsr1l, fsr1h, status,2, status,0, pclath, cstack
 Tracked objects:
		On entry : 
		On exit  : 
		Unchanged: 
 Data sizes:     COMMON   BANK0   BANK1   BANK2   BANK3   BANK4   BANK5   BANK6   BANK7   BANK8   BANK9  BANK10  BANK11  BANK12
      Params:         0       0       0       0       0       0       0       0       0       0       0       0       0       0
      Locals:         1       0       0       0       0       0       0       0       0       0       0       0       0       0
      Temps:          4       0       0       0       0       0       0       0       0       0       0       0       0       0
      Totals:         5       0       0       0       0       0       0       0       0       0       0       0       0       0
Total ram usage:        5 bytes
 Hardware stack levels used:    1
 Hardware stack levels required when called:    1
 This function calls:
		_DimmerIntrPointSelect
 This function is called by:
		_TMR1_ISR
 This function uses a non-reentrant model


 *************** function _DimmerIntrPointSelect *****************
 Defined at:
		line 70 in file "../src/Dimmer_B1.c"
 Parameters:    Size  Location     Type
  lights          1    wreg     unsigned char 
 Auto vars:     Size  Location     Type
  lights          1    1[COMMON] unsigned char 
 Return value:  Size  Location     Type
		None               void
 Registers used:
		wreg
 Tracked objects:
		On entry : 
		On exit  : 
		Unchanged: 
 Data sizes:     COMMON   BANK0   BANK1   BANK2   BANK3   BANK4   BANK5   BANK6   BANK7   BANK8   BANK9  BANK10  BANK11  BANK12
      Params:         0       0       0       0       0       0       0       0       0       0       0       0       0       0
      Locals:         1       0       0       0       0       0       0       0       0       0       0       0       0       0
      Temps:          1       0       0       0       0       0       0       0       0       0       0       0       0       0
      Totals:         2       0       0       0       0       0       0       0       0       0       0       0       0       0
Total ram usage:        2 bytes
 Hardware stack levels used:    1
 This function calls:
		Nothing
 This function is called by:
		_setDimmerLights_IntrControl
 This function uses a non-reentrant model


 *************** function _IOC_ISR *****************
 Defined at:
		line 401 in file "../src/MCU_B1.c"
 Parameters:    Size  Location     Type
		None
 Auto vars:     Size  Location     Type
		None
 Return value:  Size  Location     Type
		None               void
 Registers used:
		wreg, fsr1l, fsr1h, status,2, status,0, pclath, cstack
 Tracked objects:
		On entry : 
		On exit  : 
		Unchanged: 
 Data sizes:     COMMON   BANK0   BANK1   BANK2   BANK3   BANK4   BANK5   BANK6   BANK7   BANK8   BANK9  BANK10  BANK11  BANK12
      Params:         0       0       0       0       0       0       0       0       0       0       0       0       0       0
      Locals:         0       0       0       0       0       0       0       0       0       0       0       0       0       0
      Temps:          0       0       0       0       0       0       0       0       0       0       0       0       0       0
      Totals:         0       0       0       0       0       0       0       0       0       0       0       0       0       0
Total ram usage:        0 bytes
 Hardware stack levels used:    1
 Hardware stack levels required when called:    3
 This function calls:
		_setDimmerReClock
 This function is called by:
		_ISR
 This function uses a non-reentrant model


 *************** function _setDimmerReClock *****************
 Defined at:
		line 244 in file "../src/MCU_B1.c"
 Parameters:    Size  Location     Type
		None
 Auto vars:     Size  Location     Type
		None
 Return value:  Size  Location     Type
		None               void
 Registers used:
		wreg, fsr1l, fsr1h, status,2, status,0, pclath, cstack
 Tracked objects:
		On entry : 
		On exit  : 
		Unchanged: 
 Data sizes:     COMMON   BANK0   BANK1   BANK2   BANK3   BANK4   BANK5   BANK6   BANK7   BANK8   BANK9  BANK10  BANK11  BANK12
      Params:         0       0       0       0       0       0       0       0       0       0       0       0       0       0
      Locals:         0       0       0       0       0       0       0       0       0       0       0       0       0       0
      Temps:          0       0       0       0       0       0       0       0       0       0       0       0       0       0
      Totals:         0       0       0       0       0       0       0       0       0       0       0       0       0       0
Total ram usage:        0 bytes
 Hardware stack levels used:    1
 Hardware stack levels required when called:    2
 This function calls:
		_setDimmerLights_IntrIOC_GO
 This function is called by:
		_IOC_ISR
 This function uses a non-reentrant model


 *************** function _setDimmerLights_IntrIOC_GO *****************
 Defined at:
		line 28 in file "../src/Dimmer_B1.c"
 Parameters:    Size  Location     Type
  lights          1    wreg     unsigned char 
 Auto vars:     Size  Location     Type
  lights          1    2[COMMON] unsigned char 
 Return value:  Size  Location     Type
		None               void
 Registers used:
		wreg, fsr1l, fsr1h, status,2, status,0, pclath, cstack
 Tracked objects:
		On entry : 
		On exit  : 
		Unchanged: 
 Data sizes:     COMMON   BANK0   BANK1   BANK2   BANK3   BANK4   BANK5   BANK6   BANK7   BANK8   BANK9  BANK10  BANK11  BANK12
      Params:         0       0       0       0       0       0       0       0       0       0       0       0       0       0
      Locals:         1       0       0       0       0       0       0       0       0       0       0       0       0       0
      Temps:          0       0       0       0       0       0       0       0       0       0       0       0       0       0
      Totals:         1       0       0       0       0       0       0       0       0       0       0       0       0       0
Total ram usage:        1 bytes
 Hardware stack levels used:    1
 Hardware stack levels required when called:    1
 This function calls:
		_DimmerIntrIOCPointSelect
 This function is called by:
		_setDimmerReClock
 This function uses a non-reentrant model


 *************** function _DimmerIntrIOCPointSelect *****************
 Defined at:
		line 8 in file "../src/Dimmer_B1.c"
 Parameters:    Size  Location     Type
  lights          1    wreg     unsigned char 
 Auto vars:     Size  Location     Type
  lights          1    1[COMMON] unsigned char 
 Return value:  Size  Location     Type
		None               void
 Registers used:
		wreg
 Tracked objects:
		On entry : 
		On exit  : 
		Unchanged: 
 Data sizes:     COMMON   BANK0   BANK1   BANK2   BANK3   BANK4   BANK5   BANK6   BANK7   BANK8   BANK9  BANK10  BANK11  BANK12
      Params:         0       0       0       0       0       0       0       0       0       0       0       0       0       0
      Locals:         1       0       0       0       0       0       0       0       0       0       0       0       0       0
      Temps:          1       0       0       0       0       0       0       0       0       0       0       0       0       0
      Totals:         2       0       0       0       0       0       0       0       0       0       0       0       0       0
Total ram usage:        2 bytes
 Hardware stack levels used:    1
 This function calls:
		Nothing
 This function is called by:
		_setDimmerLights_IntrIOC_GO
 This function uses a non-reentrant model



MODULE INFORMATION

Module		Function		Class		Link	Load	Size
C:\Program Files (x86)\Microchip\xc8\v1.32\sources\common\float.c
		___ftpack      		CODE           	0981	0000	97

C:\Program Files (x86)\Microchip\xc8\v1.32\sources\common\float.c estimated size: 97

../src/OverLoad_B1.c
		_getLoad_AD    		CODE           	0BDD	0000	129
		_getLoad_OK    		CODE           	1C4D	0000	8
		_Load_Initializ		CODE           	1C36	0000	5
		_Load_Main     		CODE           	01B2	0000	324
		_setLoad_AH_AL_		CODE           	1F06	0000	28

../src/OverLoad_B1.c estimated size: 494

C:\Program Files (x86)\Microchip\xc8\v1.32\sources\common\awtoft.c
		___awtoft      		CODE           	106D	0000	34

C:\Program Files (x86)\Microchip\xc8\v1.32\sources\common\awtoft.c estimated size: 34

../src/MCU_B1.c
		_Fosc_Set      		CODE           	1C2D	0000	4
		_IO_Set        		CODE           	1EBB	0000	24
		_WDT_Set       		CODE           	1CAF	0000	11
		_WDT_Main      		CODE           	1E05	0000	18
		_ADC_Set       		CODE           	1066	0000	7
		_IOC_ISR       		CODE           	1D3F	0000	15
		_ISR           		CODE           	0004	0000	15
		_Flash_Memory_W		CODE           	11C4	0000	47
		_Flash_Memory_M		CODE           	154E	0000	78
		_IOC_Set       		CODE           	1D24	0000	13
		_WDT_Clearing  		CODE           	07FE	0000	2
		_setMemory_Modi		CODE           	1E17	0000	19
		_Mcu_Initializa		CODE           	1DF3	0000	18
		_setMemory_Data		CODE           	1CF3	0000	12
		_Flash_Memory_I		CODE           	060A	0000	220
		_getAD         		CODE           	1F9F	0000	32
		_TMR1_Set      		CODE           	1D0B	0000	12
		_setMemory_Loop		CODE           	1E2A	0000	19
		_Flash_Memory_U		CODE           	1C66	0000	9
		_Flash_Memory_R		CODE           	1EEC	0000	26
		_Flash_Memory_E		CODE           	1CFF	0000	12
		_TMR1_ISR      		CODE           	10D4	0000	36
		_setDimmerReClo		CODE           	1C0D	0000	4
		_Flash_Memory_M		CODE           	1358	0000	54

../src/MCU_B1.c estimated size: 707

C:\Program Files (x86)\Microchip\xc8\v1.32\sources\common\ftmul.c
		___ftmul       		CODE           	0F4C	0000	180

C:\Program Files (x86)\Microchip\xc8\v1.32\sources\common\ftmul.c estimated size: 180

../src/Buzzer_B1.c
		_Buzzer_Main   		CODE           	1504	0000	74
		_setBuz        		CODE           	16EF	0000	89
		_getBuz_GO     		CODE           	1DAE	0000	17
		_Buzzer_Initial		CODE           	1BFE	0000	3

../src/Buzzer_B1.c estimated size: 183

../src/LED_B1.c
		_setLED        		CODE           	1322	0000	54
		_LED_Main      		CODE           	1C29	0000	4
		_setLED_Initial		CODE           	1D9D	0000	17
		_LedPointSelect		CODE           	1CA4	0000	11
		_setLED_Main   		CODE           	12BA	0000	51
		_LED_Initializa		CODE           	1C25	0000	4

../src/LED_B1.c estimated size: 141

../src/OverTemperature_B1.c
		_Temp_Initializ		CODE           	1C07	0000	3
		_Temp_Main     		CODE           	1C0A	0000	3
		_setTemp_Initia		CODE           	0003	0000	1
		_getTemp_AD    		CODE           	13C4	0000	55
		_setTemp_Main  		CODE           	0DFE	0000	165

../src/OverTemperature_B1.c estimated size: 227

../src/CC2500_B1.c
		_DelayTime_1us 		CODE           	10F8	0000	38
		_CC2500_Frequen		CODE           	1CDB	0000	12
		_CC2500_SIDLEMo		CODE           	1C19	0000	4
		_CC2500_PowerOn		CODE           	1E7A	0000	21
		_CC2500_WriteBy		CODE           	1E3D	0000	20
		_CC2500_RxData 		CODE           	0B73	0000	106
		_CC2500_TxData 		CODE           	09E2	0000	97
		_CC2500_ClearRX		CODE           	1C11	0000	4
		_CC2500_ClearTX		CODE           	1C15	0000	4
		_CC2500_InitPAT		CODE           	1F40	0000	31
		_CC2500_WriteRE		CODE           	1FDF	0000	33
		_CC2500_ReadSta		CODE           	108F	0000	34
		_CC2500_PowerRS		CODE           	1478	0000	67
		_CC2500_ReadByt		CODE           	1EA4	0000	23
		_CC2500_InitSet		CODE           	1145	0000	42
		_CC2500_WriteCo		CODE           	1ED3	0000	25

../src/CC2500_B1.c estimated size: 561

C:\Program Files (x86)\Microchip\xc8\v1.32\sources\common\fttol.c
		___fttol       		CODE           	0C5E	0000	135

C:\Program Files (x86)\Microchip\xc8\v1.32\sources\common\fttol.c estimated size: 135

../src/RF_Control_B1.c
		_RF_Initializat		CODE           	1C01	0000	3
		_getRxData     		CODE           	0D6E	0000	144
		_setRF_Main    		CODE           	0523	0000	231
		_setRF_DimmerVa		CODE           	1255	0000	50
		_getRF_KeyStatu		CODE           	1DBF	0000	17
		_setRF_Initiali		CODE           	1CBA	0000	11
		_setTxData     		CODE           	06E6	0000	191
		_setRFSW_Contro		CODE           	159C	0000	79
		_setRF_Learn   		CODE           	1E51	0000	20
		_RF_Main       		CODE           	1C04	0000	3
		_setRFSW_AdjCon		CODE           	1438	0000	64
		_setRF_DimmerLi		CODE           	1748	0000	92
		_setControl_Lig		CODE           	0921	0000	96
		_setLog_Code   		CODE           	138E	0000	54

../src/RF_Control_B1.c estimated size: 1055

C:\Program Files (x86)\Microchip\xc8\v1.32\sources\common\awdiv.c
		___awdiv       		CODE           	15EB	0000	84

C:\Program Files (x86)\Microchip\xc8\v1.32\sources\common\awdiv.c estimated size: 84

../src/Main_B1.c
		_getMain_Lights		CODE           	1199	0000	43
		_my_MainTimer  		CODE           	08C3	0000	94
		_main          		CODE           	1697	0000	88
		_Timeout_Counte		CODE           	1E65	0000	21
		_myMain_Initial		CODE           	1D4E	0000	15
		_getMain_All_Er		CODE           	1287	0000	51
		_set_TimeoutCle		CODE           	1C31	0000	5
		_getMain_LoadOK		CODE           	1D31	0000	14
		_getMain_Lights		CODE           	1D7D	0000	16
		_setMain_Except		CODE           	17A4	0000	92

../src/Main_B1.c estimated size: 439

C:\Program Files (x86)\Microchip\xc8\v1.32\sources\common\ftadd.c
		___ftadd       		CODE           	042D	0000	246

C:\Program Files (x86)\Microchip\xc8\v1.32\sources\common\ftadd.c estimated size: 246

C:\Program Files (x86)\Microchip\xc8\v1.32\sources\common\Umul8.c
		___bmul        		CODE           	1DE1	0000	18

C:\Program Files (x86)\Microchip\xc8\v1.32\sources\common\Umul8.c estimated size: 18

shared
		_CC2500_patable		STRCODE        	105E	0000	8
		_CC2500_rfSetti		STRCODE        	102F	0000	47
		__initializatio		CODE           	0015	0000	42
		_CC2500_registe		STRCODE        	1000	0000	47

shared estimated size: 144

C:\Program Files (x86)\Microchip\xc8\v1.32\sources\common\ftneg.c
		___ftneg       		CODE           	1C5D	0000	9

C:\Program Files (x86)\Microchip\xc8\v1.32\sources\common\ftneg.c estimated size: 9

../src/Switch_B1.c
		_Switch_Main   		CODE           	1F7F	0000	32
		_SwPointSelect 		CODE           	1CD0	0000	11
		_TouchPower    		CODE           	1E8F	0000	21
		_setSw_Main    		CODE           	0043	0000	367
		_getSw_KeyStatu		CODE           	1DD0	0000	17
		_setSw_Initiali		CODE           	1D8D	0000	16
		_Switch_Initial		CODE           	0800	0000	9

../src/Switch_B1.c estimated size: 473

../src/Dimmer_B1.c
		_DimmerLightsPo		CODE           	1C99	0000	11
		_getDimmerLight		CODE           	1D5D	0000	16
		_setDimmerLight		CODE           	14BB	0000	73
		_DimmerIntrPoin		CODE           	1C6F	0000	10
		_DimmerLights_M		CODE           	11F3	0000	48
		_setDimmerLight		CODE           	13FB	0000	61
		_getAll_DimmerL		CODE           	1C79	0000	10
		_getDimmerLight		CODE           	1CC5	0000	11
		_setDimmerLight		CODE           	02F6	0000	311
		_DimmerIntrIOCP		CODE           	1C83	0000	11
		_setDimmerLight		CODE           	0B0D	0000	102
		_setDimmerLight		CODE           	0CE5	0000	137
		_setDimmerLight		CODE           	1CE7	0000	12
		_setDimmerLight		CODE           	10B1	0000	35
		_getPercentValu		CODE           	0AA8	0000	101
		_setDimmerLight		CODE           	163F	0000	88
		_setDimmerLight		CODE           	1F22	0000	30
		_setDimmerLight		CODE           	1F5F	0000	32
		_setPercentValu		CODE           	0A43	0000	101
		_getDimmer_Load		CODE           	1C55	0000	8
		_setDimmerLight		CODE           	111E	0000	39
		_setDimmerLight		CODE           	1223	0000	50
		_Dimmer_Initial		CODE           	0002	0000	1
		_DimmerLights_I		CODE           	1D17	0000	13
		_setDimmerLight		CODE           	07A5	0000	89
		_setDimmerLight		CODE           	12ED	0000	53

../src/Dimmer_B1.c estimated size: 1453

../src/DelayOff_B1.c
		_DelayOff_Initi		CODE           	1C1D	0000	4
		_DlyOff_Main   		CODE           	0866	0000	93
		_DelayTimejudge		CODE           	116F	0000	42
		_DelayOff_Main 		CODE           	1C21	0000	4
		_DelayOffPointS		CODE           	1C8E	0000	11
		_getDelayOff_GO		CODE           	1D6D	0000	16
		_setDelayOff_GO		CODE           	0809	0000	93
		_DlyOff_Initial		CODE           	1C3B	0000	6

../src/DelayOff_B1.c estimated size: 269

C:\Program Files (x86)\Microchip\xc8\v1.32\sources\pic\ftdiv.c
		___ftdiv       		CODE           	0EA3	0000	169

C:\Program Files (x86)\Microchip\xc8\v1.32\sources\pic\ftdiv.c estimated size: 169

