Microchip MPLAB XC8 Compiler V1.32 ()

Linker command line:

--edf=C:\Program Files (x86)\Microchip\xc8\v1.32\dat\en_msgs.txt -cs \
  -h+dist/default/production\1-7.Switch_1Key_Dimmer_MOSFET.X.production.sym \
  --cmf=dist/default/production\1-7.Switch_1Key_Dimmer_MOSFET.X.production.cmf \
  -z -Q16F1518 -oC:\Users\taianluo\AppData\Local\Temp\s408.6 \
  -Mdist/default/production/1-7.Switch_1Key_Dimmer_MOSFET.X.production.map \
  -E1 -ver=XC8 -ASTACK=02080h-0231fh -pstack=STACK -ACONST=00h-0FFhx64 \
  -ACODE=00h-07FFhx8 -ASTRCODE=00h-03FFFh -AENTRY=00h-0FFhx64 \
  -ASTRING=00h-0FFhx64 -ACOMMON=070h-07Fh -ABANK0=020h-06Fh \
  -ABANK1=0A0h-0EFh -ABANK2=0120h-016Fh -ABANK3=01A0h-01EFh \
  -ABANK4=0220h-026Fh -ABANK5=02A0h-02EFh -ABANK6=0320h-036Fh \
  -ABANK7=03A0h-03EFh -ABANK8=0420h-046Fh -ABANK9=04A0h-04EFh \
  -ABANK10=0520h-056Fh -ABANK11=05A0h-05EFh -ABANK12=0620h-064Fh \
  -ABIGRAM=02000h-023EFh \
  -ARAM=020h-06Fh,0A0h-0EFh,0120h-016Fh,01A0h-01EFh,0220h-026Fh,02A0h-02EFh,0320h-036Fh,03A0h-03EFh,0420h-046Fh,04A0h-04EFh,0520h-056Fh,05A0h-05EFh,0620h-064Fh \
  -AABS1=020h-07Fh,0A0h-0EFh,0120h-016Fh,01A0h-01EFh,0220h-026Fh,02A0h-02EFh,0320h-036Fh,03A0h-03EFh,0420h-046Fh,04A0h-04EFh,0520h-056Fh,05A0h-05EFh,0620h-064Fh \
  -ASFR0=00h-01Fh -ASFR1=080h-09Fh -ASFR2=0100h-011Fh -ASFR3=0180h-019Fh \
  -ASFR4=0200h-021Fh -ASFR5=0280h-029Fh -ASFR6=0300h-031Fh \
  -ASFR7=0380h-039Fh -ASFR8=0400h-041Fh -ASFR9=0480h-049Fh \
  -ASFR10=0500h-051Fh -ASFR11=0580h-059Fh -ASFR12=0600h-061Fh \
  -ASFR13=0680h-06EFh -ASFR14=0700h-076Fh -ASFR15=0780h-07EFh \
  -ASFR16=0800h-086Fh -ASFR17=0880h-08EFh -ASFR18=0900h-096Fh \
  -ASFR19=0980h-09EFh -ASFR20=0A00h-0A6Fh -ASFR21=0A80h-0AEFh \
  -ASFR22=0B00h-0B6Fh -ASFR23=0B80h-0BEFh -ASFR24=0C00h-0C6Fh \
  -ASFR25=0C80h-0CEFh -ASFR26=0D00h-0D6Fh -ASFR27=0D80h-0DEFh \
  -ASFR28=0E00h-0E6Fh -ASFR29=0E80h-0EEFh -ASFR30=0F00h-0F6Fh \
  -ASFR31=0F80h-0FEFh -preset_vec=00h,intentry=04h,init,end_init \
  -ppowerup=CODE -pcinit=CODE -pfunctab=CODE -ACONFIG=08007h-08008h \
  -pconfig=CONFIG -DCONFIG=2 -AIDLOC=08000h-08003h -pidloc=IDLOC -DIDLOC=2 \
  -DCODE=2 -DSTRCODE=2 -DSTRING=2 -DCONST=2 -DENTRY=2 -k \
  C:\Users\taianluo\AppData\Local\Temp\s408.obj \
  dist/default/production\1-7.Switch_1Key_Dimmer_MOSFET.X.production.obj 

Object code version is 3.11

Machine type is 16F1518



                Name                               Link     Load   Length Selector   Space Scale
C:\Users\taianluo\AppData\Local\Temp\s408.obj
                end_init                             13       13        2        8       0
                reset_vec                             0        0        2        0       0
                config                             8007     8007        2    1000E       0
dist/default/production\1-7.Switch_1Key_Dimmer_MOSFET.X.production.obj
                cinit                                15       15       22        8       0
                intentry                              4        4        F        8       0
                text45                              546      546       1F      4CC       0
                text44                              69B      69B        6      4CC       0
                text43                              3F7      3F7       2F      4CC       0
                text41                              5F5      5F5       15      4CC       0
                text40                              5E0      5E0       15      4CC       0
                text39                              6A6      6A6        5      4CC       0
                text38                              59C      59C       18      4CC       0
                text37                              6B7      6B7        4      4CC       0
                text36                              6B3      6B3        4      4CC       0
                text35                              47E      47E       26      4CC       0
                text34                              672      672        B      4CC       0
                text33                              507      507       20      4CC       0
                text32                              527      527       1F      4CC       0
                text31                              454      454       2A      4CC       0
                text30                              3B6      3B6       41      4CC       0
                text29                              6AF      6AF        4      4CC       0
                text28                              5CB      5CB       15      4CC       0
                text27                              6AB      6AB        4      4CC       0
                text26                              61E      61E       13      4CC       0
                text25                              666      666        C      4CC       0
                text24                              60A      60A       14      4CC       0
                text23                              65A      65A        C      4CC       0
                text22                              67D      67D        A      4CC       0
                text21                              6C4      6C4        3      4CC       0
                text20                              5B4      5B4       17      4CC       0
                text19                              4E7      4E7       20      4CC       0
                text18                              266      266       5E      4CC       0
                text17                              2C4      2C4       5A      4CC       0
                text16                              631      631        F      4CC       0
                text15                              6C1      6C1        3      4CC       0
                text14                              179      179       71        8       0
                text13                              372      372       44      4CC       0
                text12                              581      581       1B      4CC       0
                text11                               FA       FA       7F        8       0
                text10                               37       37       C3        8       0
                text9                               6BE      6BE        3      4CC       0
                text8                               426      426       2E      4CC       0
                text7                               687      687        8      4CC       0
                text6                               565      565       1C      4CC       0
                text5                               64D      64D        D      4CC       0
                text4                               640      640        D      4CC       0
                text3                               6A1      6A1        5      4CC       0
                text2                               6BB      6BB        3      4CC       0
                text1                               31E      31E       54      4CC       0
                maintext                            4A4      4A4       23      4CC       0
                cstackBANK0                          64       64        8       20       1
                cstackCOMMON                         70       70        6       70       1
                cstackBANK1                          CC       CC        4       A0       1
                inittext                            695      695        6      4CC       0
                clrtext                             68F      68F        6      4CC       0
                dataBANK1                            A0       A0       20       A0       1
                bssBANK1                             C0       C0        C       A0       1
                bssBANK0                             20       20       44       20       1
                bssCOMMON                            77       77        2       70       1
                bitbssCOMMON                        3B0       76        2       70       1     8
                nvBANK0                              6C       6C        1       20       1
                nvCOMMON                             79       79        1       70       1
                stringtext                          200      200       66        4       0
                idataBANK1                          4C7      4C7       20      4CC       0

TOTAL           Name                               Link     Load   Length     Space
        CLASS   STACK          

        CLASS   CONST          

        CLASS   CODE           
                end_init                             13       13        2         0
                cinit                                15       15       22         0
                intentry                              4        4        F         0
                reset_vec                             0        0        2         0
                text45                              546      546       1F         0
                text44                              69B      69B        6         0
                text43                              3F7      3F7       2F         0
                text41                              5F5      5F5       15         0
                text40                              5E0      5E0       15         0
                text39                              6A6      6A6        5         0
                text38                              59C      59C       18         0
                text37                              6B7      6B7        4         0
                text36                              6B3      6B3        4         0
                text35                              47E      47E       26         0
                text34                              672      672        B         0
                text33                              507      507       20         0
                text32                              527      527       1F         0
                text31                              454      454       2A         0
                text30                              3B6      3B6       41         0
                text29                              6AF      6AF        4         0
                text28                              5CB      5CB       15         0
                text27                              6AB      6AB        4         0
                text26                              61E      61E       13         0
                text25                              666      666        C         0
                text24                              60A      60A       14         0
                text23                              65A      65A        C         0
                text22                              67D      67D        A         0
                text21                              6C4      6C4        3         0
                text20                              5B4      5B4       17         0
                text19                              4E7      4E7       20         0
                text18                              266      266       5E         0
                text17                              2C4      2C4       5A         0
                text16                              631      631        F         0
                text15                              6C1      6C1        3         0
                text14                              179      179       71         0
                text13                              372      372       44         0
                text12                              581      581       1B         0
                text11                               FA       FA       7F         0
                text10                               37       37       C3         0
                text9                               6BE      6BE        3         0
                text8                               426      426       2E         0
                text7                               687      687        8         0
                text6                               565      565       1C         0
                text5                               64D      64D        D         0
                text4                               640      640        D         0
                text3                               6A1      6A1        5         0
                text2                               6BB      6BB        3         0
                text1                               31E      31E       54         0
                maintext                            4A4      4A4       23         0
                inittext                            695      695        6         0
                clrtext                             68F      68F        6         0
                idataBANK1                          4C7      4C7       20         0

        CLASS   STRCODE        
                stringtext                          200      200       66         0

        CLASS   ENTRY          

        CLASS   STRING         

        CLASS   COMMON         
                cstackCOMMON                         70       70        6         1
                bssCOMMON                            77       77        2         1
                bitbssCOMMON                        3B0       76        2         1
                nvCOMMON                             79       79        1         1

        CLASS   BANK0          
                cstackBANK0                          64       64        8         1
                bssBANK0                             20       20       44         1
                nvBANK0                              6C       6C        1         1

        CLASS   BANK1          
                cstackBANK1                          CC       CC        4         1
                dataBANK1                            A0       A0       20         1
                bssBANK1                             C0       C0        C         1

        CLASS   BANK2          

        CLASS   BANK3          

        CLASS   BANK4          

        CLASS   BANK5          

        CLASS   BANK6          

        CLASS   BANK7          

        CLASS   BANK8          

        CLASS   BANK9          

        CLASS   BANK10         

        CLASS   BANK11         

        CLASS   BANK12         

        CLASS   BIGRAM         

        CLASS   RAM            

        CLASS   ABS1           
                abs_s1                               7E       7E        2         1

        CLASS   SFR0           

        CLASS   SFR1           

        CLASS   SFR2           

        CLASS   SFR3           

        CLASS   SFR4           

        CLASS   SFR5           

        CLASS   SFR6           

        CLASS   SFR7           

        CLASS   SFR8           

        CLASS   SFR9           

        CLASS   SFR10          

        CLASS   SFR11          

        CLASS   SFR12          

        CLASS   SFR13          

        CLASS   SFR14          

        CLASS   SFR15          

        CLASS   SFR16          

        CLASS   SFR17          

        CLASS   SFR18          

        CLASS   SFR19          

        CLASS   SFR20          

        CLASS   SFR21          

        CLASS   SFR22          

        CLASS   SFR23          

        CLASS   SFR24          

        CLASS   SFR25          

        CLASS   SFR26          

        CLASS   SFR27          

        CLASS   SFR28          

        CLASS   SFR29          

        CLASS   SFR30          

        CLASS   SFR31          

        CLASS   CONFIG         
                config                             8007     8007        2         0

        CLASS   IDLOC          

        CLASS   BANK31         

        CLASS   BANK30         

        CLASS   BANK29         

        CLASS   BANK28         

        CLASS   BANK27         

        CLASS   BANK26         

        CLASS   BANK25         

        CLASS   BANK24         

        CLASS   BANK23         

        CLASS   BANK22         

        CLASS   BANK21         

        CLASS   BANK20         

        CLASS   BANK19         

        CLASS   BANK18         

        CLASS   BANK17         

        CLASS   BANK16         

        CLASS   BANK15         

        CLASS   BANK14         

        CLASS   BANK13         

        CLASS   EEDATA         



SEGMENTS        Name                           Load    Length   Top    Selector   Space  Class     Delta

                reset_vec                      000000  000002  000002         0       0  CODE        2
                intentry                       000004  0001E6  0001EA         8       0  CODE        2
                bssBANK0                       000020  00004D  00006D        20       1  BANK0       1
                cstackCOMMON                   000070  00000A  00007A        70       1  COMMON      1
                dataBANK1                      0000A0  000030  0000D0        A0       1  BANK1       1
                stringtext                     000200  000066  000266         4       0  STRCODE     2
                text18                         000266  000461  0006C7       4CC       0  CODE        2
                config                         008007  000002  008009     1000E       0  CONFIG      2


UNUSED ADDRESS RANGES

        Name                Unused          Largest block    Delta
        BANK0            0006D-0006F               3           1
        BANK1            000D0-000EF              20           1
        BANK10           00520-0056F              50           1
        BANK11           005A0-005EF              50           1
        BANK12           00620-0064F              30           1
        BANK2            00120-0016F              50           1
        BANK3            001A0-001EF              50           1
        BANK4            00220-0026F              50           1
        BANK5            002A0-002EF              50           1
        BANK6            00320-0036F              50           1
        BANK7            003A0-003EF              50           1
        BANK8            00420-0046F              50           1
        BANK9            004A0-004EF              50           1
        BIGRAM           02000-023EF             3F0           1
        CODE             00002-00003               2           2
                         001EA-001FF              16
                         006C7-03FFF             800
        COMMON           0007A-0007D               4           1
        CONST            00002-00003               2           2
                         001EA-001FF              16
                         006C7-03FFF             100
        ENTRY            00002-00003               2           2
                         001EA-001FF              16
                         006C7-03FFF             100
        IDLOC            08000-08003               4           2
        RAM              0006D-0006F               3           1
                         000D0-000EF              20
                         00120-0016F              50
                         001A0-001EF              50
                         00220-0026F              50
                         002A0-002EF              50
                         00320-0036F              50
                         003A0-003EF              50
                         00420-0046F              50
                         004A0-004EF              50
                         00520-0056F              50
                         005A0-005EF              50
                         00620-0064F              30
        SFR0             00000-0001F              20           1
        SFR1             00080-0009F              20           1
        SFR10            00500-0051F              20           1
        SFR11            00580-0059F              20           1
        SFR12            00600-0061F              20           1
        SFR13            00680-006EF              70           1
        SFR14            00700-0076F              70           1
        SFR15            00780-007EF              70           1
        SFR16            00800-0086F              70           1
        SFR17            00880-008EF              70           1
        SFR18            00900-0096F              70           1
        SFR19            00980-009EF              70           1
        SFR2             00100-0011F              20           1
        SFR20            00A00-00A6F              70           1
        SFR21            00A80-00AEF              70           1
        SFR22            00B00-00B6F              70           1
        SFR23            00B80-00BEF              70           1
        SFR24            00C00-00C6F              70           1
        SFR25            00C80-00CEF              70           1
        SFR26            00D00-00D6F              70           1
        SFR27            00D80-00DEF              70           1
        SFR28            00E00-00E6F              70           1
        SFR29            00E80-00EEF              70           1
        SFR3             00180-0019F              20           1
        SFR30            00F00-00F6F              70           1
        SFR31            00F80-00FEF              70           1
        SFR4             00200-0021F              20           1
        SFR5             00280-0029F              20           1
        SFR6             00300-0031F              20           1
        SFR7             00380-0039F              20           1
        SFR8             00400-0041F              20           1
        SFR9             00480-0049F              20           1
        STACK            02080-0231F             2A0           1
        STRCODE          00002-00003               2           2
                         001EA-001FF              16
                         006C7-03FFF            3939
        STRING           00002-00003               2           2
                         001EA-001FF              16
                         006C7-03FFF             100

                                  Symbol Table

CC2500_InitPATable@loop_d           cstackBANK0  00069
CC2500_InitPATable@temp             cstackBANK0  00068
CC2500_InitSetREG@loop_c            cstackBANK0  0006A
CC2500_InitSetREG@temp1             cstackBANK0  00068
CC2500_InitSetREG@temp2             cstackBANK0  00069
CC2500_ReadByte@loop_b              cstackCOMMON 00075
CC2500_ReadStatus@status_addr       cstackBANK0  00065
CC2500_RxData@loop_f                cstackBANK0  00067
CC2500_TxData@loop_e                cstackBANK0  00067
CC2500_WriteByte@loop_a             cstackCOMMON 00075
CC2500_WriteCommand@command         cstackBANK0  00065
CC2500_WriteREG@value               cstackBANK0  00064
CC2500_WriteREG@w_addr              cstackBANK0  00066
DelayTime_1us@count                 cstackCOMMON 00074
DelayTime_1us@i                     cstackBANK0  00064
DelayTime_1us@j                     cstackBANK0  00066
UART_ISR@i                          cstackCOMMON 00071
UART_Transmit@i                     cstackBANK0  00064
_ANSELA                             (abs)        0018C
_ANSELB                             (abs)        0018D
_ANSELC                             (abs)        0018E
_BRG16                              (abs)        00CFB
_CC2500_ClearRXFIFO                 text37       006B7
_CC2500_ClearTXFIFO                 text36       006B3
_CC2500_FrequencyCabr               text34       00672
_CC2500_InitPATable                 text32       00527
_CC2500_InitSetREG                  text31       00454
_CC2500_PowerOnInitial              text28       005CB
_CC2500_PowerRST                    text30       003B6
_CC2500_ReadByte                    text20       005B4
_CC2500_ReadStatus                  text19       004E7
_CC2500_RxData                      text18       00266
_CC2500_SIDLEMode                   text29       006AF
_CC2500_TxData                      text17       002C4
_CC2500_WriteByte                   text41       005F5
_CC2500_WriteCommand                text38       0059C
_CC2500_WriteREG                    text33       00507
_CC2500_patable_vaule               stringtext   0025E
_CC2500_registers_address           stringtext   00200
_CC2500_rfSettings                  stringtext   0022F
_CRC                                bssBANK0     0005E
_DelayTime_1us                      text35       0047E
_Fosc_Set                           text27       006AB
_GIE                                (abs)        0005F
_IO_Set                             text26       0061E
_ISR                                intentry     00004
_LATA                               (abs)        0010C
_LATB                               (abs)        0010D
_LATC                               (abs)        0010E
_Mcu_Initialization                 text23       0065A
_OSCCON                             (abs)        00099
_PEIE                               (abs)        0005E
_PORTA                              (abs)        0000C
_PORTB                              (abs)        0000D
_PORTC                              (abs)        0000E
_RA0                                (abs)        00060
_RA1                                (abs)        00061
_RA2                                (abs)        00062
_RC0                                (abs)        00070
_RC1                                (abs)        00071
_RC3                                (abs)        00073
_RC4                                (abs)        00074
_RC5                                (abs)        00075
_RCIE                               (abs)        0048D
_RCIF                               (abs)        0008D
_RCREG                              (abs)        00199
_RCSTA                              (abs)        0019D
_RF1                                bssBANK0     0004D
_RF_Count                           bssBANK0     0005C
_RF_Data                            bssBANK0     00020
_RF_Initialization                  text21       006C4
_RF_Main                            text9        006BE
_RF_RxDisable                       text16       00631
_RSSI                               bssBANK0     0005F
_RX9                                (abs)        00CEE
_Receive_OK                         bitbssCOMMON 003B0
_Rx_Length                          bssBANK0     00060
_SPBRG                              (abs)        0019B
_SPBRGH                             (abs)        0019C
_SPI0Buffer                         bssCOMMON    00077
_SwDetect                           bssBANK0     00061
_T1CON                              (abs)        00018
_TMR1H                              (abs)        00017
_TMR1IE                             (abs)        00488
_TMR1IF                             (abs)        00088
_TMR1L                              (abs)        00016
_TMR1_ISR                           text45       00546
_TMR1_Set                           text25       00666
_TRISA                              (abs)        0008C
_TRISB                              (abs)        0008D
_TRISC                              (abs)        0008E
_TRISC6                             (abs)        00476
_TRISC7                             (abs)        00477
_TX9                                (abs)        00CF6
_TXIE                               (abs)        0048C
_TXIF                               (abs)        0008C
_TXREG                              (abs)        0019A
_TXSTA                              (abs)        0019E
_Timeout_Counter                    text40       005E0
_Timer1                             bssBANK0     00059
_Transceive_OK                      bitbssCOMMON 003B1
_Tx_Length                          nvBANK0      0006C
_UART                               bssBANK1     000C0
_UART_ISR                           text43       003F7
_UART_Main                          text5        0064D
_UART_Receive                       text8        00426
_UART_Set                           text24       0060A
_UART_Transmit                      text6        00565
__CFG_BOREN$OFF                     (abs)        00000
__CFG_FOSC$INTOSC                   (abs)        00000
__CFG_VCAPEN$OFF                    (abs)        00000
__CFG_WDTE$OFF                      (abs)        00000
__CFG_WRT$BOOT                      (abs)        00000
__Habs1                             abs1         00000
__Hbank0                            bank0        00000
__Hbank1                            bank1        00000
__Hbank10                           bank10       00000
__Hbank11                           bank11       00000
__Hbank12                           bank12       00000
__Hbank13                           bank13       00000
__Hbank14                           bank14       00000
__Hbank15                           bank15       00000
__Hbank16                           bank16       00000
__Hbank17                           bank17       00000
__Hbank18                           bank18       00000
__Hbank19                           bank19       00000
__Hbank2                            bank2        00000
__Hbank20                           bank20       00000
__Hbank21                           bank21       00000
__Hbank22                           bank22       00000
__Hbank23                           bank23       00000
__Hbank24                           bank24       00000
__Hbank25                           bank25       00000
__Hbank26                           bank26       00000
__Hbank27                           bank27       00000
__Hbank28                           bank28       00000
__Hbank29                           bank29       00000
__Hbank3                            bank3        00000
__Hbank30                           bank30       00000
__Hbank31                           bank31       00000
__Hbank4                            bank4        00000
__Hbank5                            bank5        00000
__Hbank6                            bank6        00000
__Hbank7                            bank7        00000
__Hbank8                            bank8        00000
__Hbank9                            bank9        00000
__Hbigram                           bigram       00000
__HbitbssCOMMON                     bitbssCOMMON 00000
__HbssBANK0                         bssBANK0     00000
__HbssBANK1                         bssBANK1     00000
__HbssCOMMON                        bssCOMMON    00000
__Hcinit                            cinit        00037
__Hclrtext                          clrtext      00000
__Hcode                             code         00000
__Hcommon                           common       00000
__Hconfig                           config       08009
__HcstackBANK0                      cstackBANK0  00000
__HcstackBANK1                      cstackBANK1  00000
__HcstackCOMMON                     cstackCOMMON 00000
__HdataBANK1                        dataBANK1    00000
__Heeprom_data                      eeprom_data  00000
__Hend_init                         end_init     00015
__Hfunctab                          functab      00000
__HidataBANK1                       idataBANK1   00000
__Hidloc                            idloc        00000
__Hinit                             init         00013
__Hinittext                         inittext     00000
__Hintentry                         intentry     00013
__Hmaintext                         maintext     00000
__HnvBANK0                          nvBANK0      00000
__HnvCOMMON                         nvCOMMON     00000
__Hpowerup                          powerup      00000
__Hram                              ram          00000
__Hreset_vec                        reset_vec    00002
__Hsfr0                             sfr0         00000
__Hsfr1                             sfr1         00000
__Hsfr10                            sfr10        00000
__Hsfr11                            sfr11        00000
__Hsfr12                            sfr12        00000
__Hsfr13                            sfr13        00000
__Hsfr14                            sfr14        00000
__Hsfr15                            sfr15        00000
__Hsfr16                            sfr16        00000
__Hsfr17                            sfr17        00000
__Hsfr18                            sfr18        00000
__Hsfr19                            sfr19        00000
__Hsfr2                             sfr2         00000
__Hsfr20                            sfr20        00000
__Hsfr21                            sfr21        00000
__Hsfr22                            sfr22        00000
__Hsfr23                            sfr23        00000
__Hsfr24                            sfr24        00000
__Hsfr25                            sfr25        00000
__Hsfr26                            sfr26        00000
__Hsfr27                            sfr27        00000
__Hsfr28                            sfr28        00000
__Hsfr29                            sfr29        00000
__Hsfr3                             sfr3         00000
__Hsfr30                            sfr30        00000
__Hsfr31                            sfr31        00000
__Hsfr4                             sfr4         00000
__Hsfr5                             sfr5         00000
__Hsfr6                             sfr6         00000
__Hsfr7                             sfr7         00000
__Hsfr8                             sfr8         00000
__Hsfr9                             sfr9         00000
__Hspace_0                          (abs)        08009
__Hspace_1                          (abs)        003B2
__Hspace_2                          (abs)        00000
__Hspace_3                          (abs)        00000
__Hstack                            stack        00000
__Hstrings                          strings      00000
__Hstringtext                       stringtext   00000
__Htext                             text         00000
__Labs1                             abs1         00000
__Lbank0                            bank0        00000
__Lbank1                            bank1        00000
__Lbank10                           bank10       00000
__Lbank11                           bank11       00000
__Lbank12                           bank12       00000
__Lbank13                           bank13       00000
__Lbank14                           bank14       00000
__Lbank15                           bank15       00000
__Lbank16                           bank16       00000
__Lbank17                           bank17       00000
__Lbank18                           bank18       00000
__Lbank19                           bank19       00000
__Lbank2                            bank2        00000
__Lbank20                           bank20       00000
__Lbank21                           bank21       00000
__Lbank22                           bank22       00000
__Lbank23                           bank23       00000
__Lbank24                           bank24       00000
__Lbank25                           bank25       00000
__Lbank26                           bank26       00000
__Lbank27                           bank27       00000
__Lbank28                           bank28       00000
__Lbank29                           bank29       00000
__Lbank3                            bank3        00000
__Lbank30                           bank30       00000
__Lbank31                           bank31       00000
__Lbank4                            bank4        00000
__Lbank5                            bank5        00000
__Lbank6                            bank6        00000
__Lbank7                            bank7        00000
__Lbank8                            bank8        00000
__Lbank9                            bank9        00000
__Lbigram                           bigram       00000
__LbitbssCOMMON                     bitbssCOMMON 00000
__LbssBANK0                         bssBANK0     00000
__LbssBANK1                         bssBANK1     00000
__LbssCOMMON                        bssCOMMON    00000
__Lcinit                            cinit        00015
__Lclrtext                          clrtext      00000
__Lcode                             code         00000
__Lcommon                           common       00000
__Lconfig                           config       08007
__LcstackBANK0                      cstackBANK0  00000
__LcstackBANK1                      cstackBANK1  00000
__LcstackCOMMON                     cstackCOMMON 00000
__LdataBANK1                        dataBANK1    00000
__Leeprom_data                      eeprom_data  00000
__Lend_init                         end_init     00013
__Lfunctab                          functab      00000
__LidataBANK1                       idataBANK1   00000
__Lidloc                            idloc        00000
__Linit                             init         00013
__Linittext                         inittext     00000
__Lintentry                         intentry     00004
__Lmaintext                         maintext     00000
__LnvBANK0                          nvBANK0      00000
__LnvCOMMON                         nvCOMMON     00000
__Lpowerup                          powerup      00000
__Lram                              ram          00000
__Lreset_vec                        reset_vec    00000
__Lsfr0                             sfr0         00000
__Lsfr1                             sfr1         00000
__Lsfr10                            sfr10        00000
__Lsfr11                            sfr11        00000
__Lsfr12                            sfr12        00000
__Lsfr13                            sfr13        00000
__Lsfr14                            sfr14        00000
__Lsfr15                            sfr15        00000
__Lsfr16                            sfr16        00000
__Lsfr17                            sfr17        00000
__Lsfr18                            sfr18        00000
__Lsfr19                            sfr19        00000
__Lsfr2                             sfr2         00000
__Lsfr20                            sfr20        00000
__Lsfr21                            sfr21        00000
__Lsfr22                            sfr22        00000
__Lsfr23                            sfr23        00000
__Lsfr24                            sfr24        00000
__Lsfr25                            sfr25        00000
__Lsfr26                            sfr26        00000
__Lsfr27                            sfr27        00000
__Lsfr28                            sfr28        00000
__Lsfr29                            sfr29        00000
__Lsfr3                             sfr3         00000
__Lsfr30                            sfr30        00000
__Lsfr31                            sfr31        00000
__Lsfr4                             sfr4         00000
__Lsfr5                             sfr5         00000
__Lsfr6                             sfr6         00000
__Lsfr7                             sfr7         00000
__Lsfr8                             sfr8         00000
__Lsfr9                             sfr9         00000
__Lspace_0                          (abs)        00000
__Lspace_1                          (abs)        00000
__Lspace_2                          (abs)        00000
__Lspace_3                          (abs)        00000
__Lstack                            stack        00000
__Lstrings                          strings      00000
__Lstringtext                       stringtext   00000
__Ltext                             text         00000
__S0                                (abs)        08009
__S1                                (abs)        000D0
__S2                                (abs)        00000
___int_sp                           stack        00000
___latbits                          (abs)        00003
___sp                               stack        00000
__end_of_CC2500_ClearRXFIFO         text37       006BB
__end_of_CC2500_ClearTXFIFO         text36       006B7
__end_of_CC2500_FrequencyCabr       text34       0067D
__end_of_CC2500_InitPATable         text32       00546
__end_of_CC2500_InitSetREG          text31       0047E
__end_of_CC2500_PowerOnInitial      text28       005E0
__end_of_CC2500_PowerRST            text30       003F7
__end_of_CC2500_ReadByte            text20       005CB
__end_of_CC2500_ReadStatus          text19       00507
__end_of_CC2500_RxData              text18       002C4
__end_of_CC2500_SIDLEMode           text29       006B3
__end_of_CC2500_TxData              text17       0031E
__end_of_CC2500_WriteByte           text41       0060A
__end_of_CC2500_WriteCommand        text38       005B4
__end_of_CC2500_WriteREG            text33       00527
__end_of_CC2500_patable_vaule       stringtext   00266
__end_of_CC2500_registers_address   stringtext   0022F
__end_of_CC2500_rfSettings          stringtext   0025E
__end_of_DelayTime_1us              text35       004A4
__end_of_Fosc_Set                   text27       006AF
__end_of_IO_Set                     text26       00631
__end_of_ISR                        intentry     00013
__end_of_Mcu_Initialization         text23       00666
__end_of_RF_Initialization          text21       006C7
__end_of_RF_Main                    text9        006C1
__end_of_RF_RxDisable               text16       00640
__end_of_TMR1_ISR                   text45       00565
__end_of_TMR1_Set                   text25       00672
__end_of_Timeout_Counter            text40       005F5
__end_of_UART_ISR                   text43       00426
__end_of_UART_Main                  text5        0065A
__end_of_UART_Receive               text8        00454
__end_of_UART_Set                   text24       0061E
__end_of_UART_Transmit              text6        00581
__end_of__initialization            cinit        00033
__end_of_getMain_All_Error_Status   text15       006C4
__end_of_getRxData                  text11       00179
__end_of_getch                      text44       006A1
__end_of_main                       maintext     004C7
__end_of_myMain_Initialization      text4        0064D
__end_of_myUARTtoRF_Initialization  text3        006A6
__end_of_myUARTtoRF_Main            text2        006BE
__end_of_my_MainTimer               text1        00372
__end_of_putch                      text7        0068F
__end_of_setControl_Lights_Table    text13       003B6
__end_of_setLog_Code                text12       0059C
__end_of_setRF_Initialization       text22       00687
__end_of_setRF_Main                 text10       000FA
__end_of_setTxData                  text14       001EA
__end_of_set_TimeoutCleared         text39       006AB
__initialization                    cinit        00015
__pbitbssCOMMON                     bitbssCOMMON 003B0
__pbssBANK0                         bssBANK0     00020
__pbssBANK1                         bssBANK1     000C0
__pbssCOMMON                        bssCOMMON    00077
__pcstackBANK0                      cstackBANK0  00064
__pcstackBANK1                      cstackBANK1  000CC
__pcstackCOMMON                     cstackCOMMON 00070
__pdataBANK1                        dataBANK1    000A0
__pidataBANK1                       idataBANK1   004C7
__pintentry                         intentry     00004
__pmaintext                         maintext     004A4
__pnvBANK0                          nvBANK0      0006C
__pnvCOMMON                         nvCOMMON     00079
__product                           dataBANK1    000A0
__pstringtext                       stringtext   00200
__ptext1                            text1        0031E
__ptext10                           text10       00037
__ptext11                           text11       000FA
__ptext12                           text12       00581
__ptext13                           text13       00372
__ptext14                           text14       00179
__ptext15                           text15       006C1
__ptext16                           text16       00631
__ptext17                           text17       002C4
__ptext18                           text18       00266
__ptext19                           text19       004E7
__ptext2                            text2        006BB
__ptext20                           text20       005B4
__ptext21                           text21       006C4
__ptext22                           text22       0067D
__ptext23                           text23       0065A
__ptext24                           text24       0060A
__ptext25                           text25       00666
__ptext26                           text26       0061E
__ptext27                           text27       006AB
__ptext28                           text28       005CB
__ptext29                           text29       006AF
__ptext3                            text3        006A1
__ptext30                           text30       003B6
__ptext31                           text31       00454
__ptext32                           text32       00527
__ptext33                           text33       00507
__ptext34                           text34       00672
__ptext35                           text35       0047E
__ptext36                           text36       006B3
__ptext37                           text37       006B7
__ptext38                           text38       0059C
__ptext39                           text39       006A6
__ptext4                            text4        00640
__ptext40                           text40       005E0
__ptext41                           text41       005F5
__ptext43                           text43       003F7
__ptext44                           text44       0069B
__ptext45                           text45       00546
__ptext5                            text5        0064D
__ptext6                            text6        00565
__ptext7                            text7        00687
__ptext8                            text8        00426
__ptext9                            text9        006BE
__size_of_CC2500_ClearRXFIFO        (abs)        00000
__size_of_CC2500_ClearTXFIFO        (abs)        00000
__size_of_CC2500_FrequencyCabr      (abs)        00000
__size_of_CC2500_InitPATable        (abs)        00000
__size_of_CC2500_InitSetREG         (abs)        00000
__size_of_CC2500_PowerOnInitial     (abs)        00000
__size_of_CC2500_PowerRST           (abs)        00000
__size_of_CC2500_ReadByte           (abs)        00000
__size_of_CC2500_ReadStatus         (abs)        00000
__size_of_CC2500_RxData             (abs)        00000
__size_of_CC2500_SIDLEMode          (abs)        00000
__size_of_CC2500_TxData             (abs)        00000
__size_of_CC2500_WriteByte          (abs)        00000
__size_of_CC2500_WriteCommand       (abs)        00000
__size_of_CC2500_WriteREG           (abs)        00000
__size_of_DelayTime_1us             (abs)        00000
__size_of_Fosc_Set                  (abs)        00000
__size_of_IO_Set                    (abs)        00000
__size_of_ISR                       (abs)        00000
__size_of_Mcu_Initialization        (abs)        00000
__size_of_RF_Initialization         (abs)        00000
__size_of_RF_Main                   (abs)        00000
__size_of_RF_RxDisable              (abs)        00000
__size_of_TMR1_ISR                  (abs)        00000
__size_of_TMR1_Set                  (abs)        00000
__size_of_Timeout_Counter           (abs)        00000
__size_of_UART_ISR                  (abs)        00000
__size_of_UART_Main                 (abs)        00000
__size_of_UART_Receive              (abs)        00000
__size_of_UART_Set                  (abs)        00000
__size_of_UART_Transmit             (abs)        00000
__size_of_getMain_All_Error_Status  (abs)        00000
__size_of_getRxData                 (abs)        00000
__size_of_getch                     (abs)        00000
__size_of_main                      (abs)        00000
__size_of_myMain_Initialization     (abs)        00000
__size_of_myUARTtoRF_Initialization (abs)        00000
__size_of_myUARTtoRF_Main           (abs)        00000
__size_of_my_MainTimer              (abs)        00000
__size_of_putch                     (abs)        00000
__size_of_setControl_Lights_Table   (abs)        00000
__size_of_setLog_Code               (abs)        00000
__size_of_setRF_Initialization      (abs)        00000
__size_of_setRF_Main                (abs)        00000
__size_of_setTxData                 (abs)        00000
__size_of_set_TimeoutCleared        (abs)        00000
_getMain_All_Error_Status           text15       006C1
_getRxData                          text11       000FA
_getch                              text44       0069B
_main                               maintext     004A4
_myMain                             bssBANK0     0003E
_myMain_Initialization              text4        00640
_myUARTtoRF_Initialization          text3        006A1
_myUARTtoRF_Main                    text2        006BB
_my_MainTimer                       text1        0031E
_product                            nvCOMMON     00079
_putch                              text7        00687
_r_address                          bssBANK0     00062
_r_data                             bssBANK0     00063
_s_data                             bssCOMMON    00078
_setControl_Lights_Table            text13       00372
_setLog_Code                        text12       00581
_setRF_Initialization               text22       0067D
_setRF_Main                         text10       00037
_setTxData                          text14       00179
_set_TimeoutCleared                 text39       006A6
btemp                               (abs)        0007E
clear_ram0                          clrtext      0068F
end_of_initialization               cinit        00033
getMain_All_Error_Status@status     cstackCOMMON 00074
getRxData@error                     cstackBANK0  00064
init_ram                            inittext     00695
intlevel0                           functab      00000
intlevel1                           functab      00000
intlevel2                           functab      00000
intlevel3                           functab      00000
intlevel4                           functab      00000
intlevel5                           functab      00000
ltemp                               (abs)        0007E
ltemp0                              (abs)        0007E
ltemp1                              (abs)        00082
ltemp2                              (abs)        00086
ltemp3                              (abs)        00080
pic14e$flags                        (abs)        0007E
putch@byte                          cstackCOMMON 00074
reset_vec                           reset_vec    00000
setRF_Main@Receive_OK               cstackBANK0  0006A
setRF_Main@error                    cstackBANK0  0006B
setRF_Main@loop_f                   cstackBANK0  00069
stackhi                             (abs)        0231F
stacklo                             (abs)        02080
start                               init         00013
start_initialization                cinit        00015
ttemp                               (abs)        0007E
ttemp0                              (abs)        0007E
ttemp1                              (abs)        00081
ttemp2                              (abs)        00084
ttemp3                              (abs)        00087
ttemp4                              (abs)        0007F
wtemp                               (abs)        0007E
wtemp0                              (abs)        0007E
wtemp1                              (abs)        00080
wtemp2                              (abs)        00082
wtemp3                              (abs)        00084
wtemp4                              (abs)        00086
wtemp5                              (abs)        00088
wtemp6                              (abs)        0007F


FUNCTION INFORMATION:

 *************** function _main *****************
 Defined at:
		line 7 in file "../src/Main_B1.c"
 Parameters:    Size  Location     Type
  argc            2    0[BANK1 ] int 
  argv            2    2[BANK1 ] PTR PTR unsigned char 
 Auto vars:     Size  Location     Type
		None
 Return value:  Size  Location     Type
                  2    0[BANK1 ] int 
 Registers used:
		wreg, fsr0l, fsr0h, fsr1l, fsr1h, status,2, status,0, pclath, cstack
 Tracked objects:
		On entry : 
		On exit  : 
		Unchanged: 
 Data sizes:     COMMON   BANK0   BANK1   BANK2   BANK3   BANK4   BANK5   BANK6   BANK7   BANK8   BANK9  BANK10  BANK11  BANK12
      Params:         0       0       4       0       0       0       0       0       0       0       0       0       0       0
      Locals:         0       0       0       0       0       0       0       0       0       0       0       0       0       0
      Temps:          0       0       0       0       0       0       0       0       0       0       0       0       0       0
      Totals:         0       0       4       0       0       0       0       0       0       0       0       0       0       0
Total ram usage:        4 bytes
 Hardware stack levels required when called:    8
 This function calls:
		_CC2500_PowerOnInitial
		_Mcu_Initialization
		_RF_Initialization
		_RF_Main
		_UART_Main
		_myMain_Initialization
		_myUARTtoRF_Initialization
		_myUARTtoRF_Main
		_my_MainTimer
 This function is called by:
		Startup code after reset
 This function uses a non-reentrant model


 *************** function _my_MainTimer *****************
 Defined at:
		line 181 in file "../src/Main_B1.c"
 Parameters:    Size  Location     Type
		None
 Auto vars:     Size  Location     Type
		None
 Return value:  Size  Location     Type
		None               void
 Registers used:
		wreg, fsr1l, fsr1h, status,2, status,0
 Tracked objects:
		On entry : 
		On exit  : 
		Unchanged: 
 Data sizes:     COMMON   BANK0   BANK1   BANK2   BANK3   BANK4   BANK5   BANK6   BANK7   BANK8   BANK9  BANK10  BANK11  BANK12
      Params:         0       0       0       0       0       0       0       0       0       0       0       0       0       0
      Locals:         0       0       0       0       0       0       0       0       0       0       0       0       0       0
      Temps:          0       0       0       0       0       0       0       0       0       0       0       0       0       0
      Totals:         0       0       0       0       0       0       0       0       0       0       0       0       0       0
Total ram usage:        0 bytes
 Hardware stack levels used:    1
 Hardware stack levels required when called:    3
 This function calls:
		Nothing
 This function is called by:
		_main
 This function uses a non-reentrant model


 *************** function _myUARTtoRF_Main *****************
 Defined at:
		line 14 in file "../src/myUARTtoRF.c"
 Parameters:    Size  Location     Type
		None
 Auto vars:     Size  Location     Type
		None
 Return value:  Size  Location     Type
		None               void
 Registers used:
		wreg, fsr1l, fsr1h, status,2, status,0, pclath, cstack
 Tracked objects:
		On entry : 
		On exit  : 
		Unchanged: 
 Data sizes:     COMMON   BANK0   BANK1   BANK2   BANK3   BANK4   BANK5   BANK6   BANK7   BANK8   BANK9  BANK10  BANK11  BANK12
      Params:         0       0       0       0       0       0       0       0       0       0       0       0       0       0
      Locals:         0       0       0       0       0       0       0       0       0       0       0       0       0       0
      Temps:          0       0       0       0       0       0       0       0       0       0       0       0       0       0
      Totals:         0       0       0       0       0       0       0       0       0       0       0       0       0       0
Total ram usage:        0 bytes
 Hardware stack levels used:    1
 Hardware stack levels required when called:    4
 This function calls:
		_setTxData
 This function is called by:
		_main
 This function uses a non-reentrant model


 *************** function _myUARTtoRF_Initialization *****************
 Defined at:
		line 7 in file "../src/myUARTtoRF.c"
 Parameters:    Size  Location     Type
		None
 Auto vars:     Size  Location     Type
		None
 Return value:  Size  Location     Type
		None               void
 Registers used:
		None
 Tracked objects:
		On entry : 
		On exit  : 
		Unchanged: 
 Data sizes:     COMMON   BANK0   BANK1   BANK2   BANK3   BANK4   BANK5   BANK6   BANK7   BANK8   BANK9  BANK10  BANK11  BANK12
      Params:         0       0       0       0       0       0       0       0       0       0       0       0       0       0
      Locals:         0       0       0       0       0       0       0       0       0       0       0       0       0       0
      Temps:          0       0       0       0       0       0       0       0       0       0       0       0       0       0
      Totals:         0       0       0       0       0       0       0       0       0       0       0       0       0       0
Total ram usage:        0 bytes
 Hardware stack levels used:    1
 Hardware stack levels required when called:    3
 This function calls:
		Nothing
 This function is called by:
		_main
 This function uses a non-reentrant model


 *************** function _myMain_Initialization *****************
 Defined at:
		line 168 in file "../src/Main_B1.c"
 Parameters:    Size  Location     Type
		None
 Auto vars:     Size  Location     Type
		None
 Return value:  Size  Location     Type
		None               void
 Registers used:
		wreg, fsr1l, fsr1h
 Tracked objects:
		On entry : 
		On exit  : 
		Unchanged: 
 Data sizes:     COMMON   BANK0   BANK1   BANK2   BANK3   BANK4   BANK5   BANK6   BANK7   BANK8   BANK9  BANK10  BANK11  BANK12
      Params:         0       0       0       0       0       0       0       0       0       0       0       0       0       0
      Locals:         0       0       0       0       0       0       0       0       0       0       0       0       0       0
      Temps:          1       0       0       0       0       0       0       0       0       0       0       0       0       0
      Totals:         1       0       0       0       0       0       0       0       0       0       0       0       0       0
Total ram usage:        1 bytes
 Hardware stack levels used:    1
 Hardware stack levels required when called:    3
 This function calls:
		Nothing
 This function is called by:
		_main
 This function uses a non-reentrant model


 *************** function _UART_Main *****************
 Defined at:
		line 756 in file "../src/MCU_B1.c"
 Parameters:    Size  Location     Type
		None
 Auto vars:     Size  Location     Type
		None
 Return value:  Size  Location     Type
		None               void
 Registers used:
		wreg, fsr1l, fsr1h, status,2, status,0, pclath, cstack
 Tracked objects:
		On entry : 
		On exit  : 
		Unchanged: 
 Data sizes:     COMMON   BANK0   BANK1   BANK2   BANK3   BANK4   BANK5   BANK6   BANK7   BANK8   BANK9  BANK10  BANK11  BANK12
      Params:         0       0       0       0       0       0       0       0       0       0       0       0       0       0
      Locals:         0       0       0       0       0       0       0       0       0       0       0       0       0       0
      Temps:          0       0       0       0       0       0       0       0       0       0       0       0       0       0
      Totals:         0       0       0       0       0       0       0       0       0       0       0       0       0       0
Total ram usage:        0 bytes
 Hardware stack levels used:    1
 Hardware stack levels required when called:    5
 This function calls:
		_UART_Receive
		_UART_Transmit
 This function is called by:
		_main
 This function uses a non-reentrant model


 *************** function _UART_Transmit *****************
 Defined at:
		line 771 in file "../src/MCU_B1.c"
 Parameters:    Size  Location     Type
		None
 Auto vars:     Size  Location     Type
  i               2    0[BANK0 ] int 
 Return value:  Size  Location     Type
		None               void
 Registers used:
		wreg, fsr1l, fsr1h, status,2, status,0, pclath, cstack
 Tracked objects:
		On entry : 
		On exit  : 
		Unchanged: 
 Data sizes:     COMMON   BANK0   BANK1   BANK2   BANK3   BANK4   BANK5   BANK6   BANK7   BANK8   BANK9  BANK10  BANK11  BANK12
      Params:         0       0       0       0       0       0       0       0       0       0       0       0       0       0
      Locals:         0       2       0       0       0       0       0       0       0       0       0       0       0       0
      Temps:          1       0       0       0       0       0       0       0       0       0       0       0       0       0
      Totals:         1       2       0       0       0       0       0       0       0       0       0       0       0       0
Total ram usage:        3 bytes
 Hardware stack levels used:    1
 Hardware stack levels required when called:    4
 This function calls:
		_putch
 This function is called by:
		_UART_Main
 This function uses a non-reentrant model


 *************** function _putch *****************
 Defined at:
		line 845 in file "../src/MCU_B1.c"
 Parameters:    Size  Location     Type
  byte            1    wreg     unsigned char 
 Auto vars:     Size  Location     Type
  byte            1    4[COMMON] unsigned char 
 Return value:  Size  Location     Type
		None               void
 Registers used:
		wreg
 Tracked objects:
		On entry : 
		On exit  : 
		Unchanged: 
 Data sizes:     COMMON   BANK0   BANK1   BANK2   BANK3   BANK4   BANK5   BANK6   BANK7   BANK8   BANK9  BANK10  BANK11  BANK12
      Params:         0       0       0       0       0       0       0       0       0       0       0       0       0       0
      Locals:         1       0       0       0       0       0       0       0       0       0       0       0       0       0
      Temps:          0       0       0       0       0       0       0       0       0       0       0       0       0       0
      Totals:         1       0       0       0       0       0       0       0       0       0       0       0       0       0
Total ram usage:        1 bytes
 Hardware stack levels used:    1
 Hardware stack levels required when called:    3
 This function calls:
		Nothing
 This function is called by:
		_UART_Transmit
		_getche
 This function uses a non-reentrant model


 *************** function _UART_Receive *****************
 Defined at:
		line 790 in file "../src/MCU_B1.c"
 Parameters:    Size  Location     Type
		None
 Auto vars:     Size  Location     Type
		None
 Return value:  Size  Location     Type
		None               void
 Registers used:
		wreg, fsr1l, fsr1h, status,2, status,0, pclath, cstack
 Tracked objects:
		On entry : 
		On exit  : 
		Unchanged: 
 Data sizes:     COMMON   BANK0   BANK1   BANK2   BANK3   BANK4   BANK5   BANK6   BANK7   BANK8   BANK9  BANK10  BANK11  BANK12
      Params:         0       0       0       0       0       0       0       0       0       0       0       0       0       0
      Locals:         0       0       0       0       0       0       0       0       0       0       0       0       0       0
      Temps:          1       0       0       0       0       0       0       0       0       0       0       0       0       0
      Totals:         1       0       0       0       0       0       0       0       0       0       0       0       0       0
Total ram usage:        1 bytes
 Hardware stack levels used:    1
 Hardware stack levels required when called:    4
 This function calls:
		_setTxData
 This function is called by:
		_UART_Main
 This function uses a non-reentrant model


 *************** function _RF_Main *****************
 Defined at:
		line 16 in file "../src/RF_Control_B1.c"
 Parameters:    Size  Location     Type
		None
 Auto vars:     Size  Location     Type
		None
 Return value:  Size  Location     Type
		None               void
 Registers used:
		wreg, fsr0l, fsr0h, fsr1l, fsr1h, status,2, status,0, pclath, cstack
 Tracked objects:
		On entry : 
		On exit  : 
		Unchanged: 
 Data sizes:     COMMON   BANK0   BANK1   BANK2   BANK3   BANK4   BANK5   BANK6   BANK7   BANK8   BANK9  BANK10  BANK11  BANK12
      Params:         0       0       0       0       0       0       0       0       0       0       0       0       0       0
      Locals:         0       0       0       0       0       0       0       0       0       0       0       0       0       0
      Temps:          0       0       0       0       0       0       0       0       0       0       0       0       0       0
      Totals:         0       0       0       0       0       0       0       0       0       0       0       0       0       0
Total ram usage:        0 bytes
 Hardware stack levels used:    1
 Hardware stack levels required when called:    7
 This function calls:
		_setRF_Main
 This function is called by:
		_main
 This function uses a non-reentrant model


 *************** function _setRF_Main *****************
 Defined at:
		line 52 in file "../src/RF_Control_B1.c"
 Parameters:    Size  Location     Type
		None
 Auto vars:     Size  Location     Type
  error           1    7[BANK0 ] unsigned char 
  Receive_OK      1    6[BANK0 ] unsigned char 
  loop_f          1    5[BANK0 ] unsigned char 
 Return value:  Size  Location     Type
		None               void
 Registers used:
		wreg, fsr0l, fsr0h, fsr1l, fsr1h, status,2, status,0, pclath, cstack
 Tracked objects:
		On entry : 
		On exit  : 
		Unchanged: 
 Data sizes:     COMMON   BANK0   BANK1   BANK2   BANK3   BANK4   BANK5   BANK6   BANK7   BANK8   BANK9  BANK10  BANK11  BANK12
      Params:         0       0       0       0       0       0       0       0       0       0       0       0       0       0
      Locals:         0       3       0       0       0       0       0       0       0       0       0       0       0       0
      Temps:          0       1       0       0       0       0       0       0       0       0       0       0       0       0
      Totals:         0       4       0       0       0       0       0       0       0       0       0       0       0       0
Total ram usage:        4 bytes
 Hardware stack levels used:    1
 Hardware stack levels required when called:    6
 This function calls:
		_CC2500_RxData
		_CC2500_TxData
		_CC2500_WriteCommand
		_RF_RxDisable
		_getMain_All_Error_Status
		_getRxData
 This function is called by:
		_RF_Main
 This function uses a non-reentrant model


 *************** function _getRxData *****************
 Defined at:
		line 277 in file "../src/RF_Control_B1.c"
 Parameters:    Size  Location     Type
		None
 Auto vars:     Size  Location     Type
  error           1    0[BANK0 ] unsigned char 
 Return value:  Size  Location     Type
		None               void
 Registers used:
		wreg, fsr0l, fsr0h, fsr1l, fsr1h, status,2, status,0, pclath, cstack
 Tracked objects:
		On entry : 
		On exit  : 
		Unchanged: 
 Data sizes:     COMMON   BANK0   BANK1   BANK2   BANK3   BANK4   BANK5   BANK6   BANK7   BANK8   BANK9  BANK10  BANK11  BANK12
      Params:         0       0       0       0       0       0       0       0       0       0       0       0       0       0
      Locals:         0       1       0       0       0       0       0       0       0       0       0       0       0       0
      Temps:          1       0       0       0       0       0       0       0       0       0       0       0       0       0
      Totals:         1       1       0       0       0       0       0       0       0       0       0       0       0       0
Total ram usage:        2 bytes
 Hardware stack levels used:    1
 Hardware stack levels required when called:    5
 This function calls:
		_getMain_All_Error_Status
		_setControl_Lights_Table
		_setLog_Code
		_setTxData
 This function is called by:
		_setRF_Main
 This function uses a non-reentrant model


 *************** function _setLog_Code *****************
 Defined at:
		line 330 in file "../src/RF_Control_B1.c"
 Parameters:    Size  Location     Type
		None
 Auto vars:     Size  Location     Type
		None
 Return value:  Size  Location     Type
		None               void
 Registers used:
		wreg, fsr1l, fsr1h
 Tracked objects:
		On entry : 
		On exit  : 
		Unchanged: 
 Data sizes:     COMMON   BANK0   BANK1   BANK2   BANK3   BANK4   BANK5   BANK6   BANK7   BANK8   BANK9  BANK10  BANK11  BANK12
      Params:         0       0       0       0       0       0       0       0       0       0       0       0       0       0
      Locals:         0       0       0       0       0       0       0       0       0       0       0       0       0       0
      Temps:          1       0       0       0       0       0       0       0       0       0       0       0       0       0
      Totals:         1       0       0       0       0       0       0       0       0       0       0       0       0       0
Total ram usage:        1 bytes
 Hardware stack levels used:    1
 Hardware stack levels required when called:    3
 This function calls:
		Nothing
 This function is called by:
		_getRxData
 This function uses a non-reentrant model


 *************** function _setControl_Lights_Table *****************
 Defined at:
		line 343 in file "../src/RF_Control_B1.c"
 Parameters:    Size  Location     Type
		None
 Auto vars:     Size  Location     Type
		None
 Return value:  Size  Location     Type
		None               void
 Registers used:
		wreg, fsr0l, fsr0h, fsr1l, fsr1h, status,2, status,0, pclath, cstack
 Tracked objects:
		On entry : 
		On exit  : 
		Unchanged: 
 Data sizes:     COMMON   BANK0   BANK1   BANK2   BANK3   BANK4   BANK5   BANK6   BANK7   BANK8   BANK9  BANK10  BANK11  BANK12
      Params:         0       0       0       0       0       0       0       0       0       0       0       0       0       0
      Locals:         0       0       0       0       0       0       0       0       0       0       0       0       0       0
      Temps:          0       0       0       0       0       0       0       0       0       0       0       0       0       0
      Totals:         0       0       0       0       0       0       0       0       0       0       0       0       0       0
Total ram usage:        0 bytes
 Hardware stack levels used:    1
 Hardware stack levels required when called:    4
 This function calls:
		_setTxData
 This function is called by:
		_getRxData
 This function uses a non-reentrant model


 *************** function _setTxData *****************
 Defined at:
		line 210 in file "../src/RF_Control_B1.c"
 Parameters:    Size  Location     Type
		None
 Auto vars:     Size  Location     Type
  i               1    0        unsigned char 
 Return value:  Size  Location     Type
		None               void
 Registers used:
		wreg, fsr1l, fsr1h
 Tracked objects:
		On entry : 
		On exit  : 
		Unchanged: 
 Data sizes:     COMMON   BANK0   BANK1   BANK2   BANK3   BANK4   BANK5   BANK6   BANK7   BANK8   BANK9  BANK10  BANK11  BANK12
      Params:         0       0       0       0       0       0       0       0       0       0       0       0       0       0
      Locals:         0       0       0       0       0       0       0       0       0       0       0       0       0       0
      Temps:          1       0       0       0       0       0       0       0       0       0       0       0       0       0
      Totals:         1       0       0       0       0       0       0       0       0       0       0       0       0       0
Total ram usage:        1 bytes
 Hardware stack levels used:    1
 Hardware stack levels required when called:    3
 This function calls:
		Nothing
 This function is called by:
		_UART_Receive
		_getRxData
		_setControl_Lights_Table
		_myUARTtoRF_Main
		_setRFSW_Control
		_setRFSW_AdjControl
 This function uses a non-reentrant model


 *************** function _getMain_All_Error_Status *****************
 Defined at:
		line 376 in file "../src/Main_B1.c"
 Parameters:    Size  Location     Type
  command         1    wreg     unsigned char 
 Auto vars:     Size  Location     Type
  command         1    0[COMMON] unsigned char 
  status          1    4[COMMON] unsigned char 
 Return value:  Size  Location     Type
                  1    wreg      unsigned char 
 Registers used:
		wreg, status,2
 Tracked objects:
		On entry : 
		On exit  : 
		Unchanged: 
 Data sizes:     COMMON   BANK0   BANK1   BANK2   BANK3   BANK4   BANK5   BANK6   BANK7   BANK8   BANK9  BANK10  BANK11  BANK12
      Params:         0       0       0       0       0       0       0       0       0       0       0       0       0       0
      Locals:         1       0       0       0       0       0       0       0       0       0       0       0       0       0
      Temps:          0       0       0       0       0       0       0       0       0       0       0       0       0       0
      Totals:         1       0       0       0       0       0       0       0       0       0       0       0       0       0
Total ram usage:        1 bytes
 Hardware stack levels used:    1
 Hardware stack levels required when called:    3
 This function calls:
		Nothing
 This function is called by:
		_setRF_Main
		_getRxData
 This function uses a non-reentrant model


 *************** function _RF_RxDisable *****************
 Defined at:
		line 264 in file "../src/RF_Control_B1.c"
 Parameters:    Size  Location     Type
		None
 Auto vars:     Size  Location     Type
		None
 Return value:  Size  Location     Type
		None               void
 Registers used:
		wreg, fsr1l, fsr1h, status,2, status,0, pclath, cstack
 Tracked objects:
		On entry : 
		On exit  : 
		Unchanged: 
 Data sizes:     COMMON   BANK0   BANK1   BANK2   BANK3   BANK4   BANK5   BANK6   BANK7   BANK8   BANK9  BANK10  BANK11  BANK12
      Params:         0       0       0       0       0       0       0       0       0       0       0       0       0       0
      Locals:         0       0       0       0       0       0       0       0       0       0       0       0       0       0
      Temps:          0       0       0       0       0       0       0       0       0       0       0       0       0       0
      Totals:         0       0       0       0       0       0       0       0       0       0       0       0       0       0
Total ram usage:        0 bytes
 Hardware stack levels used:    1
 Hardware stack levels required when called:    5
 This function calls:
		_CC2500_WriteCommand
 This function is called by:
		_setRF_Main
 This function uses a non-reentrant model


 *************** function _CC2500_TxData *****************
 Defined at:
		line 32 in file "../src/CC2500_B1.c"
 Parameters:    Size  Location     Type
		None
 Auto vars:     Size  Location     Type
  loop_e          1    3[BANK0 ] unsigned char 
 Return value:  Size  Location     Type
		None               void
 Registers used:
		wreg, fsr1l, fsr1h, status,2, status,0, pclath, cstack
 Tracked objects:
		On entry : 
		On exit  : 
		Unchanged: 
 Data sizes:     COMMON   BANK0   BANK1   BANK2   BANK3   BANK4   BANK5   BANK6   BANK7   BANK8   BANK9  BANK10  BANK11  BANK12
      Params:         0       0       0       0       0       0       0       0       0       0       0       0       0       0
      Locals:         0       1       0       0       0       0       0       0       0       0       0       0       0       0
      Temps:          0       1       0       0       0       0       0       0       0       0       0       0       0       0
      Totals:         0       2       0       0       0       0       0       0       0       0       0       0       0       0
Total ram usage:        2 bytes
 Hardware stack levels used:    1
 Hardware stack levels required when called:    5
 This function calls:
		_CC2500_WriteByte
		_CC2500_WriteCommand
		_Timeout_Counter
		_set_TimeoutCleared
 This function is called by:
		_setRF_Main
 This function uses a non-reentrant model


 *************** function _CC2500_RxData *****************
 Defined at:
		line 70 in file "../src/CC2500_B1.c"
 Parameters:    Size  Location     Type
		None
 Auto vars:     Size  Location     Type
  loop_f          1    3[BANK0 ] unsigned char 
 Return value:  Size  Location     Type
		None               void
 Registers used:
		wreg, fsr1l, fsr1h, status,2, status,0, pclath, cstack
 Tracked objects:
		On entry : 
		On exit  : 
		Unchanged: 
 Data sizes:     COMMON   BANK0   BANK1   BANK2   BANK3   BANK4   BANK5   BANK6   BANK7   BANK8   BANK9  BANK10  BANK11  BANK12
      Params:         0       0       0       0       0       0       0       0       0       0       0       0       0       0
      Locals:         0       1       0       0       0       0       0       0       0       0       0       0       0       0
      Temps:          0       1       0       0       0       0       0       0       0       0       0       0       0       0
      Totals:         0       2       0       0       0       0       0       0       0       0       0       0       0       0
Total ram usage:        2 bytes
 Hardware stack levels used:    1
 Hardware stack levels required when called:    5
 This function calls:
		_CC2500_ReadByte
		_CC2500_ReadStatus
		_CC2500_WriteByte
		_Timeout_Counter
		_set_TimeoutCleared
 This function is called by:
		_setRF_Main
 This function uses a non-reentrant model


 *************** function _CC2500_ReadStatus *****************
 Defined at:
		line 301 in file "../src/CC2500_B1.c"
 Parameters:    Size  Location     Type
  status_addr     1    wreg     unsigned char 
 Auto vars:     Size  Location     Type
  status_addr     1    1[BANK0 ] unsigned char 
 Return value:  Size  Location     Type
		None               void
 Registers used:
		wreg, fsr1l, fsr1h, status,2, status,0, pclath, cstack
 Tracked objects:
		On entry : 
		On exit  : 
		Unchanged: 
 Data sizes:     COMMON   BANK0   BANK1   BANK2   BANK3   BANK4   BANK5   BANK6   BANK7   BANK8   BANK9  BANK10  BANK11  BANK12
      Params:         0       0       0       0       0       0       0       0       0       0       0       0       0       0
      Locals:         0       1       0       0       0       0       0       0       0       0       0       0       0       0
      Temps:          0       1       0       0       0       0       0       0       0       0       0       0       0       0
      Totals:         0       2       0       0       0       0       0       0       0       0       0       0       0       0
Total ram usage:        2 bytes
 Hardware stack levels used:    1
 Hardware stack levels required when called:    4
 This function calls:
		_CC2500_ReadByte
		_CC2500_WriteByte
		_Timeout_Counter
		_set_TimeoutCleared
 This function is called by:
		_CC2500_RxData
 This function uses a non-reentrant model


 *************** function _CC2500_ReadByte *****************
 Defined at:
		line 235 in file "../src/CC2500_B1.c"
 Parameters:    Size  Location     Type
		None
 Auto vars:     Size  Location     Type
  loop_b          1    5[COMMON] unsigned char 
 Return value:  Size  Location     Type
		None               void
 Registers used:
		wreg, status,2, status,0
 Tracked objects:
		On entry : 
		On exit  : 
		Unchanged: 
 Data sizes:     COMMON   BANK0   BANK1   BANK2   BANK3   BANK4   BANK5   BANK6   BANK7   BANK8   BANK9  BANK10  BANK11  BANK12
      Params:         0       0       0       0       0       0       0       0       0       0       0       0       0       0
      Locals:         1       0       0       0       0       0       0       0       0       0       0       0       0       0
      Temps:          1       0       0       0       0       0       0       0       0       0       0       0       0       0
      Totals:         2       0       0       0       0       0       0       0       0       0       0       0       0       0
Total ram usage:        2 bytes
 Hardware stack levels used:    1
 Hardware stack levels required when called:    3
 This function calls:
		Nothing
[...]
 Return value:  Size  Location     Type
		None               void
 Registers used:
		wreg, fsr1l, fsr1h, status,2, status,0, pclath, cstack
 Tracked objects:
		On entry : 
		On exit  : 
		Unchanged: 
 Data sizes:     COMMON   BANK0   BANK1   BANK2   BANK3   BANK4   BANK5   BANK6   BANK7   BANK8   BANK9  BANK10  BANK11  BANK12
      Params:         0       1       0       0       0       0       0       0       0       0       0       0       0       0
      Locals:         0       1       0       0       0       0       0       0       0       0       0       0       0       0
      Temps:          0       1       0       0       0       0       0       0       0       0       0       0       0       0
      Totals:         0       3       0       0       0       0       0       0       0       0       0       0       0       0
Total ram usage:        3 bytes
 Hardware stack levels used:    1
 Hardware stack levels required when called:    4
 This function calls:
		_CC2500_WriteByte
		_Timeout_Counter
		_set_TimeoutCleared
 This function is called by:
		_CC2500_InitSetREG
		_CC2500_InitPATable
 This function uses a non-reentrant model


 *************** function _CC2500_FrequencyCabr *****************
 Defined at:
		line 201 in file "../src/CC2500_B1.c"
 Parameters:    Size  Location     Type
		None
 Auto vars:     Size  Location     Type
		None
 Return value:  Size  Location     Type
		None               void
 Registers used:
		wreg, fsr1l, fsr1h, status,2, status,0, pclath, cstack
 Tracked objects:
		On entry : 
		On exit  : 
		Unchanged: 
 Data sizes:     COMMON   BANK0   BANK1   BANK2   BANK3   BANK4   BANK5   BANK6   BANK7   BANK8   BANK9  BANK10  BANK11  BANK12
      Params:         0       0       0       0       0       0       0       0       0       0       0       0       0       0
      Locals:         0       0       0       0       0       0       0       0       0       0       0       0       0       0
      Temps:          0       0       0       0       0       0       0       0       0       0       0       0       0       0
      Totals:         0       0       0       0       0       0       0       0       0       0       0       0       0       0
Total ram usage:        0 bytes
 Hardware stack levels used:    1
 Hardware stack levels required when called:    5
 This function calls:
		_CC2500_WriteCommand
		_DelayTime_1us
 This function is called by:
		_CC2500_PowerOnInitial
 This function uses a non-reentrant model


 *************** function _DelayTime_1us *****************
 Defined at:
		line 320 in file "../src/CC2500_B1.c"
 Parameters:    Size  Location     Type
  count           2    4[COMMON] int 
 Auto vars:     Size  Location     Type
  j               2    2[BANK0 ] unsigned int 
  i               2    0[BANK0 ] unsigned int 
 Return value:  Size  Location     Type
		None               void
 Registers used:
		wreg, status,2
 Tracked objects:
		On entry : 
		On exit  : 
		Unchanged: 
 Data sizes:     COMMON   BANK0   BANK1   BANK2   BANK3   BANK4   BANK5   BANK6   BANK7   BANK8   BANK9  BANK10  BANK11  BANK12
      Params:         2       0       0       0       0       0       0       0       0       0       0       0       0       0
      Locals:         0       4       0       0       0       0       0       0       0       0       0       0       0       0
      Temps:          0       0       0       0       0       0       0       0       0       0       0       0       0       0
      Totals:         2       4       0       0       0       0       0       0       0       0       0       0       0       0
Total ram usage:        6 bytes
 Hardware stack levels used:    1
 Hardware stack levels required when called:    3
 This function calls:
		Nothing
 This function is called by:
		_CC2500_PowerRST
		_CC2500_FrequencyCabr
 This function uses a non-reentrant model


 *************** function _CC2500_ClearTXFIFO *****************
 Defined at:
		line 187 in file "../src/CC2500_B1.c"
 Parameters:    Size  Location     Type
		None
 Auto vars:     Size  Location     Type
		None
 Return value:  Size  Location     Type
		None               void
 Registers used:
		wreg, fsr1l, fsr1h, status,2, status,0, pclath, cstack
 Tracked objects:
		On entry : 
		On exit  : 
		Unchanged: 
 Data sizes:     COMMON   BANK0   BANK1   BANK2   BANK3   BANK4   BANK5   BANK6   BANK7   BANK8   BANK9  BANK10  BANK11  BANK12
      Params:         0       0       0       0       0       0       0       0       0       0       0       0       0       0
      Locals:         0       0       0       0       0       0       0       0       0       0       0       0       0       0
      Temps:          0       0       0       0       0       0       0       0       0       0       0       0       0       0
      Totals:         0       0       0       0       0       0       0       0       0       0       0       0       0       0
Total ram usage:        0 bytes
 Hardware stack levels used:    1
 Hardware stack levels required when called:    5
 This function calls:
		_CC2500_WriteCommand
 This function is called by:
		_CC2500_PowerOnInitial
 This function uses a non-reentrant model


 *************** function _CC2500_ClearRXFIFO *****************
 Defined at:
		line 194 in file "../src/CC2500_B1.c"
 Parameters:    Size  Location     Type
		None
 Auto vars:     Size  Location     Type
		None
 Return value:  Size  Location     Type
		None               void
 Registers used:
		wreg, fsr1l, fsr1h, status,2, status,0, pclath, cstack
 Tracked objects:
		On entry : 
		On exit  : 
		Unchanged: 
 Data sizes:     COMMON   BANK0   BANK1   BANK2   BANK3   BANK4   BANK5   BANK6   BANK7   BANK8   BANK9  BANK10  BANK11  BANK12
      Params:         0       0       0       0       0       0       0       0       0       0       0       0       0       0
      Locals:         0       0       0       0       0       0       0       0       0       0       0       0       0       0
      Temps:          0       0       0       0       0       0       0       0       0       0       0       0       0       0
      Totals:         0       0       0       0       0       0       0       0       0       0       0       0       0       0
Total ram usage:        0 bytes
 Hardware stack levels used:    1
 Hardware stack levels required when called:    5
 This function calls:
		_CC2500_WriteCommand
 This function is called by:
		_CC2500_PowerOnInitial
 This function uses a non-reentrant model


 *************** function _CC2500_WriteCommand *****************
 Defined at:
		line 285 in file "../src/CC2500_B1.c"
 Parameters:    Size  Location     Type
  command         1    wreg     unsigned char 
 Auto vars:     Size  Location     Type
  command         1    1[BANK0 ] unsigned char 
 Return value:  Size  Location     Type
		None               void
 Registers used:
		wreg, fsr1l, fsr1h, status,2, status,0, pclath, cstack
 Tracked objects:
		On entry : 
		On exit  : 
		Unchanged: 
 Data sizes:     COMMON   BANK0   BANK1   BANK2   BANK3   BANK4   BANK5   BANK6   BANK7   BANK8   BANK9  BANK10  BANK11  BANK12
      Params:         0       0       0       0       0       0       0       0       0       0       0       0       0       0
      Locals:         0       1       0       0       0       0       0       0       0       0       0       0       0       0
      Temps:          0       1       0       0       0       0       0       0       0       0       0       0       0       0
      Totals:         0       2       0       0       0       0       0       0       0       0       0       0       0       0
Total ram usage:        2 bytes
 Hardware stack levels used:    1
 Hardware stack levels required when called:    4
 This function calls:
		_CC2500_WriteByte
		_Timeout_Counter
		_set_TimeoutCleared
 This function is called by:
		_CC2500_TxData
		_CC2500_ClearTXFIFO
		_CC2500_ClearRXFIFO
		_CC2500_FrequencyCabr
		_CC2500_SIDLEMode
		_setRF_Main
		_RF_RxDisable
 This function uses a non-reentrant model


 *************** function _set_TimeoutCleared *****************
 Defined at:
		line 283 in file "../src/Main_B1.c"
 Parameters:    Size  Location     Type
		None
 Auto vars:     Size  Location     Type
		None
 Return value:  Size  Location     Type
		None               void
 Registers used:
		status,2
 Tracked objects:
		On entry : 
		On exit  : 
		Unchanged: 
 Data sizes:     COMMON   BANK0   BANK1   BANK2   BANK3   BANK4   BANK5   BANK6   BANK7   BANK8   BANK9  BANK10  BANK11  BANK12
      Params:         0       0       0       0       0       0       0       0       0       0       0       0       0       0
      Locals:         0       0       0       0       0       0       0       0       0       0       0       0       0       0
      Temps:          0       0       0       0       0       0       0       0       0       0       0       0       0       0
      Totals:         0       0       0       0       0       0       0       0       0       0       0       0       0       0
Total ram usage:        0 bytes
 Hardware stack levels used:    1
 Hardware stack levels required when called:    3
 This function calls:
		Nothing
 This function is called by:
		_CC2500_TxData
		_CC2500_RxData
		_CC2500_PowerRST
		_CC2500_WriteREG
		_CC2500_WriteCommand
		_CC2500_ReadStatus
		_CC2500_ReadREG
 This function uses a non-reentrant model


 *************** function _Timeout_Counter *****************
 Defined at:
		line 274 in file "../src/Main_B1.c"
 Parameters:    Size  Location     Type
		None
 Auto vars:     Size  Location     Type
		None
 Return value:  Size  Location     Type
		None               void
 Registers used:
		wreg, fsr1l, fsr1h, status,2, status,0
 Tracked objects:
		On entry : 
		On exit  : 
		Unchanged: 
 Data sizes:     COMMON   BANK0   BANK1   BANK2   BANK3   BANK4   BANK5   BANK6   BANK7   BANK8   BANK9  BANK10  BANK11  BANK12
      Params:         0       0       0       0       0       0       0       0       0       0       0       0       0       0
      Locals:         0       0       0       0       0       0       0       0       0       0       0       0       0       0
      Temps:          0       0       0       0       0       0       0       0       0       0       0       0       0       0
      Totals:         0       0       0       0       0       0       0       0       0       0       0       0       0       0
Total ram usage:        0 bytes
 Hardware stack levels used:    1
 Hardware stack levels required when called:    3
 This function calls:
		Nothing
 This function is called by:
		_CC2500_TxData
		_CC2500_RxData
		_CC2500_PowerRST
		_CC2500_WriteREG
		_CC2500_WriteCommand
		_CC2500_ReadStatus
		_CC2500_ReadREG
 This function uses a non-reentrant model


 *************** function _CC2500_WriteByte *****************
 Defined at:
		line 219 in file "../src/CC2500_B1.c"
 Parameters:    Size  Location     Type
		None
 Auto vars:     Size  Location     Type
  loop_a          1    5[COMMON] unsigned char 
 Return value:  Size  Location     Type
		None               void
 Registers used:
		wreg, status,2, status,0
 Tracked objects:
		On entry : 
		On exit  : 
		Unchanged: 
 Data sizes:     COMMON   BANK0   BANK1   BANK2   BANK3   BANK4   BANK5   BANK6   BANK7   BANK8   BANK9  BANK10  BANK11  BANK12
      Params:         0       0       0       0       0       0       0       0       0       0       0       0       0       0
      Locals:         1       0       0       0       0       0       0       0       0       0       0       0       0       0
      Temps:          1       0       0       0       0       0       0       0       0       0       0       0       0       0
      Totals:         2       0       0       0       0       0       0       0       0       0       0       0       0       0
Total ram usage:        2 bytes
 Hardware stack levels used:    1
 Hardware stack levels required when called:    3
 This function calls:
		Nothing
 This function is called by:
		_CC2500_TxData
		_CC2500_RxData
		_CC2500_PowerRST
		_CC2500_WriteREG
		_CC2500_WriteCommand
		_CC2500_ReadStatus
		_CC2500_ReadREG
 This function uses a non-reentrant model


 *************** function _ISR *****************
 Defined at:
		line 107 in file "../src/MCU_B1.c"
 Parameters:    Size  Location     Type
		None
 Auto vars:     Size  Location     Type
		None
 Return value:  Size  Location     Type
		None               void
 Registers used:
		wreg, fsr1l, fsr1h, status,2, status,0, pclath, cstack
 Tracked objects:
		On entry : 
		On exit  : 
		Unchanged: 
 Data sizes:     COMMON   BANK0   BANK1   BANK2   BANK3   BANK4   BANK5   BANK6   BANK7   BANK8   BANK9  BANK10  BANK11  BANK12
      Params:         0       0       0       0       0       0       0       0       0       0       0       0       0       0
      Locals:         0       0       0       0       0       0       0       0       0       0       0       0       0       0
      Temps:          1       0       0       0       0       0       0       0       0       0       0       0       0       0
      Totals:         1       0       0       0       0       0       0       0       0       0       0       0       0       0
Total ram usage:        1 bytes
 Hardware stack levels used:    1
 Hardware stack levels required when called:    2
 This function calls:
		_TMR1_ISR
		_UART_ISR
 This function is called by:
		Interrupt level 1
 This function uses a non-reentrant model


 *************** function _UART_ISR *****************
 Defined at:
		line 739 in file "../src/MCU_B1.c"
 Parameters:    Size  Location     Type
		None
 Auto vars:     Size  Location     Type
  i               2    1[COMMON] int 
 Return value:  Size  Location     Type
		None               void
 Registers used:
		wreg, fsr1l, fsr1h, status,2, status,0, pclath, cstack
 Tracked objects:
		On entry : 
		On exit  : 
		Unchanged: 
 Data sizes:     COMMON   BANK0   BANK1   BANK2   BANK3   BANK4   BANK5   BANK6   BANK7   BANK8   BANK9  BANK10  BANK11  BANK12
      Params:         0       0       0       0       0       0       0       0       0       0       0       0       0       0
      Locals:         2       0       0       0       0       0       0       0       0       0       0       0       0       0
      Temps:          1       0       0       0       0       0       0       0       0       0       0       0       0       0
      Totals:         3       0       0       0       0       0       0       0       0       0       0       0       0       0
Total ram usage:        3 bytes
 Hardware stack levels used:    1
 Hardware stack levels required when called:    1
 This function calls:
		_getch
 This function is called by:
		_ISR
 This function uses a non-reentrant model


 *************** function _getch *****************
 Defined at:
		line 853 in file "../src/MCU_B1.c"
 Parameters:    Size  Location     Type
		None
 Auto vars:     Size  Location     Type
		None
 Return value:  Size  Location     Type
                  1    wreg      unsigned char 
 Registers used:
		wreg
 Tracked objects:
		On entry : 
		On exit  : 
		Unchanged: 
 Data sizes:     COMMON   BANK0   BANK1   BANK2   BANK3   BANK4   BANK5   BANK6   BANK7   BANK8   BANK9  BANK10  BANK11  BANK12
      Params:         0       0       0       0       0       0       0       0       0       0       0       0       0       0
      Locals:         0       0       0       0       0       0       0       0       0       0       0       0       0       0
      Temps:          0       0       0       0       0       0       0       0       0       0       0       0       0       0
      Totals:         0       0       0       0       0       0       0       0       0       0       0       0       0       0
Total ram usage:        0 bytes
 Hardware stack levels used:    1
 This function calls:
		Nothing
 This function is called by:
		_UART_ISR
		_getche
 This function uses a non-reentrant model


 *************** function _TMR1_ISR *****************
 Defined at:
		line 209 in file "../src/MCU_B1.c"
 Parameters:    Size  Location     Type
		None
 Auto vars:     Size  Location     Type
		None
 Return value:  Size  Location     Type
		None               void
 Registers used:
		wreg, fsr1l, fsr1h, status,2, status,0
 Tracked objects:
		On entry : 
		On exit  : 
		Unchanged: 
 Data sizes:     COMMON   BANK0   BANK1   BANK2   BANK3   BANK4   BANK5   BANK6   BANK7   BANK8   BANK9  BANK10  BANK11  BANK12
      Params:         0       0       0       0       0       0       0       0       0       0       0       0       0       0
      Locals:         0       0       0       0       0       0       0       0       0       0       0       0       0       0
      Temps:          0       0       0       0       0       0       0       0       0       0       0       0       0       0
      Totals:         0       0       0       0       0       0       0       0       0       0       0       0       0       0
Total ram usage:        0 bytes
 Hardware stack levels used:    1
 This function calls:
		Nothing
 This function is called by:
		_ISR
 This function uses a non-reentrant model



MODULE INFORMATION

Module		Function		Class		Link	Load	Size
../src/myUARTtoRF.c
		_myUARTtoRF_Ini		CODE           	06A1	0000	5
		_myUARTtoRF_Mai		CODE           	06BB	0000	3

../src/myUARTtoRF.c estimated size: 8

../src/MCU_B1.c
		_Fosc_Set      		CODE           	06AB	0000	4
		_IO_Set        		CODE           	061E	0000	19
		_ISR           		CODE           	0004	0000	15
		_putch         		CODE           	0687	0000	8
		_UART_Receive  		CODE           	0426	0000	46
		_UART_Set      		CODE           	060A	0000	20
		_Mcu_Initializa		CODE           	065A	0000	12
		_UART_ISR      		CODE           	03F7	0000	47
		_UART_Main     		CODE           	064D	0000	13
		_getch         		CODE           	069B	0000	6
		_TMR1_Set      		CODE           	0666	0000	12
		_TMR1_ISR      		CODE           	0546	0000	31
		_UART_Transmit 		CODE           	0565	0000	28

../src/MCU_B1.c estimated size: 261

../src/CC2500_B1.c
		_DelayTime_1us 		CODE           	047E	0000	38
		_CC2500_Frequen		CODE           	0672	0000	11
		_CC2500_SIDLEMo		CODE           	06AF	0000	4
		_CC2500_PowerOn		CODE           	05CB	0000	21
		_CC2500_WriteBy		CODE           	05F5	0000	21
		_CC2500_RxData 		CODE           	0266	0000	94
		_CC2500_TxData 		CODE           	02C4	0000	90
		_CC2500_ClearRX		CODE           	06B7	0000	4
		_CC2500_ClearTX		CODE           	06B3	0000	4
		_CC2500_InitPAT		CODE           	0527	0000	31
		_CC2500_WriteRE		CODE           	0507	0000	32
		_CC2500_ReadSta		CODE           	04E7	0000	32
		_CC2500_PowerRS		CODE           	03B6	0000	65
		_CC2500_ReadByt		CODE           	05B4	0000	23
		_CC2500_InitSet		CODE           	0454	0000	42
		_CC2500_WriteCo		CODE           	059C	0000	24

../src/CC2500_B1.c estimated size: 536

../src/RF_Control_B1.c
		_RF_Initializat		CODE           	06C4	0000	3
		_getRxData     		CODE           	00FA	0000	127
		_setRF_Main    		CODE           	0037	0000	195
		_setRF_Initiali		CODE           	067D	0000	10
		_setTxData     		CODE           	0179	0000	113
		_RF_Main       		CODE           	06BE	0000	3
		_setControl_Lig		CODE           	0372	0000	68
		_setLog_Code   		CODE           	0581	0000	27
		_RF_RxDisable  		CODE           	0631	0000	15

../src/RF_Control_B1.c estimated size: 561

../src/Main_B1.c
		_my_MainTimer  		CODE           	031E	0000	84
		_main          		CODE           	04A4	0000	35
		_Timeout_Counte		CODE           	05E0	0000	21
		_myMain_Initial		CODE           	0640	0000	13
		_getMain_All_Er		CODE           	06C1	0000	3
		_set_TimeoutCle		CODE           	06A6	0000	5

../src/Main_B1.c estimated size: 161

shared
		_CC2500_patable		STRCODE        	025E	0000	8
		_CC2500_rfSetti		STRCODE        	022F	0000	47
		__initializatio		CODE           	0015	0000	30
		_CC2500_registe		STRCODE        	0200	0000	47

shared estimated size: 132

