Microchip MPLAB XC8 Compiler V1.32 ()

Linker command line:

--edf=C:\Program Files (x86)\Microchip\xc8\v1.32\dat\en_msgs.txt -cs \
  -h+dist/default/production\1-7.Switch_1Key_Dimmer_MOSFET.X.production.sym \
  --cmf=dist/default/production\1-7.Switch_1Key_Dimmer_MOSFET.X.production.cmf \
  -z -Q16F1516 -oC:\Users\taianluo\AppData\Local\Temp\sus.6 \
  -Mdist/default/production/1-7.Switch_1Key_Dimmer_MOSFET.X.production.map \
  -E1 -ver=XC8 -ASTACK=020C5h-021efh -pstack=STACK -ACONST=00h-0FFhx32 \
  -ACODE=00h-07FFhx4 -ASTRCODE=00h-01FFFh -AENTRY=00h-0FFhx32 \
  -ASTRING=00h-0FFhx32 -ACOMMON=070h-07Fh -ABANK0=020h-06Fh \
  -ABANK1=0A0h-0EFh -ABANK2=0120h-016Fh -ABANK3=01A0h-01EFh \
  -ABANK4=0220h-026Fh -ABANK5=02A0h-02EFh -ABANK6=0320h-032Fh \
  -ABIGRAM=02000h-021EFh \
  -ARAM=020h-06Fh,0A0h-0EFh,0120h-016Fh,01A0h-01EFh,0220h-026Fh,02A0h-02EFh,0320h-032Fh \
  -AABS1=020h-07Fh,0A0h-0EFh,0120h-016Fh,01A0h-01EFh,0220h-026Fh,02A0h-02EFh,0320h-032Fh \
  -ASFR0=00h-01Fh -ASFR1=080h-09Fh -ASFR2=0100h-011Fh -ASFR3=0180h-019Fh \
  -ASFR4=0200h-021Fh -ASFR5=0280h-029Fh -ASFR6=0300h-031Fh \
  -ASFR7=0380h-03EFh -ASFR8=0400h-046Fh -ASFR9=0480h-04EFh \
  -ASFR10=0500h-056Fh -ASFR11=0580h-05EFh -ASFR12=0600h-066Fh \
  -ASFR13=0680h-06EFh -ASFR14=0700h-076Fh -ASFR15=0780h-07EFh \
  -ASFR16=0800h-086Fh -ASFR17=0880h-08EFh -ASFR18=0900h-096Fh \
  -ASFR19=0980h-09EFh -ASFR20=0A00h-0A6Fh -ASFR21=0A80h-0AEFh \
  -ASFR22=0B00h-0B6Fh -ASFR23=0B80h-0BEFh -ASFR24=0C00h-0C6Fh \
  -ASFR25=0C80h-0CEFh -ASFR26=0D00h-0D6Fh -ASFR27=0D80h-0DEFh \
  -ASFR28=0E00h-0E6Fh -ASFR29=0E80h-0EEFh -ASFR30=0F00h-0F6Fh \
  -ASFR31=0F80h-0FEFh -preset_vec=00h,intentry=04h,init,end_init \
  -ppowerup=CODE -pcinit=CODE -pfunctab=CODE -ACONFIG=08007h-08008h \
  -pconfig=CONFIG -DCONFIG=2 -AIDLOC=08000h-08003h -pidloc=IDLOC -DIDLOC=2 \
  -DCODE=2 -DSTRCODE=2 -DSTRING=2 -DCONST=2 -DENTRY=2 -k \
  C:\Users\taianluo\AppData\Local\Temp\sus.obj \
  dist/default/production\1-7.Switch_1Key_Dimmer_MOSFET.X.production.obj 

Object code version is 3.11

Machine type is 16F1516



                Name                               Link     Load   Length Selector   Space Scale
C:\Users\taianluo\AppData\Local\Temp\sus.obj
                end_init                             13       13        2        8       0
                reset_vec                             0        0        2        0       0
                config                             8007     8007        2    1000E       0
dist/default/production\1-7.Switch_1Key_Dimmer_MOSFET.X.production.obj
                cinit                                15       15       2B        8       0
                intentry                              4        4        F        8       0
                text74                              B3F      B3F        A     167E       0
                text73                              DCC      DCC       2D     1B98       0
                text72                              AFD      AFD        4     15FA       0
                text71                              BF5      BF5        F     17EA       0
                text70                              B49      B49        A     1692       0
                text69                              B67      B67        B     16CE       0
                text68                              F1C      F1C       35     1E38       0
                text67                              178      178      120        8       0
                text66                              D7E      D7E       24     1AFC       0
                text64                              AFA      AFA        3     15F4       0
                text63                              FC0      FC0       40     1F80       0
                text62                              7FF      7FF        1        8       0
                text61                              B72      B72        B     16E4       0
                text60                              D5B      D5B       23     1AB6       0
                text59                              B9E      B9E        C     173C       0
                text58                              609      609       54        8       0
                text57                              73A      73A       45        8       0
                text56                              BAA      BAA        C     1754       0
                text55                              B7D      B7D        B     16FA       0
                text54                              EB6      EB6       33     1D6C       0
                text53                              4F9      4F9       60        8       0
                text52                              DF9      DF9       2E     1BF2       0
                text51                              65D      65D       4F        8       0
                text50                              B01      B01        4     1602       0
                text49                              CA8      CA8       1A     1950       0
                text48                              B2D      B2D        9     165A       0
                text47                              E27      E27       2F     1C4E       0
                text46                              BB6      BB6        C     176C       0
                text45                              498      498       61        8       0
                text44                              D39      D39       22     1A72       0
                text43                              368      368       A9        8       0
                text42                              411      411       87        8       0
                text41                              6F4      6F4       46        8       0
                text40                              298      298       D0        8       0
                text39                              BC2      BC2        C     1784       0
                text38                              6AC      6AC       48        8       0
                text37                              C04      C04        F     1808       0
                text36                              DA2      DA2       2A     1B44       0
                text35                              F51      F51       36     1EA2       0
                text34                              C13      C13       10     1826       0
                text33                              B05      B05        4     160A       0
                text32                              E56      E56       2F     1CAC       0
                text31                              B09      B09        4     1612       0
                text30                              B26      B26        7     164C       0
                text29                              B0D      B0D        4     161A       0
                text28                              BDA      BDA        D     17B4       0
                text27                              C90      C90       18     1920       0
                text26                              BCE      BCE        C     179C       0
                text25                              B53      B53        A     16A6       0
                text24                              C54      C54       12     18A8       0
                text23                              C66      C66       15     18CC       0
                text22                              B15      B15        5     162A       0
                text21                              C7B      C7B       15     18F6       0
                text20                              C23      C23       10     1846       0
                text19                              B36      B36        9     166C       0
                text18                              B11      B11        4     1622       0
                text17                              B88      B88        B     1710       0
                text16                              CC2      CC2       1C     1984       0
                text15                              CFB      CFB       1E     19F6       0
                text14                              77F      77F       43        8       0
                text13                              5B5      5B5       54        8       0
                text12                              559      559       5C        8       0
                text11                              B93      B93        B     1726       0
                text10                              C43      C43       11     1886       0
                text9                               B5D      B5D        A     16BA       0
                text8                               E85      E85       31     1D0A       0
                text7                               7C2      7C2       3D        8       0
                text6                                40       40      138        8       0
                text5                               CDE      CDE       1D     19BC       0
                text4                                 2        2        2        0       0
                text3                               C33      C33       10     1866       0
                text2                               BE7      BE7        E     17CE       0
                text1                               F87      F87       39     1F0E       0
                maintext                            EE9      EE9       33     1DD2       0
                cstackBANK0                          20       20       36       20       1
                cstackCOMMON                         70       70        A       70       1
                inittext                            B1A      B1A        6     1634       0
                clrtext                             B20      B20        6     1640       0
                bssBANK2                            120      120       25      120       1
                dataBANK1                            CC       CC       20       A0       1
                bssBANK1                             A0       A0       2C       A0       1
                bssBANK0                             56       56       17       20       1
                bssCOMMON                            7A       7A        4       70       1
                nvBANK0                              6D       6D        1       20       1
                idataBANK1                          D19      D19       20     1A32       0

TOTAL           Name                               Link     Load   Length     Space
        CLASS   STACK          

        CLASS   CONST          

        CLASS   CODE           
                end_init                             13       13        2         0
                cinit                                15       15       2B         0
                intentry                              4        4        F         0
                reset_vec                             0        0        2         0
                text74                              B3F      B3F        A         0
                text73                              DCC      DCC       2D         0
                text72                              AFD      AFD        4         0
                text71                              BF5      BF5        F         0
                text70                              B49      B49        A         0
                text69                              B67      B67        B         0
                text68                              F1C      F1C       35         0
                text67                              178      178      120         0
                text66                              D7E      D7E       24         0
                text64                              AFA      AFA        3         0
                text63                              FC0      FC0       40         0
                text62                              7FF      7FF        1         0
                text61                              B72      B72        B         0
                text60                              D5B      D5B       23         0
                text59                              B9E      B9E        C         0
                text58                              609      609       54         0
                text57                              73A      73A       45         0
                text56                              BAA      BAA        C         0
                text55                              B7D      B7D        B         0
                text54                              EB6      EB6       33         0
                text53                              4F9      4F9       60         0
                text52                              DF9      DF9       2E         0
                text51                              65D      65D       4F         0
                text50                              B01      B01        4         0
                text49                              CA8      CA8       1A         0
                text48                              B2D      B2D        9         0
                text47                              E27      E27       2F         0
                text46                              BB6      BB6        C         0
                text45                              498      498       61         0
                text44                              D39      D39       22         0
                text43                              368      368       A9         0
                text42                              411      411       87         0
                text41                              6F4      6F4       46         0
                text40                              298      298       D0         0
                text39                              BC2      BC2        C         0
                text38                              6AC      6AC       48         0
                text37                              C04      C04        F         0
                text36                              DA2      DA2       2A         0
                text35                              F51      F51       36         0
                text34                              C13      C13       10         0
                text33                              B05      B05        4         0
                text32                              E56      E56       2F         0
                text31                              B09      B09        4         0
                text30                              B26      B26        7         0
                text29                              B0D      B0D        4         0
                text28                              BDA      BDA        D         0
                text27                              C90      C90       18         0
                text26                              BCE      BCE        C         0
                text25                              B53      B53        A         0
                text24                              C54      C54       12         0
                text23                              C66      C66       15         0
                text22                              B15      B15        5         0
                text21                              C7B      C7B       15         0
                text20                              C23      C23       10         0
                text19                              B36      B36        9         0
                text18                              B11      B11        4         0
                text17                              B88      B88        B         0
                text16                              CC2      CC2       1C         0
                text15                              CFB      CFB       1E         0
                text14                              77F      77F       43         0
                text13                              5B5      5B5       54         0
                text12                              559      559       5C         0
                text11                              B93      B93        B         0
                text10                              C43      C43       11         0
                text9                               B5D      B5D        A         0
                text8                               E85      E85       31         0
                text7                               7C2      7C2       3D         0
                text6                                40       40      138         0
                text5                               CDE      CDE       1D         0
                text4                                 2        2        2         0
                text3                               C33      C33       10         0
                text2                               BE7      BE7        E         0
                text1                               F87      F87       39         0
                maintext                            EE9      EE9       33         0
                inittext                            B1A      B1A        6         0
                clrtext                             B20      B20        6         0
                idataBANK1                          D19      D19       20         0

        CLASS   STRCODE        

        CLASS   ENTRY          

        CLASS   STRING         

        CLASS   COMMON         
                cstackCOMMON                         70       70        A         1
                bssCOMMON                            7A       7A        4         1

        CLASS   BANK0          
                cstackBANK0                          20       20       36         1
                bssBANK0                             56       56       17         1
                nvBANK0                              6D       6D        1         1

        CLASS   BANK1          
                dataBANK1                            CC       CC       20         1
                bssBANK1                             A0       A0       2C         1

        CLASS   BANK2          
                bssBANK2                            120      120       25         1

        CLASS   BANK3          

        CLASS   BANK4          

        CLASS   BANK5          

        CLASS   BANK6          

        CLASS   BIGRAM         

        CLASS   RAM            

        CLASS   ABS1           
                abs_s1                               7E       7E        2         1

        CLASS   SFR0           

        CLASS   SFR1           

        CLASS   SFR2           

        CLASS   SFR3           

        CLASS   SFR4           

        CLASS   SFR5           

        CLASS   SFR6           

        CLASS   SFR7           

        CLASS   SFR8           

        CLASS   SFR9           

        CLASS   SFR10          

        CLASS   SFR11          

        CLASS   SFR12          

        CLASS   SFR13          

        CLASS   SFR14          

        CLASS   SFR15          

        CLASS   SFR16          

        CLASS   SFR17          

        CLASS   SFR18          

        CLASS   SFR19          

        CLASS   SFR20          

        CLASS   SFR21          

        CLASS   SFR22          

        CLASS   SFR23          

        CLASS   SFR24          

        CLASS   SFR25          

        CLASS   SFR26          

        CLASS   SFR27          

        CLASS   SFR28          

        CLASS   SFR29          

        CLASS   SFR30          

        CLASS   SFR31          

        CLASS   CONFIG         
                config                             8007     8007        2         0

        CLASS   IDLOC          

        CLASS   BANK31         

        CLASS   BANK30         

        CLASS   BANK29         

        CLASS   BANK28         

        CLASS   BANK27         

        CLASS   BANK26         

        CLASS   BANK25         

        CLASS   BANK24         

        CLASS   BANK23         

        CLASS   BANK22         

        CLASS   BANK21         

        CLASS   BANK20         

        CLASS   BANK19         

        CLASS   BANK18         

        CLASS   BANK17         

        CLASS   BANK16         

        CLASS   BANK15         

        CLASS   BANK14         

        CLASS   BANK13         

        CLASS   BANK12         

        CLASS   BANK11         

        CLASS   BANK10         

        CLASS   BANK9          

        CLASS   BANK8          

        CLASS   BANK7          

        CLASS   EEDATA         



SEGMENTS        Name                           Load    Length   Top    Selector   Space  Class     Delta

                reset_vec                      000000  000004  000004         0       0  CODE        2
                intentry                       000004  0007FC  000800         8       0  CODE        2
                cstackBANK0                    000020  00004E  00006E        20       1  BANK0       1
                cstackCOMMON                   000070  00000E  00007E        70       1  COMMON      1
                bssBANK1                       0000A0  00004C  0000EC        A0       1  BANK1       1
                bssBANK2                       000120  000025  000145       120       1  BANK2       1
                text64                         000AFA  000003  000AFD      15F4       0  CODE        2
                text72                         000AFD  000004  000B01      15FA       0  CODE        2
                text50                         000B01  000004  000B05      1602       0  CODE        2
                text33                         000B05  000004  000B09      160A       0  CODE        2
                text31                         000B09  000004  000B0D      1612       0  CODE        2
                text29                         000B0D  000004  000B11      161A       0  CODE        2
                text18                         000B11  000004  000B15      1622       0  CODE        2
                text22                         000B15  000005  000B1A      162A       0  CODE        2
                inittext                       000B1A  000006  000B20      1634       0  CODE        2
                clrtext                        000B20  000006  000B26      1640       0  CODE        2
                text30                         000B26  000007  000B2D      164C       0  CODE        2
                text48                         000B2D  000009  000B36      165A       0  CODE        2
                text19                         000B36  000009  000B3F      166C       0  CODE        2
                text74                         000B3F  00000A  000B49      167E       0  CODE        2
                text70                         000B49  00000A  000B53      1692       0  CODE        2
                text25                         000B53  00000A  000B5D      16A6       0  CODE        2
                text9                          000B5D  00000A  000B67      16BA       0  CODE        2
                text69                         000B67  00000B  000B72      16CE       0  CODE        2
                text61                         000B72  00000B  000B7D      16E4       0  CODE        2
                text55                         000B7D  00000B  000B88      16FA       0  CODE        2
                text17                         000B88  00000B  000B93      1710       0  CODE        2
                text11                         000B93  00000B  000B9E      1726       0  CODE        2
                text59                         000B9E  00000C  000BAA      173C       0  CODE        2
                text56                         000BAA  00000C  000BB6      1754       0  CODE        2
                text46                         000BB6  00000C  000BC2      176C       0  CODE        2
                text39                         000BC2  00000C  000BCE      1784       0  CODE        2
                text26                         000BCE  00000C  000BDA      179C       0  CODE        2
                text28                         000BDA  00000D  000BE7      17B4       0  CODE        2
                text2                          000BE7  00000E  000BF5      17CE       0  CODE        2
                text71                         000BF5  00000F  000C04      17EA       0  CODE        2
                text37                         000C04  00000F  000C13      1808       0  CODE        2
                text34                         000C13  000010  000C23      1826       0  CODE        2
                text20                         000C23  000010  000C33      1846       0  CODE        2
                text3                          000C33  000010  000C43      1866       0  CODE        2
                text10                         000C43  000011  000C54      1886       0  CODE        2
                text24                         000C54  000012  000C66      18A8       0  CODE        2
                text23                         000C66  000015  000C7B      18CC       0  CODE        2
                text21                         000C7B  000015  000C90      18F6       0  CODE        2
                text27                         000C90  000018  000CA8      1920       0  CODE        2
                text49                         000CA8  00001A  000CC2      1950       0  CODE        2
                text16                         000CC2  00001C  000CDE      1984       0  CODE        2
                text5                          000CDE  00001D  000CFB      19BC       0  CODE        2
                text15                         000CFB  00001E  000D19      19F6       0  CODE        2
                idataBANK1                     000D19  000020  000D39      1A32       0  CODE        2
                text44                         000D39  000022  000D5B      1A72       0  CODE        2
                text60                         000D5B  000023  000D7E      1AB6       0  CODE        2
                text66                         000D7E  000024  000DA2      1AFC       0  CODE        2
                text36                         000DA2  00002A  000DCC      1B44       0  CODE        2
                text73                         000DCC  00002D  000DF9      1B98       0  CODE        2
                text52                         000DF9  00002E  000E27      1BF2       0  CODE        2
                text47                         000E27  00002F  000E56      1C4E       0  CODE        2
                text32                         000E56  00002F  000E85      1CAC       0  CODE        2
                text8                          000E85  000031  000EB6      1D0A       0  CODE        2
                text54                         000EB6  000033  000EE9      1D6C       0  CODE        2
                maintext                       000EE9  000033  000F1C      1DD2       0  CODE        2
                text68                         000F1C  000035  000F51      1E38       0  CODE        2
                text35                         000F51  000036  000F87      1EA2       0  CODE        2
                text1                          000F87  000039  000FC0      1F0E       0  CODE        2
                text63                         000FC0  000040  001000      1F80       0  CODE        2
                config                         008007  000002  008009     1000E       0  CONFIG      2


UNUSED ADDRESS RANGES

        Name                Unused          Largest block    Delta
        BANK0            0006E-0006F               2           1
        BANK1            000EC-000EF               4           1
        BANK2            00145-0016F              2B           1
        BANK3            001A0-001EF              50           1
        BANK4            00220-0026F              50           1
        BANK5            002A0-002EF              50           1
        BANK6            00320-0032F              10           1
        BIGRAM           02000-021EF             1F0           1
        CODE             00800-00AF9             2FA           2
                         01000-01FFF             800
        CONST            00800-00AF9             100           2
                         01000-01FFF             100
        ENTRY            00800-00AF9             100           2
                         01000-01FFF             100
        IDLOC            08000-08003               4           2
        RAM              0006E-0006F               2           1
                         000EC-000EF               4
                         00145-0016F              2B
                         001A0-001EF              50
                         00220-0026F              50
                         002A0-002EF              50
                         00320-0032F              10
        SFR0             00000-0001F              20           1
        SFR1             00080-0009F              20           1
        SFR10            00500-0056F              70           1
        SFR11            00580-005EF              70           1
        SFR12            00600-0066F              70           1
        SFR13            00680-006EF              70           1
        SFR14            00700-0076F              70           1
        SFR15            00780-007EF              70           1
        SFR16            00800-0086F              70           1
        SFR17            00880-008EF              70           1
        SFR18            00900-0096F              70           1
        SFR19            00980-009EF              70           1
        SFR2             00100-0011F              20           1
        SFR20            00A00-00A6F              70           1
        SFR21            00A80-00AEF              70           1
        SFR22            00B00-00B6F              70           1
        SFR23            00B80-00BEF              70           1
        SFR24            00C00-00C6F              70           1
        SFR25            00C80-00CEF              70           1
        SFR26            00D00-00D6F              70           1
        SFR27            00D80-00DEF              70           1
        SFR28            00E00-00E6F              70           1
        SFR29            00E80-00EEF              70           1
        SFR3             00180-0019F              20           1
        SFR30            00F00-00F6F              70           1
        SFR31            00F80-00FEF              70           1
        SFR4             00200-0021F              20           1
        SFR5             00280-0029F              20           1
        SFR6             00300-0031F              20           1
        SFR7             00380-003EF              70           1
        SFR8             00400-0046F              70           1
        SFR9             00480-004EF              70           1
        STACK            020C5-021EF             12B           1
        STRCODE          00800-00AF9             2FA           2
                         01000-01FFF            1000
        STRING           00800-00AF9             100           2
                         01000-01FFF             100

                                  Symbol Table

?___awdiv                                cstackBANK0  00020
?___awtoft                               cstackBANK0  00028
?___ftdiv                                cstackBANK0  0002E
?___ftpack                               cstackBANK0  00020
?___fttol                                cstackBANK0  0003E
DimmerIntrIOCPointSelect@lights          cstackCOMMON 00071
DimmerIntrPointSelect@lights             cstackCOMMON 00071
DimmerLightsPointSelect@lights           cstackBANK0  00021
Flash_Memory_Initialization@i            cstackBANK0  00051
Flash_Memory_Modify@i                    cstackBANK0  00025
Flash_Memory_Read@address                cstackBANK0  00022
Flash_Memory_Read@i                      cstackBANK0  00021
Flash_Memory_Read@ret                    cstackBANK0  00023
Flash_Memory_Write@i                     cstackBANK0  00021
LedPointSelect@led                       cstackBANK0  00021
SwPointSelect@sw                         cstackBANK0  00021
Switch_Main@error                        cstackBANK0  00036
_ADCON0                                  (abs)        0009D
_ADCON1                                  (abs)        0009E
_ADC_Set                                 text30       00B26
_ADRESH                                  (abs)        0009C
_ADRESL                                  (abs)        0009B
_ANSELA                                  (abs)        0018C
_ANSELB                                  (abs)        0018D
_ANSELC                                  (abs)        0018E
_Buz1                                    bssBANK0     00056
_Buzzer_Initialization                   text64       00AFA
_Buzzer_Main                             text63       00FC0
_CFGS                                    (abs)        00CAE
_Dimmer                                  bssBANK0     00062
_DimmerIntrIOCPointSelect                text74       00B3F
_DimmerIntrPointSelect                   text70       00B49
_DimmerLights                            bssCOMMON    0007A
_DimmerLights1                           bssBANK1     000B0
_DimmerLights11                          bssCOMMON    0007B
_DimmerLightsIntr                        bssCOMMON    0007C
_DimmerLightsIntrIOC                     bssCOMMON    0007D
_DimmerLightsPointSelect                 text61       00B72
_DimmerLights_Initialization             text59       00B9E
_DimmerLights_Main                       text50       00B01
_Dimmer_Initialization                   text62       007FF
_FREE                                    (abs)        00CAC
_FVRCON                                  (abs)        00117
_Flash_Memory_Erasing                    text39       00BC2
_Flash_Memory_Initialization             text40       00298
_Flash_Memory_Main                       text35       00F51
_Flash_Memory_Modify                     text38       006AC
_Flash_Memory_Read                       text49       00CA8
_Flash_Memory_Unlock                     text48       00B2D
_Flash_Memory_Write                      text47       00E27
_Fosc_Set                                text29       00B0D
_GIE                                     (abs)        0005F
_GO_nDONE                                (abs)        004E9
_IOCBF                                   (abs)        00396
_IOCBF2                                  (abs)        01CB2
_IOCBN                                   (abs)        00395
_IOCBP                                   (abs)        00394
_IOCIE                                   (abs)        0005B
_IOCIF                                   (abs)        00058
_IOC_ISR                                 text71       00BF5
_IOC_Set                                 text28       00BDA
_IO_Set                                  text27       00C90
_ISR                                     intentry     00004
_LATA                                    (abs)        0010C
_LATB                                    (abs)        0010D
_LATC                                    (abs)        0010E
_LED                                     bssBANK0     0006A
_LED_Initialization                      text33       00B05
_LED_Main                                text31       00B09
_LWLO                                    (abs)        00CAD
_LedPointSelect                          text55       00B7D
_Mcu_Initialization                      text24       00C54
_Memory                                  bssBANK2     00120
_OSCCON                                  (abs)        00099
_PEIE                                    (abs)        0005E
_PMADRH                                  (abs)        00192
_PMADRL                                  (abs)        00191
_PMCON2                                  (abs)        00196
_PMDATH                                  (abs)        00194
_PMDATL                                  (abs)        00193
_PORTA                                   (abs)        0000C
_PORTB                                   (abs)        0000D
_PORTC                                   (abs)        0000E
_RA0                                     (abs)        00060
_RA4                                     (abs)        00064
_RA6                                     (abs)        00066
_RA7                                     (abs)        00067
_RB0                                     (abs)        00068
_RB1                                     (abs)        00069
_RB3                                     (abs)        0006B
_RB4                                     (abs)        0006C
_RB5                                     (abs)        0006D
_RD                                      (abs)        00CA8
_Sw                                      bssBANK0     0006B
_Sw1                                     bssBANK1     000BF
_SwDetect                                bssBANK0     0006C
_SwPointSelect                           text11       00B93
_Switch_Initialization                   text19       00B36
_Switch_Main                             text5        00CDE
_T1CON                                   (abs)        00018
_TMR1H                                   (abs)        00017
_TMR1IE                                  (abs)        00488
_TMR1IF                                  (abs)        00088
_TMR1L                                   (abs)        00016
_TMR1_ISR                                text66       00D7E
_TMR1_Set                                text26       00BCE
_TRISA                                   (abs)        0008C
_TRISB                                   (abs)        0008D
_TRISC                                   (abs)        0008E
_Timeout_Counter                         text23       00C66
_Timer1                                  bssBANK0     00065
_TouchPower                              text21       00C7B
_VarErrLED                               bssBANK1     000C8
_WDT                                     bssBANK0     00068
_WDTCON                                  (abs)        00097
_WDT_Clearing                            text4        00002
_WDT_Main                                text3        00C33
_WDT_Set                                 text25       00B53
_WPUB1                                   (abs)        01069
_WPUB2                                   (abs)        0106A
_WR                                      (abs)        00CA9
_WREN                                    (abs)        00CAA
__CFG_BOREN$OFF                          (abs)        00000
__CFG_FOSC$INTOSC                        (abs)        00000
__CFG_VCAPEN$OFF                         (abs)        00000
__CFG_WDTE$ON                            (abs)        00000
__CFG_WRT$BOOT                           (abs)        00000
__Habs1                                  abs1         00000
__Hbank0                                 bank0        00000
__Hbank1                                 bank1        00000
__Hbank10                                bank10       00000
__Hbank11                                bank11       00000
__Hbank12                                bank12       00000
__Hbank13                                bank13       00000
__Hbank14                                bank14       00000
__Hbank15                                bank15       00000
__Hbank16                                bank16       00000
__Hbank17                                bank17       00000
__Hbank18                                bank18       00000
__Hbank19                                bank19       00000
__Hbank2                                 bank2        00000
__Hbank20                                bank20       00000
__Hbank21                                bank21       00000
__Hbank22                                bank22       00000
__Hbank23                                bank23       00000
__Hbank24                                bank24       00000
__Hbank25                                bank25       00000
__Hbank26                                bank26       00000
__Hbank27                                bank27       00000
__Hbank28                                bank28       00000
__Hbank29                                bank29       00000
__Hbank3                                 bank3        00000
__Hbank30                                bank30       00000
__Hbank31                                bank31       00000
__Hbank4                                 bank4        00000
__Hbank5                                 bank5        00000
__Hbank6                                 bank6        00000
__Hbank7                                 bank7        00000
__Hbank8                                 bank8        00000
__Hbank9                                 bank9        00000
__Hbigram                                bigram       00000
__HbssBANK0                              bssBANK0     00000
__HbssBANK1                              bssBANK1     00000
__HbssBANK2                              bssBANK2     00000
__HbssCOMMON                             bssCOMMON    00000
__Hcinit                                 cinit        00040
__Hclrtext                               clrtext      00000
__Hcode                                  code         00000
__Hcommon                                common       00000
__Hconfig                                config       08009
__HcstackBANK0                           cstackBANK0  00000
__HcstackCOMMON                          cstackCOMMON 00000
__HdataBANK1                             dataBANK1    00000
__Heeprom_data                           eeprom_data  00000
__Hend_init                              end_init     00015
__Hfunctab                               functab      00000
__HidataBANK1                            idataBANK1   00000
__Hidloc                                 idloc        00000
__Hinit                                  init         00013
__Hinittext                              inittext     00000
__Hintentry                              intentry     00013
__Hmaintext                              maintext     00000
__HnvBANK0                               nvBANK0      00000
__Hpowerup                               powerup      00000
__Hram                                   ram          00000
__Hreset_vec                             reset_vec    00002
__Hsfr0                                  sfr0         00000
__Hsfr1                                  sfr1         00000
__Hsfr10                                 sfr10        00000
__Hsfr11                                 sfr11        00000
__Hsfr12                                 sfr12        00000
__Hsfr13                                 sfr13        00000
__Hsfr14                                 sfr14        00000
__Hsfr15                                 sfr15        00000
__Hsfr16                                 sfr16        00000
__Hsfr17                                 sfr17        00000
__Hsfr18                                 sfr18        00000
__Hsfr19                                 sfr19        00000
__Hsfr2                                  sfr2         00000
__Hsfr20                                 sfr20        00000
__Hsfr21                                 sfr21        00000
__Hsfr22                                 sfr22        00000
__Hsfr23                                 sfr23        00000
__Hsfr24                                 sfr24        00000
__Hsfr25                                 sfr25        00000
__Hsfr26                                 sfr26        00000
__Hsfr27                                 sfr27        00000
__Hsfr28                                 sfr28        00000
__Hsfr29                                 sfr29        00000
__Hsfr3                                  sfr3         00000
__Hsfr30                                 sfr30        00000
__Hsfr31                                 sfr31        00000
__Hsfr4                                  sfr4         00000
__Hsfr5                                  sfr5         00000
__Hsfr6                                  sfr6         00000
__Hsfr7                                  sfr7         00000
__Hsfr8                                  sfr8         00000
__Hsfr9                                  sfr9         00000
__Hspace_0                               (abs)        08009
__Hspace_1                               (abs)        00145
__Hspace_2                               (abs)        00000
__Hspace_3                               (abs)        00000
__Hstack                                 stack        00000
__Hstrings                               strings      00000
__Htext                                  text         00000
__Labs1                                  abs1         00000
__Lbank0                                 bank0        00000
__Lbank1                                 bank1        00000
__Lbank10                                bank10       00000
__Lbank11                                bank11       00000
__Lbank12                                bank12       00000
__Lbank13                                bank13       00000
__Lbank14                                bank14       00000
__Lbank15                                bank15       00000
__Lbank16                                bank16       00000
__Lbank17                                bank17       00000
__Lbank18                                bank18       00000
__Lbank19                                bank19       00000
__Lbank2                                 bank2        00000
__Lbank20                                bank20       00000
__Lbank21                                bank21       00000
__Lbank22                                bank22       00000
__Lbank23                                bank23       00000
__Lbank24                                bank24       00000
__Lbank25                                bank25       00000
__Lbank26                                bank26       00000
__Lbank27                                bank27       00000
__Lbank28                                bank28       00000
__Lbank29                                bank29       00000
__Lbank3                                 bank3        00000
__Lbank30                                bank30       00000
__Lbank31                                bank31       00000
__Lbank4                                 bank4        00000
__Lbank5                                 bank5        00000
__Lbank6                                 bank6        00000
__Lbank7                                 bank7        00000
__Lbank8                                 bank8        00000
__Lbank9                                 bank9        00000
__Lbigram                                bigram       00000
__LbssBANK0                              bssBANK0     00000
__LbssBANK1                              bssBANK1     00000
__LbssBANK2                              bssBANK2     00000
__LbssCOMMON                             bssCOMMON    00000
__Lcinit                                 cinit        00015
__Lclrtext                               clrtext      00000
__Lcode                                  code         00000
__Lcommon                                common       00000
__Lconfig                                config       08007
__LcstackBANK0                           cstackBANK0  00000
__LcstackCOMMON                          cstackCOMMON 00000
__LdataBANK1                             dataBANK1    00000
__Leeprom_data                           eeprom_data  00000
__Lend_init                              end_init     00013
__Lfunctab                               functab      00000
__LidataBANK1                            idataBANK1   00000
__Lidloc                                 idloc        00000
__Linit                                  init         00013
__Linittext                              inittext     00000
__Lintentry                              intentry     00004
__Lmaintext                              maintext     00000
__LnvBANK0                               nvBANK0      00000
__Lpowerup                               powerup      00000
__Lram                                   ram          00000
__Lreset_vec                             reset_vec    00000
__Lsfr0                                  sfr0         00000
__Lsfr1                                  sfr1         00000
__Lsfr10                                 sfr10        00000
__Lsfr11                                 sfr11        00000
__Lsfr12                                 sfr12        00000
__Lsfr13                                 sfr13        00000
__Lsfr14                                 sfr14        00000
__Lsfr15                                 sfr15        00000
__Lsfr16                                 sfr16        00000
__Lsfr17                                 sfr17        00000
__Lsfr18                                 sfr18        00000
__Lsfr19                                 sfr19        00000
__Lsfr2                                  sfr2         00000
__Lsfr20                                 sfr20        00000
__Lsfr21                                 sfr21        00000
__Lsfr22                                 sfr22        00000
__Lsfr23                                 sfr23        00000
__Lsfr24                                 sfr24        00000
__Lsfr25                                 sfr25        00000
__Lsfr26                                 sfr26        00000
__Lsfr27                                 sfr27        00000
__Lsfr28                                 sfr28        00000
__Lsfr29                                 sfr29        00000
__Lsfr3                                  sfr3         00000
__Lsfr30                                 sfr30        00000
__Lsfr31                                 sfr31        00000
__Lsfr4                                  sfr4         00000
__Lsfr5                                  sfr5         00000
__Lsfr6                                  sfr6         00000
__Lsfr7                                  sfr7         00000
__Lsfr8                                  sfr8         00000
__Lsfr9                                  sfr9         00000
__Lspace_0                               (abs)        00000
__Lspace_1                               (abs)        00000
__Lspace_2                               (abs)        00000
__Lspace_3                               (abs)        00000
__Lstack                                 stack        00000
__Lstrings                               strings      00000
__Ltext                                  text         00000
__S0                                     (abs)        08009
__S1                                     (abs)        00145
__S2                                     (abs)        00000
___awdiv                                 text58       00609
___awdiv@counter                         cstackBANK0  00025
___awdiv@dividend                        cstackBANK0  00022
___awdiv@divisor                         cstackBANK0  00020
___awdiv@quotient                        cstackBANK0  00027
___awdiv@sign                            cstackBANK0  00026
___awtoft                                text44       00D39
___awtoft@c                              cstackBANK0  00028
___awtoft@sign                           cstackBANK0  0002D
___ftdiv                                 text43       00368
___ftdiv@cntr                            cstackBANK0  00038
___ftdiv@exp                             cstackBANK0  0003C
___ftdiv@f1                              cstackBANK0  00031
___ftdiv@f2                              cstackBANK0  0002E
___ftdiv@f3                              cstackBANK0  00039
___ftdiv@sign                            cstackBANK0  0003D
___ftpack                                text45       00498
___ftpack@arg                            cstackBANK0  00020
___ftpack@exp                            cstackBANK0  00023
___ftpack@sign                           cstackBANK0  00024
___fttol                                 text42       00411
___fttol@exp1                            cstackBANK0  0004B
___fttol@f1                              cstackBANK0  0003E
___fttol@lval                            cstackBANK0  00047
___fttol@sign1                           cstackBANK0  00046
___int_sp                                stack        00000
___latbits                               (abs)        00002
___sp                                    stack        00000
__end_of_ADC_Set                         text30       00B2D
__end_of_Buzzer_Initialization           text64       00AFD
__end_of_Buzzer_Main                     text63       01000
__end_of_DimmerIntrIOCPointSelect        text74       00B49
__end_of_DimmerIntrPointSelect           text70       00B53
__end_of_DimmerLightsPointSelect         text61       00B7D
__end_of_DimmerLights_Initialization     text59       00BAA
__end_of_DimmerLights_Main               text50       00B05
__end_of_Dimmer_Initialization           text62       00800
__end_of_Flash_Memory_Erasing            text39       00BCE
__end_of_Flash_Memory_Initialization     text40       00368
__end_of_Flash_Memory_Main               text35       00F87
__end_of_Flash_Memory_Modify             text38       006F4
__end_of_Flash_Memory_Read               text49       00CC2
__end_of_Flash_Memory_Unlock             text48       00B36
__end_of_Flash_Memory_Write              text47       00E56
__end_of_Fosc_Set                        text29       00B11
__end_of_IOC_ISR                         text71       00C04
__end_of_IOC_Set                         text28       00BE7
__end_of_IO_Set                          text27       00CA8
__end_of_ISR                             intentry     00013
__end_of_LED_Initialization              text33       00B09
__end_of_LED_Main                        text31       00B0D
__end_of_LedPointSelect                  text55       00B88
__end_of_Mcu_Initialization              text24       00C66
__end_of_SwPointSelect                   text11       00B9E
__end_of_Switch_Initialization           text19       00B3F
__end_of_Switch_Main                     text5        00CFB
__end_of_TMR1_ISR                        text66       00DA2
__end_of_TMR1_Set                        text26       00BDA
__end_of_Timeout_Counter                 text23       00C7B
__end_of_TouchPower                      text21       00C90
__end_of_WDT_Clearing                    text4        00004
__end_of_WDT_Main                        text3        00C43
__end_of_WDT_Set                         text25       00B5D
__end_of___awdiv                         text58       0065D
__end_of___awtoft                        text44       00D5B
__end_of___ftdiv                         text43       00411
__end_of___ftpack                        text45       004F9
__end_of___fttol                         text42       00498
__end_of__initialization                 cinit        0003C
__end_of_getAll_DimmerLights_AdjGO       text9        00B67
__end_of_getDimmerLights_Line            text17       00B93
__end_of_getDimmerLights_Status          text37       00C13
__end_of_getMain_All_Error_Status        text18       00B15
__end_of_getMain_LightsStatus            text36       00DCC
__end_of_getSw_KeyStatus                 text10       00C54
__end_of_main                            maintext     00F1C
__end_of_myMain_Initialization           text2        00BF5
__end_of_my_MainTimer                    text1        00FC0
__end_of_setBuz                          text57       0077F
__end_of_setDimmerLights                 text53       00559
__end_of_setDimmerLights_Adj             text52       00E27
__end_of_setDimmerLights_AdjControl      text8        00EB6
__end_of_setDimmerLights_ErrorClose      text13       00609
__end_of_setDimmerLights_Initialization  text60       00D7E
__end_of_setDimmerLights_IntrControl     text67       00298
__end_of_setDimmerLights_IntrIOC_GO      text73       00DF9
__end_of_setDimmerLights_Line            text56       00BB6
__end_of_setDimmerLights_Main            text51       006AC
__end_of_setDimmerLights_SwOff           text14       007C2
__end_of_setDimmerLights_SwOn            text7        007FF
__end_of_setDimmerLights_Trigger         text16       00CDE
__end_of_setDimmerLights_TriggerAdj      text15       00D19
__end_of_setDimmerReClock                text72       00B01
__end_of_setLED                          text54       00EE9
__end_of_setLED_Initialization           text34       00C23
__end_of_setLED_Main                     text32       00E85
__end_of_setMain_Exception               text12       005B5
__end_of_setMemory_Data                  text46       00BC2
__end_of_setPercentValue                 text41       0073A
__end_of_setSw_Initialization            text20       00C33
__end_of_setSw_Main                      text6        00178
__end_of_set_TimeoutCleared              text22       00B1A
__end_ofi1_LedPointSelect                text69       00B72
__end_ofi1_setLED                        text68       00F51
__initialization                         cinit        00015
__pbssBANK0                              bssBANK0     00056
__pbssBANK1                              bssBANK1     000A0
__pbssBANK2                              bssBANK2     00120
__pbssCOMMON                             bssCOMMON    0007A
__pcstackBANK0                           cstackBANK0  00020
__pcstackCOMMON                          cstackCOMMON 00070
__pdataBANK1                             dataBANK1    000CC
__pidataBANK1                            idataBANK1   00D19
__pintentry                              intentry     00004
__pmaintext                              maintext     00EE9
__pnvBANK0                               nvBANK0      0006D
__product                                dataBANK1    000CC
__ptext1                                 text1        00F87
__ptext10                                text10       00C43
__ptext11                                text11       00B93
__ptext12                                text12       00559
__ptext13                                text13       005B5
__ptext14                                text14       0077F
__ptext15                                text15       00CFB
__ptext16                                text16       00CC2
__ptext17                                text17       00B88
__ptext18                                text18       00B11
__ptext19                                text19       00B36
__ptext2                                 text2        00BE7
__ptext20                                text20       00C23
__ptext21                                text21       00C7B
__ptext22                                text22       00B15
__ptext23                                text23       00C66
__ptext24                                text24       00C54
__ptext25                                text25       00B53
__ptext26                                text26       00BCE
__ptext27                                text27       00C90
__ptext28                                text28       00BDA
__ptext29                                text29       00B0D
__ptext3                                 text3        00C33
__ptext30                                text30       00B26
__ptext31                                text31       00B09
__ptext32                                text32       00E56
__ptext33                                text33       00B05
__ptext34                                text34       00C13
__ptext35                                text35       00F51
__ptext36                                text36       00DA2
__ptext37                                text37       00C04
__ptext38                                text38       006AC
__ptext39                                text39       00BC2
__ptext4                                 text4        00002
__ptext40                                text40       00298
__ptext41                                text41       006F4
__ptext42                                text42       00411
__ptext43                                text43       00368
__ptext44                                text44       00D39
__ptext45                                text45       00498
__ptext46                                text46       00BB6
__ptext47                                text47       00E27
__ptext48                                text48       00B2D
__ptext49                                text49       00CA8
__ptext5                                 text5        00CDE
__ptext50                                text50       00B01
__ptext51                                text51       0065D
__ptext52                                text52       00DF9
__ptext53                                text53       004F9
__ptext54                                text54       00EB6
__ptext55                                text55       00B7D
__ptext56                                text56       00BAA
__ptext57                                text57       0073A
__ptext58                                text58       00609
__ptext59                                text59       00B9E
__ptext6                                 text6        00040
__ptext60                                text60       00D5B
__ptext61                                text61       00B72
__ptext62                                text62       007FF
__ptext63                                text63       00FC0
__ptext64                                text64       00AFA
__ptext66                                text66       00D7E
__ptext67                                text67       00178
__ptext68                                text68       00F1C
__ptext69                                text69       00B67
__ptext7                                 text7        007C2
__ptext70                                text70       00B49
__ptext71                                text71       00BF5
__ptext72                                text72       00AFD
__ptext73                                text73       00DCC
__ptext74                                text74       00B3F
__ptext8                                 text8        00E85
__ptext9                                 text9        00B5D
__size_of_ADC_Set                        (abs)        00000
__size_of_Buzzer_Initialization          (abs)        00000
__size_of_Buzzer_Main                    (abs)        00000
__size_of_DimmerIntrIOCPointSelect       (abs)        00000
__size_of_DimmerIntrPointSelect          (abs)        00000
__size_of_DimmerLightsPointSelect        (abs)        00000
__size_of_DimmerLights_Initialization    (abs)        00000
__size_of_DimmerLights_Main              (abs)        00000
__size_of_Dimmer_Initialization          (abs)        00000
__size_of_Flash_Memory_Erasing           (abs)        00000
__size_of_Flash_Memory_Initialization    (abs)        00000
__size_of_Flash_Memory_Main              (abs)        00000
__size_of_Flash_Memory_Modify            (abs)        00000
__size_of_Flash_Memory_Read              (abs)        00000
__size_of_Flash_Memory_Unlock            (abs)        00000
__size_of_Flash_Memory_Write             (abs)        00000
__size_of_Fosc_Set                       (abs)        00000
__size_of_IOC_ISR                        (abs)        00000
__size_of_IOC_Set                        (abs)        00000
__size_of_IO_Set                         (abs)        00000
__size_of_ISR                            (abs)        00000
__size_of_LED_Initialization             (abs)        00000
__size_of_LED_Main                       (abs)        00000
__size_of_LedPointSelect                 (abs)        00000
__size_of_Mcu_Initialization             (abs)        00000
__size_of_SwPointSelect                  (abs)        00000
__size_of_Switch_Initialization          (abs)        00000
__size_of_Switch_Main                    (abs)        00000
__size_of_TMR1_ISR                       (abs)        00000
__size_of_TMR1_Set                       (abs)        00000
__size_of_Timeout_Counter                (abs)        00000
__size_of_TouchPower                     (abs)        00000
__size_of_WDT_Clearing                   (abs)        00000
__size_of_WDT_Main                       (abs)        00000
__size_of_WDT_Set                        (abs)        00000
__size_of___awdiv                        (abs)        00000
__size_of___awtoft                       (abs)        00000
__size_of___ftdiv                        (abs)        00000
__size_of___ftpack                       (abs)        00000
__size_of___fttol                        (abs)        00000
__size_of_getAll_DimmerLights_AdjGO      (abs)        00000
__size_of_getDimmerLights_Line           (abs)        00000
__size_of_getDimmerLights_Status         (abs)        00000
__size_of_getMain_All_Error_Status       (abs)        00000
__size_of_getMain_LightsStatus           (abs)        00000
__size_of_getSw_KeyStatus                (abs)        00000
__size_of_main                           (abs)        00000
__size_of_myMain_Initialization          (abs)        00000
__size_of_my_MainTimer                   (abs)        00000
__size_of_setBuz                         (abs)        00000
__size_of_setDimmerLights                (abs)        00000
__size_of_setDimmerLights_Adj            (abs)        00000
__size_of_setDimmerLights_AdjControl     (abs)        00000
__size_of_setDimmerLights_ErrorClose     (abs)        00000
__size_of_setDimmerLights_Initialization (abs)        00000
__size_of_setDimmerLights_IntrControl    (abs)        00000
__size_of_setDimmerLights_IntrIOC_GO     (abs)        00000
__size_of_setDimmerLights_Line           (abs)        00000
__size_of_setDimmerLights_Main           (abs)        00000
__size_of_setDimmerLights_SwOff          (abs)        00000
__size_of_setDimmerLights_SwOn           (abs)        00000
__size_of_setDimmerLights_Trigger        (abs)        00000
__size_of_setDimmerLights_TriggerAdj     (abs)        00000
__size_of_setDimmerReClock               (abs)        00000
__size_of_setLED                         (abs)        00000
__size_of_setLED_Initialization          (abs)        00000
__size_of_setLED_Main                    (abs)        00000
__size_of_setMain_Exception              (abs)        00000
__size_of_setMemory_Data                 (abs)        00000
__size_of_setPercentValue                (abs)        00000
__size_of_setSw_Initialization           (abs)        00000
__size_of_setSw_Main                     (abs)        00000
__size_of_set_TimeoutCleared             (abs)        00000
__size_ofi1_LedPointSelect               (abs)        00000
__size_ofi1_setLED                       (abs)        00000
_getAll_DimmerLights_AdjGO               text9        00B5D
_getDimmerLights_Line                    text17       00B88
_getDimmerLights_Status                  text37       00C04
_getMain_All_Error_Status                text18       00B11
_getMain_LightsStatus                    text36       00DA2
_getSw_KeyStatus                         text10       00C43
_getSw_KeyStatus$4283                    cstackBANK0  00022
_main                                    maintext     00EE9
_myMain                                  bssBANK1     000A0
_myMain_Initialization                   text2        00BE7
_my_MainTimer                            text1        00F87
_product                                 nvBANK0      0006D
_setBuz                                  text57       0073A
_setDimmerLights                         text53       004F9
_setDimmerLights_Adj                     text52       00DF9
_setDimmerLights_AdjControl              text8        00E85
_setDimmerLights_AdjControl$1571         cstackBANK0  00027
_setDimmerLights_ErrorClose              text13       005B5
_setDimmerLights_Initialization          text60       00D5B
_setDimmerLights_IntrControl             text67       00178
_setDimmerLights_IntrIOC_GO              text73       00DCC
_setDimmerLights_Line                    text56       00BAA
_setDimmerLights_Main                    text51       0065D
_setDimmerLights_SwOff                   text14       0077F
_setDimmerLights_SwOn                    text7        007C2
_setDimmerLights_Trigger                 text16       00CC2
_setDimmerLights_TriggerAdj              text15       00CFB
_setDimmerReClock                        text72       00AFD
_setLED                                  text54       00EB6
_setLED_Initialization                   text34       00C13
_setLED_Main                             text32       00E56
_setMain_Exception                       text12       00559
_setMain_Exception$2531                  cstackBANK0  00031
_setMemory_Data                          text46       00BB6
_setPercentValue                         text41       006F4
_setSw_Initialization                    text20       00C23
_setSw_Main                              text6        00040
_set_TimeoutCleared                      text22       00B15
btemp                                    (abs)        0007E
clear_ram0                               clrtext      00B20
end_of_initialization                    cinit        0003C
getAll_DimmerLights_AdjGO@adjgo          cstackBANK0  00020
getDimmerLights_Line@line                cstackBANK0  00020
getDimmerLights_Status@lights            cstackBANK0  00022
getDimmerLights_Status@status            cstackBANK0  00023
getMain_All_Error_Status@status          cstackBANK0  00020
getMain_LightsStatus@count               cstackBANK0  00025
getMain_LightsStatus@i                   cstackBANK0  00026
getMain_LightsStatus@status              cstackBANK0  00028
getSw_KeyStatus@status                   cstackBANK0  00021
i1LedPointSelect@led                     cstackCOMMON 00071
i1_LedPointSelect                        text69       00B67
i1_setLED                                text68       00F1C
i1setLED@command                         cstackCOMMON 00072
i1setLED@led                             cstackCOMMON 00073
init_ram                                 inittext     00B1A
intlevel0                                functab      00000
intlevel1                                functab      00000
intlevel2                                functab      00000
intlevel3                                functab      00000
intlevel4                                functab      00000
intlevel5                                functab      00000
ltemp                                    (abs)        0007E
ltemp0                                   (abs)        0007E
ltemp1                                   (abs)        00082
ltemp2                                   (abs)        00086
ltemp3                                   (abs)        00080
pic14e$flags                             (abs)        0007E
reset_vec                                reset_vec    00000
setBuz@count                             cstackBANK0  0002C
setBuz@time                              cstackBANK0  00029
setDimmerLights@lights                   cstackBANK0  00026
setDimmerLights@status                   cstackBANK0  00024
setDimmerLights_Adj@lights               cstackBANK0  00024
setDimmerLights_Adj@status               cstackBANK0  00022
setDimmerLights_AdjControl@idle          cstackBANK0  00026
setDimmerLights_AdjControl@sw            cstackBANK0  00028
setDimmerLights_ErrorClose@count         cstackBANK0  0002A
setDimmerLights_ErrorClose@i             cstackBANK0  0002C
setDimmerLights_ErrorClose@lights        cstackBANK0  0002B
setDimmerLights_Initialization@lights    cstackBANK0  00023
setDimmerLights_IntrControl@lights       cstackCOMMON 00078
setDimmerLights_IntrIOC_GO@lights        cstackCOMMON 00072
setDimmerLights_Line@lights              cstackBANK0  00020
setDimmerLights_Main@lights              cstackBANK0  0002D
setDimmerLights_SwOff@command            cstackBANK0  00027
setDimmerLights_SwOff@sw                 cstackBANK0  00028
setDimmerLights_SwOn@idle                cstackBANK0  0002E
setDimmerLights_SwOn@sw                  cstackBANK0  0002F
setDimmerLights_Trigger@command          cstackBANK0  00022
setDimmerLights_Trigger@lights           cstackBANK0  00024
setDimmerLights_TriggerAdj@command       cstackBANK0  00022
setDimmerLights_TriggerAdj@lights        cstackBANK0  00024
setLED@command                           cstackBANK0  00022
setLED@led                               cstackBANK0  00023
setLED_Initialization@led                cstackBANK0  00024
setLED_Main@led                          cstackBANK0  00024
setMain_Exception@buz                    cstackBANK0  00030
setMain_Exception@command                cstackBANK0  00034
setMain_Exception@status                 cstackBANK0  00033
setMemory_Data@address                   cstackBANK0  00022
setMemory_Data@data                      cstackBANK0  00020
setPercentValue@i                        cstackBANK0  0004D
setPercentValue@value                    cstackBANK0  0004C
setSw_Initialization@sw                  cstackBANK0  00024
setSw_Main@sw                            cstackBANK0  00032
stackhi                                  (abs)        021EF
stacklo                                  (abs)        020C5
start                                    init         00013
start_initialization                     cinit        00015
ttemp                                    (abs)        0007E
ttemp0                                   (abs)        0007E
ttemp1                                   (abs)        00081
ttemp2                                   (abs)        00084
ttemp3                                   (abs)        00087
ttemp4                                   (abs)        0007F
wtemp                                    (abs)        0007E
wtemp0                                   (abs)        0007E
wtemp1                                   (abs)        00080
wtemp2                                   (abs)        00082
wtemp3                                   (abs)        00084
wtemp4                                   (abs)        00086
wtemp5                                   (abs)        00088
wtemp6                                   (abs)        0007F


FUNCTION INFORMATION:

 *************** function _main *****************
 Defined at:
		line 7 in file "../src/Main_B1.c"
 Parameters:    Size  Location     Type
  argc            2   50[BANK0 ] int 
  argv            2   52[BANK0 ] PTR PTR unsigned char 
 Auto vars:     Size  Location     Type
		None
 Return value:  Size  Location     Type
                  2   50[BANK0 ] int 
 Registers used:
		wreg, fsr0l, fsr0h, fsr1l, fsr1h, status,2, status,0, pclath, cstack
 Tracked objects:
		On entry : 
		On exit  : 
		Unchanged: 
 Data sizes:     COMMON   BANK0   BANK1   BANK2   BANK3   BANK4   BANK5   BANK6
      Params:         0       4       0       0       0       0       0       0
      Locals:         0       0       0       0       0       0       0       0
      Temps:          0       0       0       0       0       0       0       0
      Totals:         0       4       0       0       0       0       0       0
Total ram usage:        4 bytes
 Hardware stack levels required when called:   11
 This function calls:
		_Buzzer_Initialization
		_Buzzer_Main
		_DimmerLights_Initialization
		_DimmerLights_Main
		_Flash_Memory_Initialization
		_Flash_Memory_Main
		_LED_Initialization
		_LED_Main
		_Mcu_Initialization
		_Switch_Initialization
		_Switch_Main
		_WDT_Main
		_myMain_Initialization
		_my_MainTimer
 This function is called by:
		Startup code after reset
 This function uses a non-reentrant model


 *************** function _my_MainTimer *****************
 Defined at:
		line 180 in file "../src/Main_B1.c"
 Parameters:    Size  Location     Type
		None
 Auto vars:     Size  Location     Type
		None
 Return value:  Size  Location     Type
		None               void
 Registers used:
		wreg, fsr1l, fsr1h, status,2, status,0, pclath, cstack
 Tracked objects:
		On entry : 
		On exit  : 
		Unchanged: 
 Data sizes:     COMMON   BANK0   BANK1   BANK2   BANK3   BANK4   BANK5   BANK6
      Params:         0       0       0       0       0       0       0       0
      Locals:         0       0       0       0       0       0       0       0
      Temps:          0       0       0       0       0       0       0       0
      Totals:         0       0       0       0       0       0       0       0
Total ram usage:        0 bytes
 Hardware stack levels used:    1
 Hardware stack levels required when called:    7
 This function calls:
		_setBuz
 This function is called by:
		_main
 This function uses a non-reentrant model


 *************** function _myMain_Initialization *****************
 Defined at:
		line 167 in file "../src/Main_B1.c"
 Parameters:    Size  Location     Type
		None
 Auto vars:     Size  Location     Type
		None
 Return value:  Size  Location     Type
		None               void
 Registers used:
		wreg, fsr1l, fsr1h
 Tracked objects:
		On entry : 
		On exit  : 
		Unchanged: 
 Data sizes:     COMMON   BANK0   BANK1   BANK2   BANK3   BANK4   BANK5   BANK6
      Params:         0       0       0       0       0       0       0       0
      Locals:         0       0       0       0       0       0       0       0
      Temps:          0       1       0       0       0       0       0       0
      Totals:         0       1       0       0       0       0       0       0
Total ram usage:        1 bytes
 Hardware stack levels used:    1
 Hardware stack levels required when called:    5
 This function calls:
		Nothing
 This function is called by:
		_main
 This function uses a non-reentrant model


 *************** function _WDT_Main *****************
 Defined at:
		line 1033 in file "../src/MCU_B1.c"
 Parameters:    Size  Location     Type
		None
 Auto vars:     Size  Location     Type
		None
 Return value:  Size  Location     Type
		None               void
 Registers used:
		wreg, status,2, status,0, pclath, cstack
 Tracked objects:
		On entry : 
		On exit  : 
		Unchanged: 
 Data sizes:     COMMON   BANK0   BANK1   BANK2   BANK3   BANK4   BANK5   BANK6
      Params:         0       0       0       0       0       0       0       0
      Locals:         0       0       0       0       0       0       0       0
      Temps:          0       1       0       0       0       0       0       0
      Totals:         0       1       0       0       0       0       0       0
Total ram usage:        1 bytes
 Hardware stack levels used:    1
 Hardware stack levels required when called:    6
 This function calls:
		_WDT_Clearing
 This function is called by:
		_main
 This function uses a non-reentrant model


 *************** function _WDT_Clearing *****************
 Defined at:
		line 1043 in file "../src/MCU_B1.c"
 Parameters:    Size  Location     Type
		None
 Auto vars:     Size  Location     Type
		None
 Return value:  Size  Location     Type
		None               void
 Registers used:
		None
 Tracked objects:
		On entry : 
		On exit  : 
		Unchanged: 
 Data sizes:     COMMON   BANK0   BANK1   BANK2   BANK3   BANK4   BANK5   BANK6
      Params:         0       0       0       0       0       0       0       0
      Locals:         0       0       0       0       0       0       0       0
      Temps:          0       0       0       0       0       0       0       0
      Totals:         0       0       0       0       0       0       0       0
Total ram usage:        0 bytes
 Hardware stack levels used:    1
 Hardware stack levels required when called:    5
 This function calls:
		Nothing
 This function is called by:
		_WDT_Main
 This function uses a non-reentrant model


 *************** function _Switch_Main *****************
 Defined at:
		line 72 in file "../src/Switch_B1.c"
[...]
 Auto vars:     Size  Location     Type
  lights          1    1[BANK0 ] unsigned char 
 Return value:  Size  Location     Type
		None               void
 Registers used:
		wreg
 Tracked objects:
		On entry : 
		On exit  : 
		Unchanged: 
 Data sizes:     COMMON   BANK0   BANK1   BANK2   BANK3   BANK4   BANK5   BANK6
      Params:         0       0       0       0       0       0       0       0
      Locals:         0       1       0       0       0       0       0       0
      Temps:          0       1       0       0       0       0       0       0
      Totals:         0       2       0       0       0       0       0       0
Total ram usage:        2 bytes
 Hardware stack levels used:    1
 Hardware stack levels required when called:    5
 This function calls:
		Nothing
 This function is called by:
		_setDimmerLights_Initialization
		_setDimmerLights_Main
		_getDimmerLights_Status
		_setDimmerLights_SwOn
		_setDimmerLights_SwOff
		_setDimmerLights_AdjControl
		_setDimmerLights_ErrorClose
		_setDimmerLights
		_setDimmerLights_Adj
		_setDimmerLights_Trigger
		_setDimmerLights_TriggerAdj
		_setDimmerLights_Status
		_setDimmerLights_AdjRF
		_setDimmerLights_GO
		_setDimmerLights_MaxmumValue
 This function uses a non-reentrant model


 *************** function _Dimmer_Initialization *****************
 Defined at:
		line 901 in file "../src/Dimmer_B1.c"
 Parameters:    Size  Location     Type
		None
 Auto vars:     Size  Location     Type
		None
 Return value:  Size  Location     Type
		None               void
 Registers used:
		None
 Tracked objects:
		On entry : 
		On exit  : 
		Unchanged: 
 Data sizes:     COMMON   BANK0   BANK1   BANK2   BANK3   BANK4   BANK5   BANK6
      Params:         0       0       0       0       0       0       0       0
      Locals:         0       0       0       0       0       0       0       0
      Temps:          0       0       0       0       0       0       0       0
      Totals:         0       0       0       0       0       0       0       0
Total ram usage:        0 bytes
 Hardware stack levels used:    1
 Hardware stack levels required when called:    5
 This function calls:
		Nothing
 This function is called by:
		_DimmerLights_Initialization
 This function uses a non-reentrant model


 *************** function _Buzzer_Main *****************
 Defined at:
		line 46 in file "../src/Buzzer_B1.c"
 Parameters:    Size  Location     Type
		None
 Auto vars:     Size  Location     Type
		None
 Return value:  Size  Location     Type
		None               void
 Registers used:
		wreg, status,2, status,0
 Tracked objects:
		On entry : 
		On exit  : 
		Unchanged: 
 Data sizes:     COMMON   BANK0   BANK1   BANK2   BANK3   BANK4   BANK5   BANK6
      Params:         0       0       0       0       0       0       0       0
      Locals:         0       0       0       0       0       0       0       0
      Temps:          0       1       0       0       0       0       0       0
      Totals:         0       1       0       0       0       0       0       0
Total ram usage:        1 bytes
 Hardware stack levels used:    1
 Hardware stack levels required when called:    5
 This function calls:
		Nothing
 This function is called by:
		_main
 This function uses a non-reentrant model


 *************** function _Buzzer_Initialization *****************
 Defined at:
		line 11 in file "../src/Buzzer_B1.c"
 Parameters:    Size  Location     Type
		None
 Auto vars:     Size  Location     Type
		None
 Return value:  Size  Location     Type
		None               void
 Registers used:
		None
 Tracked objects:
		On entry : 
		On exit  : 
		Unchanged: 
 Data sizes:     COMMON   BANK0   BANK1   BANK2   BANK3   BANK4   BANK5   BANK6
      Params:         0       0       0       0       0       0       0       0
      Locals:         0       0       0       0       0       0       0       0
      Temps:          0       0       0       0       0       0       0       0
      Totals:         0       0       0       0       0       0       0       0
Total ram usage:        0 bytes
 Hardware stack levels used:    1
 Hardware stack levels required when called:    5
 This function calls:
		Nothing
 This function is called by:
		_main
 This function uses a non-reentrant model


 *************** function _ISR *****************
 Defined at:
		line 107 in file "../src/MCU_B1.c"
 Parameters:    Size  Location     Type
		None
 Auto vars:     Size  Location     Type
		None
 Return value:  Size  Location     Type
		None               void
 Registers used:
		wreg, fsr0l, fsr0h, fsr1l, fsr1h, status,2, status,0, pclath, cstack
 Tracked objects:
		On entry : 
		On exit  : 
		Unchanged: 
 Data sizes:     COMMON   BANK0   BANK1   BANK2   BANK3   BANK4   BANK5   BANK6
      Params:         0       0       0       0       0       0       0       0
      Locals:         0       0       0       0       0       0       0       0
      Temps:          1       0       0       0       0       0       0       0
      Totals:         1       0       0       0       0       0       0       0
Total ram usage:        1 bytes
 Hardware stack levels used:    1
 Hardware stack levels required when called:    4
 This function calls:
		_IOC_ISR
		_TMR1_ISR
 This function is called by:
		Interrupt level 1
 This function uses a non-reentrant model


 *************** function _TMR1_ISR *****************
 Defined at:
		line 209 in file "../src/MCU_B1.c"
 Parameters:    Size  Location     Type
		None
 Auto vars:     Size  Location     Type
		None
 Return value:  Size  Location     Type
		None               void
 Registers used:
		wreg, fsr0l, fsr0h, fsr1l, fsr1h, status,2, status,0, pclath, cstack
 Tracked objects:
		On entry : 
		On exit  : 
		Unchanged: 
 Data sizes:     COMMON   BANK0   BANK1   BANK2   BANK3   BANK4   BANK5   BANK6
      Params:         0       0       0       0       0       0       0       0
      Locals:         0       0       0       0       0       0       0       0
      Temps:          0       0       0       0       0       0       0       0
      Totals:         0       0       0       0       0       0       0       0
Total ram usage:        0 bytes
 Hardware stack levels used:    1
 Hardware stack levels required when called:    3
 This function calls:
		_setDimmerLights_IntrControl
 This function is called by:
		_ISR
 This function uses a non-reentrant model


 *************** function _setDimmerLights_IntrControl *****************
 Defined at:
		line 93 in file "../src/Dimmer_B1.c"
 Parameters:    Size  Location     Type
  lights          1    wreg     unsigned char 
 Auto vars:     Size  Location     Type
  lights          1    8[COMMON] unsigned char 
 Return value:  Size  Location     Type
		None               void
 Registers used:
		wreg, fsr0l, fsr0h, fsr1l, fsr1h, status,2, status,0, pclath, cstack
 Tracked objects:
		On entry : 
		On exit  : 
		Unchanged: 
 Data sizes:     COMMON   BANK0   BANK1   BANK2   BANK3   BANK4   BANK5   BANK6
      Params:         0       0       0       0       0       0       0       0
      Locals:         1       0       0       0       0       0       0       0
      Temps:          4       0       0       0       0       0       0       0
      Totals:         5       0       0       0       0       0       0       0
Total ram usage:        5 bytes
 Hardware stack levels used:    1
 Hardware stack levels required when called:    2
 This function calls:
		_DimmerIntrPointSelect
		i1_setLED
 This function is called by:
		_TMR1_ISR
 This function uses a non-reentrant model


 *************** function i1_setLED *****************
 Defined at:
		line 73 in file "../src/LED_B1.c"
 Parameters:    Size  Location     Type
  led             1    wreg     unsigned char 
  command         1    2[COMMON] unsigned char 
 Auto vars:     Size  Location     Type
  led             1    3[COMMON] unsigned char 
 Return value:  Size  Location     Type
		None               void
 Registers used:
		wreg, fsr1l, fsr1h, status,2, status,0, pclath, cstack
 Tracked objects:
		On entry : 
		On exit  : 
		Unchanged: 
 Data sizes:     COMMON   BANK0   BANK1   BANK2   BANK3   BANK4   BANK5   BANK6
      Params:         1       0       0       0       0       0       0       0
      Locals:         1       0       0       0       0       0       0       0
      Temps:          0       0       0       0       0       0       0       0
      Totals:         2       0       0       0       0       0       0       0
Total ram usage:        2 bytes
 Hardware stack levels used:    1
 Hardware stack levels required when called:    1
 This function calls:
		i1_LedPointSelect
 This function is called by:
		_setDimmerLights_IntrControl
 This function uses a non-reentrant model


 *************** function i1_LedPointSelect *****************
 Defined at:
		line 7 in file "../src/LED_B1.c"
 Parameters:    Size  Location     Type
  led             1    wreg     unsigned char 
 Auto vars:     Size  Location     Type
  led             1    1[COMMON] unsigned char 
 Return value:  Size  Location     Type
		None               void
 Registers used:
		wreg
 Tracked objects:
		On entry : 
		On exit  : 
		Unchanged: 
 Data sizes:     COMMON   BANK0   BANK1   BANK2   BANK3   BANK4   BANK5   BANK6
      Params:         0       0       0       0       0       0       0       0
      Locals:         1       0       0       0       0       0       0       0
      Temps:          1       0       0       0       0       0       0       0
      Totals:         2       0       0       0       0       0       0       0
Total ram usage:        2 bytes
 Hardware stack levels used:    1
 This function calls:
		Nothing
 This function is called by:
		i1_setLED
 This function uses a non-reentrant model


 *************** function _DimmerIntrPointSelect *****************
 Defined at:
		line 71 in file "../src/Dimmer_B1.c"
 Parameters:    Size  Location     Type
  lights          1    wreg     unsigned char 
 Auto vars:     Size  Location     Type
  lights          1    1[COMMON] unsigned char 
 Return value:  Size  Location     Type
		None               void
 Registers used:
		wreg
 Tracked objects:
		On entry : 
		On exit  : 
		Unchanged: 
 Data sizes:     COMMON   BANK0   BANK1   BANK2   BANK3   BANK4   BANK5   BANK6
      Params:         0       0       0       0       0       0       0       0
      Locals:         1       0       0       0       0       0       0       0
      Temps:          1       0       0       0       0       0       0       0
      Totals:         2       0       0       0       0       0       0       0
Total ram usage:        2 bytes
 Hardware stack levels used:    1
 This function calls:
		Nothing
 This function is called by:
		_setDimmerLights_IntrControl
 This function uses a non-reentrant model


 *************** function _IOC_ISR *****************
 Defined at:
		line 401 in file "../src/MCU_B1.c"
 Parameters:    Size  Location     Type
		None
 Auto vars:     Size  Location     Type
		None
 Return value:  Size  Location     Type
		None               void
 Registers used:
		wreg, fsr1l, fsr1h, status,2, status,0, pclath, cstack
 Tracked objects:
		On entry : 
		On exit  : 
		Unchanged: 
 Data sizes:     COMMON   BANK0   BANK1   BANK2   BANK3   BANK4   BANK5   BANK6
      Params:         0       0       0       0       0       0       0       0
      Locals:         0       0       0       0       0       0       0       0
      Temps:          0       0       0       0       0       0       0       0
      Totals:         0       0       0       0       0       0       0       0
Total ram usage:        0 bytes
 Hardware stack levels used:    1
 Hardware stack levels required when called:    3
 This function calls:
		_setDimmerReClock
 This function is called by:
		_ISR
 This function uses a non-reentrant model


 *************** function _setDimmerReClock *****************
 Defined at:
		line 244 in file "../src/MCU_B1.c"
 Parameters:    Size  Location     Type
		None
 Auto vars:     Size  Location     Type
		None
 Return value:  Size  Location     Type
		None               void
 Registers used:
		wreg, fsr1l, fsr1h, status,2, status,0, pclath, cstack
 Tracked objects:
		On entry : 
		On exit  : 
		Unchanged: 
 Data sizes:     COMMON   BANK0   BANK1   BANK2   BANK3   BANK4   BANK5   BANK6
      Params:         0       0       0       0       0       0       0       0
      Locals:         0       0       0       0       0       0       0       0
      Temps:          0       0       0       0       0       0       0       0
      Totals:         0       0       0       0       0       0       0       0
Total ram usage:        0 bytes
 Hardware stack levels used:    1
 Hardware stack levels required when called:    2
 This function calls:
		_setDimmerLights_IntrIOC_GO
 This function is called by:
		_IOC_ISR
 This function uses a non-reentrant model


 *************** function _setDimmerLights_IntrIOC_GO *****************
 Defined at:
		line 28 in file "../src/Dimmer_B1.c"
 Parameters:    Size  Location     Type
  lights          1    wreg     unsigned char 
 Auto vars:     Size  Location     Type
  lights          1    2[COMMON] unsigned char 
 Return value:  Size  Location     Type
		None               void
 Registers used:
		wreg, fsr1l, fsr1h, status,2, status,0, pclath, cstack
 Tracked objects:
		On entry : 
		On exit  : 
		Unchanged: 
 Data sizes:     COMMON   BANK0   BANK1   BANK2   BANK3   BANK4   BANK5   BANK6
      Params:         0       0       0       0       0       0       0       0
      Locals:         1       0       0       0       0       0       0       0
      Temps:          0       0       0       0       0       0       0       0
      Totals:         1       0       0       0       0       0       0       0
Total ram usage:        1 bytes
 Hardware stack levels used:    1
 Hardware stack levels required when called:    1
 This function calls:
		_DimmerIntrIOCPointSelect
 This function is called by:
		_setDimmerReClock
 This function uses a non-reentrant model


 *************** function _DimmerIntrIOCPointSelect *****************
 Defined at:
		line 8 in file "../src/Dimmer_B1.c"
 Parameters:    Size  Location     Type
  lights          1    wreg     unsigned char 
 Auto vars:     Size  Location     Type
  lights          1    1[COMMON] unsigned char 
 Return value:  Size  Location     Type
		None               void
 Registers used:
		wreg
 Tracked objects:
		On entry : 
		On exit  : 
		Unchanged: 
 Data sizes:     COMMON   BANK0   BANK1   BANK2   BANK3   BANK4   BANK5   BANK6
      Params:         0       0       0       0       0       0       0       0
      Locals:         1       0       0       0       0       0       0       0
      Temps:          1       0       0       0       0       0       0       0
      Totals:         2       0       0       0       0       0       0       0
Total ram usage:        2 bytes
 Hardware stack levels used:    1
 This function calls:
		Nothing
 This function is called by:
		_setDimmerLights_IntrIOC_GO
 This function uses a non-reentrant model



MODULE INFORMATION

Module		Function		Class		Link	Load	Size
C:\Program Files (x86)\Microchip\xc8\v1.32\sources\common\float.c
		___ftpack      		CODE           	0498	0000	97

C:\Program Files (x86)\Microchip\xc8\v1.32\sources\common\float.c estimated size: 97

C:\Program Files (x86)\Microchip\xc8\v1.32\sources\common\awtoft.c
		___awtoft      		CODE           	0D39	0000	34

C:\Program Files (x86)\Microchip\xc8\v1.32\sources\common\awtoft.c estimated size: 34

../src/MCU_B1.c
		_Fosc_Set      		CODE           	0B0D	0000	4
		_IO_Set        		CODE           	0C90	0000	24
		_WDT_Set       		CODE           	0B53	0000	10
		_WDT_Main      		CODE           	0C33	0000	16
		_ADC_Set       		CODE           	0B26	0000	7
		_IOC_ISR       		CODE           	0BF5	0000	15
		_ISR           		CODE           	0004	0000	15
		_Flash_Memory_W		CODE           	0E27	0000	47
		_Flash_Memory_M		CODE           	06AC	0000	72
		_IOC_Set       		CODE           	0BDA	0000	13
		_WDT_Clearing  		CODE           	0002	0000	2
		_Mcu_Initializa		CODE           	0C54	0000	18
		_setMemory_Data		CODE           	0BB6	0000	12
		_Flash_Memory_I		CODE           	0298	0000	208
		_TMR1_Set      		CODE           	0BCE	0000	12
		_Flash_Memory_U		CODE           	0B2D	0000	9
		_Flash_Memory_R		CODE           	0CA8	0000	26
		_Flash_Memory_E		CODE           	0BC2	0000	12
		_TMR1_ISR      		CODE           	0D7E	0000	36
		_setDimmerReClo		CODE           	0AFD	0000	4
		_Flash_Memory_M		CODE           	0F51	0000	54

../src/MCU_B1.c estimated size: 616

../src/Buzzer_B1.c
		_Buzzer_Main   		CODE           	0FC0	0000	64
		_setBuz        		CODE           	073A	0000	69
		_Buzzer_Initial		CODE           	0AFA	0000	3

../src/Buzzer_B1.c estimated size: 136

../src/LED_B1.c
		_setLED        		CODE           	0EB6	0000	51
		_LED_Main      		CODE           	0B09	0000	4
		_setLED_Initial		CODE           	0C13	0000	16
		_LedPointSelect		CODE           	0B7D	0000	11
		_setLED_Main   		CODE           	0E56	0000	47
		_LED_Initializa		CODE           	0B05	0000	4

../src/LED_B1.c estimated size: 133

C:\Program Files (x86)\Microchip\xc8\v1.32\sources\common\fttol.c
		___fttol       		CODE           	0411	0000	135

C:\Program Files (x86)\Microchip\xc8\v1.32\sources\common\fttol.c estimated size: 135

C:\Program Files (x86)\Microchip\xc8\v1.32\sources\common\awdiv.c
		___awdiv       		CODE           	0609	0000	84

C:\Program Files (x86)\Microchip\xc8\v1.32\sources\common\awdiv.c estimated size: 84

../src/Main_B1.c
		_getMain_Lights		CODE           	0DA2	0000	42
		_my_MainTimer  		CODE           	0F87	0000	57
		_main          		CODE           	0EE9	0000	51
		_Timeout_Counte		CODE           	0C66	0000	21
		_myMain_Initial		CODE           	0BE7	0000	14
		_getMain_All_Er		CODE           	0B11	0000	4
		_set_TimeoutCle		CODE           	0B15	0000	5
		_setMain_Except		CODE           	0559	0000	92

../src/Main_B1.c estimated size: 286

shared
		__initializatio		CODE           	0015	0000	39
		i1_setLED      		CODE           	0F1C	0000	53
		i1_LedPointSele		CODE           	0B67	0000	11

shared estimated size: 103

../src/Switch_B1.c
		_Switch_Main   		CODE           	0CDE	0000	29
		_SwPointSelect 		CODE           	0B93	0000	11
		_TouchPower    		CODE           	0C7B	0000	21
		_setSw_Main    		CODE           	0040	0000	312
		_getSw_KeyStatu		CODE           	0C43	0000	17
		_setSw_Initiali		CODE           	0C23	0000	16
		_Switch_Initial		CODE           	0B36	0000	9

../src/Switch_B1.c estimated size: 415

../src/Dimmer_B1.c
		_DimmerLightsPo		CODE           	0B72	0000	11
		_getDimmerLight		CODE           	0C04	0000	15
		_setDimmerLight		CODE           	077F	0000	67
		_DimmerIntrPoin		CODE           	0B49	0000	10
		_DimmerLights_M		CODE           	0B01	0000	4
		_setDimmerLight		CODE           	07C2	0000	61
		_getAll_DimmerL		CODE           	0B5D	0000	10
		_getDimmerLight		CODE           	0B88	0000	11
		_setDimmerLight		CODE           	0178	0000	288
		_DimmerIntrIOCP		CODE           	0B3F	0000	10
		_setDimmerLight		CODE           	0DF9	0000	46
		_setDimmerLight		CODE           	04F9	0000	96
		_setDimmerLight		CODE           	0BAA	0000	12
		_setDimmerLight		CODE           	05B5	0000	84
		_setDimmerLight		CODE           	0CC2	0000	28
		_setDimmerLight		CODE           	0CFB	0000	30
		_setPercentValu		CODE           	06F4	0000	70
		_setDimmerLight		CODE           	0D5B	0000	35
		_setDimmerLight		CODE           	0DCC	0000	45
		_Dimmer_Initial		CODE           	07FF	0000	1
		_DimmerLights_I		CODE           	0B9E	0000	12
		_setDimmerLight		CODE           	065D	0000	79
		_setDimmerLight		CODE           	0E85	0000	49

../src/Dimmer_B1.c estimated size: 1074

C:\Program Files (x86)\Microchip\xc8\v1.32\sources\pic\ftdiv.c
		___ftdiv       		CODE           	0368	0000	169

C:\Program Files (x86)\Microchip\xc8\v1.32\sources\pic\ftdiv.c estimated size: 169

