Microchip MPLAB XC8 Compiler V1.32 ()

Linker command line:

--edf=C:\Program Files (x86)\Microchip\xc8\v1.32\dat\en_msgs.txt -cs \
  -h+dist/default/production\1-9-2.Switch_2Key_Dimmer_MOSFET_Neutral.X.production.sym \
  --cmf=dist/default/production\1-9-2.Switch_2Key_Dimmer_MOSFET_Neutral.X.production.cmf \
  -z -Q16F1518 -oC:\Users\taianluo\AppData\Local\Temp\s2qo.6 \
  -Mdist/default/production/1-9-2.Switch_2Key_Dimmer_MOSFET_Neutral.X.production.map \
  -E1 -ver=XC8 -ASTACK=02185h-0231fh -pstack=STACK -ACONST=00h-0FFhx64 \
  -ACODE=00h-07FFhx8 -ASTRCODE=00h-03FFFh -AENTRY=00h-0FFhx64 \
  -ASTRING=00h-0FFhx64 -ACOMMON=070h-07Fh -ABANK0=020h-06Fh \
  -ABANK1=0A0h-0EFh -ABANK2=0120h-016Fh -ABANK3=01A0h-01EFh \
  -ABANK4=0220h-026Fh -ABANK5=02A0h-02EFh -ABANK6=0320h-036Fh \
  -ABANK7=03A0h-03EFh -ABANK8=0420h-046Fh -ABANK9=04A0h-04EFh \
  -ABANK10=0520h-056Fh -ABANK11=05A0h-05EFh -ABANK12=0620h-064Fh \
  -ABIGRAM=02000h-023EFh \
  -ARAM=020h-06Fh,0A0h-0EFh,0120h-016Fh,01A0h-01EFh,0220h-026Fh,02A0h-02EFh,0320h-036Fh,03A0h-03EFh,0420h-046Fh,04A0h-04EFh,0520h-056Fh,05A0h-05EFh,0620h-064Fh \
  -AABS1=020h-07Fh,0A0h-0EFh,0120h-016Fh,01A0h-01EFh,0220h-026Fh,02A0h-02EFh,0320h-036Fh,03A0h-03EFh,0420h-046Fh,04A0h-04EFh,0520h-056Fh,05A0h-05EFh,0620h-064Fh \
  -ASFR0=00h-01Fh -ASFR1=080h-09Fh -ASFR2=0100h-011Fh -ASFR3=0180h-019Fh \
  -ASFR4=0200h-021Fh -ASFR5=0280h-029Fh -ASFR6=0300h-031Fh \
  -ASFR7=0380h-039Fh -ASFR8=0400h-041Fh -ASFR9=0480h-049Fh \
  -ASFR10=0500h-051Fh -ASFR11=0580h-059Fh -ASFR12=0600h-061Fh \
  -ASFR13=0680h-06EFh -ASFR14=0700h-076Fh -ASFR15=0780h-07EFh \
  -ASFR16=0800h-086Fh -ASFR17=0880h-08EFh -ASFR18=0900h-096Fh \
  -ASFR19=0980h-09EFh -ASFR20=0A00h-0A6Fh -ASFR21=0A80h-0AEFh \
  -ASFR22=0B00h-0B6Fh -ASFR23=0B80h-0BEFh -ASFR24=0C00h-0C6Fh \
  -ASFR25=0C80h-0CEFh -ASFR26=0D00h-0D6Fh -ASFR27=0D80h-0DEFh \
  -ASFR28=0E00h-0E6Fh -ASFR29=0E80h-0EEFh -ASFR30=0F00h-0F6Fh \
  -ASFR31=0F80h-0FEFh -preset_vec=00h,intentry=04h,init,end_init \
  -ppowerup=CODE -pcinit=CODE -pfunctab=CODE -ACONFIG=08007h-08008h \
  -pconfig=CONFIG -DCONFIG=2 -AIDLOC=08000h-08003h -pidloc=IDLOC -DIDLOC=2 \
  -DCODE=2 -DSTRCODE=2 -DSTRING=2 -DCONST=2 -DENTRY=2 -k \
  C:\Users\taianluo\AppData\Local\Temp\s2qo.obj \
  dist/default/production\1-9-2.Switch_2Key_Dimmer_MOSFET_Neutral.X.production.obj 

Object code version is 3.11

Machine type is 16F1518



                Name                               Link     Load   Length Selector   Space Scale
C:\Users\taianluo\AppData\Local\Temp\s2qo.obj
                end_init                             20       20        2        8       0
                reset_vec                             0        0        2        0       0
                config                             8007     8007        2    1000E       0
dist/default/production\1-9-2.Switch_2Key_Dimmer_MOSFET_Neutral.X.production.obj
                cinit                                22       22       32        8       0
                intentry                              4        4       1C        8       0
                text138                            1529     1529       45     2A52       0
                text137                            1CFC     1CFC        E     39F8       0
                text136                             35D      35D      10D        8       0
                text135                            1161     1161       23     22C2       0
                text133                            1BFA     1BFA        3     37F4       0
                text132                            156E     156E       46     2ADC       0
                text131                            1E74     1E74       15     3CE8       0
                text130                            1C20     1C20        5     3840       0
                text129                            1C52     1C52        8     38A4       0
                text128                            1EDD     1EDD       17     3DBA       0
                text127                            1D0A     1D0A        E     3A14       0
                text126                            1D26     1D26        F     3A4C       0
                text125                            1DD1     1DD1       11     3BA2       0
                text124                            126A     126A       2A     24D4       0
                text123                            1D18     1D18        E     3A30       0
                text122                            16F6     16F6       58     2DEC       0
                text121                             807      807       46     100E       0
                text120                            16A2     16A2       54     2D44       0
                text119                            174E     174E       59     2E9C       0
                text118                             84D      84D       5A     109A       0
                text117                             C22      C22       71     1844       0
                text116                            1C5A     1C5A        8     38B4       0
                text115                            10FB     10FB       22     21F6       0
                text114                            1BF9     1BF9        1     37F2       0
                text113                            1C87     1C87        B     390E       0
                text112                            1319     1319       33     2632       0
                text111                            1C36     1C36        7     386C       0
                text110                            1428     1428       3E     2850       0
                text109                            1D35     1D35        F     3A6A       0
                text108                            1E4C     1E4C       14     3C98       0
                text107                            11A7     11A7       25     234E       0
                text106                            1EF4     1EF4       17     3DE8       0
                text105                            1E15     1E15       12     3C2A       0
                text104                             961      961       63     12C2       0
                text103                            111D     111D       22     223A       0
                text102                             46A      46A       F6        8       0
                text101                             EA7      EA7       A9     1D4E       0
                text100                            1C62     1C62        9     38C4       0
                text99                              D90      D90       87     1B20       0
                text98                              AEE      AEE       65     15DC       0
                text97                             17A7     17A7       59     2F4E       0
                text96                             1D71     1D71       10     3AE2       0
                text95                              70F      70F       B4        8       0
                text94                             1651     1651       51     2CA2       0
                text93                             1218     1218       29     2430       0
                text92                             1E89     1E89       15     3D12       0
                text91                             1FC4     1FC4       1D     3F88       0
                text90                              902      902       5F     1204       0
                text89                              9C4      9C4       63     1388       0
                text88                              A8A      A8A       64     1514       0
                text87                             107B     107B       20     20F6       0
                text86                             1D44     1D44        F     3A88       0
                text85                              63C      63C       D3        8       0
                text84                             1E60     1E60       14     3CC0       0
                text83                             1C6B     1C6B        9     38D6       0
                text82                             1294     1294       2A     2528       0
                text81                             1C92     1C92        B     3924       0
                text80                              560      560       DC        8       0
                text79                             1CB3     1CB3        C     3966       0
                text78                             15B4     15B4       4E     2B68       0
                text77                             1380     1380       36     2700       0
                text76                             1D81     1D81       10     3B02       0
                text75                             1CBF     1CBF        C     397E       0
                text74                             14A4     14A4       41     2948       0
                text73                             1CCB     1CCB        C     3996       0
                text72                             1F57     1F57       1B     3EAE       0
                text71                             1BFD     1BFD        3     37FA       0
                text70                             13B6     13B6       37     276C       0
                text69                             109B     109B       20     2136       0
                text68                             1F72     1F72       1B     3EE4       0
                text67                             1C3D     1C3D        7     387A       0
                text66                             1C44     1C44        7     3888       0
                text65                             1D91     1D91       10     3B22       0
                text64                               54       54      19A        8       0
                text63                             1C4B     1C4B        7     3896       0
                text62                             1C0C     1C0C        4     3818       0
                text61                             1CD7     1CD7        C     39AE       0
                text60                             1F8D     1F8D       1B     3F1A       0
                text59                             1CE3     1CE3        C     39C6       0
                text58                             1C74     1C74        9     38E8       0
                text57                             1E27     1E27       12     3C4E       0
                text56                             1C7D     1C7D        A     38FA       0
                text55                             1C00     1C00        3     3800       0
                text54                             1F0B     1F0B       18     3E16       0
                text53                             1E9E     1E9E       15     3D3C       0
                text52                             1C10     1C10        4     3820       0
                text51                             1F23     1F23       1A     3E46       0
                text50                             1C14     1C14        4     3828       0
                text49                             1C18     1C18        4     3830       0
                text48                             11CC     11CC       26     2398       0
                text47                             1C9D     1C9D        B     393A       0
                text46                             113F     113F       22     227E       0
                text45                             1FE1     1FE1       1F     3FC2       0
                text44                             12BE     12BE       2A     257C       0
                text43                             14E5     14E5       44     29CA       0
                text42                             1C1C     1C1C        4     3838       0
                text41                             1EB3     1EB3       15     3D66       0
                text40                             1FA8     1FA8       1C     3F50       0
                text39                             1184     1184       23     2308       0
                text38                              B53      B53       65     16A6       0
                text37                              BB8      BB8       6A     1770       0
                text36                             1D53     1D53        F     3AA6       0
                text35                             1DE2     1DE2       11     3BC4       0
                text34                             1DF3     1DF3       11     3BE6       0
                text33                             1DA1     1DA1       10     3B42       0
                text32                             1241     1241       29     2482       0
                text31                             12E8     12E8       31     25D0       0
                text30                             1466     1466       3E     28CC       0
                text29                             1602     1602       4F     2C04       0
                text28                              A27      A27       63     144E       0
                text27                             1DB1     1DB1       10     3B62       0
                text26                             134C     134C       34     2698       0
                text25                              D11      D11       7F     1A22       0
                text24                              E17      E17       90     1C2E       0
                text23                             1C03     1C03        3     3806       0
                text22                             1EC8     1EC8       15     3D90       0
                text21                             1C25     1C25        5     384A       0
                text20                             1066     1066       15     20CC       0
                text19                              800      800        7     1000       0
                text18                             1CEF     1CEF        D     39DE       0
                text17                             1E39     1E39       13     3C72       0
                text16                             10BB     10BB       20     2176       0
                text15                             11F2     11F2       26     23E4       0
                text14                             1E04     1E04       11     3C08       0
                text13                              1EE      1EE      16F        8       0
                text12                             1CA8     1CA8        B     3950       0
                text11                              7FF      7FF        1        8       0
                text10                             1C06     1C06        3     380C       0
                text9                               F50      F50       B0     1EA0       0
                text8                              1C09     1C09        3     3812       0
                text7                                 2        2        2        0       0
                text6                              1DC1     1DC1       10     3B82       0
                text5                              1F3D     1F3D       1A     3E7A       0
                text4                               C93      C93       7E     1926       0
                text3                              13ED     13ED       3B     27DA       0
                text2                              1D62     1D62        F     3AC4       0
                text1                               7C3      7C3       3C        8       0
                maintext                            8A7      8A7       5B     114E       0
                cstackBANK0                          20       20       4E       20       1
                cstackCOMMON                         70       70        8       70       1
                cstackBANK3                         1E7      1E7        4      1A0       1
                inittext                           1C2A     1C2A        6     3854       0
                clrtext                            1C30     1C30        6     3860       0
                dataBANK4                           245      245       20      220       1
                bssBANK4                            220      220       25      220       1
                bssBANK3                            1A0      1A0       47      1A0       1
                bssBANK2                            120      120       4D      120       1
                bssBANK1                             A0       A0       50       A0       1
                bssCOMMON                            79       79        2       70       1
                bitbssCOMMON                        3C0       78        2       70       1     8
                nvBANK0                              6E       6E        1       20       1
                stringtext                         1000     1000       66       20       0
                idataBANK4                         10DB     10DB       20     21B6       0

TOTAL           Name                               Link     Load   Length     Space
        CLASS   STACK          

        CLASS   CONST          

        CLASS   CODE           
                end_init                             20       20        2         0
                cinit                                22       22       32         0
                intentry                              4        4       1C         0
                reset_vec                             0        0        2         0
                text138                            1529     1529       45         0
                text137                            1CFC     1CFC        E         0
                text136                             35D      35D      10D         0
                text135                            1161     1161       23         0
                text133                            1BFA     1BFA        3         0
                text132                            156E     156E       46         0
                text131                            1E74     1E74       15         0
                text130                            1C20     1C20        5         0
                text129                            1C52     1C52        8         0
                text128                            1EDD     1EDD       17         0
                text127                            1D0A     1D0A        E         0
                text126                            1D26     1D26        F         0
                text125                            1DD1     1DD1       11         0
                text124                            126A     126A       2A         0
                text123                            1D18     1D18        E         0
                text122                            16F6     16F6       58         0
                text121                             807      807       46         0
                text120                            16A2     16A2       54         0
                text119                            174E     174E       59         0
                text118                             84D      84D       5A         0
                text117                             C22      C22       71         0
                text116                            1C5A     1C5A        8         0
                text115                            10FB     10FB       22         0
                text114                            1BF9     1BF9        1         0
                text113                            1C87     1C87        B         0
                text112                            1319     1319       33         0
                text111                            1C36     1C36        7         0
                text110                            1428     1428       3E         0
                text109                            1D35     1D35        F         0
                text108                            1E4C     1E4C       14         0
                text107                            11A7     11A7       25         0
                text106                            1EF4     1EF4       17         0
                text105                            1E15     1E15       12         0
                text104                             961      961       63         0
                text103                            111D     111D       22         0
                text102                             46A      46A       F6         0
                text101                             EA7      EA7       A9         0
                text100                            1C62     1C62        9         0
                text99                              D90      D90       87         0
                text98                              AEE      AEE       65         0
                text97                             17A7     17A7       59         0
                text96                             1D71     1D71       10         0
                text95                              70F      70F       B4         0
                text94                             1651     1651       51         0
                text93                             1218     1218       29         0
                text92                             1E89     1E89       15         0
                text91                             1FC4     1FC4       1D         0
                text90                              902      902       5F         0
                text89                              9C4      9C4       63         0
                text88                              A8A      A8A       64         0
                text87                             107B     107B       20         0
                text86                             1D44     1D44        F         0
                text85                              63C      63C       D3         0
                text84                             1E60     1E60       14         0
                text83                             1C6B     1C6B        9         0
                text82                             1294     1294       2A         0
                text81                             1C92     1C92        B         0
                text80                              560      560       DC         0
                text79                             1CB3     1CB3        C         0
                text78                             15B4     15B4       4E         0
                text77                             1380     1380       36         0
                text76                             1D81     1D81       10         0
                text75                             1CBF     1CBF        C         0
                text74                             14A4     14A4       41         0
                text73                             1CCB     1CCB        C         0
                text72                             1F57     1F57       1B         0
                text71                             1BFD     1BFD        3         0
                text70                             13B6     13B6       37         0
                text69                             109B     109B       20         0
                text68                             1F72     1F72       1B         0
                text67                             1C3D     1C3D        7         0
                text66                             1C44     1C44        7         0
                text65                             1D91     1D91       10         0
                text64                               54       54      19A         0
                text63                             1C4B     1C4B        7         0
                text62                             1C0C     1C0C        4         0
                text61                             1CD7     1CD7        C         0
                text60                             1F8D     1F8D       1B         0
                text59                             1CE3     1CE3        C         0
                text58                             1C74     1C74        9         0
                text57                             1E27     1E27       12         0
                text56                             1C7D     1C7D        A         0
                text55                             1C00     1C00        3         0
                text54                             1F0B     1F0B       18         0
                text53                             1E9E     1E9E       15         0
                text52                             1C10     1C10        4         0
                text51                             1F23     1F23       1A         0
                text50                             1C14     1C14        4         0
                text49                             1C18     1C18        4         0
                text48                             11CC     11CC       26         0
                text47                             1C9D     1C9D        B         0
                text46                             113F     113F       22         0
                text45                             1FE1     1FE1       1F         0
                text44                             12BE     12BE       2A         0
                text43                             14E5     14E5       44         0
                text42                             1C1C     1C1C        4         0
                text41                             1EB3     1EB3       15         0
                text40                             1FA8     1FA8       1C         0
                text39                             1184     1184       23         0
                text38                              B53      B53       65         0
                text37                              BB8      BB8       6A         0
                text36                             1D53     1D53        F         0
                text35                             1DE2     1DE2       11         0
                text34                             1DF3     1DF3       11         0
                text33                             1DA1     1DA1       10         0
                text32                             1241     1241       29         0
                text31                             12E8     12E8       31         0
                text30                             1466     1466       3E         0
                text29                             1602     1602       4F         0
                text28                              A27      A27       63         0
                text27                             1DB1     1DB1       10         0
                text26                             134C     134C       34         0
                text25                              D11      D11       7F         0
                text24                              E17      E17       90         0
                text23                             1C03     1C03        3         0
                text22                             1EC8     1EC8       15         0
                text21                             1C25     1C25        5         0
                text20                             1066     1066       15         0
                text19                              800      800        7         0
                text18                             1CEF     1CEF        D         0
                text17                             1E39     1E39       13         0
                text16                             10BB     10BB       20         0
                text15                             11F2     11F2       26         0
                text14                             1E04     1E04       11         0
                text13                              1EE      1EE      16F         0
                text12                             1CA8     1CA8        B         0
                text11                              7FF      7FF        1         0
                text10                             1C06     1C06        3         0
                text9                               F50      F50       B0         0
                text8                              1C09     1C09        3         0
                text7                                 2        2        2         0
                text6                              1DC1     1DC1       10         0
                text5                              1F3D     1F3D       1A         0
                text4                               C93      C93       7E         0
                text3                              13ED     13ED       3B         0
                text2                              1D62     1D62        F         0
                text1                               7C3      7C3       3C         0
                maintext                            8A7      8A7       5B         0
                inittext                           1C2A     1C2A        6         0
                clrtext                            1C30     1C30        6         0
                idataBANK4                         10DB     10DB       20         0

        CLASS   STRCODE        
                stringtext                         1000     1000       66         0

        CLASS   ENTRY          

        CLASS   STRING         

        CLASS   COMMON         
                cstackCOMMON                         70       70        8         1
                bssCOMMON                            79       79        2         1
                bitbssCOMMON                        3C0       78        2         1

        CLASS   BANK0          
                cstackBANK0                          20       20       4E         1
                nvBANK0                              6E       6E        1         1

        CLASS   BANK1          
                bssBANK1                             A0       A0       50         1

        CLASS   BANK2          
                bssBANK2                            120      120       4D         1

        CLASS   BANK3          
                cstackBANK3                         1E7      1E7        4         1
                bssBANK3                            1A0      1A0       47         1

        CLASS   BANK4          
                dataBANK4                           245      245       20         1
                bssBANK4                            220      220       25         1

        CLASS   BANK5          

        CLASS   BANK6          

        CLASS   BANK7          

        CLASS   BANK8          

        CLASS   BANK9          

        CLASS   BANK10         

        CLASS   BANK11         

        CLASS   BANK12         

        CLASS   BIGRAM         

        CLASS   RAM            

        CLASS   ABS1           
                abs_s1                               7E       7E        2         1

        CLASS   SFR0           

        CLASS   SFR1           

        CLASS   SFR2           

        CLASS   SFR3           

        CLASS   SFR4           

        CLASS   SFR5           

        CLASS   SFR6           

        CLASS   SFR7           

        CLASS   SFR8           

        CLASS   SFR9           

        CLASS   SFR10          

        CLASS   SFR11          

        CLASS   SFR12          

        CLASS   SFR13          

        CLASS   SFR14          

        CLASS   SFR15          

        CLASS   SFR16          

        CLASS   SFR17          

        CLASS   SFR18          

        CLASS   SFR19          

        CLASS   SFR20          

        CLASS   SFR21          

        CLASS   SFR22          

        CLASS   SFR23          

        CLASS   SFR24          

        CLASS   SFR25          

        CLASS   SFR26          

        CLASS   SFR27          

        CLASS   SFR28          

        CLASS   SFR29          

        CLASS   SFR30          

        CLASS   SFR31          

        CLASS   CONFIG         
                config                             8007     8007        2         0

        CLASS   IDLOC          

        CLASS   BANK31         

        CLASS   BANK30         

        CLASS   BANK29         

        CLASS   BANK28         

        CLASS   BANK27         

        CLASS   BANK26         

        CLASS   BANK25         

        CLASS   BANK24         

        CLASS   BANK23         

        CLASS   BANK22         

        CLASS   BANK21         

        CLASS   BANK20         

        CLASS   BANK19         

        CLASS   BANK18         

        CLASS   BANK17         

        CLASS   BANK16         

        CLASS   BANK15         

        CLASS   BANK14         

        CLASS   BANK13         

        CLASS   EEDATA         



SEGMENTS        Name                           Load    Length   Top    Selector   Space  Class     Delta

                reset_vec                      000000  000004  000004         0       0  CODE        2
                intentry                       000004  0007FC  000800         8       0  CODE        2
                cstackBANK0                    000020  00004F  00006F        20       1  BANK0       1
                cstackCOMMON                   000070  00000B  00007B        70       1  COMMON      1
                bssBANK1                       0000A0  000050  0000F0        A0       1  BANK1       1
                bssBANK2                       000120  00004D  00016D       120       1  BANK2       1
                bssBANK3                       0001A0  00004B  0001EB       1A0       1  BANK3       1
                bssBANK4                       000220  000045  000265       220       1  BANK4       1
                text19                         000800  000007  000807      1000       0  CODE        2
                text121                        000807  000046  00084D      100E       0  CODE        2
                text118                        00084D  00005A  0008A7      109A       0  CODE        2
                maintext                       0008A7  00005B  000902      114E       0  CODE        2
                text90                         000902  00005F  000961      1204       0  CODE        2
                text104                        000961  000063  0009C4      12C2       0  CODE        2
                text89                         0009C4  000063  000A27      1388       0  CODE        2
                text28                         000A27  000063  000A8A      144E       0  CODE        2
                text88                         000A8A  000064  000AEE      1514       0  CODE        2
                text98                         000AEE  000065  000B53      15DC       0  CODE        2
                text38                         000B53  000065  000BB8      16A6       0  CODE        2
                text37                         000BB8  00006A  000C22      1770       0  CODE        2
                text117                        000C22  000071  000C93      1844       0  CODE        2
                text4                          000C93  00007E  000D11      1926       0  CODE        2
                text25                         000D11  00007F  000D90      1A22       0  CODE        2
                text99                         000D90  000087  000E17      1B20       0  CODE        2
                text24                         000E17  000090  000EA7      1C2E       0  CODE        2
                text101                        000EA7  0000A9  000F50      1D4E       0  CODE        2
                text9                          000F50  0000B0  001000      1EA0       0  CODE        2
                stringtext                     001000  000066  001066        20       0  STRCODE     2
                text20                         001066  000015  00107B      20CC       0  CODE        2
                text87                         00107B  000020  00109B      20F6       0  CODE        2
                text69                         00109B  000020  0010BB      2136       0  CODE        2
                text16                         0010BB  000020  0010DB      2176       0  CODE        2
                idataBANK4                     0010DB  000020  0010FB      21B6       0  CODE        2
                text115                        0010FB  000022  00111D      21F6       0  CODE        2
                text103                        00111D  000022  00113F      223A       0  CODE        2
                text46                         00113F  000022  001161      227E       0  CODE        2
                text135                        001161  000023  001184      22C2       0  CODE        2
                text39                         001184  000023  0011A7      2308       0  CODE        2
                text107                        0011A7  000025  0011CC      234E       0  CODE        2
                text48                         0011CC  000026  0011F2      2398       0  CODE        2
                text15                         0011F2  000026  001218      23E4       0  CODE        2
                text93                         001218  000029  001241      2430       0  CODE        2
                text32                         001241  000029  00126A      2482       0  CODE        2
                text124                        00126A  00002A  001294      24D4       0  CODE        2
                text82                         001294  00002A  0012BE      2528       0  CODE        2
                text44                         0012BE  00002A  0012E8      257C       0  CODE        2
                text31                         0012E8  000031  001319      25D0       0  CODE        2
                text112                        001319  000033  00134C      2632       0  CODE        2
                text26                         00134C  000034  001380      2698       0  CODE        2
                text77                         001380  000036  0013B6      2700       0  CODE        2
                text70                         0013B6  000037  0013ED      276C       0  CODE        2
                text3                          0013ED  00003B  001428      27DA       0  CODE        2
                text110                        001428  00003E  001466      2850       0  CODE        2
                text30                         001466  00003E  0014A4      28CC       0  CODE        2
                text74                         0014A4  000041  0014E5      2948       0  CODE        2
                text43                         0014E5  000044  001529      29CA       0  CODE        2
                text138                        001529  000045  00156E      2A52       0  CODE        2
                text132                        00156E  000046  0015B4      2ADC       0  CODE        2
                text78                         0015B4  00004E  001602      2B68       0  CODE        2
                text29                         001602  00004F  001651      2C04       0  CODE        2
                text94                         001651  000051  0016A2      2CA2       0  CODE        2
                text120                        0016A2  000054  0016F6      2D44       0  CODE        2
                text122                        0016F6  000058  00174E      2DEC       0  CODE        2
                text119                        00174E  000059  0017A7      2E9C       0  CODE        2
                text97                         0017A7  000059  001800      2F4E       0  CODE        2
                text114                        001BF9  000001  001BFA      37F2       0  CODE        2
                text133                        001BFA  000003  001BFD      37F4       0  CODE        2
                text71                         001BFD  000003  001C00      37FA       0  CODE        2
                text55                         001C00  000003  001C03      3800       0  CODE        2
                text23                         001C03  000003  001C06      3806       0  CODE        2
                text10                         001C06  000003  001C09      380C       0  CODE        2
                text8                          001C09  000003  001C0C      3812       0  CODE        2
                text62                         001C0C  000004  001C10      3818       0  CODE        2
                text52                         001C10  000004  001C14      3820       0  CODE        2
                text50                         001C14  000004  001C18      3828       0  CODE        2
                text49                         001C18  000004  001C1C      3830       0  CODE        2
                text42                         001C1C  000004  001C20      3838       0  CODE        2
                text130                        001C20  000005  001C25      3840       0  CODE        2
                text21                         001C25  000005  001C2A      384A       0  CODE        2
                inittext                       001C2A  000006  001C30      3854       0  CODE        2
                clrtext                        001C30  000006  001C36      3860       0  CODE        2
                text111                        001C36  000007  001C3D      386C       0  CODE        2
                text67                         001C3D  000007  001C44      387A       0  CODE        2
                text66                         001C44  000007  001C4B      3888       0  CODE        2
                text63                         001C4B  000007  001C52      3896       0  CODE        2
                text129                        001C52  000008  001C5A      38A4       0  CODE        2
                text116                        001C5A  000008  001C62      38B4       0  CODE        2
                text100                        001C62  000009  001C6B      38C4       0  CODE        2
                text83                         001C6B  000009  001C74      38D6       0  CODE        2
                text58                         001C74  000009  001C7D      38E8       0  CODE        2
                text56                         001C7D  00000A  001C87      38FA       0  CODE        2
                text113                        001C87  00000B  001C92      390E       0  CODE        2
                text81                         001C92  00000B  001C9D      3924       0  CODE        2
                text47                         001C9D  00000B  001CA8      393A       0  CODE        2
                text12                         001CA8  00000B  001CB3      3950       0  CODE        2
                text79                         001CB3  00000C  001CBF      3966       0  CODE        2
                text75                         001CBF  00000C  001CCB      397E       0  CODE        2
                text73                         001CCB  00000C  001CD7      3996       0  CODE        2
                text61                         001CD7  00000C  001CE3      39AE       0  CODE        2
                text59                         001CE3  00000C  001CEF      39C6       0  CODE        2
                text18                         001CEF  00000D  001CFC      39DE       0  CODE        2
                text137                        001CFC  00000E  001D0A      39F8       0  CODE        2
                text127                        001D0A  00000E  001D18      3A14       0  CODE        2
                text123                        001D18  00000E  001D26      3A30       0  CODE        2
                text126                        001D26  00000F  001D35      3A4C       0  CODE        2
                text109                        001D35  00000F  001D44      3A6A       0  CODE        2
                text86                         001D44  00000F  001D53      3A88       0  CODE        2
                text36                         001D53  00000F  001D62      3AA6       0  CODE        2
                text2                          001D62  00000F  001D71      3AC4       0  CODE        2
                text96                         001D71  000010  001D81      3AE2       0  CODE        2
                text76                         001D81  000010  001D91      3B02       0  CODE        2
                text65                         001D91  000010  001DA1      3B22       0  CODE        2
                text33                         001DA1  000010  001DB1      3B42       0  CODE        2
                text27                         001DB1  000010  001DC1      3B62       0  CODE        2
                text6                          001DC1  000010  001DD1      3B82       0  CODE        2
                text125                        001DD1  000011  001DE2      3BA2       0  CODE        2
                text35                         001DE2  000011  001DF3      3BC4       0  CODE        2
                text34                         001DF3  000011  001E04      3BE6       0  CODE        2
                text14                         001E04  000011  001E15      3C08       0  CODE        2
                text105                        001E15  000012  001E27      3C2A       0  CODE        2
                text57                         001E27  000012  001E39      3C4E       0  CODE        2
                text17                         001E39  000013  001E4C      3C72       0  CODE        2
                text108                        001E4C  000014  001E60      3C98       0  CODE        2
                text84                         001E60  000014  001E74      3CC0       0  CODE        2
                text131                        001E74  000015  001E89      3CE8       0  CODE        2
                text92                         001E89  000015  001E9E      3D12       0  CODE        2
                text53                         001E9E  000015  001EB3      3D3C       0  CODE        2
                text41                         001EB3  000015  001EC8      3D66       0  CODE        2
                text22                         001EC8  000015  001EDD      3D90       0  CODE        2
                text128                        001EDD  000017  001EF4      3DBA       0  CODE        2
                text106                        001EF4  000017  001F0B      3DE8       0  CODE        2
                text54                         001F0B  000018  001F23      3E16       0  CODE        2
                text51                         001F23  00001A  001F3D      3E46       0  CODE        2
                text5                          001F3D  00001A  001F57      3E7A       0  CODE        2
                text72                         001F57  00001B  001F72      3EAE       0  CODE        2
                text68                         001F72  00001B  001F8D      3EE4       0  CODE        2
                text60                         001F8D  00001B  001FA8      3F1A       0  CODE        2
                text40                         001FA8  00001C  001FC4      3F50       0  CODE        2
                text91                         001FC4  00001D  001FE1      3F88       0  CODE        2
                text45                         001FE1  00001F  002000      3FC2       0  CODE        2
                config                         008007  000002  008009     1000E       0  CONFIG      2


UNUSED ADDRESS RANGES

        Name                Unused          Largest block    Delta
        BANK0            0006F-0006F               1           1
        BANK10           00520-0056F              50           1
        BANK11           005A0-005EF              50           1
        BANK12           00620-0064F              30           1
        BANK2            0016D-0016F               3           1
        BANK3            001EB-001EF               5           1
        BANK4            00265-0026F               B           1
        BANK5            002A0-002EF              50           1
        BANK6            00320-0036F              50           1
        BANK7            003A0-003EF              50           1
        BANK8            00420-0046F              50           1
        BANK9            004A0-004EF              50           1
        BIGRAM           02000-023EF             3F0           1
        CODE             01800-01BF8             3F9           2
                         02000-03FFF             800
        COMMON           0007B-0007D               3           1
        CONST            01800-01BF8             100           2
                         02000-03FFF             100
        ENTRY            01800-01BF8             100           2
                         02000-03FFF             100
        IDLOC            08000-08003               4           2
        RAM              0006F-0006F               1           1
                         0016D-0016F               3
                         001EB-001EF               5
                         00265-0026F               B
                         002A0-002EF              50
                         00320-0036F              50
                         003A0-003EF              50
                         00420-0046F              50
                         004A0-004EF              50
                         00520-0056F              50
                         005A0-005EF              50
                         00620-0064F              30
        SFR0             00000-0001F              20           1
        SFR1             00080-0009F              20           1
        SFR10            00500-0051F              20           1
        SFR11            00580-0059F              20           1
        SFR12            00600-0061F              20           1
        SFR13            00680-006EF              70           1
        SFR14            00700-0076F              70           1
        SFR15            00780-007EF              70           1
        SFR16            00800-0086F              70           1
        SFR17            00880-008EF              70           1
        SFR18            00900-0096F              70           1
        SFR19            00980-009EF              70           1
        SFR2             00100-0011F              20           1
        SFR20            00A00-00A6F              70           1
        SFR21            00A80-00AEF              70           1
        SFR22            00B00-00B6F              70           1
        SFR23            00B80-00BEF              70           1
        SFR24            00C00-00C6F              70           1
        SFR25            00C80-00CEF              70           1
        SFR26            00D00-00D6F              70           1
        SFR27            00D80-00DEF              70           1
        SFR28            00E00-00E6F              70           1
        SFR29            00E80-00EEF              70           1
        SFR3             00180-0019F              20           1
        SFR30            00F00-00F6F              70           1
        SFR31            00F80-00FEF              70           1
        SFR4             00200-0021F              20           1
        SFR5             00280-0029F              20           1
        SFR6             00300-0031F              20           1
        SFR7             00380-0039F              20           1
        SFR8             00400-0041F              20           1
        SFR9             00480-0049F              20           1
        STACK            02185-0231F             19B           1
        STRCODE          01800-01BF8             3F9           2
                         02000-03FFF            2000
        STRING           01800-01BF8             100           2
                         02000-03FFF             100

                                  Symbol Table

?___awdiv                                 cstackCOMMON 00073
?___awtoft                                cstackBANK0  00023
?___ftadd                                 cstackBANK0  0003C
?___ftdiv                                 cstackBANK0  00029
?___ftneg                                 cstackBANK0  00039
?___ftpack                                cstackCOMMON 00073
?___fttol                                 cstackBANK0  00049
?___lwdiv                                 cstackCOMMON 00073
?___wmul                                  cstackCOMMON 00073
?_getAD                                   cstackCOMMON 00073
?_getBuz_GO                               cstackCOMMON 00073
CC2500_InitPATable@loop_d                 cstackBANK0  00022
CC2500_InitPATable@temp                   cstackBANK0  00021
CC2500_InitSetREG@loop_c                  cstackBANK0  00023
CC2500_InitSetREG@temp1                   cstackBANK0  00021
CC2500_InitSetREG@temp2                   cstackBANK0  00022
CC2500_ReadByte@loop_b                    cstackCOMMON 00074
CC2500_ReadStatus@status_addr             cstackCOMMON 00076
CC2500_RxData@loop_f                      cstackBANK0  00020
CC2500_TxData@loop_e                      cstackBANK0  00020
CC2500_WriteByte@loop_a                   cstackCOMMON 00074
CC2500_WriteCommand@command               cstackCOMMON 00076
CC2500_WriteREG@value                     cstackCOMMON 00075
CC2500_WriteREG@w_addr                    cstackCOMMON 00077
DelayOffPointSelect@sw                    cstackCOMMON 00074
DelayTime_1us@count                       cstackCOMMON 00073
DelayTime_1us@i                           cstackBANK0  00020
DelayTime_1us@j                           cstackBANK0  00022
DelayTimejudge@i                          cstackBANK0  00022
DelayTimejudge@j                          cstackBANK0  00023
DelayTimejudge@k                          cstackBANK0  00024
DelayTimejudge@value                      cstackBANK0  00025
DimmerLights_SelectPointer@lights         cstackCOMMON 00074
DlyOff_Initialization@sw                  cstackCOMMON 00075
DlyOff_Main@sw                            cstackBANK0  00068
Exception_Main@count                      cstackBANK0  00067
Exception_Main@error                      cstackBANK0  00068
Exception_Main@i                          cstackBANK0  00069
Exception_Main@i_3502                     cstackBANK0  0006B
Exception_Main@lights                     cstackBANK0  0006D
Flash_Memory_Initialization@i             cstackBANK0  0005E
Flash_Memory_Modify@i                     cstackBANK0  00020
Flash_Memory_Read@address                 cstackCOMMON 00075
Flash_Memory_Read@i                       cstackCOMMON 00074
Flash_Memory_Read@ret                     cstackCOMMON 00076
Flash_Memory_Write@i                      cstackCOMMON 00074
LedPointSelect@led                        cstackCOMMON 00074
Load_Main@Load_Status                     cstackBANK0  00029
Load_Main@error                           cstackBANK0  00028
Load_Main@i                               cstackBANK0  0002A
SwPointSelect@sw                          cstackCOMMON 00074
_ADCON0                                   (abs)        0009D
_ADCON1                                   (abs)        0009E
_ADC_Set                                  text63       01C4B
_ADRESH                                   (abs)        0009C
_ADRESL                                   (abs)        0009B
_ANSELA                                   (abs)        0018C
_ANSELB                                   (abs)        0018D
_ANSELC                                   (abs)        0018E
_Buz1                                     bssBANK1     000BC
_Buzzer_Initialization                    text133      01BFA
_Buzzer_Main                              text132      0156E
_CC2500_ClearRXFIFO                       text50       01C14
_CC2500_ClearTXFIFO                       text49       01C18
_CC2500_FrequencyCabr                     text47       01C9D
_CC2500_InitPATable                       text45       01FE1
_CC2500_InitSetREG                        text44       012BE
_CC2500_PowerOnInitial                    text41       01EB3
_CC2500_PowerRST                          text43       014E5
_CC2500_ReadByte                          text40       01FA8
_CC2500_ReadStatus                        text39       01184
_CC2500_RxData                            text38       00B53
_CC2500_SIDLEMode                         text42       01C1C
_CC2500_TxData                            text37       00BB8
_CC2500_WriteByte                         text54       01F0B
_CC2500_WriteCommand                      text51       01F23
_CC2500_WriteREG                          text46       0113F
_CC2500_patable_vaule                     stringtext   0105E
_CC2500_registers_address                 stringtext   01000
_CC2500_rfSettings                        stringtext   0102F
_CFGS                                     (abs)        00CAE
_CRC                                      bssBANK1     000D2
_DelayOff                                 bssBANK1     000D3
_DelayOffPointSelect                      text131      01E74
_DelayOff_Initialization                  text129      01C52
_DelayOff_Main                            text116      01C5A
_DelayTime_1us                            text48       011CC
_DelayTimejudge                           text124      0126A
_Dimmer                                   bssBANK1     000C8
_DimmerIntr                               bssBANK1     000D4
_DimmerIntr1                              bssBANK2     0014E
_DimmerIntr2                              bssBANK2     00155
_DimmerIntr_Initialization                text115      010FB
_DimmerLights                             bssCOMMON    00079
_DimmerLights1                            bssBANK3     001BE
_DimmerLights2                            bssBANK3     001C7
_DimmerLights_Initialization              text113      01C87
_DimmerLights_Main                        text87       0107B
_DimmerLights_SelectPointer               text128      01EDD
_DlyOff_Initialization                    text130      01C20
_DlyOff_Main                              text117      00C22
_DlySw1                                   bssBANK2     0015C
_DlySw2                                   bssBANK3     001E2
_Exception_Main                           text85       0063C
_FREE                                     (abs)        00CAC
_FVRCON                                   (abs)        00117
_Flash_Memory_Erasing                     text79       01CB3
_Flash_Memory_Initialization              text80       00560
_Flash_Memory_Main                        text77       01380
_Flash_Memory_Modify                      text78       015B4
_Flash_Memory_Read                        text84       01E60
_Flash_Memory_Unlock                      text83       01C6B
_Flash_Memory_Write                       text82       01294
_Fosc_Set                                 text62       01C0C
_GIE                                      (abs)        0005F
_GO_nDONE                                 (abs)        004E9
_IOCBF                                    (abs)        00396
_IOCBF2                                   (abs)        01CB2
_IOCBN                                    (abs)        00395
_IOCBP                                    (abs)        00394
_IOCIE                                    (abs)        0005B
_IOCIF                                    (abs)        00058
_IOC_ISR                                  text137      01CFC
_IOC_Set                                  text61       01CD7
_IO_Set                                   text60       01F8D
_ISR                                      intentry     00004
_LATA                                     (abs)        0010C
_LATB                                     (abs)        0010D
_LATC                                     (abs)        0010E
_LED                                      bssBANK1     000D5
_LED_Initialization                       text75       01CBF
_LED_Main                                 text73       01CCB
_LWLO                                     (abs)        00CAD
_LedPointSelect                           text91       01FC4
_Load                                     bssBANK2     00120
_Load_Initialization                      text71       01BFD
_Load_Main                                text64       00054
_Mcu_Initialization                       text57       01E27
_Memory                                   bssBANK4     00220
_OSCCON                                   (abs)        00099
_PEIE                                     (abs)        0005E
_PMADRH                                   (abs)        00192
_PMADRL                                   (abs)        00191
_PMCON2                                   (abs)        00196
_PMDATH                                   (abs)        00194
_PMDATL                                   (abs)        00193
_PORTA                                    (abs)        0000C
_PORTB                                    (abs)        0000D
_PORTC                                    (abs)        0000E
_RA0                                      (abs)        00060
_RA3                                      (abs)        00063
_RA4                                      (abs)        00064
_RA6                                      (abs)        00066
_RA7                                      (abs)        00067
_RB0                                      (abs)        00068
_RB1                                      (abs)        00069
_RB2                                      (abs)        0006A
_RB3                                      (abs)        0006B
_RB4                                      (abs)        0006C
_RB5                                      (abs)        0006D
_RC0                                      (abs)        00070
_RC1                                      (abs)        00071
_RC2                                      (abs)        00072
_RC4                                      (abs)        00074
_RC5                                      (abs)        00075
_RC7                                      (abs)        00077
_RD                                       (abs)        00CA8
_RF1                                      bssBANK1     000A0
_RF_Count                                 bssBANK1     000CE
_RF_Data                                  bssBANK3     001A0
_RF_Initialization                        text55       01C00
_RF_Main                                  text23       01C03
_RF_RxDisable                             text36       01D53
_RF_Timeout_Counter                       text53       01E9E
_RSSI                                     bssBANK1     000D6
_Receive_OK                               bitbssCOMMON 003C0
_Rx_Length                                bssBANK1     000D7
_SPI0Buffer                               bssBANK1     000D8
_Sw                                       bssCOMMON    0007A
_Sw1                                      bssBANK3     001D0
_Sw2                                      bssBANK3     001D9
_SwDetect                                 bssBANK1     000D9
_SwPointSelect                            text17       01E39
_Switch_Initialization                    text18       01CEF
_Switch_Main                              text12       01CA8
_T1CON                                    (abs)        00018
_TMR1H                                    (abs)        00017
_TMR1IE                                   (abs)        00488
_TMR1IF                                   (abs)        00088
_TMR1L                                    (abs)        00016
_TMR1_ISR                                 text135      01161
_TMR1_Set                                 text59       01CE3
_TRISA                                    (abs)        0008C
_TRISB                                    (abs)        0008D
_TRISC                                    (abs)        0008E
_Temp                                     bssBANK1     000DE
_Temp_Initialization                      text10       01C06
_Temp_Main                                text8        01C09
_Timeout_Counter                          text22       01EC8
_Timer1                                   bssBANK1     000CB
_TouchPower                               text20       01066
_Transceive_OK                            bitbssCOMMON 003C1
_Tx_Length                                bssBANK1     000DA
_VarErrLED                                bssBANK2     00161
_VarLED1                                  bssBANK2     00165
_VarLED2                                  bssBANK2     00169
_WDT                                      bssBANK1     000D0
_WDTCON                                   (abs)        00097
_WDT_Clearing                             text7        00002
_WDT_Main                                 text6        01DC1
_WDT_Set                                  text58       01C74
_WPUB                                     (abs)        0020D
_WPUB1                                    (abs)        01069
_WPUB2                                    (abs)        0106A
_WR                                       (abs)        00CA9
_WREN                                     (abs)        00CAA
__CFG_BOREN$OFF                           (abs)        00000
__CFG_FOSC$INTOSC                         (abs)        00000
__CFG_VCAPEN$OFF                          (abs)        00000
__CFG_WDTE$ON                             (abs)        00000
__CFG_WRT$HALF                            (abs)        00000
__Habs1                                   abs1         00000
__Hbank0                                  bank0        00000
__Hbank1                                  bank1        00000
__Hbank10                                 bank10       00000
__Hbank11                                 bank11       00000
__Hbank12                                 bank12       00000
__Hbank13                                 bank13       00000
__Hbank14                                 bank14       00000
__Hbank15                                 bank15       00000
__Hbank16                                 bank16       00000
__Hbank17                                 bank17       00000
__Hbank18                                 bank18       00000
__Hbank19                                 bank19       00000
__Hbank2                                  bank2        00000
__Hbank20                                 bank20       00000
__Hbank21                                 bank21       00000
__Hbank22                                 bank22       00000
__Hbank23                                 bank23       00000
__Hbank24                                 bank24       00000
__Hbank25                                 bank25       00000
__Hbank26                                 bank26       00000
__Hbank27                                 bank27       00000
__Hbank28                                 bank28       00000
__Hbank29                                 bank29       00000
__Hbank3                                  bank3        00000
__Hbank30                                 bank30       00000
__Hbank31                                 bank31       00000
__Hbank4                                  bank4        00000
__Hbank5                                  bank5        00000
__Hbank6                                  bank6        00000
__Hbank7                                  bank7        00000
__Hbank8                                  bank8        00000
__Hbank9                                  bank9        00000
__Hbigram                                 bigram       00000
__HbitbssCOMMON                           bitbssCOMMON 00000
__HbssBANK1                               bssBANK1     00000
__HbssBANK2                               bssBANK2     00000
__HbssBANK3                               bssBANK3     00000
__HbssBANK4                               bssBANK4     00000
__HbssCOMMON                              bssCOMMON    00000
__Hcinit                                  cinit        00054
__Hclrtext                                clrtext      00000
__Hcode                                   code         00000
__Hcommon                                 common       00000
__Hconfig                                 config       08009
__HcstackBANK0                            cstackBANK0  00000
__HcstackBANK3                            cstackBANK3  00000
__HcstackCOMMON                           cstackCOMMON 00000
__HdataBANK4                              dataBANK4    00000
__Heeprom_data                            eeprom_data  00000
__Hend_init                               end_init     00022
__Hfunctab                                functab      00000
__HidataBANK4                             idataBANK4   00000
__Hidloc                                  idloc        00000
__Hinit                                   init         00020
__Hinittext                               inittext     00000
__Hintentry                               intentry     00020
__Hmaintext                               maintext     00000
__HnvBANK0                                nvBANK0      00000
__Hpowerup                                powerup      00000
__Hram                                    ram          00000
__Hreset_vec                              reset_vec    00002
__Hsfr0                                   sfr0         00000
__Hsfr1                                   sfr1         00000
__Hsfr10                                  sfr10        00000
__Hsfr11                                  sfr11        00000
__Hsfr12                                  sfr12        00000
__Hsfr13                                  sfr13        00000
__Hsfr14                                  sfr14        00000
__Hsfr15                                  sfr15        00000
__Hsfr16                                  sfr16        00000
__Hsfr17                                  sfr17        00000
__Hsfr18                                  sfr18        00000
__Hsfr19                                  sfr19        00000
__Hsfr2                                   sfr2         00000
__Hsfr20                                  sfr20        00000
__Hsfr21                                  sfr21        00000
__Hsfr22                                  sfr22        00000
__Hsfr23                                  sfr23        00000
__Hsfr24                                  sfr24        00000
__Hsfr25                                  sfr25        00000
__Hsfr26                                  sfr26        00000
__Hsfr27                                  sfr27        00000
__Hsfr28                                  sfr28        00000
__Hsfr29                                  sfr29        00000
__Hsfr3                                   sfr3         00000
__Hsfr30                                  sfr30        00000
__Hsfr31                                  sfr31        00000
__Hsfr4                                   sfr4         00000
__Hsfr5                                   sfr5         00000
__Hsfr6                                   sfr6         00000
__Hsfr7                                   sfr7         00000
__Hsfr8                                   sfr8         00000
__Hsfr9                                   sfr9         00000
__Hspace_0                                (abs)        08009
__Hspace_1                                (abs)        003C2
__Hspace_2                                (abs)        00000
__Hspace_3                                (abs)        00000
__Hstack                                  stack        00000
__Hstrings                                strings      00000
__Hstringtext                             stringtext   00000
__Htext                                   text         00000
__Labs1                                   abs1         00000
__Lbank0                                  bank0        00000
__Lbank1                                  bank1        00000
__Lbank10                                 bank10       00000
__Lbank11                                 bank11       00000
__Lbank12                                 bank12       00000
__Lbank13                                 bank13       00000
__Lbank14                                 bank14       00000
__Lbank15                                 bank15       00000
__Lbank16                                 bank16       00000
__Lbank17                                 bank17       00000
__Lbank18                                 bank18       00000
__Lbank19                                 bank19       00000
__Lbank2                                  bank2        00000
__Lbank20                                 bank20       00000
__Lbank21                                 bank21       00000
__Lbank22                                 bank22       00000
__Lbank23                                 bank23       00000
__Lbank24                                 bank24       00000
__Lbank25                                 bank25       00000
__Lbank26                                 bank26       00000
__Lbank27                                 bank27       00000
__Lbank28                                 bank28       00000
__Lbank29                                 bank29       00000
__Lbank3                                  bank3        00000
__Lbank30                                 bank30       00000
__Lbank31                                 bank31       00000
__Lbank4                                  bank4        00000
__Lbank5                                  bank5        00000
__Lbank6                                  bank6        00000
__Lbank7                                  bank7        00000
__Lbank8                                  bank8        00000
__Lbank9                                  bank9        00000
__Lbigram                                 bigram       00000
__LbitbssCOMMON                           bitbssCOMMON 00000
__LbssBANK1                               bssBANK1     00000
__LbssBANK2                               bssBANK2     00000
__LbssBANK3                               bssBANK3     00000
__LbssBANK4                               bssBANK4     00000
__LbssCOMMON                              bssCOMMON    00000
__Lcinit                                  cinit        00022
__Lclrtext                                clrtext      00000
__Lcode                                   code         00000
__Lcommon                                 common       00000
__Lconfig                                 config       08007
__LcstackBANK0                            cstackBANK0  00000
__LcstackBANK3                            cstackBANK3  00000
__LcstackCOMMON                           cstackCOMMON 00000
__LdataBANK4                              dataBANK4    00000
__Leeprom_data                            eeprom_data  00000
__Lend_init                               end_init     00020
__Lfunctab                                functab      00000
__LidataBANK4                             idataBANK4   00000
__Lidloc                                  idloc        00000
__Linit                                   init         00020
__Linittext                               inittext     00000
__Lintentry                               intentry     00004
__Lmaintext                               maintext     00000
__LnvBANK0                                nvBANK0      00000
__Lpowerup                                powerup      00000
__Lram                                    ram          00000
__Lreset_vec                              reset_vec    00000
__Lsfr0                                   sfr0         00000
__Lsfr1                                   sfr1         00000
__Lsfr10                                  sfr10        00000
__Lsfr11                                  sfr11        00000
__Lsfr12                                  sfr12        00000
__Lsfr13                                  sfr13        00000
__Lsfr14                                  sfr14        00000
__Lsfr15                                  sfr15        00000
__Lsfr16                                  sfr16        00000
__Lsfr17                                  sfr17        00000
__Lsfr18                                  sfr18        00000
__Lsfr19                                  sfr19        00000
__Lsfr2                                   sfr2         00000
__Lsfr20                                  sfr20        00000
__Lsfr21                                  sfr21        00000
__Lsfr22                                  sfr22        00000
__Lsfr23                                  sfr23        00000
__Lsfr24                                  sfr24        00000
__Lsfr25                                  sfr25        00000
__Lsfr26                                  sfr26        00000
__Lsfr27                                  sfr27        00000
__Lsfr28                                  sfr28        00000
__Lsfr29                                  sfr29        00000
__Lsfr3                                   sfr3         00000
__Lsfr30                                  sfr30        00000
__Lsfr31                                  sfr31        00000
__Lsfr4                                   sfr4         00000
__Lsfr5                                   sfr5         00000
__Lsfr6                                   sfr6         00000
__Lsfr7                                   sfr7         00000
__Lsfr8                                   sfr8         00000
__Lsfr9                                   sfr9         00000
__Lspace_0                                (abs)        00000
__Lspace_1                                (abs)        00000
__Lspace_2                                (abs)        00000
__Lspace_3                                (abs)        00000
__Lstack                                  stack        00000
__Lstrings                                strings      00000
__Lstringtext                             stringtext   00000
__Ltext                                   text         00000
__S0                                      (abs)        08009
__S1                                      (abs)        00265
__S2                                      (abs)        00000
___awdiv                                  text120      016A2
___awdiv@counter                          cstackBANK0  00020
___awdiv@dividend                         cstackCOMMON 00075
___awdiv@divisor                          cstackCOMMON 00073
___awdiv@quotient                         cstackBANK0  00022
___awdiv@sign                             cstackBANK0  00021
___awtoft                                 text103      0111D
___awtoft@c                               cstackBANK0  00023
___awtoft@sign                            cstackBANK0  00028
___bmul                                   text125      01DD1
___bmul@multiplicand                      cstackCOMMON 00073
___bmul@multiplier                        cstackCOMMON 00076
___bmul@product                           cstackCOMMON 00075
___ftadd                                  text102      0046A
___ftadd@exp1                             cstackBANK0  00048
___ftadd@exp2                             cstackBANK0  00047
___ftadd@f1                               cstackBANK0  0003C
___ftadd@f2                               cstackBANK0  0003F
___ftadd@sign                             cstackBANK0  00046
___ftdiv                                  text101      00EA7
___ftdiv@cntr                             cstackBANK0  00033
___ftdiv@exp                              cstackBANK0  00037
___ftdiv@f1                               cstackBANK0  0002C
___ftdiv@f2                               cstackBANK0  00029
___ftdiv@f3                               cstackBANK0  00034
___ftdiv@sign                             cstackBANK0  00038
___ftneg                                  text100      01C62
___ftneg@f1                               cstackBANK0  00039
___ftpack                                 text104      00961
[...]
      Temps:          0       0       0       0       0       0       0       0       0       0       0       0       0       0
      Totals:         1       0       0       0       0       0       0       0       0       0       0       0       0       0
Total ram usage:        1 bytes
 Hardware stack levels used:    1
 Hardware stack levels required when called:    4
 This function calls:
		_DelayOffPointSelect
 This function is called by:
		_DelayOff_Initialization
 This function uses a non-reentrant model


 *************** function _DelayOffPointSelect *****************
 Defined at:
		line 7 in file "../src/DelayOff_B1.c"
 Parameters:    Size  Location     Type
  sw              1    wreg     unsigned char 
 Auto vars:     Size  Location     Type
  sw              1    4[COMMON] unsigned char 
 Return value:  Size  Location     Type
		None               void
 Registers used:
		wreg
 Tracked objects:
		On entry : 
		On exit  : 
		Unchanged: 
 Data sizes:     COMMON   BANK0   BANK1   BANK2   BANK3   BANK4   BANK5   BANK6   BANK7   BANK8   BANK9  BANK10  BANK11  BANK12
      Params:         0       0       0       0       0       0       0       0       0       0       0       0       0       0
      Locals:         1       0       0       0       0       0       0       0       0       0       0       0       0       0
      Temps:          1       0       0       0       0       0       0       0       0       0       0       0       0       0
      Totals:         2       0       0       0       0       0       0       0       0       0       0       0       0       0
Total ram usage:        2 bytes
 Hardware stack levels used:    1
 Hardware stack levels required when called:    3
 This function calls:
		Nothing
 This function is called by:
		_DlyOff_Initialization
		_DlyOff_Main
		_setDelayOff_GO
		_getDelayOff_GO
 This function uses a non-reentrant model


 *************** function _Buzzer_Main *****************
 Defined at:
		line 46 in file "../src/Buzzer_B1.c"
 Parameters:    Size  Location     Type
		None
 Auto vars:     Size  Location     Type
		None
 Return value:  Size  Location     Type
		None               void
 Registers used:
		wreg, status,2, status,0
 Tracked objects:
		On entry : 
		On exit  : 
		Unchanged: 
 Data sizes:     COMMON   BANK0   BANK1   BANK2   BANK3   BANK4   BANK5   BANK6   BANK7   BANK8   BANK9  BANK10  BANK11  BANK12
      Params:         0       0       0       0       0       0       0       0       0       0       0       0       0       0
      Locals:         0       0       0       0       0       0       0       0       0       0       0       0       0       0
      Temps:          1       0       0       0       0       0       0       0       0       0       0       0       0       0
      Totals:         1       0       0       0       0       0       0       0       0       0       0       0       0       0
Total ram usage:        1 bytes
 Hardware stack levels used:    1
 Hardware stack levels required when called:    3
 This function calls:
		Nothing
 This function is called by:
		_main
 This function uses a non-reentrant model


 *************** function _Buzzer_Initialization *****************
 Defined at:
		line 11 in file "../src/Buzzer_B1.c"
 Parameters:    Size  Location     Type
		None
 Auto vars:     Size  Location     Type
		None
 Return value:  Size  Location     Type
		None               void
 Registers used:
		None
 Tracked objects:
		On entry : 
		On exit  : 
		Unchanged: 
 Data sizes:     COMMON   BANK0   BANK1   BANK2   BANK3   BANK4   BANK5   BANK6   BANK7   BANK8   BANK9  BANK10  BANK11  BANK12
      Params:         0       0       0       0       0       0       0       0       0       0       0       0       0       0
      Locals:         0       0       0       0       0       0       0       0       0       0       0       0       0       0
      Temps:          0       0       0       0       0       0       0       0       0       0       0       0       0       0
      Totals:         0       0       0       0       0       0       0       0       0       0       0       0       0       0
Total ram usage:        0 bytes
 Hardware stack levels used:    1
 Hardware stack levels required when called:    3
 This function calls:
		Nothing
 This function is called by:
		_main
 This function uses a non-reentrant model


 *************** function _ISR *****************
 Defined at:
		line 112 in file "../src/MCU_B1.c"
 Parameters:    Size  Location     Type
		None
 Auto vars:     Size  Location     Type
		None
 Return value:  Size  Location     Type
		None               void
 Registers used:
		wreg, fsr0l, fsr0h, fsr1l, fsr1h, status,2, status,0, pclath, cstack
 Tracked objects:
		On entry : 
		On exit  : 
		Unchanged: 
 Data sizes:     COMMON   BANK0   BANK1   BANK2   BANK3   BANK4   BANK5   BANK6   BANK7   BANK8   BANK9  BANK10  BANK11  BANK12
      Params:         0       0       0       0       0       0       0       0       0       0       0       0       0       0
      Locals:         0       0       0       0       0       0       0       0       0       0       0       0       0       0
      Temps:          1       0       0       0       0       0       0       0       0       0       0       0       0       0
      Totals:         1       0       0       0       0       0       0       0       0       0       0       0       0       0
Total ram usage:        1 bytes
 Hardware stack levels used:    1
 Hardware stack levels required when called:    2
 This function calls:
		_IOC_ISR
		_TMR1_ISR
 This function is called by:
		Interrupt level 1
 This function uses a non-reentrant model


 *************** function _TMR1_ISR *****************
 Defined at:
		line 231 in file "../src/MCU_B1.c"
 Parameters:    Size  Location     Type
		None
 Auto vars:     Size  Location     Type
		None
 Return value:  Size  Location     Type
		None               void
 Registers used:
		wreg, fsr0l, fsr0h, fsr1l, fsr1h, status,2, status,0, pclath, cstack
 Tracked objects:
		On entry : 
		On exit  : 
		Unchanged: 
 Data sizes:     COMMON   BANK0   BANK1   BANK2   BANK3   BANK4   BANK5   BANK6   BANK7   BANK8   BANK9  BANK10  BANK11  BANK12
      Params:         0       0       0       0       0       0       0       0       0       0       0       0       0       0
      Locals:         0       0       0       0       0       0       0       0       0       0       0       0       0       0
      Temps:          0       0       0       0       0       0       0       0       0       0       0       0       0       0
      Totals:         0       0       0       0       0       0       0       0       0       0       0       0       0       0
Total ram usage:        0 bytes
 Hardware stack levels used:    1
 Hardware stack levels required when called:    1
 This function calls:
		_setDimmerIntr_TMR
 This function is called by:
		_ISR
 This function uses a non-reentrant model


 *************** function _setDimmerIntr_TMR *****************
 Defined at:
		line 338 in file "../src/Dimmer_B1.c"
 Parameters:    Size  Location     Type
  lights          1    wreg     unsigned char 
 Auto vars:     Size  Location     Type
  lights          1    1[COMMON] unsigned char 
 Return value:  Size  Location     Type
		None               void
 Registers used:
		wreg, fsr0l, fsr0h, fsr1l, fsr1h, status,2, status,0
 Tracked objects:
		On entry : 
		On exit  : 
		Unchanged: 
 Data sizes:     COMMON   BANK0   BANK1   BANK2   BANK3   BANK4   BANK5   BANK6   BANK7   BANK8   BANK9  BANK10  BANK11  BANK12
      Params:         0       0       0       0       0       0       0       0       0       0       0       0       0       0
      Locals:         1       0       0       0       0       0       0       0       0       0       0       0       0       0
      Temps:          1       0       0       0       0       0       0       0       0       0       0       0       0       0
      Totals:         2       0       0       0       0       0       0       0       0       0       0       0       0       0
Total ram usage:        2 bytes
 Hardware stack levels used:    1
 This function calls:
		Nothing
 This function is called by:
		_TMR1_ISR
 This function uses a non-reentrant model


 *************** function _IOC_ISR *****************
 Defined at:
		line 395 in file "../src/MCU_B1.c"
 Parameters:    Size  Location     Type
		None
 Auto vars:     Size  Location     Type
		None
 Return value:  Size  Location     Type
		None               void
 Registers used:
		wreg, fsr1l, fsr1h, status,2, status,0, pclath, cstack
 Tracked objects:
		On entry : 
		On exit  : 
		Unchanged: 
 Data sizes:     COMMON   BANK0   BANK1   BANK2   BANK3   BANK4   BANK5   BANK6   BANK7   BANK8   BANK9  BANK10  BANK11  BANK12
      Params:         0       0       0       0       0       0       0       0       0       0       0       0       0       0
      Locals:         0       0       0       0       0       0       0       0       0       0       0       0       0       0
      Temps:          0       0       0       0       0       0       0       0       0       0       0       0       0       0
      Totals:         0       0       0       0       0       0       0       0       0       0       0       0       0       0
Total ram usage:        0 bytes
 Hardware stack levels used:    1
 Hardware stack levels required when called:    1
 This function calls:
		_setDimmerIntr_IOC
 This function is called by:
		_ISR
 This function uses a non-reentrant model


 *************** function _setDimmerIntr_IOC *****************
 Defined at:
		line 273 in file "../src/Dimmer_B1.c"
 Parameters:    Size  Location     Type
  lights          1    wreg     unsigned char 
 Auto vars:     Size  Location     Type
  lights          1    1[COMMON] unsigned char 
 Return value:  Size  Location     Type
		None               void
 Registers used:
		wreg, fsr1l, fsr1h
 Tracked objects:
		On entry : 
		On exit  : 
		Unchanged: 
 Data sizes:     COMMON   BANK0   BANK1   BANK2   BANK3   BANK4   BANK5   BANK6   BANK7   BANK8   BANK9  BANK10  BANK11  BANK12
      Params:         0       0       0       0       0       0       0       0       0       0       0       0       0       0
      Locals:         1       0       0       0       0       0       0       0       0       0       0       0       0       0
      Temps:          1       0       0       0       0       0       0       0       0       0       0       0       0       0
      Totals:         2       0       0       0       0       0       0       0       0       0       0       0       0       0
Total ram usage:        2 bytes
 Hardware stack levels used:    1
 This function calls:
		Nothing
 This function is called by:
		_IOC_ISR
 This function uses a non-reentrant model



MODULE INFORMATION

Module		Function		Class		Link	Load	Size
C:\Program Files (x86)\Microchip\xc8\v1.32\sources\common\float.c
		___ftpack      		CODE           	0961	0000	99

C:\Program Files (x86)\Microchip\xc8\v1.32\sources\common\float.c estimated size: 99

../src/OverLoad_B1.c
		_getLoad_AD    		CODE           	0C93	0000	126
		_getLoad_OK    		CODE           	1C36	0000	7
		_Load_Initializ		CODE           	1BFD	0000	3
		_Load_Main     		CODE           	0054	0000	410
		_setLoad_AH_AL_		CODE           	1F57	0000	27

../src/OverLoad_B1.c estimated size: 573

C:\Program Files (x86)\Microchip\xc8\v1.32\sources\common\awtoft.c
		___awtoft      		CODE           	111D	0000	34

C:\Program Files (x86)\Microchip\xc8\v1.32\sources\common\awtoft.c estimated size: 34

../src/MCU_B1.c
		_Fosc_Set      		CODE           	1C0C	0000	4
		_IO_Set        		CODE           	1F8D	0000	27
		_WDT_Set       		CODE           	1C74	0000	9
		_WDT_Main      		CODE           	1DC1	0000	16
		_ADC_Set       		CODE           	1C4B	0000	7
		_IOC_ISR       		CODE           	1CFC	0000	14
		_ISR           		CODE           	0004	0000	28
		_Flash_Memory_W		CODE           	1294	0000	42
		_Flash_Memory_M		CODE           	15B4	0000	78
		_IOC_Set       		CODE           	1CD7	0000	12
		_WDT_Clearing  		CODE           	0002	0000	2
		_setMemory_Modi		CODE           	1DA1	0000	16
		_Mcu_Initializa		CODE           	1E27	0000	18
		_setMemory_Data		CODE           	1C92	0000	11
		_Flash_Memory_I		CODE           	0560	0000	220
		_getAD         		CODE           	1F3D	0000	26
		_TMR1_Set      		CODE           	1CE3	0000	12
		_setMemory_Loop		CODE           	1DB1	0000	16
		_Flash_Memory_U		CODE           	1C6B	0000	9
		_Flash_Memory_R		CODE           	1E60	0000	20
		_Flash_Memory_E		CODE           	1CB3	0000	12
		_TMR1_ISR      		CODE           	1161	0000	35
		_Flash_Memory_M		CODE           	1380	0000	54

../src/MCU_B1.c estimated size: 688

../src/Buzzer_B1.c
		_Buzzer_Main   		CODE           	156E	0000	70
		_setBuz        		CODE           	174E	0000	89
		_getBuz_GO     		CODE           	1DE2	0000	17
		_Buzzer_Initial		CODE           	1BFA	0000	3

../src/Buzzer_B1.c estimated size: 179

../src/LED_B1.c
		_setLED        		CODE           	0902	0000	95
		_LED_Main      		CODE           	1CCB	0000	12
		_setLED_Initial		CODE           	1D81	0000	16
		_LedPointSelect		CODE           	1FC4	0000	29
		_setLED_Main   		CODE           	14A4	0000	65
		_LED_Initializa		CODE           	1CBF	0000	12

../src/LED_B1.c estimated size: 229

../src/OverTemperature_B1.c
		_Temp_Initializ		CODE           	1C06	0000	3
		_Temp_Main     		CODE           	1C09	0000	3
		_setTemp_Initia		CODE           	07FF	0000	1
		_getTemp_AD    		CODE           	13ED	0000	59
		_setTemp_Main  		CODE           	0F50	0000	176

../src/OverTemperature_B1.c estimated size: 242

../src/CC2500_B1.c
		_DelayTime_1us 		CODE           	11CC	0000	38
		_CC2500_Frequen		CODE           	1C9D	0000	11
		_CC2500_SIDLEMo		CODE           	1C1C	0000	4
		_CC2500_PowerOn		CODE           	1EB3	0000	21
		_CC2500_WriteBy		CODE           	1F0B	0000	24
		_CC2500_RxData 		CODE           	0B53	0000	101
		_CC2500_TxData 		CODE           	0BB8	0000	106
		_CC2500_ClearRX		CODE           	1C14	0000	4
		_CC2500_ClearTX		CODE           	1C18	0000	4
		_CC2500_InitPAT		CODE           	1FE1	0000	31
		_CC2500_WriteRE		CODE           	113F	0000	34
		_CC2500_ReadSta		CODE           	1184	0000	35
		_CC2500_PowerRS		CODE           	14E5	0000	68
		_CC2500_ReadByt		CODE           	1FA8	0000	28
		_CC2500_InitSet		CODE           	12BE	0000	42
		_CC2500_WriteCo		CODE           	1F23	0000	26

../src/CC2500_B1.c estimated size: 577

C:\Program Files (x86)\Microchip\xc8\v1.32\sources\common\fttol.c
		___fttol       		CODE           	0D90	0000	135

C:\Program Files (x86)\Microchip\xc8\v1.32\sources\common\fttol.c estimated size: 135

C:\Program Files (x86)\Microchip\xc8\v1.32\sources\common\lwdiv.c
		___lwdiv       		CODE           	13B6	0000	55

C:\Program Files (x86)\Microchip\xc8\v1.32\sources\common\lwdiv.c estimated size: 55

../src/RF_Control_B1.c
		_RF_Initializat		CODE           	1C00	0000	3
		_getRxData     		CODE           	0D11	0000	127
		_setRF_Main    		CODE           	0E17	0000	144
		_setRF_DimmerVa		CODE           	12E8	0000	49
		_getRF_KeyStatu		CODE           	1DF3	0000	17
		_setRF_Initiali		CODE           	1C7D	0000	10
		_setTxData     		CODE           	070F	0000	180
		_setRF_TimeoutC		CODE           	1C10	0000	4
		_RF_Timeout_Cou		CODE           	1E9E	0000	21
		_setRFSW_Contro		CODE           	1602	0000	79
		_setRF_Learn   		CODE           	1E04	0000	17
		_setRF_Transcei		CODE           	1D71	0000	16
		_RF_Main       		CODE           	1C03	0000	3
		_setRFSW_AdjCon		CODE           	1466	0000	62
		_setRF_DimmerLi		CODE           	17A7	0000	89
		_setControl_Lig		CODE           	0A27	0000	99
		_setLog_Code   		CODE           	134C	0000	52
		_RF_RxDisable  		CODE           	1D53	0000	15

../src/RF_Control_B1.c estimated size: 987

C:\Program Files (x86)\Microchip\xc8\v1.32\sources\common\awdiv.c
		___awdiv       		CODE           	16A2	0000	84

C:\Program Files (x86)\Microchip\xc8\v1.32\sources\common\awdiv.c estimated size: 84

../src/Main_B1.c
		_Exception_Main		CODE           	063C	0000	211
		_getMain_Lights		CODE           	1D35	0000	15
		_my_MainTimer  		CODE           	07C3	0000	60
		_setProductData		CODE           	1D18	0000	14
		_main          		CODE           	08A7	0000	91
		_Timeout_Counte		CODE           	1EC8	0000	21
		_myMain_Initial		CODE           	1D62	0000	15
		_getMain_All_Er		CODE           	1319	0000	51
		_set_TimeoutCle		CODE           	1C25	0000	5
		_getMain_Lights		CODE           	1D91	0000	16

../src/Main_B1.c estimated size: 499

C:\Program Files (x86)\Microchip\xc8\v1.32\sources\common\ftadd.c
		___ftadd       		CODE           	046A	0000	246

C:\Program Files (x86)\Microchip\xc8\v1.32\sources\common\ftadd.c estimated size: 246

C:\Program Files (x86)\Microchip\xc8\v1.32\sources\common\Umul16.c
		___wmul        		CODE           	109B	0000	32

C:\Program Files (x86)\Microchip\xc8\v1.32\sources\common\Umul16.c estimated size: 32

C:\Program Files (x86)\Microchip\xc8\v1.32\sources\common\Umul8.c
		___bmul        		CODE           	1DD1	0000	17

C:\Program Files (x86)\Microchip\xc8\v1.32\sources\common\Umul8.c estimated size: 17

shared
		_CC2500_patable		STRCODE        	105E	0000	8
		_CC2500_rfSetti		STRCODE        	102F	0000	47
		__initializatio		CODE           	0022	0000	46
		_CC2500_registe		STRCODE        	1000	0000	47

shared estimated size: 148

C:\Program Files (x86)\Microchip\xc8\v1.32\sources\common\ftneg.c
		___ftneg       		CODE           	1C62	0000	9

C:\Program Files (x86)\Microchip\xc8\v1.32\sources\common\ftneg.c estimated size: 9

../src/Switch_B1.c
		_Switch_Main   		CODE           	1CA8	0000	11
		_SwPointSelect 		CODE           	1E39	0000	19
		_TouchPower    		CODE           	1066	0000	21
		_setSw_Main    		CODE           	01EE	0000	367
		_getSw_KeyStatu		CODE           	10BB	0000	32
		_setSw_Initiali		CODE           	0800	0000	7
		_Switch_Initial		CODE           	1CEF	0000	13

../src/Switch_B1.c estimated size: 470

../src/Dimmer_B1.c
		_getDimmerLight		CODE           	1D0A	0000	14
		_DimmerLights_S		CODE           	1EDD	0000	23
		_setDimmerLight		CODE           	0807	0000	70
		_setDimmerIntr_		CODE           	1241	0000	41
		_DimmerLights_M		CODE           	107B	0000	32
		_setDimmerLight		CODE           	084D	0000	90
		_DimmerIntr_Ini		CODE           	10FB	0000	34
		_getDimmerIntr_		CODE           	1E4C	0000	20
		_getAll_DimmerI		CODE           	1F72	0000	27
		_getDimmerLight		CODE           	1D44	0000	15
		_setDimmerIntr_		CODE           	1EF4	0000	23
		_setDimmerIntr_		CODE           	1E89	0000	21
		_setDimmerLight		CODE           	1E15	0000	18
		_setDimmerIntr_		CODE           	1529	0000	69
		_setDimmerLight		CODE           	0AEE	0000	101
		_getDimmer_Load		CODE           	1C3D	0000	7
		_setDimmerLight		CODE           	1BF9	0000	1
		_setDimmerIntr_		CODE           	035D	0000	269
		_setDimmerLight		CODE           	1651	0000	81
		_setDimmerLight		CODE           	11F2	0000	38
		_DimmerLights_I		CODE           	1C87	0000	11
		_getDimmer_Load		CODE           	1C44	0000	7
		_setDimmerLight		CODE           	0A8A	0000	100
		_setDimmerIntr_		CODE           	11A7	0000	37
		_getDimmerLight		CODE           	1428	0000	62
		_setDimmerLight		CODE           	09C4	0000	99
		_setDimmerIntr_		CODE           	1218	0000	41

../src/Dimmer_B1.c estimated size: 1351

../src/DelayOff_B1.c
		_DelayOff_Initi		CODE           	1C52	0000	8
		_DlyOff_Main   		CODE           	0C22	0000	113
		_DelayTimejudge		CODE           	126A	0000	42
		_DelayOff_Main 		CODE           	1C5A	0000	8
		_DelayOffPointS		CODE           	1E74	0000	21
		_getDelayOff_GO		CODE           	1D26	0000	15
		_setDelayOff_GO		CODE           	16F6	0000	88
		_DlyOff_Initial		CODE           	1C20	0000	5

../src/DelayOff_B1.c estimated size: 300

C:\Program Files (x86)\Microchip\xc8\v1.32\sources\pic\ftdiv.c
		___ftdiv       		CODE           	0EA7	0000	169

C:\Program Files (x86)\Microchip\xc8\v1.32\sources\pic\ftdiv.c estimated size: 169

