Microchip MPLAB XC8 Compiler V1.32 ()

Linker command line:

--edf=C:\Program Files (x86)\Microchip\xc8\v1.32\dat\en_msgs.txt -cs \
  -h+dist/default/production\1-8-3.Switch_1Key_Dimmer_MOSFET_NoRF.X.production.sym \
  --cmf=dist/default/production\1-8-3.Switch_1Key_Dimmer_MOSFET_NoRF.X.production.cmf \
  -z -Q16F1518 -oC:\Users\taianluo\AppData\Local\Temp\s590.6 \
  -Mdist/default/production/1-8-3.Switch_1Key_Dimmer_MOSFET_NoRF.X.production.map \
  -E1 -ver=XC8 -ASTACK=02135h-0231fh -pstack=STACK -ACONST=00h-0FFhx64 \
  -ACODE=00h-07FFhx8 -ASTRCODE=00h-03FFFh -AENTRY=00h-0FFhx64 \
  -ASTRING=00h-0FFhx64 -ACOMMON=070h-07Fh -ABANK0=020h-06Fh \
  -ABANK1=0A0h-0EFh -ABANK2=0120h-016Fh -ABANK3=01A0h-01EFh \
  -ABANK4=0220h-026Fh -ABANK5=02A0h-02EFh -ABANK6=0320h-036Fh \
  -ABANK7=03A0h-03EFh -ABANK8=0420h-046Fh -ABANK9=04A0h-04EFh \
  -ABANK10=0520h-056Fh -ABANK11=05A0h-05EFh -ABANK12=0620h-064Fh \
  -ABIGRAM=02000h-023EFh \
  -ARAM=020h-06Fh,0A0h-0EFh,0120h-016Fh,01A0h-01EFh,0220h-026Fh,02A0h-02EFh,0320h-036Fh,03A0h-03EFh,0420h-046Fh,04A0h-04EFh,0520h-056Fh,05A0h-05EFh,0620h-064Fh \
  -AABS1=020h-07Fh,0A0h-0EFh,0120h-016Fh,01A0h-01EFh,0220h-026Fh,02A0h-02EFh,0320h-036Fh,03A0h-03EFh,0420h-046Fh,04A0h-04EFh,0520h-056Fh,05A0h-05EFh,0620h-064Fh \
  -ASFR0=00h-01Fh -ASFR1=080h-09Fh -ASFR2=0100h-011Fh -ASFR3=0180h-019Fh \
  -ASFR4=0200h-021Fh -ASFR5=0280h-029Fh -ASFR6=0300h-031Fh \
  -ASFR7=0380h-039Fh -ASFR8=0400h-041Fh -ASFR9=0480h-049Fh \
  -ASFR10=0500h-051Fh -ASFR11=0580h-059Fh -ASFR12=0600h-061Fh \
  -ASFR13=0680h-06EFh -ASFR14=0700h-076Fh -ASFR15=0780h-07EFh \
  -ASFR16=0800h-086Fh -ASFR17=0880h-08EFh -ASFR18=0900h-096Fh \
  -ASFR19=0980h-09EFh -ASFR20=0A00h-0A6Fh -ASFR21=0A80h-0AEFh \
  -ASFR22=0B00h-0B6Fh -ASFR23=0B80h-0BEFh -ASFR24=0C00h-0C6Fh \
  -ASFR25=0C80h-0CEFh -ASFR26=0D00h-0D6Fh -ASFR27=0D80h-0DEFh \
  -ASFR28=0E00h-0E6Fh -ASFR29=0E80h-0EEFh -ASFR30=0F00h-0F6Fh \
  -ASFR31=0F80h-0FEFh -preset_vec=00h,intentry=04h,init,end_init \
  -ppowerup=CODE -pcinit=CODE -pfunctab=CODE -ACONFIG=08007h-08008h \
  -pconfig=CONFIG -DCONFIG=2 -AIDLOC=08000h-08003h -pidloc=IDLOC -DIDLOC=2 \
  -DCODE=2 -DSTRCODE=2 -DSTRING=2 -DCONST=2 -DENTRY=2 -k \
  C:\Users\taianluo\AppData\Local\Temp\s590.obj \
  dist/default/production\1-8-3.Switch_1Key_Dimmer_MOSFET_NoRF.X.production.obj 

Object code version is 3.11

Machine type is 16F1518



                Name                               Link     Load   Length Selector   Space Scale
C:\Users\taianluo\AppData\Local\Temp\s590.obj
                end_init                             1F       1F        2        8       0
                reset_vec                             0        0        2        0       0
                config                             8007     8007        2    1000E       0
dist/default/production\1-8-3.Switch_1Key_Dimmer_MOSFET_NoRF.X.production.obj
                cinit                                21       21       28        8       0
                intentry                              4        4       1B        8       0
                text116                            14B2     14B2       21     2964       0
                text115                             7F2      7F2        D        8       0
                text114                             803      803       3D     1006       0
                text113                            1149     1149        9     2292       0
                text112                            1686     1686       38     2D0C       0
                text111                            1436     1436       1E     286C       0
                text109                            10DE     10DE        3     21BC       0
                text108                             840      840       4A     1080       0
                text107                            11AF     11AF        C     235E       0
                text106                            1104     1104        6     2208       0
                text105                            10E7     10E7        4     21CE       0
                text104                            1178     1178        B     22F0       0
                text103                            1248     1248       10     2490       0
                text102                            16BE     16BE       3A     2D7C       0
                text101                            121B     121B        F     2436       0
                text100                             928      928       54     1250       0
                text99                              9D0      9D0       59     13A0       0
                text98                              88A      88A       4C     1114       0
                text97                             11BB     11BB        C     2376       0
                text96                              C1A      C1A       6F     1834       0
                text95                             10EB     10EB        4     21D6       0
                text94                             14D3     14D3       22     29A6       0
                text93                             122A     122A        F     2454       0
                text92                              A87      A87       61     150E       0
                text91                             14F5     14F5       22     29EA       0
                text90                              367      367       F6        8       0
                text89                              F57      F57       A9     1EAE       0
                text88                              6CC      6CC       B4        8       0
                text87                             1152     1152        9     22A4       0
                text86                              D0F      D0F       87     1A1E       0
                text85                              AE8      AE8       65     15D0       0
                text84                              B4D      B4D       65     169A       0
                text83                             1306     1306       13     260C       0
                text82                              A29      A29       5E     1452       0
                text81                             10DD     10DD        1     21BA       0
                text80                             111C     111C        7     2238       0
                text79                             17BA     17BA       46     2F74       0
                text78                             1382     1382       18     2704       0
                text77                             11C7     11C7        C     238E       0
                text76                             1517     1517       23     2A2E       0
                text75                              97C      97C       54     12F8       0
                text74                             15E6     15E6       33     2BCC       0
                text73                             1131     1131        8     2262       0
                text72                             1356     1356       16     26AC       0
                text71                             1239     1239        F     2472       0
                text70                             136C     136C       16     26D8       0
                text69                             12AC     12AC       12     2558       0
                text68                             1775     1775       45     2EEA       0
                text67                             12BE     12BE       12     257C       0
                text66                             1268     1268       11     24D0       0
                text65                             1164     1164        A     22C8       0
                text64                             13B2     13B2       19     2764       0
                text63                             12D0     12D0       12     25A0       0
                text62                              D96      D96       8C     1B2C       0
                text61                             139A     139A       18     2734       0
                text60                             11D3     11D3        C     23A6       0
                text59                             110A     110A        6     2214       0
                text58                             11DF     11DF        C     23BE       0
                text57                             1619     1619       36     2C32       0
                text56                              EAF      EAF       A8     1D5E       0
                text55                              BB2      BB2       68     1764       0
                text54                             153A     153A       24     2A74       0
                text53                             1183     1183        B     2306       0
                text52                              530      530       D2        8       0
                text51                             13CB     13CB       1A     2796       0
                text50                             115B     115B        9     22B6       0
                text49                             1585     1585       2F     2B0A       0
                text48                             11EB     11EB        C     23D6       0
                text47                              602      602       CA        8       0
                text46                             11F7     11F7        C     23EE       0
                text45                              C89      C89       86     1912       0
                text44                             1279     1279       11     24F2       0
                text43                             1734     1734       41     2E68       0
                text42                             128A     128A       11     2514       0
                text41                             10EF     10EF        4     21DE       0
                text40                             15B4     15B4       32     2B68       0
                text39                             10F3     10F3        4     21E6       0
                text38                             141A     141A       1C     2834       0
                text37                             10E1     10E1        3     21C2       0
                text36                             164F     164F       37     2C9E       0
                text35                             1454     1454       1E     28A8       0
                text34                             116E     116E        A     22DC       0
                text33                             1139     1139        8     2272       0
                text32                             1141     1141        8     2282       0
                text31                             118E     118E        B     231C       0
                text30                               49       49      1B2        8       0
                text29                             1123     1123        7     2246       0
                text28                             10F7     10F7        4     21EE       0
                text27                             1199     1199        B     2332       0
                text26                             13E5     13E5       1A     27CA       0
                text25                             1203     1203        C     2406       0
                text24                             11A4     11A4        B     2348       0
                text23                             12E2     12E2       12     25C4       0
                text22                             1258     1258       10     24B0       0
                text21                             10FB     10FB        4     21F6       0
                text20                             132C     132C       15     2658       0
                text19                             10FF     10FF        5     21FE       0
                text18                             1341     1341       15     2682       0
                text17                             120F     120F        C     241E       0
                text16                             129B     129B       11     2536       0
                text15                             155E     155E       27     2ABC       0
                text14                              1FB      1FB      16C        8       0
                text13                             112A     112A        7     2254       0
                text12                              7FF      7FF        1        8       0
                text11                             10E4     10E4        3     21C8       0
                text10                             13FF     13FF       1B     27FE       0
                text9                               45D      45D       D3        8       0
                text8                               800      800        3     1000       0
                text7                                 2        2        2        0       0
                text6                              12F4     12F4       12     25E8       0
                text5                              1472     1472       20     28E4       0
                text4                               780      780       72        8       0
                text3                               E22      E22       8D     1C44       0
                text2                              1319     1319       13     2632       0
                text1                              16F8     16F8       3C     2DF0       0
                maintext                            8D6      8D6       52     11AC       0
                cstackBANK0                          20       20       50       20       1
                cstackCOMMON                         70       70        D       70       1
                cstackBANK1                          E8       E8        6       A0       1
                inittext                           1110     1110        6     2220       0
                clrtext                            1116     1116        6     222C       0
                dataBANK3                           1C5      1C5       20      1A0       1
                bssBANK3                            1A0      1A0       25      1A0       1
                bssBANK2                            120      120       3F      120       1
                bssBANK1                             A0       A0       48       A0       1
                bssCOMMON                            7D       7D        1       70       1
                nvBANK1                              EE       EE        1       A0       1
                idataBANK3                         1492     1492       20     2924       0

TOTAL           Name                               Link     Load   Length     Space
        CLASS   STACK          

        CLASS   CONST          

        CLASS   CODE           
                end_init                             1F       1F        2         0
                cinit                                21       21       28         0
                intentry                              4        4       1B         0
                reset_vec                             0        0        2         0
                text116                            14B2     14B2       21         0
                text115                             7F2      7F2        D         0
                text114                             803      803       3D         0
                text113                            1149     1149        9         0
                text112                            1686     1686       38         0
                text111                            1436     1436       1E         0
                text109                            10DE     10DE        3         0
                text108                             840      840       4A         0
                text107                            11AF     11AF        C         0
                text106                            1104     1104        6         0
                text105                            10E7     10E7        4         0
                text104                            1178     1178        B         0
                text103                            1248     1248       10         0
                text102                            16BE     16BE       3A         0
                text101                            121B     121B        F         0
                text100                             928      928       54         0
                text99                              9D0      9D0       59         0
                text98                              88A      88A       4C         0
                text97                             11BB     11BB        C         0
                text96                              C1A      C1A       6F         0
                text95                             10EB     10EB        4         0
                text94                             14D3     14D3       22         0
                text93                             122A     122A        F         0
                text92                              A87      A87       61         0
                text91                             14F5     14F5       22         0
                text90                              367      367       F6         0
                text89                              F57      F57       A9         0
                text88                              6CC      6CC       B4         0
                text87                             1152     1152        9         0
                text86                              D0F      D0F       87         0
                text85                              AE8      AE8       65         0
                text84                              B4D      B4D       65         0
                text83                             1306     1306       13         0
                text82                              A29      A29       5E         0
                text81                             10DD     10DD        1         0
                text80                             111C     111C        7         0
                text79                             17BA     17BA       46         0
                text78                             1382     1382       18         0
                text77                             11C7     11C7        C         0
                text76                             1517     1517       23         0
                text75                              97C      97C       54         0
                text74                             15E6     15E6       33         0
                text73                             1131     1131        8         0
                text72                             1356     1356       16         0
                text71                             1239     1239        F         0
                text70                             136C     136C       16         0
                text69                             12AC     12AC       12         0
                text68                             1775     1775       45         0
                text67                             12BE     12BE       12         0
                text66                             1268     1268       11         0
                text65                             1164     1164        A         0
                text64                             13B2     13B2       19         0
                text63                             12D0     12D0       12         0
                text62                              D96      D96       8C         0
                text61                             139A     139A       18         0
                text60                             11D3     11D3        C         0
                text59                             110A     110A        6         0
                text58                             11DF     11DF        C         0
                text57                             1619     1619       36         0
                text56                              EAF      EAF       A8         0
                text55                              BB2      BB2       68         0
                text54                             153A     153A       24         0
                text53                             1183     1183        B         0
                text52                              530      530       D2         0
                text51                             13CB     13CB       1A         0
                text50                             115B     115B        9         0
                text49                             1585     1585       2F         0
                text48                             11EB     11EB        C         0
                text47                              602      602       CA         0
                text46                             11F7     11F7        C         0
                text45                              C89      C89       86         0
                text44                             1279     1279       11         0
                text43                             1734     1734       41         0
                text42                             128A     128A       11         0
                text41                             10EF     10EF        4         0
                text40                             15B4     15B4       32         0
                text39                             10F3     10F3        4         0
                text38                             141A     141A       1C         0
                text37                             10E1     10E1        3         0
                text36                             164F     164F       37         0
                text35                             1454     1454       1E         0
                text34                             116E     116E        A         0
                text33                             1139     1139        8         0
                text32                             1141     1141        8         0
                text31                             118E     118E        B         0
                text30                               49       49      1B2         0
                text29                             1123     1123        7         0
                text28                             10F7     10F7        4         0
                text27                             1199     1199        B         0
                text26                             13E5     13E5       1A         0
                text25                             1203     1203        C         0
                text24                             11A4     11A4        B         0
                text23                             12E2     12E2       12         0
                text22                             1258     1258       10         0
                text21                             10FB     10FB        4         0
                text20                             132C     132C       15         0
                text19                             10FF     10FF        5         0
                text18                             1341     1341       15         0
                text17                             120F     120F        C         0
                text16                             129B     129B       11         0
                text15                             155E     155E       27         0
                text14                              1FB      1FB      16C         0
                text13                             112A     112A        7         0
                text12                              7FF      7FF        1         0
                text11                             10E4     10E4        3         0
                text10                             13FF     13FF       1B         0
                text9                               45D      45D       D3         0
                text8                               800      800        3         0
                text7                                 2        2        2         0
                text6                              12F4     12F4       12         0
                text5                              1472     1472       20         0
                text4                               780      780       72         0
                text3                               E22      E22       8D         0
                text2                              1319     1319       13         0
                text1                              16F8     16F8       3C         0
                maintext                            8D6      8D6       52         0
                inittext                           1110     1110        6         0
                clrtext                            1116     1116        6         0
                idataBANK3                         1492     1492       20         0

        CLASS   STRCODE        

        CLASS   ENTRY          

        CLASS   STRING         

        CLASS   COMMON         
                cstackCOMMON                         70       70        D         1
                bssCOMMON                            7D       7D        1         1

        CLASS   BANK0          
                cstackBANK0                          20       20       50         1

        CLASS   BANK1          
                cstackBANK1                          E8       E8        6         1
                bssBANK1                             A0       A0       48         1
                nvBANK1                              EE       EE        1         1

        CLASS   BANK2          
                bssBANK2                            120      120       3F         1

        CLASS   BANK3          
                dataBANK3                           1C5      1C5       20         1
                bssBANK3                            1A0      1A0       25         1

        CLASS   BANK4          

        CLASS   BANK5          

        CLASS   BANK6          

        CLASS   BANK7          

        CLASS   BANK8          

        CLASS   BANK9          

        CLASS   BANK10         

        CLASS   BANK11         

        CLASS   BANK12         

        CLASS   BIGRAM         

        CLASS   RAM            

        CLASS   ABS1           
                abs_s1                               7E       7E        2         1

        CLASS   SFR0           

        CLASS   SFR1           

        CLASS   SFR2           

        CLASS   SFR3           

        CLASS   SFR4           

        CLASS   SFR5           

        CLASS   SFR6           

        CLASS   SFR7           

        CLASS   SFR8           

        CLASS   SFR9           

        CLASS   SFR10          

        CLASS   SFR11          

        CLASS   SFR12          

        CLASS   SFR13          

        CLASS   SFR14          

        CLASS   SFR15          

        CLASS   SFR16          

        CLASS   SFR17          

        CLASS   SFR18          

        CLASS   SFR19          

        CLASS   SFR20          

        CLASS   SFR21          

        CLASS   SFR22          

        CLASS   SFR23          

        CLASS   SFR24          

        CLASS   SFR25          

        CLASS   SFR26          

        CLASS   SFR27          

        CLASS   SFR28          

        CLASS   SFR29          

        CLASS   SFR30          

        CLASS   SFR31          

        CLASS   CONFIG         
                config                             8007     8007        2         0

        CLASS   IDLOC          

        CLASS   BANK31         

        CLASS   BANK30         

        CLASS   BANK29         

        CLASS   BANK28         

        CLASS   BANK27         

        CLASS   BANK26         

        CLASS   BANK25         

        CLASS   BANK24         

        CLASS   BANK23         

        CLASS   BANK22         

        CLASS   BANK21         

        CLASS   BANK20         

        CLASS   BANK19         

        CLASS   BANK18         

        CLASS   BANK17         

        CLASS   BANK16         

        CLASS   BANK15         

        CLASS   BANK14         

        CLASS   BANK13         

        CLASS   EEDATA         



SEGMENTS        Name                           Load    Length   Top    Selector   Space  Class     Delta

                reset_vec                      000000  000004  000004         0       0  CODE        2
                intentry                       000004  0007FC  000800         8       0  CODE        2
                cstackBANK0                    000020  000050  000070        20       1  BANK0       1
                cstackCOMMON                   000070  00000E  00007E        70       1  COMMON      1
                bssBANK1                       0000A0  00004F  0000EF        A0       1  BANK1       1
                bssBANK2                       000120  00003F  00015F       120       1  BANK2       1
                bssBANK3                       0001A0  000045  0001E5       1A0       1  BANK3       1
                text8                          000800  000003  000803      1000       0  CODE        2
                text114                        000803  00003D  000840      1006       0  CODE        2
                text108                        000840  00004A  00088A      1080       0  CODE        2
                text98                         00088A  00004C  0008D6      1114       0  CODE        2
                maintext                       0008D6  000052  000928      11AC       0  CODE        2
                text100                        000928  000054  00097C      1250       0  CODE        2
                text75                         00097C  000054  0009D0      12F8       0  CODE        2
                text99                         0009D0  000059  000A29      13A0       0  CODE        2
                text82                         000A29  00005E  000A87      1452       0  CODE        2
                text92                         000A87  000061  000AE8      150E       0  CODE        2
                text85                         000AE8  000065  000B4D      15D0       0  CODE        2
                text84                         000B4D  000065  000BB2      169A       0  CODE        2
                text55                         000BB2  000068  000C1A      1764       0  CODE        2
                text96                         000C1A  00006F  000C89      1834       0  CODE        2
                text45                         000C89  000086  000D0F      1912       0  CODE        2
                text86                         000D0F  000087  000D96      1A1E       0  CODE        2
                text62                         000D96  00008C  000E22      1B2C       0  CODE        2
                text3                          000E22  00008D  000EAF      1C44       0  CODE        2
                text56                         000EAF  0000A8  000F57      1D5E       0  CODE        2
                text89                         000F57  0000A9  001000      1EAE       0  CODE        2
                text81                         0010DD  000001  0010DE      21BA       0  CODE        2
                text109                        0010DE  000003  0010E1      21BC       0  CODE        2
                text37                         0010E1  000003  0010E4      21C2       0  CODE        2
                text11                         0010E4  000003  0010E7      21C8       0  CODE        2
                text105                        0010E7  000004  0010EB      21CE       0  CODE        2
                text95                         0010EB  000004  0010EF      21D6       0  CODE        2
                text41                         0010EF  000004  0010F3      21DE       0  CODE        2
                text39                         0010F3  000004  0010F7      21E6       0  CODE        2
                text28                         0010F7  000004  0010FB      21EE       0  CODE        2
                text21                         0010FB  000004  0010FF      21F6       0  CODE        2
                text19                         0010FF  000005  001104      21FE       0  CODE        2
                text106                        001104  000006  00110A      2208       0  CODE        2
                text59                         00110A  000006  001110      2214       0  CODE        2
                inittext                       001110  000006  001116      2220       0  CODE        2
                clrtext                        001116  000006  00111C      222C       0  CODE        2
                text80                         00111C  000007  001123      2238       0  CODE        2
                text29                         001123  000007  00112A      2246       0  CODE        2
                text13                         00112A  000007  001131      2254       0  CODE        2
                text73                         001131  000008  001139      2262       0  CODE        2
                text33                         001139  000008  001141      2272       0  CODE        2
                text32                         001141  000008  001149      2282       0  CODE        2
                text113                        001149  000009  001152      2292       0  CODE        2
                text87                         001152  000009  00115B      22A4       0  CODE        2
                text50                         00115B  000009  001164      22B6       0  CODE        2
                text65                         001164  00000A  00116E      22C8       0  CODE        2
                text34                         00116E  00000A  001178      22DC       0  CODE        2
                text104                        001178  00000B  001183      22F0       0  CODE        2
                text53                         001183  00000B  00118E      2306       0  CODE        2
                text31                         00118E  00000B  001199      231C       0  CODE        2
                text27                         001199  00000B  0011A4      2332       0  CODE        2
                text24                         0011A4  00000B  0011AF      2348       0  CODE        2
                text107                        0011AF  00000C  0011BB      235E       0  CODE        2
                text97                         0011BB  00000C  0011C7      2376       0  CODE        2
                text77                         0011C7  00000C  0011D3      238E       0  CODE        2
                text60                         0011D3  00000C  0011DF      23A6       0  CODE        2
                text58                         0011DF  00000C  0011EB      23BE       0  CODE        2
                text48                         0011EB  00000C  0011F7      23D6       0  CODE        2
                text46                         0011F7  00000C  001203      23EE       0  CODE        2
                text25                         001203  00000C  00120F      2406       0  CODE        2
                text17                         00120F  00000C  00121B      241E       0  CODE        2
                text101                        00121B  00000F  00122A      2436       0  CODE        2
                text93                         00122A  00000F  001239      2454       0  CODE        2
                text71                         001239  00000F  001248      2472       0  CODE        2
                text103                        001248  000010  001258      2490       0  CODE        2
                text22                         001258  000010  001268      24B0       0  CODE        2
                text66                         001268  000011  001279      24D0       0  CODE        2
                text44                         001279  000011  00128A      24F2       0  CODE        2
                text42                         00128A  000011  00129B      2514       0  CODE        2
                text16                         00129B  000011  0012AC      2536       0  CODE        2
                text69                         0012AC  000012  0012BE      2558       0  CODE        2
                text67                         0012BE  000012  0012D0      257C       0  CODE        2
                text63                         0012D0  000012  0012E2      25A0       0  CODE        2
                text23                         0012E2  000012  0012F4      25C4       0  CODE        2
                text6                          0012F4  000012  001306      25E8       0  CODE        2
                text83                         001306  000013  001319      260C       0  CODE        2
                text2                          001319  000013  00132C      2632       0  CODE        2
                text20                         00132C  000015  001341      2658       0  CODE        2
                text18                         001341  000015  001356      2682       0  CODE        2
                text72                         001356  000016  00136C      26AC       0  CODE        2
                text70                         00136C  000016  001382      26D8       0  CODE        2
                text78                         001382  000018  00139A      2704       0  CODE        2
                text61                         00139A  000018  0013B2      2734       0  CODE        2
                text64                         0013B2  000019  0013CB      2764       0  CODE        2
                text51                         0013CB  00001A  0013E5      2796       0  CODE        2
                text26                         0013E5  00001A  0013FF      27CA       0  CODE        2
                text10                         0013FF  00001B  00141A      27FE       0  CODE        2
                text38                         00141A  00001C  001436      2834       0  CODE        2
                text111                        001436  00001E  001454      286C       0  CODE        2
                text35                         001454  00001E  001472      28A8       0  CODE        2
                text5                          001472  000020  001492      28E4       0  CODE        2
                idataBANK3                     001492  000020  0014B2      2924       0  CODE        2
                text116                        0014B2  000021  0014D3      2964       0  CODE        2
                text94                         0014D3  000022  0014F5      29A6       0  CODE        2
                text91                         0014F5  000022  001517      29EA       0  CODE        2
                text76                         001517  000023  00153A      2A2E       0  CODE        2
                text54                         00153A  000024  00155E      2A74       0  CODE        2
                text15                         00155E  000027  001585      2ABC       0  CODE        2
                text49                         001585  00002F  0015B4      2B0A       0  CODE        2
                text40                         0015B4  000032  0015E6      2B68       0  CODE        2
                text74                         0015E6  000033  001619      2BCC       0  CODE        2
                text57                         001619  000036  00164F      2C32       0  CODE        2
                text36                         00164F  000037  001686      2C9E       0  CODE        2
                text112                        001686  000038  0016BE      2D0C       0  CODE        2
                text102                        0016BE  00003A  0016F8      2D7C       0  CODE        2
                text1                          0016F8  00003C  001734      2DF0       0  CODE        2
                text43                         001734  000041  001775      2E68       0  CODE        2
                text68                         001775  000045  0017BA      2EEA       0  CODE        2
                text79                         0017BA  000046  001800      2F74       0  CODE        2
                config                         008007  000002  008009     1000E       0  CONFIG      2


UNUSED ADDRESS RANGES

        Name                Unused          Largest block    Delta
        BANK1            000EF-000EF               1           1
        BANK10           00520-0056F              50           1
        BANK11           005A0-005EF              50           1
        BANK12           00620-0064F              30           1
        BANK2            0015F-0016F              11           1
        BANK3            001E5-001EF               B           1
        BANK4            00220-0026F              50           1
        BANK5            002A0-002EF              50           1
        BANK6            00320-0036F              50           1
        BANK7            003A0-003EF              50           1
        BANK8            00420-0046F              50           1
        BANK9            004A0-004EF              50           1
        BIGRAM           02000-023EF             3F0           1
        CODE             01000-010DC              DD           2
                         01800-03FFF             800
        CONST            01000-010DC              DD           2
                         01800-03FFF             100
        ENTRY            01000-010DC              DD           2
                         01800-03FFF             100
        IDLOC            08000-08003               4           2
        RAM              000EF-000EF               1           1
                         0015F-0016F              11
                         001E5-001EF               B
                         00220-0026F              50
                         002A0-002EF              50
                         00320-0036F              50
                         003A0-003EF              50
                         00420-0046F              50
                         004A0-004EF              50
                         00520-0056F              50
                         005A0-005EF              50
                         00620-0064F              30
        SFR0             00000-0001F              20           1
        SFR1             00080-0009F              20           1
        SFR10            00500-0051F              20           1
        SFR11            00580-0059F              20           1
        SFR12            00600-0061F              20           1
        SFR13            00680-006EF              70           1
        SFR14            00700-0076F              70           1
        SFR15            00780-007EF              70           1
        SFR16            00800-0086F              70           1
        SFR17            00880-008EF              70           1
        SFR18            00900-0096F              70           1
        SFR19            00980-009EF              70           1
        SFR2             00100-0011F              20           1
        SFR20            00A00-00A6F              70           1
        SFR21            00A80-00AEF              70           1
        SFR22            00B00-00B6F              70           1
        SFR23            00B80-00BEF              70           1
        SFR24            00C00-00C6F              70           1
        SFR25            00C80-00CEF              70           1
        SFR26            00D00-00D6F              70           1
        SFR27            00D80-00DEF              70           1
        SFR28            00E00-00E6F              70           1
        SFR29            00E80-00EEF              70           1
        SFR3             00180-0019F              20           1
        SFR30            00F00-00F6F              70           1
        SFR31            00F80-00FEF              70           1
        SFR4             00200-0021F              20           1
        SFR5             00280-0029F              20           1
        SFR6             00300-0031F              20           1
        SFR7             00380-0039F              20           1
        SFR8             00400-0041F              20           1
        SFR9             00480-0049F              20           1
        STACK            02135-0231F             1EB           1
        STRCODE          01000-010DC              DD           2
                         01800-03FFF            2800
        STRING           01000-010DC              DD           2
                         01800-03FFF             100

                                  Symbol Table

?___awdiv                                 cstackBANK0  00020
?___awtoft                                cstackBANK0  00028
?___ftadd                                 cstackBANK0  00041
?___ftdiv                                 cstackBANK0  0002E
?___ftmul                                 cstackBANK0  0002E
?___ftneg                                 cstackBANK0  0003E
?___ftpack                                cstackBANK0  00020
?___fttol                                 cstackBANK0  0004E
?___lwdiv                                 cstackBANK0  00020
?___wmul                                  cstackBANK0  00020
?_getAD                                   cstackBANK0  00020
DelayOffPointSelect@sw                    cstackBANK0  00021
DimmerLights_AssignationDimming@status    cstackBANK0  00066
DimmerLights_AssignationDimming@sw        cstackBANK0  00067
DimmerLights_DimmingFunction@lights       cstackBANK0  00021
DimmerLights_SelectPointer@lights         cstackBANK0  00021
DimmerLights_TwoPhase_Main@lights         cstackBANK0  00068
Division@num                              cstackBANK0  00025
Division@result                           cstackBANK0  00029
Division@value                            cstackBANK0  00028
DlyOff_Initialization@sw                  cstackBANK0  00022
DlyOff_Main@sw                            cstackBANK0  00067
Exception_Main@count                      cstackBANK0  0002F
Exception_Main@error                      cstackBANK0  00034
Exception_Main@i                          cstackBANK0  00030
Exception_Main@i_3198                     cstackBANK0  00032
Exception_Main@lights                     cstackBANK0  00035
Exception_Main@status                     cstackBANK0  0002E
Flash_Memory_Initialization@value         cstackBANK0  00025
Flash_Memory_Main@key_Status              cstackBANK0  00027
Flash_Memory_Modify@i                     cstackBANK0  00025
Flash_Memory_Read@address                 cstackBANK0  00022
Flash_Memory_Read@i                       cstackBANK0  00021
Flash_Memory_Read@ret                     cstackBANK0  00023
Flash_Memory_Write@i                      cstackBANK0  00021
LedPointSelect@led                        cstackBANK0  00021
Load_Main@ErrorCountValue                 cstackBANK0  0002D
Load_Main@LightsCount                     cstackBANK0  0002F
Load_Main@Load_RunStatus                  cstackBANK0  0002E
Load_Main@error                           cstackBANK0  0002C
Load_Main@i                               cstackBANK0  00030
SwPointSelect@sw                          cstackBANK0  00021
_ADCON0                                   (abs)        0009D
_ADCON1                                   (abs)        0009E
_ADC_Set                                  text29       01123
_ADRESH                                   (abs)        0009C
_ADRESL                                   (abs)        0009B
_ANSELA                                   (abs)        0018C
_ANSELB                                   (abs)        0018D
_ANSELC                                   (abs)        0018E
_Buz1                                     bssBANK1     000AD
_Buzzer_Initialization                    text109      010DE
_Buzzer_Main                              text108      00840
_CFGS                                     (abs)        00CAE
_Cmd                                      bssBANK1     000CF
_DelayOff                                 bssBANK1     000D0
_DelayOffPointSelect                      text107      011AF
_DelayOff_Initialization                  text105      010E7
_DelayOff_Main                            text95       010EB
_Dimmer                                   bssBANK1     000C5
_DimmerIntr                               bssBANK1     000D1
_DimmerIntr1                              bssBANK1     000B9
_DimmerIntr_Initialization                text82       00A29
_DimmerLights                             bssCOMMON    0007D
_DimmerLights1                            bssBANK2     00148
_DimmerLights_AssignationDimming          text76       01517
_DimmerLights_DimmingFunction             text79       017BA
_DimmerLights_IOC_1                       text114      00803
_DimmerLights_Initialization              text80       0111C
_DimmerLights_Main                        text54       0153A
_DimmerLights_SelectPointer               text104      01178
_DimmerLights_TMR_1                       text112      01686
_DimmerLights_TwoPhase_Main               text75       0097C
_Division                                 text93       0122A
_DlyOff_Initialization                    text106      01104
_DlyOff_Main                              text96       00C1A
_DlySw1                                   bssBANK2     0015A
_Exception_Main                           text52       00530
_FREE                                     (abs)        00CAC
_FVRCON                                   (abs)        00117
_Flash_Memory_Erasing                     text46       011F7
_Flash_Memory_Initialization              text47       00602
_Flash_Memory_Main                        text43       01734
_Flash_Memory_Main$2776                   cstackBANK0  00028
_Flash_Memory_Modify                      text45       00C89
_Flash_Memory_Read                        text51       013CB
_Flash_Memory_Unlock                      text50       0115B
_Flash_Memory_Write                       text49       01585
_Fosc_Set                                 text28       010F7
_GIE                                      (abs)        0005F
_GO_nDONE                                 (abs)        004E9
_IOCBF                                    (abs)        00396
_IOCBF2                                   (abs)        01CB2
_IOCBN                                    (abs)        00395
_IOCBP                                    (abs)        00394
_IOCIE                                    (abs)        0005B
_IOCIF                                    (abs)        00058
_IOC_ISR                                  text113      01149
_IOC_Set                                  text27       01199
_IO_Set                                   text26       013E5
_ISR                                      intentry     00004
_LATA                                     (abs)        0010C
_LATB                                     (abs)        0010D
_LATC                                     (abs)        0010E
_LED                                      bssBANK1     000D2
_LED_Initialization                       text41       010EF
_LED_Main                                 text39       010F3
_LWLO                                     (abs)        00CAD
_LedPointSelect                           text58       011DF
_Light                                    bssBANK1     000D3
_Load                                     bssBANK2     00120
_Load_Initialization                      text37       010E1
_Load_Main                                text30       00049
_Load_Main$3523                           cstackBANK0  0002A
_Mcu_Initialization                       text23       012E2
_Memory                                   bssBANK3     001A0
_OSCCON                                   (abs)        00099
_PEIE                                     (abs)        0005E
_PMADRH                                   (abs)        00192
_PMADRL                                   (abs)        00191
_PMCON2                                   (abs)        00196
_PMDATH                                   (abs)        00194
_PMDATL                                   (abs)        00193
_PORTA                                    (abs)        0000C
_PORTB                                    (abs)        0000D
_PORTC                                    (abs)        0000E
_RA0                                      (abs)        00060
_RA4                                      (abs)        00064
_RA6                                      (abs)        00066
_RA7                                      (abs)        00067
_RB0                                      (abs)        00068
_RB1                                      (abs)        00069
_RB2                                      (abs)        0006A
_RB3                                      (abs)        0006B
_RB5                                      (abs)        0006D
_RD                                       (abs)        00CA8
_Sw                                       bssBANK1     000D4
_Sw1                                      bssBANK2     00151
_SwDetect                                 bssBANK1     000D5
_SwPointSelect                            text17       0120F
_Switch_Initialization                    text21       010FB
_Switch_Main                              text13       0112A
_T1CON                                    (abs)        00018
_TMR1H                                    (abs)        00017
_TMR1IE                                   (abs)        00488
_TMR1IF                                   (abs)        00088
_TMR1L                                    (abs)        00016
_TMR1_ISR                                 text111      01436
_TMR1_Set                                 text25       01203
_TRISA                                    (abs)        0008C
_TRISB                                    (abs)        0008D
_TRISC                                    (abs)        0008E
_Temp                                     bssBANK1     000D6
_Temp_Initialization                      text11       010E4
_Temp_Main                                text8        00800
_Timeout_Counter                          text20       0132C
_Timer1                                   bssBANK1     000CA
_TouchPower                               text18       01341
_VarErrLED                                bssBANK1     000E4
_WDT                                      bssBANK1     000CD
_WDTCON                                   (abs)        00097
_WDT_Clearing                             text7        00002
_WDT_Main                                 text6        012F4
_WDT_Set                                  text24       011A4
_WPUB                                     (abs)        0020D
_WR                                       (abs)        00CA9
_WREN                                     (abs)        00CAA
__CFG_BOREN$OFF                           (abs)        00000
__CFG_CP$ON                               (abs)        00000
__CFG_FOSC$INTOSC                         (abs)        00000
__CFG_VCAPEN$OFF                          (abs)        00000
__CFG_WDTE$ON                             (abs)        00000
__CFG_WRT$HALF                            (abs)        00000
__Habs1                                   abs1         00000
__Hbank0                                  bank0        00000
__Hbank1                                  bank1        00000
__Hbank10                                 bank10       00000
__Hbank11                                 bank11       00000
__Hbank12                                 bank12       00000
__Hbank13                                 bank13       00000
__Hbank14                                 bank14       00000
__Hbank15                                 bank15       00000
__Hbank16                                 bank16       00000
__Hbank17                                 bank17       00000
__Hbank18                                 bank18       00000
__Hbank19                                 bank19       00000
__Hbank2                                  bank2        00000
__Hbank20                                 bank20       00000
__Hbank21                                 bank21       00000
__Hbank22                                 bank22       00000
__Hbank23                                 bank23       00000
__Hbank24                                 bank24       00000
__Hbank25                                 bank25       00000
__Hbank26                                 bank26       00000
__Hbank27                                 bank27       00000
__Hbank28                                 bank28       00000
__Hbank29                                 bank29       00000
__Hbank3                                  bank3        00000
__Hbank30                                 bank30       00000
__Hbank31                                 bank31       00000
__Hbank4                                  bank4        00000
__Hbank5                                  bank5        00000
__Hbank6                                  bank6        00000
__Hbank7                                  bank7        00000
__Hbank8                                  bank8        00000
__Hbank9                                  bank9        00000
__Hbigram                                 bigram       00000
__HbssBANK1                               bssBANK1     00000
__HbssBANK2                               bssBANK2     00000
__HbssBANK3                               bssBANK3     00000
__HbssCOMMON                              bssCOMMON    00000
__Hcinit                                  cinit        00049
__Hclrtext                                clrtext      00000
__Hcode                                   code         00000
__Hcommon                                 common       00000
__Hconfig                                 config       08009
__HcstackBANK0                            cstackBANK0  00000
__HcstackBANK1                            cstackBANK1  00000
__HcstackCOMMON                           cstackCOMMON 00000
__HdataBANK3                              dataBANK3    00000
__Heeprom_data                            eeprom_data  00000
__Hend_init                               end_init     00021
__Hfunctab                                functab      00000
__HidataBANK3                             idataBANK3   00000
__Hidloc                                  idloc        00000
__Hinit                                   init         0001F
__Hinittext                               inittext     00000
__Hintentry                               intentry     0001F
__Hmaintext                               maintext     00000
__HnvBANK1                                nvBANK1      00000
__Hpowerup                                powerup      00000
__Hram                                    ram          00000
__Hreset_vec                              reset_vec    00002
__Hsfr0                                   sfr0         00000
__Hsfr1                                   sfr1         00000
__Hsfr10                                  sfr10        00000
__Hsfr11                                  sfr11        00000
__Hsfr12                                  sfr12        00000
__Hsfr13                                  sfr13        00000
__Hsfr14                                  sfr14        00000
__Hsfr15                                  sfr15        00000
__Hsfr16                                  sfr16        00000
__Hsfr17                                  sfr17        00000
__Hsfr18                                  sfr18        00000
__Hsfr19                                  sfr19        00000
__Hsfr2                                   sfr2         00000
__Hsfr20                                  sfr20        00000
__Hsfr21                                  sfr21        00000
__Hsfr22                                  sfr22        00000
__Hsfr23                                  sfr23        00000
__Hsfr24                                  sfr24        00000
__Hsfr25                                  sfr25        00000
__Hsfr26                                  sfr26        00000
__Hsfr27                                  sfr27        00000
__Hsfr28                                  sfr28        00000
__Hsfr29                                  sfr29        00000
__Hsfr3                                   sfr3         00000
__Hsfr30                                  sfr30        00000
__Hsfr31                                  sfr31        00000
__Hsfr4                                   sfr4         00000
__Hsfr5                                   sfr5         00000
__Hsfr6                                   sfr6         00000
__Hsfr7                                   sfr7         00000
__Hsfr8                                   sfr8         00000
__Hsfr9                                   sfr9         00000
__Hspace_0                                (abs)        08009
__Hspace_1                                (abs)        001E5
__Hspace_2                                (abs)        00000
__Hspace_3                                (abs)        00000
__Hstack                                  stack        00000
__Hstrings                                strings      00000
__Htext                                   text         00000
__Labs1                                   abs1         00000
__Lbank0                                  bank0        00000
__Lbank1                                  bank1        00000
__Lbank10                                 bank10       00000
__Lbank11                                 bank11       00000
__Lbank12                                 bank12       00000
__Lbank13                                 bank13       00000
__Lbank14                                 bank14       00000
__Lbank15                                 bank15       00000
__Lbank16                                 bank16       00000
__Lbank17                                 bank17       00000
__Lbank18                                 bank18       00000
__Lbank19                                 bank19       00000
__Lbank2                                  bank2        00000
__Lbank20                                 bank20       00000
__Lbank21                                 bank21       00000
__Lbank22                                 bank22       00000
__Lbank23                                 bank23       00000
__Lbank24                                 bank24       00000
__Lbank25                                 bank25       00000
__Lbank26                                 bank26       00000
__Lbank27                                 bank27       00000
__Lbank28                                 bank28       00000
__Lbank29                                 bank29       00000
__Lbank3                                  bank3        00000
__Lbank30                                 bank30       00000
__Lbank31                                 bank31       00000
__Lbank4                                  bank4        00000
__Lbank5                                  bank5        00000
__Lbank6                                  bank6        00000
__Lbank7                                  bank7        00000
__Lbank8                                  bank8        00000
__Lbank9                                  bank9        00000
__Lbigram                                 bigram       00000
__LbssBANK1                               bssBANK1     00000
__LbssBANK2                               bssBANK2     00000
__LbssBANK3                               bssBANK3     00000
__LbssCOMMON                              bssCOMMON    00000
__Lcinit                                  cinit        00021
__Lclrtext                                clrtext      00000
__Lcode                                   code         00000
__Lcommon                                 common       00000
__Lconfig                                 config       08007
__LcstackBANK0                            cstackBANK0  00000
__LcstackBANK1                            cstackBANK1  00000
__LcstackCOMMON                           cstackCOMMON 00000
__LdataBANK3                              dataBANK3    00000
__Leeprom_data                            eeprom_data  00000
__Lend_init                               end_init     0001F
__Lfunctab                                functab      00000
__LidataBANK3                             idataBANK3   00000
__Lidloc                                  idloc        00000
__Linit                                   init         0001F
__Linittext                               inittext     00000
__Lintentry                               intentry     00004
__Lmaintext                               maintext     00000
__LnvBANK1                                nvBANK1      00000
__Lpowerup                                powerup      00000
__Lram                                    ram          00000
__Lreset_vec                              reset_vec    00000
__Lsfr0                                   sfr0         00000
__Lsfr1                                   sfr1         00000
__Lsfr10                                  sfr10        00000
__Lsfr11                                  sfr11        00000
__Lsfr12                                  sfr12        00000
__Lsfr13                                  sfr13        00000
__Lsfr14                                  sfr14        00000
__Lsfr15                                  sfr15        00000
__Lsfr16                                  sfr16        00000
__Lsfr17                                  sfr17        00000
__Lsfr18                                  sfr18        00000
__Lsfr19                                  sfr19        00000
__Lsfr2                                   sfr2         00000
__Lsfr20                                  sfr20        00000
__Lsfr21                                  sfr21        00000
__Lsfr22                                  sfr22        00000
__Lsfr23                                  sfr23        00000
__Lsfr24                                  sfr24        00000
__Lsfr25                                  sfr25        00000
__Lsfr26                                  sfr26        00000
__Lsfr27                                  sfr27        00000
__Lsfr28                                  sfr28        00000
__Lsfr29                                  sfr29        00000
__Lsfr3                                   sfr3         00000
__Lsfr30                                  sfr30        00000
__Lsfr31                                  sfr31        00000
__Lsfr4                                   sfr4         00000
__Lsfr5                                   sfr5         00000
__Lsfr6                                   sfr6         00000
__Lsfr7                                   sfr7         00000
__Lsfr8                                   sfr8         00000
__Lsfr9                                   sfr9         00000
__Lspace_0                                (abs)        00000
__Lspace_1                                (abs)        00000
__Lspace_2                                (abs)        00000
__Lspace_3                                (abs)        00000
__Lstack                                  stack        00000
__Lstrings                                strings      00000
__Ltext                                   text         00000
__S0                                      (abs)        08009
__S1                                      (abs)        001E5
__S2                                      (abs)        00000
___awdiv                                  text100      00928
___awdiv@counter                          cstackBANK0  00025
___awdiv@dividend                         cstackBANK0  00022
___awdiv@divisor                          cstackBANK0  00020
___awdiv@quotient                         cstackBANK0  00027
___awdiv@sign                             cstackBANK0  00026
___awtoft                                 text91       014F5
___awtoft@c                               cstackBANK0  00028
___awtoft@sign                            cstackBANK0  0002D
___bmul                                   text63       012D0
___bmul@multiplicand                      cstackBANK0  00020
___bmul@multiplier                        cstackBANK0  00023
___bmul@product                           cstackBANK0  00022
___ftadd                                  text90       00367
___ftadd@exp1                             cstackBANK0  0004D
___ftadd@exp2                             cstackBANK0  0004C
___ftadd@f1                               cstackBANK0  00041
___ftadd@f2                               cstackBANK0  00044
___ftadd@sign                             cstackBANK0  0004B
___ftdiv                                  text89       00F57
___ftdiv@cntr                             cstackBANK0  00038
___ftdiv@exp                              cstackBANK0  0003C
___ftdiv@f1                               cstackBANK0  00031
___ftdiv@f2                               cstackBANK0  0002E
___ftdiv@f3                               cstackBANK0  00039
___ftdiv@sign                             cstackBANK0  0003D
___ftmul                                  text88       006CC
___ftmul@cntr                             cstackBANK0  0003C
___ftmul@exp                              cstackBANK0  00038
___ftmul@f1                               cstackBANK0  0002E
___ftmul@f2                               cstackBANK0  00031
___ftmul@f3_as_product                    cstackBANK0  00039
___ftmul@sign                             cstackBANK0  0003D
___ftneg                                  text87       01152
___ftneg@f1                               cstackBANK0  0003E
___ftpack                                 text92       00A87
___ftpack@arg                             cstackBANK0  00020
___ftpack@exp                             cstackBANK0  00023
___ftpack@sign                            cstackBANK0  00024
___fttol                                  text86       00D0F
___fttol@exp1                             cstackBANK0  0005B
___fttol@f1                               cstackBANK0  0004E
___fttol@lval                             cstackBANK0  00057
___fttol@sign1                            cstackBANK0  00056
___int_sp                                 stack        00000
___latbits                                (abs)        00003
___lbdiv                                  text94       014D3
___lbdiv@counter                          cstackBANK0  00023
___lbdiv@dividend                         cstackBANK0  00022
___lbdiv@divisor                          cstackBANK0  00020
___lbdiv@quotient                         cstackBANK0  00024
___lwdiv                                  text36       0164F
___lwdiv@counter                          cstackBANK0  00027
___lwdiv@dividend                         cstackBANK0  00022
___lwdiv@divisor                          cstackBANK0  00020
___lwdiv@quotient                         cstackBANK0  00025
___sp                                     stack        00000
___wmul                                   text35       01454
___wmul@multiplicand                      cstackBANK0  00022
___wmul@multiplier                        cstackBANK0  00020
___wmul@product                           cstackBANK0  00024
__end_of_ADC_Set                          text29       0112A
__end_of_Buzzer_Initialization            text109      010E1
__end_of_Buzzer_Main                      text108      0088A
__end_of_DelayOffPointSelect              text107      011BB
__end_of_DelayOff_Initialization          text105      010EB
__end_of_DelayOff_Main                    text95       010EF
__end_of_DimmerIntr_Initialization        text82       00A87
__end_of_DimmerLights_AssignationDimming  text76       0153A
__end_of_DimmerLights_DimmingFunction     text79       01800
__end_of_DimmerLights_IOC_1               text114      00840
__end_of_DimmerLights_Initialization      text80       01123
__end_of_DimmerLights_Main                text54       0155E
__end_of_DimmerLights_SelectPointer       text104      01183
__end_of_DimmerLights_TMR_1               text112      016BE
__end_of_DimmerLights_TwoPhase_Main       text75       009D0
__end_of_Division                         text93       01239
__end_of_DlyOff_Initialization            text106      0110A
__end_of_DlyOff_Main                      text96       00C89
__end_of_Exception_Main                   text52       00602
__end_of_Flash_Memory_Erasing             text46       01203
__end_of_Flash_Memory_Initialization      text47       006CC
__end_of_Flash_Memory_Main                text43       01775
__end_of_Flash_Memory_Modify              text45       00D0F
__end_of_Flash_Memory_Read                text51       013E5
__end_of_Flash_Memory_Unlock              text50       01164
__end_of_Flash_Memory_Write               text49       015B4
__end_of_Fosc_Set                         text28       010FB
__end_of_IOC_ISR                          text113      01152
__end_of_IOC_Set                          text27       011A4
__end_of_IO_Set                           text26       013FF
__end_of_ISR                              intentry     0001F
__end_of_LED_Initialization               text41       010F3
__end_of_LED_Main                         text39       010F7
__end_of_LedPointSelect                   text58       011EB
__end_of_Load_Initialization              text37       010E4
__end_of_Load_Main                        text30       001FB
__end_of_Mcu_Initialization               text23       012F4
__end_of_SwPointSelect                    text17       0121B
__end_of_Switch_Initialization            text21       010FF
__end_of_Switch_Main                      text13       01131
__end_of_TMR1_ISR                         text111      01454
__end_of_TMR1_Set                         text25       0120F
__end_of_Temp_Initialization              text11       010E7
__end_of_Temp_Main                        text8        00803
__end_of_Timeout_Counter                  text20       01341
__end_of_TouchPower                       text18       01356
__end_of_WDT_Clearing                     text7        00004
__end_of_WDT_Main                         text6        01306
__end_of_WDT_Set                          text24       011AF
__end_of___awdiv                          text100      0097C
__end_of___awtoft                         text91       01517
__end_of___bmul                           text63       012E2
__end_of___ftadd                          text90       0045D
__end_of___ftdiv                          text89       01000
__end_of___ftmul                          text88       00780
__end_of___ftneg                          text87       0115B
__end_of___ftpack                         text92       00AE8
__end_of___fttol                          text86       00D96
__end_of___lbdiv                          text94       014F5
__end_of___lwdiv                          text36       01686
__end_of___wmul                           text35       01472
__end_of__initialization                  cinit        00045
__end_of_getAD                            text5        01492
__end_of_getAll_DimmerIntr_Dimming_Sw_RF  text34       01178
__end_of_getAll_Sw_KeyStatus              text44       0128A
__end_of_getCmd_Status                    text67       012D0
__end_of_getDelayOff_GO                   text66       01279
__end_of_getDimmerIntr_DimmingValue       text71       01248
__end_of_getDimmerIntr_Dimming_Sw         text101      0122A
__end_of_getDimmerLights_Allow_Condition  text72       0136C
__end_of_getDimmerLights_Line             text53       0118E
__end_of_getDimmerLights_PercentToValue   text85       00B4D
__end_of_getDimmerLights_Status           text103      01258
__end_of_getDimmerLights_ValueToPercent   text84       00BB2
__end_of_getDimmer_LoadGO                 text33       01141
__end_of_getDimmer_Load_Status            text32       01149
__end_of_getLoad_AD                       text4        007F2
__end_of_getLoad_OK                       text73       01139
__end_of_getMain_All_Error_Status         text74       01619
__end_of_getMain_All_LightsStatus         text65       0116E
__end_of_getMain_Lights_Count             text31       01199
__end_of_getSw_KeyStatus                  text16       012AC
__end_of_getTemp_AD                       text3        00EAF
__end_of_main                             maintext     00928
__end_of_myMain_Initialization            text2        0132C
__end_of_my_MainTimer                     text1        01734
__end_of_setBuz                           text99       00A29
__end_of_setCmd_Status                    text64       013CB
__end_of_setDelayOff_GO                   text62       00E22
__end_of_setDimmerIntr_ControlStatus      text61       013B2
__end_of_setDimmerIntr_DimmingValue       text60       011DF
__end_of_setDimmerIntr_Dimming_RF         text78       0139A
__end_of_setDimmerIntr_Dimming_Sw         text70       01382
__end_of_setDimmerIntr_MaxmumValue        text77       011D3
__end_of_setDimmerLights_Dimming          text68       017BA
__end_of_setDimmerLights_DimmingClose     text59       01110
__end_of_setDimmerLights_DimmingOn        text15       01585
__end_of_setDimmerLights_Initialization   text81       010DE
__end_of_setDimmerLights_Line             text69       012BE
__end_of_setDimmerLights_Main             text55       00C1A
__end_of_setDimmerLights_OnOff            text56       00F57
__end_of_setDimmerLights_SwOff            text102      016F8
__end_of_setDimmerLights_SwOn             text98       008D6
__end_of_setLED                           text57       0164F
__end_of_setLED_Initialization            text42       0129B
__end_of_setLED_Main                      text40       015E6
__end_of_setLoad_AH_AL_Restore            text38       01436
__end_of_setMemory_Data                   text48       011F7
__end_of_setMemory_Modify                 text83       01319
__end_of_setOverTemp_ADV_Restore          text10       0141A
__end_of_setProductData                   text97       011C7
__end_of_setSw_Initialization             text22       01268
__end_of_setSw_Main                       text14       00367
__end_of_setTemp_Initialization           text12       00800
__end_of_setTemp_Main                     text9        00530
__end_of_set_TimeoutCleared               text19       01104
__end_ofi1_Division                       text115      007FF
__end_ofi1___lbdiv                        text116      014D3
__initialization                          cinit        00021
__pbssBANK1                               bssBANK1     000A0
__pbssBANK2                               bssBANK2     00120
__pbssBANK3                               bssBANK3     001A0
__pbssCOMMON                              bssCOMMON    0007D
__pcstackBANK0                            cstackBANK0  00020
__pcstackBANK1                            cstackBANK1  000E8
__pcstackCOMMON                           cstackCOMMON 00070
__pdataBANK3                              dataBANK3    001C5
__pidataBANK3                             idataBANK3   01492
__pintentry                               intentry     00004
__pmaintext                               maintext     008D6
__pnvBANK1                                nvBANK1      000EE
__product                                 dataBANK3    001C5
__ptext1                                  text1        016F8
__ptext10                                 text10       013FF
__ptext100                                text100      00928
__ptext101                                text101      0121B
__ptext102                                text102      016BE
[...]
		_DlyOff_Main
		_setDelayOff_GO
		_getDelayOff_GO
 This function uses a non-reentrant model


 *************** function _Buzzer_Main *****************
 Defined at:
		line 46 in file "../src/Buzzer_B1.c"
 Parameters:    Size  Location     Type
		None
 Auto vars:     Size  Location     Type
		None
 Return value:  Size  Location     Type
		None               void
 Registers used:
		wreg, status,2, status,0
 Tracked objects:
		On entry : 
		On exit  : 
		Unchanged: 
 Data sizes:     COMMON   BANK0   BANK1   BANK2   BANK3   BANK4   BANK5   BANK6   BANK7   BANK8   BANK9  BANK10  BANK11  BANK12
      Params:         0       0       0       0       0       0       0       0       0       0       0       0       0       0
      Locals:         0       0       0       0       0       0       0       0       0       0       0       0       0       0
      Temps:          0       1       0       0       0       0       0       0       0       0       0       0       0       0
      Totals:         0       1       0       0       0       0       0       0       0       0       0       0       0       0
Total ram usage:        1 bytes
 Hardware stack levels used:    1
 Hardware stack levels required when called:    5
 This function calls:
		Nothing
 This function is called by:
		_main
 This function uses a non-reentrant model


 *************** function _Buzzer_Initialization *****************
 Defined at:
		line 11 in file "../src/Buzzer_B1.c"
 Parameters:    Size  Location     Type
		None
 Auto vars:     Size  Location     Type
		None
 Return value:  Size  Location     Type
		None               void
 Registers used:
		None
 Tracked objects:
		On entry : 
		On exit  : 
		Unchanged: 
 Data sizes:     COMMON   BANK0   BANK1   BANK2   BANK3   BANK4   BANK5   BANK6   BANK7   BANK8   BANK9  BANK10  BANK11  BANK12
      Params:         0       0       0       0       0       0       0       0       0       0       0       0       0       0
      Locals:         0       0       0       0       0       0       0       0       0       0       0       0       0       0
      Temps:          0       0       0       0       0       0       0       0       0       0       0       0       0       0
      Totals:         0       0       0       0       0       0       0       0       0       0       0       0       0       0
Total ram usage:        0 bytes
 Hardware stack levels used:    1
 Hardware stack levels required when called:    5
 This function calls:
		Nothing
 This function is called by:
		_main
 This function uses a non-reentrant model


 *************** function _ISR *****************
 Defined at:
		line 116 in file "../src/MCU_B1.c"
 Parameters:    Size  Location     Type
		None
 Auto vars:     Size  Location     Type
		None
 Return value:  Size  Location     Type
		None               void
 Registers used:
		wreg, fsr1l, fsr1h, status,2, status,0, pclath, cstack
 Tracked objects:
		On entry : 
		On exit  : 
		Unchanged: 
 Data sizes:     COMMON   BANK0   BANK1   BANK2   BANK3   BANK4   BANK5   BANK6   BANK7   BANK8   BANK9  BANK10  BANK11  BANK12
      Params:         0       0       0       0       0       0       0       0       0       0       0       0       0       0
      Locals:         0       0       0       0       0       0       0       0       0       0       0       0       0       0
      Temps:          1       0       0       0       0       0       0       0       0       0       0       0       0       0
      Totals:         1       0       0       0       0       0       0       0       0       0       0       0       0       0
Total ram usage:        1 bytes
 Hardware stack levels used:    1
 Hardware stack levels required when called:    4
 This function calls:
		_IOC_ISR
		_TMR1_ISR
 This function is called by:
		Interrupt level 1
 This function uses a non-reentrant model


 *************** function _TMR1_ISR *****************
 Defined at:
		line 236 in file "../src/MCU_B1.c"
 Parameters:    Size  Location     Type
		None
 Auto vars:     Size  Location     Type
		None
 Return value:  Size  Location     Type
		None               void
 Registers used:
		wreg, fsr1l, fsr1h, status,2, status,0, pclath, cstack
 Tracked objects:
		On entry : 
		On exit  : 
		Unchanged: 
 Data sizes:     COMMON   BANK0   BANK1   BANK2   BANK3   BANK4   BANK5   BANK6   BANK7   BANK8   BANK9  BANK10  BANK11  BANK12
      Params:         0       0       0       0       0       0       0       0       0       0       0       0       0       0
      Locals:         0       0       0       0       0       0       0       0       0       0       0       0       0       0
      Temps:          0       0       0       0       0       0       0       0       0       0       0       0       0       0
      Totals:         0       0       0       0       0       0       0       0       0       0       0       0       0       0
Total ram usage:        0 bytes
 Hardware stack levels used:    1
 Hardware stack levels required when called:    1
 This function calls:
		_DimmerLights_TMR_1
 This function is called by:
		_ISR
 This function uses a non-reentrant model


 *************** function _DimmerLights_TMR_1 *****************
 Defined at:
		line 1504 in file "../src/Dimmer_B1.c"
 Parameters:    Size  Location     Type
		None
 Auto vars:     Size  Location     Type
		None
 Return value:  Size  Location     Type
		None               void
 Registers used:
		wreg, status,2, status,0
 Tracked objects:
		On entry : 
		On exit  : 
		Unchanged: 
 Data sizes:     COMMON   BANK0   BANK1   BANK2   BANK3   BANK4   BANK5   BANK6   BANK7   BANK8   BANK9  BANK10  BANK11  BANK12
      Params:         0       0       0       0       0       0       0       0       0       0       0       0       0       0
      Locals:         0       0       0       0       0       0       0       0       0       0       0       0       0       0
      Temps:          1       0       0       0       0       0       0       0       0       0       0       0       0       0
      Totals:         1       0       0       0       0       0       0       0       0       0       0       0       0       0
Total ram usage:        1 bytes
 Hardware stack levels used:    1
 This function calls:
		Nothing
 This function is called by:
		_TMR1_ISR
 This function uses a non-reentrant model


 *************** function _IOC_ISR *****************
 Defined at:
		line 395 in file "../src/MCU_B1.c"
 Parameters:    Size  Location     Type
		None
 Auto vars:     Size  Location     Type
		None
 Return value:  Size  Location     Type
		None               void
 Registers used:
		wreg, status,2, status,0, pclath, cstack
 Tracked objects:
		On entry : 
		On exit  : 
		Unchanged: 
 Data sizes:     COMMON   BANK0   BANK1   BANK2   BANK3   BANK4   BANK5   BANK6   BANK7   BANK8   BANK9  BANK10  BANK11  BANK12
      Params:         0       0       0       0       0       0       0       0       0       0       0       0       0       0
      Locals:         0       0       0       0       0       0       0       0       0       0       0       0       0       0
      Temps:          0       0       0       0       0       0       0       0       0       0       0       0       0       0
      Totals:         0       0       0       0       0       0       0       0       0       0       0       0       0       0
Total ram usage:        0 bytes
 Hardware stack levels used:    1
 Hardware stack levels required when called:    3
 This function calls:
		_DimmerLights_IOC_1
 This function is called by:
		_ISR
 This function uses a non-reentrant model


 *************** function _DimmerLights_IOC_1 *****************
 Defined at:
		line 1599 in file "../src/Dimmer_B1.c"
 Parameters:    Size  Location     Type
		None
 Auto vars:     Size  Location     Type
		None
 Return value:  Size  Location     Type
		None               void
 Registers used:
		wreg, status,2, status,0, pclath, cstack
 Tracked objects:
		On entry : 
		On exit  : 
		Unchanged: 
 Data sizes:     COMMON   BANK0   BANK1   BANK2   BANK3   BANK4   BANK5   BANK6   BANK7   BANK8   BANK9  BANK10  BANK11  BANK12
      Params:         0       0       0       0       0       0       0       0       0       0       0       0       0       0
      Locals:         0       0       0       0       0       0       0       0       0       0       0       0       0       0
      Temps:          2       0       0       0       0       0       0       0       0       0       0       0       0       0
      Totals:         2       0       0       0       0       0       0       0       0       0       0       0       0       0
Total ram usage:        2 bytes
 Hardware stack levels used:    1
 Hardware stack levels required when called:    2
 This function calls:
		i1_Division
 This function is called by:
		_IOC_ISR
 This function uses a non-reentrant model


 *************** function i1_Division *****************
 Defined at:
		line 1499 in file "../src/Dimmer_B1.c"
 Parameters:    Size  Location     Type
  value           1    wreg     unsigned char 
  num             1    5[COMMON] unsigned char 
 Auto vars:     Size  Location     Type
  value           1    8[COMMON] unsigned char 
  Division        1    9[COMMON] unsigned char 
 Return value:  Size  Location     Type
                  1    wreg      unsigned char 
 Registers used:
		wreg, status,2, status,0, pclath, cstack
 Tracked objects:
		On entry : 
		On exit  : 
		Unchanged: 
 Data sizes:     COMMON   BANK0   BANK1   BANK2   BANK3   BANK4   BANK5   BANK6   BANK7   BANK8   BANK9  BANK10  BANK11  BANK12
      Params:         1       0       0       0       0       0       0       0       0       0       0       0       0       0
      Locals:         2       0       0       0       0       0       0       0       0       0       0       0       0       0
      Temps:          2       0       0       0       0       0       0       0       0       0       0       0       0       0
      Totals:         5       0       0       0       0       0       0       0       0       0       0       0       0       0
Total ram usage:        5 bytes
 Hardware stack levels used:    1
 Hardware stack levels required when called:    1
 This function calls:
		i1___lbdiv
 This function is called by:
		_DimmerLights_IOC_1
 This function uses a non-reentrant model


 *************** function i1___lbdiv *****************
 Defined at:
		line 4 in file "C:\Program Files (x86)\Microchip\xc8\v1.32\sources\common\lbdiv.c"
 Parameters:    Size  Location     Type
  dividend        1    wreg     unsigned char 
  divisor         1    0[COMMON] unsigned char 
 Auto vars:     Size  Location     Type
  dividend        1    2[COMMON] unsigned char 
  __lbdiv         1    4[COMMON] unsigned char 
  __lbdiv         1    3[COMMON] unsigned char 
 Return value:  Size  Location     Type
                  1    wreg      unsigned char 
 Registers used:
		wreg, status,2, status,0
 Tracked objects:
		On entry : 
		On exit  : 
		Unchanged: 
 Data sizes:     COMMON   BANK0   BANK1   BANK2   BANK3   BANK4   BANK5   BANK6   BANK7   BANK8   BANK9  BANK10  BANK11  BANK12
      Params:         1       0       0       0       0       0       0       0       0       0       0       0       0       0
      Locals:         3       0       0       0       0       0       0       0       0       0       0       0       0       0
      Temps:          1       0       0       0       0       0       0       0       0       0       0       0       0       0
      Totals:         5       0       0       0       0       0       0       0       0       0       0       0       0       0
Total ram usage:        5 bytes
 Hardware stack levels used:    1
 This function calls:
		Nothing
 This function is called by:
		i1_Division
 This function uses a non-reentrant model



MODULE INFORMATION

Module		Function		Class		Link	Load	Size
C:\Program Files (x86)\Microchip\xc8\v1.32\sources\common\float.c
		___ftpack      		CODE           	0A87	0000	97

C:\Program Files (x86)\Microchip\xc8\v1.32\sources\common\float.c estimated size: 97

../src/OverLoad_B1.c
		_getLoad_AD    		CODE           	0780	0000	114
		_getLoad_OK    		CODE           	1131	0000	8
		_Load_Initializ		CODE           	10E1	0000	3
		_Load_Main     		CODE           	0049	0000	434
		_setLoad_AH_AL_		CODE           	141A	0000	28

../src/OverLoad_B1.c estimated size: 587

C:\Program Files (x86)\Microchip\xc8\v1.32\sources\common\awtoft.c
		___awtoft      		CODE           	14F5	0000	34

C:\Program Files (x86)\Microchip\xc8\v1.32\sources\common\awtoft.c estimated size: 34

../src/MCU_B1.c
		_Fosc_Set      		CODE           	10F7	0000	4
		_IO_Set        		CODE           	13E5	0000	26
		_WDT_Set       		CODE           	11A4	0000	11
		_WDT_Main      		CODE           	12F4	0000	18
		_ADC_Set       		CODE           	1123	0000	7
		_IOC_ISR       		CODE           	1149	0000	9
		_ISR           		CODE           	0004	0000	27
		_Flash_Memory_W		CODE           	1585	0000	47
		_Flash_Memory_M		CODE           	0C89	0000	134
		_IOC_Set       		CODE           	1199	0000	11
		_WDT_Clearing  		CODE           	0002	0000	2
		_setMemory_Modi		CODE           	1306	0000	19
		_Mcu_Initializa		CODE           	12E2	0000	18
		_setMemory_Data		CODE           	11EB	0000	12
		_Flash_Memory_I		CODE           	0602	0000	202
		_getAD         		CODE           	1472	0000	32
		_TMR1_Set      		CODE           	1203	0000	12
		_Flash_Memory_U		CODE           	115B	0000	9
		_Flash_Memory_R		CODE           	13CB	0000	26
		_Flash_Memory_E		CODE           	11F7	0000	12
		_TMR1_ISR      		CODE           	1436	0000	30
		_Flash_Memory_M		CODE           	1734	0000	65

../src/MCU_B1.c estimated size: 733

C:\Program Files (x86)\Microchip\xc8\v1.32\sources\common\ftmul.c
		___ftmul       		CODE           	06CC	0000	180

C:\Program Files (x86)\Microchip\xc8\v1.32\sources\common\ftmul.c estimated size: 180

../src/Buzzer_B1.c
		_Buzzer_Main   		CODE           	0840	0000	74
		_setBuz        		CODE           	09D0	0000	89
		_Buzzer_Initial		CODE           	10DE	0000	3

../src/Buzzer_B1.c estimated size: 166

../src/LED_B1.c
		_setLED        		CODE           	1619	0000	54
		_LED_Main      		CODE           	10F3	0000	4
		_setLED_Initial		CODE           	128A	0000	17
		_LedPointSelect		CODE           	11DF	0000	12
		_setLED_Main   		CODE           	15B4	0000	50
		_LED_Initializa		CODE           	10EF	0000	4

../src/LED_B1.c estimated size: 141

../src/OverTemperature_B1.c
		_Temp_Initializ		CODE           	10E4	0000	3
		_Temp_Main     		CODE           	0800	0000	3
		_setTemp_Initia		CODE           	07FF	0000	1
		_setOverTemp_AD		CODE           	13FF	0000	27
		_getTemp_AD    		CODE           	0E22	0000	141
		_setTemp_Main  		CODE           	045D	0000	211

../src/OverTemperature_B1.c estimated size: 386

C:\Program Files (x86)\Microchip\xc8\v1.32\sources\common\fttol.c
		___fttol       		CODE           	0D0F	0000	135

C:\Program Files (x86)\Microchip\xc8\v1.32\sources\common\fttol.c estimated size: 135

C:\Program Files (x86)\Microchip\xc8\v1.32\sources\common\lwdiv.c
		___lwdiv       		CODE           	164F	0000	55

C:\Program Files (x86)\Microchip\xc8\v1.32\sources\common\lwdiv.c estimated size: 55

C:\Program Files (x86)\Microchip\xc8\v1.32\sources\common\awdiv.c
		___awdiv       		CODE           	0928	0000	84

C:\Program Files (x86)\Microchip\xc8\v1.32\sources\common\awdiv.c estimated size: 84

../src/Main_B1.c
		_Exception_Main		CODE           	0530	0000	210
		_my_MainTimer  		CODE           	16F8	0000	60
		_setProductData		CODE           	11BB	0000	12
		_main          		CODE           	08D6	0000	82
		_Timeout_Counte		CODE           	132C	0000	21
		_myMain_Initial		CODE           	1319	0000	19
		_getMain_All_Er		CODE           	15E6	0000	51
		_set_TimeoutCle		CODE           	10FF	0000	5
		_getCmd_Status 		CODE           	12BE	0000	18
		_getMain_Lights		CODE           	118E	0000	11
		_getMain_All_Li		CODE           	1164	0000	10
		_setCmd_Status 		CODE           	13B2	0000	25

../src/Main_B1.c estimated size: 524

C:\Program Files (x86)\Microchip\xc8\v1.32\sources\common\ftadd.c
		___ftadd       		CODE           	0367	0000	246

C:\Program Files (x86)\Microchip\xc8\v1.32\sources\common\ftadd.c estimated size: 246

C:\Program Files (x86)\Microchip\xc8\v1.32\sources\common\Umul16.c
		___wmul        		CODE           	1454	0000	30

C:\Program Files (x86)\Microchip\xc8\v1.32\sources\common\Umul16.c estimated size: 30

C:\Program Files (x86)\Microchip\xc8\v1.32\sources\common\Umul8.c
		___bmul        		CODE           	12D0	0000	18

C:\Program Files (x86)\Microchip\xc8\v1.32\sources\common\Umul8.c estimated size: 18

shared
		i1___lbdiv     		CODE           	14B2	0000	33
		i1_Division    		CODE           	07F2	0000	13
		__initializatio		CODE           	0021	0000	36

shared estimated size: 82

C:\Program Files (x86)\Microchip\xc8\v1.32\sources\common\ftneg.c
		___ftneg       		CODE           	1152	0000	9

C:\Program Files (x86)\Microchip\xc8\v1.32\sources\common\ftneg.c estimated size: 9

../src/Switch_B1.c
		_Switch_Main   		CODE           	112A	0000	7
		_SwPointSelect 		CODE           	120F	0000	12
		_TouchPower    		CODE           	1341	0000	21
		_setSw_Main    		CODE           	01FB	0000	364
		_getAll_Sw_KeyS		CODE           	1279	0000	17
		_getSw_KeyStatu		CODE           	129B	0000	17
		_setSw_Initiali		CODE           	1258	0000	16
		_Switch_Initial		CODE           	10FB	0000	4

../src/Switch_B1.c estimated size: 458

../src/Dimmer_B1.c
		_getDimmerLight		CODE           	1248	0000	16
		_DimmerLights_S		CODE           	1178	0000	11
		_setDimmerLight		CODE           	16BE	0000	58
		_DimmerLights_D		CODE           	17BA	0000	70
		_setDimmerIntr_		CODE           	1382	0000	24
		_DimmerLights_M		CODE           	153A	0000	36
		_setDimmerLight		CODE           	088A	0000	76
		_DimmerIntr_Ini		CODE           	0A29	0000	94
		_getDimmerIntr_		CODE           	1239	0000	15
		_getAll_DimmerI		CODE           	116E	0000	10
		_getDimmerLight		CODE           	1183	0000	11
		_DimmerLights_T		CODE           	097C	0000	84
		_setDimmerIntr_		CODE           	11C7	0000	12
		_setDimmerIntr_		CODE           	11D3	0000	12
		_Division      		CODE           	122A	0000	15
		_setDimmerLight		CODE           	12AC	0000	18
		_getDimmerLight		CODE           	0B4D	0000	101
		_DimmerLights_A		CODE           	1517	0000	35
		_getDimmerLight		CODE           	0AE8	0000	101
		_getDimmer_Load		CODE           	1139	0000	8
		_setDimmerLight		CODE           	10DD	0000	1
		_getDimmerIntr_		CODE           	121B	0000	15
		_setDimmerLight		CODE           	1775	0000	69
		_setDimmerLight		CODE           	155E	0000	39
		_DimmerLights_I		CODE           	111C	0000	7
		_setDimmerLight		CODE           	110A	0000	6
		_getDimmer_Load		CODE           	1141	0000	8
		_setDimmerLight		CODE           	0BB2	0000	104
		_setDimmerIntr_		CODE           	136C	0000	22
		_DimmerLights_I		CODE           	0803	0000	61
		_getDimmerLight		CODE           	1356	0000	22
		_setDimmerLight		CODE           	0EAF	0000	168
		_DimmerLights_T		CODE           	1686	0000	56
		_setDimmerIntr_		CODE           	139A	0000	24

../src/Dimmer_B1.c estimated size: 1409

../src/DelayOff_B1.c
		_DelayOff_Initi		CODE           	10E7	0000	4
		_DlyOff_Main   		CODE           	0C1A	0000	111
		_DelayOff_Main 		CODE           	10EB	0000	4
		_DelayOffPointS		CODE           	11AF	0000	12
		_getDelayOff_GO		CODE           	1268	0000	17
		_setDelayOff_GO		CODE           	0D96	0000	140
		_DlyOff_Initial		CODE           	1104	0000	6

../src/DelayOff_B1.c estimated size: 294

C:\Program Files (x86)\Microchip\xc8\v1.32\sources\common\lbdiv.c
		___lbdiv       		CODE           	14D3	0000	34

C:\Program Files (x86)\Microchip\xc8\v1.32\sources\common\lbdiv.c estimated size: 34

C:\Program Files (x86)\Microchip\xc8\v1.32\sources\pic\ftdiv.c
		___ftdiv       		CODE           	0F57	0000	169

C:\Program Files (x86)\Microchip\xc8\v1.32\sources\pic\ftdiv.c estimated size: 169

