Microchip MPLAB XC8 Compiler V1.32 ()

Linker command line:

--edf=C:\Program Files (x86)\Microchip\xc8\v1.32\dat\en_msgs.txt -cs \
  -h+dist/default/production\1-8-3.Switch_1Key_Dimmer_MOSFET_NoRF.X.production.sym \
  --cmf=dist/default/production\1-8-3.Switch_1Key_Dimmer_MOSFET_NoRF.X.production.cmf \
  -z -Q16F1518 -oC:\Users\taianluo\AppData\Local\Temp\s4m4.6 \
  -Mdist/default/production/1-8-3.Switch_1Key_Dimmer_MOSFET_NoRF.X.production.map \
  -E1 -ver=XC8 -ASTACK=02135h-0231fh -pstack=STACK -ACONST=00h-0FFhx64 \
  -ACODE=00h-07FFhx8 -ASTRCODE=00h-03FFFh -AENTRY=00h-0FFhx64 \
  -ASTRING=00h-0FFhx64 -ACOMMON=070h-07Fh -ABANK0=020h-06Fh \
  -ABANK1=0A0h-0EFh -ABANK2=0120h-016Fh -ABANK3=01A0h-01EFh \
  -ABANK4=0220h-026Fh -ABANK5=02A0h-02EFh -ABANK6=0320h-036Fh \
  -ABANK7=03A0h-03EFh -ABANK8=0420h-046Fh -ABANK9=04A0h-04EFh \
  -ABANK10=0520h-056Fh -ABANK11=05A0h-05EFh -ABANK12=0620h-064Fh \
  -ABIGRAM=02000h-023EFh \
  -ARAM=020h-06Fh,0A0h-0EFh,0120h-016Fh,01A0h-01EFh,0220h-026Fh,02A0h-02EFh,0320h-036Fh,03A0h-03EFh,0420h-046Fh,04A0h-04EFh,0520h-056Fh,05A0h-05EFh,0620h-064Fh \
  -AABS1=020h-07Fh,0A0h-0EFh,0120h-016Fh,01A0h-01EFh,0220h-026Fh,02A0h-02EFh,0320h-036Fh,03A0h-03EFh,0420h-046Fh,04A0h-04EFh,0520h-056Fh,05A0h-05EFh,0620h-064Fh \
  -ASFR0=00h-01Fh -ASFR1=080h-09Fh -ASFR2=0100h-011Fh -ASFR3=0180h-019Fh \
  -ASFR4=0200h-021Fh -ASFR5=0280h-029Fh -ASFR6=0300h-031Fh \
  -ASFR7=0380h-039Fh -ASFR8=0400h-041Fh -ASFR9=0480h-049Fh \
  -ASFR10=0500h-051Fh -ASFR11=0580h-059Fh -ASFR12=0600h-061Fh \
  -ASFR13=0680h-06EFh -ASFR14=0700h-076Fh -ASFR15=0780h-07EFh \
  -ASFR16=0800h-086Fh -ASFR17=0880h-08EFh -ASFR18=0900h-096Fh \
  -ASFR19=0980h-09EFh -ASFR20=0A00h-0A6Fh -ASFR21=0A80h-0AEFh \
  -ASFR22=0B00h-0B6Fh -ASFR23=0B80h-0BEFh -ASFR24=0C00h-0C6Fh \
  -ASFR25=0C80h-0CEFh -ASFR26=0D00h-0D6Fh -ASFR27=0D80h-0DEFh \
  -ASFR28=0E00h-0E6Fh -ASFR29=0E80h-0EEFh -ASFR30=0F00h-0F6Fh \
  -ASFR31=0F80h-0FEFh -preset_vec=00h,intentry=04h,init,end_init \
  -ppowerup=CODE -pcinit=CODE -pfunctab=CODE -ACONFIG=08007h-08008h \
  -pconfig=CONFIG -DCONFIG=2 -AIDLOC=08000h-08003h -pidloc=IDLOC -DIDLOC=2 \
  -DCODE=2 -DSTRCODE=2 -DSTRING=2 -DCONST=2 -DENTRY=2 -k \
  C:\Users\taianluo\AppData\Local\Temp\s4m4.obj \
  dist/default/production\1-8-3.Switch_1Key_Dimmer_MOSFET_NoRF.X.production.obj 

Object code version is 3.11

Machine type is 16F1518



                Name                               Link     Load   Length Selector   Space Scale
C:\Users\taianluo\AppData\Local\Temp\s4m4.obj
                end_init                             1F       1F        2        8       0
                reset_vec                             0        0        2        0       0
                config                             8007     8007        2    1000E       0
dist/default/production\1-8-3.Switch_1Key_Dimmer_MOSFET_NoRF.X.production.obj
                cinit                                21       21       2C        8       0
                intentry                              4        4       1B        8       0
                text115                             803      803       30     1006       0
                text114                            1237     1237        9     246E       0
                text113                            1715     1715       38     2E2A       0
                text112                            14FD     14FD       1E     29FA       0
                text110                            11BE     11BE        3     237C       0
                text109                             878      878       46     10F0       0
                text108                            1265     1265        B     24CA       0
                text107                            11DF     11DF        5     23BE       0
                text106                            11C7     11C7        4     238E       0
                text105                            1270     1270        B     24E0       0
                text104                            1335     1335        F     266A       0
                text103                            1785     1785       3A     2F0A       0
                text102                            12E3     12E3        D     25C6       0
                text101                             A02      A02       54     1404       0
                text100                             95C      95C       53     12B8       0
                text99                              8BE      8BE       4C     117C       0
                text98                             12A7     12A7        C     254E       0
                text97                              B04      B04       5F     1608       0
                text96                             11CB     11CB        4     2396       0
                text95                             153B     153B       21     2A76       0
                text94                             1344     1344        F     2688       0
                text93                              B63      B63       60     16C6       0
                text92                             155C     155C       22     2AB8       0
                text91                              346      346       F6        8       0
                text90                              F57      F57       A9     1EAE       0
                text89                              6A8      6A8       B4        8       0
                text88                             1240     1240        9     2480       0
                text87                              E47      E47       87     1C8E       0
                text86                              C27      C27       65     184E       0
                text85                              C8C      C8C       65     1918       0
                text84                             1371     1371       10     26E2       0
                text83                              AAA      AAA       5A     1554       0
                text82                             11BC     11BC        1     2378       0
                text81                             11F5     11F5        7     23EA       0
                text80                             15F3     15F3       2C     2BE6       0
                text79                              9AF      9AF       53     135E       0
                text78                             1424     1424       15     2848       0
                text77                             12B3     12B3        C     2566       0
                text76                             167B     167B       2F     2CF6       0
                text75                              A56      A56       54     14AC       0
                text74                             161F     161F       2E     2C3E       0
                text73                             11FC     11FC        7     23F8       0
                text72                             13D6     13D6       13     27AC       0
                text71                             12F0     12F0        D     25E0       0
                text70                             13E9     13E9       13     27D2       0
                text69                             12FD     12FD        E     25FA       0
                text68                              833      833       45     1066       0
                text67                             1353     1353        F     26A6       0
                text66                             130B     130B        E     2616       0
                text65                             121F     121F        8     243E       0
                text64                             13FC     13FC       14     27F8       0
                text63                             1391     1391       11     2722       0
                text62                              DC8      DC8       7F     1B90       0
                text61                             1439     1439       15     2872       0
                text60                             127B     127B        B     24F6       0
                text59                             11E4     11E4        5     23C8       0
                text58                             125B     125B        A     24B6       0
                text57                             16AA     16AA       35     2D54       0
                text56                              75C      75C       9F        8       0
                text55                              CF1      CF1       65     19E2       0
                text54                             157E     157E       24     2AFC       0
                text53                             1227     1227        8     244E       0
                text52                              50D      50D       D0        8       0
                text51                             1410     1410       14     2820       0
                text50                             1249     1249        9     2492       0
                text49                             15C9     15C9       2A     2B92       0
                text48                             1286     1286        B     250C       0
                text47                              5DD      5DD       CB        8       0
                text46                             12BF     12BF        C     257E       0
                text45                              ECE      ECE       89     1D9C       0
                text44                             13A2     13A2       11     2744       0
                text43                             17BF     17BF       41     2F7E       0
                text42                             1319     1319        E     2632       0
                text41                             11CF     11CF        4     239E       0
                text40                             164D     164D       2E     2C9A       0
                text39                             11D3     11D3        4     23A6       0
                text38                             14C5     14C5       1B     298A       0
                text37                             11C1     11C1        3     2382       0
                text36                             16DF     16DF       36     2DBE       0
                text35                             14E0     14E0       1D     29C0       0
                text34                             122F     122F        8     245E       0
                text33                             1203     1203        7     2406       0
                text32                             120A     120A        7     2414       0
                text31                             12CB     12CB        C     2596       0
                text30                               4D       4D      1A0        8       0
                text29                             1211     1211        7     2422       0
                text28                             11D7     11D7        4     23AE       0
                text27                             1291     1291        B     2522       0
                text26                             1491     1491       1A     2922       0
                text25                             12D7     12D7        C     25AE       0
                text24                             1252     1252        9     24A4       0
                text23                             13C4     13C4       12     2788       0
                text22                             1327     1327        E     264E       0
                text21                             11DB     11DB        4     23B6       0
                text20                             144E     144E       15     289C       0
                text19                              7FB      7FB        5        8       0
                text18                             1463     1463       15     28C6       0
                text17                             129C     129C        B     2538       0
                text16                             13B3     13B3       11     2766       0
                text15                             15A2     15A2       27     2B44       0
                text14                              1ED      1ED      159        8       0
                text13                             1218     1218        7     2430       0
                text12                             11BD     11BD        1     237A       0
                text11                             11C4     11C4        3     2388       0
                text10                             1478     1478       19     28F0       0
                text9                               43C      43C       D1        8       0
                text8                               800      800        3        8       0
                text7                                 2        2        2        0       0
                text6                              1381     1381       10     2702       0
                text5                              14AB     14AB       1A     2956       0
                text4                               D56      D56       72     1AAC       0
                text3                               BC3      BC3       64     1786       0
                text2                              1362     1362        F     26C4       0
                text1                              174D     174D       38     2E9A       0
                maintext                            90A      90A       52     1214       0
                cstackBANK0                          20       20       4A       20       1
                cstackCOMMON                         70       70        A       70       1
                cstackBANK2                         16A      16A        4      120       1
                inittext                           11E9     11E9        6     23D2       0
                clrtext                            11EF     11EF        6     23DE       0
                dataBANK3                           1C5      1C5       20      1A0       1
                bssBANK3                            1A0      1A0       25      1A0       1
                bssBANK2                            120      120       4A      120       1
                bssBANK1                             A0       A0       4D       A0       1
                bssBANK0                             6A       6A        3       20       1
                bssCOMMON                            7A       7A        2       70       1
                nvBANK0                              6D       6D        1       20       1
                idataBANK3                         151B     151B       20     2A36       0

TOTAL           Name                               Link     Load   Length     Space
        CLASS   STACK          

        CLASS   CONST          

        CLASS   CODE           
                end_init                             1F       1F        2         0
                cinit                                21       21       2C         0
                intentry                              4        4       1B         0
                reset_vec                             0        0        2         0
                text115                             803      803       30         0
                text114                            1237     1237        9         0
                text113                            1715     1715       38         0
                text112                            14FD     14FD       1E         0
                text110                            11BE     11BE        3         0
                text109                             878      878       46         0
                text108                            1265     1265        B         0
                text107                            11DF     11DF        5         0
                text106                            11C7     11C7        4         0
                text105                            1270     1270        B         0
                text104                            1335     1335        F         0
                text103                            1785     1785       3A         0
                text102                            12E3     12E3        D         0
                text101                             A02      A02       54         0
                text100                             95C      95C       53         0
                text99                              8BE      8BE       4C         0
                text98                             12A7     12A7        C         0
                text97                              B04      B04       5F         0
                text96                             11CB     11CB        4         0
                text95                             153B     153B       21         0
                text94                             1344     1344        F         0
                text93                              B63      B63       60         0
                text92                             155C     155C       22         0
                text91                              346      346       F6         0
                text90                              F57      F57       A9         0
                text89                              6A8      6A8       B4         0
                text88                             1240     1240        9         0
                text87                              E47      E47       87         0
                text86                              C27      C27       65         0
                text85                              C8C      C8C       65         0
                text84                             1371     1371       10         0
                text83                              AAA      AAA       5A         0
                text82                             11BC     11BC        1         0
                text81                             11F5     11F5        7         0
                text80                             15F3     15F3       2C         0
                text79                              9AF      9AF       53         0
                text78                             1424     1424       15         0
                text77                             12B3     12B3        C         0
                text76                             167B     167B       2F         0
                text75                              A56      A56       54         0
                text74                             161F     161F       2E         0
                text73                             11FC     11FC        7         0
                text72                             13D6     13D6       13         0
                text71                             12F0     12F0        D         0
                text70                             13E9     13E9       13         0
                text69                             12FD     12FD        E         0
                text68                              833      833       45         0
                text67                             1353     1353        F         0
                text66                             130B     130B        E         0
                text65                             121F     121F        8         0
                text64                             13FC     13FC       14         0
                text63                             1391     1391       11         0
                text62                              DC8      DC8       7F         0
                text61                             1439     1439       15         0
                text60                             127B     127B        B         0
                text59                             11E4     11E4        5         0
                text58                             125B     125B        A         0
                text57                             16AA     16AA       35         0
                text56                              75C      75C       9F         0
                text55                              CF1      CF1       65         0
                text54                             157E     157E       24         0
                text53                             1227     1227        8         0
                text52                              50D      50D       D0         0
                text51                             1410     1410       14         0
                text50                             1249     1249        9         0
                text49                             15C9     15C9       2A         0
                text48                             1286     1286        B         0
                text47                              5DD      5DD       CB         0
                text46                             12BF     12BF        C         0
                text45                              ECE      ECE       89         0
                text44                             13A2     13A2       11         0
                text43                             17BF     17BF       41         0
                text42                             1319     1319        E         0
                text41                             11CF     11CF        4         0
                text40                             164D     164D       2E         0
                text39                             11D3     11D3        4         0
                text38                             14C5     14C5       1B         0
                text37                             11C1     11C1        3         0
                text36                             16DF     16DF       36         0
                text35                             14E0     14E0       1D         0
                text34                             122F     122F        8         0
                text33                             1203     1203        7         0
                text32                             120A     120A        7         0
                text31                             12CB     12CB        C         0
                text30                               4D       4D      1A0         0
                text29                             1211     1211        7         0
                text28                             11D7     11D7        4         0
                text27                             1291     1291        B         0
                text26                             1491     1491       1A         0
                text25                             12D7     12D7        C         0
                text24                             1252     1252        9         0
                text23                             13C4     13C4       12         0
                text22                             1327     1327        E         0
                text21                             11DB     11DB        4         0
                text20                             144E     144E       15         0
                text19                              7FB      7FB        5         0
                text18                             1463     1463       15         0
                text17                             129C     129C        B         0
                text16                             13B3     13B3       11         0
                text15                             15A2     15A2       27         0
                text14                              1ED      1ED      159         0
                text13                             1218     1218        7         0
                text12                             11BD     11BD        1         0
                text11                             11C4     11C4        3         0
                text10                             1478     1478       19         0
                text9                               43C      43C       D1         0
                text8                               800      800        3         0
                text7                                 2        2        2         0
                text6                              1381     1381       10         0
                text5                              14AB     14AB       1A         0
                text4                               D56      D56       72         0
                text3                               BC3      BC3       64         0
                text2                              1362     1362        F         0
                text1                              174D     174D       38         0
                maintext                            90A      90A       52         0
                inittext                           11E9     11E9        6         0
                clrtext                            11EF     11EF        6         0
                idataBANK3                         151B     151B       20         0

        CLASS   STRCODE        

        CLASS   ENTRY          

        CLASS   STRING         

        CLASS   COMMON         
                cstackCOMMON                         70       70        A         1
                bssCOMMON                            7A       7A        2         1

        CLASS   BANK0          
                cstackBANK0                          20       20       4A         1
                bssBANK0                             6A       6A        3         1
                nvBANK0                              6D       6D        1         1

        CLASS   BANK1          
                bssBANK1                             A0       A0       4D         1

        CLASS   BANK2          
                cstackBANK2                         16A      16A        4         1
                bssBANK2                            120      120       4A         1

        CLASS   BANK3          
                dataBANK3                           1C5      1C5       20         1
                bssBANK3                            1A0      1A0       25         1

        CLASS   BANK4          

        CLASS   BANK5          

        CLASS   BANK6          

        CLASS   BANK7          

        CLASS   BANK8          

        CLASS   BANK9          

        CLASS   BANK10         

        CLASS   BANK11         

        CLASS   BANK12         

        CLASS   BIGRAM         

        CLASS   RAM            

        CLASS   ABS1           
                abs_s1                               7E       7E        2         1

        CLASS   SFR0           

        CLASS   SFR1           

        CLASS   SFR2           

        CLASS   SFR3           

        CLASS   SFR4           

        CLASS   SFR5           

        CLASS   SFR6           

        CLASS   SFR7           

        CLASS   SFR8           

        CLASS   SFR9           

        CLASS   SFR10          

        CLASS   SFR11          

        CLASS   SFR12          

        CLASS   SFR13          

        CLASS   SFR14          

        CLASS   SFR15          

        CLASS   SFR16          

        CLASS   SFR17          

        CLASS   SFR18          

        CLASS   SFR19          

        CLASS   SFR20          

        CLASS   SFR21          

        CLASS   SFR22          

        CLASS   SFR23          

        CLASS   SFR24          

        CLASS   SFR25          

        CLASS   SFR26          

        CLASS   SFR27          

        CLASS   SFR28          

        CLASS   SFR29          

        CLASS   SFR30          

        CLASS   SFR31          

        CLASS   CONFIG         
                config                             8007     8007        2         0

        CLASS   IDLOC          

        CLASS   BANK31         

        CLASS   BANK30         

        CLASS   BANK29         

        CLASS   BANK28         

        CLASS   BANK27         

        CLASS   BANK26         

        CLASS   BANK25         

        CLASS   BANK24         

        CLASS   BANK23         

        CLASS   BANK22         

        CLASS   BANK21         

        CLASS   BANK20         

        CLASS   BANK19         

        CLASS   BANK18         

        CLASS   BANK17         

        CLASS   BANK16         

        CLASS   BANK15         

        CLASS   BANK14         

        CLASS   BANK13         

        CLASS   EEDATA         



SEGMENTS        Name                           Load    Length   Top    Selector   Space  Class     Delta

                reset_vec                      000000  000004  000004         0       0  CODE        2
                intentry                       000004  0007FF  000803         8       0  CODE        2
                cstackBANK0                    000020  00004E  00006E        20       1  BANK0       1
                cstackCOMMON                   000070  00000C  00007C        70       1  COMMON      1
                bssBANK1                       0000A0  00004D  0000ED        A0       1  BANK1       1
                bssBANK2                       000120  00004E  00016E       120       1  BANK2       1
                bssBANK3                       0001A0  000045  0001E5       1A0       1  BANK3       1
                text115                        000803  000030  000833      1006       0  CODE        2
                text68                         000833  000045  000878      1066       0  CODE        2
                text109                        000878  000046  0008BE      10F0       0  CODE        2
                text99                         0008BE  00004C  00090A      117C       0  CODE        2
                maintext                       00090A  000052  00095C      1214       0  CODE        2
                text100                        00095C  000053  0009AF      12B8       0  CODE        2
                text79                         0009AF  000053  000A02      135E       0  CODE        2
                text101                        000A02  000054  000A56      1404       0  CODE        2
                text75                         000A56  000054  000AAA      14AC       0  CODE        2
                text83                         000AAA  00005A  000B04      1554       0  CODE        2
                text97                         000B04  00005F  000B63      1608       0  CODE        2
                text93                         000B63  000060  000BC3      16C6       0  CODE        2
                text3                          000BC3  000064  000C27      1786       0  CODE        2
                text86                         000C27  000065  000C8C      184E       0  CODE        2
                text85                         000C8C  000065  000CF1      1918       0  CODE        2
                text55                         000CF1  000065  000D56      19E2       0  CODE        2
                text4                          000D56  000072  000DC8      1AAC       0  CODE        2
                text62                         000DC8  00007F  000E47      1B90       0  CODE        2
                text87                         000E47  000087  000ECE      1C8E       0  CODE        2
                text45                         000ECE  000089  000F57      1D9C       0  CODE        2
                text90                         000F57  0000A9  001000      1EAE       0  CODE        2
                text82                         0011BC  000001  0011BD      2378       0  CODE        2
                text12                         0011BD  000001  0011BE      237A       0  CODE        2
                text110                        0011BE  000003  0011C1      237C       0  CODE        2
                text37                         0011C1  000003  0011C4      2382       0  CODE        2
                text11                         0011C4  000003  0011C7      2388       0  CODE        2
                text106                        0011C7  000004  0011CB      238E       0  CODE        2
                text96                         0011CB  000004  0011CF      2396       0  CODE        2
                text41                         0011CF  000004  0011D3      239E       0  CODE        2
                text39                         0011D3  000004  0011D7      23A6       0  CODE        2
                text28                         0011D7  000004  0011DB      23AE       0  CODE        2
                text21                         0011DB  000004  0011DF      23B6       0  CODE        2
                text107                        0011DF  000005  0011E4      23BE       0  CODE        2
                text59                         0011E4  000005  0011E9      23C8       0  CODE        2
                inittext                       0011E9  000006  0011EF      23D2       0  CODE        2
                clrtext                        0011EF  000006  0011F5      23DE       0  CODE        2
                text81                         0011F5  000007  0011FC      23EA       0  CODE        2
                text73                         0011FC  000007  001203      23F8       0  CODE        2
                text33                         001203  000007  00120A      2406       0  CODE        2
                text32                         00120A  000007  001211      2414       0  CODE        2
                text29                         001211  000007  001218      2422       0  CODE        2
                text13                         001218  000007  00121F      2430       0  CODE        2
                text65                         00121F  000008  001227      243E       0  CODE        2
                text53                         001227  000008  00122F      244E       0  CODE        2
                text34                         00122F  000008  001237      245E       0  CODE        2
                text114                        001237  000009  001240      246E       0  CODE        2
                text88                         001240  000009  001249      2480       0  CODE        2
                text50                         001249  000009  001252      2492       0  CODE        2
                text24                         001252  000009  00125B      24A4       0  CODE        2
                text58                         00125B  00000A  001265      24B6       0  CODE        2
                text108                        001265  00000B  001270      24CA       0  CODE        2
                text105                        001270  00000B  00127B      24E0       0  CODE        2
                text60                         00127B  00000B  001286      24F6       0  CODE        2
                text48                         001286  00000B  001291      250C       0  CODE        2
                text27                         001291  00000B  00129C      2522       0  CODE        2
                text17                         00129C  00000B  0012A7      2538       0  CODE        2
                text98                         0012A7  00000C  0012B3      254E       0  CODE        2
                text77                         0012B3  00000C  0012BF      2566       0  CODE        2
                text46                         0012BF  00000C  0012CB      257E       0  CODE        2
                text31                         0012CB  00000C  0012D7      2596       0  CODE        2
                text25                         0012D7  00000C  0012E3      25AE       0  CODE        2
                text102                        0012E3  00000D  0012F0      25C6       0  CODE        2
                text71                         0012F0  00000D  0012FD      25E0       0  CODE        2
                text69                         0012FD  00000E  00130B      25FA       0  CODE        2
                text66                         00130B  00000E  001319      2616       0  CODE        2
                text42                         001319  00000E  001327      2632       0  CODE        2
                text22                         001327  00000E  001335      264E       0  CODE        2
                text104                        001335  00000F  001344      266A       0  CODE        2
                text94                         001344  00000F  001353      2688       0  CODE        2
                text67                         001353  00000F  001362      26A6       0  CODE        2
                text2                          001362  00000F  001371      26C4       0  CODE        2
                text84                         001371  000010  001381      26E2       0  CODE        2
                text6                          001381  000010  001391      2702       0  CODE        2
                text63                         001391  000011  0013A2      2722       0  CODE        2
                text44                         0013A2  000011  0013B3      2744       0  CODE        2
                text16                         0013B3  000011  0013C4      2766       0  CODE        2
                text23                         0013C4  000012  0013D6      2788       0  CODE        2
                text72                         0013D6  000013  0013E9      27AC       0  CODE        2
                text70                         0013E9  000013  0013FC      27D2       0  CODE        2
                text64                         0013FC  000014  001410      27F8       0  CODE        2
                text51                         001410  000014  001424      2820       0  CODE        2
                text78                         001424  000015  001439      2848       0  CODE        2
                text61                         001439  000015  00144E      2872       0  CODE        2
                text20                         00144E  000015  001463      289C       0  CODE        2
                text18                         001463  000015  001478      28C6       0  CODE        2
                text10                         001478  000019  001491      28F0       0  CODE        2
                text26                         001491  00001A  0014AB      2922       0  CODE        2
                text5                          0014AB  00001A  0014C5      2956       0  CODE        2
                text38                         0014C5  00001B  0014E0      298A       0  CODE        2
                text35                         0014E0  00001D  0014FD      29C0       0  CODE        2
                text112                        0014FD  00001E  00151B      29FA       0  CODE        2
                idataBANK3                     00151B  000020  00153B      2A36       0  CODE        2
                text95                         00153B  000021  00155C      2A76       0  CODE        2
                text92                         00155C  000022  00157E      2AB8       0  CODE        2
                text54                         00157E  000024  0015A2      2AFC       0  CODE        2
                text15                         0015A2  000027  0015C9      2B44       0  CODE        2
                text49                         0015C9  00002A  0015F3      2B92       0  CODE        2
                text80                         0015F3  00002C  00161F      2BE6       0  CODE        2
                text74                         00161F  00002E  00164D      2C3E       0  CODE        2
                text40                         00164D  00002E  00167B      2C9A       0  CODE        2
                text76                         00167B  00002F  0016AA      2CF6       0  CODE        2
                text57                         0016AA  000035  0016DF      2D54       0  CODE        2
                text36                         0016DF  000036  001715      2DBE       0  CODE        2
                text113                        001715  000038  00174D      2E2A       0  CODE        2
                text1                          00174D  000038  001785      2E9A       0  CODE        2
                text103                        001785  00003A  0017BF      2F0A       0  CODE        2
                text43                         0017BF  000041  001800      2F7E       0  CODE        2
                config                         008007  000002  008009     1000E       0  CONFIG      2


UNUSED ADDRESS RANGES

        Name                Unused          Largest block    Delta
        BANK0            0006E-0006F               2           1
        BANK1            000ED-000EF               3           1
        BANK10           00520-0056F              50           1
        BANK11           005A0-005EF              50           1
        BANK12           00620-0064F              30           1
        BANK2            0016E-0016F               2           1
        BANK3            001E5-001EF               B           1
        BANK4            00220-0026F              50           1
        BANK5            002A0-002EF              50           1
        BANK6            00320-0036F              50           1
        BANK7            003A0-003EF              50           1
        BANK8            00420-0046F              50           1
        BANK9            004A0-004EF              50           1
        BIGRAM           02000-023EF             3F0           1
        CODE             01000-011BB             1BC           2
                         01800-03FFF             800
        COMMON           0007C-0007D               2           1
        CONST            01000-011BB             100           2
                         01800-03FFF             100
        ENTRY            01000-011BB             100           2
                         01800-03FFF             100
        IDLOC            08000-08003               4           2
        RAM              0006E-0006F               2           1
                         000ED-000EF               3
                         0016E-0016F               2
                         001E5-001EF               B
                         00220-0026F              50
                         002A0-002EF              50
                         00320-0036F              50
                         003A0-003EF              50
                         00420-0046F              50
                         004A0-004EF              50
                         00520-0056F              50
                         005A0-005EF              50
                         00620-0064F              30
        SFR0             00000-0001F              20           1
        SFR1             00080-0009F              20           1
        SFR10            00500-0051F              20           1
        SFR11            00580-0059F              20           1
        SFR12            00600-0061F              20           1
        SFR13            00680-006EF              70           1
        SFR14            00700-0076F              70           1
        SFR15            00780-007EF              70           1
        SFR16            00800-0086F              70           1
        SFR17            00880-008EF              70           1
        SFR18            00900-0096F              70           1
        SFR19            00980-009EF              70           1
        SFR2             00100-0011F              20           1
        SFR20            00A00-00A6F              70           1
        SFR21            00A80-00AEF              70           1
        SFR22            00B00-00B6F              70           1
        SFR23            00B80-00BEF              70           1
        SFR24            00C00-00C6F              70           1
        SFR25            00C80-00CEF              70           1
        SFR26            00D00-00D6F              70           1
        SFR27            00D80-00DEF              70           1
        SFR28            00E00-00E6F              70           1
        SFR29            00E80-00EEF              70           1
        SFR3             00180-0019F              20           1
        SFR30            00F00-00F6F              70           1
        SFR31            00F80-00FEF              70           1
        SFR4             00200-0021F              20           1
        SFR5             00280-0029F              20           1
        SFR6             00300-0031F              20           1
        SFR7             00380-0039F              20           1
        SFR8             00400-0041F              20           1
        SFR9             00480-0049F              20           1
        STACK            02135-0231F             1EB           1
        STRCODE          01000-011BB             1BC           2
                         01800-03FFF            2800
        STRING           01000-011BB             100           2
                         01800-03FFF             100

                                  Symbol Table

?___awdiv                                 cstackCOMMON 00072
?___awtoft                                cstackBANK0  00020
?___ftadd                                 cstackBANK0  00039
?___ftdiv                                 cstackBANK0  00026
?___ftmul                                 cstackBANK0  00026
?___ftneg                                 cstackBANK0  00036
?___ftpack                                cstackCOMMON 00072
?___fttol                                 cstackBANK0  00046
?___lwdiv                                 cstackCOMMON 00072
?___wmul                                  cstackCOMMON 00072
?_getAD                                   cstackCOMMON 00072
DelayOffPointSelect@sw                    cstackCOMMON 00073
DimmerIntr_ValueCalculate@lights          cstackBANK0  00024
DimmerLights_AssignationDimming@status    cstackBANK0  0005F
DimmerLights_AssignationDimming@sw        cstackBANK0  00060
DimmerLights_DimmingFunction@lights       cstackBANK0  00026
DimmerLights_SelectPointer@lights         cstackCOMMON 00073
DimmerLights_TwoPhase_Main@lights         cstackBANK0  00061
Division@num                              cstackCOMMON 00077
Division@result                           cstackBANK0  00021
Division@value                            cstackBANK0  00020
DlyOff_Initialization@sw                  cstackCOMMON 00074
DlyOff_Main@sw                            cstackBANK0  0005F
Exception_Main@count                      cstackBANK0  00027
Exception_Main@error                      cstackBANK0  00028
Exception_Main@i                          cstackBANK0  00029
Exception_Main@i_3488                     cstackBANK0  0002B
Exception_Main@lights                     cstackBANK0  0002D
Exception_Main@status                     cstackBANK0  00026
Flash_Memory_Initialization@value         cstackCOMMON 00077
Flash_Memory_Main@key_Status              cstackBANK0  00020
Flash_Memory_Modify@i                     cstackCOMMON 00077
Flash_Memory_Read@address                 cstackCOMMON 00074
Flash_Memory_Read@i                       cstackCOMMON 00073
Flash_Memory_Read@ret                     cstackCOMMON 00075
Flash_Memory_Write@i                      cstackCOMMON 00073
LedPointSelect@led                        cstackCOMMON 00073
Load_Main@ErrorCountValue                 cstackBANK0  00025
Load_Main@LightsCount                     cstackBANK0  00027
Load_Main@Load_RunStatus                  cstackBANK0  00026
Load_Main@error                           cstackBANK0  00022
Load_Main@i                               cstackBANK0  00028
SwPointSelect@sw                          cstackCOMMON 00073
_ADCON0                                   (abs)        0009D
_ADCON1                                   (abs)        0009E
_ADC_Set                                  text29       01211
_ADRESH                                   (abs)        0009C
_ADRESL                                   (abs)        0009B
_ANSELA                                   (abs)        0018C
_ANSELB                                   (abs)        0018D
_ANSELC                                   (abs)        0018E
_Buz1                                     bssBANK1     000BD
_Buzzer_Initialization                    text110      011BE
_Buzzer_Main                              text109      00878
_CFGS                                     (abs)        00CAE
_Cmd                                      bssCOMMON    0007A
_DelayOff                                 bssBANK0     0006A
_DelayOffPointSelect                      text108      01265
_DelayOff_Initialization                  text106      011C7
_DelayOff_Main                            text96       011CB
_Dimmer                                   bssBANK1     000C9
_DimmerIntr                               bssBANK1     000D3
_DimmerIntr1                              bssBANK1     000A0
_DimmerIntr_Initialization                text83       00AAA
_DimmerIntr_ValueCalculate                text80       015F3
_DimmerLights                             bssBANK0     0006B
_DimmerLights1                            bssBANK2     00158
_DimmerLights_AssignationDimming          text76       0167B
_DimmerLights_DimmingFunction             text79       009AF
_DimmerLights_IOC_1                       text115      00803
_DimmerLights_Initialization              text81       011F5
_DimmerLights_Main                        text54       0157E
_DimmerLights_SelectPointer               text105      01270
_DimmerLights_TMR_1                       text113      01715
_DimmerLights_TwoPhase_Main               text75       00A56
_Division                                 text94       01344
_DlyOff_Initialization                    text107      011DF
_DlyOff_Main                              text97       00B04
_DlySw1                                   bssBANK1     000E4
_Exception_Main                           text52       0050D
_FREE                                     (abs)        00CAC
_FVRCON                                   (abs)        00117
_Flash_Memory_Erasing                     text46       012BF
_Flash_Memory_Initialization              text47       005DD
_Flash_Memory_Main                        text43       017BF
_Flash_Memory_Main$3034                   cstackBANK0  00021
_Flash_Memory_Modify                      text45       00ECE
_Flash_Memory_Read                        text51       01410
_Flash_Memory_Unlock                      text50       01249
_Flash_Memory_Write                       text49       015C9
_Fosc_Set                                 text28       011D7
_GIE                                      (abs)        0005F
_GO_nDONE                                 (abs)        004E9
_IOCBF                                    (abs)        00396
_IOCBF2                                   (abs)        01CB2
_IOCBN                                    (abs)        00395
_IOCBP                                    (abs)        00394
_IOCIE                                    (abs)        0005B
_IOCIF                                    (abs)        00058
_IOC_ISR                                  text114      01237
_IOC_Set                                  text27       01291
_IO_Set                                   text26       01491
_ISR                                      intentry     00004
_LATA                                     (abs)        0010C
_LATB                                     (abs)        0010D
_LATC                                     (abs)        0010E
_LED                                      bssCOMMON    0007B
_LED_Initialization                       text41       011CF
_LED_Main                                 text39       011D3
_LWLO                                     (abs)        00CAD
_LedPointSelect                           text58       0125B
_Light                                    bssBANK1     000D4
_Load                                     bssBANK2     00130
_Load_Initialization                      text37       011C1
_Load_Main                                text30       0004D
_Load_Main$3845                           cstackBANK0  00023
_Mcu_Initialization                       text23       013C4
_Memory                                   bssBANK3     001A0
_OSCCON                                   (abs)        00099
_PEIE                                     (abs)        0005E
_PMADRH                                   (abs)        00192
_PMADRL                                   (abs)        00191
_PMCON2                                   (abs)        00196
_PMDATH                                   (abs)        00194
_PMDATL                                   (abs)        00193
_PORTA                                    (abs)        0000C
_PORTB                                    (abs)        0000D
_PORTC                                    (abs)        0000E
_RA0                                      (abs)        00060
_RA4                                      (abs)        00064
_RA6                                      (abs)        00066
_RA7                                      (abs)        00067
_RB0                                      (abs)        00068
_RB1                                      (abs)        00069
_RB2                                      (abs)        0006A
_RB3                                      (abs)        0006B
_RB5                                      (abs)        0006D
_RD                                       (abs)        00CA8
_Sw                                       bssBANK0     0006C
_Sw1                                      bssBANK2     00161
_SwDetect                                 bssBANK1     000D5
_SwPointSelect                            text17       0129C
_Switch_Initialization                    text21       011DB
_Switch_Main                              text13       01218
_T1CON                                    (abs)        00018
_TMR1H                                    (abs)        00017
_TMR1IE                                   (abs)        00488
_TMR1IF                                   (abs)        00088
_TMR1L                                    (abs)        00016
_TMR1_ISR                                 text112      014FD
_TMR1_Set                                 text25       012D7
_TRISA                                    (abs)        0008C
_TRISB                                    (abs)        0008D
_TRISC                                    (abs)        0008E
_Temp                                     bssBANK1     000D6
_Temp_Initialization                      text11       011C4
_Temp_Main                                text8        00800
_Timeout_Counter                          text20       0144E
_Timer1                                   bssBANK1     000CE
_TouchPower                               text18       01463
_VarErrLED                                bssBANK1     000E9
_WDT                                      bssBANK1     000D1
_WDTCON                                   (abs)        00097
_WDT_Clearing                             text7        00002
_WDT_Main                                 text6        01381
_WDT_Set                                  text24       01252
_WPUB                                     (abs)        0020D
_WR                                       (abs)        00CA9
_WREN                                     (abs)        00CAA
__CFG_BOREN$OFF                           (abs)        00000
__CFG_CP$ON                               (abs)        00000
__CFG_FOSC$INTOSC                         (abs)        00000
__CFG_VCAPEN$OFF                          (abs)        00000
__CFG_WDTE$ON                             (abs)        00000
__CFG_WRT$HALF                            (abs)        00000
__Habs1                                   abs1         00000
__Hbank0                                  bank0        00000
__Hbank1                                  bank1        00000
__Hbank10                                 bank10       00000
__Hbank11                                 bank11       00000
__Hbank12                                 bank12       00000
__Hbank13                                 bank13       00000
__Hbank14                                 bank14       00000
__Hbank15                                 bank15       00000
__Hbank16                                 bank16       00000
__Hbank17                                 bank17       00000
__Hbank18                                 bank18       00000
__Hbank19                                 bank19       00000
__Hbank2                                  bank2        00000
__Hbank20                                 bank20       00000
__Hbank21                                 bank21       00000
__Hbank22                                 bank22       00000
__Hbank23                                 bank23       00000
__Hbank24                                 bank24       00000
__Hbank25                                 bank25       00000
__Hbank26                                 bank26       00000
__Hbank27                                 bank27       00000
__Hbank28                                 bank28       00000
__Hbank29                                 bank29       00000
__Hbank3                                  bank3        00000
__Hbank30                                 bank30       00000
__Hbank31                                 bank31       00000
__Hbank4                                  bank4        00000
__Hbank5                                  bank5        00000
__Hbank6                                  bank6        00000
__Hbank7                                  bank7        00000
__Hbank8                                  bank8        00000
__Hbank9                                  bank9        00000
__Hbigram                                 bigram       00000
__HbssBANK0                               bssBANK0     00000
__HbssBANK1                               bssBANK1     00000
__HbssBANK2                               bssBANK2     00000
__HbssBANK3                               bssBANK3     00000
__HbssCOMMON                              bssCOMMON    00000
__Hcinit                                  cinit        0004D
__Hclrtext                                clrtext      00000
__Hcode                                   code         00000
__Hcommon                                 common       00000
__Hconfig                                 config       08009
__HcstackBANK0                            cstackBANK0  00000
__HcstackBANK2                            cstackBANK2  00000
__HcstackCOMMON                           cstackCOMMON 00000
__HdataBANK3                              dataBANK3    00000
__Heeprom_data                            eeprom_data  00000
__Hend_init                               end_init     00021
__Hfunctab                                functab      00000
__HidataBANK3                             idataBANK3   00000
__Hidloc                                  idloc        00000
__Hinit                                   init         0001F
__Hinittext                               inittext     00000
__Hintentry                               intentry     0001F
__Hmaintext                               maintext     00000
__HnvBANK0                                nvBANK0      00000
__Hpowerup                                powerup      00000
__Hram                                    ram          00000
__Hreset_vec                              reset_vec    00002
__Hsfr0                                   sfr0         00000
__Hsfr1                                   sfr1         00000
__Hsfr10                                  sfr10        00000
__Hsfr11                                  sfr11        00000
__Hsfr12                                  sfr12        00000
__Hsfr13                                  sfr13        00000
__Hsfr14                                  sfr14        00000
__Hsfr15                                  sfr15        00000
__Hsfr16                                  sfr16        00000
__Hsfr17                                  sfr17        00000
__Hsfr18                                  sfr18        00000
__Hsfr19                                  sfr19        00000
__Hsfr2                                   sfr2         00000
__Hsfr20                                  sfr20        00000
__Hsfr21                                  sfr21        00000
__Hsfr22                                  sfr22        00000
__Hsfr23                                  sfr23        00000
__Hsfr24                                  sfr24        00000
__Hsfr25                                  sfr25        00000
__Hsfr26                                  sfr26        00000
__Hsfr27                                  sfr27        00000
__Hsfr28                                  sfr28        00000
__Hsfr29                                  sfr29        00000
__Hsfr3                                   sfr3         00000
__Hsfr30                                  sfr30        00000
__Hsfr31                                  sfr31        00000
__Hsfr4                                   sfr4         00000
__Hsfr5                                   sfr5         00000
__Hsfr6                                   sfr6         00000
__Hsfr7                                   sfr7         00000
__Hsfr8                                   sfr8         00000
__Hsfr9                                   sfr9         00000
__Hspace_0                                (abs)        08009
__Hspace_1                                (abs)        001E5
__Hspace_2                                (abs)        00000
__Hspace_3                                (abs)        00000
__Hstack                                  stack        00000
__Hstrings                                strings      00000
__Htext                                   text         00000
__Labs1                                   abs1         00000
__Lbank0                                  bank0        00000
__Lbank1                                  bank1        00000
__Lbank10                                 bank10       00000
__Lbank11                                 bank11       00000
__Lbank12                                 bank12       00000
__Lbank13                                 bank13       00000
__Lbank14                                 bank14       00000
__Lbank15                                 bank15       00000
__Lbank16                                 bank16       00000
__Lbank17                                 bank17       00000
__Lbank18                                 bank18       00000
__Lbank19                                 bank19       00000
__Lbank2                                  bank2        00000
__Lbank20                                 bank20       00000
__Lbank21                                 bank21       00000
__Lbank22                                 bank22       00000
__Lbank23                                 bank23       00000
__Lbank24                                 bank24       00000
__Lbank25                                 bank25       00000
__Lbank26                                 bank26       00000
__Lbank27                                 bank27       00000
__Lbank28                                 bank28       00000
__Lbank29                                 bank29       00000
__Lbank3                                  bank3        00000
__Lbank30                                 bank30       00000
__Lbank31                                 bank31       00000
__Lbank4                                  bank4        00000
__Lbank5                                  bank5        00000
__Lbank6                                  bank6        00000
__Lbank7                                  bank7        00000
__Lbank8                                  bank8        00000
__Lbank9                                  bank9        00000
__Lbigram                                 bigram       00000
__LbssBANK0                               bssBANK0     00000
__LbssBANK1                               bssBANK1     00000
__LbssBANK2                               bssBANK2     00000
__LbssBANK3                               bssBANK3     00000
__LbssCOMMON                              bssCOMMON    00000
__Lcinit                                  cinit        00021
__Lclrtext                                clrtext      00000
__Lcode                                   code         00000
__Lcommon                                 common       00000
__Lconfig                                 config       08007
__LcstackBANK0                            cstackBANK0  00000
__LcstackBANK2                            cstackBANK2  00000
__LcstackCOMMON                           cstackCOMMON 00000
__LdataBANK3                              dataBANK3    00000
__Leeprom_data                            eeprom_data  00000
__Lend_init                               end_init     0001F
__Lfunctab                                functab      00000
__LidataBANK3                             idataBANK3   00000
__Lidloc                                  idloc        00000
__Linit                                   init         0001F
__Linittext                               inittext     00000
__Lintentry                               intentry     00004
__Lmaintext                               maintext     00000
__LnvBANK0                                nvBANK0      00000
__Lpowerup                                powerup      00000
__Lram                                    ram          00000
__Lreset_vec                              reset_vec    00000
__Lsfr0                                   sfr0         00000
__Lsfr1                                   sfr1         00000
__Lsfr10                                  sfr10        00000
__Lsfr11                                  sfr11        00000
__Lsfr12                                  sfr12        00000
__Lsfr13                                  sfr13        00000
__Lsfr14                                  sfr14        00000
__Lsfr15                                  sfr15        00000
__Lsfr16                                  sfr16        00000
__Lsfr17                                  sfr17        00000
__Lsfr18                                  sfr18        00000
__Lsfr19                                  sfr19        00000
__Lsfr2                                   sfr2         00000
__Lsfr20                                  sfr20        00000
__Lsfr21                                  sfr21        00000
__Lsfr22                                  sfr22        00000
__Lsfr23                                  sfr23        00000
__Lsfr24                                  sfr24        00000
__Lsfr25                                  sfr25        00000
__Lsfr26                                  sfr26        00000
__Lsfr27                                  sfr27        00000
__Lsfr28                                  sfr28        00000
__Lsfr29                                  sfr29        00000
__Lsfr3                                   sfr3         00000
__Lsfr30                                  sfr30        00000
__Lsfr31                                  sfr31        00000
__Lsfr4                                   sfr4         00000
__Lsfr5                                   sfr5         00000
__Lsfr6                                   sfr6         00000
__Lsfr7                                   sfr7         00000
__Lsfr8                                   sfr8         00000
__Lsfr9                                   sfr9         00000
__Lspace_0                                (abs)        00000
__Lspace_1                                (abs)        00000
__Lspace_2                                (abs)        00000
__Lspace_3                                (abs)        00000
__Lstack                                  stack        00000
__Lstrings                                strings      00000
__Ltext                                   text         00000
__S0                                      (abs)        08009
__S1                                      (abs)        001E5
__S2                                      (abs)        00000
___awdiv                                  text101      00A02
___awdiv@counter                          cstackBANK0  00020
___awdiv@dividend                         cstackCOMMON 00074
___awdiv@divisor                          cstackCOMMON 00072
___awdiv@quotient                         cstackBANK0  00022
___awdiv@sign                             cstackBANK0  00021
___awtoft                                 text92       0155C
___awtoft@c                               cstackBANK0  00020
___awtoft@sign                            cstackBANK0  00025
___bmul                                   text63       01391
___bmul@multiplicand                      cstackCOMMON 00072
___bmul@multiplier                        cstackCOMMON 00075
___bmul@product                           cstackCOMMON 00074
___ftadd                                  text91       00346
___ftadd@exp1                             cstackBANK0  00045
___ftadd@exp2                             cstackBANK0  00044
___ftadd@f1                               cstackBANK0  00039
___ftadd@f2                               cstackBANK0  0003C
___ftadd@sign                             cstackBANK0  00043
___ftdiv                                  text90       00F57
___ftdiv@cntr                             cstackBANK0  00030
___ftdiv@exp                              cstackBANK0  00034
___ftdiv@f1                               cstackBANK0  00029
___ftdiv@f2                               cstackBANK0  00026
___ftdiv@f3                               cstackBANK0  00031
___ftdiv@sign                             cstackBANK0  00035
___ftmul                                  text89       006A8
___ftmul@cntr                             cstackBANK0  00034
___ftmul@exp                              cstackBANK0  00030
___ftmul@f1                               cstackBANK0  00026
___ftmul@f2                               cstackBANK0  00029
___ftmul@f3_as_product                    cstackBANK0  00031
___ftmul@sign                             cstackBANK0  00035
___ftneg                                  text88       01240
___ftneg@f1                               cstackBANK0  00036
___ftpack                                 text93       00B63
___ftpack@arg                             cstackCOMMON 00072
___ftpack@exp                             cstackCOMMON 00075
___ftpack@sign                            cstackCOMMON 00076
___fttol                                  text87       00E47
___fttol@exp1                             cstackBANK0  00053
___fttol@f1                               cstackBANK0  00046
___fttol@lval                             cstackBANK0  0004F
___fttol@sign1                            cstackBANK0  0004E
___int_sp                                 stack        00000
___latbits                                (abs)        00003
___lbdiv                                  text95       0153B
___lbdiv@counter                          cstackCOMMON 00075
___lbdiv@dividend                         cstackCOMMON 00074
___lbdiv@divisor                          cstackCOMMON 00072
___lbdiv@quotient                         cstackCOMMON 00076
___lwdiv                                  text36       016DF
___lwdiv@counter                          cstackCOMMON 00079
___lwdiv@dividend                         cstackCOMMON 00074
___lwdiv@divisor                          cstackCOMMON 00072
___lwdiv@quotient                         cstackCOMMON 00077
___sp                                     stack        00000
___wmul                                   text35       014E0
___wmul@multiplicand                      cstackCOMMON 00074
___wmul@multiplier                        cstackCOMMON 00072
___wmul@product                           cstackCOMMON 00076
__end_of_ADC_Set                          text29       01218
__end_of_Buzzer_Initialization            text110      011C1
__end_of_Buzzer_Main                      text109      008BE
__end_of_DelayOffPointSelect              text108      01270
__end_of_DelayOff_Initialization          text106      011CB
__end_of_DelayOff_Main                    text96       011CF
__end_of_DimmerIntr_Initialization        text83       00B04
__end_of_DimmerIntr_ValueCalculate        text80       0161F
__end_of_DimmerLights_AssignationDimming  text76       016AA
__end_of_DimmerLights_DimmingFunction     text79       00A02
__end_of_DimmerLights_IOC_1               text115      00833
__end_of_DimmerLights_Initialization      text81       011FC
__end_of_DimmerLights_Main                text54       015A2
__end_of_DimmerLights_SelectPointer       text105      0127B
__end_of_DimmerLights_TMR_1               text113      0174D
__end_of_DimmerLights_TwoPhase_Main       text75       00AAA
__end_of_Division                         text94       01353
__end_of_DlyOff_Initialization            text107      011E4
__end_of_DlyOff_Main                      text97       00B63
__end_of_Exception_Main                   text52       005DD
__end_of_Flash_Memory_Erasing             text46       012CB
__end_of_Flash_Memory_Initialization      text47       006A8
__end_of_Flash_Memory_Main                text43       01800
__end_of_Flash_Memory_Modify              text45       00F57
__end_of_Flash_Memory_Read                text51       01424
__end_of_Flash_Memory_Unlock              text50       01252
__end_of_Flash_Memory_Write               text49       015F3
__end_of_Fosc_Set                         text28       011DB
__end_of_IOC_ISR                          text114      01240
__end_of_IOC_Set                          text27       0129C
__end_of_IO_Set                           text26       014AB
__end_of_ISR                              intentry     0001F
__end_of_LED_Initialization               text41       011D3
__end_of_LED_Main                         text39       011D7
__end_of_LedPointSelect                   text58       01265
__end_of_Load_Initialization              text37       011C4
__end_of_Load_Main                        text30       001ED
__end_of_Mcu_Initialization               text23       013D6
__end_of_SwPointSelect                    text17       012A7
__end_of_Switch_Initialization            text21       011DF
__end_of_Switch_Main                      text13       0121F
__end_of_TMR1_ISR                         text112      0151B
__end_of_TMR1_Set                         text25       012E3
__end_of_Temp_Initialization              text11       011C7
__end_of_Temp_Main                        text8        00803
__end_of_Timeout_Counter                  text20       01463
__end_of_TouchPower                       text18       01478
__end_of_WDT_Clearing                     text7        00004
__end_of_WDT_Main                         text6        01391
__end_of_WDT_Set                          text24       0125B
__end_of___awdiv                          text101      00A56
__end_of___awtoft                         text92       0157E
__end_of___bmul                           text63       013A2
__end_of___ftadd                          text91       0043C
__end_of___ftdiv                          text90       01000
__end_of___ftmul                          text89       0075C
__end_of___ftneg                          text88       01249
__end_of___ftpack                         text93       00BC3
__end_of___fttol                          text87       00ECE
__end_of___lbdiv                          text95       0155C
__end_of___lwdiv                          text36       01715
__end_of___wmul                           text35       014FD
__end_of__initialization                  cinit        00049
__end_of_getAD                            text5        014C5
__end_of_getAll_DimmerIntr_Dimming_Sw_RF  text34       01237
__end_of_getAll_Sw_KeyStatus              text44       013B3
__end_of_getCmd_Status                    text67       01362
__end_of_getDelayOff_GO                   text66       01319
__end_of_getDimmerIntr_DimmingValue       text71       012FD
__end_of_getDimmerIntr_Dimming_Sw         text102      012F0
__end_of_getDimmerLights_Allow_Condition  text72       013E9
__end_of_getDimmerLights_Line             text53       0122F
__end_of_getDimmerLights_PercentToValue   text86       00C8C
__end_of_getDimmerLights_Status           text104      01344
__end_of_getDimmerLights_ValueToPercent   text85       00CF1
__end_of_getDimmer_LoadGO                 text33       0120A
__end_of_getDimmer_Load_Status            text32       01211
__end_of_getLoad_AD                       text4        00DC8
__end_of_getLoad_OK                       text73       01203
__end_of_getMain_All_Error_Status         text74       0164D
__end_of_getMain_All_LightsStatus         text65       01227
__end_of_getMain_Lights_Count             text31       012D7
__end_of_getSw_KeyStatus                  text16       013C4
__end_of_getTemp_AD                       text3        00C27
__end_of_main                             maintext     0095C
__end_of_myMain_Initialization            text2        01371
__end_of_my_MainTimer                     text1        01785
__end_of_setBuz                           text100      009AF
__end_of_setCmd_Status                    text64       01410
__end_of_setDelayOff_GO                   text62       00E47
__end_of_setDimmerIntr_ControlStatus      text61       0144E
__end_of_setDimmerIntr_DimmingValue       text60       01286
__end_of_setDimmerIntr_Dimming_RF         text78       01439
__end_of_setDimmerIntr_Dimming_Sw         text70       013FC
__end_of_setDimmerIntr_MaxmumValue        text77       012BF
__end_of_setDimmerLights_Dimming          text68       00878
__end_of_setDimmerLights_DimmingClose     text59       011E9
__end_of_setDimmerLights_DimmingOn        text15       015C9
__end_of_setDimmerLights_Initialization   text82       011BD
__end_of_setDimmerLights_Line             text69       0130B
__end_of_setDimmerLights_Main             text55       00D56
__end_of_setDimmerLights_OnOff            text56       007FB
__end_of_setDimmerLights_SwOff            text103      017BF
__end_of_setDimmerLights_SwOn             text99       0090A
__end_of_setLED                           text57       016DF
__end_of_setLED_Initialization            text42       01327
__end_of_setLED_Main                      text40       0167B
__end_of_setLoad_AH_AL_Restore            text38       014E0
__end_of_setMemory_Data                   text48       01291
__end_of_setMemory_Modify                 text84       01381
__end_of_setOverTemp_ADV_Restore          text10       01491
__end_of_setProductData                   text98       012B3
__end_of_setSw_Initialization             text22       01335
__end_of_setSw_Main                       text14       00346
__end_of_setTemp_Initialization           text12       011BE
__end_of_setTemp_Main                     text9        0050D
__end_of_set_TimeoutCleared               text19       00800
__initialization                          cinit        00021
__pbssBANK0                               bssBANK0     0006A
__pbssBANK1                               bssBANK1     000A0
__pbssBANK2                               bssBANK2     00120
__pbssBANK3                               bssBANK3     001A0
__pbssCOMMON                              bssCOMMON    0007A
__pcstackBANK0                            cstackBANK0  00020
__pcstackBANK2                            cstackBANK2  0016A
__pcstackCOMMON                           cstackCOMMON 00070
__pdataBANK3                              dataBANK3    001C5
__pidataBANK3                             idataBANK3   0151B
__pintentry                               intentry     00004
__pmaintext                               maintext     0090A
__pnvBANK0                                nvBANK0      0006D
__product                                 dataBANK3    001C5
[...]
      Totals:         0       0       0       0       0       0       0       0       0       0       0       0       0       0
Total ram usage:        0 bytes
 Hardware stack levels used:    1
 Hardware stack levels required when called:    5
 This function calls:
		_DlyOff_Initialization
 This function is called by:
		_main
 This function uses a non-reentrant model


 *************** function _DlyOff_Initialization *****************
 Defined at:
		line 56 in file "../src/DelayOff_B1.c"
 Parameters:    Size  Location     Type
  sw              1    wreg     unsigned char 
 Auto vars:     Size  Location     Type
  sw              1    4[COMMON] unsigned char 
 Return value:  Size  Location     Type
		None               void
 Registers used:
		wreg, status,2, status,0, pclath, cstack
 Tracked objects:
		On entry : 
		On exit  : 
		Unchanged: 
 Data sizes:     COMMON   BANK0   BANK1   BANK2   BANK3   BANK4   BANK5   BANK6   BANK7   BANK8   BANK9  BANK10  BANK11  BANK12
      Params:         0       0       0       0       0       0       0       0       0       0       0       0       0       0
      Locals:         1       0       0       0       0       0       0       0       0       0       0       0       0       0
      Temps:          0       0       0       0       0       0       0       0       0       0       0       0       0       0
      Totals:         1       0       0       0       0       0       0       0       0       0       0       0       0       0
Total ram usage:        1 bytes
 Hardware stack levels used:    1
 Hardware stack levels required when called:    4
 This function calls:
		_DelayOffPointSelect
 This function is called by:
		_DelayOff_Initialization
 This function uses a non-reentrant model


 *************** function _DelayOffPointSelect *****************
 Defined at:
		line 7 in file "../src/DelayOff_B1.c"
 Parameters:    Size  Location     Type
  sw              1    wreg     unsigned char 
 Auto vars:     Size  Location     Type
  sw              1    3[COMMON] unsigned char 
 Return value:  Size  Location     Type
		None               void
 Registers used:
		wreg
 Tracked objects:
		On entry : 
		On exit  : 
		Unchanged: 
 Data sizes:     COMMON   BANK0   BANK1   BANK2   BANK3   BANK4   BANK5   BANK6   BANK7   BANK8   BANK9  BANK10  BANK11  BANK12
      Params:         0       0       0       0       0       0       0       0       0       0       0       0       0       0
      Locals:         1       0       0       0       0       0       0       0       0       0       0       0       0       0
      Temps:          1       0       0       0       0       0       0       0       0       0       0       0       0       0
      Totals:         2       0       0       0       0       0       0       0       0       0       0       0       0       0
Total ram usage:        2 bytes
 Hardware stack levels used:    1
 Hardware stack levels required when called:    3
 This function calls:
		Nothing
 This function is called by:
		_DlyOff_Initialization
		_DlyOff_Main
		_setDelayOff_GO
		_getDelayOff_GO
 This function uses a non-reentrant model


 *************** function _Buzzer_Main *****************
 Defined at:
		line 46 in file "../src/Buzzer_B1.c"
 Parameters:    Size  Location     Type
		None
 Auto vars:     Size  Location     Type
		None
 Return value:  Size  Location     Type
		None               void
 Registers used:
		wreg, status,2, status,0
 Tracked objects:
		On entry : 
		On exit  : 
		Unchanged: 
 Data sizes:     COMMON   BANK0   BANK1   BANK2   BANK3   BANK4   BANK5   BANK6   BANK7   BANK8   BANK9  BANK10  BANK11  BANK12
      Params:         0       0       0       0       0       0       0       0       0       0       0       0       0       0
      Locals:         0       0       0       0       0       0       0       0       0       0       0       0       0       0
      Temps:          1       0       0       0       0       0       0       0       0       0       0       0       0       0
      Totals:         1       0       0       0       0       0       0       0       0       0       0       0       0       0
Total ram usage:        1 bytes
 Hardware stack levels used:    1
 Hardware stack levels required when called:    3
 This function calls:
		Nothing
 This function is called by:
		_main
 This function uses a non-reentrant model


 *************** function _Buzzer_Initialization *****************
 Defined at:
		line 11 in file "../src/Buzzer_B1.c"
 Parameters:    Size  Location     Type
		None
 Auto vars:     Size  Location     Type
		None
 Return value:  Size  Location     Type
		None               void
 Registers used:
		None
 Tracked objects:
		On entry : 
		On exit  : 
		Unchanged: 
 Data sizes:     COMMON   BANK0   BANK1   BANK2   BANK3   BANK4   BANK5   BANK6   BANK7   BANK8   BANK9  BANK10  BANK11  BANK12
      Params:         0       0       0       0       0       0       0       0       0       0       0       0       0       0
      Locals:         0       0       0       0       0       0       0       0       0       0       0       0       0       0
      Temps:          0       0       0       0       0       0       0       0       0       0       0       0       0       0
      Totals:         0       0       0       0       0       0       0       0       0       0       0       0       0       0
Total ram usage:        0 bytes
 Hardware stack levels used:    1
 Hardware stack levels required when called:    3
 This function calls:
		Nothing
 This function is called by:
		_main
 This function uses a non-reentrant model


 *************** function _ISR *****************
 Defined at:
		line 116 in file "../src/MCU_B1.c"
 Parameters:    Size  Location     Type
		None
 Auto vars:     Size  Location     Type
		None
 Return value:  Size  Location     Type
		None               void
 Registers used:
		wreg, fsr1l, fsr1h, status,2, status,0, pclath, cstack
 Tracked objects:
		On entry : 
		On exit  : 
		Unchanged: 
 Data sizes:     COMMON   BANK0   BANK1   BANK2   BANK3   BANK4   BANK5   BANK6   BANK7   BANK8   BANK9  BANK10  BANK11  BANK12
      Params:         0       0       0       0       0       0       0       0       0       0       0       0       0       0
      Locals:         0       0       0       0       0       0       0       0       0       0       0       0       0       0
      Temps:          1       0       0       0       0       0       0       0       0       0       0       0       0       0
      Totals:         1       0       0       0       0       0       0       0       0       0       0       0       0       0
Total ram usage:        1 bytes
 Hardware stack levels used:    1
 Hardware stack levels required when called:    2
 This function calls:
		_IOC_ISR
		_TMR1_ISR
 This function is called by:
		Interrupt level 1
 This function uses a non-reentrant model


 *************** function _TMR1_ISR *****************
 Defined at:
		line 236 in file "../src/MCU_B1.c"
 Parameters:    Size  Location     Type
		None
 Auto vars:     Size  Location     Type
		None
 Return value:  Size  Location     Type
		None               void
 Registers used:
		wreg, fsr1l, fsr1h, status,2, status,0, pclath, cstack
 Tracked objects:
		On entry : 
		On exit  : 
		Unchanged: 
 Data sizes:     COMMON   BANK0   BANK1   BANK2   BANK3   BANK4   BANK5   BANK6   BANK7   BANK8   BANK9  BANK10  BANK11  BANK12
      Params:         0       0       0       0       0       0       0       0       0       0       0       0       0       0
      Locals:         0       0       0       0       0       0       0       0       0       0       0       0       0       0
      Temps:          0       0       0       0       0       0       0       0       0       0       0       0       0       0
      Totals:         0       0       0       0       0       0       0       0       0       0       0       0       0       0
Total ram usage:        0 bytes
 Hardware stack levels used:    1
 Hardware stack levels required when called:    1
 This function calls:
		_DimmerLights_TMR_1
 This function is called by:
		_ISR
 This function uses a non-reentrant model


 *************** function _DimmerLights_TMR_1 *****************
 Defined at:
		line 1731 in file "../src/Dimmer_B1.c"
 Parameters:    Size  Location     Type
		None
 Auto vars:     Size  Location     Type
		None
 Return value:  Size  Location     Type
		None               void
 Registers used:
		wreg, status,2, status,0
 Tracked objects:
		On entry : 
		On exit  : 
		Unchanged: 
 Data sizes:     COMMON   BANK0   BANK1   BANK2   BANK3   BANK4   BANK5   BANK6   BANK7   BANK8   BANK9  BANK10  BANK11  BANK12
      Params:         0       0       0       0       0       0       0       0       0       0       0       0       0       0
      Locals:         0       0       0       0       0       0       0       0       0       0       0       0       0       0
      Temps:          1       0       0       0       0       0       0       0       0       0       0       0       0       0
      Totals:         1       0       0       0       0       0       0       0       0       0       0       0       0       0
Total ram usage:        1 bytes
 Hardware stack levels used:    1
 This function calls:
		Nothing
 This function is called by:
		_TMR1_ISR
 This function uses a non-reentrant model


 *************** function _IOC_ISR *****************
 Defined at:
		line 396 in file "../src/MCU_B1.c"
 Parameters:    Size  Location     Type
		None
 Auto vars:     Size  Location     Type
		None
 Return value:  Size  Location     Type
		None               void
 Registers used:
		wreg, status,2, status,0, pclath, cstack
 Tracked objects:
		On entry : 
		On exit  : 
		Unchanged: 
 Data sizes:     COMMON   BANK0   BANK1   BANK2   BANK3   BANK4   BANK5   BANK6   BANK7   BANK8   BANK9  BANK10  BANK11  BANK12
      Params:         0       0       0       0       0       0       0       0       0       0       0       0       0       0
      Locals:         0       0       0       0       0       0       0       0       0       0       0       0       0       0
      Temps:          0       0       0       0       0       0       0       0       0       0       0       0       0       0
      Totals:         0       0       0       0       0       0       0       0       0       0       0       0       0       0
Total ram usage:        0 bytes
 Hardware stack levels used:    1
 Hardware stack levels required when called:    1
 This function calls:
		_DimmerLights_IOC_1
 This function is called by:
		_ISR
 This function uses a non-reentrant model


 *************** function _DimmerLights_IOC_1 *****************
 Defined at:
		line 1817 in file "../src/Dimmer_B1.c"
 Parameters:    Size  Location     Type
		None
 Auto vars:     Size  Location     Type
		None
 Return value:  Size  Location     Type
		None               void
 Registers used:
		wreg, status,2, status,0
 Tracked objects:
		On entry : 
		On exit  : 
		Unchanged: 
 Data sizes:     COMMON   BANK0   BANK1   BANK2   BANK3   BANK4   BANK5   BANK6   BANK7   BANK8   BANK9  BANK10  BANK11  BANK12
      Params:         0       0       0       0       0       0       0       0       0       0       0       0       0       0
      Locals:         0       0       0       0       0       0       0       0       0       0       0       0       0       0
      Temps:          1       0       0       0       0       0       0       0       0       0       0       0       0       0
      Totals:         1       0       0       0       0       0       0       0       0       0       0       0       0       0
Total ram usage:        1 bytes
 Hardware stack levels used:    1
 This function calls:
		Nothing
 This function is called by:
		_IOC_ISR
 This function uses a non-reentrant model



MODULE INFORMATION

Module		Function		Class		Link	Load	Size
C:\Program Files (x86)\Microchip\xc8\v1.32\sources\common\float.c
		___ftpack      		CODE           	0B63	0000	96

C:\Program Files (x86)\Microchip\xc8\v1.32\sources\common\float.c estimated size: 96

../src/OverLoad_B1.c
		_getLoad_AD    		CODE           	0D56	0000	114
		_getLoad_OK    		CODE           	11FC	0000	7
		_Load_Initializ		CODE           	11C1	0000	3
		_Load_Main     		CODE           	004D	0000	416
		_setLoad_AH_AL_		CODE           	14C5	0000	27

../src/OverLoad_B1.c estimated size: 567

C:\Program Files (x86)\Microchip\xc8\v1.32\sources\common\awtoft.c
		___awtoft      		CODE           	155C	0000	34

C:\Program Files (x86)\Microchip\xc8\v1.32\sources\common\awtoft.c estimated size: 34

../src/MCU_B1.c
		_Fosc_Set      		CODE           	11D7	0000	4
		_IO_Set        		CODE           	1491	0000	26
		_WDT_Set       		CODE           	1252	0000	9
		_WDT_Main      		CODE           	1381	0000	16
		_ADC_Set       		CODE           	1211	0000	7
		_IOC_ISR       		CODE           	1237	0000	9
		_ISR           		CODE           	0004	0000	27
		_Flash_Memory_W		CODE           	15C9	0000	42
		_Flash_Memory_M		CODE           	0ECE	0000	137
		_IOC_Set       		CODE           	1291	0000	11
		_WDT_Clearing  		CODE           	0002	0000	2
		_setMemory_Modi		CODE           	1371	0000	16
		_Mcu_Initializa		CODE           	13C4	0000	18
		_setMemory_Data		CODE           	1286	0000	11
		_Flash_Memory_I		CODE           	05DD	0000	203
		_getAD         		CODE           	14AB	0000	26
		_TMR1_Set      		CODE           	12D7	0000	12
		_Flash_Memory_U		CODE           	1249	0000	9
		_Flash_Memory_R		CODE           	1410	0000	20
		_Flash_Memory_E		CODE           	12BF	0000	12
		_TMR1_ISR      		CODE           	14FD	0000	30
		_Flash_Memory_M		CODE           	17BF	0000	65

../src/MCU_B1.c estimated size: 712

C:\Program Files (x86)\Microchip\xc8\v1.32\sources\common\ftmul.c
		___ftmul       		CODE           	06A8	0000	180

C:\Program Files (x86)\Microchip\xc8\v1.32\sources\common\ftmul.c estimated size: 180

../src/Buzzer_B1.c
		_Buzzer_Main   		CODE           	0878	0000	70
		_setBuz        		CODE           	095C	0000	83
		_Buzzer_Initial		CODE           	11BE	0000	3

../src/Buzzer_B1.c estimated size: 156

../src/LED_B1.c
		_setLED        		CODE           	16AA	0000	53
		_LED_Main      		CODE           	11D3	0000	4
		_setLED_Initial		CODE           	1319	0000	14
		_LedPointSelect		CODE           	125B	0000	10
		_setLED_Main   		CODE           	164D	0000	46
		_LED_Initializa		CODE           	11CF	0000	4

../src/LED_B1.c estimated size: 131

../src/OverTemperature_B1.c
		_Temp_Initializ		CODE           	11C4	0000	3
		_Temp_Main     		CODE           	0800	0000	3
		_setTemp_Initia		CODE           	11BD	0000	1
		_setOverTemp_AD		CODE           	1478	0000	25
		_getTemp_AD    		CODE           	0BC3	0000	100
		_setTemp_Main  		CODE           	043C	0000	209

../src/OverTemperature_B1.c estimated size: 341

C:\Program Files (x86)\Microchip\xc8\v1.32\sources\common\fttol.c
		___fttol       		CODE           	0E47	0000	135

C:\Program Files (x86)\Microchip\xc8\v1.32\sources\common\fttol.c estimated size: 135

C:\Program Files (x86)\Microchip\xc8\v1.32\sources\common\lwdiv.c
		___lwdiv       		CODE           	16DF	0000	54

C:\Program Files (x86)\Microchip\xc8\v1.32\sources\common\lwdiv.c estimated size: 54

C:\Program Files (x86)\Microchip\xc8\v1.32\sources\common\awdiv.c
		___awdiv       		CODE           	0A02	0000	84

C:\Program Files (x86)\Microchip\xc8\v1.32\sources\common\awdiv.c estimated size: 84

../src/Main_B1.c
		_Exception_Main		CODE           	050D	0000	208
		_my_MainTimer  		CODE           	174D	0000	56
		_setProductData		CODE           	12A7	0000	12
		_main          		CODE           	090A	0000	82
		_Timeout_Counte		CODE           	144E	0000	21
		_myMain_Initial		CODE           	1362	0000	15
		_getMain_All_Er		CODE           	161F	0000	46
		_set_TimeoutCle		CODE           	07FB	0000	5
		_getCmd_Status 		CODE           	1353	0000	15
		_getMain_Lights		CODE           	12CB	0000	12
		_getMain_All_Li		CODE           	121F	0000	8
		_setCmd_Status 		CODE           	13FC	0000	20

../src/Main_B1.c estimated size: 500

C:\Program Files (x86)\Microchip\xc8\v1.32\sources\common\ftadd.c
		___ftadd       		CODE           	0346	0000	246

C:\Program Files (x86)\Microchip\xc8\v1.32\sources\common\ftadd.c estimated size: 246

C:\Program Files (x86)\Microchip\xc8\v1.32\sources\common\Umul16.c
		___wmul        		CODE           	14E0	0000	29

C:\Program Files (x86)\Microchip\xc8\v1.32\sources\common\Umul16.c estimated size: 29

C:\Program Files (x86)\Microchip\xc8\v1.32\sources\common\Umul8.c
		___bmul        		CODE           	1391	0000	17

C:\Program Files (x86)\Microchip\xc8\v1.32\sources\common\Umul8.c estimated size: 17

shared
		__initializatio		CODE           	0021	0000	40

shared estimated size: 40

C:\Program Files (x86)\Microchip\xc8\v1.32\sources\common\ftneg.c
		___ftneg       		CODE           	1240	0000	9

C:\Program Files (x86)\Microchip\xc8\v1.32\sources\common\ftneg.c estimated size: 9

../src/Switch_B1.c
		_Switch_Main   		CODE           	1218	0000	7
		_SwPointSelect 		CODE           	129C	0000	11
		_TouchPower    		CODE           	1463	0000	21
		_setSw_Main    		CODE           	01ED	0000	345
		_getAll_Sw_KeyS		CODE           	13A2	0000	17
		_getSw_KeyStatu		CODE           	13B3	0000	17
		_setSw_Initiali		CODE           	1327	0000	14
		_Switch_Initial		CODE           	11DB	0000	4

../src/Switch_B1.c estimated size: 436

../src/Dimmer_B1.c
		_DimmerIntr_Val		CODE           	15F3	0000	44
		_getDimmerLight		CODE           	1335	0000	15
		_DimmerLights_S		CODE           	1270	0000	11
		_setDimmerLight		CODE           	1785	0000	58
		_DimmerLights_D		CODE           	09AF	0000	83
		_setDimmerIntr_		CODE           	1424	0000	21
		_DimmerLights_M		CODE           	157E	0000	36
		_setDimmerLight		CODE           	08BE	0000	76
		_DimmerIntr_Ini		CODE           	0AAA	0000	90
		_getDimmerIntr_		CODE           	12F0	0000	13
		_getAll_DimmerI		CODE           	122F	0000	8
		_getDimmerLight		CODE           	1227	0000	8
		_DimmerLights_T		CODE           	0A56	0000	84
		_setDimmerIntr_		CODE           	12B3	0000	12
		_setDimmerIntr_		CODE           	127B	0000	11
		_Division      		CODE           	1344	0000	15
		_setDimmerLight		CODE           	12FD	0000	14
		_getDimmerLight		CODE           	0C8C	0000	101
		_DimmerLights_A		CODE           	167B	0000	47
		_getDimmerLight		CODE           	0C27	0000	101
		_getDimmer_Load		CODE           	1203	0000	7
		_setDimmerLight		CODE           	11BC	0000	1
		_getDimmerIntr_		CODE           	12E3	0000	13
		_setDimmerLight		CODE           	0833	0000	69
		_setDimmerLight		CODE           	15A2	0000	39
		_DimmerLights_I		CODE           	11F5	0000	7
		_setDimmerLight		CODE           	11E4	0000	5
		_getDimmer_Load		CODE           	120A	0000	7
		_setDimmerLight		CODE           	0CF1	0000	101
		_setDimmerIntr_		CODE           	13E9	0000	19
		_DimmerLights_I		CODE           	0803	0000	48
		_getDimmerLight		CODE           	13D6	0000	19
		_setDimmerLight		CODE           	075C	0000	159
		_DimmerLights_T		CODE           	1715	0000	56
		_setDimmerIntr_		CODE           	1439	0000	21

../src/Dimmer_B1.c estimated size: 1419

../src/DelayOff_B1.c
		_DelayOff_Initi		CODE           	11C7	0000	4
		_DlyOff_Main   		CODE           	0B04	0000	95
		_DelayOff_Main 		CODE           	11CB	0000	4
		_DelayOffPointS		CODE           	1265	0000	11
		_getDelayOff_GO		CODE           	130B	0000	14
		_setDelayOff_GO		CODE           	0DC8	0000	127
		_DlyOff_Initial		CODE           	11DF	0000	5

../src/DelayOff_B1.c estimated size: 260

C:\Program Files (x86)\Microchip\xc8\v1.32\sources\common\lbdiv.c
		___lbdiv       		CODE           	153B	0000	33

C:\Program Files (x86)\Microchip\xc8\v1.32\sources\common\lbdiv.c estimated size: 33

C:\Program Files (x86)\Microchip\xc8\v1.32\sources\pic\ftdiv.c
		___ftdiv       		CODE           	0F57	0000	169

C:\Program Files (x86)\Microchip\xc8\v1.32\sources\pic\ftdiv.c estimated size: 169

