Microchip MPLAB XC8 Compiler V1.32 ()

Linker command line:

--edf=C:\Program Files (x86)\Microchip\xc8\v1.32\dat\en_msgs.txt -cs \
  -h+dist/default/production\0-4.UARTtoRF.X.production.sym \
  --cmf=dist/default/production\0-4.UARTtoRF.X.production.cmf -z -Q16F1516 \
  -oC:\Users\taianluo\AppData\Local\Temp\s4ls.6 \
  -Mdist/default/production/0-4.UARTtoRF.X.production.map -E1 -ver=XC8 \
  -ASTACK=020C0h-021efh -pstack=STACK -ACONST=00h-0FFhx32 \
  -ACODE=00h-07FFhx4 -ASTRCODE=00h-01FFFh -AENTRY=00h-0FFhx32 \
  -ASTRING=00h-0FFhx32 -ACOMMON=070h-07Fh -ABANK0=020h-06Fh \
  -ABANK1=0A0h-0EFh -ABANK2=0120h-016Fh -ABANK3=01A0h-01EFh \
  -ABANK4=0220h-026Fh -ABANK5=02A0h-02EFh -ABANK6=0320h-032Fh \
  -ABIGRAM=02000h-021EFh \
  -ARAM=020h-06Fh,0A0h-0EFh,0120h-016Fh,01A0h-01EFh,0220h-026Fh,02A0h-02EFh,0320h-032Fh \
  -AABS1=020h-07Fh,0A0h-0EFh,0120h-016Fh,01A0h-01EFh,0220h-026Fh,02A0h-02EFh,0320h-032Fh \
  -ASFR0=00h-01Fh -ASFR1=080h-09Fh -ASFR2=0100h-011Fh -ASFR3=0180h-019Fh \
  -ASFR4=0200h-021Fh -ASFR5=0280h-029Fh -ASFR6=0300h-031Fh \
  -ASFR7=0380h-03EFh -ASFR8=0400h-046Fh -ASFR9=0480h-04EFh \
  -ASFR10=0500h-056Fh -ASFR11=0580h-05EFh -ASFR12=0600h-066Fh \
  -ASFR13=0680h-06EFh -ASFR14=0700h-076Fh -ASFR15=0780h-07EFh \
  -ASFR16=0800h-086Fh -ASFR17=0880h-08EFh -ASFR18=0900h-096Fh \
  -ASFR19=0980h-09EFh -ASFR20=0A00h-0A6Fh -ASFR21=0A80h-0AEFh \
  -ASFR22=0B00h-0B6Fh -ASFR23=0B80h-0BEFh -ASFR24=0C00h-0C6Fh \
  -ASFR25=0C80h-0CEFh -ASFR26=0D00h-0D6Fh -ASFR27=0D80h-0DEFh \
  -ASFR28=0E00h-0E6Fh -ASFR29=0E80h-0EEFh -ASFR30=0F00h-0F6Fh \
  -ASFR31=0F80h-0FEFh -preset_vec=00h,intentry=04h,init,end_init \
  -ppowerup=CODE -pcinit=CODE -pfunctab=CODE -ACONFIG=08007h-08008h \
  -pconfig=CONFIG -DCONFIG=2 -AIDLOC=08000h-08003h -pidloc=IDLOC -DIDLOC=2 \
  -DCODE=2 -DSTRCODE=2 -DSTRING=2 -DCONST=2 -DENTRY=2 -k \
  C:\Users\taianluo\AppData\Local\Temp\s4ls.obj \
  dist/default/production\0-4.UARTtoRF.X.production.obj 

Object code version is 3.11

Machine type is 16F1516



                Name                               Link     Load   Length Selector   Space Scale
C:\Users\taianluo\AppData\Local\Temp\s4ls.obj
                end_init                             16       16        2        8       0
                reset_vec                             0        0        2        0       0
                config                             8007     8007        2    1000E       0
dist/default/production\0-4.UARTtoRF.X.production.obj
                cinit                                18       18       20        8       0
                intentry                              4        4       12        8       0
                text62                              3E5      3E5       1A        8       0
                text60                              E1E      E1E        3     1C3C       0
                text59                              F65      F65       17     1ECA       0
                text58                              EFE      EFE       14     1DFC       0
                text57                              E59      E59        9     1CB2       0
                text56                              7A3      7A3       29      8CC       0
                text55                              E6B      E6B        A     1CD6       0
                text54                              272      272       A3        8       0
                text53                              E95      E95        C     1D2A       0
                text52                              523      523       58      8CC       0
                text51                              E21      E21        3     1C42       0
                text50                              691      691       35      8CC       0
                text49                              E2A      E2A        4     1C54       0
                text48                              F93      F93       18     1F26       0
                text47                              7F4      7F4        C      8CC       0
                text46                              E62      E62        9     1CC4       0
                text45                              E75      E75        A     1CEA       0
                text44                              E24      E24        3     1C48       0
                text43                              F12      F12       14     1E24       0
                text42                              F26      F26       15     1E4C       0
                text41                              E2E      E2E        4     1C5C       0
                text40                              FAB      FAB       18     1F56       0
                text39                              E32      E32        4     1C64       0
                text38                              E36      E36        4     1C6C       0
                text37                              33D      33D       25        8       0
                text36                              E7F      E7F        B     1CFE       0
                text35                              FE0      FE0       20     1FC0       0
                text34                              FC3      FC3       1D     1F86       0
                text33                              315      315       28        8       0
                text32                              61A      61A       41      8CC       0
                text31                              E3A      E3A        4     1C74       0
                text30                              F3B      F3B       15     1E76       0
                text29                              F7C      F7C       17     1EF8       0
                text28                              3C5      3C5       20        8       0
                text27                              4C8      4C8       5B      8CC       0
                text26                              466      466       62      8CC       0
                text25                              EAF      EAF        F     1D5E       0
                text24                              65B      65B       36      8CC       0
                text23                              F50      F50       15     1EA0       0
                text22                              E8A      E8A        B     1D14       0
                text21                               38       38       DC        8       0
                text20                              5CE      5CE       4C      8CC       0
                text19                              ECD      ECD       10     1D9A       0
                text18                              EDD      EDD       10     1DBA       0
                text17                              7CC      7CC       28      8CC       0
                text16                              E47      E47        6     1C8E       0
                text15                              114      114       B8        8       0
                text14                              1CC      1CC       A6        8       0
                text13                              E27      E27        3     1C4E       0
                text12                              EBE      EBE        F     1D7C       0
                text11                              E42      E42        5     1C84       0
                text10                              57B      57B       53      8CC       0
                text9                               EED      EED       11     1DDA       0
                text8                               EA1      EA1        E     1D42       0
                text7                               362      362       22        8       0
                text6                               723      723       2C      8CC       0
                text5                               E3E      E3E        4     1C7C       0
                text4                               6F5      6F5       2E      8CC       0
                text3                               74F      74F       2B      8CC       0
                text2                               384      384       21        8       0
                text1                               6C6      6C6       2F      8CC       0
                maintext                            77A      77A       29      8CC       0
                cstackBANK0                          5C       5C        6       20       1
                cstackCOMMON                         70       70        C       70       1
                inittext                            E4D      E4D        6     1C9A       0
                clrtext                             E53      E53        6     1CA6       0
                dataBANK2                           120      120       20      120       1
                bssBANK1                             A0       A0       43       A0       1
                bssBANK0                             20       20       3C       20       1
                bitbssCOMMON                        3E0       7C        2       70       1     8
                nvBANK0                              62       62        1       20       1
                stringtext                          400      400       66        8       0
                idataBANK2                          3A5      3A5       20        8       0

TOTAL           Name                               Link     Load   Length     Space
        CLASS   STACK          

        CLASS   CONST          

        CLASS   CODE           
                end_init                             16       16        2         0
                cinit                                18       18       20         0
                intentry                              4        4       12         0
                reset_vec                             0        0        2         0
                text62                              3E5      3E5       1A         0
                text60                              E1E      E1E        3         0
                text59                              F65      F65       17         0
                text58                              EFE      EFE       14         0
                text57                              E59      E59        9         0
                text56                              7A3      7A3       29         0
                text55                              E6B      E6B        A         0
                text54                              272      272       A3         0
                text53                              E95      E95        C         0
                text52                              523      523       58         0
                text51                              E21      E21        3         0
                text50                              691      691       35         0
                text49                              E2A      E2A        4         0
                text48                              F93      F93       18         0
                text47                              7F4      7F4        C         0
                text46                              E62      E62        9         0
                text45                              E75      E75        A         0
                text44                              E24      E24        3         0
                text43                              F12      F12       14         0
                text42                              F26      F26       15         0
                text41                              E2E      E2E        4         0
                text40                              FAB      FAB       18         0
                text39                              E32      E32        4         0
                text38                              E36      E36        4         0
                text37                              33D      33D       25         0
                text36                              E7F      E7F        B         0
                text35                              FE0      FE0       20         0
                text34                              FC3      FC3       1D         0
                text33                              315      315       28         0
                text32                              61A      61A       41         0
                text31                              E3A      E3A        4         0
                text30                              F3B      F3B       15         0
                text29                              F7C      F7C       17         0
                text28                              3C5      3C5       20         0
                text27                              4C8      4C8       5B         0
                text26                              466      466       62         0
                text25                              EAF      EAF        F         0
                text24                              65B      65B       36         0
                text23                              F50      F50       15         0
                text22                              E8A      E8A        B         0
                text21                               38       38       DC         0
                text20                              5CE      5CE       4C         0
                text19                              ECD      ECD       10         0
                text18                              EDD      EDD       10         0
                text17                              7CC      7CC       28         0
                text16                              E47      E47        6         0
                text15                              114      114       B8         0
                text14                              1CC      1CC       A6         0
                text13                              E27      E27        3         0
                text12                              EBE      EBE        F         0
                text11                              E42      E42        5         0
                text10                              57B      57B       53         0
                text9                               EED      EED       11         0
                text8                               EA1      EA1        E         0
                text7                               362      362       22         0
                text6                               723      723       2C         0
                text5                               E3E      E3E        4         0
                text4                               6F5      6F5       2E         0
                text3                               74F      74F       2B         0
                text2                               384      384       21         0
                text1                               6C6      6C6       2F         0
                maintext                            77A      77A       29         0
                inittext                            E4D      E4D        6         0
                clrtext                             E53      E53        6         0
                idataBANK2                          3A5      3A5       20         0

        CLASS   STRCODE        
                stringtext                          400      400       66         0

        CLASS   ENTRY          

        CLASS   STRING         

        CLASS   COMMON         
                cstackCOMMON                         70       70        C         1
                bitbssCOMMON                        3E0       7C        2         1

        CLASS   BANK0          
                cstackBANK0                          5C       5C        6         1
                bssBANK0                             20       20       3C         1
                nvBANK0                              62       62        1         1

        CLASS   BANK1          
                bssBANK1                             A0       A0       43         1

        CLASS   BANK2          
                dataBANK2                           120      120       20         1

        CLASS   BANK3          

        CLASS   BANK4          

        CLASS   BANK5          

        CLASS   BANK6          

        CLASS   BIGRAM         

        CLASS   RAM            

        CLASS   ABS1           
                abs_s1                               7E       7E        2         1

        CLASS   SFR0           

        CLASS   SFR1           

        CLASS   SFR2           

        CLASS   SFR3           

        CLASS   SFR4           

        CLASS   SFR5           

        CLASS   SFR6           

        CLASS   SFR7           

        CLASS   SFR8           

        CLASS   SFR9           

        CLASS   SFR10          

        CLASS   SFR11          

        CLASS   SFR12          

        CLASS   SFR13          

        CLASS   SFR14          

        CLASS   SFR15          

        CLASS   SFR16          

        CLASS   SFR17          

        CLASS   SFR18          

        CLASS   SFR19          

        CLASS   SFR20          

        CLASS   SFR21          

        CLASS   SFR22          

        CLASS   SFR23          

        CLASS   SFR24          

        CLASS   SFR25          

        CLASS   SFR26          

        CLASS   SFR27          

        CLASS   SFR28          

        CLASS   SFR29          

        CLASS   SFR30          

        CLASS   SFR31          

        CLASS   CONFIG         
                config                             8007     8007        2         0

        CLASS   IDLOC          

        CLASS   BANK31         

        CLASS   BANK30         

        CLASS   BANK29         

        CLASS   BANK28         

        CLASS   BANK27         

        CLASS   BANK26         

        CLASS   BANK25         

        CLASS   BANK24         

        CLASS   BANK23         

        CLASS   BANK22         

        CLASS   BANK21         

        CLASS   BANK20         

        CLASS   BANK19         

        CLASS   BANK18         

        CLASS   BANK17         

        CLASS   BANK16         

        CLASS   BANK15         

        CLASS   BANK14         

        CLASS   BANK13         

        CLASS   BANK12         

        CLASS   BANK11         

        CLASS   BANK10         

        CLASS   BANK9          

        CLASS   BANK8          

        CLASS   BANK7          

        CLASS   EEDATA         



SEGMENTS        Name                           Load    Length   Top    Selector   Space  Class     Delta

                reset_vec                      000000  000002  000002         0       0  CODE        2
                intentry                       000004  0003FB  0003FF         8       0  CODE        2
                bssBANK0                       000020  000043  000063        20       1  BANK0       1
                cstackCOMMON                   000070  00000D  00007D        70       1  COMMON      1
                bssBANK1                       0000A0  000043  0000E3        A0       1  BANK1       1
                dataBANK2                      000120  000020  000140       120       1  BANK2       1
                stringtext                     000400  000066  000466         8       0  STRCODE     2
                text26                         000466  00039A  000800       8CC       0  CODE        2
                text60                         000E1E  000003  000E21      1C3C       0  CODE        2
                text51                         000E21  000003  000E24      1C42       0  CODE        2
                text44                         000E24  000003  000E27      1C48       0  CODE        2
                text13                         000E27  000003  000E2A      1C4E       0  CODE        2
                text49                         000E2A  000004  000E2E      1C54       0  CODE        2
                text41                         000E2E  000004  000E32      1C5C       0  CODE        2
                text39                         000E32  000004  000E36      1C64       0  CODE        2
                text38                         000E36  000004  000E3A      1C6C       0  CODE        2
                text31                         000E3A  000004  000E3E      1C74       0  CODE        2
                text5                          000E3E  000004  000E42      1C7C       0  CODE        2
                text11                         000E42  000005  000E47      1C84       0  CODE        2
                text16                         000E47  000006  000E4D      1C8E       0  CODE        2
                inittext                       000E4D  000006  000E53      1C9A       0  CODE        2
                clrtext                        000E53  000006  000E59      1CA6       0  CODE        2
                text57                         000E59  000009  000E62      1CB2       0  CODE        2
                text46                         000E62  000009  000E6B      1CC4       0  CODE        2
                text55                         000E6B  00000A  000E75      1CD6       0  CODE        2
                text45                         000E75  00000A  000E7F      1CEA       0  CODE        2
                text36                         000E7F  00000B  000E8A      1CFE       0  CODE        2
                text22                         000E8A  00000B  000E95      1D14       0  CODE        2
                text53                         000E95  00000C  000EA1      1D2A       0  CODE        2
                text8                          000EA1  00000E  000EAF      1D42       0  CODE        2
                text25                         000EAF  00000F  000EBE      1D5E       0  CODE        2
                text12                         000EBE  00000F  000ECD      1D7C       0  CODE        2
                text19                         000ECD  000010  000EDD      1D9A       0  CODE        2
                text18                         000EDD  000010  000EED      1DBA       0  CODE        2
                text9                          000EED  000011  000EFE      1DDA       0  CODE        2
                text58                         000EFE  000014  000F12      1DFC       0  CODE        2
                text43                         000F12  000014  000F26      1E24       0  CODE        2
                text42                         000F26  000015  000F3B      1E4C       0  CODE        2
                text30                         000F3B  000015  000F50      1E76       0  CODE        2
                text23                         000F50  000015  000F65      1EA0       0  CODE        2
                text59                         000F65  000017  000F7C      1ECA       0  CODE        2
                text29                         000F7C  000017  000F93      1EF8       0  CODE        2
                text48                         000F93  000018  000FAB      1F26       0  CODE        2
                text40                         000FAB  000018  000FC3      1F56       0  CODE        2
                text34                         000FC3  00001D  000FE0      1F86       0  CODE        2
                text35                         000FE0  000020  001000      1FC0       0  CODE        2
                config                         008007  000002  008009     1000E       0  CONFIG      2


UNUSED ADDRESS RANGES

        Name                Unused          Largest block    Delta
        BANK0            00063-0006F               D           1
        BANK1            000E3-000EF               D           1
        BANK2            00140-0016F              30           1
        BANK3            001A0-001EF              50           1
        BANK4            00220-0026F              50           1
        BANK5            002A0-002EF              50           1
        BANK6            00320-0032F              10           1
        BIGRAM           02000-021EF             1F0           1
        CODE             00002-00003               2           2
                         003FF-003FF               1
                         00800-00E1D             61E
                         01000-01FFF             800
        COMMON           0007D-0007D               1           1
        CONST            00002-00003               2           2
                         003FF-003FF               1
                         00800-00E1D             100
                         01000-01FFF             100
        ENTRY            00002-00003               2           2
                         003FF-003FF               1
                         00800-00E1D             100
                         01000-01FFF             100
        IDLOC            08000-08003               4           2
        RAM              00063-0006F               D           1
                         000E3-000EF               D
                         00140-0016F              30
                         001A0-001EF              50
                         00220-0026F              50
                         002A0-002EF              50
                         00320-0032F              10
        SFR0             00000-0001F              20           1
        SFR1             00080-0009F              20           1
        SFR10            00500-0056F              70           1
        SFR11            00580-005EF              70           1
        SFR12            00600-0066F              70           1
        SFR13            00680-006EF              70           1
        SFR14            00700-0076F              70           1
        SFR15            00780-007EF              70           1
        SFR16            00800-0086F              70           1
        SFR17            00880-008EF              70           1
        SFR18            00900-0096F              70           1
        SFR19            00980-009EF              70           1
        SFR2             00100-0011F              20           1
        SFR20            00A00-00A6F              70           1
        SFR21            00A80-00AEF              70           1
        SFR22            00B00-00B6F              70           1
        SFR23            00B80-00BEF              70           1
        SFR24            00C00-00C6F              70           1
        SFR25            00C80-00CEF              70           1
        SFR26            00D00-00D6F              70           1
        SFR27            00D80-00DEF              70           1
        SFR28            00E00-00E6F              70           1
        SFR29            00E80-00EEF              70           1
        SFR3             00180-0019F              20           1
        SFR30            00F00-00F6F              70           1
        SFR31            00F80-00FEF              70           1
        SFR4             00200-0021F              20           1
        SFR5             00280-0029F              20           1
        SFR6             00300-0031F              20           1
        SFR7             00380-003EF              70           1
        SFR8             00400-0046F              70           1
        SFR9             00480-004EF              70           1
        STACK            020C0-021EF             130           1
        STRCODE          00002-00003               2           2
                         003FF-003FF               1
                         00800-00E1D             61E
                         01000-01FFF            1000
        STRING           00002-00003               2           2
                         003FF-003FF               1
                         00800-00E1D             100
                         01000-01FFF             100

                                  Symbol Table

?___awdiv                             cstackCOMMON 00071
?___lwdiv                             cstackCOMMON 00071
CC2500_InitPATable@loop_d             cstackCOMMON 00078
CC2500_InitPATable@temp               cstackCOMMON 00077
CC2500_InitSetREG@loop_c              cstackCOMMON 00079
CC2500_InitSetREG@temp1               cstackCOMMON 00077
CC2500_InitSetREG@temp2               cstackCOMMON 00078
CC2500_ReadByte@loop_b                cstackCOMMON 00072
CC2500_ReadStatus@status_addr         cstackCOMMON 00074
CC2500_RxData@loop_f                  cstackCOMMON 00076
CC2500_TxData@loop_e                  cstackCOMMON 00076
CC2500_WriteByte@loop_a               cstackCOMMON 00072
CC2500_WriteCommand@command           cstackCOMMON 00074
CC2500_WriteREG@value                 cstackCOMMON 00073
CC2500_WriteREG@w_addr                cstackCOMMON 00075
DelayTime_1us@count                   cstackCOMMON 00071
DelayTime_1us@i                       cstackCOMMON 00073
DelayTime_1us@j                       cstackCOMMON 00075
Exception_Main@count                  cstackCOMMON 00074
Exception_Main@error                  cstackCOMMON 00076
Exception_Main@lights                 cstackCOMMON 00073
Exception_Main@status                 cstackCOMMON 00075
Flash_Memory_Initialization@value     cstackCOMMON 00076
Flash_Memory_Main@key_Status          cstackCOMMON 00077
Flash_Memory_Modify@i                 cstackCOMMON 00076
Flash_Memory_Read@address             cstackCOMMON 00073
Flash_Memory_Read@i                   cstackCOMMON 00072
Flash_Memory_Read@ret                 cstackCOMMON 00074
Flash_Memory_Write@i                  cstackCOMMON 00072
_ANSELA                               (abs)        0018C
_ANSELB                               (abs)        0018D
_ANSELC                               (abs)        0018E
_CC2500_ClearRXFIFO                   text39       00E32
_CC2500_ClearTXFIFO                   text38       00E36
_CC2500_FrequencyCabr                 text36       00E7F
_CC2500_InitPATable                   text34       00FC3
_CC2500_InitSetREG                    text33       00315
_CC2500_PowerOnInitial                text30       00F3B
_CC2500_PowerRST                      text32       0061A
_CC2500_ReadByte                      text29       00F7C
_CC2500_ReadStatus                    text28       003C5
_CC2500_RxData                        text27       004C8
_CC2500_SIDLEMode                     text31       00E3A
_CC2500_TxData                        text26       00466
_CC2500_WriteByte                     text43       00F12
_CC2500_WriteCommand                  text40       00FAB
_CC2500_WriteREG                      text35       00FE0
_CC2500_patable_vaule                 stringtext   0045E
_CC2500_registers_address             stringtext   00400
_CC2500_rfSettings                    stringtext   0042F
_CFGS                                 (abs)        00CAE
_CRC                                  bssBANK0     00051
_Cmd                                  bssBANK0     00052
_DelayTime_1us                        text37       0033D
_Exception_Main                       text59       00F65
_FREE                                 (abs)        00CAC
_Flash_Memory_Erasing                 text53       00E95
_Flash_Memory_Initialization          text54       00272
_Flash_Memory_Main                    text50       00691
_Flash_Memory_Main$1339               cstackCOMMON 00078
_Flash_Memory_Modify                  text52       00523
_Flash_Memory_Read                    text58       00EFE
_Flash_Memory_Unlock                  text57       00E59
_Flash_Memory_Write                   text56       007A3
_Fosc_Set                             text49       00E2A
_GIE                                  (abs)        0005F
_IO_Set                               text48       00F93
_ISR                                  intentry     00004
_LATA                                 (abs)        0010C
_LATB                                 (abs)        0010D
_LATC                                 (abs)        0010E
_LWLO                                 (abs)        00CAD
_Light                                bssBANK0     00053
_Mcu_Initialization                   text46       00E62
_Memory                               bssBANK1     000BE
_OSCCON                               (abs)        00099
_PEIE                                 (abs)        0005E
_PMADRH                               (abs)        00192
_PMADRL                               (abs)        00191
_PMCON2                               (abs)        00196
_PMDATH                               (abs)        00194
_PMDATL                               (abs)        00193
_PORTA                                (abs)        0000C
_PORTB                                (abs)        0000D
_PORTC                                (abs)        0000E
_RA0                                  (abs)        00060
_RA1                                  (abs)        00061
_RA2                                  (abs)        00062
_RB0                                  (abs)        00068
_RC0                                  (abs)        00070
_RC1                                  (abs)        00071
_RC3                                  (abs)        00073
_RC4                                  (abs)        00074
_RC5                                  (abs)        00075
_RD                                   (abs)        00CA8
_RF1                                  bssBANK0     00030
_RF_Count                             bssBANK0     0004F
_RF_Data                              bssBANK1     000A0
_RF_Initialization                    text44       00E24
_RF_Main                              text13       00E27
_RF_RxDisable                         text25       00EAF
_RF_Timeout_Counter                   text42       00F26
_RSSI                                 bssBANK0     00054
_Receive_OK                           bitbssCOMMON 003E0
_Rx_Length                            bssBANK0     00055
_SPI0Buffer                           bssBANK0     00056
_SwDetect                             bssBANK0     00057
_T1CON                                (abs)        00018
_TMR1H                                (abs)        00017
_TMR1IE                               (abs)        00488
_TMR1IF                               (abs)        00088
_TMR1L                                (abs)        00016
_TMR1_ISR                             text62       003E5
_TMR1_Set                             text47       007F4
_TRISA                                (abs)        0008C
_TRISB                                (abs)        0008D
_TRISC                                (abs)        0008E
_Timer1                               bssBANK0     0004C
_Transceive_OK                        bitbssCOMMON 003E1
_Tx_Length                            bssBANK0     00058
_WPUB                                 (abs)        0020D
_WR                                   (abs)        00CA9
_WREN                                 (abs)        00CAA
__CFG_BOREN$OFF                       (abs)        00000
__CFG_CP$ON                           (abs)        00000
__CFG_FOSC$INTOSC                     (abs)        00000
__CFG_VCAPEN$OFF                      (abs)        00000
__CFG_WDTE$OFF                        (abs)        00000
__CFG_WRT$BOOT                        (abs)        00000
__Habs1                               abs1         00000
__Hbank0                              bank0        00000
__Hbank1                              bank1        00000
__Hbank10                             bank10       00000
__Hbank11                             bank11       00000
__Hbank12                             bank12       00000
__Hbank13                             bank13       00000
__Hbank14                             bank14       00000
__Hbank15                             bank15       00000
__Hbank16                             bank16       00000
__Hbank17                             bank17       00000
__Hbank18                             bank18       00000
__Hbank19                             bank19       00000
__Hbank2                              bank2        00000
__Hbank20                             bank20       00000
__Hbank21                             bank21       00000
__Hbank22                             bank22       00000
__Hbank23                             bank23       00000
__Hbank24                             bank24       00000
__Hbank25                             bank25       00000
__Hbank26                             bank26       00000
__Hbank27                             bank27       00000
__Hbank28                             bank28       00000
__Hbank29                             bank29       00000
__Hbank3                              bank3        00000
__Hbank30                             bank30       00000
__Hbank31                             bank31       00000
__Hbank4                              bank4        00000
__Hbank5                              bank5        00000
__Hbank6                              bank6        00000
__Hbank7                              bank7        00000
__Hbank8                              bank8        00000
__Hbank9                              bank9        00000
__Hbigram                             bigram       00000
__HbitbssCOMMON                       bitbssCOMMON 00000
__HbssBANK0                           bssBANK0     00000
__HbssBANK1                           bssBANK1     00000
__Hcinit                              cinit        00038
__Hclrtext                            clrtext      00000
__Hcode                               code         00000
__Hcommon                             common       00000
__Hconfig                             config       08009
__HcstackBANK0                        cstackBANK0  00000
__HcstackCOMMON                       cstackCOMMON 00000
__HdataBANK2                          dataBANK2    00000
__Heeprom_data                        eeprom_data  00000
__Hend_init                           end_init     00018
__Hfunctab                            functab      00000
__HidataBANK2                         idataBANK2   00000
__Hidloc                              idloc        00000
__Hinit                               init         00016
__Hinittext                           inittext     00000
__Hintentry                           intentry     00016
__Hmaintext                           maintext     00000
__HnvBANK0                            nvBANK0      00000
__Hpowerup                            powerup      00000
__Hram                                ram          00000
__Hreset_vec                          reset_vec    00002
__Hsfr0                               sfr0         00000
__Hsfr1                               sfr1         00000
__Hsfr10                              sfr10        00000
__Hsfr11                              sfr11        00000
__Hsfr12                              sfr12        00000
__Hsfr13                              sfr13        00000
__Hsfr14                              sfr14        00000
__Hsfr15                              sfr15        00000
__Hsfr16                              sfr16        00000
__Hsfr17                              sfr17        00000
__Hsfr18                              sfr18        00000
__Hsfr19                              sfr19        00000
__Hsfr2                               sfr2         00000
__Hsfr20                              sfr20        00000
__Hsfr21                              sfr21        00000
__Hsfr22                              sfr22        00000
__Hsfr23                              sfr23        00000
__Hsfr24                              sfr24        00000
__Hsfr25                              sfr25        00000
__Hsfr26                              sfr26        00000
__Hsfr27                              sfr27        00000
__Hsfr28                              sfr28        00000
__Hsfr29                              sfr29        00000
__Hsfr3                               sfr3         00000
__Hsfr30                              sfr30        00000
__Hsfr31                              sfr31        00000
__Hsfr4                               sfr4         00000
__Hsfr5                               sfr5         00000
__Hsfr6                               sfr6         00000
__Hsfr7                               sfr7         00000
__Hsfr8                               sfr8         00000
__Hsfr9                               sfr9         00000
__Hspace_0                            (abs)        08009
__Hspace_1                            (abs)        003E2
__Hspace_2                            (abs)        00000
__Hspace_3                            (abs)        00000
__Hstack                              stack        00000
__Hstrings                            strings      00000
__Hstringtext                         stringtext   00000
__Htext                               text         00000
__Labs1                               abs1         00000
__Lbank0                              bank0        00000
__Lbank1                              bank1        00000
__Lbank10                             bank10       00000
__Lbank11                             bank11       00000
__Lbank12                             bank12       00000
__Lbank13                             bank13       00000
__Lbank14                             bank14       00000
__Lbank15                             bank15       00000
__Lbank16                             bank16       00000
__Lbank17                             bank17       00000
__Lbank18                             bank18       00000
__Lbank19                             bank19       00000
__Lbank2                              bank2        00000
__Lbank20                             bank20       00000
__Lbank21                             bank21       00000
__Lbank22                             bank22       00000
__Lbank23                             bank23       00000
__Lbank24                             bank24       00000
__Lbank25                             bank25       00000
__Lbank26                             bank26       00000
__Lbank27                             bank27       00000
__Lbank28                             bank28       00000
__Lbank29                             bank29       00000
__Lbank3                              bank3        00000
__Lbank30                             bank30       00000
__Lbank31                             bank31       00000
__Lbank4                              bank4        00000
__Lbank5                              bank5        00000
__Lbank6                              bank6        00000
__Lbank7                              bank7        00000
__Lbank8                              bank8        00000
__Lbank9                              bank9        00000
__Lbigram                             bigram       00000
__LbitbssCOMMON                       bitbssCOMMON 00000
__LbssBANK0                           bssBANK0     00000
__LbssBANK1                           bssBANK1     00000
__Lcinit                              cinit        00018
__Lclrtext                            clrtext      00000
__Lcode                               code         00000
__Lcommon                             common       00000
__Lconfig                             config       08007
__LcstackBANK0                        cstackBANK0  00000
__LcstackCOMMON                       cstackCOMMON 00000
__LdataBANK2                          dataBANK2    00000
__Leeprom_data                        eeprom_data  00000
__Lend_init                           end_init     00016
__Lfunctab                            functab      00000
__LidataBANK2                         idataBANK2   00000
__Lidloc                              idloc        00000
__Linit                               init         00016
__Linittext                           inittext     00000
__Lintentry                           intentry     00004
__Lmaintext                           maintext     00000
__LnvBANK0                            nvBANK0      00000
__Lpowerup                            powerup      00000
__Lram                                ram          00000
__Lreset_vec                          reset_vec    00000
__Lsfr0                               sfr0         00000
__Lsfr1                               sfr1         00000
__Lsfr10                              sfr10        00000
__Lsfr11                              sfr11        00000
__Lsfr12                              sfr12        00000
__Lsfr13                              sfr13        00000
__Lsfr14                              sfr14        00000
__Lsfr15                              sfr15        00000
__Lsfr16                              sfr16        00000
__Lsfr17                              sfr17        00000
__Lsfr18                              sfr18        00000
__Lsfr19                              sfr19        00000
__Lsfr2                               sfr2         00000
__Lsfr20                              sfr20        00000
__Lsfr21                              sfr21        00000
__Lsfr22                              sfr22        00000
__Lsfr23                              sfr23        00000
__Lsfr24                              sfr24        00000
__Lsfr25                              sfr25        00000
__Lsfr26                              sfr26        00000
__Lsfr27                              sfr27        00000
__Lsfr28                              sfr28        00000
__Lsfr29                              sfr29        00000
__Lsfr3                               sfr3         00000
__Lsfr30                              sfr30        00000
__Lsfr31                              sfr31        00000
__Lsfr4                               sfr4         00000
__Lsfr5                               sfr5         00000
__Lsfr6                               sfr6         00000
__Lsfr7                               sfr7         00000
__Lsfr8                               sfr8         00000
__Lsfr9                               sfr9         00000
__Lspace_0                            (abs)        00000
__Lspace_1                            (abs)        00000
__Lspace_2                            (abs)        00000
__Lspace_3                            (abs)        00000
__Lstack                              stack        00000
__Lstrings                            strings      00000
__Lstringtext                         stringtext   00000
__Ltext                               text         00000
__S0                                  (abs)        08009
__S1                                  (abs)        00140
__S2                                  (abs)        00000
___awdiv                              text10       0057B
___awdiv@counter                      cstackCOMMON 00076
___awdiv@dividend                     cstackCOMMON 00073
___awdiv@divisor                      cstackCOMMON 00071
___awdiv@quotient                     cstackCOMMON 00078
___awdiv@sign                         cstackCOMMON 00077
___int_sp                             stack        00000
___latbits                            (abs)        00002
___lwdiv                              text24       0065B
___lwdiv@counter                      cstackCOMMON 00078
___lwdiv@dividend                     cstackCOMMON 00073
___lwdiv@divisor                      cstackCOMMON 00071
___lwdiv@quotient                     cstackCOMMON 00076
___sp                                 stack        00000
__end_of_CC2500_ClearRXFIFO           text39       00E36
__end_of_CC2500_ClearTXFIFO           text38       00E3A
__end_of_CC2500_FrequencyCabr         text36       00E8A
__end_of_CC2500_InitPATable           text34       00FE0
__end_of_CC2500_InitSetREG            text33       0033D
__end_of_CC2500_PowerOnInitial        text30       00F50
__end_of_CC2500_PowerRST              text32       0065B
__end_of_CC2500_ReadByte              text29       00F93
__end_of_CC2500_ReadStatus            text28       003E5
__end_of_CC2500_RxData                text27       00523
__end_of_CC2500_SIDLEMode             text31       00E3E
__end_of_CC2500_TxData                text26       004C8
__end_of_CC2500_WriteByte             text43       00F26
__end_of_CC2500_WriteCommand          text40       00FC3
__end_of_CC2500_WriteREG              text35       01000
__end_of_CC2500_patable_vaule         stringtext   00466
__end_of_CC2500_registers_address     stringtext   0042F
__end_of_CC2500_rfSettings            stringtext   0045E
__end_of_DelayTime_1us                text37       00362
__end_of_Exception_Main               text59       00F7C
__end_of_Flash_Memory_Erasing         text53       00EA1
__end_of_Flash_Memory_Initialization  text54       00315
__end_of_Flash_Memory_Main            text50       006C6
__end_of_Flash_Memory_Modify          text52       0057B
__end_of_Flash_Memory_Read            text58       00F12
__end_of_Flash_Memory_Unlock          text57       00E62
__end_of_Flash_Memory_Write           text56       007CC
__end_of_Fosc_Set                     text49       00E2E
__end_of_IO_Set                       text48       00FAB
__end_of_ISR                          intentry     00016
__end_of_Mcu_Initialization           text46       00E6B
__end_of_RF_Initialization            text44       00E27
__end_of_RF_Main                      text13       00E2A
__end_of_RF_RxDisable                 text25       00EBE
__end_of_RF_Timeout_Counter           text42       00F3B
__end_of_TMR1_ISR                     text62       003FF
__end_of_TMR1_Set                     text47       00800
__end_of___awdiv                      text10       005CE
__end_of___lwdiv                      text24       00691
__end_of__initialization              cinit        00034
__end_of_getMain_All_Error_Status     text60       00E21
__end_of_getMain_All_LightsStatus     text51       00E24
__end_of_getRxData                    text15       001CC
__end_of_main                         maintext     007A3
__end_of_myMain_Initialization        text12       00ECD
__end_of_myUARTtoRF_Initialization    text11       00E47
__end_of_myUARTtoRF_Main              text2        003A5
__end_of_my_MainTimer                 text1        006F5
__end_of_setCmd_Status                text23       00F65
__end_of_setControl_Lights_Table      text20       0061A
__end_of_setLog_Code                  text17       007F4
__end_of_setMemory_Data               text55       00E75
__end_of_setMemory_LoopSave           text19       00EDD
__end_of_setMemory_Modify             text18       00EED
__end_of_setProductData               text22       00E95
__end_of_setRF_Initialization         text45       00E7F
__end_of_setRF_Learn                  text9        00EFE
__end_of_setRF_Main                   text14       00272
__end_of_setRF_TimeoutCleared         text41       00E32
__end_of_setTxData                    text21       00114
__end_of_uartC_Button                 text4        00723
__end_of_uartC_LED                    text3        0077A
__end_of_uartC_LED_close              text16       00E4D
__end_of_uartC_LED_start              text8        00EAF
__end_of_uartC_switch_control         text7        00384
__end_of_uartC_timer1                 text6        0074F
__end_of_uartC_timer1_reset           text5        00E42
__initialization                      cinit        00018
__pbitbssCOMMON                       bitbssCOMMON 003E0
__pbssBANK0                           bssBANK0     00020
__pbssBANK1                           bssBANK1     000A0
__pcstackBANK0                        cstackBANK0  0005C
__pcstackCOMMON                       cstackCOMMON 00070
__pdataBANK2                          dataBANK2    00120
__pidataBANK2                         idataBANK2   003A5
__pintentry                           intentry     00004
__pmaintext                           maintext     0077A
__pnvBANK0                            nvBANK0      00062
__product                             dataBANK2    00120
__pstringtext                         stringtext   00400
__ptext1                              text1        006C6
__ptext10                             text10       0057B
__ptext11                             text11       00E42
__ptext12                             text12       00EBE
__ptext13                             text13       00E27
__ptext14                             text14       001CC
__ptext15                             text15       00114
__ptext16                             text16       00E47
__ptext17                             text17       007CC
__ptext18                             text18       00EDD
__ptext19                             text19       00ECD
__ptext2                              text2        00384
__ptext20                             text20       005CE
__ptext21                             text21       00038
__ptext22                             text22       00E8A
__ptext23                             text23       00F50
__ptext24                             text24       0065B
__ptext25                             text25       00EAF
__ptext26                             text26       00466
__ptext27                             text27       004C8
__ptext28                             text28       003C5
__ptext29                             text29       00F7C
__ptext3                              text3        0074F
__ptext30                             text30       00F3B
__ptext31                             text31       00E3A
__ptext32                             text32       0061A
__ptext33                             text33       00315
__ptext34                             text34       00FC3
__ptext35                             text35       00FE0
__ptext36                             text36       00E7F
__ptext37                             text37       0033D
__ptext38                             text38       00E36
__ptext39                             text39       00E32
__ptext4                              text4        006F5
__ptext40                             text40       00FAB
__ptext41                             text41       00E2E
__ptext42                             text42       00F26
__ptext43                             text43       00F12
__ptext44                             text44       00E24
__ptext45                             text45       00E75
__ptext46                             text46       00E62
__ptext47                             text47       007F4
__ptext48                             text48       00F93
__ptext49                             text49       00E2A
__ptext5                              text5        00E3E
__ptext50                             text50       00691
__ptext51                             text51       00E21
__ptext52                             text52       00523
__ptext53                             text53       00E95
__ptext54                             text54       00272
__ptext55                             text55       00E6B
__ptext56                             text56       007A3
__ptext57                             text57       00E59
__ptext58                             text58       00EFE
__ptext59                             text59       00F65
__ptext6                              text6        00723
__ptext60                             text60       00E1E
__ptext62                             text62       003E5
__ptext7                              text7        00362
__ptext8                              text8        00EA1
__ptext9                              text9        00EED
__size_of_CC2500_ClearRXFIFO          (abs)        00000
__size_of_CC2500_ClearTXFIFO          (abs)        00000
__size_of_CC2500_FrequencyCabr        (abs)        00000
__size_of_CC2500_InitPATable          (abs)        00000
__size_of_CC2500_InitSetREG           (abs)        00000
__size_of_CC2500_PowerOnInitial       (abs)        00000
__size_of_CC2500_PowerRST             (abs)        00000
__size_of_CC2500_ReadByte             (abs)        00000
__size_of_CC2500_ReadStatus           (abs)        00000
__size_of_CC2500_RxData               (abs)        00000
__size_of_CC2500_SIDLEMode            (abs)        00000
__size_of_CC2500_TxData               (abs)        00000
__size_of_CC2500_WriteByte            (abs)        00000
__size_of_CC2500_WriteCommand         (abs)        00000
__size_of_CC2500_WriteREG             (abs)        00000
__size_of_DelayTime_1us               (abs)        00000
__size_of_Exception_Main              (abs)        00000
__size_of_Flash_Memory_Erasing        (abs)        00000
__size_of_Flash_Memory_Initialization (abs)        00000
__size_of_Flash_Memory_Main           (abs)        00000
__size_of_Flash_Memory_Modify         (abs)        00000
__size_of_Flash_Memory_Read           (abs)        00000
__size_of_Flash_Memory_Unlock         (abs)        00000
__size_of_Flash_Memory_Write          (abs)        00000
__size_of_Fosc_Set                    (abs)        00000
__size_of_IO_Set                      (abs)        00000
__size_of_ISR                         (abs)        00000
__size_of_Mcu_Initialization          (abs)        00000
__size_of_RF_Initialization           (abs)        00000
__size_of_RF_Main                     (abs)        00000
__size_of_RF_RxDisable                (abs)        00000
__size_of_RF_Timeout_Counter          (abs)        00000
__size_of_TMR1_ISR                    (abs)        00000
__size_of_TMR1_Set                    (abs)        00000
__size_of___awdiv                     (abs)        00000
__size_of___lwdiv                     (abs)        00000
__size_of_getMain_All_Error_Status    (abs)        00000
__size_of_getMain_All_LightsStatus    (abs)        00000
__size_of_getRxData                   (abs)        00000
__size_of_main                        (abs)        00000
__size_of_myMain_Initialization       (abs)        00000
__size_of_myUARTtoRF_Initialization   (abs)        00000
__size_of_myUARTtoRF_Main             (abs)        00000
__size_of_my_MainTimer                (abs)        00000
__size_of_setCmd_Status               (abs)        00000
__size_of_setControl_Lights_Table     (abs)        00000
__size_of_setLog_Code                 (abs)        00000
__size_of_setMemory_Data              (abs)        00000
__size_of_setMemory_LoopSave          (abs)        00000
__size_of_setMemory_Modify            (abs)        00000
__size_of_setProductData              (abs)        00000
__size_of_setRF_Initialization        (abs)        00000
__size_of_setRF_Learn                 (abs)        00000
__size_of_setRF_Main                  (abs)        00000
__size_of_setRF_TimeoutCleared        (abs)        00000
__size_of_setTxData                   (abs)        00000
__size_of_uartC_Button                (abs)        00000
__size_of_uartC_LED                   (abs)        00000
__size_of_uartC_LED_close             (abs)        00000
__size_of_uartC_LED_start             (abs)        00000
__size_of_uartC_switch_control        (abs)        00000
__size_of_uartC_timer1                (abs)        00000
__size_of_uartC_timer1_reset          (abs)        00000
_getMain_All_Error_Status             text60       00E1E
_getMain_All_LightsStatus             text51       00E21
_getRxData                            text15       00114
_main                                 maintext     0077A
_myMain                               bssBANK0     0003F
_myMain_Initialization                text12       00EBE
_myUARTtoRF_Initialization            text11       00E42
_myUARTtoRF_Main                      text2        00384
_my_MainTimer                         text1        006C6
_product                              nvBANK0      00062
_r_address                            bssBANK0     00059
_r_data                               bssBANK0     0005A
_s_data                               bssBANK0     0005B
_setCmd_Status                        text23       00F50
_setControl_Lights_Table              text20       005CE
_setLog_Code                          text17       007CC
_setMemory_Data                       text55       00E6B
_setMemory_LoopSave                   text19       00ECD
_setMemory_Modify                     text18       00EDD
_setProductData                       text22       00E8A
_setRF_Initialization                 text45       00E75
_setRF_Learn                          text9        00EED
_setRF_Main                           text14       001CC
_setRF_TimeoutCleared                 text41       00E2E
_setTxData                            text21       00038
_u1                                   bssBANK0     00020
_uartC_Button                         text4        006F5
_uartC_LED                            text3        0074F
_uartC_LED_close                      text16       00E47
_uartC_LED_start                      text8        00EA1
_uartC_switch_control                 text7        00362
_uartC_timer1                         text6        00723
_uartC_timer1_reset                   text5        00E3E
btemp                                 (abs)        0007E
clear_ram0                            clrtext      00E53
end_of_initialization                 cinit        00034
getMain_All_Error_Status@status       cstackCOMMON 00071
getMain_All_LightsStatus@status       cstackCOMMON 00071
getRxData@error                       cstackCOMMON 00076
init_ram                              inittext     00E4D
intlevel0                             functab      00000
intlevel1                             functab      00000
intlevel2                             functab      00000
intlevel3                             functab      00000
intlevel4                             functab      00000
intlevel5                             functab      00000
ltemp                                 (abs)        0007E
ltemp0                                (abs)        0007E
ltemp1                                (abs)        00082
ltemp2                                (abs)        00086
ltemp3                                (abs)        00080
pic14e$flags                          (abs)        0007E
reset_vec                             reset_vec    00000
setCmd_Status@cmd                     cstackCOMMON 00071
setCmd_Status@number                  cstackCOMMON 00073
setMemory_Data@address                cstackCOMMON 00073
setMemory_Data@data                   cstackCOMMON 00071
setMemory_LoopSave@command            cstackCOMMON 00072
setMemory_Modify@command              cstackCOMMON 00072
setProductData@address                cstackCOMMON 00073
setProductData@value                  cstackCOMMON 00071
setRF_Learn@command                   cstackCOMMON 00072
setRF_Main@error                      cstackCOMMON 0007A
setTxData@value                       cstackCOMMON 00072
stackhi                               (abs)        021EF
stacklo                               (abs)        020C0
start                                 init         00016
start_initialization                  cinit        00018
ttemp                                 (abs)        0007E
ttemp0                                (abs)        0007E
ttemp1                                (abs)        00081
ttemp2                                (abs)        00084
ttemp3                                (abs)        00087
ttemp4                                (abs)        0007F
uartC_LED_start@time_ms               cstackCOMMON 00073
uartC_timer1@time_ms                  cstackCOMMON 0007A
wtemp                                 (abs)        0007E
wtemp0                                (abs)        0007E
wtemp1                                (abs)        00080
wtemp2                                (abs)        00082
wtemp3                                (abs)        00084
wtemp4                                (abs)        00086
wtemp5                                (abs)        00088
wtemp6                                (abs)        0007F


FUNCTION INFORMATION:

 *************** function _main *****************
 Defined at:
		line 7 in file "../src/Main_B1.c"
 Parameters:    Size  Location     Type
  argc            2    2[BANK0 ] int 
  argv            2    4[BANK0 ] PTR PTR unsigned char 
 Auto vars:     Size  Location     Type
		None
 Return value:  Size  Location     Type
                  2    2[BANK0 ] int 
 Registers used:
		wreg, fsr0l, fsr0h, fsr1l, fsr1h, status,2, status,0, pclath, cstack
 Tracked objects:
		On entry : 
		On exit  : 
		Unchanged: 
 Data sizes:     COMMON   BANK0   BANK1   BANK2   BANK3   BANK4   BANK5   BANK6
      Params:         0       4       0       0       0       0       0       0
      Locals:         0       0       0       0       0       0       0       0
      Temps:          0       0       0       0       0       0       0       0
      Totals:         0       4       0       0       0       0       0       0
Total ram usage:        4 bytes
 Hardware stack levels required when called:    8
 This function calls:
		_CC2500_PowerOnInitial
		_Exception_Main
		_Flash_Memory_Initialization
		_Flash_Memory_Main
		_Mcu_Initialization
		_RF_Initialization
		_RF_Main
		_myMain_Initialization
		_myUARTtoRF_Initialization
		_myUARTtoRF_Main
		_my_MainTimer
 This function is called by:
		Startup code after reset
 This function uses a non-reentrant model


 *************** function _my_MainTimer *****************
 Defined at:
		line 185 in file "../src/Main_B1.c"
 Parameters:    Size  Location     Type
		None
 Auto vars:     Size  Location     Type
		None
 Return value:  Size  Location     Type
		None               void
 Registers used:
		wreg, fsr1l, fsr1h, status,2, status,0
 Tracked objects:
		On entry : 
		On exit  : 
		Unchanged: 
 Data sizes:     COMMON   BANK0   BANK1   BANK2   BANK3   BANK4   BANK5   BANK6
      Params:         0       0       0       0       0       0       0       0
      Locals:         0       0       0       0       0       0       0       0
      Temps:          1       0       0       0       0       0       0       0
      Totals:         1       0       0       0       0       0       0       0
Total ram usage:        1 bytes
 Hardware stack levels used:    1
 Hardware stack levels required when called:    2
 This function calls:
		Nothing
 This function is called by:
		_main
 This function uses a non-reentrant model


 *************** function _myUARTtoRF_Main *****************
 Defined at:
		line 25 in file "../src/myUARTtoRF.c"
 Parameters:    Size  Location     Type
		None
 Auto vars:     Size  Location     Type
		None
 Return value:  Size  Location     Type
		None               void
 Registers used:
		wreg, fsr1l, fsr1h, status,2, status,0, pclath, cstack
 Tracked objects:
		On entry : 
		On exit  : 
		Unchanged: 
 Data sizes:     COMMON   BANK0   BANK1   BANK2   BANK3   BANK4   BANK5   BANK6
      Params:         0       0       0       0       0       0       0       0
      Locals:         0       0       0       0       0       0       0       0
      Temps:          0       1       0       0       0       0       0       0
      Totals:         0       1       0       0       0       0       0       0
Total ram usage:        1 bytes
 Hardware stack levels used:    1
 Hardware stack levels required when called:    6
 This function calls:
		_setRF_Learn
		_uartC_Button
		_uartC_LED
 This function is called by:
		_main
 This function uses a non-reentrant model


 *************** function _uartC_LED *****************
 Defined at:
		line 41 in file "../src/myUARTtoRF.c"
 Parameters:    Size  Location     Type
		None
 Auto vars:     Size  Location     Type
		None
 Return value:  Size  Location     Type
		None               void
 Registers used:
		wreg, status,2, status,0, pclath, cstack
 Tracked objects:
		On entry : 
		On exit  : 
		Unchanged: 
 Data sizes:     COMMON   BANK0   BANK1   BANK2   BANK3   BANK4   BANK5   BANK6
      Params:         0       0       0       0       0       0       0       0
      Locals:         0       0       0       0       0       0       0       0
      Temps:          0       0       0       0       0       0       0       0
      Totals:         0       0       0       0       0       0       0       0
Total ram usage:        0 bytes
 Hardware stack levels used:    1
 Hardware stack levels required when called:    3
 This function calls:
		___awdiv
 This function is called by:
		_myUARTtoRF_Main
 This function uses a non-reentrant model


 *************** function _uartC_Button *****************
 Defined at:
		line 75 in file "../src/myUARTtoRF.c"
 Parameters:    Size  Location     Type
		None
 Auto vars:     Size  Location     Type
		None
 Return value:  Size  Location     Type
		None               void
 Registers used:
		wreg, fsr1l, fsr1h, status,2, status,0, pclath, cstack
 Tracked objects:
		On entry : 
		On exit  : 
		Unchanged: 
 Data sizes:     COMMON   BANK0   BANK1   BANK2   BANK3   BANK4   BANK5   BANK6
      Params:         0       0       0       0       0       0       0       0
      Locals:         0       0       0       0       0       0       0       0
      Temps:          0       1       0       0       0       0       0       0
      Totals:         0       1       0       0       0       0       0       0
Total ram usage:        1 bytes
 Hardware stack levels used:    1
 Hardware stack levels required when called:    5
 This function calls:
		_uartC_timer1
		_uartC_timer1_reset
 This function is called by:
		_myUARTtoRF_Main
 This function uses a non-reentrant model


 *************** function _uartC_timer1_reset *****************
 Defined at:
		line 142 in file "../src/myUARTtoRF.c"
 Parameters:    Size  Location     Type
		None
 Auto vars:     Size  Location     Type
		None
 Return value:  Size  Location     Type
		None               void
 Registers used:
		status,2
 Tracked objects:
		On entry : 
		On exit  : 
		Unchanged: 
 Data sizes:     COMMON   BANK0   BANK1   BANK2   BANK3   BANK4   BANK5   BANK6
      Params:         0       0       0       0       0       0       0       0
      Locals:         0       0       0       0       0       0       0       0
      Temps:          0       0       0       0       0       0       0       0
      Totals:         0       0       0       0       0       0       0       0
Total ram usage:        0 bytes
 Hardware stack levels used:    1
 Hardware stack levels required when called:    2
 This function calls:
		Nothing
 This function is called by:
		_uartC_Button
 This function uses a non-reentrant model


 *************** function _uartC_timer1 *****************
 Defined at:
		line 116 in file "../src/myUARTtoRF.c"
 Parameters:    Size  Location     Type
  time_ms         2   10[COMMON] int 
 Auto vars:     Size  Location     Type
		None
 Return value:  Size  Location     Type
		None               void
 Registers used:
		wreg, fsr1l, fsr1h, status,2, status,0, pclath, cstack
 Tracked objects:
		On entry : 
		On exit  : 
		Unchanged: 
 Data sizes:     COMMON   BANK0   BANK1   BANK2   BANK3   BANK4   BANK5   BANK6
      Params:         2       0       0       0       0       0       0       0
      Locals:         0       0       0       0       0       0       0       0
      Temps:          0       0       0       0       0       0       0       0
      Totals:         2       0       0       0       0       0       0       0
Total ram usage:        2 bytes
 Hardware stack levels used:    1
 Hardware stack levels required when called:    4
 This function calls:
		___awdiv
		_uartC_switch_control
 This function is called by:
		_uartC_Button
 This function uses a non-reentrant model


 *************** function _uartC_switch_control *****************
 Defined at:
		line 98 in file "../src/myUARTtoRF.c"
 Parameters:    Size  Location     Type
		None
 Auto vars:     Size  Location     Type
		None
 Return value:  Size  Location     Type
		None               void
 Registers used:
		wreg, fsr1l, fsr1h, status,2, status,0, pclath, cstack
 Tracked objects:
		On entry : 
		On exit  : 
		Unchanged: 
 Data sizes:     COMMON   BANK0   BANK1   BANK2   BANK3   BANK4   BANK5   BANK6
      Params:         0       0       0       0       0       0       0       0
      Locals:         0       0       0       0       0       0       0       0
      Temps:          0       0       0       0       0       0       0       0
      Totals:         0       0       0       0       0       0       0       0
Total ram usage:        0 bytes
 Hardware stack levels used:    1
 Hardware stack levels required when called:    3
 This function calls:
		_setRF_Learn
		_setTxData
		_uartC_LED_close
		_uartC_LED_start
 This function is called by:
		_uartC_timer1
 This function uses a non-reentrant model


 *************** function _uartC_LED_start *****************
 Defined at:
		line 62 in file "../src/myUARTtoRF.c"
 Parameters:    Size  Location     Type
  time_ms         1    wreg     unsigned char 
 Auto vars:     Size  Location     Type
  time_ms         1    3[COMMON] unsigned char 
 Return value:  Size  Location     Type
		None               void
 Registers used:
		wreg, status,2
 Tracked objects:
		On entry : 
		On exit  : 
		Unchanged: 
 Data sizes:     COMMON   BANK0   BANK1   BANK2   BANK3   BANK4   BANK5   BANK6
      Params:         0       0       0       0       0       0       0       0
      Locals:         1       0       0       0       0       0       0       0
      Temps:          2       0       0       0       0       0       0       0
      Totals:         3       0       0       0       0       0       0       0
Total ram usage:        3 bytes
 Hardware stack levels used:    1
 Hardware stack levels required when called:    2
 This function calls:
		Nothing
 This function is called by:
		_uartC_switch_control
 This function uses a non-reentrant model


 *************** function _setRF_Learn *****************
 Defined at:
		line 33 in file "../src/RF_Control_B1.c"
 Parameters:    Size  Location     Type
  command         1    wreg     unsigned char 
 Auto vars:     Size  Location     Type
  command         1    2[COMMON] unsigned char 
 Return value:  Size  Location     Type
		None               void
 Registers used:
		wreg, status,2, status,0
 Tracked objects:
		On entry : 
		On exit  : 
		Unchanged: 
 Data sizes:     COMMON   BANK0   BANK1   BANK2   BANK3   BANK4   BANK5   BANK6
      Params:         0       0       0       0       0       0       0       0
      Locals:         1       0       0       0       0       0       0       0
      Temps:          1       0       0       0       0       0       0       0
      Totals:         2       0       0       0       0       0       0       0
Total ram usage:        2 bytes
 Hardware stack levels used:    1
 Hardware stack levels required when called:    2
 This function calls:
		Nothing
 This function is called by:
		_myUARTtoRF_Main
		_uartC_switch_control
 This function uses a non-reentrant model


 *************** function ___awdiv *****************
 Defined at:
		line 6 in file "C:\Program Files (x86)\Microchip\xc8\v1.32\sources\common\awdiv.c"
 Parameters:    Size  Location     Type
  divisor         2    1[COMMON] int 
  dividend        2    3[COMMON] int 
 Auto vars:     Size  Location     Type
  quotient        2    8[COMMON] int 
  sign            1    7[COMMON] unsigned char 
  counter         1    6[COMMON] unsigned char 
 Return value:  Size  Location     Type
                  2    1[COMMON] int 
 Registers used:
		wreg, status,2, status,0
 Tracked objects:
		On entry : 
		On exit  : 
		Unchanged: 
 Data sizes:     COMMON   BANK0   BANK1   BANK2   BANK3   BANK4   BANK5   BANK6
      Params:         4       0       0       0       0       0       0       0
      Locals:         4       0       0       0       0       0       0       0
      Temps:          1       0       0       0       0       0       0       0
      Totals:         9       0       0       0       0       0       0       0
Total ram usage:        9 bytes
 Hardware stack levels used:    1
 Hardware stack levels required when called:    2
 This function calls:
		Nothing
 This function is called by:
		_uartC_LED
		_uartC_timer1
 This function uses a non-reentrant model


 *************** function _myUARTtoRF_Initialization *****************
 Defined at:
		line 7 in file "../src/myUARTtoRF.c"
 Parameters:    Size  Location     Type
		None
 Auto vars:     Size  Location     Type
		None
 Return value:  Size  Location     Type
		None               void
 Registers used:
		None
 Tracked objects:
		On entry : 
		On exit  : 
		Unchanged: 
 Data sizes:     COMMON   BANK0   BANK1   BANK2   BANK3   BANK4   BANK5   BANK6
      Params:         0       0       0       0       0       0       0       0
      Locals:         0       0       0       0       0       0       0       0
      Temps:          0       0       0       0       0       0       0       0
      Totals:         0       0       0       0       0       0       0       0
Total ram usage:        0 bytes
 Hardware stack levels used:    1
 Hardware stack levels required when called:    2
 This function calls:
		Nothing
 This function is called by:
		_main
 This function uses a non-reentrant model


 *************** function _myMain_Initialization *****************
 Defined at:
		line 170 in file "../src/Main_B1.c"
 Parameters:    Size  Location     Type
		None
 Auto vars:     Size  Location     Type
		None
 Return value:  Size  Location     Type
		None               void
 Registers used:
		wreg, fsr1l, fsr1h
 Tracked objects:
		On entry : 
		On exit  : 
		Unchanged: 
 Data sizes:     COMMON   BANK0   BANK1   BANK2   BANK3   BANK4   BANK5   BANK6
      Params:         0       0       0       0       0       0       0       0
      Locals:         0       0       0       0       0       0       0       0
      Temps:          1       0       0       0       0       0       0       0
      Totals:         1       0       0       0       0       0       0       0
Total ram usage:        1 bytes
 Hardware stack levels used:    1
 Hardware stack levels required when called:    2
 This function calls:
		Nothing
 This function is called by:
		_main
 This function uses a non-reentrant model


 *************** function _RF_Main *****************
 Defined at:
		line 26 in file "../src/RF_Control_B1.c"
 Parameters:    Size  Location     Type
		None
 Auto vars:     Size  Location     Type
		None
 Return value:  Size  Location     Type
		None               void
 Registers used:
		wreg, fsr0l, fsr0h, fsr1l, fsr1h, status,2, status,0, pclath, cstack
 Tracked objects:
		On entry : 
		On exit  : 
		Unchanged: 
 Data sizes:     COMMON   BANK0   BANK1   BANK2   BANK3   BANK4   BANK5   BANK6
      Params:         0       0       0       0       0       0       0       0
      Locals:         0       0       0       0       0       0       0       0
      Temps:          0       0       0       0       0       0       0       0
      Totals:         0       0       0       0       0       0       0       0
Total ram usage:        0 bytes
 Hardware stack levels used:    1
 Hardware stack levels required when called:    7
 This function calls:
		_setRF_Main
 This function is called by:
		_main
 This function uses a non-reentrant model


 *************** function _setRF_Main *****************
 Defined at:
		line 53 in file "../src/RF_Control_B1.c"
 Parameters:    Size  Location     Type
		None
 Auto vars:     Size  Location     Type
  error           1   10[COMMON] unsigned char 
 Return value:  Size  Location     Type
		None               void
 Registers used:
		wreg, fsr0l, fsr0h, fsr1l, fsr1h, status,2, status,0, pclath, cstack
 Tracked objects:
		On entry : 
		On exit  : 
		Unchanged: 
 Data sizes:     COMMON   BANK0   BANK1   BANK2   BANK3   BANK4   BANK5   BANK6
      Params:         0       0       0       0       0       0       0       0
      Locals:         1       0       0       0       0       0       0       0
      Temps:          0       0       0       0       0       0       0       0
[...]
      Locals:         0       0       0       0       0       0       0       0
      Temps:          0       0       0       0       0       0       0       0
      Totals:         0       0       0       0       0       0       0       0
Total ram usage:        0 bytes
 Hardware stack levels used:    1
 Hardware stack levels required when called:    2
 This function calls:
		Nothing
 This function is called by:
		_Mcu_Initialization
 This function uses a non-reentrant model


 *************** function _Fosc_Set *****************
 Defined at:
		line 56 in file "../src/MCU_B1.c"
 Parameters:    Size  Location     Type
		None
 Auto vars:     Size  Location     Type
		None
 Return value:  Size  Location     Type
		None               void
 Registers used:
		wreg
 Tracked objects:
		On entry : 
		On exit  : 
		Unchanged: 
 Data sizes:     COMMON   BANK0   BANK1   BANK2   BANK3   BANK4   BANK5   BANK6
      Params:         0       0       0       0       0       0       0       0
      Locals:         0       0       0       0       0       0       0       0
      Temps:          0       0       0       0       0       0       0       0
      Totals:         0       0       0       0       0       0       0       0
Total ram usage:        0 bytes
 Hardware stack levels used:    1
 Hardware stack levels required when called:    2
 This function calls:
		Nothing
 This function is called by:
		_Mcu_Initialization
 This function uses a non-reentrant model


 *************** function _Flash_Memory_Main *****************
 Defined at:
		line 978 in file "../src/MCU_B1.c"
 Parameters:    Size  Location     Type
		None
 Auto vars:     Size  Location     Type
  key_Status      1    7[COMMON] unsigned char 
 Return value:  Size  Location     Type
		None               void
 Registers used:
		wreg, fsr1l, fsr1h, status,2, status,0, pclath, cstack
 Tracked objects:
		On entry : 
		On exit  : 
		Unchanged: 
 Data sizes:     COMMON   BANK0   BANK1   BANK2   BANK3   BANK4   BANK5   BANK6
      Params:         0       0       0       0       0       0       0       0
      Locals:         2       0       0       0       0       0       0       0
      Temps:          0       0       0       0       0       0       0       0
      Totals:         2       0       0       0       0       0       0       0
Total ram usage:        2 bytes
 Hardware stack levels used:    1
 Hardware stack levels required when called:    5
 This function calls:
		_Flash_Memory_Modify
		_getMain_All_LightsStatus
 This function is called by:
		_main
 This function uses a non-reentrant model


 *************** function _getMain_All_LightsStatus *****************
 Defined at:
		line 373 in file "../src/Main_B1.c"
 Parameters:    Size  Location     Type
		None
 Auto vars:     Size  Location     Type
  status          1    1[COMMON] unsigned char 
 Return value:  Size  Location     Type
                  1    wreg      unsigned char 
 Registers used:
		wreg, status,2
 Tracked objects:
		On entry : 
		On exit  : 
		Unchanged: 
 Data sizes:     COMMON   BANK0   BANK1   BANK2   BANK3   BANK4   BANK5   BANK6
      Params:         0       0       0       0       0       0       0       0
      Locals:         1       0       0       0       0       0       0       0
      Temps:          0       0       0       0       0       0       0       0
      Totals:         1       0       0       0       0       0       0       0
Total ram usage:        1 bytes
 Hardware stack levels used:    1
 Hardware stack levels required when called:    2
 This function calls:
		Nothing
 This function is called by:
		_Flash_Memory_Main
		_setControl_Lights_Table
 This function uses a non-reentrant model


 *************** function _Flash_Memory_Modify *****************
 Defined at:
		line 1055 in file "../src/MCU_B1.c"
 Parameters:    Size  Location     Type
		None
 Auto vars:     Size  Location     Type
  i               1    6[COMMON] unsigned char 
 Return value:  Size  Location     Type
		None               void
 Registers used:
		wreg, fsr1l, fsr1h, status,2, status,0, pclath, cstack
 Tracked objects:
		On entry : 
		On exit  : 
		Unchanged: 
 Data sizes:     COMMON   BANK0   BANK1   BANK2   BANK3   BANK4   BANK5   BANK6
      Params:         0       0       0       0       0       0       0       0
      Locals:         1       0       0       0       0       0       0       0
      Temps:          1       0       0       0       0       0       0       0
      Totals:         2       0       0       0       0       0       0       0
Total ram usage:        2 bytes
 Hardware stack levels used:    1
 Hardware stack levels required when called:    4
 This function calls:
		_Flash_Memory_Erasing
		_Flash_Memory_Read
		_Flash_Memory_Write
		_setMemory_Data
 This function is called by:
		_Flash_Memory_Main
 This function uses a non-reentrant model


 *************** function _Flash_Memory_Erasing *****************
 Defined at:
		line 1044 in file "../src/MCU_B1.c"
 Parameters:    Size  Location     Type
		None
 Auto vars:     Size  Location     Type
		None
 Return value:  Size  Location     Type
		None               void
 Registers used:
		wreg, status,2, status,0, pclath, cstack
 Tracked objects:
		On entry : 
		On exit  : 
		Unchanged: 
 Data sizes:     COMMON   BANK0   BANK1   BANK2   BANK3   BANK4   BANK5   BANK6
      Params:         0       0       0       0       0       0       0       0
      Locals:         0       0       0       0       0       0       0       0
      Temps:          0       0       0       0       0       0       0       0
      Totals:         0       0       0       0       0       0       0       0
Total ram usage:        0 bytes
 Hardware stack levels used:    1
 Hardware stack levels required when called:    3
 This function calls:
		_Flash_Memory_Unlock
 This function is called by:
		_Flash_Memory_Modify
 This function uses a non-reentrant model


 *************** function _Flash_Memory_Initialization *****************
 Defined at:
		line 932 in file "../src/MCU_B1.c"
 Parameters:    Size  Location     Type
		None
 Auto vars:     Size  Location     Type
  value           1    6[COMMON] unsigned char 
 Return value:  Size  Location     Type
		None               void
 Registers used:
		wreg, fsr1l, fsr1h, status,2, status,0, pclath, cstack
 Tracked objects:
		On entry : 
		On exit  : 
		Unchanged: 
 Data sizes:     COMMON   BANK0   BANK1   BANK2   BANK3   BANK4   BANK5   BANK6
      Params:         0       0       0       0       0       0       0       0
      Locals:         1       0       0       0       0       0       0       0
      Temps:          1       0       0       0       0       0       0       0
      Totals:         2       0       0       0       0       0       0       0
Total ram usage:        2 bytes
 Hardware stack levels used:    1
 Hardware stack levels required when called:    4
 This function calls:
		_Flash_Memory_Read
		_Flash_Memory_Write
		_setMemory_Data
 This function is called by:
		_main
 This function uses a non-reentrant model


 *************** function _setMemory_Data *****************
 Defined at:
		line 1097 in file "../src/MCU_B1.c"
 Parameters:    Size  Location     Type
  address         1    wreg     unsigned char 
  data            1    1[COMMON] unsigned char 
 Auto vars:     Size  Location     Type
  address         1    3[COMMON] unsigned char 
 Return value:  Size  Location     Type
		None               void
 Registers used:
		wreg, fsr1l, fsr1h, status,2, status,0
 Tracked objects:
		On entry : 
		On exit  : 
		Unchanged: 
 Data sizes:     COMMON   BANK0   BANK1   BANK2   BANK3   BANK4   BANK5   BANK6
      Params:         1       0       0       0       0       0       0       0
      Locals:         1       0       0       0       0       0       0       0
      Temps:          1       0       0       0       0       0       0       0
      Totals:         3       0       0       0       0       0       0       0
Total ram usage:        3 bytes
 Hardware stack levels used:    1
 Hardware stack levels required when called:    2
 This function calls:
		Nothing
 This function is called by:
		_Flash_Memory_Initialization
		_Flash_Memory_Modify
 This function uses a non-reentrant model


 *************** function _Flash_Memory_Write *****************
 Defined at:
		line 1025 in file "../src/MCU_B1.c"
 Parameters:    Size  Location     Type
		None
 Auto vars:     Size  Location     Type
  i               1    2[COMMON] unsigned char 
 Return value:  Size  Location     Type
		None               void
 Registers used:
		wreg, fsr1l, fsr1h, status,2, status,0, pclath, cstack
 Tracked objects:
		On entry : 
		On exit  : 
		Unchanged: 
 Data sizes:     COMMON   BANK0   BANK1   BANK2   BANK3   BANK4   BANK5   BANK6
      Params:         0       0       0       0       0       0       0       0
      Locals:         1       0       0       0       0       0       0       0
      Temps:          1       0       0       0       0       0       0       0
      Totals:         2       0       0       0       0       0       0       0
Total ram usage:        2 bytes
 Hardware stack levels used:    1
 Hardware stack levels required when called:    3
 This function calls:
		_Flash_Memory_Unlock
 This function is called by:
		_Flash_Memory_Initialization
		_Flash_Memory_Modify
 This function uses a non-reentrant model


 *************** function _Flash_Memory_Unlock *****************
 Defined at:
		line 1004 in file "../src/MCU_B1.c"
 Parameters:    Size  Location     Type
		None
 Auto vars:     Size  Location     Type
		None
 Return value:  Size  Location     Type
		None               void
 Registers used:
		wreg
 Tracked objects:
		On entry : 
		On exit  : 
		Unchanged: 
 Data sizes:     COMMON   BANK0   BANK1   BANK2   BANK3   BANK4   BANK5   BANK6
      Params:         0       0       0       0       0       0       0       0
      Locals:         0       0       0       0       0       0       0       0
      Temps:          0       0       0       0       0       0       0       0
      Totals:         0       0       0       0       0       0       0       0
Total ram usage:        0 bytes
 Hardware stack levels used:    1
 Hardware stack levels required when called:    2
 This function calls:
		Nothing
 This function is called by:
		_Flash_Memory_Write
		_Flash_Memory_Erasing
 This function uses a non-reentrant model


 *************** function _Flash_Memory_Read *****************
 Defined at:
		line 1013 in file "../src/MCU_B1.c"
 Parameters:    Size  Location     Type
  address         1    wreg     unsigned char 
 Auto vars:     Size  Location     Type
  address         1    3[COMMON] unsigned char 
  ret             1    4[COMMON] unsigned char 
  i               1    2[COMMON] unsigned char 
 Return value:  Size  Location     Type
                  1    wreg      unsigned char 
 Registers used:
		wreg, status,2
 Tracked objects:
		On entry : 
		On exit  : 
		Unchanged: 
 Data sizes:     COMMON   BANK0   BANK1   BANK2   BANK3   BANK4   BANK5   BANK6
      Params:         0       0       0       0       0       0       0       0
      Locals:         3       0       0       0       0       0       0       0
      Temps:          1       0       0       0       0       0       0       0
      Totals:         4       0       0       0       0       0       0       0
Total ram usage:        4 bytes
 Hardware stack levels used:    1
 Hardware stack levels required when called:    2
 This function calls:
		Nothing
 This function is called by:
		_Flash_Memory_Initialization
		_Flash_Memory_Modify
 This function uses a non-reentrant model


 *************** function _Exception_Main *****************
 Defined at:
		line 499 in file "../src/Main_B1.c"
 Parameters:    Size  Location     Type
		None
 Auto vars:     Size  Location     Type
  error           1    6[COMMON] unsigned char 
  status          1    5[COMMON] unsigned char 
  count           1    4[COMMON] unsigned char 
  lights          1    3[COMMON] unsigned char 
 Return value:  Size  Location     Type
		None               void
 Registers used:
		wreg, status,2, status,0, pclath, cstack
 Tracked objects:
		On entry : 
		On exit  : 
		Unchanged: 
 Data sizes:     COMMON   BANK0   BANK1   BANK2   BANK3   BANK4   BANK5   BANK6
      Params:         0       0       0       0       0       0       0       0
      Locals:         4       0       0       0       0       0       0       0
      Temps:          1       0       0       0       0       0       0       0
      Totals:         5       0       0       0       0       0       0       0
Total ram usage:        5 bytes
 Hardware stack levels used:    1
 Hardware stack levels required when called:    3
 This function calls:
		_getMain_All_Error_Status
 This function is called by:
		_main
 This function uses a non-reentrant model


 *************** function _getMain_All_Error_Status *****************
 Defined at:
		line 424 in file "../src/Main_B1.c"
 Parameters:    Size  Location     Type
  command         1    wreg     unsigned char 
 Auto vars:     Size  Location     Type
  command         1    0[COMMON] unsigned char 
  status          1    1[COMMON] unsigned char 
 Return value:  Size  Location     Type
                  1    wreg      unsigned char 
 Registers used:
		wreg, status,2
 Tracked objects:
		On entry : 
		On exit  : 
		Unchanged: 
 Data sizes:     COMMON   BANK0   BANK1   BANK2   BANK3   BANK4   BANK5   BANK6
      Params:         0       0       0       0       0       0       0       0
      Locals:         1       0       0       0       0       0       0       0
      Temps:          0       0       0       0       0       0       0       0
      Totals:         1       0       0       0       0       0       0       0
Total ram usage:        1 bytes
 Hardware stack levels used:    1
 Hardware stack levels required when called:    2
 This function calls:
		Nothing
 This function is called by:
		_Exception_Main
		_getRxData
 This function uses a non-reentrant model


 *************** function _ISR *****************
 Defined at:
		line 116 in file "../src/MCU_B1.c"
 Parameters:    Size  Location     Type
		None
 Auto vars:     Size  Location     Type
		None
 Return value:  Size  Location     Type
		None               void
 Registers used:
		wreg, fsr1l, fsr1h, status,2, status,0, pclath, cstack
 Tracked objects:
		On entry : 
		On exit  : 
		Unchanged: 
 Data sizes:     COMMON   BANK0   BANK1   BANK2   BANK3   BANK4   BANK5   BANK6
      Params:         0       0       0       0       0       0       0       0
      Locals:         0       0       0       0       0       0       0       0
      Temps:          1       0       0       0       0       0       0       0
      Totals:         1       0       0       0       0       0       0       0
Total ram usage:        1 bytes
 Hardware stack levels used:    1
 Hardware stack levels required when called:    1
 This function calls:
		_TMR1_ISR
 This function is called by:
		Interrupt level 1
 This function uses a non-reentrant model


 *************** function _TMR1_ISR *****************
 Defined at:
		line 236 in file "../src/MCU_B1.c"
 Parameters:    Size  Location     Type
		None
 Auto vars:     Size  Location     Type
		None
 Return value:  Size  Location     Type
		None               void
 Registers used:
		wreg, fsr1l, fsr1h, status,2, status,0
 Tracked objects:
		On entry : 
		On exit  : 
		Unchanged: 
 Data sizes:     COMMON   BANK0   BANK1   BANK2   BANK3   BANK4   BANK5   BANK6
      Params:         0       0       0       0       0       0       0       0
      Locals:         0       0       0       0       0       0       0       0
      Temps:          0       0       0       0       0       0       0       0
      Totals:         0       0       0       0       0       0       0       0
Total ram usage:        0 bytes
 Hardware stack levels used:    1
 This function calls:
		Nothing
 This function is called by:
		_ISR
 This function uses a non-reentrant model



MODULE INFORMATION

Module		Function		Class		Link	Load	Size
../src/myUARTtoRF.c
		_uartC_timer1_r		CODE           	0E3E	0000	4
		_myUARTtoRF_Ini		CODE           	0E42	0000	5
		_uartC_LED_clos		CODE           	0E47	0000	6
		_uartC_timer1  		CODE           	0723	0000	44
		_uartC_LED_star		CODE           	0EA1	0000	14
		_myUARTtoRF_Mai		CODE           	0384	0000	33
		_uartC_switch_c		CODE           	0362	0000	34
		_uartC_LED     		CODE           	074F	0000	43
		_uartC_Button  		CODE           	06F5	0000	46

../src/myUARTtoRF.c estimated size: 229

../src/MCU_B1.c
		_Fosc_Set      		CODE           	0E2A	0000	4
		_IO_Set        		CODE           	0F93	0000	24
		_ISR           		CODE           	0004	0000	18
		_Flash_Memory_W		CODE           	07A3	0000	41
		_Flash_Memory_M		CODE           	0523	0000	88
		_setMemory_Modi		CODE           	0EDD	0000	16
		_Mcu_Initializa		CODE           	0E62	0000	9
		_setMemory_Data		CODE           	0E6B	0000	10
		_Flash_Memory_I		CODE           	0272	0000	163
		_TMR1_Set      		CODE           	07F4	0000	12
		_setMemory_Loop		CODE           	0ECD	0000	16
		_Flash_Memory_U		CODE           	0E59	0000	9
		_Flash_Memory_R		CODE           	0EFE	0000	20
		_Flash_Memory_E		CODE           	0E95	0000	12
		_TMR1_ISR      		CODE           	03E5	0000	26
		_Flash_Memory_M		CODE           	0691	0000	53

../src/MCU_B1.c estimated size: 521

../src/CC2500_B1.c
		_DelayTime_1us 		CODE           	033D	0000	37
		_CC2500_Frequen		CODE           	0E7F	0000	11
		_CC2500_SIDLEMo		CODE           	0E3A	0000	4
		_CC2500_PowerOn		CODE           	0F3B	0000	21
		_CC2500_WriteBy		CODE           	0F12	0000	20
		_CC2500_RxData 		CODE           	04C8	0000	91
		_CC2500_TxData 		CODE           	0466	0000	98
		_CC2500_ClearRX		CODE           	0E32	0000	4
		_CC2500_ClearTX		CODE           	0E36	0000	4
		_CC2500_InitPAT		CODE           	0FC3	0000	29
		_CC2500_WriteRE		CODE           	0FE0	0000	32
		_CC2500_ReadSta		CODE           	03C5	0000	32
		_CC2500_PowerRS		CODE           	061A	0000	65
		_CC2500_ReadByt		CODE           	0F7C	0000	23
		_CC2500_InitSet		CODE           	0315	0000	40
		_CC2500_WriteCo		CODE           	0FAB	0000	24

../src/CC2500_B1.c estimated size: 535

C:\Program Files (x86)\Microchip\xc8\v1.32\sources\common\lwdiv.c
		___lwdiv       		CODE           	065B	0000	54

C:\Program Files (x86)\Microchip\xc8\v1.32\sources\common\lwdiv.c estimated size: 54

../src/RF_Control_B1.c
		_RF_Initializat		CODE           	0E24	0000	3
		_getRxData     		CODE           	0114	0000	184
		_setRF_Main    		CODE           	01CC	0000	166
		_setRF_Initiali		CODE           	0E75	0000	10
		_setTxData     		CODE           	0038	0000	220
		_setRF_TimeoutC		CODE           	0E2E	0000	4
		_RF_Timeout_Cou		CODE           	0F26	0000	21
		_setRF_Learn   		CODE           	0EED	0000	17
		_RF_Main       		CODE           	0E27	0000	3
		_setControl_Lig		CODE           	05CE	0000	76
		_setLog_Code   		CODE           	07CC	0000	40
		_RF_RxDisable  		CODE           	0EAF	0000	15

../src/RF_Control_B1.c estimated size: 759

C:\Program Files (x86)\Microchip\xc8\v1.32\sources\common\awdiv.c
		___awdiv       		CODE           	057B	0000	83

C:\Program Files (x86)\Microchip\xc8\v1.32\sources\common\awdiv.c estimated size: 83

../src/Main_B1.c
		_Exception_Main		CODE           	0F65	0000	23
		_my_MainTimer  		CODE           	06C6	0000	47
		_setProductData		CODE           	0E8A	0000	11
		_main          		CODE           	077A	0000	41
		_myMain_Initial		CODE           	0EBE	0000	15
		_getMain_All_Er		CODE           	0E1E	0000	3
		_getMain_All_Li		CODE           	0E21	0000	3
		_setCmd_Status 		CODE           	0F50	0000	21

../src/Main_B1.c estimated size: 164

shared
		_CC2500_patable		STRCODE        	045E	0000	8
		_CC2500_rfSetti		STRCODE        	042F	0000	47
		__initializatio		CODE           	0018	0000	28
		_CC2500_registe		STRCODE        	0400	0000	47

shared estimated size: 130

