Microchip MPLAB XC8 Compiler V1.32 ()

Linker command line:

--edf=C:\Program Files (x86)\Microchip\xc8\v1.32\dat\en_msgs.txt -cs \
  -h+dist/default/production\0-4.UARTtoRF.X.production.sym \
  --cmf=dist/default/production\0-4.UARTtoRF.X.production.cmf -z -Q16F1516 \
  -oC:\Users\taianluo\AppData\Local\Temp\s53s.6 \
  -Mdist/default/production/0-4.UARTtoRF.X.production.map -E1 -ver=XC8 \
  -ASTACK=0208Eh-021efh -pstack=STACK -ACONST=00h-0FFhx32 \
  -ACODE=00h-07FFhx4 -ASTRCODE=00h-01FFFh -AENTRY=00h-0FFhx32 \
  -ASTRING=00h-0FFhx32 -ACOMMON=070h-07Fh -ABANK0=020h-06Fh \
  -ABANK1=0A0h-0EFh -ABANK2=0120h-016Fh -ABANK3=01A0h-01EFh \
  -ABANK4=0220h-026Fh -ABANK5=02A0h-02EFh -ABANK6=0320h-032Fh \
  -ABIGRAM=02000h-021EFh \
  -ARAM=020h-06Fh,0A0h-0EFh,0120h-016Fh,01A0h-01EFh,0220h-026Fh,02A0h-02EFh,0320h-032Fh \
  -AABS1=020h-07Fh,0A0h-0EFh,0120h-016Fh,01A0h-01EFh,0220h-026Fh,02A0h-02EFh,0320h-032Fh \
  -ASFR0=00h-01Fh -ASFR1=080h-09Fh -ASFR2=0100h-011Fh -ASFR3=0180h-019Fh \
  -ASFR4=0200h-021Fh -ASFR5=0280h-029Fh -ASFR6=0300h-031Fh \
  -ASFR7=0380h-03EFh -ASFR8=0400h-046Fh -ASFR9=0480h-04EFh \
  -ASFR10=0500h-056Fh -ASFR11=0580h-05EFh -ASFR12=0600h-066Fh \
  -ASFR13=0680h-06EFh -ASFR14=0700h-076Fh -ASFR15=0780h-07EFh \
  -ASFR16=0800h-086Fh -ASFR17=0880h-08EFh -ASFR18=0900h-096Fh \
  -ASFR19=0980h-09EFh -ASFR20=0A00h-0A6Fh -ASFR21=0A80h-0AEFh \
  -ASFR22=0B00h-0B6Fh -ASFR23=0B80h-0BEFh -ASFR24=0C00h-0C6Fh \
  -ASFR25=0C80h-0CEFh -ASFR26=0D00h-0D6Fh -ASFR27=0D80h-0DEFh \
  -ASFR28=0E00h-0E6Fh -ASFR29=0E80h-0EEFh -ASFR30=0F00h-0F6Fh \
  -ASFR31=0F80h-0FEFh -preset_vec=00h,intentry=04h,init,end_init \
  -ppowerup=CODE -pcinit=CODE -pfunctab=CODE -ACONFIG=08007h-08008h \
  -pconfig=CONFIG -DCONFIG=2 -AIDLOC=08000h-08003h -pidloc=IDLOC -DIDLOC=2 \
  -DCODE=2 -DSTRCODE=2 -DSTRING=2 -DCONST=2 -DENTRY=2 -k \
  C:\Users\taianluo\AppData\Local\Temp\s53s.obj \
  dist/default/production\0-4.UARTtoRF.X.production.obj 

Object code version is 3.11

Machine type is 16F1516



                Name                               Link     Load   Length Selector   Space Scale
C:\Users\taianluo\AppData\Local\Temp\s53s.obj
                end_init                             16       16        2        8       0
                reset_vec                             0        0        2        0       0
                config                             8007     8007        2    1000E       0
dist/default/production\0-4.UARTtoRF.X.production.obj
                cinit                                18       18       20        8       0
                intentry                              4        4       12        8       0
                text42                              5A3      5A3       1A      4CC       0
                text40                              6D7      6D7        3      4CC       0
                text39                              5ED      5ED       17      4CC       0
                text38                              6CA      6CA        4      4CC       0
                text37                              5D5      5D5       18      4CC       0
                text36                              673      673        C      4CC       0
                text35                              69E      69E        9      4CC       0
                text34                              694      694        A      4CC       0
                text33                              6D4      6D4        3      4CC       0
                text32                              643      643       14      4CC       0
                text31                              62E      62E       15      4CC       0
                text30                              6C6      6C6        4      4CC       0
                text29                              5BD      5BD       18      4CC       0
                text28                              6C2      6C2        4      4CC       0
                text27                              6BE      6BE        4      4CC       0
                text26                              4E1      4E1       25      4CC       0
                text25                              67F      67F        B      4CC       0
                text24                              549      549       20      4CC       0
                text23                              586      586       1D      4CC       0
                text22                              4B9      4B9       28      4CC       0
                text21                              3C0      3C0       41      4CC       0
                text20                              6BA      6BA        4      4CC       0
                text19                              619      619       15      4CC       0
                text18                              266      266       62      4CC       0
                text17                              657      657        F      4CC       0
                text16                              401      401       36      4CC       0
                text15                              6D1      6D1        3      4CC       0
                text14                              604      604       15      4CC       0
                text13                              68A      68A        A      4CC       0
                text12                               CD       CD       6C        8       0
                text11                              377      377       49      4CC       0
                text10                              569      569       1D      4CC       0
                text9                               2C8      2C8       5C      4CC       0
                text8                                38       38       95        8       0
                text7                               6CE      6CE        3      4CC       0
                text6                               666      666        D      4CC       0
                text5                               6A7      6A7        7      4CC       0
                text4                               324      324       53      4CC       0
                text3                               466      466       2B      4CC       0
                text2                               491      491       28      4CC       0
                text1                               437      437       2F      4CC       0
                maintext                            506      506       23      4CC       0
                cstackBANK0                          50       50        6       20       1
                cstackCOMMON                         70       70        B       70       1
                inittext                            6B4      6B4        6      4CC       0
                clrtext                             6AE      6AE        6      4CC       0
                dataBANK1                            A0       A0       20       A0       1
                bssBANK1                             C0       C0       1E       A0       1
                bssBANK0                             20       20       30       20       1
                bitbssCOMMON                        3D8       7B        2       70       1     8
                nvBANK0                              56       56        1       20       1
                nvCOMMON                             7C       7C        1       70       1
                stringtext                          200      200       66        4       0
                idataBANK1                          529      529       20      4CC       0

TOTAL           Name                               Link     Load   Length     Space
        CLASS   STACK          

        CLASS   CONST          

        CLASS   CODE           
                end_init                             16       16        2         0
                cinit                                18       18       20         0
                intentry                              4        4       12         0
                reset_vec                             0        0        2         0
                text42                              5A3      5A3       1A         0
                text40                              6D7      6D7        3         0
                text39                              5ED      5ED       17         0
                text38                              6CA      6CA        4         0
                text37                              5D5      5D5       18         0
                text36                              673      673        C         0
                text35                              69E      69E        9         0
                text34                              694      694        A         0
                text33                              6D4      6D4        3         0
                text32                              643      643       14         0
                text31                              62E      62E       15         0
                text30                              6C6      6C6        4         0
                text29                              5BD      5BD       18         0
                text28                              6C2      6C2        4         0
                text27                              6BE      6BE        4         0
                text26                              4E1      4E1       25         0
                text25                              67F      67F        B         0
                text24                              549      549       20         0
                text23                              586      586       1D         0
                text22                              4B9      4B9       28         0
                text21                              3C0      3C0       41         0
                text20                              6BA      6BA        4         0
                text19                              619      619       15         0
                text18                              266      266       62         0
                text17                              657      657        F         0
                text16                              401      401       36         0
                text15                              6D1      6D1        3         0
                text14                              604      604       15         0
                text13                              68A      68A        A         0
                text12                               CD       CD       6C         0
                text11                              377      377       49         0
                text10                              569      569       1D         0
                text9                               2C8      2C8       5C         0
                text8                                38       38       95         0
                text7                               6CE      6CE        3         0
                text6                               666      666        D         0
                text5                               6A7      6A7        7         0
                text4                               324      324       53         0
                text3                               466      466       2B         0
                text2                               491      491       28         0
                text1                               437      437       2F         0
                maintext                            506      506       23         0
                inittext                            6B4      6B4        6         0
                clrtext                             6AE      6AE        6         0
                idataBANK1                          529      529       20         0

        CLASS   STRCODE        
                stringtext                          200      200       66         0

        CLASS   ENTRY          

        CLASS   STRING         

        CLASS   COMMON         
                cstackCOMMON                         70       70        B         1
                bitbssCOMMON                        3D8       7B        2         1
                nvCOMMON                             7C       7C        1         1

        CLASS   BANK0          
                cstackBANK0                          50       50        6         1
                bssBANK0                             20       20       30         1
                nvBANK0                              56       56        1         1

        CLASS   BANK1          
                dataBANK1                            A0       A0       20         1
                bssBANK1                             C0       C0       1E         1

        CLASS   BANK2          

        CLASS   BANK3          

        CLASS   BANK4          

        CLASS   BANK5          

        CLASS   BANK6          

        CLASS   BIGRAM         

        CLASS   RAM            

        CLASS   ABS1           
                abs_s1                               7E       7E        2         1

        CLASS   SFR0           

        CLASS   SFR1           

        CLASS   SFR2           

        CLASS   SFR3           

        CLASS   SFR4           

        CLASS   SFR5           

        CLASS   SFR6           

        CLASS   SFR7           

        CLASS   SFR8           

        CLASS   SFR9           

        CLASS   SFR10          

        CLASS   SFR11          

        CLASS   SFR12          

        CLASS   SFR13          

        CLASS   SFR14          

        CLASS   SFR15          

        CLASS   SFR16          

        CLASS   SFR17          

        CLASS   SFR18          

        CLASS   SFR19          

        CLASS   SFR20          

        CLASS   SFR21          

        CLASS   SFR22          

        CLASS   SFR23          

        CLASS   SFR24          

        CLASS   SFR25          

        CLASS   SFR26          

        CLASS   SFR27          

        CLASS   SFR28          

        CLASS   SFR29          

        CLASS   SFR30          

        CLASS   SFR31          

        CLASS   CONFIG         
                config                             8007     8007        2         0

        CLASS   IDLOC          

        CLASS   BANK31         

        CLASS   BANK30         

        CLASS   BANK29         

        CLASS   BANK28         

        CLASS   BANK27         

        CLASS   BANK26         

        CLASS   BANK25         

        CLASS   BANK24         

        CLASS   BANK23         

        CLASS   BANK22         

        CLASS   BANK21         

        CLASS   BANK20         

        CLASS   BANK19         

        CLASS   BANK18         

        CLASS   BANK17         

        CLASS   BANK16         

        CLASS   BANK15         

        CLASS   BANK14         

        CLASS   BANK13         

        CLASS   BANK12         

        CLASS   BANK11         

        CLASS   BANK10         

        CLASS   BANK9          

        CLASS   BANK8          

        CLASS   BANK7          

        CLASS   EEDATA         



SEGMENTS        Name                           Load    Length   Top    Selector   Space  Class     Delta

                reset_vec                      000000  000002  000002         0       0  CODE        2
                intentry                       000004  000135  000139         8       0  CODE        2
                bssBANK0                       000020  000037  000057        20       1  BANK0       1
                cstackCOMMON                   000070  00000D  00007D        70       1  COMMON      1
                dataBANK1                      0000A0  00003E  0000DE        A0       1  BANK1       1
                stringtext                     000200  000066  000266         4       0  STRCODE     2
                text18                         000266  000474  0006DA       4CC       0  CODE        2
                config                         008007  000002  008009     1000E       0  CONFIG      2


UNUSED ADDRESS RANGES

        Name                Unused          Largest block    Delta
        BANK0            00057-0006F              19           1
        BANK1            000DE-000EF              12           1
        BANK2            00120-0016F              50           1
        BANK3            001A0-001EF              50           1
        BANK4            00220-0026F              50           1
        BANK5            002A0-002EF              50           1
        BANK6            00320-0032F              10           1
        BIGRAM           02000-021EF             1F0           1
        CODE             00002-00003               2           2
                         00139-001FF              C7
                         006DA-01FFF             800
        COMMON           0007D-0007D               1           1
        CONST            00002-00003               2           2
                         00139-001FF              C7
                         006DA-01FFF             100
        ENTRY            00002-00003               2           2
                         00139-001FF              C7
                         006DA-01FFF             100
        IDLOC            08000-08003               4           2
        RAM              00057-0006F              19           1
                         000DE-000EF              12
                         00120-0016F              50
                         001A0-001EF              50
                         00220-0026F              50
                         002A0-002EF              50
                         00320-0032F              10
        SFR0             00000-0001F              20           1
        SFR1             00080-0009F              20           1
        SFR10            00500-0056F              70           1
        SFR11            00580-005EF              70           1
        SFR12            00600-0066F              70           1
        SFR13            00680-006EF              70           1
        SFR14            00700-0076F              70           1
        SFR15            00780-007EF              70           1
        SFR16            00800-0086F              70           1
        SFR17            00880-008EF              70           1
        SFR18            00900-0096F              70           1
        SFR19            00980-009EF              70           1
        SFR2             00100-0011F              20           1
        SFR20            00A00-00A6F              70           1
        SFR21            00A80-00AEF              70           1
        SFR22            00B00-00B6F              70           1
        SFR23            00B80-00BEF              70           1
        SFR24            00C00-00C6F              70           1
        SFR25            00C80-00CEF              70           1
        SFR26            00D00-00D6F              70           1
        SFR27            00D80-00DEF              70           1
        SFR28            00E00-00E6F              70           1
        SFR29            00E80-00EEF              70           1
        SFR3             00180-0019F              20           1
        SFR30            00F00-00F6F              70           1
        SFR31            00F80-00FEF              70           1
        SFR4             00200-0021F              20           1
        SFR5             00280-0029F              20           1
        SFR6             00300-0031F              20           1
        SFR7             00380-003EF              70           1
        SFR8             00400-0046F              70           1
        SFR9             00480-004EF              70           1
        STACK            0208E-021EF             162           1
        STRCODE          00002-00003               2           2
                         00139-001FF              C7
                         006DA-01FFF            1926
        STRING           00002-00003               2           2
                         00139-001FF              C7
                         006DA-01FFF             100

                                  Symbol Table

?___awdiv                           cstackCOMMON 00071
?___lwdiv                           cstackCOMMON 00071
CC2500_InitPATable@loop_d           cstackCOMMON 00078
CC2500_InitPATable@temp             cstackCOMMON 00077
CC2500_InitSetREG@loop_c            cstackCOMMON 00079
CC2500_InitSetREG@temp1             cstackCOMMON 00077
CC2500_InitSetREG@temp2             cstackCOMMON 00078
CC2500_TxData@loop_e                cstackCOMMON 00076
CC2500_WriteByte@loop_a             cstackCOMMON 00072
CC2500_WriteCommand@command         cstackCOMMON 00074
CC2500_WriteREG@value               cstackCOMMON 00073
CC2500_WriteREG@w_addr              cstackCOMMON 00075
DelayTime_1us@count                 cstackCOMMON 00071
DelayTime_1us@i                     cstackCOMMON 00073
DelayTime_1us@j                     cstackCOMMON 00075
Exception_Main@count                cstackCOMMON 00074
Exception_Main@error                cstackCOMMON 00076
Exception_Main@lights               cstackCOMMON 00073
Exception_Main@status               cstackCOMMON 00075
_ANSELA                             (abs)        0018C
_ANSELB                             (abs)        0018D
_ANSELC                             (abs)        0018E
_CC2500_ClearRXFIFO                 text28       006C2
_CC2500_ClearTXFIFO                 text27       006BE
_CC2500_FrequencyCabr               text25       0067F
_CC2500_InitPATable                 text23       00586
_CC2500_InitSetREG                  text22       004B9
_CC2500_PowerOnInitial              text19       00619
_CC2500_PowerRST                    text21       003C0
_CC2500_SIDLEMode                   text20       006BA
_CC2500_TxData                      text18       00266
_CC2500_WriteByte                   text32       00643
_CC2500_WriteCommand                text29       005BD
_CC2500_WriteREG                    text24       00549
_CC2500_patable_vaule               stringtext   0025E
_CC2500_registers_address           stringtext   00200
_CC2500_rfSettings                  stringtext   0022F
_CRC                                bssBANK0     00046
_Cmd                                bssBANK0     00047
_DelayTime_1us                      text26       004E1
_Exception_Main                     text39       005ED
_Fosc_Set                           text38       006CA
_GIE                                (abs)        0005F
_IO_Set                             text37       005D5
_ISR                                intentry     00004
_LATA                               (abs)        0010C
_LATB                               (abs)        0010D
_LATC                               (abs)        0010E
_Light                              bssBANK0     00048
_Mcu_Initialization                 text35       0069E
_OSCCON                             (abs)        00099
_PEIE                               (abs)        0005E
_PORTA                              (abs)        0000C
_PORTB                              (abs)        0000D
_PORTC                              (abs)        0000E
_RA0                                (abs)        00060
_RA1                                (abs)        00061
_RA2                                (abs)        00062
_RB0                                (abs)        00068
_RC0                                (abs)        00070
_RC1                                (abs)        00071
_RC3                                (abs)        00073
_RC4                                (abs)        00074
_RC5                                (abs)        00075
_RF1                                bssBANK0     00020
_RF_Count                           bssBANK0     00044
_RF_Data                            bssBANK1     000C0
_RF_Initialization                  text33       006D4
_RF_Main                            text7        006CE
_RF_RxDisable                       text17       00657
_RF_Timeout_Counter                 text31       0062E
_RSSI                               bssBANK0     00049
_Receive_OK                         bitbssCOMMON 003D8
_Rx_Length                          bssBANK0     0004A
_SPI0Buffer                         bssBANK0     0004B
_SwDetect                           bssBANK0     0004C
_T1CON                              (abs)        00018
_TMR1H                              (abs)        00017
_TMR1IE                             (abs)        00488
_TMR1IF                             (abs)        00088
_TMR1L                              (abs)        00016
_TMR1_ISR                           text42       005A3
_TMR1_Set                           text36       00673
_TRISA                              (abs)        0008C
_TRISB                              (abs)        0008D
_TRISC                              (abs)        0008E
_Timer1                             bssBANK0     00041
_Transceive_OK                      bitbssCOMMON 003D9
_Tx_Length                          nvBANK0      00056
_WPUB                               (abs)        0020D
__CFG_BOREN$OFF                     (abs)        00000
__CFG_CP$ON                         (abs)        00000
__CFG_FOSC$INTOSC                   (abs)        00000
__CFG_VCAPEN$OFF                    (abs)        00000
__CFG_WDTE$OFF                      (abs)        00000
__CFG_WRT$BOOT                      (abs)        00000
__Habs1                             abs1         00000
__Hbank0                            bank0        00000
__Hbank1                            bank1        00000
__Hbank10                           bank10       00000
__Hbank11                           bank11       00000
__Hbank12                           bank12       00000
__Hbank13                           bank13       00000
__Hbank14                           bank14       00000
__Hbank15                           bank15       00000
__Hbank16                           bank16       00000
__Hbank17                           bank17       00000
__Hbank18                           bank18       00000
__Hbank19                           bank19       00000
__Hbank2                            bank2        00000
__Hbank20                           bank20       00000
__Hbank21                           bank21       00000
__Hbank22                           bank22       00000
__Hbank23                           bank23       00000
__Hbank24                           bank24       00000
__Hbank25                           bank25       00000
__Hbank26                           bank26       00000
__Hbank27                           bank27       00000
__Hbank28                           bank28       00000
__Hbank29                           bank29       00000
__Hbank3                            bank3        00000
__Hbank30                           bank30       00000
__Hbank31                           bank31       00000
__Hbank4                            bank4        00000
__Hbank5                            bank5        00000
__Hbank6                            bank6        00000
__Hbank7                            bank7        00000
__Hbank8                            bank8        00000
__Hbank9                            bank9        00000
__Hbigram                           bigram       00000
__HbitbssCOMMON                     bitbssCOMMON 00000
__HbssBANK0                         bssBANK0     00000
__HbssBANK1                         bssBANK1     00000
__Hcinit                            cinit        00038
__Hclrtext                          clrtext      00000
__Hcode                             code         00000
__Hcommon                           common       00000
__Hconfig                           config       08009
__HcstackBANK0                      cstackBANK0  00000
__HcstackCOMMON                     cstackCOMMON 00000
__HdataBANK1                        dataBANK1    00000
__Heeprom_data                      eeprom_data  00000
__Hend_init                         end_init     00018
__Hfunctab                          functab      00000
__HidataBANK1                       idataBANK1   00000
__Hidloc                            idloc        00000
__Hinit                             init         00016
__Hinittext                         inittext     00000
__Hintentry                         intentry     00016
__Hmaintext                         maintext     00000
__HnvBANK0                          nvBANK0      00000
__HnvCOMMON                         nvCOMMON     00000
__Hpowerup                          powerup      00000
__Hram                              ram          00000
__Hreset_vec                        reset_vec    00002
__Hsfr0                             sfr0         00000
__Hsfr1                             sfr1         00000
__Hsfr10                            sfr10        00000
__Hsfr11                            sfr11        00000
__Hsfr12                            sfr12        00000
__Hsfr13                            sfr13        00000
__Hsfr14                            sfr14        00000
__Hsfr15                            sfr15        00000
__Hsfr16                            sfr16        00000
__Hsfr17                            sfr17        00000
__Hsfr18                            sfr18        00000
__Hsfr19                            sfr19        00000
__Hsfr2                             sfr2         00000
__Hsfr20                            sfr20        00000
__Hsfr21                            sfr21        00000
__Hsfr22                            sfr22        00000
__Hsfr23                            sfr23        00000
__Hsfr24                            sfr24        00000
__Hsfr25                            sfr25        00000
__Hsfr26                            sfr26        00000
__Hsfr27                            sfr27        00000
__Hsfr28                            sfr28        00000
__Hsfr29                            sfr29        00000
__Hsfr3                             sfr3         00000
__Hsfr30                            sfr30        00000
__Hsfr31                            sfr31        00000
__Hsfr4                             sfr4         00000
__Hsfr5                             sfr5         00000
__Hsfr6                             sfr6         00000
__Hsfr7                             sfr7         00000
__Hsfr8                             sfr8         00000
__Hsfr9                             sfr9         00000
__Hspace_0                          (abs)        08009
__Hspace_1                          (abs)        003DA
__Hspace_2                          (abs)        00000
__Hspace_3                          (abs)        00000
__Hstack                            stack        00000
__Hstrings                          strings      00000
__Hstringtext                       stringtext   00000
__Htext                             text         00000
__Labs1                             abs1         00000
__Lbank0                            bank0        00000
__Lbank1                            bank1        00000
__Lbank10                           bank10       00000
__Lbank11                           bank11       00000
__Lbank12                           bank12       00000
__Lbank13                           bank13       00000
__Lbank14                           bank14       00000
__Lbank15                           bank15       00000
__Lbank16                           bank16       00000
__Lbank17                           bank17       00000
__Lbank18                           bank18       00000
__Lbank19                           bank19       00000
__Lbank2                            bank2        00000
__Lbank20                           bank20       00000
__Lbank21                           bank21       00000
__Lbank22                           bank22       00000
__Lbank23                           bank23       00000
__Lbank24                           bank24       00000
__Lbank25                           bank25       00000
__Lbank26                           bank26       00000
__Lbank27                           bank27       00000
__Lbank28                           bank28       00000
__Lbank29                           bank29       00000
__Lbank3                            bank3        00000
__Lbank30                           bank30       00000
__Lbank31                           bank31       00000
__Lbank4                            bank4        00000
__Lbank5                            bank5        00000
__Lbank6                            bank6        00000
__Lbank7                            bank7        00000
__Lbank8                            bank8        00000
__Lbank9                            bank9        00000
__Lbigram                           bigram       00000
__LbitbssCOMMON                     bitbssCOMMON 00000
__LbssBANK0                         bssBANK0     00000
__LbssBANK1                         bssBANK1     00000
__Lcinit                            cinit        00018
__Lclrtext                          clrtext      00000
__Lcode                             code         00000
__Lcommon                           common       00000
__Lconfig                           config       08007
__LcstackBANK0                      cstackBANK0  00000
__LcstackCOMMON                     cstackCOMMON 00000
__LdataBANK1                        dataBANK1    00000
__Leeprom_data                      eeprom_data  00000
__Lend_init                         end_init     00016
__Lfunctab                          functab      00000
__LidataBANK1                       idataBANK1   00000
__Lidloc                            idloc        00000
__Linit                             init         00016
__Linittext                         inittext     00000
__Lintentry                         intentry     00004
__Lmaintext                         maintext     00000
__LnvBANK0                          nvBANK0      00000
__LnvCOMMON                         nvCOMMON     00000
__Lpowerup                          powerup      00000
__Lram                              ram          00000
__Lreset_vec                        reset_vec    00000
__Lsfr0                             sfr0         00000
__Lsfr1                             sfr1         00000
__Lsfr10                            sfr10        00000
__Lsfr11                            sfr11        00000
__Lsfr12                            sfr12        00000
__Lsfr13                            sfr13        00000
__Lsfr14                            sfr14        00000
__Lsfr15                            sfr15        00000
__Lsfr16                            sfr16        00000
__Lsfr17                            sfr17        00000
__Lsfr18                            sfr18        00000
__Lsfr19                            sfr19        00000
__Lsfr2                             sfr2         00000
__Lsfr20                            sfr20        00000
__Lsfr21                            sfr21        00000
__Lsfr22                            sfr22        00000
__Lsfr23                            sfr23        00000
__Lsfr24                            sfr24        00000
__Lsfr25                            sfr25        00000
__Lsfr26                            sfr26        00000
__Lsfr27                            sfr27        00000
__Lsfr28                            sfr28        00000
__Lsfr29                            sfr29        00000
__Lsfr3                             sfr3         00000
__Lsfr30                            sfr30        00000
__Lsfr31                            sfr31        00000
__Lsfr4                             sfr4         00000
__Lsfr5                             sfr5         00000
__Lsfr6                             sfr6         00000
__Lsfr7                             sfr7         00000
__Lsfr8                             sfr8         00000
__Lsfr9                             sfr9         00000
__Lspace_0                          (abs)        00000
__Lspace_1                          (abs)        00000
__Lspace_2                          (abs)        00000
__Lspace_3                          (abs)        00000
__Lstack                            stack        00000
__Lstrings                          strings      00000
__Lstringtext                       stringtext   00000
__Ltext                             text         00000
__S0                                (abs)        08009
__S1                                (abs)        000DE
__S2                                (abs)        00000
___awdiv                            text4        00324
___awdiv@counter                    cstackCOMMON 00076
___awdiv@dividend                   cstackCOMMON 00073
___awdiv@divisor                    cstackCOMMON 00071
___awdiv@quotient                   cstackCOMMON 00078
___awdiv@sign                       cstackCOMMON 00077
___int_sp                           stack        00000
___latbits                          (abs)        00002
___lwdiv                            text16       00401
___lwdiv@counter                    cstackCOMMON 00078
___lwdiv@dividend                   cstackCOMMON 00073
___lwdiv@divisor                    cstackCOMMON 00071
___lwdiv@quotient                   cstackCOMMON 00076
___sp                               stack        00000
__end_of_CC2500_ClearRXFIFO         text28       006C6
__end_of_CC2500_ClearTXFIFO         text27       006C2
__end_of_CC2500_FrequencyCabr       text25       0068A
__end_of_CC2500_InitPATable         text23       005A3
__end_of_CC2500_InitSetREG          text22       004E1
__end_of_CC2500_PowerOnInitial      text19       0062E
__end_of_CC2500_PowerRST            text21       00401
__end_of_CC2500_SIDLEMode           text20       006BE
__end_of_CC2500_TxData              text18       002C8
__end_of_CC2500_WriteByte           text32       00657
__end_of_CC2500_WriteCommand        text29       005D5
__end_of_CC2500_WriteREG            text24       00569
__end_of_CC2500_patable_vaule       stringtext   00266
__end_of_CC2500_registers_address   stringtext   0022F
__end_of_CC2500_rfSettings          stringtext   0025E
__end_of_DelayTime_1us              text26       00506
__end_of_Exception_Main             text39       00604
__end_of_Fosc_Set                   text38       006CE
__end_of_IO_Set                     text37       005ED
__end_of_ISR                        intentry     00016
__end_of_Mcu_Initialization         text35       006A7
__end_of_RF_Initialization          text33       006D7
__end_of_RF_Main                    text7        006D1
__end_of_RF_RxDisable               text17       00666
__end_of_RF_Timeout_Counter         text31       00643
__end_of_TMR1_ISR                   text42       005BD
__end_of_TMR1_Set                   text36       0067F
__end_of___awdiv                    text4        00377
__end_of___lwdiv                    text16       00437
__end_of__initialization            cinit        00034
__end_of_getMain_All_Error_Status   text40       006DA
__end_of_getMain_All_LightsStatus   text15       006D4
__end_of_getRxData                  text9        00324
__end_of_main                       maintext     00529
__end_of_myMain_Initialization      text6        00673
__end_of_myUARTtoRF_Initialization  text5        006AE
__end_of_myUARTtoRF_Main            text2        004B9
__end_of_my_MainTimer               text1        00466
__end_of_setCmd_Status              text14       00619
__end_of_setControl_Lights_Table    text11       003C0
__end_of_setLog_Code                text10       00586
__end_of_setProductData             text13       00694
__end_of_setRF_Initialization       text34       0069E
__end_of_setRF_Main                 text8        000CD
__end_of_setRF_TimeoutCleared       text30       006CA
__end_of_setTxData                  text12       00139
__end_of_uartC_timer_strat          text3        00491
__initialization                    cinit        00018
__pbitbssCOMMON                     bitbssCOMMON 003D8
__pbssBANK0                         bssBANK0     00020
__pbssBANK1                         bssBANK1     000C0
__pcstackBANK0                      cstackBANK0  00050
__pcstackCOMMON                     cstackCOMMON 00070
__pdataBANK1                        dataBANK1    000A0
__pidataBANK1                       idataBANK1   00529
__pintentry                         intentry     00004
__pmaintext                         maintext     00506
__pnvBANK0                          nvBANK0      00056
__pnvCOMMON                         nvCOMMON     0007C
__product                           dataBANK1    000A0
__pstringtext                       stringtext   00200
__ptext1                            text1        00437
__ptext10                           text10       00569
__ptext11                           text11       00377
__ptext12                           text12       000CD
__ptext13                           text13       0068A
__ptext14                           text14       00604
__ptext15                           text15       006D1
__ptext16                           text16       00401
__ptext17                           text17       00657
__ptext18                           text18       00266
__ptext19                           text19       00619
__ptext2                            text2        00491
__ptext20                           text20       006BA
__ptext21                           text21       003C0
__ptext22                           text22       004B9
__ptext23                           text23       00586
__ptext24                           text24       00549
__ptext25                           text25       0067F
__ptext26                           text26       004E1
__ptext27                           text27       006BE
__ptext28                           text28       006C2
__ptext29                           text29       005BD
__ptext3                            text3        00466
__ptext30                           text30       006C6
__ptext31                           text31       0062E
__ptext32                           text32       00643
__ptext33                           text33       006D4
__ptext34                           text34       00694
__ptext35                           text35       0069E
__ptext36                           text36       00673
__ptext37                           text37       005D5
__ptext38                           text38       006CA
__ptext39                           text39       005ED
__ptext4                            text4        00324
__ptext40                           text40       006D7
__ptext42                           text42       005A3
__ptext5                            text5        006A7
__ptext6                            text6        00666
__ptext7                            text7        006CE
__ptext8                            text8        00038
__ptext9                            text9        002C8
__size_of_CC2500_ClearRXFIFO        (abs)        00000
__size_of_CC2500_ClearTXFIFO        (abs)        00000
__size_of_CC2500_FrequencyCabr      (abs)        00000
__size_of_CC2500_InitPATable        (abs)        00000
__size_of_CC2500_InitSetREG         (abs)        00000
__size_of_CC2500_PowerOnInitial     (abs)        00000
__size_of_CC2500_PowerRST           (abs)        00000
__size_of_CC2500_SIDLEMode          (abs)        00000
__size_of_CC2500_TxData             (abs)        00000
__size_of_CC2500_WriteByte          (abs)        00000
__size_of_CC2500_WriteCommand       (abs)        00000
__size_of_CC2500_WriteREG           (abs)        00000
__size_of_DelayTime_1us             (abs)        00000
__size_of_Exception_Main            (abs)        00000
__size_of_Fosc_Set                  (abs)        00000
__size_of_IO_Set                    (abs)        00000
__size_of_ISR                       (abs)        00000
__size_of_Mcu_Initialization        (abs)        00000
__size_of_RF_Initialization         (abs)        00000
__size_of_RF_Main                   (abs)        00000
__size_of_RF_RxDisable              (abs)        00000
__size_of_RF_Timeout_Counter        (abs)        00000
__size_of_TMR1_ISR                  (abs)        00000
__size_of_TMR1_Set                  (abs)        00000
__size_of___awdiv                   (abs)        00000
__size_of___lwdiv                   (abs)        00000
__size_of_getMain_All_Error_Status  (abs)        00000
__size_of_getMain_All_LightsStatus  (abs)        00000
__size_of_getRxData                 (abs)        00000
__size_of_main                      (abs)        00000
__size_of_myMain_Initialization     (abs)        00000
__size_of_myUARTtoRF_Initialization (abs)        00000
__size_of_myUARTtoRF_Main           (abs)        00000
__size_of_my_MainTimer              (abs)        00000
__size_of_setCmd_Status             (abs)        00000
__size_of_setControl_Lights_Table   (abs)        00000
__size_of_setLog_Code               (abs)        00000
__size_of_setProductData            (abs)        00000
__size_of_setRF_Initialization      (abs)        00000
__size_of_setRF_Main                (abs)        00000
__size_of_setRF_TimeoutCleared      (abs)        00000
__size_of_setTxData                 (abs)        00000
__size_of_uartC_timer_strat         (abs)        00000
_getMain_All_Error_Status           text40       006D7
_getMain_All_LightsStatus           text15       006D1
_getRxData                          text9        002C8
_main                               maintext     00506
_myMain                             bssBANK0     0002F
_myMain_Initialization              text6        00666
_myUARTtoRF_Initialization          text5        006A7
_myUARTtoRF_Main                    text2        00491
_my_MainTimer                       text1        00437
_product                            nvCOMMON     0007C
_r_address                          bssBANK0     0004D
_r_data                             bssBANK0     0004E
_s_data                             bssBANK0     0004F
_setCmd_Status                      text14       00604
_setControl_Lights_Table            text11       00377
_setLog_Code                        text10       00569
_setProductData                     text13       0068A
_setRF_Initialization               text34       00694
_setRF_Main                         text8        00038
_setRF_TimeoutCleared               text30       006C6
_setTxData                          text12       000CD
_u1                                 bssBANK0     0003C
_uartC_timer_strat                  text3        00466
btemp                               (abs)        0007E
clear_ram0                          clrtext      006AE
end_of_initialization               cinit        00034
getMain_All_Error_Status@status     cstackCOMMON 00071
getMain_All_LightsStatus@status     cstackCOMMON 00071
getRxData@error                     cstackCOMMON 00076
init_ram                            inittext     006B4
intlevel0                           functab      00000
intlevel1                           functab      00000
intlevel2                           functab      00000
intlevel3                           functab      00000
intlevel4                           functab      00000
intlevel5                           functab      00000
ltemp                               (abs)        0007E
ltemp0                              (abs)        0007E
ltemp1                              (abs)        00082
ltemp2                              (abs)        00086
ltemp3                              (abs)        00080
pic14e$flags                        (abs)        0007E
reset_vec                           reset_vec    00000
setCmd_Status@cmd                   cstackCOMMON 00071
setCmd_Status@number                cstackCOMMON 00073
setProductData@address              cstackCOMMON 00073
setProductData@value                cstackCOMMON 00071
setRF_Main@error                    cstackCOMMON 0007A
stackhi                             (abs)        021EF
stacklo                             (abs)        0208E
start                               init         00016
start_initialization                cinit        00018
ttemp                               (abs)        0007E
ttemp0                              (abs)        0007E
ttemp1                              (abs)        00081
ttemp2                              (abs)        00084
ttemp3                              (abs)        00087
ttemp4                              (abs)        0007F
uartC_timer_strat@time_ms           cstackBANK0  00050
wtemp                               (abs)        0007E
wtemp0                              (abs)        0007E
wtemp1                              (abs)        00080
wtemp2                              (abs)        00082
wtemp3                              (abs)        00084
wtemp4                              (abs)        00086
wtemp5                              (abs)        00088
wtemp6                              (abs)        0007F


FUNCTION INFORMATION:

 *************** function _main *****************
 Defined at:
		line 7 in file "../src/Main_B1.c"
 Parameters:    Size  Location     Type
  argc            2    2[BANK0 ] int 
  argv            2    4[BANK0 ] PTR PTR unsigned char 
 Auto vars:     Size  Location     Type
		None
 Return value:  Size  Location     Type
                  2    2[BANK0 ] int 
 Registers used:
		wreg, fsr0l, fsr0h, fsr1l, fsr1h, status,2, status,0, pclath, cstack
 Tracked objects:
		On entry : 
		On exit  : 
		Unchanged: 
 Data sizes:     COMMON   BANK0   BANK1   BANK2   BANK3   BANK4   BANK5   BANK6
      Params:         0       4       0       0       0       0       0       0
      Locals:         0       0       0       0       0       0       0       0
      Temps:          0       0       0       0       0       0       0       0
      Totals:         0       4       0       0       0       0       0       0
Total ram usage:        4 bytes
 Hardware stack levels required when called:    8
 This function calls:
		_CC2500_PowerOnInitial
		_Exception_Main
		_Mcu_Initialization
		_RF_Initialization
		_RF_Main
		_myMain_Initialization
		_myUARTtoRF_Initialization
		_myUARTtoRF_Main
		_my_MainTimer
 This function is called by:
		Startup code after reset
 This function uses a non-reentrant model


 *************** function _my_MainTimer *****************
 Defined at:
		line 185 in file "../src/Main_B1.c"
 Parameters:    Size  Location     Type
		None
 Auto vars:     Size  Location     Type
		None
 Return value:  Size  Location     Type
		None               void
 Registers used:
		wreg, fsr1l, fsr1h, status,2, status,0
 Tracked objects:
		On entry : 
		On exit  : 
		Unchanged: 
 Data sizes:     COMMON   BANK0   BANK1   BANK2   BANK3   BANK4   BANK5   BANK6
      Params:         0       0       0       0       0       0       0       0
      Locals:         0       0       0       0       0       0       0       0
      Temps:          1       0       0       0       0       0       0       0
      Totals:         1       0       0       0       0       0       0       0
Total ram usage:        1 bytes
 Hardware stack levels used:    1
 Hardware stack levels required when called:    2
 This function calls:
		Nothing
 This function is called by:
		_main
 This function uses a non-reentrant model


 *************** function _myUARTtoRF_Main *****************
 Defined at:
		line 15 in file "../src/myUARTtoRF.c"
 Parameters:    Size  Location     Type
		None
 Auto vars:     Size  Location     Type
		None
 Return value:  Size  Location     Type
		None               void
 Registers used:
		wreg, status,2, status,0, pclath, cstack
 Tracked objects:
		On entry : 
		On exit  : 
		Unchanged: 
 Data sizes:     COMMON   BANK0   BANK1   BANK2   BANK3   BANK4   BANK5   BANK6
      Params:         0       0       0       0       0       0       0       0
      Locals:         0       0       0       0       0       0       0       0
      Temps:          0       0       0       0       0       0       0       0
      Totals:         0       0       0       0       0       0       0       0
Total ram usage:        0 bytes
 Hardware stack levels used:    1
 Hardware stack levels required when called:    4
 This function calls:
		_uartC_timer_strat
 This function is called by:
		_main
 This function uses a non-reentrant model


 *************** function _uartC_timer_strat *****************
 Defined at:
		line 40 in file "../src/myUARTtoRF.c"
 Parameters:    Size  Location     Type
  time_ms         2    0[BANK0 ] int 
 Auto vars:     Size  Location     Type
		None
 Return value:  Size  Location     Type
		None               void
 Registers used:
		wreg, status,2, status,0, pclath, cstack
 Tracked objects:
		On entry : 
		On exit  : 
		Unchanged: 
 Data sizes:     COMMON   BANK0   BANK1   BANK2   BANK3   BANK4   BANK5   BANK6
      Params:         0       2       0       0       0       0       0       0
      Locals:         0       0       0       0       0       0       0       0
      Temps:          0       0       0       0       0       0       0       0
      Totals:         0       2       0       0       0       0       0       0
Total ram usage:        2 bytes
 Hardware stack levels used:    1
 Hardware stack levels required when called:    3
 This function calls:
		___awdiv
 This function is called by:
		_myUARTtoRF_Main
 This function uses a non-reentrant model


 *************** function ___awdiv *****************
 Defined at:
		line 6 in file "C:\Program Files (x86)\Microchip\xc8\v1.32\sources\common\awdiv.c"
 Parameters:    Size  Location     Type
  divisor         2    1[COMMON] int 
  dividend        2    3[COMMON] int 
 Auto vars:     Size  Location     Type
  quotient        2    8[COMMON] int 
  sign            1    7[COMMON] unsigned char 
  counter         1    6[COMMON] unsigned char 
 Return value:  Size  Location     Type
                  2    1[COMMON] int 
 Registers used:
		wreg, status,2, status,0
 Tracked objects:
		On entry : 
		On exit  : 
		Unchanged: 
 Data sizes:     COMMON   BANK0   BANK1   BANK2   BANK3   BANK4   BANK5   BANK6
      Params:         4       0       0       0       0       0       0       0
      Locals:         4       0       0       0       0       0       0       0
      Temps:          1       0       0       0       0       0       0       0
      Totals:         9       0       0       0       0       0       0       0
Total ram usage:        9 bytes
 Hardware stack levels used:    1
 Hardware stack levels required when called:    2
 This function calls:
		Nothing
 This function is called by:
		_uartC_timer_strat
 This function uses a non-reentrant model


 *************** function _myUARTtoRF_Initialization *****************
 Defined at:
		line 7 in file "../src/myUARTtoRF.c"
 Parameters:    Size  Location     Type
		None
 Auto vars:     Size  Location     Type
		None
 Return value:  Size  Location     Type
		None               void
 Registers used:
		status,2
 Tracked objects:
		On entry : 
		On exit  : 
		Unchanged: 
 Data sizes:     COMMON   BANK0   BANK1   BANK2   BANK3   BANK4   BANK5   BANK6
      Params:         0       0       0       0       0       0       0       0
      Locals:         0       0       0       0       0       0       0       0
      Temps:          0       0       0       0       0       0       0       0
      Totals:         0       0       0       0       0       0       0       0
Total ram usage:        0 bytes
 Hardware stack levels used:    1
 Hardware stack levels required when called:    2
 This function calls:
		Nothing
 This function is called by:
		_main
 This function uses a non-reentrant model


 *************** function _myMain_Initialization *****************
 Defined at:
		line 170 in file "../src/Main_B1.c"
 Parameters:    Size  Location     Type
		None
 Auto vars:     Size  Location     Type
		None
 Return value:  Size  Location     Type
		None               void
 Registers used:
		wreg, fsr1l, fsr1h
 Tracked objects:
		On entry : 
		On exit  : 
		Unchanged: 
 Data sizes:     COMMON   BANK0   BANK1   BANK2   BANK3   BANK4   BANK5   BANK6
      Params:         0       0       0       0       0       0       0       0
      Locals:         0       0       0       0       0       0       0       0
      Temps:          1       0       0       0       0       0       0       0
      Totals:         1       0       0       0       0       0       0       0
Total ram usage:        1 bytes
 Hardware stack levels used:    1
 Hardware stack levels required when called:    2
 This function calls:
		Nothing
 This function is called by:
		_main
 This function uses a non-reentrant model


 *************** function _RF_Main *****************
 Defined at:
		line 26 in file "../src/RF_Control_B1.c"
 Parameters:    Size  Location     Type
		None
 Auto vars:     Size  Location     Type
		None
 Return value:  Size  Location     Type
		None               void
 Registers used:
		wreg, fsr0l, fsr0h, fsr1l, fsr1h, status,2, status,0, pclath, cstack
 Tracked objects:
		On entry : 
		On exit  : 
		Unchanged: 
 Data sizes:     COMMON   BANK0   BANK1   BANK2   BANK3   BANK4   BANK5   BANK6
      Params:         0       0       0       0       0       0       0       0
      Locals:         0       0       0       0       0       0       0       0
      Temps:          0       0       0       0       0       0       0       0
      Totals:         0       0       0       0       0       0       0       0
Total ram usage:        0 bytes
 Hardware stack levels used:    1
 Hardware stack levels required when called:    7
 This function calls:
		_setRF_Main
 This function is called by:
		_main
 This function uses a non-reentrant model


 *************** function _setRF_Main *****************
 Defined at:
		line 53 in file "../src/RF_Control_B1.c"
 Parameters:    Size  Location     Type
		None
 Auto vars:     Size  Location     Type
  error           1   10[COMMON] unsigned char 
 Return value:  Size  Location     Type
		None               void
 Registers used:
		wreg, fsr0l, fsr0h, fsr1l, fsr1h, status,2, status,0, pclath, cstack
 Tracked objects:
		On entry : 
		On exit  : 
		Unchanged: 
 Data sizes:     COMMON   BANK0   BANK1   BANK2   BANK3   BANK4   BANK5   BANK6
      Params:         0       0       0       0       0       0       0       0
      Locals:         1       0       0       0       0       0       0       0
      Temps:          0       0       0       0       0       0       0       0
      Totals:         1       0       0       0       0       0       0       0
Total ram usage:        1 bytes
 Hardware stack levels used:    1
 Hardware stack levels required when called:    6
 This function calls:
		_CC2500_PowerOnInitial
		_CC2500_TxData
		_CC2500_WriteCommand
		_RF_RxDisable
		___lwdiv
		_getRxData
 This function is called by:
		_RF_Main
 This function uses a non-reentrant model


 *************** function _getRxData *****************
 Defined at:
		line 227 in file "../src/RF_Control_B1.c"
 Parameters:    Size  Location     Type
		None
 Auto vars:     Size  Location     Type
  error           1    6[COMMON] unsigned char 
 Return value:  Size  Location     Type
		None               void
 Registers used:
		wreg, fsr0l, fsr0h, fsr1l, fsr1h, status,2, status,0, pclath, cstack
 Tracked objects:
		On entry : 
		On exit  : 
		Unchanged: 
 Data sizes:     COMMON   BANK0   BANK1   BANK2   BANK3   BANK4   BANK5   BANK6
      Params:         0       0       0       0       0       0       0       0
      Locals:         1       0       0       0       0       0       0       0
      Temps:          1       0       0       0       0       0       0       0
      Totals:         2       0       0       0       0       0       0       0
Total ram usage:        2 bytes
 Hardware stack levels used:    1
 Hardware stack levels required when called:    4
 This function calls:
		_getMain_All_Error_Status
		_setControl_Lights_Table
		_setLog_Code
		_setTxData
 This function is called by:
		_setRF_Main
 This function uses a non-reentrant model


 *************** function _setLog_Code *****************
 Defined at:
		line 273 in file "../src/RF_Control_B1.c"
 Parameters:    Size  Location     Type
		None
 Auto vars:     Size  Location     Type
		None
 Return value:  Size  Location     Type
		None               void
 Registers used:
		wreg, fsr1l, fsr1h, status,2, status,0, pclath, cstack
 Tracked objects:
		On entry : 
		On exit  : 
		Unchanged: 
 Data sizes:     COMMON   BANK0   BANK1   BANK2   BANK3   BANK4   BANK5   BANK6
      Params:         0       0       0       0       0       0       0       0
      Locals:         0       0       0       0       0       0       0       0
      Temps:          1       0       0       0       0       0       0       0
      Totals:         1       0       0       0       0       0       0       0
Total ram usage:        1 bytes
 Hardware stack levels used:    1
 Hardware stack levels required when called:    3
 This function calls:
		_setProductData
 This function is called by:
		_getRxData
 This function uses a non-reentrant model


 *************** function _setControl_Lights_Table *****************
 Defined at:
		line 286 in file "../src/RF_Control_B1.c"
 Parameters:    Size  Location     Type
		None
 Auto vars:     Size  Location     Type
		None
 Return value:  Size  Location     Type
		None               void
 Registers used:
		wreg, fsr0l, fsr0h, fsr1l, fsr1h, status,2, status,0, pclath, cstack
 Tracked objects:
		On entry : 
		On exit  : 
		Unchanged: 
 Data sizes:     COMMON   BANK0   BANK1   BANK2   BANK3   BANK4   BANK5   BANK6
      Params:         0       0       0       0       0       0       0       0
      Locals:         0       0       0       0       0       0       0       0
      Temps:          0       0       0       0       0       0       0       0
      Totals:         0       0       0       0       0       0       0       0
Total ram usage:        0 bytes
 Hardware stack levels used:    1
 Hardware stack levels required when called:    3
 This function calls:
		_getMain_All_LightsStatus
		_setCmd_Status
		_setProductData
		_setTxData
 This function is called by:
		_getRxData
 This function uses a non-reentrant model


 *************** function _setTxData *****************
 Defined at:
		line 183 in file "../src/RF_Control_B1.c"
 Parameters:    Size  Location     Type
		None
 Auto vars:     Size  Location     Type
  i               1    0        unsigned char 
 Return value:  Size  Location     Type
		None               void
 Registers used:
		wreg, fsr1l, fsr1h, status,2
 Tracked objects:
		On entry : 
		On exit  : 
		Unchanged: 
 Data sizes:     COMMON   BANK0   BANK1   BANK2   BANK3   BANK4   BANK5   BANK6
      Params:         0       0       0       0       0       0       0       0
      Locals:         0       0       0       0       0       0       0       0
      Temps:          1       0       0       0       0       0       0       0
      Totals:         1       0       0       0       0       0       0       0
Total ram usage:        1 bytes
 Hardware stack levels used:    1
 Hardware stack levels required when called:    2
 This function calls:
		Nothing
 This function is called by:
		_getRxData
		_setControl_Lights_Table
		_setRFSW_Control
 This function uses a non-reentrant model


 *************** function _setProductData *****************
 Defined at:
		line 645 in file "../src/Main_B1.c"
 Parameters:    Size  Location     Type
  address         1    wreg     unsigned char 
  value           1    1[COMMON] unsigned char 
 Auto vars:     Size  Location     Type
  address         1    3[COMMON] unsigned char 
 Return value:  Size  Location     Type
		None               void
 Registers used:
		wreg, fsr1l, fsr1h, status,2, status,0
 Tracked objects:
		On entry : 
		On exit  : 
		Unchanged: 
 Data sizes:     COMMON   BANK0   BANK1   BANK2   BANK3   BANK4   BANK5   BANK6
      Params:         1       0       0       0       0       0       0       0
      Locals:         1       0       0       0       0       0       0       0
      Temps:          1       0       0       0       0       0       0       0
      Totals:         3       0       0       0       0       0       0       0
Total ram usage:        3 bytes
 Hardware stack levels used:    1
 Hardware stack levels required when called:    2
 This function calls:
		Nothing
 This function is called by:
		_setLog_Code
		_setControl_Lights_Table
 This function uses a non-reentrant model


 *************** function _setCmd_Status *****************
 Defined at:
		line 651 in file "../src/Main_B1.c"
 Parameters:    Size  Location     Type
  number          1    wreg     unsigned char 
  cmd             1    1[COMMON] unsigned char 
 Auto vars:     Size  Location     Type
  number          1    3[COMMON] unsigned char 
 Return value:  Size  Location     Type
		None               void
 Registers used:
		wreg, fsr0l, fsr0h, status,2, status,0
 Tracked objects:
		On entry : 
		On exit  : 
		Unchanged: 
 Data sizes:     COMMON   BANK0   BANK1   BANK2   BANK3   BANK4   BANK5   BANK6
      Params:         1       0       0       0       0       0       0       0
      Locals:         1       0       0       0       0       0       0       0
      Temps:          1       0       0       0       0       0       0       0
      Totals:         3       0       0       0       0       0       0       0
Total ram usage:        3 bytes
 Hardware stack levels used:    1
 Hardware stack levels required when called:    2
 This function calls:
		Nothing
 This function is called by:
		_setControl_Lights_Table
 This function uses a non-reentrant model


 *************** function _getMain_All_LightsStatus *****************
 Defined at:
		line 373 in file "../src/Main_B1.c"
 Parameters:    Size  Location     Type
		None
 Auto vars:     Size  Location     Type
  status          1    1[COMMON] unsigned char 
 Return value:  Size  Location     Type
                  1    wreg      unsigned char 
 Registers used:
		wreg, status,2
 Tracked objects:
		On entry : 
		On exit  : 
		Unchanged: 
 Data sizes:     COMMON   BANK0   BANK1   BANK2   BANK3   BANK4   BANK5   BANK6
      Params:         0       0       0       0       0       0       0       0
      Locals:         1       0       0       0       0       0       0       0
      Temps:          0       0       0       0       0       0       0       0
      Totals:         1       0       0       0       0       0       0       0
Total ram usage:        1 bytes
 Hardware stack levels used:    1
 Hardware stack levels required when called:    2
 This function calls:
		Nothing
 This function is called by:
		_setControl_Lights_Table
 This function uses a non-reentrant model


 *************** function ___lwdiv *****************
 Defined at:
		line 6 in file "C:\Program Files (x86)\Microchip\xc8\v1.32\sources\common\lwdiv.c"
 Parameters:    Size  Location     Type
  divisor         2    1[COMMON] unsigned int 
  dividend        2    3[COMMON] unsigned int 
 Auto vars:     Size  Location     Type
  quotient        2    6[COMMON] unsigned int 
  counter         1    8[COMMON] unsigned char 
 Return value:  Size  Location     Type
                  2    1[COMMON] unsigned int 
 Registers used:
		wreg, status,2, status,0
 Tracked objects:
		On entry : 
		On exit  : 
		Unchanged: 
 Data sizes:     COMMON   BANK0   BANK1   BANK2   BANK3   BANK4   BANK5   BANK6
      Params:         4       0       0       0       0       0       0       0
      Locals:         3       0       0       0       0       0       0       0
      Temps:          1       0       0       0       0       0       0       0
      Totals:         8       0       0       0       0       0       0       0
Total ram usage:        8 bytes
 Hardware stack levels used:    1
 Hardware stack levels required when called:    2
 This function calls:
		Nothing
 This function is called by:
		_setRF_Main
 This function uses a non-reentrant model


 *************** function _RF_RxDisable *****************
 Defined at:
		line 154 in file "../src/RF_Control_B1.c"
 Parameters:    Size  Location     Type
		None
 Auto vars:     Size  Location     Type
		None
 Return value:  Size  Location     Type
		None               void
 Registers used:
		wreg, fsr1l, fsr1h, status,2, status,0, pclath, cstack
 Tracked objects:
		On entry : 
		On exit  : 
		Unchanged: 
 Data sizes:     COMMON   BANK0   BANK1   BANK2   BANK3   BANK4   BANK5   BANK6
      Params:         0       0       0       0       0       0       0       0
      Locals:         0       0       0       0       0       0       0       0
      Temps:          0       0       0       0       0       0       0       0
      Totals:         0       0       0       0       0       0       0       0
Total ram usage:        0 bytes
 Hardware stack levels used:    1
 Hardware stack levels required when called:    4
 This function calls:
		_CC2500_WriteCommand
 This function is called by:
		_setRF_Main
 This function uses a non-reentrant model


 *************** function _CC2500_TxData *****************
 Defined at:
		line 32 in file "../src/CC2500_B1.c"
 Parameters:    Size  Location     Type
		None
 Auto vars:     Size  Location     Type
  loop_e          1    6[COMMON] unsigned char 
 Return value:  Size  Location     Type
		None               void
 Registers used:
		wreg, fsr1l, fsr1h, status,2, status,0, pclath, cstack
 Tracked objects:
		On entry : 
		On exit  : 
		Unchanged: 
 Data sizes:     COMMON   BANK0   BANK1   BANK2   BANK3   BANK4   BANK5   BANK6
      Params:         0       0       0       0       0       0       0       0
      Locals:         1       0       0       0       0       0       0       0
      Temps:          1       0       0       0       0       0       0       0
      Totals:         2       0       0       0       0       0       0       0
Total ram usage:        2 bytes
 Hardware stack levels used:    1
 Hardware stack levels required when called:    4
 This function calls:
		_CC2500_WriteByte
		_CC2500_WriteCommand
		_RF_Timeout_Counter
		_setRF_TimeoutCleared
 This function is called by:
		_setRF_Main
 This function uses a non-reentrant model


 *************** function _CC2500_PowerOnInitial *****************
 Defined at:
		line 126 in file "../src/CC2500_B1.c"
 Parameters:    Size  Location     Type
		None
 Auto vars:     Size  Location     Type
		None
 Return value:  Size  Location     Type
		None               void
 Registers used:
		wreg, fsr0l, fsr0h, fsr1l, fsr1h, status,2, status,0, pclath, cstack
 Tracked objects:
		On entry : 
		On exit  : 
		Unchanged: 
 Data sizes:     COMMON   BANK0   BANK1   BANK2   BANK3   BANK4   BANK5   BANK6
      Params:         0       0       0       0       0       0       0       0
      Locals:         0       0       0       0       0       0       0       0
      Temps:          0       0       0       0       0       0       0       0
      Totals:         0       0       0       0       0       0       0       0
Total ram usage:        0 bytes
 Hardware stack levels used:    1
 Hardware stack levels required when called:    5
 This function calls:
		_CC2500_ClearRXFIFO
		_CC2500_ClearTXFIFO
		_CC2500_FrequencyCabr
		_CC2500_InitPATable
		_CC2500_InitSetREG
		_CC2500_PowerRST
		_CC2500_SIDLEMode
 This function is called by:
		_main
		_setRF_Main
 This function uses a non-reentrant model


 *************** function _CC2500_SIDLEMode *****************
 Defined at:
		line 216 in file "../src/CC2500_B1.c"
 Parameters:    Size  Location     Type
		None
 Auto vars:     Size  Location     Type
		None
 Return value:  Size  Location     Type
		None               void
 Registers used:
		wreg, fsr1l, fsr1h, status,2, status,0, pclath, cstack
 Tracked objects:
		On entry : 
		On exit  : 
		Unchanged: 
 Data sizes:     COMMON   BANK0   BANK1   BANK2   BANK3   BANK4   BANK5   BANK6
      Params:         0       0       0       0       0       0       0       0
      Locals:         0       0       0       0       0       0       0       0
      Temps:          0       0       0       0       0       0       0       0
      Totals:         0       0       0       0       0       0       0       0
Total ram usage:        0 bytes
 Hardware stack levels used:    1
 Hardware stack levels required when called:    4
 This function calls:
		_CC2500_WriteCommand
 This function is called by:
		_CC2500_PowerOnInitial
 This function uses a non-reentrant model


 *************** function _CC2500_PowerRST *****************
 Defined at:
		line 139 in file "../src/CC2500_B1.c"
 Parameters:    Size  Location     Type
		None
 Auto vars:     Size  Location     Type
		None
 Return value:  Size  Location     Type
		None               void
 Registers used:
		wreg, fsr1l, fsr1h, status,2, status,0, pclath, cstack
 Tracked objects:
		On entry : 
		On exit  : 
		Unchanged: 
 Data sizes:     COMMON   BANK0   BANK1   BANK2   BANK3   BANK4   BANK5   BANK6
      Params:         0       0       0       0       0       0       0       0
      Locals:         0       0       0       0       0       0       0       0
      Temps:          1       0       0       0       0       0       0       0
      Totals:         1       0       0       0       0       0       0       0
Total ram usage:        1 bytes
 Hardware stack levels used:    1
 Hardware stack levels required when called:    3
 This function calls:
		_CC2500_WriteByte
		_DelayTime_1us
		_RF_Timeout_Counter
		_setRF_TimeoutCleared
 This function is called by:
		_CC2500_PowerOnInitial
 This function uses a non-reentrant model


 *************** function _CC2500_InitSetREG *****************
 Defined at:
		line 166 in file "../src/CC2500_B1.c"
 Parameters:    Size  Location     Type
		None
 Auto vars:     Size  Location     Type
  loop_c          1    9[COMMON] unsigned char 
  temp2           1    8[COMMON] unsigned char 
  temp1           1    7[COMMON] unsigned char 
 Return value:  Size  Location     Type
		None               void
 Registers used:
		wreg, fsr0l, fsr0h, fsr1l, fsr1h, status,2, status,0, pclath, cstack
 Tracked objects:
		On entry : 
		On exit  : 
		Unchanged: 
 Data sizes:     COMMON   BANK0   BANK1   BANK2   BANK3   BANK4   BANK5   BANK6
      Params:         0       0       0       0       0       0       0       0
      Locals:         3       0       0       0       0       0       0       0
      Temps:          1       0       0       0       0       0       0       0
      Totals:         4       0       0       0       0       0       0       0
Total ram usage:        4 bytes
 Hardware stack levels used:    1
 Hardware stack levels required when called:    4
 This function calls:
		_CC2500_WriteREG
 This function is called by:
		_CC2500_PowerOnInitial
 This function uses a non-reentrant model


 *************** function _CC2500_InitPATable *****************
 Defined at:
		line 181 in file "../src/CC2500_B1.c"
 Parameters:    Size  Location     Type
		None
 Auto vars:     Size  Location     Type
  loop_d          1    8[COMMON] unsigned char 
  temp            1    7[COMMON] unsigned char 
 Return value:  Size  Location     Type
		None               void
 Registers used:
		wreg, fsr0l, fsr0h, fsr1l, fsr1h, status,2, status,0, pclath, cstack
 Tracked objects:
		On entry : 
		On exit  : 
		Unchanged: 
 Data sizes:     COMMON   BANK0   BANK1   BANK2   BANK3   BANK4   BANK5   BANK6
      Params:         0       0       0       0       0       0       0       0
      Locals:         2       0       0       0       0       0       0       0
      Temps:          1       0       0       0       0       0       0       0
      Totals:         3       0       0       0       0       0       0       0
Total ram usage:        3 bytes
 Hardware stack levels used:    1
 Hardware stack levels required when called:    4
 This function calls:
		_CC2500_WriteREG
 This function is called by:
		_CC2500_PowerOnInitial
 This function uses a non-reentrant model


 *************** function _CC2500_WriteREG *****************
 Defined at:
		line 258 in file "../src/CC2500_B1.c"
 Parameters:    Size  Location     Type
  w_addr          1    wreg     unsigned char 
  value           1    3[COMMON] unsigned char 
 Auto vars:     Size  Location     Type
  w_addr          1    5[COMMON] unsigned char 
 Return value:  Size  Location     Type
		None               void
 Registers used:
		wreg, fsr1l, fsr1h, status,2, status,0, pclath, cstack
 Tracked objects:
		On entry : 
		On exit  : 
		Unchanged: 
 Data sizes:     COMMON   BANK0   BANK1   BANK2   BANK3   BANK4   BANK5   BANK6
      Params:         1       0       0       0       0       0       0       0
      Locals:         1       0       0       0       0       0       0       0
      Temps:          1       0       0       0       0       0       0       0
      Totals:         3       0       0       0       0       0       0       0
Total ram usage:        3 bytes
 Hardware stack levels used:    1
 Hardware stack levels required when called:    3
 This function calls:
		_CC2500_WriteByte
		_RF_Timeout_Counter
		_setRF_TimeoutCleared
 This function is called by:
		_CC2500_InitSetREG
		_CC2500_InitPATable
 This function uses a non-reentrant model


 *************** function _CC2500_FrequencyCabr *****************
 Defined at:
		line 208 in file "../src/CC2500_B1.c"
 Parameters:    Size  Location     Type
		None
 Auto vars:     Size  Location     Type
		None
 Return value:  Size  Location     Type
		None               void
 Registers used:
		wreg, fsr1l, fsr1h, status,2, status,0, pclath, cstack
 Tracked objects:
		On entry : 
		On exit  : 
		Unchanged: 
 Data sizes:     COMMON   BANK0   BANK1   BANK2   BANK3   BANK4   BANK5   BANK6
      Params:         0       0       0       0       0       0       0       0
      Locals:         0       0       0       0       0       0       0       0
      Temps:          0       0       0       0       0       0       0       0
      Totals:         0       0       0       0       0       0       0       0
Total ram usage:        0 bytes
 Hardware stack levels used:    1
 Hardware stack levels required when called:    4
 This function calls:
		_CC2500_WriteCommand
		_DelayTime_1us
 This function is called by:
		_CC2500_PowerOnInitial
 This function uses a non-reentrant model


 *************** function _DelayTime_1us *****************
 Defined at:
		line 327 in file "../src/CC2500_B1.c"
 Parameters:    Size  Location     Type
  count           2    1[COMMON] int 
 Auto vars:     Size  Location     Type
  j               2    5[COMMON] unsigned int 
  i               2    3[COMMON] unsigned int 
 Return value:  Size  Location     Type
		None               void
 Registers used:
		wreg, status,2
 Tracked objects:
		On entry : 
		On exit  : 
		Unchanged: 
 Data sizes:     COMMON   BANK0   BANK1   BANK2   BANK3   BANK4   BANK5   BANK6
      Params:         2       0       0       0       0       0       0       0
      Locals:         4       0       0       0       0       0       0       0
      Temps:          0       0       0       0       0       0       0       0
      Totals:         6       0       0       0       0       0       0       0
Total ram usage:        6 bytes
 Hardware stack levels used:    1
 Hardware stack levels required when called:    2
 This function calls:
		Nothing
 This function is called by:
		_CC2500_PowerRST
		_CC2500_FrequencyCabr
 This function uses a non-reentrant model


 *************** function _CC2500_ClearTXFIFO *****************
 Defined at:
		line 194 in file "../src/CC2500_B1.c"
 Parameters:    Size  Location     Type
		None
 Auto vars:     Size  Location     Type
		None
 Return value:  Size  Location     Type
		None               void
 Registers used:
[...]
 Tracked objects:
		On entry : 
		On exit  : 
		Unchanged: 
 Data sizes:     COMMON   BANK0   BANK1   BANK2   BANK3   BANK4   BANK5   BANK6
      Params:         0       0       0       0       0       0       0       0
      Locals:         0       0       0       0       0       0       0       0
      Temps:          0       0       0       0       0       0       0       0
      Totals:         0       0       0       0       0       0       0       0
Total ram usage:        0 bytes
 Hardware stack levels used:    1
 Hardware stack levels required when called:    4
 This function calls:
		_CC2500_WriteCommand
 This function is called by:
		_CC2500_PowerOnInitial
 This function uses a non-reentrant model


 *************** function _CC2500_ClearRXFIFO *****************
 Defined at:
		line 201 in file "../src/CC2500_B1.c"
 Parameters:    Size  Location     Type
		None
 Auto vars:     Size  Location     Type
		None
 Return value:  Size  Location     Type
		None               void
 Registers used:
		wreg, fsr1l, fsr1h, status,2, status,0, pclath, cstack
 Tracked objects:
		On entry : 
		On exit  : 
		Unchanged: 
 Data sizes:     COMMON   BANK0   BANK1   BANK2   BANK3   BANK4   BANK5   BANK6
      Params:         0       0       0       0       0       0       0       0
      Locals:         0       0       0       0       0       0       0       0
      Temps:          0       0       0       0       0       0       0       0
      Totals:         0       0       0       0       0       0       0       0
Total ram usage:        0 bytes
 Hardware stack levels used:    1
 Hardware stack levels required when called:    4
 This function calls:
		_CC2500_WriteCommand
 This function is called by:
		_CC2500_PowerOnInitial
 This function uses a non-reentrant model


 *************** function _CC2500_WriteCommand *****************
 Defined at:
		line 292 in file "../src/CC2500_B1.c"
 Parameters:    Size  Location     Type
  command         1    wreg     unsigned char 
 Auto vars:     Size  Location     Type
  command         1    4[COMMON] unsigned char 
 Return value:  Size  Location     Type
		None               void
 Registers used:
		wreg, fsr1l, fsr1h, status,2, status,0, pclath, cstack
 Tracked objects:
		On entry : 
		On exit  : 
		Unchanged: 
 Data sizes:     COMMON   BANK0   BANK1   BANK2   BANK3   BANK4   BANK5   BANK6
      Params:         0       0       0       0       0       0       0       0
      Locals:         1       0       0       0       0       0       0       0
      Temps:          1       0       0       0       0       0       0       0
      Totals:         2       0       0       0       0       0       0       0
Total ram usage:        2 bytes
 Hardware stack levels used:    1
 Hardware stack levels required when called:    3
 This function calls:
		_CC2500_WriteByte
		_RF_Timeout_Counter
		_setRF_TimeoutCleared
 This function is called by:
		_CC2500_TxData
		_CC2500_ClearTXFIFO
		_CC2500_ClearRXFIFO
		_CC2500_FrequencyCabr
		_CC2500_SIDLEMode
		_setRF_Main
		_RF_RxDisable
		_CC2500_RxData
 This function uses a non-reentrant model


 *************** function _setRF_TimeoutCleared *****************
 Defined at:
		line 149 in file "../src/RF_Control_B1.c"
 Parameters:    Size  Location     Type
		None
 Auto vars:     Size  Location     Type
		None
 Return value:  Size  Location     Type
		None               void
 Registers used:
		status,2
 Tracked objects:
		On entry : 
		On exit  : 
		Unchanged: 
 Data sizes:     COMMON   BANK0   BANK1   BANK2   BANK3   BANK4   BANK5   BANK6
      Params:         0       0       0       0       0       0       0       0
      Locals:         0       0       0       0       0       0       0       0
      Temps:          0       0       0       0       0       0       0       0
      Totals:         0       0       0       0       0       0       0       0
Total ram usage:        0 bytes
 Hardware stack levels used:    1
 Hardware stack levels required when called:    2
 This function calls:
		Nothing
 This function is called by:
		_CC2500_TxData
		_CC2500_PowerRST
		_CC2500_WriteREG
		_CC2500_WriteCommand
		_CC2500_RxData
		_CC2500_ReadREG
		_CC2500_ReadStatus
 This function uses a non-reentrant model


 *************** function _RF_Timeout_Counter *****************
 Defined at:
		line 141 in file "../src/RF_Control_B1.c"
 Parameters:    Size  Location     Type
		None
 Auto vars:     Size  Location     Type
		None
 Return value:  Size  Location     Type
		None               void
 Registers used:
		wreg, fsr1l, fsr1h, status,2, status,0
 Tracked objects:
		On entry : 
		On exit  : 
		Unchanged: 
 Data sizes:     COMMON   BANK0   BANK1   BANK2   BANK3   BANK4   BANK5   BANK6
      Params:         0       0       0       0       0       0       0       0
      Locals:         0       0       0       0       0       0       0       0
      Temps:          0       0       0       0       0       0       0       0
      Totals:         0       0       0       0       0       0       0       0
Total ram usage:        0 bytes
 Hardware stack levels used:    1
 Hardware stack levels required when called:    2
 This function calls:
		Nothing
 This function is called by:
		_CC2500_TxData
		_CC2500_PowerRST
		_CC2500_WriteREG
		_CC2500_WriteCommand
		_CC2500_RxData
		_CC2500_ReadREG
		_CC2500_ReadStatus
 This function uses a non-reentrant model


 *************** function _CC2500_WriteByte *****************
 Defined at:
		line 226 in file "../src/CC2500_B1.c"
 Parameters:    Size  Location     Type
		None
 Auto vars:     Size  Location     Type
  loop_a          1    2[COMMON] unsigned char 
 Return value:  Size  Location     Type
		None               void
 Registers used:
		wreg, status,2, status,0
 Tracked objects:
		On entry : 
		On exit  : 
		Unchanged: 
 Data sizes:     COMMON   BANK0   BANK1   BANK2   BANK3   BANK4   BANK5   BANK6
      Params:         0       0       0       0       0       0       0       0
      Locals:         1       0       0       0       0       0       0       0
      Temps:          1       0       0       0       0       0       0       0
      Totals:         2       0       0       0       0       0       0       0
Total ram usage:        2 bytes
 Hardware stack levels used:    1
 Hardware stack levels required when called:    2
 This function calls:
		Nothing
 This function is called by:
		_CC2500_TxData
		_CC2500_PowerRST
		_CC2500_WriteREG
		_CC2500_WriteCommand
		_CC2500_RxData
		_CC2500_ReadREG
		_CC2500_ReadStatus
 This function uses a non-reentrant model


 *************** function _RF_Initialization *****************
 Defined at:
		line 9 in file "../src/RF_Control_B1.c"
 Parameters:    Size  Location     Type
		None
 Auto vars:     Size  Location     Type
		None
 Return value:  Size  Location     Type
		None               void
 Registers used:
		wreg, status,2, status,0, pclath, cstack
 Tracked objects:
		On entry : 
		On exit  : 
		Unchanged: 
 Data sizes:     COMMON   BANK0   BANK1   BANK2   BANK3   BANK4   BANK5   BANK6
      Params:         0       0       0       0       0       0       0       0
      Locals:         0       0       0       0       0       0       0       0
      Temps:          0       0       0       0       0       0       0       0
      Totals:         0       0       0       0       0       0       0       0
Total ram usage:        0 bytes
 Hardware stack levels used:    1
 Hardware stack levels required when called:    3
 This function calls:
		_setRF_Initialization
 This function is called by:
		_main
 This function uses a non-reentrant model


 *************** function _setRF_Initialization *****************
 Defined at:
		line 17 in file "../src/RF_Control_B1.c"
 Parameters:    Size  Location     Type
		None
 Auto vars:     Size  Location     Type
		None
 Return value:  Size  Location     Type
		None               void
 Registers used:
		wreg
 Tracked objects:
		On entry : 
		On exit  : 
		Unchanged: 
 Data sizes:     COMMON   BANK0   BANK1   BANK2   BANK3   BANK4   BANK5   BANK6
      Params:         0       0       0       0       0       0       0       0
      Locals:         0       0       0       0       0       0       0       0
      Temps:          1       0       0       0       0       0       0       0
      Totals:         1       0       0       0       0       0       0       0
Total ram usage:        1 bytes
 Hardware stack levels used:    1
 Hardware stack levels required when called:    2
 This function calls:
		Nothing
 This function is called by:
		_RF_Initialization
 This function uses a non-reentrant model


 *************** function _Mcu_Initialization *****************
 Defined at:
		line 30 in file "../src/MCU_B1.c"
 Parameters:    Size  Location     Type
		None
 Auto vars:     Size  Location     Type
		None
 Return value:  Size  Location     Type
		None               void
 Registers used:
		wreg, status,2, status,0, pclath, cstack
 Tracked objects:
		On entry : 
		On exit  : 
		Unchanged: 
 Data sizes:     COMMON   BANK0   BANK1   BANK2   BANK3   BANK4   BANK5   BANK6
      Params:         0       0       0       0       0       0       0       0
      Locals:         0       0       0       0       0       0       0       0
      Temps:          0       0       0       0       0       0       0       0
      Totals:         0       0       0       0       0       0       0       0
Total ram usage:        0 bytes
 Hardware stack levels used:    1
 Hardware stack levels required when called:    3
 This function calls:
		_Fosc_Set
		_IO_Set
		_TMR1_Set
 This function is called by:
		_main
 This function uses a non-reentrant model


 *************** function _TMR1_Set *****************
 Defined at:
		line 226 in file "../src/MCU_B1.c"
 Parameters:    Size  Location     Type
		None
 Auto vars:     Size  Location     Type
		None
 Return value:  Size  Location     Type
		None               void
 Registers used:
		wreg
 Tracked objects:
		On entry : 
		On exit  : 
		Unchanged: 
 Data sizes:     COMMON   BANK0   BANK1   BANK2   BANK3   BANK4   BANK5   BANK6
      Params:         0       0       0       0       0       0       0       0
      Locals:         0       0       0       0       0       0       0       0
      Temps:          0       0       0       0       0       0       0       0
      Totals:         0       0       0       0       0       0       0       0
Total ram usage:        0 bytes
 Hardware stack levels used:    1
 Hardware stack levels required when called:    2
 This function calls:
		Nothing
 This function is called by:
		_Mcu_Initialization
 This function uses a non-reentrant model


 *************** function _IO_Set *****************
 Defined at:
		line 60 in file "../src/MCU_B1.c"
 Parameters:    Size  Location     Type
		None
 Auto vars:     Size  Location     Type
		None
 Return value:  Size  Location     Type
		None               void
 Registers used:
		wreg, status,2
 Tracked objects:
		On entry : 
		On exit  : 
		Unchanged: 
 Data sizes:     COMMON   BANK0   BANK1   BANK2   BANK3   BANK4   BANK5   BANK6
      Params:         0       0       0       0       0       0       0       0
      Locals:         0       0       0       0       0       0       0       0
      Temps:          0       0       0       0       0       0       0       0
      Totals:         0       0       0       0       0       0       0       0
Total ram usage:        0 bytes
 Hardware stack levels used:    1
 Hardware stack levels required when called:    2
 This function calls:
		Nothing
 This function is called by:
		_Mcu_Initialization
 This function uses a non-reentrant model


 *************** function _Fosc_Set *****************
 Defined at:
		line 56 in file "../src/MCU_B1.c"
 Parameters:    Size  Location     Type
		None
 Auto vars:     Size  Location     Type
		None
 Return value:  Size  Location     Type
		None               void
 Registers used:
		wreg
 Tracked objects:
		On entry : 
		On exit  : 
		Unchanged: 
 Data sizes:     COMMON   BANK0   BANK1   BANK2   BANK3   BANK4   BANK5   BANK6
      Params:         0       0       0       0       0       0       0       0
      Locals:         0       0       0       0       0       0       0       0
      Temps:          0       0       0       0       0       0       0       0
      Totals:         0       0       0       0       0       0       0       0
Total ram usage:        0 bytes
 Hardware stack levels used:    1
 Hardware stack levels required when called:    2
 This function calls:
		Nothing
 This function is called by:
		_Mcu_Initialization
 This function uses a non-reentrant model


 *************** function _Exception_Main *****************
 Defined at:
		line 499 in file "../src/Main_B1.c"
 Parameters:    Size  Location     Type
		None
 Auto vars:     Size  Location     Type
  error           1    6[COMMON] unsigned char 
  status          1    5[COMMON] unsigned char 
  count           1    4[COMMON] unsigned char 
  lights          1    3[COMMON] unsigned char 
 Return value:  Size  Location     Type
		None               void
 Registers used:
		wreg, status,2, status,0, pclath, cstack
 Tracked objects:
		On entry : 
		On exit  : 
		Unchanged: 
 Data sizes:     COMMON   BANK0   BANK1   BANK2   BANK3   BANK4   BANK5   BANK6
      Params:         0       0       0       0       0       0       0       0
      Locals:         4       0       0       0       0       0       0       0
      Temps:          1       0       0       0       0       0       0       0
      Totals:         5       0       0       0       0       0       0       0
Total ram usage:        5 bytes
 Hardware stack levels used:    1
 Hardware stack levels required when called:    3
 This function calls:
		_getMain_All_Error_Status
 This function is called by:
		_main
 This function uses a non-reentrant model


 *************** function _getMain_All_Error_Status *****************
 Defined at:
		line 424 in file "../src/Main_B1.c"
 Parameters:    Size  Location     Type
  command         1    wreg     unsigned char 
 Auto vars:     Size  Location     Type
  command         1    0[COMMON] unsigned char 
  status          1    1[COMMON] unsigned char 
 Return value:  Size  Location     Type
                  1    wreg      unsigned char 
 Registers used:
		wreg, status,2
 Tracked objects:
		On entry : 
		On exit  : 
		Unchanged: 
 Data sizes:     COMMON   BANK0   BANK1   BANK2   BANK3   BANK4   BANK5   BANK6
      Params:         0       0       0       0       0       0       0       0
      Locals:         1       0       0       0       0       0       0       0
      Temps:          0       0       0       0       0       0       0       0
      Totals:         1       0       0       0       0       0       0       0
Total ram usage:        1 bytes
 Hardware stack levels used:    1
 Hardware stack levels required when called:    2
 This function calls:
		Nothing
 This function is called by:
		_Exception_Main
		_getRxData
 This function uses a non-reentrant model


 *************** function _ISR *****************
 Defined at:
		line 116 in file "../src/MCU_B1.c"
 Parameters:    Size  Location     Type
		None
 Auto vars:     Size  Location     Type
		None
 Return value:  Size  Location     Type
		None               void
 Registers used:
		wreg, fsr1l, fsr1h, status,2, status,0, pclath, cstack
 Tracked objects:
		On entry : 
		On exit  : 
		Unchanged: 
 Data sizes:     COMMON   BANK0   BANK1   BANK2   BANK3   BANK4   BANK5   BANK6
      Params:         0       0       0       0       0       0       0       0
      Locals:         0       0       0       0       0       0       0       0
      Temps:          1       0       0       0       0       0       0       0
      Totals:         1       0       0       0       0       0       0       0
Total ram usage:        1 bytes
 Hardware stack levels used:    1
 Hardware stack levels required when called:    1
 This function calls:
		_TMR1_ISR
 This function is called by:
		Interrupt level 1
 This function uses a non-reentrant model


 *************** function _TMR1_ISR *****************
 Defined at:
		line 236 in file "../src/MCU_B1.c"
 Parameters:    Size  Location     Type
		None
 Auto vars:     Size  Location     Type
		None
 Return value:  Size  Location     Type
		None               void
 Registers used:
		wreg, fsr1l, fsr1h, status,2, status,0
 Tracked objects:
		On entry : 
		On exit  : 
		Unchanged: 
 Data sizes:     COMMON   BANK0   BANK1   BANK2   BANK3   BANK4   BANK5   BANK6
      Params:         0       0       0       0       0       0       0       0
      Locals:         0       0       0       0       0       0       0       0
      Temps:          0       0       0       0       0       0       0       0
      Totals:         0       0       0       0       0       0       0       0
Total ram usage:        0 bytes
 Hardware stack levels used:    1
 This function calls:
		Nothing
 This function is called by:
		_ISR
 This function uses a non-reentrant model



MODULE INFORMATION

Module		Function		Class		Link	Load	Size
../src/myUARTtoRF.c
		_myUARTtoRF_Ini		CODE           	06A7	0000	7
		_myUARTtoRF_Mai		CODE           	0491	0000	40
		_uartC_timer_st		CODE           	0466	0000	43

../src/myUARTtoRF.c estimated size: 90

../src/MCU_B1.c
		_Fosc_Set      		CODE           	06CA	0000	4
		_IO_Set        		CODE           	05D5	0000	24
		_ISR           		CODE           	0004	0000	18
		_Mcu_Initializa		CODE           	069E	0000	9
		_TMR1_Set      		CODE           	0673	0000	12
		_TMR1_ISR      		CODE           	05A3	0000	26

../src/MCU_B1.c estimated size: 93

../src/CC2500_B1.c
		_DelayTime_1us 		CODE           	04E1	0000	37
		_CC2500_Frequen		CODE           	067F	0000	11
		_CC2500_SIDLEMo		CODE           	06BA	0000	4
		_CC2500_PowerOn		CODE           	0619	0000	21
		_CC2500_WriteBy		CODE           	0643	0000	20
		_CC2500_TxData 		CODE           	0266	0000	98
		_CC2500_ClearRX		CODE           	06C2	0000	4
		_CC2500_ClearTX		CODE           	06BE	0000	4
		_CC2500_InitPAT		CODE           	0586	0000	29
		_CC2500_WriteRE		CODE           	0549	0000	32
		_CC2500_PowerRS		CODE           	03C0	0000	65
		_CC2500_InitSet		CODE           	04B9	0000	40
		_CC2500_WriteCo		CODE           	05BD	0000	24

../src/CC2500_B1.c estimated size: 389

C:\Program Files (x86)\Microchip\xc8\v1.32\sources\common\lwdiv.c
		___lwdiv       		CODE           	0401	0000	54

C:\Program Files (x86)\Microchip\xc8\v1.32\sources\common\lwdiv.c estimated size: 54

../src/RF_Control_B1.c
		_RF_Initializat		CODE           	06D4	0000	3
		_getRxData     		CODE           	02C8	0000	92
		_setRF_Main    		CODE           	0038	0000	149
		_setRF_Initiali		CODE           	0694	0000	10
		_setTxData     		CODE           	00CD	0000	108
		_setRF_TimeoutC		CODE           	06C6	0000	4
		_RF_Timeout_Cou		CODE           	062E	0000	21
		_RF_Main       		CODE           	06CE	0000	3
		_setControl_Lig		CODE           	0377	0000	73
		_setLog_Code   		CODE           	0569	0000	29
		_RF_RxDisable  		CODE           	0657	0000	15

../src/RF_Control_B1.c estimated size: 507

C:\Program Files (x86)\Microchip\xc8\v1.32\sources\common\awdiv.c
		___awdiv       		CODE           	0324	0000	83

C:\Program Files (x86)\Microchip\xc8\v1.32\sources\common\awdiv.c estimated size: 83

../src/Main_B1.c
		_Exception_Main		CODE           	05ED	0000	23
		_my_MainTimer  		CODE           	0437	0000	47
		_setProductData		CODE           	068A	0000	10
		_main          		CODE           	0506	0000	35
		_myMain_Initial		CODE           	0666	0000	13
		_getMain_All_Er		CODE           	06D7	0000	3
		_getMain_All_Li		CODE           	06D1	0000	3
		_setCmd_Status 		CODE           	0604	0000	21

../src/Main_B1.c estimated size: 155

shared
		_CC2500_patable		STRCODE        	025E	0000	8
		_CC2500_rfSetti		STRCODE        	022F	0000	47
		__initializatio		CODE           	0018	0000	28
		_CC2500_registe		STRCODE        	0200	0000	47

shared estimated size: 130

