Microchip MPLAB XC8 Compiler V1.32 ()

Linker command line:

--edf=C:\Program Files (x86)\Microchip\xc8\v1.32\dat\en_msgs.txt -cs \
  -h+dist/default/production\0-4.UARTtoRF.X.production.sym \
  --cmf=dist/default/production\0-4.UARTtoRF.X.production.cmf -z -Q16F1516 \
  -oC:\Users\taianluo\AppData\Local\Temp\s4gs.6 \
  -Mdist/default/production/0-4.UARTtoRF.X.production.map -E1 -ver=XC8 \
  -ASTACK=0208Eh-021efh -pstack=STACK -ACONST=00h-0FFhx32 \
  -ACODE=00h-07FFhx4 -ASTRCODE=00h-01FFFh -AENTRY=00h-0FFhx32 \
  -ASTRING=00h-0FFhx32 -ACOMMON=070h-07Fh -ABANK0=020h-06Fh \
  -ABANK1=0A0h-0EFh -ABANK2=0120h-016Fh -ABANK3=01A0h-01EFh \
  -ABANK4=0220h-026Fh -ABANK5=02A0h-02EFh -ABANK6=0320h-032Fh \
  -ABIGRAM=02000h-021EFh \
  -ARAM=020h-06Fh,0A0h-0EFh,0120h-016Fh,01A0h-01EFh,0220h-026Fh,02A0h-02EFh,0320h-032Fh \
  -AABS1=020h-07Fh,0A0h-0EFh,0120h-016Fh,01A0h-01EFh,0220h-026Fh,02A0h-02EFh,0320h-032Fh \
  -ASFR0=00h-01Fh -ASFR1=080h-09Fh -ASFR2=0100h-011Fh -ASFR3=0180h-019Fh \
  -ASFR4=0200h-021Fh -ASFR5=0280h-029Fh -ASFR6=0300h-031Fh \
  -ASFR7=0380h-03EFh -ASFR8=0400h-046Fh -ASFR9=0480h-04EFh \
  -ASFR10=0500h-056Fh -ASFR11=0580h-05EFh -ASFR12=0600h-066Fh \
  -ASFR13=0680h-06EFh -ASFR14=0700h-076Fh -ASFR15=0780h-07EFh \
  -ASFR16=0800h-086Fh -ASFR17=0880h-08EFh -ASFR18=0900h-096Fh \
  -ASFR19=0980h-09EFh -ASFR20=0A00h-0A6Fh -ASFR21=0A80h-0AEFh \
  -ASFR22=0B00h-0B6Fh -ASFR23=0B80h-0BEFh -ASFR24=0C00h-0C6Fh \
  -ASFR25=0C80h-0CEFh -ASFR26=0D00h-0D6Fh -ASFR27=0D80h-0DEFh \
  -ASFR28=0E00h-0E6Fh -ASFR29=0E80h-0EEFh -ASFR30=0F00h-0F6Fh \
  -ASFR31=0F80h-0FEFh -preset_vec=00h,intentry=04h,init,end_init \
  -ppowerup=CODE -pcinit=CODE -pfunctab=CODE -ACONFIG=08007h-08008h \
  -pconfig=CONFIG -DCONFIG=2 -AIDLOC=08000h-08003h -pidloc=IDLOC -DIDLOC=2 \
  -DCODE=2 -DSTRCODE=2 -DSTRING=2 -DCONST=2 -DENTRY=2 -k \
  C:\Users\taianluo\AppData\Local\Temp\s4gs.obj \
  dist/default/production\0-4.UARTtoRF.X.production.obj 

Object code version is 3.11

Machine type is 16F1516



                Name                               Link     Load   Length Selector   Space Scale
C:\Users\taianluo\AppData\Local\Temp\s4gs.obj
                end_init                             13       13        2        8       0
                reset_vec                             0        0        2        0       0
                config                             8007     8007        2    1000E       0
dist/default/production\0-4.UARTtoRF.X.production.obj
                cinit                                15       15       22        8       0
                intentry                              4        4        F        8       0
                text42                              4DF      4DF       1F      4CC       0
                text41                              61E      61E        6      4CC       0
                text40                              3DF      3DF       2E      4CC       0
                text38                              578      578       15      4CC       0
                text37                              563      563       15      4CC       0
                text36                              629      629        5      4CC       0
                text35                              536      536       18      4CC       0
                text34                              63A      63A        4      4CC       0
                text33                              636      636        4      4CC       0
                text32                              437      437       26      4CC       0
                text31                              5F5      5F5        B      4CC       0
                text30                              4A0      4A0       20      4CC       0
                text29                              4C0      4C0       1F      4CC       0
                text28                              40D      40D       2A      4CC       0
                text27                              39E      39E       41      4CC       0
                text26                              632      632        4      4CC       0
                text25                              54E      54E       15      4CC       0
                text24                              62E      62E        4      4CC       0
                text23                              5A1      5A1       13      4CC       0
                text22                              5E9      5E9        C      4CC       0
                text21                              58D      58D       14      4CC       0
                text20                              5DD      5DD        C      4CC       0
                text19                              600      600        A      4CC       0
                text18                              644      644        3      4CC       0
                text17                              266      266       5A      4CC       0
                text16                              5B4      5B4        F      4CC       0
                text15                              641      641        3      4CC       0
                text14                              16A      16A       70        8       0
                text13                              35A      35A       44      4CC       0
                text12                              51A      51A       1C      4CC       0
                text11                               E3       E3       87        8       0
                text10                               37       37       AC        8       0
                text9                               63E      63E        3      4CC       0
                text8                               314      314       46      4CC       0
                text7                               60A      60A        8      4CC       0
                text6                               4FE      4FE       1C      4CC       0
                text5                               5D0      5D0        D      4CC       0
                text4                               5C3      5C3        D      4CC       0
                text3                               624      624        5      4CC       0
                text2                               647      647        1      4CC       0
                text1                               2C0      2C0       54      4CC       0
                maintext                            45D      45D       23      4CC       0
                cstackBANK0                          52       52        C       20       1
                cstackCOMMON                         70       70        6       70       1
                inittext                            618      618        6      4CC       0
                clrtext                             612      612        6      4CC       0
                dataBANK1                            A0       A0       20       A0       1
                bssBANK1                             C0       C0       1E       A0       1
                bssBANK0                             20       20       32       20       1
                bssCOMMON                            77       77        2       70       1
                bitbssCOMMON                        3B0       76        2       70       1     8
                nvBANK0                              5E       5E        1       20       1
                nvCOMMON                             79       79        1       70       1
                stringtext                          200      200       66        4       0
                idataBANK1                          480      480       20      4CC       0

TOTAL           Name                               Link     Load   Length     Space
        CLASS   STACK          

        CLASS   CONST          

        CLASS   CODE           
                end_init                             13       13        2         0
                cinit                                15       15       22         0
                intentry                              4        4        F         0
                reset_vec                             0        0        2         0
                text42                              4DF      4DF       1F         0
                text41                              61E      61E        6         0
                text40                              3DF      3DF       2E         0
                text38                              578      578       15         0
                text37                              563      563       15         0
                text36                              629      629        5         0
                text35                              536      536       18         0
                text34                              63A      63A        4         0
                text33                              636      636        4         0
                text32                              437      437       26         0
                text31                              5F5      5F5        B         0
                text30                              4A0      4A0       20         0
                text29                              4C0      4C0       1F         0
                text28                              40D      40D       2A         0
                text27                              39E      39E       41         0
                text26                              632      632        4         0
                text25                              54E      54E       15         0
                text24                              62E      62E        4         0
                text23                              5A1      5A1       13         0
                text22                              5E9      5E9        C         0
                text21                              58D      58D       14         0
                text20                              5DD      5DD        C         0
                text19                              600      600        A         0
                text18                              644      644        3         0
                text17                              266      266       5A         0
                text16                              5B4      5B4        F         0
                text15                              641      641        3         0
                text14                              16A      16A       70         0
                text13                              35A      35A       44         0
                text12                              51A      51A       1C         0
                text11                               E3       E3       87         0
                text10                               37       37       AC         0
                text9                               63E      63E        3         0
                text8                               314      314       46         0
                text7                               60A      60A        8         0
                text6                               4FE      4FE       1C         0
                text5                               5D0      5D0        D         0
                text4                               5C3      5C3        D         0
                text3                               624      624        5         0
                text2                               647      647        1         0
                text1                               2C0      2C0       54         0
                maintext                            45D      45D       23         0
                inittext                            618      618        6         0
                clrtext                             612      612        6         0
                idataBANK1                          480      480       20         0

        CLASS   STRCODE        
                stringtext                          200      200       66         0

        CLASS   ENTRY          

        CLASS   STRING         

        CLASS   COMMON         
                cstackCOMMON                         70       70        6         1
                bssCOMMON                            77       77        2         1
                bitbssCOMMON                        3B0       76        2         1
                nvCOMMON                             79       79        1         1

        CLASS   BANK0          
                cstackBANK0                          52       52        C         1
                bssBANK0                             20       20       32         1
                nvBANK0                              5E       5E        1         1

        CLASS   BANK1          
                dataBANK1                            A0       A0       20         1
                bssBANK1                             C0       C0       1E         1

        CLASS   BANK2          

        CLASS   BANK3          

        CLASS   BANK4          

        CLASS   BANK5          

        CLASS   BANK6          

        CLASS   BIGRAM         

        CLASS   RAM            

        CLASS   ABS1           
                abs_s1                               7E       7E        2         1

        CLASS   SFR0           

        CLASS   SFR1           

        CLASS   SFR2           

        CLASS   SFR3           

        CLASS   SFR4           

        CLASS   SFR5           

        CLASS   SFR6           

        CLASS   SFR7           

        CLASS   SFR8           

        CLASS   SFR9           

        CLASS   SFR10          

        CLASS   SFR11          

        CLASS   SFR12          

        CLASS   SFR13          

        CLASS   SFR14          

        CLASS   SFR15          

        CLASS   SFR16          

        CLASS   SFR17          

        CLASS   SFR18          

        CLASS   SFR19          

        CLASS   SFR20          

        CLASS   SFR21          

        CLASS   SFR22          

        CLASS   SFR23          

        CLASS   SFR24          

        CLASS   SFR25          

        CLASS   SFR26          

        CLASS   SFR27          

        CLASS   SFR28          

        CLASS   SFR29          

        CLASS   SFR30          

        CLASS   SFR31          

        CLASS   CONFIG         
                config                             8007     8007        2         0

        CLASS   IDLOC          

        CLASS   BANK31         

        CLASS   BANK30         

        CLASS   BANK29         

        CLASS   BANK28         

        CLASS   BANK27         

        CLASS   BANK26         

        CLASS   BANK25         

        CLASS   BANK24         

        CLASS   BANK23         

        CLASS   BANK22         

        CLASS   BANK21         

        CLASS   BANK20         

        CLASS   BANK19         

        CLASS   BANK18         

        CLASS   BANK17         

        CLASS   BANK16         

        CLASS   BANK15         

        CLASS   BANK14         

        CLASS   BANK13         

        CLASS   BANK12         

        CLASS   BANK11         

        CLASS   BANK10         

        CLASS   BANK9          

        CLASS   BANK8          

        CLASS   BANK7          

        CLASS   EEDATA         



SEGMENTS        Name                           Load    Length   Top    Selector   Space  Class     Delta

                reset_vec                      000000  000002  000002         0       0  CODE        2
                intentry                       000004  0001D6  0001DA         8       0  CODE        2
                bssBANK0                       000020  00003F  00005F        20       1  BANK0       1
                cstackCOMMON                   000070  00000A  00007A        70       1  COMMON      1
                dataBANK1                      0000A0  00003E  0000DE        A0       1  BANK1       1
                stringtext                     000200  000066  000266         4       0  STRCODE     2
                text17                         000266  0003E2  000648       4CC       0  CODE        2
                config                         008007  000002  008009     1000E       0  CONFIG      2


UNUSED ADDRESS RANGES

        Name                Unused          Largest block    Delta
        BANK0            0005F-0006F              11           1
        BANK1            000DE-000EF              12           1
        BANK2            00120-0016F              50           1
        BANK3            001A0-001EF              50           1
        BANK4            00220-0026F              50           1
        BANK5            002A0-002EF              50           1
        BANK6            00320-0032F              10           1
        BIGRAM           02000-021EF             1F0           1
        CODE             00002-00003               2           2
                         001DA-001FF              26
                         00648-01FFF             800
        COMMON           0007A-0007D               4           1
        CONST            00002-00003               2           2
                         001DA-001FF              26
                         00648-01FFF             100
        ENTRY            00002-00003               2           2
                         001DA-001FF              26
                         00648-01FFF             100
        IDLOC            08000-08003               4           2
        RAM              0005F-0006F              11           1
                         000DE-000EF              12
                         00120-0016F              50
                         001A0-001EF              50
                         00220-0026F              50
                         002A0-002EF              50
                         00320-0032F              10
        SFR0             00000-0001F              20           1
        SFR1             00080-0009F              20           1
        SFR10            00500-0056F              70           1
        SFR11            00580-005EF              70           1
        SFR12            00600-0066F              70           1
        SFR13            00680-006EF              70           1
        SFR14            00700-0076F              70           1
        SFR15            00780-007EF              70           1
        SFR16            00800-0086F              70           1
        SFR17            00880-008EF              70           1
        SFR18            00900-0096F              70           1
        SFR19            00980-009EF              70           1
        SFR2             00100-0011F              20           1
        SFR20            00A00-00A6F              70           1
        SFR21            00A80-00AEF              70           1
        SFR22            00B00-00B6F              70           1
        SFR23            00B80-00BEF              70           1
        SFR24            00C00-00C6F              70           1
        SFR25            00C80-00CEF              70           1
        SFR26            00D00-00D6F              70           1
        SFR27            00D80-00DEF              70           1
        SFR28            00E00-00E6F              70           1
        SFR29            00E80-00EEF              70           1
        SFR3             00180-0019F              20           1
        SFR30            00F00-00F6F              70           1
        SFR31            00F80-00FEF              70           1
        SFR4             00200-0021F              20           1
        SFR5             00280-0029F              20           1
        SFR6             00300-0031F              20           1
        SFR7             00380-003EF              70           1
        SFR8             00400-0046F              70           1
        SFR9             00480-004EF              70           1
        STACK            0208E-021EF             162           1
        STRCODE          00002-00003               2           2
                         001DA-001FF              26
                         00648-01FFF            19B8
        STRING           00002-00003               2           2
                         001DA-001FF              26
                         00648-01FFF             100

                                  Symbol Table

CC2500_InitPATable@loop_d           cstackBANK0  00057
CC2500_InitPATable@temp             cstackBANK0  00056
CC2500_InitSetREG@loop_c            cstackBANK0  00058
CC2500_InitSetREG@temp1             cstackBANK0  00056
CC2500_InitSetREG@temp2             cstackBANK0  00057
CC2500_TxData@loop_e                cstackBANK0  00055
CC2500_WriteByte@loop_a             cstackCOMMON 00075
CC2500_WriteCommand@command         cstackBANK0  00053
CC2500_WriteREG@value               cstackBANK0  00052
CC2500_WriteREG@w_addr              cstackBANK0  00054
DelayTime_1us@count                 cstackCOMMON 00074
DelayTime_1us@i                     cstackBANK0  00052
DelayTime_1us@j                     cstackBANK0  00054
UART_ISR@i                          cstackCOMMON 00071
UART_Transmit@i                     cstackBANK0  00052
_ANSELA                             (abs)        0018C
_ANSELB                             (abs)        0018D
_ANSELC                             (abs)        0018E
_BRG16                              (abs)        00CFB
_CC2500_ClearRXFIFO                 text34       0063A
_CC2500_ClearTXFIFO                 text33       00636
_CC2500_FrequencyCabr               text31       005F5
_CC2500_InitPATable                 text29       004C0
_CC2500_InitSetREG                  text28       0040D
_CC2500_PowerOnInitial              text25       0054E
_CC2500_PowerRST                    text27       0039E
_CC2500_SIDLEMode                   text26       00632
_CC2500_TxData                      text17       00266
_CC2500_WriteByte                   text38       00578
_CC2500_WriteCommand                text35       00536
_CC2500_WriteREG                    text30       004A0
_CC2500_patable_vaule               stringtext   0025E
_CC2500_registers_address           stringtext   00200
_CC2500_rfSettings                  stringtext   0022F
_CRC                                bssBANK0     00040
_DelayTime_1us                      text32       00437
_Fosc_Set                           text24       0062E
_GIE                                (abs)        0005F
_IO_Set                             text23       005A1
_ISR                                intentry     00004
_LATA                               (abs)        0010C
_LATB                               (abs)        0010D
_LATC                               (abs)        0010E
_Mcu_Initialization                 text20       005DD
_OSCCON                             (abs)        00099
_PEIE                               (abs)        0005E
_PORTA                              (abs)        0000C
_PORTB                              (abs)        0000D
_PORTC                              (abs)        0000E
_RA0                                (abs)        00060
_RA1                                (abs)        00061
_RA2                                (abs)        00062
_RC0                                (abs)        00070
_RC1                                (abs)        00071
_RC3                                (abs)        00073
_RC4                                (abs)        00074
_RC5                                (abs)        00075
_RCIE                               (abs)        0048D
_RCIF                               (abs)        0008D
_RCREG                              (abs)        00199
_RCSTA                              (abs)        0019D
_RF1                                bssBANK0     0002F
_RF_Count                           bssBANK0     0003E
_RF_Data                            bssBANK1     000C0
_RF_Initialization                  text18       00644
_RF_Main                            text9        0063E
_RF_RxDisable                       text16       005B4
_RSSI                               bssBANK0     00041
_RX9                                (abs)        00CEE
_Receive_OK                         bitbssCOMMON 003B0
_Rx_Length                          bssBANK0     00042
_SPBRG                              (abs)        0019B
_SPBRGH                             (abs)        0019C
_SPI0Buffer                         bssCOMMON    00077
_SwDetect                           bssBANK0     00043
_T1CON                              (abs)        00018
_TMR1H                              (abs)        00017
_TMR1IE                             (abs)        00488
_TMR1IF                             (abs)        00088
_TMR1L                              (abs)        00016
_TMR1_ISR                           text42       004DF
_TMR1_Set                           text22       005E9
_TRISA                              (abs)        0008C
_TRISB                              (abs)        0008D
_TRISC                              (abs)        0008E
_TRISC6                             (abs)        00476
_TRISC7                             (abs)        00477
_TX9                                (abs)        00CF6
_TXIE                               (abs)        0048C
_TXIF                               (abs)        0008C
_TXREG                              (abs)        0019A
_TXSTA                              (abs)        0019E
_Timeout_Counter                    text37       00563
_Timer1                             bssBANK0     0003B
_Transceive_OK                      bitbssCOMMON 003B1
_Tx_Length                          nvBANK0      0005E
_UART                               bssBANK0     00046
_UART_ISR                           text40       003DF
_UART_Main                          text5        005D0
_UART_Receive                       text8        00314
_UART_Set                           text21       0058D
_UART_Transmit                      text6        004FE
__CFG_BOREN$OFF                     (abs)        00000
__CFG_FOSC$INTOSC                   (abs)        00000
__CFG_VCAPEN$OFF                    (abs)        00000
__CFG_WDTE$OFF                      (abs)        00000
__CFG_WRT$BOOT                      (abs)        00000
__Habs1                             abs1         00000
__Hbank0                            bank0        00000
__Hbank1                            bank1        00000
__Hbank10                           bank10       00000
__Hbank11                           bank11       00000
__Hbank12                           bank12       00000
__Hbank13                           bank13       00000
__Hbank14                           bank14       00000
__Hbank15                           bank15       00000
__Hbank16                           bank16       00000
__Hbank17                           bank17       00000
__Hbank18                           bank18       00000
__Hbank19                           bank19       00000
__Hbank2                            bank2        00000
__Hbank20                           bank20       00000
__Hbank21                           bank21       00000
__Hbank22                           bank22       00000
__Hbank23                           bank23       00000
__Hbank24                           bank24       00000
__Hbank25                           bank25       00000
__Hbank26                           bank26       00000
__Hbank27                           bank27       00000
__Hbank28                           bank28       00000
__Hbank29                           bank29       00000
__Hbank3                            bank3        00000
__Hbank30                           bank30       00000
__Hbank31                           bank31       00000
__Hbank4                            bank4        00000
__Hbank5                            bank5        00000
__Hbank6                            bank6        00000
__Hbank7                            bank7        00000
__Hbank8                            bank8        00000
__Hbank9                            bank9        00000
__Hbigram                           bigram       00000
__HbitbssCOMMON                     bitbssCOMMON 00000
__HbssBANK0                         bssBANK0     00000
__HbssBANK1                         bssBANK1     00000
__HbssCOMMON                        bssCOMMON    00000
__Hcinit                            cinit        00037
__Hclrtext                          clrtext      00000
__Hcode                             code         00000
__Hcommon                           common       00000
__Hconfig                           config       08009
__HcstackBANK0                      cstackBANK0  00000
__HcstackCOMMON                     cstackCOMMON 00000
__HdataBANK1                        dataBANK1    00000
__Heeprom_data                      eeprom_data  00000
__Hend_init                         end_init     00015
__Hfunctab                          functab      00000
__HidataBANK1                       idataBANK1   00000
__Hidloc                            idloc        00000
__Hinit                             init         00013
__Hinittext                         inittext     00000
__Hintentry                         intentry     00013
__Hmaintext                         maintext     00000
__HnvBANK0                          nvBANK0      00000
__HnvCOMMON                         nvCOMMON     00000
__Hpowerup                          powerup      00000
__Hram                              ram          00000
__Hreset_vec                        reset_vec    00002
__Hsfr0                             sfr0         00000
__Hsfr1                             sfr1         00000
__Hsfr10                            sfr10        00000
__Hsfr11                            sfr11        00000
__Hsfr12                            sfr12        00000
__Hsfr13                            sfr13        00000
__Hsfr14                            sfr14        00000
__Hsfr15                            sfr15        00000
__Hsfr16                            sfr16        00000
__Hsfr17                            sfr17        00000
__Hsfr18                            sfr18        00000
__Hsfr19                            sfr19        00000
__Hsfr2                             sfr2         00000
__Hsfr20                            sfr20        00000
__Hsfr21                            sfr21        00000
__Hsfr22                            sfr22        00000
__Hsfr23                            sfr23        00000
__Hsfr24                            sfr24        00000
__Hsfr25                            sfr25        00000
__Hsfr26                            sfr26        00000
__Hsfr27                            sfr27        00000
__Hsfr28                            sfr28        00000
__Hsfr29                            sfr29        00000
__Hsfr3                             sfr3         00000
__Hsfr30                            sfr30        00000
__Hsfr31                            sfr31        00000
__Hsfr4                             sfr4         00000
__Hsfr5                             sfr5         00000
__Hsfr6                             sfr6         00000
__Hsfr7                             sfr7         00000
__Hsfr8                             sfr8         00000
__Hsfr9                             sfr9         00000
__Hspace_0                          (abs)        08009
__Hspace_1                          (abs)        003B2
__Hspace_2                          (abs)        00000
__Hspace_3                          (abs)        00000
__Hstack                            stack        00000
__Hstrings                          strings      00000
__Hstringtext                       stringtext   00000
__Htext                             text         00000
__Labs1                             abs1         00000
__Lbank0                            bank0        00000
__Lbank1                            bank1        00000
__Lbank10                           bank10       00000
__Lbank11                           bank11       00000
__Lbank12                           bank12       00000
__Lbank13                           bank13       00000
__Lbank14                           bank14       00000
__Lbank15                           bank15       00000
__Lbank16                           bank16       00000
__Lbank17                           bank17       00000
__Lbank18                           bank18       00000
__Lbank19                           bank19       00000
__Lbank2                            bank2        00000
__Lbank20                           bank20       00000
__Lbank21                           bank21       00000
__Lbank22                           bank22       00000
__Lbank23                           bank23       00000
__Lbank24                           bank24       00000
__Lbank25                           bank25       00000
__Lbank26                           bank26       00000
__Lbank27                           bank27       00000
__Lbank28                           bank28       00000
__Lbank29                           bank29       00000
__Lbank3                            bank3        00000
__Lbank30                           bank30       00000
__Lbank31                           bank31       00000
__Lbank4                            bank4        00000
__Lbank5                            bank5        00000
__Lbank6                            bank6        00000
__Lbank7                            bank7        00000
__Lbank8                            bank8        00000
__Lbank9                            bank9        00000
__Lbigram                           bigram       00000
__LbitbssCOMMON                     bitbssCOMMON 00000
__LbssBANK0                         bssBANK0     00000
__LbssBANK1                         bssBANK1     00000
__LbssCOMMON                        bssCOMMON    00000
__Lcinit                            cinit        00015
__Lclrtext                          clrtext      00000
__Lcode                             code         00000
__Lcommon                           common       00000
__Lconfig                           config       08007
__LcstackBANK0                      cstackBANK0  00000
__LcstackCOMMON                     cstackCOMMON 00000
__LdataBANK1                        dataBANK1    00000
__Leeprom_data                      eeprom_data  00000
__Lend_init                         end_init     00013
__Lfunctab                          functab      00000
__LidataBANK1                       idataBANK1   00000
__Lidloc                            idloc        00000
__Linit                             init         00013
__Linittext                         inittext     00000
__Lintentry                         intentry     00004
__Lmaintext                         maintext     00000
__LnvBANK0                          nvBANK0      00000
__LnvCOMMON                         nvCOMMON     00000
__Lpowerup                          powerup      00000
__Lram                              ram          00000
__Lreset_vec                        reset_vec    00000
__Lsfr0                             sfr0         00000
__Lsfr1                             sfr1         00000
__Lsfr10                            sfr10        00000
__Lsfr11                            sfr11        00000
__Lsfr12                            sfr12        00000
__Lsfr13                            sfr13        00000
__Lsfr14                            sfr14        00000
__Lsfr15                            sfr15        00000
__Lsfr16                            sfr16        00000
__Lsfr17                            sfr17        00000
__Lsfr18                            sfr18        00000
__Lsfr19                            sfr19        00000
__Lsfr2                             sfr2         00000
__Lsfr20                            sfr20        00000
__Lsfr21                            sfr21        00000
__Lsfr22                            sfr22        00000
__Lsfr23                            sfr23        00000
__Lsfr24                            sfr24        00000
__Lsfr25                            sfr25        00000
__Lsfr26                            sfr26        00000
__Lsfr27                            sfr27        00000
__Lsfr28                            sfr28        00000
__Lsfr29                            sfr29        00000
__Lsfr3                             sfr3         00000
__Lsfr30                            sfr30        00000
__Lsfr31                            sfr31        00000
__Lsfr4                             sfr4         00000
__Lsfr5                             sfr5         00000
__Lsfr6                             sfr6         00000
__Lsfr7                             sfr7         00000
__Lsfr8                             sfr8         00000
__Lsfr9                             sfr9         00000
__Lspace_0                          (abs)        00000
__Lspace_1                          (abs)        00000
__Lspace_2                          (abs)        00000
__Lspace_3                          (abs)        00000
__Lstack                            stack        00000
__Lstrings                          strings      00000
__Lstringtext                       stringtext   00000
__Ltext                             text         00000
__S0                                (abs)        08009
__S1                                (abs)        000DE
__S2                                (abs)        00000
___int_sp                           stack        00000
___latbits                          (abs)        00002
___sp                               stack        00000
__end_of_CC2500_ClearRXFIFO         text34       0063E
__end_of_CC2500_ClearTXFIFO         text33       0063A
__end_of_CC2500_FrequencyCabr       text31       00600
__end_of_CC2500_InitPATable         text29       004DF
__end_of_CC2500_InitSetREG          text28       00437
__end_of_CC2500_PowerOnInitial      text25       00563
__end_of_CC2500_PowerRST            text27       003DF
__end_of_CC2500_SIDLEMode           text26       00636
__end_of_CC2500_TxData              text17       002C0
__end_of_CC2500_WriteByte           text38       0058D
__end_of_CC2500_WriteCommand        text35       0054E
__end_of_CC2500_WriteREG            text30       004C0
__end_of_CC2500_patable_vaule       stringtext   00266
__end_of_CC2500_registers_address   stringtext   0022F
__end_of_CC2500_rfSettings          stringtext   0025E
__end_of_DelayTime_1us              text32       0045D
__end_of_Fosc_Set                   text24       00632
__end_of_IO_Set                     text23       005B4
__end_of_ISR                        intentry     00013
__end_of_Mcu_Initialization         text20       005E9
__end_of_RF_Initialization          text18       00647
__end_of_RF_Main                    text9        00641
__end_of_RF_RxDisable               text16       005C3
__end_of_TMR1_ISR                   text42       004FE
__end_of_TMR1_Set                   text22       005F5
__end_of_Timeout_Counter            text37       00578
__end_of_UART_ISR                   text40       0040D
__end_of_UART_Main                  text5        005DD
__end_of_UART_Receive               text8        0035A
__end_of_UART_Set                   text21       005A1
__end_of_UART_Transmit              text6        0051A
__end_of__initialization            cinit        00033
__end_of_getMain_All_Error_Status   text15       00644
__end_of_getRxData                  text11       0016A
__end_of_getch                      text41       00624
__end_of_main                       maintext     00480
__end_of_myMain_Initialization      text4        005D0
__end_of_myUARTtoRF_Initialization  text3        00629
__end_of_myUARTtoRF_Main            text2        00648
__end_of_my_MainTimer               text1        00314
__end_of_putch                      text7        00612
__end_of_setControl_Lights_Table    text13       0039E
__end_of_setLog_Code                text12       00536
__end_of_setRF_Initialization       text19       0060A
__end_of_setRF_Main                 text10       000E3
__end_of_setTxData                  text14       001DA
__end_of_set_TimeoutCleared         text36       0062E
__initialization                    cinit        00015
__pbitbssCOMMON                     bitbssCOMMON 003B0
__pbssBANK0                         bssBANK0     00020
__pbssBANK1                         bssBANK1     000C0
__pbssCOMMON                        bssCOMMON    00077
__pcstackBANK0                      cstackBANK0  00052
__pcstackCOMMON                     cstackCOMMON 00070
__pdataBANK1                        dataBANK1    000A0
__pidataBANK1                       idataBANK1   00480
__pintentry                         intentry     00004
__pmaintext                         maintext     0045D
__pnvBANK0                          nvBANK0      0005E
__pnvCOMMON                         nvCOMMON     00079
__product                           dataBANK1    000A0
__pstringtext                       stringtext   00200
__ptext1                            text1        002C0
__ptext10                           text10       00037
__ptext11                           text11       000E3
__ptext12                           text12       0051A
__ptext13                           text13       0035A
__ptext14                           text14       0016A
__ptext15                           text15       00641
__ptext16                           text16       005B4
__ptext17                           text17       00266
__ptext18                           text18       00644
__ptext19                           text19       00600
__ptext2                            text2        00647
__ptext20                           text20       005DD
__ptext21                           text21       0058D
__ptext22                           text22       005E9
__ptext23                           text23       005A1
__ptext24                           text24       0062E
__ptext25                           text25       0054E
__ptext26                           text26       00632
__ptext27                           text27       0039E
__ptext28                           text28       0040D
__ptext29                           text29       004C0
__ptext3                            text3        00624
__ptext30                           text30       004A0
__ptext31                           text31       005F5
__ptext32                           text32       00437
__ptext33                           text33       00636
__ptext34                           text34       0063A
__ptext35                           text35       00536
__ptext36                           text36       00629
__ptext37                           text37       00563
__ptext38                           text38       00578
__ptext4                            text4        005C3
__ptext40                           text40       003DF
__ptext41                           text41       0061E
__ptext42                           text42       004DF
__ptext5                            text5        005D0
__ptext6                            text6        004FE
__ptext7                            text7        0060A
__ptext8                            text8        00314
__ptext9                            text9        0063E
__size_of_CC2500_ClearRXFIFO        (abs)        00000
__size_of_CC2500_ClearTXFIFO        (abs)        00000
__size_of_CC2500_FrequencyCabr      (abs)        00000
__size_of_CC2500_InitPATable        (abs)        00000
__size_of_CC2500_InitSetREG         (abs)        00000
__size_of_CC2500_PowerOnInitial     (abs)        00000
__size_of_CC2500_PowerRST           (abs)        00000
__size_of_CC2500_SIDLEMode          (abs)        00000
__size_of_CC2500_TxData             (abs)        00000
__size_of_CC2500_WriteByte          (abs)        00000
__size_of_CC2500_WriteCommand       (abs)        00000
__size_of_CC2500_WriteREG           (abs)        00000
__size_of_DelayTime_1us             (abs)        00000
__size_of_Fosc_Set                  (abs)        00000
__size_of_IO_Set                    (abs)        00000
__size_of_ISR                       (abs)        00000
__size_of_Mcu_Initialization        (abs)        00000
__size_of_RF_Initialization         (abs)        00000
__size_of_RF_Main                   (abs)        00000
__size_of_RF_RxDisable              (abs)        00000
__size_of_TMR1_ISR                  (abs)        00000
__size_of_TMR1_Set                  (abs)        00000
__size_of_Timeout_Counter           (abs)        00000
__size_of_UART_ISR                  (abs)        00000
__size_of_UART_Main                 (abs)        00000
__size_of_UART_Receive              (abs)        00000
__size_of_UART_Set                  (abs)        00000
__size_of_UART_Transmit             (abs)        00000
__size_of_getMain_All_Error_Status  (abs)        00000
__size_of_getRxData                 (abs)        00000
__size_of_getch                     (abs)        00000
__size_of_main                      (abs)        00000
__size_of_myMain_Initialization     (abs)        00000
__size_of_myUARTtoRF_Initialization (abs)        00000
__size_of_myUARTtoRF_Main           (abs)        00000
__size_of_my_MainTimer              (abs)        00000
__size_of_putch                     (abs)        00000
__size_of_setControl_Lights_Table   (abs)        00000
__size_of_setLog_Code               (abs)        00000
__size_of_setRF_Initialization      (abs)        00000
__size_of_setRF_Main                (abs)        00000
__size_of_setTxData                 (abs)        00000
__size_of_set_TimeoutCleared        (abs)        00000
_getMain_All_Error_Status           text15       00641
_getRxData                          text11       000E3
_getch                              text41       0061E
_main                               maintext     0045D
_myMain                             bssBANK0     00020
_myMain_Initialization              text4        005C3
_myUARTtoRF_Initialization          text3        00624
_myUARTtoRF_Main                    text2        00647
_my_MainTimer                       text1        002C0
_product                            nvCOMMON     00079
_putch                              text7        0060A
_r_address                          bssBANK0     00044
_r_data                             bssBANK0     00045
_s_data                             bssCOMMON    00078
_setControl_Lights_Table            text13       0035A
_setLog_Code                        text12       0051A
_setRF_Initialization               text19       00600
_setRF_Main                         text10       00037
_setTxData                          text14       0016A
_set_TimeoutCleared                 text36       00629
btemp                               (abs)        0007E
clear_ram0                          clrtext      00612
end_of_initialization               cinit        00033
getMain_All_Error_Status@status     cstackCOMMON 00074
getRxData@error                     cstackBANK0  00052
init_ram                            inittext     00618
intlevel0                           functab      00000
intlevel1                           functab      00000
intlevel2                           functab      00000
intlevel3                           functab      00000
intlevel4                           functab      00000
intlevel5                           functab      00000
ltemp                               (abs)        0007E
ltemp0                              (abs)        0007E
ltemp1                              (abs)        00082
ltemp2                              (abs)        00086
ltemp3                              (abs)        00080
pic14e$flags                        (abs)        0007E
putch@byte                          cstackCOMMON 00074
reset_vec                           reset_vec    00000
setRF_Main@Receive_OK               cstackBANK0  00058
setRF_Main@error                    cstackBANK0  00059
setRF_Main@loop_f                   cstackBANK0  00057
stackhi                             (abs)        021EF
stacklo                             (abs)        0208E
start                               init         00013
start_initialization                cinit        00015
ttemp                               (abs)        0007E
ttemp0                              (abs)        0007E
ttemp1                              (abs)        00081
ttemp2                              (abs)        00084
ttemp3                              (abs)        00087
ttemp4                              (abs)        0007F
wtemp                               (abs)        0007E
wtemp0                              (abs)        0007E
wtemp1                              (abs)        00080
wtemp2                              (abs)        00082
wtemp3                              (abs)        00084
wtemp4                              (abs)        00086
wtemp5                              (abs)        00088
wtemp6                              (abs)        0007F


FUNCTION INFORMATION:

 *************** function _main *****************
 Defined at:
		line 7 in file "../src/Main_B1.c"
 Parameters:    Size  Location     Type
  argc            2    8[BANK0 ] int 
  argv            2   10[BANK0 ] PTR PTR unsigned char 
 Auto vars:     Size  Location     Type
		None
 Return value:  Size  Location     Type
                  2    8[BANK0 ] int 
 Registers used:
		wreg, fsr0l, fsr0h, fsr1l, fsr1h, status,2, status,0, pclath, cstack
 Tracked objects:
		On entry : 
		On exit  : 
		Unchanged: 
 Data sizes:     COMMON   BANK0   BANK1   BANK2   BANK3   BANK4   BANK5   BANK6
      Params:         0       4       0       0       0       0       0       0
      Locals:         0       0       0       0       0       0       0       0
      Temps:          0       0       0       0       0       0       0       0
      Totals:         0       4       0       0       0       0       0       0
Total ram usage:        4 bytes
 Hardware stack levels required when called:    8
 This function calls:
		_CC2500_PowerOnInitial
		_Mcu_Initialization
		_RF_Initialization
		_RF_Main
		_UART_Main
		_myMain_Initialization
		_myUARTtoRF_Initialization
		_myUARTtoRF_Main
		_my_MainTimer
 This function is called by:
		Startup code after reset
 This function uses a non-reentrant model


 *************** function _my_MainTimer *****************
 Defined at:
		line 181 in file "../src/Main_B1.c"
 Parameters:    Size  Location     Type
		None
 Auto vars:     Size  Location     Type
		None
 Return value:  Size  Location     Type
		None               void
 Registers used:
		wreg, fsr1l, fsr1h, status,2, status,0
 Tracked objects:
		On entry : 
		On exit  : 
		Unchanged: 
 Data sizes:     COMMON   BANK0   BANK1   BANK2   BANK3   BANK4   BANK5   BANK6
      Params:         0       0       0       0       0       0       0       0
      Locals:         0       0       0       0       0       0       0       0
      Temps:          0       0       0       0       0       0       0       0
      Totals:         0       0       0       0       0       0       0       0
Total ram usage:        0 bytes
 Hardware stack levels used:    1
 Hardware stack levels required when called:    3
 This function calls:
		Nothing
 This function is called by:
		_main
 This function uses a non-reentrant model


 *************** function _myUARTtoRF_Main *****************
 Defined at:
		line 14 in file "../src/myUARTtoRF.c"
 Parameters:    Size  Location     Type
		None
 Auto vars:     Size  Location     Type
		None
 Return value:  Size  Location     Type
		None               void
 Registers used:
		None
 Tracked objects:
		On entry : 
		On exit  : 
		Unchanged: 
 Data sizes:     COMMON   BANK0   BANK1   BANK2   BANK3   BANK4   BANK5   BANK6
      Params:         0       0       0       0       0       0       0       0
      Locals:         0       0       0       0       0       0       0       0
      Temps:          0       0       0       0       0       0       0       0
      Totals:         0       0       0       0       0       0       0       0
Total ram usage:        0 bytes
 Hardware stack levels used:    1
 Hardware stack levels required when called:    3
 This function calls:
		Nothing
 This function is called by:
		_main
 This function uses a non-reentrant model


 *************** function _myUARTtoRF_Initialization *****************
 Defined at:
		line 7 in file "../src/myUARTtoRF.c"
 Parameters:    Size  Location     Type
		None
 Auto vars:     Size  Location     Type
		None
 Return value:  Size  Location     Type
		None               void
 Registers used:
		None
 Tracked objects:
		On entry : 
		On exit  : 
		Unchanged: 
 Data sizes:     COMMON   BANK0   BANK1   BANK2   BANK3   BANK4   BANK5   BANK6
      Params:         0       0       0       0       0       0       0       0
      Locals:         0       0       0       0       0       0       0       0
      Temps:          0       0       0       0       0       0       0       0
      Totals:         0       0       0       0       0       0       0       0
Total ram usage:        0 bytes
 Hardware stack levels used:    1
 Hardware stack levels required when called:    3
 This function calls:
		Nothing
 This function is called by:
		_main
 This function uses a non-reentrant model


 *************** function _myMain_Initialization *****************
 Defined at:
		line 168 in file "../src/Main_B1.c"
 Parameters:    Size  Location     Type
		None
 Auto vars:     Size  Location     Type
		None
 Return value:  Size  Location     Type
		None               void
 Registers used:
		wreg, fsr1l, fsr1h
 Tracked objects:
		On entry : 
		On exit  : 
		Unchanged: 
 Data sizes:     COMMON   BANK0   BANK1   BANK2   BANK3   BANK4   BANK5   BANK6
      Params:         0       0       0       0       0       0       0       0
      Locals:         0       0       0       0       0       0       0       0
      Temps:          1       0       0       0       0       0       0       0
      Totals:         1       0       0       0       0       0       0       0
Total ram usage:        1 bytes
 Hardware stack levels used:    1
 Hardware stack levels required when called:    3
 This function calls:
		Nothing
 This function is called by:
		_main
 This function uses a non-reentrant model


 *************** function _UART_Main *****************
 Defined at:
		line 757 in file "../src/MCU_B1.c"
 Parameters:    Size  Location     Type
		None
 Auto vars:     Size  Location     Type
		None
 Return value:  Size  Location     Type
		None               void
 Registers used:
		wreg, fsr1l, fsr1h, status,2, status,0, pclath, cstack
 Tracked objects:
		On entry : 
		On exit  : 
		Unchanged: 
 Data sizes:     COMMON   BANK0   BANK1   BANK2   BANK3   BANK4   BANK5   BANK6
      Params:         0       0       0       0       0       0       0       0
      Locals:         0       0       0       0       0       0       0       0
      Temps:          0       0       0       0       0       0       0       0
      Totals:         0       0       0       0       0       0       0       0
Total ram usage:        0 bytes
 Hardware stack levels used:    1
 Hardware stack levels required when called:    5
 This function calls:
		_UART_Receive
		_UART_Transmit
 This function is called by:
		_main
 This function uses a non-reentrant model


 *************** function _UART_Transmit *****************
 Defined at:
		line 772 in file "../src/MCU_B1.c"
 Parameters:    Size  Location     Type
		None
 Auto vars:     Size  Location     Type
  i               2    0[BANK0 ] int 
 Return value:  Size  Location     Type
		None               void
 Registers used:
		wreg, fsr1l, fsr1h, status,2, status,0, pclath, cstack
 Tracked objects:
		On entry : 
		On exit  : 
		Unchanged: 
 Data sizes:     COMMON   BANK0   BANK1   BANK2   BANK3   BANK4   BANK5   BANK6
      Params:         0       0       0       0       0       0       0       0
      Locals:         0       2       0       0       0       0       0       0
      Temps:          1       0       0       0       0       0       0       0
      Totals:         1       2       0       0       0       0       0       0
Total ram usage:        3 bytes
 Hardware stack levels used:    1
 Hardware stack levels required when called:    4
 This function calls:
		_putch
 This function is called by:
		_UART_Main
 This function uses a non-reentrant model


 *************** function _putch *****************
 Defined at:
		line 856 in file "../src/MCU_B1.c"
 Parameters:    Size  Location     Type
  byte            1    wreg     unsigned char 
 Auto vars:     Size  Location     Type
  byte            1    4[COMMON] unsigned char 
 Return value:  Size  Location     Type
		None               void
 Registers used:
		wreg
 Tracked objects:
		On entry : 
		On exit  : 
		Unchanged: 
 Data sizes:     COMMON   BANK0   BANK1   BANK2   BANK3   BANK4   BANK5   BANK6
      Params:         0       0       0       0       0       0       0       0
      Locals:         1       0       0       0       0       0       0       0
      Temps:          0       0       0       0       0       0       0       0
      Totals:         1       0       0       0       0       0       0       0
Total ram usage:        1 bytes
 Hardware stack levels used:    1
 Hardware stack levels required when called:    3
 This function calls:
		Nothing
 This function is called by:
		_UART_Transmit
		_getche
 This function uses a non-reentrant model


 *************** function _UART_Receive *****************
 Defined at:
		line 791 in file "../src/MCU_B1.c"
 Parameters:    Size  Location     Type
		None
 Auto vars:     Size  Location     Type
		None
 Return value:  Size  Location     Type
		None               void
 Registers used:
		wreg, fsr1l, fsr1h, status,2, status,0, pclath, cstack
 Tracked objects:
		On entry : 
		On exit  : 
		Unchanged: 
 Data sizes:     COMMON   BANK0   BANK1   BANK2   BANK3   BANK4   BANK5   BANK6
      Params:         0       0       0       0       0       0       0       0
      Locals:         0       0       0       0       0       0       0       0
      Temps:          1       0       0       0       0       0       0       0
      Totals:         1       0       0       0       0       0       0       0
Total ram usage:        1 bytes
 Hardware stack levels used:    1
 Hardware stack levels required when called:    4
 This function calls:
		_setTxData
 This function is called by:
		_UART_Main
 This function uses a non-reentrant model


 *************** function _RF_Main *****************
 Defined at:
		line 16 in file "../src/RF_Control_B1.c"
 Parameters:    Size  Location     Type
		None
 Auto vars:     Size  Location     Type
		None
 Return value:  Size  Location     Type
		None               void
 Registers used:
		wreg, fsr0l, fsr0h, fsr1l, fsr1h, status,2, status,0, pclath, cstack
 Tracked objects:
		On entry : 
		On exit  : 
		Unchanged: 
 Data sizes:     COMMON   BANK0   BANK1   BANK2   BANK3   BANK4   BANK5   BANK6
      Params:         0       0       0       0       0       0       0       0
      Locals:         0       0       0       0       0       0       0       0
      Temps:          0       0       0       0       0       0       0       0
      Totals:         0       0       0       0       0       0       0       0
Total ram usage:        0 bytes
 Hardware stack levels used:    1
 Hardware stack levels required when called:    7
 This function calls:
		_setRF_Main
 This function is called by:
		_main
 This function uses a non-reentrant model


 *************** function _setRF_Main *****************
 Defined at:
		line 52 in file "../src/RF_Control_B1.c"
 Parameters:    Size  Location     Type
		None
 Auto vars:     Size  Location     Type
  error           1    7[BANK0 ] unsigned char 
  Receive_OK      1    6[BANK0 ] unsigned char 
  loop_f          1    5[BANK0 ] unsigned char 
 Return value:  Size  Location     Type
		None               void
 Registers used:
		wreg, fsr0l, fsr0h, fsr1l, fsr1h, status,2, status,0, pclath, cstack
 Tracked objects:
		On entry : 
		On exit  : 
		Unchanged: 
 Data sizes:     COMMON   BANK0   BANK1   BANK2   BANK3   BANK4   BANK5   BANK6
      Params:         0       0       0       0       0       0       0       0
      Locals:         0       3       0       0       0       0       0       0
      Temps:          0       1       0       0       0       0       0       0
      Totals:         0       4       0       0       0       0       0       0
Total ram usage:        4 bytes
 Hardware stack levels used:    1
 Hardware stack levels required when called:    6
 This function calls:
		_CC2500_TxData
		_RF_RxDisable
		_getMain_All_Error_Status
		_getRxData
 This function is called by:
		_RF_Main
 This function uses a non-reentrant model


 *************** function _getRxData *****************
 Defined at:
		line 282 in file "../src/RF_Control_B1.c"
 Parameters:    Size  Location     Type
		None
 Auto vars:     Size  Location     Type
  error           1    0[BANK0 ] unsigned char 
 Return value:  Size  Location     Type
		None               void
 Registers used:
		wreg, fsr0l, fsr0h, fsr1l, fsr1h, status,2, status,0, pclath, cstack
 Tracked objects:
		On entry : 
		On exit  : 
		Unchanged: 
 Data sizes:     COMMON   BANK0   BANK1   BANK2   BANK3   BANK4   BANK5   BANK6
      Params:         0       0       0       0       0       0       0       0
      Locals:         0       1       0       0       0       0       0       0
      Temps:          1       0       0       0       0       0       0       0
      Totals:         1       1       0       0       0       0       0       0
Total ram usage:        2 bytes
 Hardware stack levels used:    1
 Hardware stack levels required when called:    5
 This function calls:
		_getMain_All_Error_Status
		_setControl_Lights_Table
		_setLog_Code
		_setTxData
 This function is called by:
		_setRF_Main
 This function uses a non-reentrant model


 *************** function _setLog_Code *****************
 Defined at:
		line 335 in file "../src/RF_Control_B1.c"
 Parameters:    Size  Location     Type
		None
 Auto vars:     Size  Location     Type
		None
 Return value:  Size  Location     Type
		None               void
 Registers used:
		wreg, fsr1l, fsr1h
 Tracked objects:
		On entry : 
		On exit  : 
		Unchanged: 
 Data sizes:     COMMON   BANK0   BANK1   BANK2   BANK3   BANK4   BANK5   BANK6
      Params:         0       0       0       0       0       0       0       0
      Locals:         0       0       0       0       0       0       0       0
      Temps:          1       0       0       0       0       0       0       0
      Totals:         1       0       0       0       0       0       0       0
Total ram usage:        1 bytes
 Hardware stack levels used:    1
 Hardware stack levels required when called:    3
 This function calls:
		Nothing
 This function is called by:
		_getRxData
 This function uses a non-reentrant model


 *************** function _setControl_Lights_Table *****************
 Defined at:
		line 348 in file "../src/RF_Control_B1.c"
 Parameters:    Size  Location     Type
		None
 Auto vars:     Size  Location     Type
		None
 Return value:  Size  Location     Type
		None               void
 Registers used:
		wreg, fsr0l, fsr0h, fsr1l, fsr1h, status,2, status,0, pclath, cstack
 Tracked objects:
		On entry : 
		On exit  : 
		Unchanged: 
 Data sizes:     COMMON   BANK0   BANK1   BANK2   BANK3   BANK4   BANK5   BANK6
      Params:         0       0       0       0       0       0       0       0
      Locals:         0       0       0       0       0       0       0       0
      Temps:          0       0       0       0       0       0       0       0
      Totals:         0       0       0       0       0       0       0       0
Total ram usage:        0 bytes
 Hardware stack levels used:    1
 Hardware stack levels required when called:    4
 This function calls:
		_setTxData
 This function is called by:
		_getRxData
 This function uses a non-reentrant model


 *************** function _setTxData *****************
 Defined at:
		line 211 in file "../src/RF_Control_B1.c"
 Parameters:    Size  Location     Type
		None
 Auto vars:     Size  Location     Type
  i               1    0        unsigned char 
 Return value:  Size  Location     Type
		None               void
 Registers used:
		wreg, fsr1l, fsr1h
 Tracked objects:
		On entry : 
		On exit  : 
		Unchanged: 
 Data sizes:     COMMON   BANK0   BANK1   BANK2   BANK3   BANK4   BANK5   BANK6
      Params:         0       0       0       0       0       0       0       0
      Locals:         0       0       0       0       0       0       0       0
      Temps:          1       0       0       0       0       0       0       0
      Totals:         1       0       0       0       0       0       0       0
Total ram usage:        1 bytes
 Hardware stack levels used:    1
 Hardware stack levels required when called:    3
 This function calls:
		Nothing
 This function is called by:
		_UART_Receive
		_getRxData
		_setControl_Lights_Table
		_setRFSW_Control
		_setRFSW_AdjControl
 This function uses a non-reentrant model


 *************** function _getMain_All_Error_Status *****************
 Defined at:
		line 376 in file "../src/Main_B1.c"
 Parameters:    Size  Location     Type
  command         1    wreg     unsigned char 
 Auto vars:     Size  Location     Type
  command         1    0[COMMON] unsigned char 
  status          1    4[COMMON] unsigned char 
 Return value:  Size  Location     Type
                  1    wreg      unsigned char 
 Registers used:
		wreg, status,2
 Tracked objects:
		On entry : 
		On exit  : 
		Unchanged: 
 Data sizes:     COMMON   BANK0   BANK1   BANK2   BANK3   BANK4   BANK5   BANK6
      Params:         0       0       0       0       0       0       0       0
      Locals:         1       0       0       0       0       0       0       0
      Temps:          0       0       0       0       0       0       0       0
      Totals:         1       0       0       0       0       0       0       0
Total ram usage:        1 bytes
 Hardware stack levels used:    1
 Hardware stack levels required when called:    3
 This function calls:
		Nothing
 This function is called by:
		_setRF_Main
		_getRxData
 This function uses a non-reentrant model


 *************** function _RF_RxDisable *****************
 Defined at:
		line 269 in file "../src/RF_Control_B1.c"
 Parameters:    Size  Location     Type
		None
 Auto vars:     Size  Location     Type
		None
 Return value:  Size  Location     Type
		None               void
 Registers used:
		wreg, fsr1l, fsr1h, status,2, status,0, pclath, cstack
 Tracked objects:
		On entry : 
		On exit  : 
		Unchanged: 
 Data sizes:     COMMON   BANK0   BANK1   BANK2   BANK3   BANK4   BANK5   BANK6
      Params:         0       0       0       0       0       0       0       0
      Locals:         0       0       0       0       0       0       0       0
      Temps:          0       0       0       0       0       0       0       0
      Totals:         0       0       0       0       0       0       0       0
Total ram usage:        0 bytes
 Hardware stack levels used:    1
 Hardware stack levels required when called:    5
 This function calls:
		_CC2500_WriteCommand
 This function is called by:
		_setRF_Main
 This function uses a non-reentrant model


 *************** function _CC2500_TxData *****************
 Defined at:
		line 32 in file "../src/CC2500_B1.c"
 Parameters:    Size  Location     Type
		None
 Auto vars:     Size  Location     Type
  loop_e          1    3[BANK0 ] unsigned char 
 Return value:  Size  Location     Type
		None               void
 Registers used:
		wreg, fsr1l, fsr1h, status,2, status,0, pclath, cstack
 Tracked objects:
		On entry : 
		On exit  : 
		Unchanged: 
 Data sizes:     COMMON   BANK0   BANK1   BANK2   BANK3   BANK4   BANK5   BANK6
      Params:         0       0       0       0       0       0       0       0
      Locals:         0       1       0       0       0       0       0       0
      Temps:          0       1       0       0       0       0       0       0
      Totals:         0       2       0       0       0       0       0       0
Total ram usage:        2 bytes
 Hardware stack levels used:    1
 Hardware stack levels required when called:    5
 This function calls:
		_CC2500_WriteByte
		_CC2500_WriteCommand
		_Timeout_Counter
		_set_TimeoutCleared
 This function is called by:
		_setRF_Main
 This function uses a non-reentrant model


 *************** function _RF_Initialization *****************
 Defined at:
		line 9 in file "../src/RF_Control_B1.c"
 Parameters:    Size  Location     Type
		None
 Auto vars:     Size  Location     Type
		None
 Return value:  Size  Location     Type
		None               void
 Registers used:
		wreg, status,2, status,0, pclath, cstack
 Tracked objects:
		On entry : 
		On exit  : 
		Unchanged: 
 Data sizes:     COMMON   BANK0   BANK1   BANK2   BANK3   BANK4   BANK5   BANK6
      Params:         0       0       0       0       0       0       0       0
      Locals:         0       0       0       0       0       0       0       0
      Temps:          0       0       0       0       0       0       0       0
      Totals:         0       0       0       0       0       0       0       0
Total ram usage:        0 bytes
 Hardware stack levels used:    1
 Hardware stack levels required when called:    4
 This function calls:
		_setRF_Initialization
 This function is called by:
		_main
 This function uses a non-reentrant model


 *************** function _setRF_Initialization *****************
 Defined at:
		line 43 in file "../src/RF_Control_B1.c"
 Parameters:    Size  Location     Type
		None
 Auto vars:     Size  Location     Type
		None
 Return value:  Size  Location     Type
		None               void
 Registers used:
		wreg
 Tracked objects:
		On entry : 
		On exit  : 
		Unchanged: 
 Data sizes:     COMMON   BANK0   BANK1   BANK2   BANK3   BANK4   BANK5   BANK6
      Params:         0       0       0       0       0       0       0       0
      Locals:         0       0       0       0       0       0       0       0
      Temps:          1       0       0       0       0       0       0       0
      Totals:         1       0       0       0       0       0       0       0
Total ram usage:        1 bytes
 Hardware stack levels used:    1
 Hardware stack levels required when called:    3
 This function calls:
		Nothing
 This function is called by:
		_RF_Initialization
 This function uses a non-reentrant model


 *************** function _Mcu_Initialization *****************
 Defined at:
		line 30 in file "../src/MCU_B1.c"
 Parameters:    Size  Location     Type
		None
 Auto vars:     Size  Location     Type
		None
 Return value:  Size  Location     Type
		None               void
 Registers used:
		wreg, status,2, status,0, pclath, cstack
 Tracked objects:
		On entry : 
		On exit  : 
		Unchanged: 
 Data sizes:     COMMON   BANK0   BANK1   BANK2   BANK3   BANK4   BANK5   BANK6
      Params:         0       0       0       0       0       0       0       0
      Locals:         0       0       0       0       0       0       0       0
      Temps:          0       0       0       0       0       0       0       0
      Totals:         0       0       0       0       0       0       0       0
Total ram usage:        0 bytes
 Hardware stack levels used:    1
 Hardware stack levels required when called:    4
 This function calls:
		_Fosc_Set
		_IO_Set
		_TMR1_Set
		_UART_Set
 This function is called by:
		_main
 This function uses a non-reentrant model


 *************** function _UART_Set *****************
 Defined at:
		line 720 in file "../src/MCU_B1.c"
 Parameters:    Size  Location     Type
		None
 Auto vars:     Size  Location     Type
		None
 Return value:  Size  Location     Type
		None               void
 Registers used:
		wreg, status,2
 Tracked objects:
		On entry : 
		On exit  : 
		Unchanged: 
 Data sizes:     COMMON   BANK0   BANK1   BANK2   BANK3   BANK4   BANK5   BANK6
      Params:         0       0       0       0       0       0       0       0
      Locals:         0       0       0       0       0       0       0       0
      Temps:          0       0       0       0       0       0       0       0
      Totals:         0       0       0       0       0       0       0       0
Total ram usage:        0 bytes
 Hardware stack levels used:    1
 Hardware stack levels required when called:    3
 This function calls:
		Nothing
 This function is called by:
		_Mcu_Initialization
 This function uses a non-reentrant model


 *************** function _TMR1_Set *****************
 Defined at:
		line 199 in file "../src/MCU_B1.c"
 Parameters:    Size  Location     Type
		None
 Auto vars:     Size  Location     Type
		None
 Return value:  Size  Location     Type
		None               void
 Registers used:
		wreg
 Tracked objects:
		On entry : 
		On exit  : 
		Unchanged: 
 Data sizes:     COMMON   BANK0   BANK1   BANK2   BANK3   BANK4   BANK5   BANK6
      Params:         0       0       0       0       0       0       0       0
      Locals:         0       0       0       0       0       0       0       0
      Temps:          0       0       0       0       0       0       0       0
      Totals:         0       0       0       0       0       0       0       0
Total ram usage:        0 bytes
 Hardware stack levels used:    1
 Hardware stack levels required when called:    3
 This function calls:
		Nothing
 This function is called by:
		_Mcu_Initialization
 This function uses a non-reentrant model


 *************** function _IO_Set *****************
 Defined at:
		line 60 in file "../src/MCU_B1.c"
 Parameters:    Size  Location     Type
		None
 Auto vars:     Size  Location     Type
		None
 Return value:  Size  Location     Type
		None               void
 Registers used:
		wreg, status,2
 Tracked objects:
		On entry : 
		On exit  : 
		Unchanged: 
 Data sizes:     COMMON   BANK0   BANK1   BANK2   BANK3   BANK4   BANK5   BANK6
      Params:         0       0       0       0       0       0       0       0
      Locals:         0       0       0       0       0       0       0       0
      Temps:          0       0       0       0       0       0       0       0
      Totals:         0       0       0       0       0       0       0       0
Total ram usage:        0 bytes
 Hardware stack levels used:    1
 Hardware stack levels required when called:    3
 This function calls:
		Nothing
 This function is called by:
		_Mcu_Initialization
 This function uses a non-reentrant model


 *************** function _Fosc_Set *****************
 Defined at:
		line 56 in file "../src/MCU_B1.c"
 Parameters:    Size  Location     Type
		None
 Auto vars:     Size  Location     Type
		None
 Return value:  Size  Location     Type
		None               void
 Registers used:
		wreg
 Tracked objects:
		On entry : 
		On exit  : 
		Unchanged: 
 Data sizes:     COMMON   BANK0   BANK1   BANK2   BANK3   BANK4   BANK5   BANK6
      Params:         0       0       0       0       0       0       0       0
      Locals:         0       0       0       0       0       0       0       0
      Temps:          0       0       0       0       0       0       0       0
      Totals:         0       0       0       0       0       0       0       0
Total ram usage:        0 bytes
 Hardware stack levels used:    1
 Hardware stack levels required when called:    3
 This function calls:
		Nothing
 This function is called by:
		_Mcu_Initialization
 This function uses a non-reentrant model


 *************** function _CC2500_PowerOnInitial *****************
 Defined at:
		line 119 in file "../src/CC2500_B1.c"
 Parameters:    Size  Location     Type
		None
 Auto vars:     Size  Location     Type
		None
 Return value:  Size  Location     Type
		None               void
 Registers used:
		wreg, fsr0l, fsr0h, fsr1l, fsr1h, status,2, status,0, pclath, cstack
 Tracked objects:
		On entry : 
		On exit  : 
		Unchanged: 
 Data sizes:     COMMON   BANK0   BANK1   BANK2   BANK3   BANK4   BANK5   BANK6
      Params:         0       0       0       0       0       0       0       0
      Locals:         0       0       0       0       0       0       0       0
      Temps:          0       0       0       0       0       0       0       0
      Totals:         0       0       0       0       0       0       0       0
Total ram usage:        0 bytes
 Hardware stack levels used:    1
 Hardware stack levels required when called:    6
 This function calls:
		_CC2500_ClearRXFIFO
		_CC2500_ClearTXFIFO
		_CC2500_FrequencyCabr
		_CC2500_InitPATable
		_CC2500_InitSetREG
		_CC2500_PowerRST
		_CC2500_SIDLEMode
 This function is called by:
		_main
 This function uses a non-reentrant model


 *************** function _CC2500_SIDLEMode *****************
 Defined at:
		line 209 in file "../src/CC2500_B1.c"
 Parameters:    Size  Location     Type
		None
 Auto vars:     Size  Location     Type
		None
 Return value:  Size  Location     Type
		None               void
 Registers used:
		wreg, fsr1l, fsr1h, status,2, status,0, pclath, cstack
 Tracked objects:
		On entry : 
		On exit  : 
		Unchanged: 
 Data sizes:     COMMON   BANK0   BANK1   BANK2   BANK3   BANK4   BANK5   BANK6
      Params:         0       0       0       0       0       0       0       0
      Locals:         0       0       0       0       0       0       0       0
      Temps:          0       0       0       0       0       0       0       0
      Totals:         0       0       0       0       0       0       0       0
Total ram usage:        0 bytes
 Hardware stack levels used:    1
 Hardware stack levels required when called:    5
 This function calls:
		_CC2500_WriteCommand
 This function is called by:
		_CC2500_PowerOnInitial
 This function uses a non-reentrant model


 *************** function _CC2500_PowerRST *****************
 Defined at:
		line 132 in file "../src/CC2500_B1.c"
 Parameters:    Size  Location     Type
		None
 Auto vars:     Size  Location     Type
		None
 Return value:  Size  Location     Type
		None               void
 Registers used:
		wreg, fsr1l, fsr1h, status,2, status,0, pclath, cstack
 Tracked objects:
		On entry : 
		On exit  : 
		Unchanged: 
 Data sizes:     COMMON   BANK0   BANK1   BANK2   BANK3   BANK4   BANK5   BANK6
      Params:         0       0       0       0       0       0       0       0
      Locals:         0       0       0       0       0       0       0       0
      Temps:          0       1       0       0       0       0       0       0
      Totals:         0       1       0       0       0       0       0       0
Total ram usage:        1 bytes
 Hardware stack levels used:    1
 Hardware stack levels required when called:    4
 This function calls:
		_CC2500_WriteByte
		_DelayTime_1us
		_Timeout_Counter
		_set_TimeoutCleared
 This function is called by:
		_CC2500_PowerOnInitial
 This function uses a non-reentrant model


 *************** function _CC2500_InitSetREG *****************
 Defined at:
		line 159 in file "../src/CC2500_B1.c"
 Parameters:    Size  Location     Type
		None
 Auto vars:     Size  Location     Type
  loop_c          1    6[BANK0 ] unsigned char 
  temp2           1    5[BANK0 ] unsigned char 
  temp1           1    4[BANK0 ] unsigned char 
 Return value:  Size  Location     Type
		None               void
 Registers used:
		wreg, fsr0l, fsr0h, fsr1l, fsr1h, status,2, status,0, pclath, cstack
 Tracked objects:
		On entry : 
		On exit  : 
		Unchanged: 
 Data sizes:     COMMON   BANK0   BANK1   BANK2   BANK3   BANK4   BANK5   BANK6
      Params:         0       0       0       0       0       0       0       0
      Locals:         0       3       0       0       0       0       0       0
      Temps:          0       1       0       0       0       0       0       0
      Totals:         0       4       0       0       0       0       0       0
Total ram usage:        4 bytes
 Hardware stack levels used:    1
 Hardware stack levels required when called:    5
 This function calls:
		_CC2500_WriteREG
 This function is called by:
		_CC2500_PowerOnInitial
 This function uses a non-reentrant model


 *************** function _CC2500_InitPATable *****************
 Defined at:
		line 174 in file "../src/CC2500_B1.c"
 Parameters:    Size  Location     Type
		None
 Auto vars:     Size  Location     Type
  loop_d          1    5[BANK0 ] unsigned char 
  temp            1    4[BANK0 ] unsigned char 
 Return value:  Size  Location     Type
		None               void
 Registers used:
		wreg, fsr0l, fsr0h, fsr1l, fsr1h, status,2, status,0, pclath, cstack
 Tracked objects:
		On entry : 
		On exit  : 
		Unchanged: 
 Data sizes:     COMMON   BANK0   BANK1   BANK2   BANK3   BANK4   BANK5   BANK6
      Params:         0       0       0       0       0       0       0       0
      Locals:         0       2       0       0       0       0       0       0
      Temps:          0       1       0       0       0       0       0       0
      Totals:         0       3       0       0       0       0       0       0
Total ram usage:        3 bytes
 Hardware stack levels used:    1
 Hardware stack levels required when called:    5
 This function calls:
		_CC2500_WriteREG
 This function is called by:
		_CC2500_PowerOnInitial
 This function uses a non-reentrant model


 *************** function _CC2500_WriteREG *****************
 Defined at:
		line 251 in file "../src/CC2500_B1.c"
 Parameters:    Size  Location     Type
  w_addr          1    wreg     unsigned char 
  value           1    0[BANK0 ] unsigned char 
 Auto vars:     Size  Location     Type
  w_addr          1    2[BANK0 ] unsigned char 
 Return value:  Size  Location     Type
		None               void
 Registers used:
		wreg, fsr1l, fsr1h, status,2, status,0, pclath, cstack
 Tracked objects:
		On entry : 
		On exit  : 
		Unchanged: 
 Data sizes:     COMMON   BANK0   BANK1   BANK2   BANK3   BANK4   BANK5   BANK6
      Params:         0       1       0       0       0       0       0       0
      Locals:         0       1       0       0       0       0       0       0
      Temps:          0       1       0       0       0       0       0       0
      Totals:         0       3       0       0       0       0       0       0
Total ram usage:        3 bytes
 Hardware stack levels used:    1
 Hardware stack levels required when called:    4
 This function calls:
		_CC2500_WriteByte
		_Timeout_Counter
		_set_TimeoutCleared
 This function is called by:
		_CC2500_InitSetREG
		_CC2500_InitPATable
 This function uses a non-reentrant model


 *************** function _CC2500_FrequencyCabr *****************
 Defined at:
		line 201 in file "../src/CC2500_B1.c"
 Parameters:    Size  Location     Type
		None
 Auto vars:     Size  Location     Type
		None
 Return value:  Size  Location     Type
		None               void
 Registers used:
		wreg, fsr1l, fsr1h, status,2, status,0, pclath, cstack
 Tracked objects:
		On entry : 
		On exit  : 
		Unchanged: 
 Data sizes:     COMMON   BANK0   BANK1   BANK2   BANK3   BANK4   BANK5   BANK6
      Params:         0       0       0       0       0       0       0       0
      Locals:         0       0       0       0       0       0       0       0
      Temps:          0       0       0       0       0       0       0       0
      Totals:         0       0       0       0       0       0       0       0
Total ram usage:        0 bytes
 Hardware stack levels used:    1
 Hardware stack levels required when called:    5
 This function calls:
		_CC2500_WriteCommand
		_DelayTime_1us
 This function is called by:
		_CC2500_PowerOnInitial
 This function uses a non-reentrant model


 *************** function _DelayTime_1us *****************
 Defined at:
		line 320 in file "../src/CC2500_B1.c"
 Parameters:    Size  Location     Type
  count           2    4[COMMON] int 
 Auto vars:     Size  Location     Type
  j               2    2[BANK0 ] unsigned int 
  i               2    0[BANK0 ] unsigned int 
 Return value:  Size  Location     Type
		None               void
 Registers used:
		wreg, status,2
 Tracked objects:
		On entry : 
		On exit  : 
		Unchanged: 
 Data sizes:     COMMON   BANK0   BANK1   BANK2   BANK3   BANK4   BANK5   BANK6
      Params:         2       0       0       0       0       0       0       0
      Locals:         0       4       0       0       0       0       0       0
      Temps:          0       0       0       0       0       0       0       0
      Totals:         2       4       0       0       0       0       0       0
Total ram usage:        6 bytes
 Hardware stack levels used:    1
 Hardware stack levels required when called:    3
 This function calls:
		Nothing
 This function is called by:
		_CC2500_PowerRST
		_CC2500_FrequencyCabr
 This function uses a non-reentrant model


 *************** function _CC2500_ClearTXFIFO *****************
 Defined at:
		line 187 in file "../src/CC2500_B1.c"
 Parameters:    Size  Location     Type
		None
 Auto vars:     Size  Location     Type
		None
 Return value:  Size  Location     Type
		None               void
 Registers used:
		wreg, fsr1l, fsr1h, status,2, status,0, pclath, cstack
 Tracked objects:
		On entry : 
		On exit  : 
		Unchanged: 
 Data sizes:     COMMON   BANK0   BANK1   BANK2   BANK3   BANK4   BANK5   BANK6
      Params:         0       0       0       0       0       0       0       0
      Locals:         0       0       0       0       0       0       0       0
      Temps:          0       0       0       0       0       0       0       0
      Totals:         0       0       0       0       0       0       0       0
Total ram usage:        0 bytes
 Hardware stack levels used:    1
 Hardware stack levels required when called:    5
 This function calls:
		_CC2500_WriteCommand
 This function is called by:
		_CC2500_PowerOnInitial
 This function uses a non-reentrant model


 *************** function _CC2500_ClearRXFIFO *****************
 Defined at:
		line 194 in file "../src/CC2500_B1.c"
 Parameters:    Size  Location     Type
		None
 Auto vars:     Size  Location     Type
		None
 Return value:  Size  Location     Type
		None               void
 Registers used:
		wreg, fsr1l, fsr1h, status,2, status,0, pclath, cstack
 Tracked objects:
		On entry : 
		On exit  : 
		Unchanged: 
 Data sizes:     COMMON   BANK0   BANK1   BANK2   BANK3   BANK4   BANK5   BANK6
      Params:         0       0       0       0       0       0       0       0
      Locals:         0       0       0       0       0       0       0       0
      Temps:          0       0       0       0       0       0       0       0
      Totals:         0       0       0       0       0       0       0       0
Total ram usage:        0 bytes
 Hardware stack levels used:    1
 Hardware stack levels required when called:    5
 This function calls:
		_CC2500_WriteCommand
 This function is called by:
		_CC2500_PowerOnInitial
 This function uses a non-reentrant model


 *************** function _CC2500_WriteCommand *****************
 Defined at:
		line 285 in file "../src/CC2500_B1.c"
 Parameters:    Size  Location     Type
  command         1    wreg     unsigned char 
 Auto vars:     Size  Location     Type
  command         1    1[BANK0 ] unsigned char 
 Return value:  Size  Location     Type
		None               void
 Registers used:
		wreg, fsr1l, fsr1h, status,2, status,0, pclath, cstack
 Tracked objects:
		On entry : 
		On exit  : 
		Unchanged: 
 Data sizes:     COMMON   BANK0   BANK1   BANK2   BANK3   BANK4   BANK5   BANK6
      Params:         0       0       0       0       0       0       0       0
      Locals:         0       1       0       0       0       0       0       0
      Temps:          0       1       0       0       0       0       0       0
      Totals:         0       2       0       0       0       0       0       0
Total ram usage:        2 bytes
 Hardware stack levels used:    1
 Hardware stack levels required when called:    4
 This function calls:
		_CC2500_WriteByte
		_Timeout_Counter
		_set_TimeoutCleared
 This function is called by:
		_CC2500_TxData
		_CC2500_ClearTXFIFO
		_CC2500_ClearRXFIFO
		_CC2500_FrequencyCabr
		_CC2500_SIDLEMode
		_RF_RxDisable
 This function uses a non-reentrant model


 *************** function _set_TimeoutCleared *****************
 Defined at:
		line 283 in file "../src/Main_B1.c"
 Parameters:    Size  Location     Type
		None
 Auto vars:     Size  Location     Type
		None
 Return value:  Size  Location     Type
		None               void
 Registers used:
		status,2
 Tracked objects:
		On entry : 
		On exit  : 
		Unchanged: 
 Data sizes:     COMMON   BANK0   BANK1   BANK2   BANK3   BANK4   BANK5   BANK6
      Params:         0       0       0       0       0       0       0       0
      Locals:         0       0       0       0       0       0       0       0
      Temps:          0       0       0       0       0       0       0       0
      Totals:         0       0       0       0       0       0       0       0
Total ram usage:        0 bytes
 Hardware stack levels used:    1
 Hardware stack levels required when called:    3
 This function calls:
		Nothing
 This function is called by:
		_CC2500_TxData
		_CC2500_PowerRST
		_CC2500_WriteREG
		_CC2500_WriteCommand
		_CC2500_RxData
		_CC2500_ReadREG
		_CC2500_ReadStatus
 This function uses a non-reentrant model


 *************** function _Timeout_Counter *****************
 Defined at:
		line 274 in file "../src/Main_B1.c"
 Parameters:    Size  Location     Type
		None
 Auto vars:     Size  Location     Type
		None
 Return value:  Size  Location     Type
		None               void
 Registers used:
		wreg, fsr1l, fsr1h, status,2, status,0
 Tracked objects:
		On entry : 
		On exit  : 
		Unchanged: 
 Data sizes:     COMMON   BANK0   BANK1   BANK2   BANK3   BANK4   BANK5   BANK6
      Params:         0       0       0       0       0       0       0       0
      Locals:         0       0       0       0       0       0       0       0
      Temps:          0       0       0       0       0       0       0       0
      Totals:         0       0       0       0       0       0       0       0
Total ram usage:        0 bytes
 Hardware stack levels used:    1
 Hardware stack levels required when called:    3
 This function calls:
		Nothing
 This function is called by:
		_CC2500_TxData
		_CC2500_PowerRST
		_CC2500_WriteREG
		_CC2500_WriteCommand
		_CC2500_RxData
		_CC2500_ReadREG
		_CC2500_ReadStatus
 This function uses a non-reentrant model


 *************** function _CC2500_WriteByte *****************
 Defined at:
		line 219 in file "../src/CC2500_B1.c"
 Parameters:    Size  Location     Type
		None
 Auto vars:     Size  Location     Type
  loop_a          1    5[COMMON] unsigned char 
 Return value:  Size  Location     Type
		None               void
 Registers used:
		wreg, status,2, status,0
 Tracked objects:
		On entry : 
		On exit  : 
		Unchanged: 
 Data sizes:     COMMON   BANK0   BANK1   BANK2   BANK3   BANK4   BANK5   BANK6
      Params:         0       0       0       0       0       0       0       0
      Locals:         1       0       0       0       0       0       0       0
      Temps:          1       0       0       0       0       0       0       0
      Totals:         2       0       0       0       0       0       0       0
Total ram usage:        2 bytes
 Hardware stack levels used:    1
 Hardware stack levels required when called:    3
 This function calls:
		Nothing
 This function is called by:
		_CC2500_TxData
		_CC2500_PowerRST
		_CC2500_WriteREG
		_CC2500_WriteCommand
		_CC2500_RxData
		_CC2500_ReadREG
		_CC2500_ReadStatus
 This function uses a non-reentrant model


 *************** function _ISR *****************
 Defined at:
		line 107 in file "../src/MCU_B1.c"
 Parameters:    Size  Location     Type
		None
 Auto vars:     Size  Location     Type
		None
 Return value:  Size  Location     Type
		None               void
 Registers used:
		wreg, fsr1l, fsr1h, status,2, status,0, pclath, cstack
 Tracked objects:
		On entry : 
		On exit  : 
		Unchanged: 
 Data sizes:     COMMON   BANK0   BANK1   BANK2   BANK3   BANK4   BANK5   BANK6
      Params:         0       0       0       0       0       0       0       0
      Locals:         0       0       0       0       0       0       0       0
      Temps:          1       0       0       0       0       0       0       0
      Totals:         1       0       0       0       0       0       0       0
Total ram usage:        1 bytes
 Hardware stack levels used:    1
 Hardware stack levels required when called:    2
 This function calls:
		_TMR1_ISR
		_UART_ISR
 This function is called by:
		Interrupt level 1
 This function uses a non-reentrant model


 *************** function _UART_ISR *****************
 Defined at:
		line 740 in file "../src/MCU_B1.c"
 Parameters:    Size  Location     Type
		None
 Auto vars:     Size  Location     Type
  i               2    1[COMMON] int 
 Return value:  Size  Location     Type
		None               void
 Registers used:
		wreg, fsr1l, fsr1h, status,2, status,0, pclath, cstack
 Tracked objects:
		On entry : 
		On exit  : 
		Unchanged: 
 Data sizes:     COMMON   BANK0   BANK1   BANK2   BANK3   BANK4   BANK5   BANK6
      Params:         0       0       0       0       0       0       0       0
      Locals:         2       0       0       0       0       0       0       0
      Temps:          1       0       0       0       0       0       0       0
      Totals:         3       0       0       0       0       0       0       0
Total ram usage:        3 bytes
 Hardware stack levels used:    1
 Hardware stack levels required when called:    1
 This function calls:
		_getch
 This function is called by:
		_ISR
 This function uses a non-reentrant model


 *************** function _getch *****************
 Defined at:
		line 864 in file "../src/MCU_B1.c"
 Parameters:    Size  Location     Type
		None
 Auto vars:     Size  Location     Type
		None
 Return value:  Size  Location     Type
                  1    wreg      unsigned char 
 Registers used:
		wreg
 Tracked objects:
		On entry : 
		On exit  : 
		Unchanged: 
 Data sizes:     COMMON   BANK0   BANK1   BANK2   BANK3   BANK4   BANK5   BANK6
      Params:         0       0       0       0       0       0       0       0
      Locals:         0       0       0       0       0       0       0       0
      Temps:          0       0       0       0       0       0       0       0
      Totals:         0       0       0       0       0       0       0       0
Total ram usage:        0 bytes
 Hardware stack levels used:    1
 This function calls:
		Nothing
 This function is called by:
		_UART_ISR
		_getche
 This function uses a non-reentrant model


 *************** function _TMR1_ISR *****************
 Defined at:
		line 209 in file "../src/MCU_B1.c"
 Parameters:    Size  Location     Type
		None
 Auto vars:     Size  Location     Type
		None
 Return value:  Size  Location     Type
		None               void
 Registers used:
		wreg, fsr1l, fsr1h, status,2, status,0
 Tracked objects:
		On entry : 
		On exit  : 
		Unchanged: 
 Data sizes:     COMMON   BANK0   BANK1   BANK2   BANK3   BANK4   BANK5   BANK6
      Params:         0       0       0       0       0       0       0       0
      Locals:         0       0       0       0       0       0       0       0
      Temps:          0       0       0       0       0       0       0       0
      Totals:         0       0       0       0       0       0       0       0
Total ram usage:        0 bytes
 Hardware stack levels used:    1
 This function calls:
		Nothing
 This function is called by:
		_ISR
 This function uses a non-reentrant model



MODULE INFORMATION

Module		Function		Class		Link	Load	Size
../src/myUARTtoRF.c
		_myUARTtoRF_Ini		CODE           	0624	0000	5
		_myUARTtoRF_Mai		CODE           	0647	0000	1

../src/myUARTtoRF.c estimated size: 6

../src/MCU_B1.c
		_Fosc_Set      		CODE           	062E	0000	4
		_IO_Set        		CODE           	05A1	0000	19
		_ISR           		CODE           	0004	0000	15
		_putch         		CODE           	060A	0000	8
		_UART_Receive  		CODE           	0314	0000	70
		_UART_Set      		CODE           	058D	0000	20
		_Mcu_Initializa		CODE           	05DD	0000	12
		_UART_ISR      		CODE           	03DF	0000	46
		_UART_Main     		CODE           	05D0	0000	13
		_getch         		CODE           	061E	0000	6
		_TMR1_Set      		CODE           	05E9	0000	12
		_TMR1_ISR      		CODE           	04DF	0000	31
		_UART_Transmit 		CODE           	04FE	0000	28

../src/MCU_B1.c estimated size: 284

../src/CC2500_B1.c
		_DelayTime_1us 		CODE           	0437	0000	38
		_CC2500_Frequen		CODE           	05F5	0000	11
		_CC2500_SIDLEMo		CODE           	0632	0000	4
		_CC2500_PowerOn		CODE           	054E	0000	21
		_CC2500_WriteBy		CODE           	0578	0000	21
		_CC2500_TxData 		CODE           	0266	0000	90
		_CC2500_ClearRX		CODE           	063A	0000	4
		_CC2500_ClearTX		CODE           	0636	0000	4
		_CC2500_InitPAT		CODE           	04C0	0000	31
		_CC2500_WriteRE		CODE           	04A0	0000	32
		_CC2500_PowerRS		CODE           	039E	0000	65
		_CC2500_InitSet		CODE           	040D	0000	42
		_CC2500_WriteCo		CODE           	0536	0000	24

../src/CC2500_B1.c estimated size: 387

../src/RF_Control_B1.c
		_RF_Initializat		CODE           	0644	0000	3
		_getRxData     		CODE           	00E3	0000	135
		_setRF_Main    		CODE           	0037	0000	172
		_setRF_Initiali		CODE           	0600	0000	10
		_setTxData     		CODE           	016A	0000	112
		_RF_Main       		CODE           	063E	0000	3
		_setControl_Lig		CODE           	035A	0000	68
		_setLog_Code   		CODE           	051A	0000	28
		_RF_RxDisable  		CODE           	05B4	0000	15

../src/RF_Control_B1.c estimated size: 546

../src/Main_B1.c
		_my_MainTimer  		CODE           	02C0	0000	84
		_main          		CODE           	045D	0000	35
		_Timeout_Counte		CODE           	0563	0000	21
		_myMain_Initial		CODE           	05C3	0000	13
		_getMain_All_Er		CODE           	0641	0000	3
		_set_TimeoutCle		CODE           	0629	0000	5

../src/Main_B1.c estimated size: 161

shared
		_CC2500_patable		STRCODE        	025E	0000	8
		_CC2500_rfSetti		STRCODE        	022F	0000	47
		__initializatio		CODE           	0015	0000	30
		_CC2500_registe		STRCODE        	0200	0000	47

shared estimated size: 132

