Microchip MPLAB XC8 Compiler V1.32 ()

Linker command line:

--edf=C:\Program Files (x86)\Microchip\xc8\v1.32\dat\en_msgs.txt -cs \
  -h+dist/default/production\1-9-1.Switch_2Key_Dimmer_MOSFET.X.production.sym \
  --cmf=dist/default/production\1-9-1.Switch_2Key_Dimmer_MOSFET.X.production.cmf \
  -z -Q16F1518 -oC:\Users\taianluo\AppData\Local\Temp\s63k.6 \
  -Mdist/default/production/1-9-1.Switch_2Key_Dimmer_MOSFET.X.production.map \
  -E1 -ver=XC8 -ASTACK=0218Ch-0231fh -pstack=STACK -ACONST=00h-0FFhx64 \
  -ACODE=00h-07FFhx8 -ASTRCODE=00h-03FFFh -AENTRY=00h-0FFhx64 \
  -ASTRING=00h-0FFhx64 -ACOMMON=070h-07Fh -ABANK0=020h-06Fh \
  -ABANK1=0A0h-0EFh -ABANK2=0120h-016Fh -ABANK3=01A0h-01EFh \
  -ABANK4=0220h-026Fh -ABANK5=02A0h-02EFh -ABANK6=0320h-036Fh \
  -ABANK7=03A0h-03EFh -ABANK8=0420h-046Fh -ABANK9=04A0h-04EFh \
  -ABANK10=0520h-056Fh -ABANK11=05A0h-05EFh -ABANK12=0620h-064Fh \
  -ABIGRAM=02000h-023EFh \
  -ARAM=020h-06Fh,0A0h-0EFh,0120h-016Fh,01A0h-01EFh,0220h-026Fh,02A0h-02EFh,0320h-036Fh,03A0h-03EFh,0420h-046Fh,04A0h-04EFh,0520h-056Fh,05A0h-05EFh,0620h-064Fh \
  -AABS1=020h-07Fh,0A0h-0EFh,0120h-016Fh,01A0h-01EFh,0220h-026Fh,02A0h-02EFh,0320h-036Fh,03A0h-03EFh,0420h-046Fh,04A0h-04EFh,0520h-056Fh,05A0h-05EFh,0620h-064Fh \
  -ASFR0=00h-01Fh -ASFR1=080h-09Fh -ASFR2=0100h-011Fh -ASFR3=0180h-019Fh \
  -ASFR4=0200h-021Fh -ASFR5=0280h-029Fh -ASFR6=0300h-031Fh \
  -ASFR7=0380h-039Fh -ASFR8=0400h-041Fh -ASFR9=0480h-049Fh \
  -ASFR10=0500h-051Fh -ASFR11=0580h-059Fh -ASFR12=0600h-061Fh \
  -ASFR13=0680h-06EFh -ASFR14=0700h-076Fh -ASFR15=0780h-07EFh \
  -ASFR16=0800h-086Fh -ASFR17=0880h-08EFh -ASFR18=0900h-096Fh \
  -ASFR19=0980h-09EFh -ASFR20=0A00h-0A6Fh -ASFR21=0A80h-0AEFh \
  -ASFR22=0B00h-0B6Fh -ASFR23=0B80h-0BEFh -ASFR24=0C00h-0C6Fh \
  -ASFR25=0C80h-0CEFh -ASFR26=0D00h-0D6Fh -ASFR27=0D80h-0DEFh \
  -ASFR28=0E00h-0E6Fh -ASFR29=0E80h-0EEFh -ASFR30=0F00h-0F6Fh \
  -ASFR31=0F80h-0FEFh -preset_vec=00h,intentry=04h,init,end_init \
  -ppowerup=CODE -pcinit=CODE -pfunctab=CODE -ACONFIG=08007h-08008h \
  -pconfig=CONFIG -DCONFIG=2 -AIDLOC=08000h-08003h -pidloc=IDLOC -DIDLOC=2 \
  -DCODE=2 -DSTRCODE=2 -DSTRING=2 -DCONST=2 -DENTRY=2 -k \
  C:\Users\taianluo\AppData\Local\Temp\s63k.obj \
  dist/default/production\1-9-1.Switch_2Key_Dimmer_MOSFET.X.production.obj 

Object code version is 3.11

Machine type is 16F1518



                Name                               Link     Load   Length Selector   Space Scale
C:\Users\taianluo\AppData\Local\Temp\s63k.obj
                end_init                             20       20        2        8       0
                reset_vec                             0        0        2        0       0
                config                             8007     8007        2    1000E       0
dist/default/production\1-9-1.Switch_2Key_Dimmer_MOSFET.X.production.obj
                cinit                                22       22       33        8       0
                intentry                              4        4       1C        8       0
                text143                            1BCF     1BCF        E     379E       0
                text142                            1BDD     1BDD        E     37BA       0
                text141                            1B87     1B87        C     370E       0
                text140                            1542     1542       52     2A84       0
                text139                            1594     1594       52     2B28       0
                text138                            1F9B     1F9B       21     3F36       0
                text136                            1ACA     1ACA        3     3594       0
                text135                            13C8     13C8       46     2790       0
                text134                            1D52     1D52       15     3AA4       0
                text133                            1AED     1AED        5     35DA       0
                text132                            1B26     1B26        8     364C       0
                text131                            1D67     1D67       15     3ACE       0
                text130                            1BF9     1BF9        F     37F2       0
                text129                            1C08     1C08        F     3810       0
                text128                            1CD3     1CD3       11     39A6       0
                text127                            1BEB     1BEB        E     37D6       0
                text126                             B40      B40       7B     1680       0
                text125                            140E     140E       46     281C       0
                text124                            1639     1639       54     2C72       0
                text123                            15E6     15E6       53     2BCC       0
                text122                            168D     168D       5A     2D1A       0
                text121                             A05      A05       68     140A       0
                text120                            1B2E     1B2E        8     365C       0
                text119                            1FBC     1FBC       22     3F78       0
                text118                            1AC8     1AC8        1     3590       0
                text117                            1B5B     1B5B        B     36B6       0
                text116                            11CF     11CF       2E     239E       0
                text115                            1B03     1B03        7     3606       0
                text114                            129A     129A       37     2534       0
                text113                            1D2A     1D2A       14     3A54       0
                text112                             815      815       60     102A       0
                text111                            1FDE     1FDE       22     3FBC       0
                text110                             35E      35E       F6        8       0
                text109                             D42      D42       A9     1A84       0
                text108                            1B36     1B36        9     366C       0
                text107                             CBB      CBB       87     1976       0
                text106                             8D6      8D6       65     11AC       0
                text105                            10B8     10B8       25     2170       0
                text104                            1DFB     1DFB       17     3BF6       0
                text103                            1D06     1D06       12     3A0C       0
                text102                            1742     1742       5F     2E84       0
                text101                            1C53     1C53       10     38A6       0
                text100                             6CC      6CC       B6        8       0
                text99                             14F1     14F1       51     29E2       0
                text98                             1C63     1C63       10     38C6       0
                text97                              F4C      F4C       B4     1E98       0
                text96                              93B      93B       65     1276       0
                text95                             1C17     1C17        F     382E       0
                text94                             1D7C     1D7C       15     3AF8       0
                text93                             1129     1129       29     2252       0
                text92                             1D91     1D91       15     3B22       0
                text91                             1152     1152       29     22A4       0
                text90                             1EE4     1EE4       1D     3DC8       0
                text89                             17A1     17A1       5F     2F42       0
                text88                              DEB      DEB       AF     1BD6       0
                text87                              9A0      9A0       65     1340       0
                text86                             1F3B     1F3B       20     3E76       0
                text85                             1C26     1C26        F     384C       0
                text84                              454      454       DE        8       0
                text83                             1D3E     1D3E       14     3A7C       0
                text82                             1B3F     1B3F        9     367E       0
                text81                             117B     117B       2A     22F6       0
                text80                             1B66     1B66        B     36CC       0
                text79                              532      532       DC        8       0
                text78                             1B93     1B93        C     3726       0
                text77                             1454     1454       4D     28A8       0
                text76                             11FD     11FD       33     23FA       0
                text75                             1C73     1C73       10     38E6       0
                text74                             1B9F     1B9F        C     373E       0
                text73                             1343     1343       41     2686       0
                text72                             1BAB     1BAB        C     3756       0
                text71                             1E5C     1E5C       1B     3CB8       0
                text70                             1ACD     1ACD        3     359A       0
                text69                             1264     1264       36     24C8       0
                text68                             1F01     1F01       1D     3E02       0
                text67                             1E77     1E77       1B     3CEE       0
                text66                             1B0A     1B0A        7     3614       0
                text65                             1B11     1B11        7     3622       0
                text64                             1C83     1C83       10     3906       0
                text63                               55       55      198        8       0
                text62                             1B18     1B18        7     3630       0
                text61                             1AD9     1AD9        4     35B2       0
                text60                             1BB7     1BB7        C     376E       0
                text59                             1E92     1E92       1B     3D24       0
                text58                             1BC3     1BC3        C     3786       0
                text57                             1B48     1B48        9     3690       0
                text56                             1D18     1D18       12     3A30       0
                text55                             1B51     1B51        A     36A2       0
                text54                             1AD0     1AD0        3     35A0       0
                text53                             1E12     1E12       18     3C24       0
                text52                             1DA6     1DA6       15     3B4C       0
                text51                             1ADD     1ADD        4     35BA       0
                text50                             1E42     1E42       1A     3C84       0
                text49                             1AE1     1AE1        4     35C2       0
                text48                             1AE5     1AE5        4     35CA       0
                text47                             10DD     10DD       25     21BA       0
                text46                             1B71     1B71        B     36E2       0
                text45                             1073     1073       22     20E6       0
                text44                             1F1E     1F1E       1D     3E3C       0
                text43                             11A5     11A5       2A     234A       0
                text42                             1384     1384       44     2708       0
                text41                             1AE9     1AE9        4     35D2       0
                text40                             1DBB     1DBB       15     3B76       0
                text39                             1EC8     1EC8       1C     3D90       0
                text38                             1095     1095       23     212A       0
                text37                              875      875       61     10EA       0
                text36                              A6D      A6D       68     14DA       0
                text35                             1C35     1C35        F     386A       0
                text34                             1C93     1C93       10     3926       0
                text33                             1CE4     1CE4       11     39C8       0
                text32                             1E2A     1E2A       18     3C54       0
                text31                             1CA3     1CA3       10     3946       0
                text30                              BBB      BBB       7F     1776       0
                text29                             14A1     14A1       50     2942       0
                text28                              C3A      C3A       81     1874       0
                text27                             1CB3     1CB3       10     3966       0
                text26                             1230     1230       34     2460       0
                text25                              AD5      AD5       6B     15AA       0
                text24                              60E      60E       BE        8       0
                text23                             1AD3     1AD3        3     35A6       0
                text22                             1DE5     1DE5       16     3BCA       0
                text21                             1AF2     1AF2        5     35E4       0
                text20                             1DD0     1DD0       15     3BA0       0
                text19                             1B1F     1B1F        7     363E       0
                text18                             1066     1066        D     20CC       0
                text17                              800      800       15     1000       0
                text16                             1F5B     1F5B       20     3EB6       0
                text15                             1102     1102       27     2204       0
                text14                             1CF5     1CF5       11     39EA       0
                text13                              1ED      1ED      171        8       0
                text12                             1B7C     1B7C        B     36F8       0
                text11                             1AC9     1AC9        1     3592       0
                text10                             1AD6     1AD6        3     35AC       0
                text9                               E9A      E9A       B2     1D34       0
                text8                               7FD      7FD        3        8       0
                text7                                 2        2        2        0       0
                text6                              1CC3     1CC3       10     3986       0
                text5                              1EAD     1EAD       1B     3D5A       0
                text4                               782      782       7B        8       0
                text3                              12D1     12D1       39     25A2       0
                text2                              1C44     1C44        F     3888       0
                text1                              130A     130A       39     2614       0
                maintext                           16E7     16E7       5B     2DCE       0
                cstackBANK0                          20       20       4D       20       1
                cstackCOMMON                         70       70        A       70       1
                cstackBANK1                          EB       EB        2       A0       1
                cstackBANK3                         1EC      1EC        4      1A0       1
                cstackBANK4                         265      265        7      220       1
                inittext                           1AF7     1AF7        6     35EE       0
                clrtext                            1AFD     1AFD        6     35FA       0
                dataBANK4                           245      245       20      220       1
                bssBANK4                            220      220       25      220       1
                bssBANK3                            1A0      1A0       4C      1A0       1
                bssBANK2                            120      120       4D      120       1
                bssBANK1                             A0       A0       4B       A0       1
                bssBANK0                             6D       6D        2       20       1
                bssCOMMON                            7B       7B        1       70       1
                bitbssCOMMON                        3D0       7A        2       70       1     8
                nvBANK0                              6F       6F        1       20       1
                stringtext                         1000     1000       66       20       0
                idataBANK4                         1F7B     1F7B       20     3EF6       0

TOTAL           Name                               Link     Load   Length     Space
        CLASS   STACK          

        CLASS   CONST          

        CLASS   CODE           
                end_init                             20       20        2         0
                cinit                                22       22       33         0
                intentry                              4        4       1C         0
                reset_vec                             0        0        2         0
                text143                            1BCF     1BCF        E         0
                text142                            1BDD     1BDD        E         0
                text141                            1B87     1B87        C         0
                text140                            1542     1542       52         0
                text139                            1594     1594       52         0
                text138                            1F9B     1F9B       21         0
                text136                            1ACA     1ACA        3         0
                text135                            13C8     13C8       46         0
                text134                            1D52     1D52       15         0
                text133                            1AED     1AED        5         0
                text132                            1B26     1B26        8         0
                text131                            1D67     1D67       15         0
                text130                            1BF9     1BF9        F         0
                text129                            1C08     1C08        F         0
                text128                            1CD3     1CD3       11         0
                text127                            1BEB     1BEB        E         0
                text126                             B40      B40       7B         0
                text125                            140E     140E       46         0
                text124                            1639     1639       54         0
                text123                            15E6     15E6       53         0
                text122                            168D     168D       5A         0
                text121                             A05      A05       68         0
                text120                            1B2E     1B2E        8         0
                text119                            1FBC     1FBC       22         0
                text118                            1AC8     1AC8        1         0
                text117                            1B5B     1B5B        B         0
                text116                            11CF     11CF       2E         0
                text115                            1B03     1B03        7         0
                text114                            129A     129A       37         0
                text113                            1D2A     1D2A       14         0
                text112                             815      815       60         0
                text111                            1FDE     1FDE       22         0
                text110                             35E      35E       F6         0
                text109                             D42      D42       A9         0
                text108                            1B36     1B36        9         0
                text107                             CBB      CBB       87         0
                text106                             8D6      8D6       65         0
                text105                            10B8     10B8       25         0
                text104                            1DFB     1DFB       17         0
                text103                            1D06     1D06       12         0
                text102                            1742     1742       5F         0
                text101                            1C53     1C53       10         0
                text100                             6CC      6CC       B6         0
                text99                             14F1     14F1       51         0
                text98                             1C63     1C63       10         0
                text97                              F4C      F4C       B4         0
                text96                              93B      93B       65         0
                text95                             1C17     1C17        F         0
                text94                             1D7C     1D7C       15         0
                text93                             1129     1129       29         0
                text92                             1D91     1D91       15         0
                text91                             1152     1152       29         0
                text90                             1EE4     1EE4       1D         0
                text89                             17A1     17A1       5F         0
                text88                              DEB      DEB       AF         0
                text87                              9A0      9A0       65         0
                text86                             1F3B     1F3B       20         0
                text85                             1C26     1C26        F         0
                text84                              454      454       DE         0
                text83                             1D3E     1D3E       14         0
                text82                             1B3F     1B3F        9         0
                text81                             117B     117B       2A         0
                text80                             1B66     1B66        B         0
                text79                              532      532       DC         0
                text78                             1B93     1B93        C         0
                text77                             1454     1454       4D         0
                text76                             11FD     11FD       33         0
                text75                             1C73     1C73       10         0
                text74                             1B9F     1B9F        C         0
                text73                             1343     1343       41         0
                text72                             1BAB     1BAB        C         0
                text71                             1E5C     1E5C       1B         0
                text70                             1ACD     1ACD        3         0
                text69                             1264     1264       36         0
                text68                             1F01     1F01       1D         0
                text67                             1E77     1E77       1B         0
                text66                             1B0A     1B0A        7         0
                text65                             1B11     1B11        7         0
                text64                             1C83     1C83       10         0
                text63                               55       55      198         0
                text62                             1B18     1B18        7         0
                text61                             1AD9     1AD9        4         0
                text60                             1BB7     1BB7        C         0
                text59                             1E92     1E92       1B         0
                text58                             1BC3     1BC3        C         0
                text57                             1B48     1B48        9         0
                text56                             1D18     1D18       12         0
                text55                             1B51     1B51        A         0
                text54                             1AD0     1AD0        3         0
                text53                             1E12     1E12       18         0
                text52                             1DA6     1DA6       15         0
                text51                             1ADD     1ADD        4         0
                text50                             1E42     1E42       1A         0
                text49                             1AE1     1AE1        4         0
                text48                             1AE5     1AE5        4         0
                text47                             10DD     10DD       25         0
                text46                             1B71     1B71        B         0
                text45                             1073     1073       22         0
                text44                             1F1E     1F1E       1D         0
                text43                             11A5     11A5       2A         0
                text42                             1384     1384       44         0
                text41                             1AE9     1AE9        4         0
                text40                             1DBB     1DBB       15         0
                text39                             1EC8     1EC8       1C         0
                text38                             1095     1095       23         0
                text37                              875      875       61         0
                text36                              A6D      A6D       68         0
                text35                             1C35     1C35        F         0
                text34                             1C93     1C93       10         0
                text33                             1CE4     1CE4       11         0
                text32                             1E2A     1E2A       18         0
                text31                             1CA3     1CA3       10         0
                text30                              BBB      BBB       7F         0
                text29                             14A1     14A1       50         0
                text28                              C3A      C3A       81         0
                text27                             1CB3     1CB3       10         0
                text26                             1230     1230       34         0
                text25                              AD5      AD5       6B         0
                text24                              60E      60E       BE         0
                text23                             1AD3     1AD3        3         0
                text22                             1DE5     1DE5       16         0
                text21                             1AF2     1AF2        5         0
                text20                             1DD0     1DD0       15         0
                text19                             1B1F     1B1F        7         0
                text18                             1066     1066        D         0
                text17                              800      800       15         0
                text16                             1F5B     1F5B       20         0
                text15                             1102     1102       27         0
                text14                             1CF5     1CF5       11         0
                text13                              1ED      1ED      171         0
                text12                             1B7C     1B7C        B         0
                text11                             1AC9     1AC9        1         0
                text10                             1AD6     1AD6        3         0
                text9                               E9A      E9A       B2         0
                text8                               7FD      7FD        3         0
                text7                                 2        2        2         0
                text6                              1CC3     1CC3       10         0
                text5                              1EAD     1EAD       1B         0
                text4                               782      782       7B         0
                text3                              12D1     12D1       39         0
                text2                              1C44     1C44        F         0
                text1                              130A     130A       39         0
                maintext                           16E7     16E7       5B         0
                inittext                           1AF7     1AF7        6         0
                clrtext                            1AFD     1AFD        6         0
                idataBANK4                         1F7B     1F7B       20         0

        CLASS   STRCODE        
                stringtext                         1000     1000       66         0

        CLASS   ENTRY          

        CLASS   STRING         

        CLASS   COMMON         
                cstackCOMMON                         70       70        A         1
                bssCOMMON                            7B       7B        1         1
                bitbssCOMMON                        3D0       7A        2         1

        CLASS   BANK0          
                cstackBANK0                          20       20       4D         1
                bssBANK0                             6D       6D        2         1
                nvBANK0                              6F       6F        1         1

        CLASS   BANK1          
                cstackBANK1                          EB       EB        2         1
                bssBANK1                             A0       A0       4B         1

        CLASS   BANK2          
                bssBANK2                            120      120       4D         1

        CLASS   BANK3          
                cstackBANK3                         1EC      1EC        4         1
                bssBANK3                            1A0      1A0       4C         1

        CLASS   BANK4          
                cstackBANK4                         265      265        7         1
                dataBANK4                           245      245       20         1
                bssBANK4                            220      220       25         1

        CLASS   BANK5          

        CLASS   BANK6          

        CLASS   BANK7          

        CLASS   BANK8          

        CLASS   BANK9          

        CLASS   BANK10         

        CLASS   BANK11         

        CLASS   BANK12         

        CLASS   BIGRAM         

        CLASS   RAM            

        CLASS   ABS1           
                abs_s1                               7E       7E        2         1

        CLASS   SFR0           

        CLASS   SFR1           

        CLASS   SFR2           

        CLASS   SFR3           

        CLASS   SFR4           

        CLASS   SFR5           

        CLASS   SFR6           

        CLASS   SFR7           

        CLASS   SFR8           

        CLASS   SFR9           

        CLASS   SFR10          

        CLASS   SFR11          

        CLASS   SFR12          

        CLASS   SFR13          

        CLASS   SFR14          

        CLASS   SFR15          

        CLASS   SFR16          

        CLASS   SFR17          

        CLASS   SFR18          

        CLASS   SFR19          

        CLASS   SFR20          

        CLASS   SFR21          

        CLASS   SFR22          

        CLASS   SFR23          

        CLASS   SFR24          

        CLASS   SFR25          

        CLASS   SFR26          

        CLASS   SFR27          

        CLASS   SFR28          

        CLASS   SFR29          

        CLASS   SFR30          

        CLASS   SFR31          

        CLASS   CONFIG         
                config                             8007     8007        2         0

        CLASS   IDLOC          

        CLASS   BANK31         

        CLASS   BANK30         

        CLASS   BANK29         

        CLASS   BANK28         

        CLASS   BANK27         

        CLASS   BANK26         

        CLASS   BANK25         

        CLASS   BANK24         

        CLASS   BANK23         

        CLASS   BANK22         

        CLASS   BANK21         

        CLASS   BANK20         

        CLASS   BANK19         

        CLASS   BANK18         

        CLASS   BANK17         

        CLASS   BANK16         

        CLASS   BANK15         

        CLASS   BANK14         

        CLASS   BANK13         

        CLASS   EEDATA         



SEGMENTS        Name                           Load    Length   Top    Selector   Space  Class     Delta

                reset_vec                      000000  000004  000004         0       0  CODE        2
                intentry                       000004  0007FC  000800         8       0  CODE        2
                cstackBANK0                    000020  000050  000070        20       1  BANK0       1
                cstackCOMMON                   000070  00000C  00007C        70       1  COMMON      1
                bssBANK1                       0000A0  00004D  0000ED        A0       1  BANK1       1
                bssBANK2                       000120  00004D  00016D       120       1  BANK2       1
                bssBANK3                       0001A0  000050  0001F0       1A0       1  BANK3       1
                bssBANK4                       000220  00004C  00026C       220       1  BANK4       1
                text17                         000800  000015  000815      1000       0  CODE        2
                text112                        000815  000060  000875      102A       0  CODE        2
                text37                         000875  000061  0008D6      10EA       0  CODE        2
                text106                        0008D6  000065  00093B      11AC       0  CODE        2
                text96                         00093B  000065  0009A0      1276       0  CODE        2
                text87                         0009A0  000065  000A05      1340       0  CODE        2
                text121                        000A05  000068  000A6D      140A       0  CODE        2
                text36                         000A6D  000068  000AD5      14DA       0  CODE        2
                text25                         000AD5  00006B  000B40      15AA       0  CODE        2
                text126                        000B40  00007B  000BBB      1680       0  CODE        2
                text30                         000BBB  00007F  000C3A      1776       0  CODE        2
                text28                         000C3A  000081  000CBB      1874       0  CODE        2
                text107                        000CBB  000087  000D42      1976       0  CODE        2
                text109                        000D42  0000A9  000DEB      1A84       0  CODE        2
                text88                         000DEB  0000AF  000E9A      1BD6       0  CODE        2
                text9                          000E9A  0000B2  000F4C      1D34       0  CODE        2
                text97                         000F4C  0000B4  001000      1E98       0  CODE        2
                stringtext                     001000  000066  001066        20       0  STRCODE     2
                text18                         001066  00000D  001073      20CC       0  CODE        2
                text45                         001073  000022  001095      20E6       0  CODE        2
                text38                         001095  000023  0010B8      212A       0  CODE        2
                text105                        0010B8  000025  0010DD      2170       0  CODE        2
                text47                         0010DD  000025  001102      21BA       0  CODE        2
                text15                         001102  000027  001129      2204       0  CODE        2
                text93                         001129  000029  001152      2252       0  CODE        2
                text91                         001152  000029  00117B      22A4       0  CODE        2
                text81                         00117B  00002A  0011A5      22F6       0  CODE        2
                text43                         0011A5  00002A  0011CF      234A       0  CODE        2
                text116                        0011CF  00002E  0011FD      239E       0  CODE        2
                text76                         0011FD  000033  001230      23FA       0  CODE        2
                text26                         001230  000034  001264      2460       0  CODE        2
                text69                         001264  000036  00129A      24C8       0  CODE        2
                text114                        00129A  000037  0012D1      2534       0  CODE        2
                text3                          0012D1  000039  00130A      25A2       0  CODE        2
                text1                          00130A  000039  001343      2614       0  CODE        2
                text73                         001343  000041  001384      2686       0  CODE        2
                text42                         001384  000044  0013C8      2708       0  CODE        2
                text135                        0013C8  000046  00140E      2790       0  CODE        2
                text125                        00140E  000046  001454      281C       0  CODE        2
                text77                         001454  00004D  0014A1      28A8       0  CODE        2
                text29                         0014A1  000050  0014F1      2942       0  CODE        2
                text99                         0014F1  000051  001542      29E2       0  CODE        2
                text140                        001542  000052  001594      2A84       0  CODE        2
                text139                        001594  000052  0015E6      2B28       0  CODE        2
                text123                        0015E6  000053  001639      2BCC       0  CODE        2
                text124                        001639  000054  00168D      2C72       0  CODE        2
                text122                        00168D  00005A  0016E7      2D1A       0  CODE        2
                maintext                       0016E7  00005B  001742      2DCE       0  CODE        2
                text102                        001742  00005F  0017A1      2E84       0  CODE        2
                text89                         0017A1  00005F  001800      2F42       0  CODE        2
                text118                        001AC8  000001  001AC9      3590       0  CODE        2
                text11                         001AC9  000001  001ACA      3592       0  CODE        2
                text136                        001ACA  000003  001ACD      3594       0  CODE        2
                text70                         001ACD  000003  001AD0      359A       0  CODE        2
                text54                         001AD0  000003  001AD3      35A0       0  CODE        2
                text23                         001AD3  000003  001AD6      35A6       0  CODE        2
                text10                         001AD6  000003  001AD9      35AC       0  CODE        2
                text61                         001AD9  000004  001ADD      35B2       0  CODE        2
                text51                         001ADD  000004  001AE1      35BA       0  CODE        2
                text49                         001AE1  000004  001AE5      35C2       0  CODE        2
                text48                         001AE5  000004  001AE9      35CA       0  CODE        2
                text41                         001AE9  000004  001AED      35D2       0  CODE        2
                text133                        001AED  000005  001AF2      35DA       0  CODE        2
                text21                         001AF2  000005  001AF7      35E4       0  CODE        2
                inittext                       001AF7  000006  001AFD      35EE       0  CODE        2
                clrtext                        001AFD  000006  001B03      35FA       0  CODE        2
                text115                        001B03  000007  001B0A      3606       0  CODE        2
                text66                         001B0A  000007  001B11      3614       0  CODE        2
                text65                         001B11  000007  001B18      3622       0  CODE        2
                text62                         001B18  000007  001B1F      3630       0  CODE        2
                text19                         001B1F  000007  001B26      363E       0  CODE        2
                text132                        001B26  000008  001B2E      364C       0  CODE        2
                text120                        001B2E  000008  001B36      365C       0  CODE        2
                text108                        001B36  000009  001B3F      366C       0  CODE        2
                text82                         001B3F  000009  001B48      367E       0  CODE        2
                text57                         001B48  000009  001B51      3690       0  CODE        2
                text55                         001B51  00000A  001B5B      36A2       0  CODE        2
                text117                        001B5B  00000B  001B66      36B6       0  CODE        2
                text80                         001B66  00000B  001B71      36CC       0  CODE        2
                text46                         001B71  00000B  001B7C      36E2       0  CODE        2
                text12                         001B7C  00000B  001B87      36F8       0  CODE        2
                text141                        001B87  00000C  001B93      370E       0  CODE        2
                text78                         001B93  00000C  001B9F      3726       0  CODE        2
                text74                         001B9F  00000C  001BAB      373E       0  CODE        2
                text72                         001BAB  00000C  001BB7      3756       0  CODE        2
                text60                         001BB7  00000C  001BC3      376E       0  CODE        2
                text58                         001BC3  00000C  001BCF      3786       0  CODE        2
                text143                        001BCF  00000E  001BDD      379E       0  CODE        2
                text142                        001BDD  00000E  001BEB      37BA       0  CODE        2
                text127                        001BEB  00000E  001BF9      37D6       0  CODE        2
                text130                        001BF9  00000F  001C08      37F2       0  CODE        2
                text129                        001C08  00000F  001C17      3810       0  CODE        2
                text95                         001C17  00000F  001C26      382E       0  CODE        2
                text85                         001C26  00000F  001C35      384C       0  CODE        2
                text35                         001C35  00000F  001C44      386A       0  CODE        2
                text2                          001C44  00000F  001C53      3888       0  CODE        2
                text101                        001C53  000010  001C63      38A6       0  CODE        2
                text98                         001C63  000010  001C73      38C6       0  CODE        2
                text75                         001C73  000010  001C83      38E6       0  CODE        2
                text64                         001C83  000010  001C93      3906       0  CODE        2
                text34                         001C93  000010  001CA3      3926       0  CODE        2
                text31                         001CA3  000010  001CB3      3946       0  CODE        2
                text27                         001CB3  000010  001CC3      3966       0  CODE        2
                text6                          001CC3  000010  001CD3      3986       0  CODE        2
                text128                        001CD3  000011  001CE4      39A6       0  CODE        2
                text33                         001CE4  000011  001CF5      39C8       0  CODE        2
                text14                         001CF5  000011  001D06      39EA       0  CODE        2
                text103                        001D06  000012  001D18      3A0C       0  CODE        2
                text56                         001D18  000012  001D2A      3A30       0  CODE        2
                text113                        001D2A  000014  001D3E      3A54       0  CODE        2
                text83                         001D3E  000014  001D52      3A7C       0  CODE        2
                text134                        001D52  000015  001D67      3AA4       0  CODE        2
                text131                        001D67  000015  001D7C      3ACE       0  CODE        2
                text94                         001D7C  000015  001D91      3AF8       0  CODE        2
                text92                         001D91  000015  001DA6      3B22       0  CODE        2
                text52                         001DA6  000015  001DBB      3B4C       0  CODE        2
                text40                         001DBB  000015  001DD0      3B76       0  CODE        2
                text20                         001DD0  000015  001DE5      3BA0       0  CODE        2
                text22                         001DE5  000016  001DFB      3BCA       0  CODE        2
                text104                        001DFB  000017  001E12      3BF6       0  CODE        2
                text53                         001E12  000018  001E2A      3C24       0  CODE        2
                text32                         001E2A  000018  001E42      3C54       0  CODE        2
                text50                         001E42  00001A  001E5C      3C84       0  CODE        2
                text71                         001E5C  00001B  001E77      3CB8       0  CODE        2
                text67                         001E77  00001B  001E92      3CEE       0  CODE        2
                text59                         001E92  00001B  001EAD      3D24       0  CODE        2
                text5                          001EAD  00001B  001EC8      3D5A       0  CODE        2
                text39                         001EC8  00001C  001EE4      3D90       0  CODE        2
                text90                         001EE4  00001D  001F01      3DC8       0  CODE        2
                text68                         001F01  00001D  001F1E      3E02       0  CODE        2
                text44                         001F1E  00001D  001F3B      3E3C       0  CODE        2
                text86                         001F3B  000020  001F5B      3E76       0  CODE        2
                text16                         001F5B  000020  001F7B      3EB6       0  CODE        2
                idataBANK4                     001F7B  000020  001F9B      3EF6       0  CODE        2
                text138                        001F9B  000021  001FBC      3F36       0  CODE        2
                text119                        001FBC  000022  001FDE      3F78       0  CODE        2
                text111                        001FDE  000022  002000      3FBC       0  CODE        2
                config                         008007  000002  008009     1000E       0  CONFIG      2


UNUSED ADDRESS RANGES

        Name                Unused          Largest block    Delta
        BANK1            000ED-000EF               3           1
        BANK10           00520-0056F              50           1
        BANK11           005A0-005EF              50           1
        BANK12           00620-0064F              30           1
        BANK2            0016D-0016F               3           1
        BANK4            0026C-0026F               4           1
        BANK5            002A0-002EF              50           1
        BANK6            00320-0036F              50           1
        BANK7            003A0-003EF              50           1
        BANK8            00420-0046F              50           1
        BANK9            004A0-004EF              50           1
        BIGRAM           02000-023EF             3F0           1
        CODE             01800-01AC7             2C8           2
                         02000-03FFF             800
        COMMON           0007C-0007D               2           1
        CONST            01800-01AC7             100           2
                         02000-03FFF             100
        ENTRY            01800-01AC7             100           2
                         02000-03FFF             100
        IDLOC            08000-08003               4           2
        RAM              000ED-000EF               3           1
                         0016D-0016F               3
                         0026C-0026F               4
                         002A0-002EF              50
                         00320-0036F              50
                         003A0-003EF              50
                         00420-0046F              50
                         004A0-004EF              50
                         00520-0056F              50
                         005A0-005EF              50
                         00620-0064F              30
        SFR0             00000-0001F              20           1
        SFR1             00080-0009F              20           1
        SFR10            00500-0051F              20           1
        SFR11            00580-0059F              20           1
        SFR12            00600-0061F              20           1
        SFR13            00680-006EF              70           1
        SFR14            00700-0076F              70           1
        SFR15            00780-007EF              70           1
        SFR16            00800-0086F              70           1
        SFR17            00880-008EF              70           1
        SFR18            00900-0096F              70           1
        SFR19            00980-009EF              70           1
        SFR2             00100-0011F              20           1
        SFR20            00A00-00A6F              70           1
        SFR21            00A80-00AEF              70           1
        SFR22            00B00-00B6F              70           1
        SFR23            00B80-00BEF              70           1
        SFR24            00C00-00C6F              70           1
        SFR25            00C80-00CEF              70           1
        SFR26            00D00-00D6F              70           1
        SFR27            00D80-00DEF              70           1
        SFR28            00E00-00E6F              70           1
        SFR29            00E80-00EEF              70           1
        SFR3             00180-0019F              20           1
        SFR30            00F00-00F6F              70           1
        SFR31            00F80-00FEF              70           1
        SFR4             00200-0021F              20           1
        SFR5             00280-0029F              20           1
        SFR6             00300-0031F              20           1
        SFR7             00380-0039F              20           1
        SFR8             00400-0041F              20           1
        SFR9             00480-0049F              20           1
        STACK            0218C-0231F             194           1
        STRCODE          01800-01AC7             2C8           2
                         02000-03FFF            2000
        STRING           01800-01AC7             100           2
                         02000-03FFF             100

                                  Symbol Table

?___awdiv                                 cstackCOMMON 00072
?___awtoft                                cstackBANK0  00020
?___ftadd                                 cstackBANK0  00039
?___ftdiv                                 cstackBANK0  00026
?___ftmul                                 cstackBANK0  00026
?___ftneg                                 cstackBANK0  00036
?___ftpack                                cstackCOMMON 00072
?___fttol                                 cstackBANK0  00046
?___lwdiv                                 cstackCOMMON 00072
?___wmul                                  cstackCOMMON 00072
?_getAD                                   cstackCOMMON 00072
?_getBuz_GO                               cstackCOMMON 00072
CC2500_InitPATable@loop_d                 cstackCOMMON 00079
CC2500_InitPATable@temp                   cstackCOMMON 00078
CC2500_InitSetREG@loop_c                  cstackBANK0  00022
CC2500_InitSetREG@temp1                   cstackBANK0  00020
CC2500_InitSetREG@temp2                   cstackBANK0  00021
CC2500_ReadByte@loop_b                    cstackCOMMON 00073
CC2500_ReadStatus@status_addr             cstackCOMMON 00075
CC2500_RxData@loop_f                      cstackCOMMON 00077
CC2500_TxData@loop_e                      cstackCOMMON 00077
CC2500_WriteByte@loop_a                   cstackCOMMON 00073
CC2500_WriteCommand@command               cstackCOMMON 00075
CC2500_WriteREG@value                     cstackCOMMON 00074
CC2500_WriteREG@w_addr                    cstackCOMMON 00076
DelayOffPointSelect@sw                    cstackCOMMON 00073
DelayTime_1us@count                       cstackCOMMON 00072
DelayTime_1us@i                           cstackCOMMON 00074
DelayTime_1us@j                           cstackCOMMON 00076
DimmerLights_SelectPointer@lights         cstackCOMMON 00073
DlyOff_Initialization@sw                  cstackCOMMON 00074
DlyOff_Main@sw                            cstackBANK0  00069
Exception_Main@count                      cstackBANK4  00265
Exception_Main@error                      cstackBANK4  00266
Exception_Main@i                          cstackBANK4  00267
Exception_Main@i_6338                     cstackBANK4  00269
Exception_Main@lights                     cstackBANK4  0026B
Flash_Memory_Initialization@i             cstackBANK0  0005B
Flash_Memory_Modify@i                     cstackCOMMON 00077
Flash_Memory_Read@address                 cstackCOMMON 00074
Flash_Memory_Read@i                       cstackCOMMON 00073
Flash_Memory_Read@ret                     cstackCOMMON 00075
Flash_Memory_Write@i                      cstackCOMMON 00073
LedPointSelect@led                        cstackCOMMON 00073
Load_Main@Load_Status                     cstackBANK0  00023
Load_Main@error                           cstackBANK0  00022
Load_Main@i                               cstackBANK0  00024
SwPointSelect@sw                          cstackCOMMON 00073
_ADCON0                                   (abs)        0009D
_ADCON1                                   (abs)        0009E
_ADC_Set                                  text62       01B18
_ADRESH                                   (abs)        0009C
_ADRESL                                   (abs)        0009B
_ANSELA                                   (abs)        0018C
_ANSELB                                   (abs)        0018D
_ANSELC                                   (abs)        0018E
_Buz1                                     bssBANK1     000AE
_Buzzer_Initialization                    text136      01ACA
_Buzzer_Main                              text135      013C8
_CC2500_ClearRXFIFO                       text49       01AE1
_CC2500_ClearTXFIFO                       text48       01AE5
_CC2500_FrequencyCabr                     text46       01B71
_CC2500_InitPATable                       text44       01F1E
_CC2500_InitSetREG                        text43       011A5
_CC2500_PowerOnInitial                    text40       01DBB
_CC2500_PowerRST                          text42       01384
_CC2500_ReadByte                          text39       01EC8
_CC2500_ReadStatus                        text38       01095
_CC2500_RxData                            text37       00875
_CC2500_SIDLEMode                         text41       01AE9
_CC2500_TxData                            text36       00A6D
_CC2500_WriteByte                         text53       01E12
_CC2500_WriteCommand                      text50       01E42
_CC2500_WriteREG                          text45       01073
_CC2500_patable_vaule                     stringtext   0105E
_CC2500_registers_address                 stringtext   01000
_CC2500_rfSettings                        stringtext   0102F
_CFGS                                     (abs)        00CAE
_CRC                                      bssBANK1     000BF
_Cmd                                      bssBANK1     000C0
_DelayOff                                 bssBANK1     000C1
_DelayOffPointSelect                      text134      01D52
_DelayOff_Initialization                  text132      01B26
_DelayOff_Main                            text120      01B2E
_DelayTime_1us                            text47       010DD
_Dimmer                                   bssBANK2     0012E
_DimmerIntr                               bssCOMMON    0007B
_DimmerIntr1                              bssBANK1     000DD
_DimmerIntr2                              bssBANK1     000E4
_DimmerIntr_Initialization                text119      01FBC
_DimmerLights                             bssBANK0     0006D
_DimmerLights1                            bssBANK3     001BE
_DimmerLights2                            bssBANK3     001C7
_DimmerLights_Initialization              text117      01B5B
_DimmerLights_MOSFET_IOC_1                text143      01BCF
_DimmerLights_MOSFET_IOC_2                text142      01BDD
_DimmerLights_MOSFET_TMR_1                text140      01542
_DimmerLights_MOSFET_TMR_2                text139      01594
_DimmerLights_Main                        text86       01F3B
_DimmerLights_SelectPointer               text131      01D67
_DlyOff_Initialization                    text133      01AED
_DlyOff_Main                              text121      00A05
_DlySw1                                   bssBANK3     001E2
_DlySw2                                   bssBANK3     001E7
_Exception_Main                           text84       00454
_FREE                                     (abs)        00CAC
_FVRCON                                   (abs)        00117
_Flash_Memory_Erasing                     text78       01B93
_Flash_Memory_Initialization              text79       00532
_Flash_Memory_Main                        text76       011FD
_Flash_Memory_Modify                      text77       01454
_Flash_Memory_Read                        text83       01D3E
_Flash_Memory_Unlock                      text82       01B3F
_Flash_Memory_Write                       text81       0117B
_Fosc_Set                                 text61       01AD9
_GIE                                      (abs)        0005F
_GO_nDONE                                 (abs)        004E9
_IOCBF                                    (abs)        00396
_IOCBF2                                   (abs)        01CB2
_IOCBN                                    (abs)        00395
_IOCBP                                    (abs)        00394
_IOCIE                                    (abs)        0005B
_IOCIF                                    (abs)        00058
_IOC_ISR                                  text141      01B87
_IOC_Set                                  text60       01BB7
_IO_Set                                   text59       01E92
_ISR                                      intentry     00004
_LATA                                     (abs)        0010C
_LATB                                     (abs)        0010D
_LATC                                     (abs)        0010E
_LED                                      bssBANK1     000C2
_LED_Initialization                       text74       01B9F
_LED_Main                                 text72       01BAB
_LWLO                                     (abs)        00CAD
_LedPointSelect                           text90       01EE4
_Load                                     bssBANK2     00133
_Load_Initialization                      text70       01ACD
_Load_Main                                text63       00055
_Mcu_Initialization                       text56       01D18
_Memory                                   bssBANK4     00220
_OSCCON                                   (abs)        00099
_PEIE                                     (abs)        0005E
_PMADRH                                   (abs)        00192
_PMADRL                                   (abs)        00191
_PMCON2                                   (abs)        00196
_PMDATH                                   (abs)        00194
_PMDATL                                   (abs)        00193
_PORTA                                    (abs)        0000C
_PORTB                                    (abs)        0000D
_PORTC                                    (abs)        0000E
_RA0                                      (abs)        00060
_RA3                                      (abs)        00063
_RA4                                      (abs)        00064
_RA6                                      (abs)        00066
_RA7                                      (abs)        00067
_RB0                                      (abs)        00068
_RB1                                      (abs)        00069
_RB2                                      (abs)        0006A
_RB3                                      (abs)        0006B
_RB4                                      (abs)        0006C
_RB5                                      (abs)        0006D
_RC0                                      (abs)        00070
_RC1                                      (abs)        00071
_RC2                                      (abs)        00072
_RC4                                      (abs)        00074
_RC5                                      (abs)        00075
_RC7                                      (abs)        00077
_RD                                       (abs)        00CA8
_RF1                                      bssBANK1     000A0
_RF_Count                                 bssBANK2     00131
_RF_Data                                  bssBANK3     001A0
_RF_Initialization                        text54       01AD0
_RF_Main                                  text23       01AD3
_RF_RxDisable                             text35       01C35
_RF_Timeout_Counter                       text52       01DA6
_RSSI                                     bssBANK1     000C3
_Receive_OK                               bitbssCOMMON 003D0
_Rx_Length                                bssBANK1     000C4
_SPI0Buffer                               bssBANK1     000C5
_Sw                                       bssBANK0     0006E
_Sw1                                      bssBANK3     001D0
_Sw2                                      bssBANK3     001D9
_SwDetect                                 bssBANK1     000C6
_SwPointSelect                            text17       00800
_Switch_Initialization                    text18       01066
_Switch_Main                              text12       01B7C
_T1CON                                    (abs)        00018
_TMR1H                                    (abs)        00017
_TMR1IE                                   (abs)        00488
_TMR1IF                                   (abs)        00088
_TMR1L                                    (abs)        00016
_TMR1_ISR                                 text138      01F9B
_TMR1_Set                                 text58       01BC3
_TRISA                                    (abs)        0008C
_TRISB                                    (abs)        0008D
_TRISC                                    (abs)        0008E
_Temp                                     bssBANK1     000CB
_Temp_Initialization                      text10       01AD6
_Temp_Main                                text8        007FD
_Timeout_Counter                          text22       01DE5
_Timer1                                   bssBANK1     000BA
_TouchPower                               text20       01DD0
_Transceive_OK                            bitbssCOMMON 003D1
_Tx_Length                                bssBANK1     000C7
_VarErrLED                                bssBANK2     00161
_VarLED1                                  bssBANK2     00165
_VarLED2                                  bssBANK2     00169
_WDT                                      bssBANK1     000BD
_WDTCON                                   (abs)        00097
_WDT_Clearing                             text7        00002
_WDT_Main                                 text6        01CC3
_WDT_Set                                  text57       01B48
_WPUB                                     (abs)        0020D
_WPUB1                                    (abs)        01069
_WPUB2                                    (abs)        0106A
_WR                                       (abs)        00CA9
_WREN                                     (abs)        00CAA
__CFG_BOREN$OFF                           (abs)        00000
__CFG_FOSC$INTOSC                         (abs)        00000
__CFG_VCAPEN$OFF                          (abs)        00000
__CFG_WDTE$ON                             (abs)        00000
__CFG_WRT$HALF                            (abs)        00000
__Habs1                                   abs1         00000
__Hbank0                                  bank0        00000
__Hbank1                                  bank1        00000
__Hbank10                                 bank10       00000
__Hbank11                                 bank11       00000
__Hbank12                                 bank12       00000
__Hbank13                                 bank13       00000
__Hbank14                                 bank14       00000
__Hbank15                                 bank15       00000
__Hbank16                                 bank16       00000
__Hbank17                                 bank17       00000
__Hbank18                                 bank18       00000
__Hbank19                                 bank19       00000
__Hbank2                                  bank2        00000
__Hbank20                                 bank20       00000
__Hbank21                                 bank21       00000
__Hbank22                                 bank22       00000
__Hbank23                                 bank23       00000
__Hbank24                                 bank24       00000
__Hbank25                                 bank25       00000
__Hbank26                                 bank26       00000
__Hbank27                                 bank27       00000
__Hbank28                                 bank28       00000
__Hbank29                                 bank29       00000
__Hbank3                                  bank3        00000
__Hbank30                                 bank30       00000
__Hbank31                                 bank31       00000
__Hbank4                                  bank4        00000
__Hbank5                                  bank5        00000
__Hbank6                                  bank6        00000
__Hbank7                                  bank7        00000
__Hbank8                                  bank8        00000
__Hbank9                                  bank9        00000
__Hbigram                                 bigram       00000
__HbitbssCOMMON                           bitbssCOMMON 00000
__HbssBANK0                               bssBANK0     00000
__HbssBANK1                               bssBANK1     00000
__HbssBANK2                               bssBANK2     00000
__HbssBANK3                               bssBANK3     00000
__HbssBANK4                               bssBANK4     00000
__HbssCOMMON                              bssCOMMON    00000
__Hcinit                                  cinit        00055
__Hclrtext                                clrtext      00000
__Hcode                                   code         00000
__Hcommon                                 common       00000
__Hconfig                                 config       08009
__HcstackBANK0                            cstackBANK0  00000
__HcstackBANK1                            cstackBANK1  00000
__HcstackBANK3                            cstackBANK3  00000
__HcstackBANK4                            cstackBANK4  00000
__HcstackCOMMON                           cstackCOMMON 00000
__HdataBANK4                              dataBANK4    00000
__Heeprom_data                            eeprom_data  00000
__Hend_init                               end_init     00022
__Hfunctab                                functab      00000
__HidataBANK4                             idataBANK4   00000
__Hidloc                                  idloc        00000
__Hinit                                   init         00020
__Hinittext                               inittext     00000
__Hintentry                               intentry     00020
__Hmaintext                               maintext     00000
__HnvBANK0                                nvBANK0      00000
__Hpowerup                                powerup      00000
__Hram                                    ram          00000
__Hreset_vec                              reset_vec    00002
__Hsfr0                                   sfr0         00000
__Hsfr1                                   sfr1         00000
__Hsfr10                                  sfr10        00000
__Hsfr11                                  sfr11        00000
__Hsfr12                                  sfr12        00000
__Hsfr13                                  sfr13        00000
__Hsfr14                                  sfr14        00000
__Hsfr15                                  sfr15        00000
__Hsfr16                                  sfr16        00000
__Hsfr17                                  sfr17        00000
__Hsfr18                                  sfr18        00000
__Hsfr19                                  sfr19        00000
__Hsfr2                                   sfr2         00000
__Hsfr20                                  sfr20        00000
__Hsfr21                                  sfr21        00000
__Hsfr22                                  sfr22        00000
__Hsfr23                                  sfr23        00000
__Hsfr24                                  sfr24        00000
__Hsfr25                                  sfr25        00000
__Hsfr26                                  sfr26        00000
__Hsfr27                                  sfr27        00000
__Hsfr28                                  sfr28        00000
__Hsfr29                                  sfr29        00000
__Hsfr3                                   sfr3         00000
__Hsfr30                                  sfr30        00000
__Hsfr31                                  sfr31        00000
__Hsfr4                                   sfr4         00000
__Hsfr5                                   sfr5         00000
__Hsfr6                                   sfr6         00000
__Hsfr7                                   sfr7         00000
__Hsfr8                                   sfr8         00000
__Hsfr9                                   sfr9         00000
__Hspace_0                                (abs)        08009
__Hspace_1                                (abs)        003D2
__Hspace_2                                (abs)        00000
__Hspace_3                                (abs)        00000
__Hstack                                  stack        00000
__Hstrings                                strings      00000
__Hstringtext                             stringtext   00000
__Htext                                   text         00000
__Labs1                                   abs1         00000
__Lbank0                                  bank0        00000
__Lbank1                                  bank1        00000
__Lbank10                                 bank10       00000
__Lbank11                                 bank11       00000
__Lbank12                                 bank12       00000
__Lbank13                                 bank13       00000
__Lbank14                                 bank14       00000
__Lbank15                                 bank15       00000
__Lbank16                                 bank16       00000
__Lbank17                                 bank17       00000
__Lbank18                                 bank18       00000
__Lbank19                                 bank19       00000
__Lbank2                                  bank2        00000
__Lbank20                                 bank20       00000
__Lbank21                                 bank21       00000
__Lbank22                                 bank22       00000
__Lbank23                                 bank23       00000
__Lbank24                                 bank24       00000
__Lbank25                                 bank25       00000
__Lbank26                                 bank26       00000
__Lbank27                                 bank27       00000
__Lbank28                                 bank28       00000
__Lbank29                                 bank29       00000
__Lbank3                                  bank3        00000
__Lbank30                                 bank30       00000
__Lbank31                                 bank31       00000
__Lbank4                                  bank4        00000
__Lbank5                                  bank5        00000
__Lbank6                                  bank6        00000
__Lbank7                                  bank7        00000
__Lbank8                                  bank8        00000
__Lbank9                                  bank9        00000
__Lbigram                                 bigram       00000
__LbitbssCOMMON                           bitbssCOMMON 00000
__LbssBANK0                               bssBANK0     00000
__LbssBANK1                               bssBANK1     00000
__LbssBANK2                               bssBANK2     00000
__LbssBANK3                               bssBANK3     00000
__LbssBANK4                               bssBANK4     00000
__LbssCOMMON                              bssCOMMON    00000
__Lcinit                                  cinit        00022
__Lclrtext                                clrtext      00000
__Lcode                                   code         00000
__Lcommon                                 common       00000
__Lconfig                                 config       08007
__LcstackBANK0                            cstackBANK0  00000
__LcstackBANK1                            cstackBANK1  00000
__LcstackBANK3                            cstackBANK3  00000
__LcstackBANK4                            cstackBANK4  00000
__LcstackCOMMON                           cstackCOMMON 00000
__LdataBANK4                              dataBANK4    00000
__Leeprom_data                            eeprom_data  00000
__Lend_init                               end_init     00020
__Lfunctab                                functab      00000
__LidataBANK4                             idataBANK4   00000
__Lidloc                                  idloc        00000
__Linit                                   init         00020
__Linittext                               inittext     00000
__Lintentry                               intentry     00004
__Lmaintext                               maintext     00000
__LnvBANK0                                nvBANK0      00000
__Lpowerup                                powerup      00000
__Lram                                    ram          00000
__Lreset_vec                              reset_vec    00000
__Lsfr0                                   sfr0         00000
__Lsfr1                                   sfr1         00000
__Lsfr10                                  sfr10        00000
__Lsfr11                                  sfr11        00000
__Lsfr12                                  sfr12        00000
__Lsfr13                                  sfr13        00000
__Lsfr14                                  sfr14        00000
__Lsfr15                                  sfr15        00000
__Lsfr16                                  sfr16        00000
__Lsfr17                                  sfr17        00000
__Lsfr18                                  sfr18        00000
__Lsfr19                                  sfr19        00000
__Lsfr2                                   sfr2         00000
__Lsfr20                                  sfr20        00000
__Lsfr21                                  sfr21        00000
__Lsfr22                                  sfr22        00000
__Lsfr23                                  sfr23        00000
__Lsfr24                                  sfr24        00000
__Lsfr25                                  sfr25        00000
__Lsfr26                                  sfr26        00000
__Lsfr27                                  sfr27        00000
__Lsfr28                                  sfr28        00000
__Lsfr29                                  sfr29        00000
__Lsfr3                                   sfr3         00000
__Lsfr30                                  sfr30        00000
__Lsfr31                                  sfr31        00000
__Lsfr4                                   sfr4         00000
__Lsfr5                                   sfr5         00000
__Lsfr6                                   sfr6         00000
__Lsfr7                                   sfr7         00000
__Lsfr8                                   sfr8         00000
__Lsfr9                                   sfr9         00000
__Lspace_0                                (abs)        00000
__Lspace_1                                (abs)        00000
__Lspace_2                                (abs)        00000
__Lspace_3                                (abs)        00000
[...]
      Temps:          1       0       0       0       0       0       0       0       0       0       0       0       0       0
      Totals:         1       0       0       0       0       0       0       0       0       0       0       0       0       0
Total ram usage:        1 bytes
 Hardware stack levels used:    1
 Hardware stack levels required when called:    3
 This function calls:
		Nothing
 This function is called by:
		_main
 This function uses a non-reentrant model


 *************** function _Buzzer_Initialization *****************
 Defined at:
		line 11 in file "../src/Buzzer_B1.c"
 Parameters:    Size  Location     Type
		None
 Auto vars:     Size  Location     Type
		None
 Return value:  Size  Location     Type
		None               void
 Registers used:
		None
 Tracked objects:
		On entry : 
		On exit  : 
		Unchanged: 
 Data sizes:     COMMON   BANK0   BANK1   BANK2   BANK3   BANK4   BANK5   BANK6   BANK7   BANK8   BANK9  BANK10  BANK11  BANK12
      Params:         0       0       0       0       0       0       0       0       0       0       0       0       0       0
      Locals:         0       0       0       0       0       0       0       0       0       0       0       0       0       0
      Temps:          0       0       0       0       0       0       0       0       0       0       0       0       0       0
      Totals:         0       0       0       0       0       0       0       0       0       0       0       0       0       0
Total ram usage:        0 bytes
 Hardware stack levels used:    1
 Hardware stack levels required when called:    3
 This function calls:
		Nothing
 This function is called by:
		_main
 This function uses a non-reentrant model


 *************** function _ISR *****************
 Defined at:
		line 112 in file "../src/MCU_B1.c"
 Parameters:    Size  Location     Type
		None
 Auto vars:     Size  Location     Type
		None
 Return value:  Size  Location     Type
		None               void
 Registers used:
		wreg, fsr1l, fsr1h, status,2, status,0, pclath, cstack
 Tracked objects:
		On entry : 
		On exit  : 
		Unchanged: 
 Data sizes:     COMMON   BANK0   BANK1   BANK2   BANK3   BANK4   BANK5   BANK6   BANK7   BANK8   BANK9  BANK10  BANK11  BANK12
      Params:         0       0       0       0       0       0       0       0       0       0       0       0       0       0
      Locals:         0       0       0       0       0       0       0       0       0       0       0       0       0       0
      Temps:          1       0       0       0       0       0       0       0       0       0       0       0       0       0
      Totals:         1       0       0       0       0       0       0       0       0       0       0       0       0       0
Total ram usage:        1 bytes
 Hardware stack levels used:    1
 Hardware stack levels required when called:    2
 This function calls:
		_IOC_ISR
		_TMR1_ISR
 This function is called by:
		Interrupt level 1
 This function uses a non-reentrant model


 *************** function _TMR1_ISR *****************
 Defined at:
		line 231 in file "../src/MCU_B1.c"
 Parameters:    Size  Location     Type
		None
 Auto vars:     Size  Location     Type
		None
 Return value:  Size  Location     Type
		None               void
 Registers used:
		wreg, fsr1l, fsr1h, status,2, status,0, pclath, cstack
 Tracked objects:
		On entry : 
		On exit  : 
		Unchanged: 
 Data sizes:     COMMON   BANK0   BANK1   BANK2   BANK3   BANK4   BANK5   BANK6   BANK7   BANK8   BANK9  BANK10  BANK11  BANK12
      Params:         0       0       0       0       0       0       0       0       0       0       0       0       0       0
      Locals:         0       0       0       0       0       0       0       0       0       0       0       0       0       0
      Temps:          0       0       0       0       0       0       0       0       0       0       0       0       0       0
      Totals:         0       0       0       0       0       0       0       0       0       0       0       0       0       0
Total ram usage:        0 bytes
 Hardware stack levels used:    1
 Hardware stack levels required when called:    1
 This function calls:
		_DimmerLights_MOSFET_TMR_1
		_DimmerLights_MOSFET_TMR_2
 This function is called by:
		_ISR
 This function uses a non-reentrant model


 *************** function _DimmerLights_MOSFET_TMR_2 *****************
 Defined at:
		line 1260 in file "../src/Dimmer_B1.c"
 Parameters:    Size  Location     Type
		None
 Auto vars:     Size  Location     Type
		None
 Return value:  Size  Location     Type
		None               void
 Registers used:
		wreg, status,2, status,0
 Tracked objects:
		On entry : 
		On exit  : 
		Unchanged: 
 Data sizes:     COMMON   BANK0   BANK1   BANK2   BANK3   BANK4   BANK5   BANK6   BANK7   BANK8   BANK9  BANK10  BANK11  BANK12
      Params:         0       0       0       0       0       0       0       0       0       0       0       0       0       0
      Locals:         0       0       0       0       0       0       0       0       0       0       0       0       0       0
      Temps:          1       0       0       0       0       0       0       0       0       0       0       0       0       0
      Totals:         1       0       0       0       0       0       0       0       0       0       0       0       0       0
Total ram usage:        1 bytes
 Hardware stack levels used:    1
 This function calls:
		Nothing
 This function is called by:
		_TMR1_ISR
 This function uses a non-reentrant model


 *************** function _DimmerLights_MOSFET_TMR_1 *****************
 Defined at:
		line 1191 in file "../src/Dimmer_B1.c"
 Parameters:    Size  Location     Type
		None
 Auto vars:     Size  Location     Type
		None
 Return value:  Size  Location     Type
		None               void
 Registers used:
		wreg, status,2, status,0
 Tracked objects:
		On entry : 
		On exit  : 
		Unchanged: 
 Data sizes:     COMMON   BANK0   BANK1   BANK2   BANK3   BANK4   BANK5   BANK6   BANK7   BANK8   BANK9  BANK10  BANK11  BANK12
      Params:         0       0       0       0       0       0       0       0       0       0       0       0       0       0
      Locals:         0       0       0       0       0       0       0       0       0       0       0       0       0       0
      Temps:          1       0       0       0       0       0       0       0       0       0       0       0       0       0
      Totals:         1       0       0       0       0       0       0       0       0       0       0       0       0       0
Total ram usage:        1 bytes
 Hardware stack levels used:    1
 This function calls:
		Nothing
 This function is called by:
		_TMR1_ISR
 This function uses a non-reentrant model


 *************** function _IOC_ISR *****************
 Defined at:
		line 397 in file "../src/MCU_B1.c"
 Parameters:    Size  Location     Type
		None
 Auto vars:     Size  Location     Type
		None
 Return value:  Size  Location     Type
		None               void
 Registers used:
		status,2, status,0, pclath, cstack
 Tracked objects:
		On entry : 
		On exit  : 
		Unchanged: 
 Data sizes:     COMMON   BANK0   BANK1   BANK2   BANK3   BANK4   BANK5   BANK6   BANK7   BANK8   BANK9  BANK10  BANK11  BANK12
      Params:         0       0       0       0       0       0       0       0       0       0       0       0       0       0
      Locals:         0       0       0       0       0       0       0       0       0       0       0       0       0       0
      Temps:          0       0       0       0       0       0       0       0       0       0       0       0       0       0
      Totals:         0       0       0       0       0       0       0       0       0       0       0       0       0       0
Total ram usage:        0 bytes
 Hardware stack levels used:    1
 Hardware stack levels required when called:    1
 This function calls:
		_DimmerLights_MOSFET_IOC_1
		_DimmerLights_MOSFET_IOC_2
 This function is called by:
		_ISR
 This function uses a non-reentrant model


 *************** function _DimmerLights_MOSFET_IOC_2 *****************
 Defined at:
		line 1313 in file "../src/Dimmer_B1.c"
 Parameters:    Size  Location     Type
		None
 Auto vars:     Size  Location     Type
		None
 Return value:  Size  Location     Type
		None               void
 Registers used:
		None
 Tracked objects:
		On entry : 
		On exit  : 
		Unchanged: 
 Data sizes:     COMMON   BANK0   BANK1   BANK2   BANK3   BANK4   BANK5   BANK6   BANK7   BANK8   BANK9  BANK10  BANK11  BANK12
      Params:         0       0       0       0       0       0       0       0       0       0       0       0       0       0
      Locals:         0       0       0       0       0       0       0       0       0       0       0       0       0       0
      Temps:          0       0       0       0       0       0       0       0       0       0       0       0       0       0
      Totals:         0       0       0       0       0       0       0       0       0       0       0       0       0       0
Total ram usage:        0 bytes
 Hardware stack levels used:    1
 This function calls:
		Nothing
 This function is called by:
		_IOC_ISR
 This function uses a non-reentrant model


 *************** function _DimmerLights_MOSFET_IOC_1 *****************
 Defined at:
		line 1244 in file "../src/Dimmer_B1.c"
 Parameters:    Size  Location     Type
		None
 Auto vars:     Size  Location     Type
		None
 Return value:  Size  Location     Type
		None               void
 Registers used:
		None
 Tracked objects:
		On entry : 
		On exit  : 
		Unchanged: 
 Data sizes:     COMMON   BANK0   BANK1   BANK2   BANK3   BANK4   BANK5   BANK6   BANK7   BANK8   BANK9  BANK10  BANK11  BANK12
      Params:         0       0       0       0       0       0       0       0       0       0       0       0       0       0
      Locals:         0       0       0       0       0       0       0       0       0       0       0       0       0       0
      Temps:          0       0       0       0       0       0       0       0       0       0       0       0       0       0
      Totals:         0       0       0       0       0       0       0       0       0       0       0       0       0       0
Total ram usage:        0 bytes
 Hardware stack levels used:    1
 This function calls:
		Nothing
 This function is called by:
		_IOC_ISR
 This function uses a non-reentrant model



MODULE INFORMATION

Module		Function		Class		Link	Load	Size
C:\Program Files (x86)\Microchip\xc8\v1.32\sources\common\float.c
		___ftpack      		CODE           	0815	0000	96

C:\Program Files (x86)\Microchip\xc8\v1.32\sources\common\float.c estimated size: 96

../src/OverLoad_B1.c
		_getLoad_AD    		CODE           	0782	0000	123
		_getLoad_OK    		CODE           	1B03	0000	7
		_Load_Initializ		CODE           	1ACD	0000	3
		_Load_Main     		CODE           	0055	0000	408
		_setLoad_AH_AL_		CODE           	1E5C	0000	27

../src/OverLoad_B1.c estimated size: 568

C:\Program Files (x86)\Microchip\xc8\v1.32\sources\common\awtoft.c
		___awtoft      		CODE           	1FDE	0000	34

C:\Program Files (x86)\Microchip\xc8\v1.32\sources\common\awtoft.c estimated size: 34

../src/MCU_B1.c
		_Fosc_Set      		CODE           	1AD9	0000	4
		_IO_Set        		CODE           	1E92	0000	27
		_WDT_Set       		CODE           	1B48	0000	9
		_WDT_Main      		CODE           	1CC3	0000	16
		_ADC_Set       		CODE           	1B18	0000	7
		_IOC_ISR       		CODE           	1B87	0000	12
		_ISR           		CODE           	0004	0000	28
		_Flash_Memory_W		CODE           	117B	0000	42
		_Flash_Memory_M		CODE           	1454	0000	77
		_IOC_Set       		CODE           	1BB7	0000	12
		_WDT_Clearing  		CODE           	0002	0000	2
		_setMemory_Modi		CODE           	1CA3	0000	16
		_Mcu_Initializa		CODE           	1D18	0000	18
		_setMemory_Data		CODE           	1B66	0000	11
		_Flash_Memory_I		CODE           	0532	0000	220
		_getAD         		CODE           	1EAD	0000	27
		_TMR1_Set      		CODE           	1BC3	0000	12
		_setMemory_Loop		CODE           	1CB3	0000	16
		_Flash_Memory_U		CODE           	1B3F	0000	9
		_Flash_Memory_R		CODE           	1D3E	0000	20
		_Flash_Memory_E		CODE           	1B93	0000	12
		_TMR1_ISR      		CODE           	1F9B	0000	33
		_Flash_Memory_M		CODE           	11FD	0000	51

../src/MCU_B1.c estimated size: 681

C:\Program Files (x86)\Microchip\xc8\v1.32\sources\common\ftmul.c
		___ftmul       		CODE           	0F4C	0000	180

C:\Program Files (x86)\Microchip\xc8\v1.32\sources\common\ftmul.c estimated size: 180

../src/Buzzer_B1.c
		_Buzzer_Main   		CODE           	13C8	0000	70
		_setBuz        		CODE           	15E6	0000	83
		_getBuz_GO     		CODE           	1C93	0000	16
		_Buzzer_Initial		CODE           	1ACA	0000	3

../src/Buzzer_B1.c estimated size: 172

../src/LED_B1.c
		_setLED        		CODE           	17A1	0000	95
		_LED_Main      		CODE           	1BAB	0000	12
		_setLED_Initial		CODE           	1C73	0000	16
		_LedPointSelect		CODE           	1EE4	0000	29
		_setLED_Main   		CODE           	1343	0000	65
		_LED_Initializa		CODE           	1B9F	0000	12

../src/LED_B1.c estimated size: 229

../src/OverTemperature_B1.c
		_Temp_Initializ		CODE           	1AD6	0000	3
		_Temp_Main     		CODE           	07FD	0000	3
		_setTemp_Initia		CODE           	1AC9	0000	1
		_getTemp_AD    		CODE           	12D1	0000	57
		_setTemp_Main  		CODE           	0E9A	0000	178

../src/OverTemperature_B1.c estimated size: 242

../src/CC2500_B1.c
		_DelayTime_1us 		CODE           	10DD	0000	37
		_CC2500_Frequen		CODE           	1B71	0000	11
		_CC2500_SIDLEMo		CODE           	1AE9	0000	4
		_CC2500_PowerOn		CODE           	1DBB	0000	21
		_CC2500_WriteBy		CODE           	1E12	0000	24
		_CC2500_RxData 		CODE           	0875	0000	97
		_CC2500_TxData 		CODE           	0A6D	0000	104
		_CC2500_ClearRX		CODE           	1AE1	0000	4
		_CC2500_ClearTX		CODE           	1AE5	0000	4
		_CC2500_InitPAT		CODE           	1F1E	0000	29
		_CC2500_WriteRE		CODE           	1073	0000	34
		_CC2500_ReadSta		CODE           	1095	0000	35
		_CC2500_PowerRS		CODE           	1384	0000	68
		_CC2500_ReadByt		CODE           	1EC8	0000	28
		_CC2500_InitSet		CODE           	11A5	0000	42
		_CC2500_WriteCo		CODE           	1E42	0000	26

../src/CC2500_B1.c estimated size: 568

C:\Program Files (x86)\Microchip\xc8\v1.32\sources\common\fttol.c
		___fttol       		CODE           	0CBB	0000	135

C:\Program Files (x86)\Microchip\xc8\v1.32\sources\common\fttol.c estimated size: 135

C:\Program Files (x86)\Microchip\xc8\v1.32\sources\common\lwdiv.c
		___lwdiv       		CODE           	1264	0000	54

C:\Program Files (x86)\Microchip\xc8\v1.32\sources\common\lwdiv.c estimated size: 54

../src/RF_Control_B1.c
		_RF_Initializat		CODE           	1AD0	0000	3
		_getRxData     		CODE           	0AD5	0000	107
		_setRF_Main    		CODE           	060E	0000	190
		_getRF_KeyStatu		CODE           	1CE4	0000	17
		_setRF_Initiali		CODE           	1B51	0000	10
		_setTxData     		CODE           	06CC	0000	182
		_setRF_TimeoutC		CODE           	1ADD	0000	4
		_RF_Timeout_Cou		CODE           	1DA6	0000	21
		_setRFSW_Contro		CODE           	14A1	0000	80
		_setRF_Learn   		CODE           	1CF5	0000	17
		_setRF_Transcei		CODE           	1C53	0000	16
		_RF_Main       		CODE           	1AD3	0000	3
		_setRFSW_AdjCon		CODE           	0BBB	0000	127
		_setRF_DimmerLi		CODE           	1742	0000	95
		_setControl_Lig		CODE           	0C3A	0000	129
		_setLog_Code   		CODE           	1230	0000	52
		_RF_RxDisable  		CODE           	1C35	0000	15

../src/RF_Control_B1.c estimated size: 1068

C:\Program Files (x86)\Microchip\xc8\v1.32\sources\common\awdiv.c
		___awdiv       		CODE           	1639	0000	84

C:\Program Files (x86)\Microchip\xc8\v1.32\sources\common\awdiv.c estimated size: 84

C:\Program Files (x86)\Microchip\xc8\v1.32\sources\common\ftadd.c
		___ftadd       		CODE           	035E	0000	246

C:\Program Files (x86)\Microchip\xc8\v1.32\sources\common\ftadd.c estimated size: 246

C:\Program Files (x86)\Microchip\xc8\v1.32\sources\common\Umul16.c
		___wmul        		CODE           	1F01	0000	29

C:\Program Files (x86)\Microchip\xc8\v1.32\sources\common\Umul16.c estimated size: 29

../src/main_B1.c
		_Exception_Main		CODE           	0454	0000	222
		_my_MainTimer  		CODE           	130A	0000	57
		_setProductData		CODE           	1BEB	0000	14
		_main          		CODE           	16E7	0000	91
		_Timeout_Counte		CODE           	1DE5	0000	22
		_myMain_Initial		CODE           	1C44	0000	15
		_getMain_All_Er		CODE           	11CF	0000	46
		_set_TimeoutCle		CODE           	1AF2	0000	5
		_getCmd_Status 		CODE           	1C63	0000	16
		_getMain_Lights		CODE           	1C83	0000	16
		_getMain_All_Li		CODE           	1C17	0000	15
		_setCmd_Status 		CODE           	1D7C	0000	21

../src/main_B1.c estimated size: 540

C:\Program Files (x86)\Microchip\xc8\v1.32\sources\common\Umul8.c
		___bmul        		CODE           	1CD3	0000	17

C:\Program Files (x86)\Microchip\xc8\v1.32\sources\common\Umul8.c estimated size: 17

shared
		_CC2500_patable		STRCODE        	105E	0000	8
		_CC2500_rfSetti		STRCODE        	102F	0000	47
		__initializatio		CODE           	0022	0000	47
		_CC2500_registe		STRCODE        	1000	0000	47

shared estimated size: 149

C:\Program Files (x86)\Microchip\xc8\v1.32\sources\common\ftneg.c
		___ftneg       		CODE           	1B36	0000	9

C:\Program Files (x86)\Microchip\xc8\v1.32\sources\common\ftneg.c estimated size: 9

../src/Switch_B1.c
		_Switch_Main   		CODE           	1B7C	0000	11
		_SwPointSelect 		CODE           	0800	0000	21
		_TouchPower    		CODE           	1DD0	0000	21
		_setSw_Main    		CODE           	01ED	0000	369
		_getSw_KeyStatu		CODE           	1F5B	0000	32
		_setSw_Initiali		CODE           	1B1F	0000	7
		_Switch_Initial		CODE           	1066	0000	13

../src/Switch_B1.c estimated size: 474

../src/Dimmer_B1.c
		_getDimmerLight		CODE           	1BF9	0000	15
		_DimmerLights_S		CODE           	1D67	0000	21
		_setDimmerLight		CODE           	140E	0000	70
		_setDimmerIntr_		CODE           	1152	0000	41
		_DimmerLights_M		CODE           	1F3B	0000	32
		_DimmerLights_M		CODE           	1542	0000	82
		_DimmerLights_M		CODE           	1594	0000	82
		_setDimmerLight		CODE           	168D	0000	90
		_DimmerIntr_Ini		CODE           	1FBC	0000	34
		_getDimmerIntr_		CODE           	1D2A	0000	20
		_getAll_DimmerI		CODE           	1E77	0000	27
		_getDimmerLight		CODE           	1C26	0000	15
		_setDimmerIntr_		CODE           	1DFB	0000	23
		_setDimmerIntr_		CODE           	1D91	0000	21
		_setDimmerLight		CODE           	1D06	0000	18
		_getDimmerLight		CODE           	08D6	0000	101
		_getDimmerLight		CODE           	093B	0000	101
		_getDimmer_Load		CODE           	1B0A	0000	7
		_setDimmerLight		CODE           	1AC8	0000	1
		_DimmerLights_M		CODE           	1BCF	0000	14
		_DimmerLights_M		CODE           	1BDD	0000	14
		_setDimmerLight		CODE           	14F1	0000	81
		_setDimmerLight		CODE           	1102	0000	39
		_setDimmerLight		CODE           	1E2A	0000	24
		_DimmerLights_I		CODE           	1B5B	0000	11
		_getDimmer_Load		CODE           	1B11	0000	7
		_setDimmerLight		CODE           	09A0	0000	101
		_setDimmerIntr_		CODE           	10B8	0000	37
		_getDimmerLight		CODE           	129A	0000	55
		_setDimmerLight		CODE           	0DEB	0000	175
		_setDimmerIntr_		CODE           	1129	0000	41

../src/Dimmer_B1.c estimated size: 1400

../src/DelayOff_B1.c
		_DelayOff_Initi		CODE           	1B26	0000	8
		_DlyOff_Main   		CODE           	0A05	0000	104
		_DelayOff_Main 		CODE           	1B2E	0000	8
		_DelayOffPointS		CODE           	1D52	0000	21
		_getDelayOff_GO		CODE           	1C08	0000	15
		_setDelayOff_GO		CODE           	0B40	0000	123
		_DlyOff_Initial		CODE           	1AED	0000	5

../src/DelayOff_B1.c estimated size: 284

C:\Program Files (x86)\Microchip\xc8\v1.32\sources\pic\ftdiv.c
		___ftdiv       		CODE           	0D42	0000	169

C:\Program Files (x86)\Microchip\xc8\v1.32\sources\pic\ftdiv.c estimated size: 169

